Starting QAOA benchmark with global start time: 1787930366.715768
Benchmark parameters: {'optimiser': 'adam', 'optimiser_use_heuristic': False, 'heuristic_optimiser_iterations': None, 'heuristic_optimiser_sampleSize': None, 'circuit_type': 'hamqaoa', 'parameter_vector': [1, 1, 1], 'iterations_list': [75], 'learning_rate_adam': 0.01, 'depth_list': [1, 2, 3, 4, 5], 'n_start': None, 'n_end': None, 'singlet_injection': False, 'start_index_singlet': None, 'warm_start': True, 'warm_start_mode': 'amplified_king', 'lasserre_level': 2, 'initial_solver_level_M': 2, 'sdp_seed': 42, 'sdp_solver_mode': 'scs', 'sdp_scs_eps': 1e-06, 'sdp_scs_max_iters': 100000, 'warm_start_corr_strength': None, 'warm_start_corr_repeats': None, 'compare_with_010101': False, 'init_QAOAparams_close_to_zero': False, 'use_correlations_as_initial_params': False, 'time_limit': None, 'failed_instance_termination_thrsh': None, 'graph_generation_type': 'hog', 'weighted': False, 'easiest_first': False, 'cpu_util_threshold': None, 'debug': False, 'save_circuit_svg': False, 'rerun_exclude_finished_instances': False, 'warm_start_cache_producer_only': False, 'qaoa_only_from_existing_warm_start_cache': True, 'optimiser_debug_iterations': None, 'num_repeats': 1, 'relative_graph_adjList_path': 'HOG_graphs/triangleFree_connected_4to8vertices_176instances_AdjacencyList.txt', 'persistent_warm_start_cache': True, 'warm_start_cache_dir': 'Results/warm_start_cache', 'warm_start_cache_max_file_mb': 512, 'warm_start_cache_max_total_gb': 60, 'sdp_max_parallel': 0, 'qaoa_max_parallel': 16, 'sdp_threads': 1, 'qaoa_threads': 1, 'sdp_memory_limit_total_gb': 0, 'sdp_memory_limit_single_gb': 0, 'sdp_memory_poll_seconds': 5, 'sdp_max_retries': 0, 'queue_poll_interval_seconds': 5, 'max_graph_vertices': 10, 'completed_result_csv_paths': [], 'qaoa_seed': 42, 'initialise_standard_warm_start_with_zero_angles': True, 'result_name_suffix': '_Exp6_KingAmplifiedNoHeuristicAllZeroInitial'}, Running QAOA with equal superposition
Benchmark run ID: fcd4b39f
Benchmark repeat index: 1
Configured SDP rounding seed: 42
QAOA seed used: 42
Processor: x86_64
Hostname: dacsgpu0002
Total RAM (GB): None
Physical cores: 64
Logical cores: 64
Python version: 3.11.15
Initialisation time: 0.00 seconds; started at stardate {'initialisation': 0.003947734832763672} and finished at stardate1787930366.7197213
Loaded HOG graph index 172 with 8 edges.
Instance generation for n=172 took 0.00 seconds; started at stardate 1787930366.7197258 and finished at stardate 1787930366.7238429
Running QAOA for n=8 nodes, m=8 edges...; Max iterations: 75
Warm-start cache: loading Results/warm_start_cache/triangleFree_connected_4to8vertices_176instances_AdjacencyList__filehash_279b7452/hog_idx000172_19e041031b21_seed42_L2_M2_amplified.npz
Warm-start cache: loaded in 0.0105 seconds; effective compute time=595.5840582847595
Edges: [(2, 3), (1, 6), (5, 7), (4, 6), (4, 5), (3, 7), (0, 5), (6, 7)], weights: [1.0, 1.0, 1.0, 1.0, 1.0, 1.0, 1.0, 1.0], set of nodes: {0, 1, 2, 3, 4, 5, 6, 7}, n: 8 nodes, p: 3 layers, N_bayes: 75 iterations
Solving for uuid: 91c6d1fe
Initial state injected as warm start
Ignoring initialise_standard_warm_start_with_zero_angles because this run has no active standard warm start; using the normal Adam initialization.
Running ADAM optimization with a single iteration (no debug loop)
7.337101167820827
QAOA optimisation for n=172 took 17.39 seconds; started at stardate 1787930366.723847 and finished at stardate 1787930384.1117337
Finished QAOA for n=8 nodes, m=8 edges at 2026-08-28 17:19:44 on x86_64. Time taken: 17.39 seconds. Hours: 0.00 hours. Peak RAM: 0.27 MB.
Unknown graph type for approximation ratio calculation; checking misc CSV.
Checking optimal_results_misc.csv for matching edges and weights...
Found matching exact result in misc CSV: 5.344214779409648
CSV writing for n=172 took 0.01 seconds; started at stardate 1787930384.1117427 and finished at stardate 1787930384.1194353
results: {172: 7.337101167820827}
durations: {8: 17.38789176940918}
Results saved to: Results/logs/adam/qaoa_results_adam_20260828_155959_pid21847_Exp6_KingAmplifiedNoHeuristicAllZeroInitial.csv
Global end time: 1787930384.119449
Finalisation time: 0.00 seconds; started at stardate 1787930384.1194396 and finished at stardate 1787930384.1194532
Sum of all section times: 17.40 seconds
run_id: fcd4b39f
