/home/i6408800/MasterThesis/QAOA/Code/Circuit.py:192: UserWarning: No classical warm-start cut provided for HAMQAOA; using random cut values for fourth HAMQAOA gate. This may lead to suboptimal performance and may be unintentional if a classical warm start was intended.
  warnings.warn(
Starting QAOA benchmark with global start time: 1788784690.8380377
Benchmark parameters: {'optimiser': 'adam', 'optimiser_use_heuristic': True, 'heuristic_optimiser_iterations': 1, 'heuristic_optimiser_sampleSize': 10, 'circuit_type': 'hamqaoa', 'parameter_vector': [1, 1, 1], 'iterations_list': [75], 'learning_rate_adam': 0.005, 'depth_list': [1, 2, 3, 4, 5], 'n_start': None, 'n_end': None, 'singlet_injection': False, 'start_index_singlet': None, 'warm_start': False, 'warm_start_mode': None, 'lasserre_level': None, 'initial_solver_level_M': None, 'sdp_seed': None, 'sdp_solver_mode': None, 'sdp_scs_eps': None, 'sdp_scs_max_iters': None, 'warm_start_corr_strength': None, 'warm_start_corr_repeats': None, 'compare_with_010101': False, 'init_QAOAparams_close_to_zero': False, 'use_correlations_as_initial_params': None, 'time_limit': None, 'failed_instance_termination_thrsh': None, 'graph_generation_type': 'hog', 'weighted': False, 'easiest_first': False, 'cpu_util_threshold': None, 'debug': False, 'save_circuit_svg': False, 'rerun_exclude_finished_instances': True, 'warm_start_cache_producer_only': False, 'qaoa_only_from_existing_warm_start_cache': False, 'optimiser_debug_iterations': None, 'num_repeats': 1, 'relative_graph_adjList_path': 'HOG_graphs/triangleFree_connected_4to8vertices_176instances_AdjacencyList.txt', 'persistent_warm_start_cache': False, 'warm_start_cache_dir': None, 'warm_start_cache_max_file_mb': None, 'warm_start_cache_max_total_gb': None, 'sdp_max_parallel': 0, 'qaoa_max_parallel': 16, 'sdp_threads': 1, 'qaoa_threads': 1, 'sdp_memory_limit_total_gb': 0, 'sdp_memory_limit_single_gb': 0, 'sdp_memory_poll_seconds': None, 'sdp_max_retries': 0, 'queue_poll_interval_seconds': 5, 'max_graph_vertices': 10, 'completed_result_csv_paths': [], 'qaoa_seed': 42, 'initialise_standard_warm_start_with_zero_angles': True, 'result_name_suffix': '_FINAL_BENCHMARKS_STANDARD', 'algorithm17_beta_mode': None}, Running QAOA with equal superposition
Benchmark run ID: 3638fad3
Benchmark repeat index: 1
Configured SDP rounding seed: None
QAOA seed used: 42
Processor: x86_64
Hostname: dacsgpu0003
Total RAM (GB): None
Physical cores: 64
Logical cores: 64
Python version: 3.11.15
Initialisation time: 0.01 seconds; started at stardate {'initialisation': 0.005462169647216797} and finished at stardate1788784690.8435066
Loaded HOG graph index 89 with 7 edges.
Instance generation for n=89 took 0.00 seconds; started at stardate 1788784690.8435125 and finished at stardate 1788784690.8463843
Running QAOA for n=8 nodes, m=7 edges...; Max iterations: 75
Edges: [(1, 6), (4, 7), (3, 5), (0, 7), (5, 6), (3, 7), (2, 4)], weights: [1.0, 1.0, 1.0, 1.0, 1.0, 1.0, 1.0], set of nodes: {0, 1, 2, 3, 4, 5, 6, 7}, n: 8 nodes, p: 5 layers, N_bayes: 75 iterations
Solving for uuid: 421a46f7
No warm start: Default initial state is equal superposition
Ignoring initialise_standard_warm_start_with_zero_angles because this run has no active standard warm start; using the normal Adam initialization.
Running ADAM optimization with a single iteration (no debug loop)
3.553665532273555
QAOA optimisation for n=89 took 23.46 seconds; started at stardate 1788784690.8463888 and finished at stardate 1788784714.3074877
Finished QAOA for n=8 nodes, m=7 edges at 2026-09-07 14:38:34 on x86_64. Time taken: 23.46 seconds. Hours: 0.01 hours. Peak RAM: 0.24 MB.
Unknown graph type for approximation ratio calculation; checking misc CSV.
Checking optimal_results_misc.csv for matching edges and weights...
Found matching exact result in misc CSV: 5.101593971643626
CSV writing for n=89 took 0.02 seconds; started at stardate 1788784714.3074963 and finished at stardate 1788784714.322739
results: {89: 3.553665532273555}
durations: {8: 23.461104154586792}
Results saved to: Results/logs/adam/qaoa_results_adam_20260907_134738_pid3366892_FINAL_BENCHMARKS_STANDARD.csv
Global end time: 1788784714.322752
Finalisation time: 0.00 seconds; started at stardate 1788784714.3227432 and finished at stardate 1788784714.3227565
Sum of all section times: 23.48 seconds
run_id: 3638fad3
