/home/i6408800/MasterThesis/QAOA/Code/Circuit.py:192: UserWarning: No classical warm-start cut provided for HAMQAOA; using random cut values for fourth HAMQAOA gate. This may lead to suboptimal performance and may be unintentional if a classical warm start was intended.
  warnings.warn(
Starting QAOA benchmark with global start time: 1788790741.3174484
Benchmark parameters: {'optimiser': 'adam', 'optimiser_use_heuristic': True, 'heuristic_optimiser_iterations': 1, 'heuristic_optimiser_sampleSize': 25, 'circuit_type': 'hamqaoa', 'parameter_vector': [1, 1, 1], 'iterations_list': [75], 'learning_rate_adam': 0.05, 'depth_list': [1, 2, 3, 4, 5], 'n_start': None, 'n_end': None, 'singlet_injection': False, 'start_index_singlet': None, 'warm_start': False, 'warm_start_mode': None, 'lasserre_level': None, 'initial_solver_level_M': None, 'sdp_seed': None, 'sdp_solver_mode': None, 'sdp_scs_eps': None, 'sdp_scs_max_iters': None, 'warm_start_corr_strength': None, 'warm_start_corr_repeats': None, 'compare_with_010101': False, 'init_QAOAparams_close_to_zero': False, 'use_correlations_as_initial_params': None, 'time_limit': None, 'failed_instance_termination_thrsh': None, 'graph_generation_type': 'hog', 'weighted': False, 'easiest_first': False, 'cpu_util_threshold': None, 'debug': False, 'save_circuit_svg': False, 'rerun_exclude_finished_instances': True, 'warm_start_cache_producer_only': False, 'qaoa_only_from_existing_warm_start_cache': False, 'optimiser_debug_iterations': None, 'num_repeats': 1, 'relative_graph_adjList_path': 'HOG_graphs/Exp5/cycle_graphs_3to12vertices_10instances_AdjacencyList.txt', 'persistent_warm_start_cache': False, 'warm_start_cache_dir': None, 'warm_start_cache_max_file_mb': None, 'warm_start_cache_max_total_gb': None, 'sdp_max_parallel': 0, 'qaoa_max_parallel': 16, 'sdp_threads': 1, 'qaoa_threads': 1, 'sdp_memory_limit_total_gb': 0, 'sdp_memory_limit_single_gb': 0, 'sdp_memory_poll_seconds': None, 'sdp_max_retries': 0, 'queue_poll_interval_seconds': 5, 'max_graph_vertices': 10, 'completed_result_csv_paths': [], 'qaoa_seed': 42, 'initialise_standard_warm_start_with_zero_angles': True, 'result_name_suffix': '_FINAL_BENCHMARKS_STANDARD', 'algorithm17_beta_mode': None}, Running QAOA with equal superposition
Benchmark run ID: 77a827bf
Benchmark repeat index: 1
Configured SDP rounding seed: None
QAOA seed used: 42
Processor: x86_64
Hostname: dacsgpu0003
Total RAM (GB): None
Physical cores: 64
Logical cores: 64
Python version: 3.11.15
Initialisation time: 0.01 seconds; started at stardate {'initialisation': 0.0054132938385009766} and finished at stardate1788790741.322873
Loaded HOG graph index 4 with 7 edges.
Instance generation for n=4 took 0.00 seconds; started at stardate 1788790741.32288 and finished at stardate 1788790741.3234086
Running QAOA for n=7 nodes, m=7 edges...; Max iterations: 75
Edges: [(0, 1), (2, 3), (1, 2), (5, 6), (3, 4), (0, 6), (4, 5)], weights: [1.0, 1.0, 1.0, 1.0, 1.0, 1.0, 1.0], set of nodes: {0, 1, 2, 3, 4, 5, 6}, n: 7 nodes, p: 5 layers, N_bayes: 75 iterations
Solving for uuid: 2ccbe6da
No warm start: Default initial state is equal superposition
Ignoring initialise_standard_warm_start_with_zero_angles because this run has no active supported warm start; using the normal Adam initialization.
Running ADAM optimization with a single iteration (no debug loop)
3.842841926205146
QAOA optimisation for n=4 took 26.06 seconds; started at stardate 1788790741.3234127 and finished at stardate 1788790767.3789797
Finished QAOA for n=7 nodes, m=7 edges at 2026-09-07 16:19:27 on x86_64. Time taken: 26.06 seconds. Hours: 0.01 hours. Peak RAM: 0.24 MB.
Computing cycle approximation ratio
CSV writing for n=4 took 0.01 seconds; started at stardate 1788790767.3789885 and finished at stardate 1788790767.3880703
results: {4: 3.842841926205146}
durations: {7: 26.055572032928467}
Results saved to: Results/logs/adam/qaoa_results_adam_20260907_161857_pid1721481_FINAL_BENCHMARKS_STANDARD.csv
Global end time: 1788790767.3880808
Finalisation time: 0.00 seconds; started at stardate 1788790767.388074 and finished at stardate 1788790767.3880842
Sum of all section times: 26.07 seconds
run_id: 77a827bf
