Starting QAOA benchmark with global start time: 1788851808.9405463
Benchmark parameters: {'optimiser': 'adam', 'optimiser_use_heuristic': False, 'heuristic_optimiser_iterations': None, 'heuristic_optimiser_sampleSize': None, 'circuit_type': 'hamqaoa', 'parameter_vector': [1, 1, 1], 'iterations_list': [75], 'learning_rate_adam': 0.01, 'depth_list': [1, 2, 3, 4, 5], 'n_start': None, 'n_end': None, 'singlet_injection': False, 'start_index_singlet': None, 'warm_start': True, 'warm_start_mode': 'amplified_king', 'lasserre_level': 2, 'initial_solver_level_M': 1, 'sdp_seed': 42, 'sdp_solver_mode': 'scs', 'sdp_scs_eps': 1e-06, 'sdp_scs_max_iters': 100000, 'warm_start_corr_strength': None, 'warm_start_corr_repeats': None, 'compare_with_010101': False, 'init_QAOAparams_close_to_zero': False, 'use_correlations_as_initial_params': False, 'time_limit': None, 'failed_instance_termination_thrsh': None, 'graph_generation_type': 'hog', 'weighted': False, 'easiest_first': False, 'cpu_util_threshold': None, 'debug': False, 'save_circuit_svg': False, 'rerun_exclude_finished_instances': False, 'warm_start_cache_producer_only': False, 'qaoa_only_from_existing_warm_start_cache': True, 'optimiser_debug_iterations': None, 'num_repeats': 1, 'relative_graph_adjList_path': 'HOG_graphs/Exp5/list_193_graphs_adjacency_listhog_v04-12_planar_clawFree.txt', 'persistent_warm_start_cache': True, 'warm_start_cache_dir': 'Results/warm_start_cache', 'warm_start_cache_max_file_mb': 512, 'warm_start_cache_max_total_gb': 60, 'sdp_max_parallel': 0, 'qaoa_max_parallel': 16, 'sdp_threads': 1, 'qaoa_threads': 1, 'sdp_memory_limit_total_gb': 0, 'sdp_memory_limit_single_gb': 0, 'sdp_memory_poll_seconds': 5, 'sdp_max_retries': 0, 'queue_poll_interval_seconds': 5, 'max_graph_vertices': 10, 'completed_result_csv_paths': [], 'qaoa_seed': 42, 'initialise_standard_warm_start_with_zero_angles': True, 'result_name_suffix': '_FINAL_BENCHMARKS_KINGAMPLIFIED', 'algorithm17_beta_mode': 'analytic_instance'}, Running QAOA with equal superposition
Benchmark run ID: 1826a58f
Benchmark repeat index: 1
Configured SDP rounding seed: 42
QAOA seed used: 42
Processor: x86_64
Hostname: dacsgpu0003
Total RAM (GB): None
Physical cores: 64
Logical cores: 64
Python version: 3.11.15
Initialisation time: 0.01 seconds; started at stardate {'initialisation': 0.009080648422241211} and finished at stardate1788851808.9496348
Loaded HOG graph index 48 with 11 edges.
Instance generation for n=48 took 0.00 seconds; started at stardate 1788851808.9496408 and finished at stardate 1788851808.9525535
Running QAOA for n=6 nodes, m=11 edges...; Max iterations: 75
Warm-start cache: loading Results/warm_start_cache/list_193_graphs_adjacency_listhog_v04-12_planar_clawFree__filehash_62ae5075/hog_idx000048_a6c7ca67e5c8_seed42_L2_M1_betaanalytic_instance_amplified.npz
Warm-start cache: loaded in 0.0014 seconds; effective compute time=0.11034393310546875
Edges: [(0, 1), (2, 3), (0, 4), (3, 5), (3, 4), (1, 5), (4, 5), (2, 5), (0, 5), (1, 4), (2, 4)], weights: [1.0, 1.0, 1.0, 1.0, 1.0, 1.0, 1.0, 1.0, 1.0, 1.0, 1.0], set of nodes: {0, 1, 2, 3, 4, 5}, n: 6 nodes, p: 2 layers, N_bayes: 75 iterations
Solving for uuid: 23dbf9ee
Initial state injected as warm start
Ignoring zero_angle_warm_start because no active standard warm start is available; using the normal Adam initialization.
Running ADAM optimization with a single iteration (no debug loop)
7.403488641966232
QAOA optimisation for n=48 took 8.47 seconds; started at stardate 1788851808.9525585 and finished at stardate 1788851817.4244504
Finished QAOA for n=6 nodes, m=11 edges at 2026-09-08 09:16:57 on x86_64. Time taken: 8.47 seconds. Hours: 0.00 hours. Peak RAM: 0.23 MB.
Unknown graph type for approximation ratio calculation; checking misc CSV.
Checking optimal_results_misc.csv for matching edges and weights...
Found matching exact result in misc CSV: 5.000000000000012
CSV writing for n=48 took 0.01 seconds; started at stardate 1788851817.4244597 and finished at stardate 1788851817.4369192
results: {48: 7.403488641966232}
durations: {6: 8.471897840499878}
Results saved to: Results/logs/adam/qaoa_results_adam_20260908_063810_pid2837202_FINAL_BENCHMARKS_KINGAMPLIFIED.csv
Global end time: 1788851817.436933
Finalisation time: 0.00 seconds; started at stardate 1788851817.436924 and finished at stardate 1788851817.4369385
Sum of all section times: 8.50 seconds
run_id: 1826a58f
