Starting QAOA benchmark with global start time: 1787417251.4040194
Benchmark parameters: {'optimiser': 'adam', 'optimiser_use_heuristic': True, 'heuristic_optimiser_iterations': 1, 'heuristic_optimiser_sampleSize': 20, 'circuit_type': 'hamqaoa', 'parameter_vector': [1, 1, 1], 'iterations_list': [50], 'learning_rate_adam': 0.01, 'depth_list': [1, 2, 3, 4, 5], 'n_start': None, 'n_end': None, 'singlet_injection': False, 'start_index_singlet': None, 'warm_start': True, 'warm_start_mode': 'amplified', 'lasserre_level': 2, 'initial_solver_level_M': 2, 'sdp_seed': None, 'sdp_solver_mode': 'scs', 'sdp_scs_eps': 1e-06, 'sdp_scs_max_iters': 100000, 'warm_start_corr_strength': None, 'warm_start_corr_repeats': None, 'compare_with_010101': False, 'init_QAOAparams_close_to_zero': False, 'use_correlations_as_initial_params': False, 'time_limit': None, 'failed_instance_termination_thrsh': None, 'graph_generation_type': 'hog', 'weighted': False, 'easiest_first': True, 'cpu_util_threshold': None, 'debug': False, 'save_circuit_svg': False, 'rerun_exclude_finished_instances': True, 'warm_start_cache_producer_only': False, 'qaoa_only_from_existing_warm_start_cache': True, 'optimiser_debug_iterations': None, 'num_repeats': 1, 'relative_graph_adjList_path': 'HOG_graphs/Exp5/list_454_graphs_adjacency_listhog_v04-12_bipartite.txt', 'persistent_warm_start_cache': True, 'warm_start_cache_dir': 'Results/warm_start_cache', 'warm_start_cache_max_file_mb': 512, 'warm_start_cache_max_total_gb': 60, 'sdp_max_parallel': 0, 'qaoa_max_parallel': 16, 'sdp_threads': 1, 'qaoa_threads': 1, 'sdp_memory_limit_total_gb': 0, 'sdp_memory_limit_single_gb': 0, 'sdp_memory_poll_seconds': 5, 'sdp_max_retries': 0, 'queue_poll_interval_seconds': 5, 'max_graph_vertices': 11, 'completed_result_csv_paths': [], 'qaoa_seed': 1, 'initialise_standard_warm_start_with_zero_angles': False, 'result_name_suffix': '_Exp7_AmplifiedWithHeuristic'}, Running QAOA with equal superposition
Benchmark run ID: c0a891aa
Benchmark repeat index: 1
SDP seed override: None
QAOA seed: 9300301
Processor: x86_64
Hostname: dacsgpu0002
Total RAM (GB): None
Physical cores: 64
Logical cores: 64
Python version: 3.11.15
Initialisation time: 0.00 seconds; started at stardate {'initialisation': 0.004749774932861328} and finished at stardate1787417251.408782
Loaded HOG graph index 93 with 6 edges.
Instance generation for n=93 took 0.01 seconds; started at stardate 1787417251.40879 and finished at stardate 1787417251.4180787
Running QAOA for n=6 nodes, m=6 edges...; Max iterations: 50
Warm-start cache: loading Results/warm_start_cache/list_454_graphs_adjacency_listhog_v04-12_bipartite__filehash_0815e7e8/hog_idx000093_00d5ff2e849f_noseed_L2_M2_amplified.npz
Warm-start cache: loaded in 0.0025 seconds; effective compute time=56.900575160980225
Edges: [(0, 1), (3, 5), (3, 4), (2, 5), (1, 4), (0, 2)], weights: [1.0, 1.0, 1.0, 1.0, 1.0, 1.0], set of nodes: {0, 1, 2, 3, 4, 5}, n: 6 nodes, p: 4 layers, N_bayes: 50 iterations
Solving for uuid: 418909e8
Initial state injected as warm start
Warm start correlations applied in the form of weak entanglement
Running ADAM optimization with a single iteration (no debug loop)
5.733506256890477
QAOA optimisation for n=93 took 12.42 seconds; started at stardate 1787417251.4180856 and finished at stardate 1787417263.838172
Finished QAOA for n=6 nodes, m=6 edges at 2026-08-22 18:47:43 on x86_64. Time taken: 12.42 seconds. Hours: 0.00 hours. Peak RAM: 0.23 MB.
Computing cycle approximation ratio
CSV writing for n=93 took 0.01 seconds; started at stardate 1787417263.8381796 and finished at stardate 1787417263.8437064
results: {93: 5.733506256890477}
durations: {6: 12.420092821121216}
Results saved to: Results/logs/adam/qaoa_results_adam_20260822_183923_pid3478258_Exp7_AmplifiedWithHeuristic.csv
Global end time: 1787417263.8437154
Finalisation time: 0.00 seconds; started at stardate 1787417263.8437095 and finished at stardate 1787417263.8437188
Sum of all section times: 12.44 seconds
run_id: c0a891aa
