Starting QAOA benchmark with global start time: 1787421166.6045663
Benchmark parameters: {'optimiser': 'adam', 'optimiser_use_heuristic': True, 'heuristic_optimiser_iterations': 1, 'heuristic_optimiser_sampleSize': 20, 'circuit_type': 'hamqaoa', 'parameter_vector': [1, 1, 1], 'iterations_list': [50], 'learning_rate_adam': 0.01, 'depth_list': [1, 2, 3, 4, 5], 'n_start': None, 'n_end': None, 'singlet_injection': False, 'start_index_singlet': None, 'warm_start': True, 'warm_start_mode': 'amplified', 'lasserre_level': 2, 'initial_solver_level_M': 2, 'sdp_seed': None, 'sdp_solver_mode': 'scs', 'sdp_scs_eps': 1e-06, 'sdp_scs_max_iters': 100000, 'warm_start_corr_strength': None, 'warm_start_corr_repeats': None, 'compare_with_010101': False, 'init_QAOAparams_close_to_zero': False, 'use_correlations_as_initial_params': False, 'time_limit': None, 'failed_instance_termination_thrsh': None, 'graph_generation_type': 'hog', 'weighted': False, 'easiest_first': True, 'cpu_util_threshold': None, 'debug': False, 'save_circuit_svg': False, 'rerun_exclude_finished_instances': True, 'warm_start_cache_producer_only': False, 'qaoa_only_from_existing_warm_start_cache': True, 'optimiser_debug_iterations': None, 'num_repeats': 1, 'relative_graph_adjList_path': 'HOG_graphs/Exp5/list_454_graphs_adjacency_listhog_v04-12_bipartite.txt', 'persistent_warm_start_cache': True, 'warm_start_cache_dir': 'Results/warm_start_cache', 'warm_start_cache_max_file_mb': 512, 'warm_start_cache_max_total_gb': 60, 'sdp_max_parallel': 0, 'qaoa_max_parallel': 16, 'sdp_threads': 1, 'qaoa_threads': 1, 'sdp_memory_limit_total_gb': 0, 'sdp_memory_limit_single_gb': 0, 'sdp_memory_poll_seconds': 5, 'sdp_max_retries': 0, 'queue_poll_interval_seconds': 5, 'max_graph_vertices': 11, 'completed_result_csv_paths': [], 'qaoa_seed': 1, 'initialise_standard_warm_start_with_zero_angles': False, 'result_name_suffix': '_Exp7_AmplifiedWithHeuristic'}, Running QAOA with equal superposition
Benchmark run ID: eb0d66d5
Benchmark repeat index: 1
SDP seed override: None
QAOA seed: 43500301
Processor: x86_64
Hostname: dacsgpu0002
Total RAM (GB): None
Physical cores: 64
Logical cores: 64
Python version: 3.11.15
Initialisation time: 0.01 seconds; started at stardate {'initialisation': 0.008479118347167969} and finished at stardate1787421166.6130586
Loaded HOG graph index 435 with 8 edges.
Instance generation for n=435 took 0.02 seconds; started at stardate 1787421166.613066 and finished at stardate 1787421166.6288514
Running QAOA for n=8 nodes, m=8 edges...; Max iterations: 50
Warm-start cache: loading Results/warm_start_cache/list_454_graphs_adjacency_listhog_v04-12_bipartite__filehash_0815e7e8/hog_idx000435_6f51f39b2ec6_noseed_L2_M2_amplified.npz
Warm-start cache: loaded in 0.0032 seconds; effective compute time=1242.5815725326538
Edges: [(2, 3), (1, 6), (5, 7), (3, 5), (0, 7), (4, 6), (6, 7), (2, 4)], weights: [1.0, 1.0, 1.0, 1.0, 1.0, 1.0, 1.0, 1.0], set of nodes: {0, 1, 2, 3, 4, 5, 6, 7}, n: 8 nodes, p: 4 layers, N_bayes: 50 iterations
Solving for uuid: 919129d1
Initial state injected as warm start
Warm start correlations applied in the form of weak entanglement
Running ADAM optimization with a single iteration (no debug loop)
7.025497399388977
QAOA optimisation for n=435 took 19.60 seconds; started at stardate 1787421166.6288571 and finished at stardate 1787421186.2314808
Finished QAOA for n=8 nodes, m=8 edges at 2026-08-22 19:53:06 on x86_64. Time taken: 19.60 seconds. Hours: 0.01 hours. Peak RAM: 0.28 MB.
Unknown graph type for approximation ratio calculation; checking misc CSV.
Checking optimal_results_misc.csv for matching edges and weights...
Found matching exact result in misc CSV: 5.516899877886928
CSV writing for n=435 took 0.00 seconds; started at stardate 1787421186.2314875 and finished at stardate 1787421186.2362392
results: {435: 7.025497399388977}
durations: {8: 19.602628707885742}
Results saved to: Results/logs/adam/qaoa_results_adam_20260822_183923_pid3478258_Exp7_AmplifiedWithHeuristic.csv
Global end time: 1787421186.2362468
Finalisation time: 0.00 seconds; started at stardate 1787421186.2362416 and finished at stardate 1787421186.2362497
Sum of all section times: 19.63 seconds
run_id: eb0d66d5
