Starting QAOA benchmark with global start time: 1787438081.94726
Benchmark parameters: {'optimiser': 'adam', 'optimiser_use_heuristic': True, 'heuristic_optimiser_iterations': 1, 'heuristic_optimiser_sampleSize': 20, 'circuit_type': 'hamqaoa', 'parameter_vector': [1, 1, 1], 'iterations_list': [50], 'learning_rate_adam': 0.01, 'depth_list': [1, 2, 3, 4, 5], 'n_start': None, 'n_end': None, 'singlet_injection': False, 'start_index_singlet': None, 'warm_start': True, 'warm_start_mode': 'amplified', 'lasserre_level': 2, 'initial_solver_level_M': 2, 'sdp_seed': None, 'sdp_solver_mode': 'scs', 'sdp_scs_eps': 1e-06, 'sdp_scs_max_iters': 100000, 'warm_start_corr_strength': None, 'warm_start_corr_repeats': None, 'compare_with_010101': False, 'init_QAOAparams_close_to_zero': False, 'use_correlations_as_initial_params': False, 'time_limit': None, 'failed_instance_termination_thrsh': None, 'graph_generation_type': 'hog', 'weighted': False, 'easiest_first': True, 'cpu_util_threshold': None, 'debug': False, 'save_circuit_svg': False, 'rerun_exclude_finished_instances': True, 'warm_start_cache_producer_only': False, 'qaoa_only_from_existing_warm_start_cache': True, 'optimiser_debug_iterations': None, 'num_repeats': 1, 'relative_graph_adjList_path': 'HOG_graphs/Exp5/list_454_graphs_adjacency_listhog_v04-12_bipartite.txt', 'persistent_warm_start_cache': True, 'warm_start_cache_dir': 'Results/warm_start_cache', 'warm_start_cache_max_file_mb': 512, 'warm_start_cache_max_total_gb': 60, 'sdp_max_parallel': 0, 'qaoa_max_parallel': 16, 'sdp_threads': 1, 'qaoa_threads': 1, 'sdp_memory_limit_total_gb': 0, 'sdp_memory_limit_single_gb': 0, 'sdp_memory_poll_seconds': 5, 'sdp_max_retries': 0, 'queue_poll_interval_seconds': 5, 'max_graph_vertices': 11, 'completed_result_csv_paths': [], 'qaoa_seed': 1, 'initialise_standard_warm_start_with_zero_angles': False, 'result_name_suffix': '_Exp7_AmplifiedWithHeuristic'}, Running QAOA with equal superposition
Benchmark run ID: 3f2e17fb
Benchmark repeat index: 1
SDP seed override: None
QAOA seed: 32600301
Processor: x86_64
Hostname: dacsgpu0002
Total RAM (GB): None
Physical cores: 64
Logical cores: 64
Python version: 3.11.15
Initialisation time: 0.00 seconds; started at stardate {'initialisation': 0.004239320755004883} and finished at stardate1787438081.9515066
Loaded HOG graph index 326 with 11 edges.
Instance generation for n=326 took 0.01 seconds; started at stardate 1787438081.951513 and finished at stardate 1787438081.9606614
Running QAOA for n=10 nodes, m=11 edges...; Max iterations: 50
Warm-start cache: loading Results/warm_start_cache/list_454_graphs_adjacency_listhog_v04-12_bipartite__filehash_0815e7e8/hog_idx000326_6b6026fbf902_noseed_L2_M2_amplified.npz
Warm-start cache: loaded in 0.0059 seconds; effective compute time=7858.067830562592
Edges: [(8, 9), (0, 4), (2, 6), (6, 9), (3, 5), (0, 3), (1, 2), (7, 8), (5, 9), (4, 8), (1, 7)], weights: [1.0, 1.0, 1.0, 1.0, 1.0, 1.0, 1.0, 1.0, 1.0, 1.0, 1.0], set of nodes: {0, 1, 2, 3, 4, 5, 6, 7, 8, 9}, n: 10 nodes, p: 4 layers, N_bayes: 50 iterations
Solving for uuid: 17071195
Initial state injected as warm start
Warm start correlations applied in the form of weak entanglement
Running ADAM optimization with a single iteration (no debug loop)
8.608344957480949
QAOA optimisation for n=326 took 334.04 seconds; started at stardate 1787438081.9606662 and finished at stardate 1787438416.0019248
Finished QAOA for n=10 nodes, m=11 edges at 2026-08-23 00:40:16 on x86_64. Time taken: 334.04 seconds. Hours: 0.09 hours. Peak RAM: 1.24 MB.
Unknown graph type for approximation ratio calculation; checking misc CSV.
Checking optimal_results_misc.csv for matching edges and weights...
Found matching exact result in misc CSV: 7.519984704964767
CSV writing for n=326 took 0.05 seconds; started at stardate 1787438416.001936 and finished at stardate 1787438416.0516777
results: {326: 8.608344957480949}
durations: {10: 334.0412657260895}
Results saved to: Results/logs/adam/qaoa_results_adam_20260822_183923_pid3478258_Exp7_AmplifiedWithHeuristic.csv
Global end time: 1787438416.0516956
Finalisation time: 0.00 seconds; started at stardate 1787438416.0516846 and finished at stardate 1787438416.0516994
Sum of all section times: 334.10 seconds
run_id: 3f2e17fb
