Starting QAOA benchmark with global start time: 1785414289.627456
Benchmark parameters: {'optimiser': 'adam', 'optimiser_use_heuristic': False, 'heuristic_optimiser_iterations': None, 'heuristic_optimiser_sampleSize': None, 'circuit_type': 'hamqaoa', 'parameter_vector': [1, 1, 1], 'iterations_list': [5, 10], 'learning_rate_adam': 0.05, 'depth_list': [1, 2, 3], 'n_start': None, 'n_end': None, 'singlet_injection': False, 'start_index_singlet': None, 'warm_start': True, 'warm_start_mode': 'standard', 'lasserre_level': 2, 'initial_solver_level_M': 1, 'sdp_seed': None, 'sdp_solver_mode': 'scs', 'sdp_scs_eps': 1e-06, 'sdp_scs_max_iters': 100000, 'warm_start_corr_strength': None, 'warm_start_corr_repeats': None, 'compare_with_010101': False, 'init_QAOAparams_close_to_zero': False, 'use_correlations_as_initial_params': False, 'time_limit': None, 'failed_instance_termination_thrsh': None, 'graph_generation_type': 'hog', 'weighted': False, 'easiest_first': False, 'cpu_util_threshold': None, 'debug': False, 'save_circuit_svg': False, 'rerun_exclude_finished_instances': True, 'warm_start_cache_producer_only': False, 'qaoa_only_from_existing_warm_start_cache': True, 'optimiser_debug_iterations': None, 'num_repeats': 1, 'relative_graph_adjList_path': 'HOG_graphs/Exp5/list_193_graphs_adjacency_listhog_v04-12_planar_clawFree.txt', 'persistent_warm_start_cache': True, 'warm_start_cache_dir': 'Results/warm_start_cache', 'warm_start_cache_max_file_mb': 512, 'warm_start_cache_max_total_gb': 60, 'sdp_max_parallel': 0, 'qaoa_max_parallel': 32, 'sdp_threads': 1, 'qaoa_threads': 1, 'sdp_memory_limit_total_gb': 0, 'sdp_memory_limit_single_gb': 0, 'sdp_memory_poll_seconds': 5, 'sdp_max_retries': 0, 'queue_poll_interval_seconds': 5, 'completed_result_csv_paths': []}, Running QAOA with equal superposition
Benchmark run ID: 484559a0
Benchmark repeat index: 1
SDP seed override: None
Processor: x86_64
Hostname: dacsgpu0002
Total RAM (GB): None
Physical cores: 64
Logical cores: 64
Python version: 3.11.15
Initialisation time: 0.02 seconds; started at stardate {'initialisation': 0.019040822982788086} and finished at stardate1785414289.646511
Loaded HOG graph index 103 with 19 edges.
Instance generation for n=103 took 0.00 seconds; started at stardate 1785414289.6465197 and finished at stardate 1785414289.6503963
Running QAOA for n=10 nodes, m=19 edges...; Max iterations: 10
Warm-start cache: loading Results/warm_start_cache/list_193_graphs_adjacency_listhog_v04-12_planar_clawFree__filehash_62ae5075/hog_idx000103_4ba81e9ef123_noseed_L2_M1_amplified.npz
Warm-start cache: loaded in 0.0028 seconds; effective compute time=0.31757545471191406
Edges: [(3, 5), (4, 6), (4, 9), (7, 8), (0, 2), (0, 8), (6, 9), (5, 7), (3, 4), (2, 8), (4, 5), (0, 1), (6, 8), (5, 9), (3, 9), (7, 9), (1, 2), (1, 8), (6, 7)], weights: [1.0, 1.0, 1.0, 1.0, 1.0, 1.0, 1.0, 1.0, 1.0, 1.0, 1.0, 1.0, 1.0, 1.0, 1.0, 1.0, 1.0, 1.0, 1.0], set of nodes: {0, 1, 2, 3, 4, 5, 6, 7, 8, 9}, n: 10 nodes, p: 1 layers, N_bayes: 10 iterations
Solving for uuid: 03673bab
Initial state injected as warm start
Running ADAM optimization with a single iteration (no debug loop)
11.438314096222955
QAOA optimisation for n=103 took 11.95 seconds; started at stardate 1785414289.6504009 and finished at stardate 1785414301.5965436
Finished QAOA for n=10 nodes, m=19 edges at 2026-07-30 14:25:01 on x86_64. Time taken: 11.95 seconds. Hours: 0.00 hours. Peak RAM: 0.51 MB.
Unknown graph type for approximation ratio calculation; checking misc CSV.
Checking optimal_results_misc.csv for matching edges and weights...
Found matching exact result in misc CSV: 9.17594115623582
CSV writing for n=103 took 0.01 seconds; started at stardate 1785414301.5965543 and finished at stardate 1785414301.605025
results: {103: 11.438314096222955}
durations: {10: 11.94614839553833}
Results saved to: Results/logs/adam/qaoa_results_adam_20260730_132704_pid2604169.csv
Global end time: 1785414301.6050382
Finalisation time: 0.00 seconds; started at stardate 1785414301.6050296 and finished at stardate 1785414301.6050427
Sum of all section times: 11.98 seconds
run_id: 484559a0
