Starting QAOA benchmark with global start time: 1785413873.7583258
Benchmark parameters: {'optimiser': 'adam', 'optimiser_use_heuristic': False, 'heuristic_optimiser_iterations': None, 'heuristic_optimiser_sampleSize': None, 'circuit_type': 'hamqaoa', 'parameter_vector': [1, 1, 1], 'iterations_list': [5, 10], 'learning_rate_adam': 0.05, 'depth_list': [1, 2, 3], 'n_start': None, 'n_end': None, 'singlet_injection': False, 'start_index_singlet': None, 'warm_start': True, 'warm_start_mode': 'standard', 'lasserre_level': 2, 'initial_solver_level_M': 1, 'sdp_seed': None, 'sdp_solver_mode': 'scs', 'sdp_scs_eps': 1e-06, 'sdp_scs_max_iters': 100000, 'warm_start_corr_strength': None, 'warm_start_corr_repeats': None, 'compare_with_010101': False, 'init_QAOAparams_close_to_zero': False, 'use_correlations_as_initial_params': False, 'time_limit': None, 'failed_instance_termination_thrsh': None, 'graph_generation_type': 'hog', 'weighted': False, 'easiest_first': False, 'cpu_util_threshold': None, 'debug': False, 'save_circuit_svg': False, 'rerun_exclude_finished_instances': True, 'warm_start_cache_producer_only': False, 'qaoa_only_from_existing_warm_start_cache': True, 'optimiser_debug_iterations': None, 'num_repeats': 1, 'relative_graph_adjList_path': 'HOG_graphs/Exp5/list_193_graphs_adjacency_listhog_v04-12_planar_clawFree.txt', 'persistent_warm_start_cache': True, 'warm_start_cache_dir': 'Results/warm_start_cache', 'warm_start_cache_max_file_mb': 512, 'warm_start_cache_max_total_gb': 60, 'sdp_max_parallel': 0, 'qaoa_max_parallel': 32, 'sdp_threads': 1, 'qaoa_threads': 1, 'sdp_memory_limit_total_gb': 0, 'sdp_memory_limit_single_gb': 0, 'sdp_memory_poll_seconds': 5, 'sdp_max_retries': 0, 'queue_poll_interval_seconds': 5, 'completed_result_csv_paths': []}, Running QAOA with equal superposition
Benchmark run ID: 854a9199
Benchmark repeat index: 1
SDP seed override: None
Processor: x86_64
Hostname: dacsgpu0002
Total RAM (GB): None
Physical cores: 64
Logical cores: 64
Python version: 3.11.15
Initialisation time: 0.01 seconds; started at stardate {'initialisation': 0.0073888301849365234} and finished at stardate1785413873.7657259
Loaded HOG graph index 23 with 7 edges.
Instance generation for n=23 took 0.01 seconds; started at stardate 1785413873.765733 and finished at stardate 1785413873.7719162
Running QAOA for n=5 nodes, m=7 edges...; Max iterations: 5
Warm-start cache: loading Results/warm_start_cache/list_193_graphs_adjacency_listhog_v04-12_planar_clawFree__filehash_62ae5075/hog_idx000023_7d050a98011b_noseed_L2_M1_amplified.npz
Warm-start cache: loaded in 0.0019 seconds; effective compute time=0.11347389221191406
Edges: [(1, 3), (0, 1), (2, 3), (3, 4), (1, 4), (0, 2), (2, 4)], weights: [1.0, 1.0, 1.0, 1.0, 1.0, 1.0, 1.0], set of nodes: {0, 1, 2, 3, 4}, n: 5 nodes, p: 3 layers, N_bayes: 5 iterations
Solving for uuid: 281c7493
Initial state injected as warm start
Running ADAM optimization with a single iteration (no debug loop)
4.84615797372467
QAOA optimisation for n=23 took 0.78 seconds; started at stardate 1785413873.7719207 and finished at stardate 1785413874.5533798
Finished QAOA for n=5 nodes, m=7 edges at 2026-07-30 14:17:54 on x86_64. Time taken: 0.78 seconds. Hours: 0.00 hours. Peak RAM: 0.22 MB.
Unknown graph type for approximation ratio calculation; checking misc CSV.
Checking optimal_results_misc.csv for matching edges and weights...
Found matching exact result in misc CSV: 4.0000000000000036
CSV writing for n=23 took 0.01 seconds; started at stardate 1785413874.5533879 and finished at stardate 1785413874.5605657
results: {23: 4.84615797372467}
durations: {5: 0.7814640998840332}
Results saved to: Results/logs/adam/qaoa_results_adam_20260730_132704_pid2604169.csv
Global end time: 1785413874.560578
Finalisation time: 0.00 seconds; started at stardate 1785413874.5605698 and finished at stardate 1785413874.5605829
Sum of all section times: 0.80 seconds
run_id: 854a9199
