Starting QAOA benchmark with global start time: 1785411664.0294502
Benchmark parameters: {'optimiser': 'adam', 'optimiser_use_heuristic': False, 'heuristic_optimiser_iterations': None, 'heuristic_optimiser_sampleSize': None, 'circuit_type': 'hamqaoa', 'parameter_vector': [1, 1, 1], 'iterations_list': [5, 10], 'learning_rate_adam': 0.05, 'depth_list': [1, 2, 3], 'n_start': None, 'n_end': None, 'singlet_injection': False, 'start_index_singlet': None, 'warm_start': True, 'warm_start_mode': 'standard', 'lasserre_level': 2, 'initial_solver_level_M': 1, 'sdp_seed': None, 'sdp_solver_mode': 'scs', 'sdp_scs_eps': 1e-06, 'sdp_scs_max_iters': 100000, 'warm_start_corr_strength': None, 'warm_start_corr_repeats': None, 'compare_with_010101': False, 'init_QAOAparams_close_to_zero': False, 'use_correlations_as_initial_params': False, 'time_limit': None, 'failed_instance_termination_thrsh': None, 'graph_generation_type': 'hog', 'weighted': False, 'easiest_first': False, 'cpu_util_threshold': None, 'debug': False, 'save_circuit_svg': False, 'rerun_exclude_finished_instances': True, 'warm_start_cache_producer_only': False, 'qaoa_only_from_existing_warm_start_cache': True, 'optimiser_debug_iterations': None, 'num_repeats': 1, 'relative_graph_adjList_path': 'HOG_graphs/Exp5/list_193_graphs_adjacency_listhog_v04-12_planar_clawFree.txt', 'persistent_warm_start_cache': True, 'warm_start_cache_dir': 'Results/warm_start_cache', 'warm_start_cache_max_file_mb': 512, 'warm_start_cache_max_total_gb': 60, 'sdp_max_parallel': 0, 'qaoa_max_parallel': 32, 'sdp_threads': 1, 'qaoa_threads': 1, 'sdp_memory_limit_total_gb': 0, 'sdp_memory_limit_single_gb': 0, 'sdp_memory_poll_seconds': 5, 'sdp_max_retries': 0, 'queue_poll_interval_seconds': 5, 'completed_result_csv_paths': []}, Running QAOA with equal superposition
Benchmark run ID: 99485250
Benchmark repeat index: 1
SDP seed override: None
Processor: x86_64
Hostname: dacsgpu0002
Total RAM (GB): None
Physical cores: 64
Logical cores: 64
Python version: 3.11.15
Initialisation time: 0.02 seconds; started at stardate {'initialisation': 0.01540064811706543} and finished at stardate1785411664.0448632
Loaded HOG graph index 161 with 12 edges.
Instance generation for n=161 took 0.00 seconds; started at stardate 1785411664.0448706 and finished at stardate 1785411664.0487595
Running QAOA for n=11 nodes, m=12 edges...; Max iterations: 10
Warm-start cache: loading Results/warm_start_cache/list_193_graphs_adjacency_listhog_v04-12_planar_clawFree__filehash_62ae5075/hog_idx000161_4263b2f4507a_noseed_L2_M1_amplified.npz
Warm-start cache: loaded in 0.0240 seconds; effective compute time=0.23793768882751465
Edges: [(8, 9), (1, 3), (0, 1), (9, 10), (4, 7), (3, 5), (7, 9), (5, 6), (8, 10), (6, 10), (0, 2), (2, 4)], weights: [1.0, 1.0, 1.0, 1.0, 1.0, 1.0, 1.0, 1.0, 1.0, 1.0, 1.0, 1.0], set of nodes: {0, 1, 2, 3, 4, 5, 6, 7, 8, 9, 10}, n: 11 nodes, p: 1 layers, N_bayes: 10 iterations
Solving for uuid: b2bb5205
Initial state injected as warm start
Running ADAM optimization with a single iteration (no debug loop)
Warm-start fallback: optimiser result was below the SDP warm-start energy; using the warm-start energy instead.
7.967664638160649
QAOA optimisation for n=161 took 123.39 seconds; started at stardate 1785411664.048764 and finished at stardate 1785411787.4412062
Finished QAOA for n=11 nodes, m=12 edges at 2026-07-30 13:43:07 on x86_64. Time taken: 123.39 seconds. Hours: 0.03 hours. Peak RAM: 1.11 MB.
Unknown graph type for approximation ratio calculation; checking misc CSV.
Checking optimal_results_misc.csv for matching edges and weights...
Found matching exact result in misc CSV: 7.696278297316576
CSV writing for n=161 took 0.04 seconds; started at stardate 1785411787.4412162 and finished at stardate 1785411787.4762547
results: {161: 7.967664638160649}
durations: {11: 123.39244794845581}
Results saved to: Results/logs/adam/qaoa_results_adam_20260730_132704_pid2604169.csv
Global end time: 1785411787.4762714
Finalisation time: 0.00 seconds; started at stardate 1785411787.4762619 and finished at stardate 1785411787.476276
Sum of all section times: 123.45 seconds
run_id: 99485250
