Starting QAOA benchmark with global start time: 1787149906.7910101
Benchmark parameters: {'optimiser': 'adam', 'optimiser_use_heuristic': True, 'heuristic_optimiser_iterations': 1, 'heuristic_optimiser_sampleSize': 20, 'circuit_type': 'hamqaoa', 'parameter_vector': [1, 1, 1], 'iterations_list': [50], 'learning_rate_adam': 0.01, 'depth_list': [1, 2, 3, 4, 5], 'n_start': None, 'n_end': None, 'singlet_injection': False, 'start_index_singlet': None, 'warm_start': True, 'warm_start_mode': 'amplified_king', 'lasserre_level': 2, 'initial_solver_level_M': 2, 'sdp_seed': None, 'sdp_solver_mode': 'scs', 'sdp_scs_eps': 1e-06, 'sdp_scs_max_iters': 100000, 'warm_start_corr_strength': None, 'warm_start_corr_repeats': None, 'compare_with_010101': False, 'init_QAOAparams_close_to_zero': False, 'use_correlations_as_initial_params': False, 'time_limit': None, 'failed_instance_termination_thrsh': None, 'graph_generation_type': 'hog', 'weighted': False, 'easiest_first': False, 'cpu_util_threshold': None, 'debug': False, 'save_circuit_svg': False, 'rerun_exclude_finished_instances': True, 'warm_start_cache_producer_only': False, 'qaoa_only_from_existing_warm_start_cache': True, 'optimiser_debug_iterations': None, 'num_repeats': 1, 'relative_graph_adjList_path': 'HOG_graphs/Exp5/list_388_graphs_adjacency_list_hog_v04-12_regular.txt', 'persistent_warm_start_cache': True, 'warm_start_cache_dir': 'Results/warm_start_cache', 'warm_start_cache_max_file_mb': 512, 'warm_start_cache_max_total_gb': 60, 'sdp_max_parallel': 0, 'qaoa_max_parallel': 16, 'sdp_threads': 1, 'qaoa_threads': 1, 'sdp_memory_limit_total_gb': 0, 'sdp_memory_limit_single_gb': 0, 'sdp_memory_poll_seconds': 5, 'sdp_max_retries': 0, 'queue_poll_interval_seconds': 5, 'max_graph_vertices': 11, 'completed_result_csv_paths': [], 'qaoa_seed': 1, 'initialise_standard_warm_start_with_zero_angles': False, 'result_name_suffix': '_Exp6_KingAmplifiedWithHeuristic'}, Running QAOA with equal superposition
Benchmark run ID: 4f122aa1
Benchmark repeat index: 1
SDP seed override: None
QAOA seed: 17500001
Processor: x86_64
Hostname: dacsvm-cpunode01
Total RAM (GB): None
Physical cores: 32
Logical cores: 32
Python version: 3.11.15
Initialisation time: 0.01 seconds; started at stardate {'initialisation': 0.006792545318603516} and finished at stardate1787149906.7978132
Loaded HOG graph index 175 with 15 edges.
Instance generation for n=175 took 0.11 seconds; started at stardate 1787149906.7978191 and finished at stardate 1787149906.912459
Running QAOA for n=10 nodes, m=15 edges...; Max iterations: 50
Warm-start cache: loading Results/warm_start_cache/list_388_graphs_adjacency_list_hog_v04-12_regular__filehash_5b7f8d46/hog_idx000175_81ce9efb19de_noseed_L2_M2_amplified.npz
Warm-start cache: loaded in 0.0062 seconds; effective compute time=4764.56342959404
Edges: [(2, 7), (0, 1), (4, 7), (3, 8), (1, 9), (2, 9), (0, 3), (4, 6), (5, 6), (7, 8), (1, 5), (5, 9), (4, 8), (0, 2), (3, 6)], weights: [1.0, 1.0, 1.0, 1.0, 1.0, 1.0, 1.0, 1.0, 1.0, 1.0, 1.0, 1.0, 1.0, 1.0, 1.0], set of nodes: {0, 1, 2, 3, 4, 5, 6, 7, 8, 9}, n: 10 nodes, p: 1 layers, N_bayes: 50 iterations
Solving for uuid: 22d66d89
Initial state injected as warm start
Running ADAM optimization with a single iteration (no debug loop)
8.173928122251368
QAOA optimisation for n=175 took 134.01 seconds; started at stardate 1787149906.9124653 and finished at stardate 1787150040.9230494
Finished QAOA for n=10 nodes, m=15 edges at 2026-08-19 16:34:00 on x86_64. Time taken: 134.01 seconds. Hours: 0.04 hours. Peak RAM: 0.52 MB.
Unknown graph type for approximation ratio calculation; checking misc CSV.
Checking optimal_results_misc.csv for matching edges and weights...
Found matching exact result in misc CSV: 8.673176178215003
CSV writing for n=175 took 0.02 seconds; started at stardate 1787150040.9230568 and finished at stardate 1787150040.9416232
results: {175: 8.173928122251368}
durations: {10: 134.01058983802795}
Results saved to: Results/logs/adam/qaoa_results_adam_20260819_124556_pid1554062_Exp6_KingAmplifiedWithHeuristic.csv
Global end time: 1787150040.9416327
Finalisation time: 0.00 seconds; started at stardate 1787150040.9416268 and finished at stardate 1787150040.9416368
Sum of all section times: 134.15 seconds
run_id: 4f122aa1
