Starting QAOA benchmark with global start time: 1788904484.2321823
Benchmark parameters: {'optimiser': 'adam', 'optimiser_use_heuristic': False, 'heuristic_optimiser_iterations': None, 'heuristic_optimiser_sampleSize': None, 'circuit_type': 'hamqaoa', 'parameter_vector': [1, 1, 1], 'iterations_list': [75], 'learning_rate_adam': 0.05, 'depth_list': [1, 2, 3, 4, 5], 'n_start': None, 'n_end': None, 'singlet_injection': False, 'start_index_singlet': None, 'warm_start': True, 'warm_start_mode': 'standard', 'lasserre_level': 1, 'initial_solver_level_M': 1, 'sdp_seed': 42, 'sdp_solver_mode': 'scs', 'sdp_scs_eps': 1e-06, 'sdp_scs_max_iters': 100000, 'warm_start_corr_strength': None, 'warm_start_corr_repeats': None, 'compare_with_010101': False, 'init_QAOAparams_close_to_zero': False, 'use_correlations_as_initial_params': False, 'time_limit': None, 'failed_instance_termination_thrsh': None, 'graph_generation_type': 'hog', 'weighted': False, 'easiest_first': True, 'cpu_util_threshold': None, 'debug': False, 'save_circuit_svg': False, 'rerun_exclude_finished_instances': False, 'warm_start_cache_producer_only': False, 'qaoa_only_from_existing_warm_start_cache': True, 'optimiser_debug_iterations': None, 'num_repeats': 1, 'relative_graph_adjList_path': 'HOG_graphs/Exp5/list_454_graphs_adjacency_listhog_v04-12_bipartite.txt', 'persistent_warm_start_cache': True, 'warm_start_cache_dir': 'Results/warm_start_cache', 'warm_start_cache_max_file_mb': 512, 'warm_start_cache_max_total_gb': 60, 'sdp_max_parallel': 0, 'qaoa_max_parallel': 16, 'sdp_threads': 1, 'qaoa_threads': 1, 'sdp_memory_limit_total_gb': 0, 'sdp_memory_limit_single_gb': 0, 'sdp_memory_poll_seconds': 5, 'sdp_max_retries': 0, 'queue_poll_interval_seconds': 5, 'max_graph_vertices': 10, 'completed_result_csv_paths': [], 'qaoa_seed': 42, 'initialise_standard_warm_start_with_zero_angles': True, 'result_name_suffix': '_FINAL_BENCHMARKS_STANDARD', 'algorithm17_beta_mode': 'fixed'}, Running QAOA with equal superposition
Benchmark run ID: bda2e4d1
Benchmark repeat index: 1
Configured SDP rounding seed: 42
QAOA seed used: 42
Processor: x86_64
Hostname: dacsgpu0002
Total RAM (GB): None
Physical cores: 64
Logical cores: 64
Python version: 3.11.15
Initialisation time: 0.00 seconds; started at stardate {'initialisation': 0.004618167877197266} and finished at stardate1788904484.2368062
Loaded HOG graph index 397 with 14 edges.
Instance generation for n=397 took 0.01 seconds; started at stardate 1788904484.2368116 and finished at stardate 1788904484.2459037
Running QAOA for n=9 nodes, m=14 edges...; Max iterations: 75
Warm-start cache: loading Results/warm_start_cache/list_454_graphs_adjacency_listhog_v04-12_bipartite__filehash_0815e7e8/hog_idx000397_bf3dec06da5e_seed42_L1_M1_amplified.npz
Warm-start cache: loaded in 0.0015 seconds; effective compute time=0.10802936553955078
Edges: [(2, 7), (1, 6), (0, 4), (3, 8), (4, 7), (5, 7), (0, 3), (6, 8), (1, 5), (2, 8), (3, 7), (4, 8), (5, 8), (6, 7)], weights: [1.0, 1.0, 1.0, 1.0, 1.0, 1.0, 1.0, 1.0, 1.0, 1.0, 1.0, 1.0, 1.0, 1.0], set of nodes: {0, 1, 2, 3, 4, 5, 6, 7, 8}, n: 9 nodes, p: 4 layers, N_bayes: 75 iterations
Solving for uuid: f89a1fb1
Initial state injected as warm start
Running ADAM optimization with a single iteration (no debug loop)
8.139698416203654
QAOA optimisation for n=397 took 63.25 seconds; started at stardate 1788904484.2459078 and finished at stardate 1788904547.4978185
Finished QAOA for n=9 nodes, m=14 edges at 2026-09-08 23:55:47 on x86_64. Time taken: 63.25 seconds. Hours: 0.02 hours. Peak RAM: 0.48 MB.
Unknown graph type for approximation ratio calculation; checking misc CSV.
Checking optimal_results_misc.csv for matching edges and weights...
Found matching exact result in misc CSV: 8.75144390191687
CSV writing for n=397 took 0.04 seconds; started at stardate 1788904547.4978273 and finished at stardate 1788904547.5421984
results: {397: 8.139698416203654}
durations: {9: 63.25191569328308}
Results saved to: Results/logs/adam/qaoa_results_adam_20260908_205348_pid340360_FINAL_BENCHMARKS_STANDARD.csv
Global end time: 1788904547.5422158
Finalisation time: 0.00 seconds; started at stardate 1788904547.542206 and finished at stardate 1788904547.5422215
Sum of all section times: 63.31 seconds
run_id: bda2e4d1
