/home/i6408800/MasterThesis/QAOA/Code/Circuit.py:182: UserWarning: No classical warm-start cut provided for HAMQAOA; using random cut values for fourth HAMQAOA gate. This may lead to suboptimal performance and may be unintentional if a classical warm start was intended.
  warnings.warn(
Starting QAOA benchmark with global start time: 1784794041.4789069
Benchmark parameters: {'optimiser': 'adam', 'optimiser_use_heuristic': True, 'heuristic_optimiser_iterations': 2, 'heuristic_optimiser_sampleSize': 20, 'circuit_type': 'hamqaoa', 'parameter_vector': [1, 1, 1], 'iterations_list': [5, 10, 25, 50], 'learning_rate_adam': 0.001, 'depth_list': [1, 2], 'n_start': None, 'n_end': None, 'singlet_injection': False, 'start_index_singlet': None, 'warm_start': False, 'warm_start_mode': None, 'lasserre_level': None, 'initial_solver_level_M': None, 'sdp_seed': None, 'sdp_solver_mode': None, 'sdp_scs_eps': None, 'sdp_scs_max_iters': None, 'warm_start_corr_strength': None, 'warm_start_corr_repeats': None, 'compare_with_010101': False, 'init_QAOAparams_close_to_zero': False, 'use_correlations_as_initial_params': None, 'time_limit': None, 'failed_instance_termination_thrsh': None, 'graph_generation_type': 'hog', 'weighted': False, 'easiest_first': True, 'cpu_util_threshold': None, 'debug': False, 'save_circuit_svg': False, 'rerun_exclude_finished_instances': False, 'warm_start_cache_producer_only': False, 'qaoa_only_from_existing_warm_start_cache': False, 'optimiser_debug_iterations': None, 'num_repeats': 1, 'relative_graph_adjList_path': 'HOG_graphs/stress_test.txt', 'persistent_warm_start_cache': False, 'warm_start_cache_dir': None, 'warm_start_cache_max_file_mb': None, 'warm_start_cache_max_total_gb': None, 'sdp_max_parallel': 0, 'qaoa_max_parallel': 32, 'sdp_threads': None, 'qaoa_threads': 1, 'sdp_memory_limit_total_gb': None, 'sdp_memory_limit_single_gb': None, 'sdp_memory_poll_seconds': None, 'sdp_max_retries': None, 'queue_poll_interval_seconds': 5}, Running QAOA with equal superposition
Benchmark run ID: d5c1b684
Benchmark repeat index: 1
SDP seed override: None
Processor: x86_64
Hostname: dacsgpu0002
Total RAM (GB): None
Physical cores: 64
Logical cores: 64
Python version: 3.11.15
Initialisation time: 0.00 seconds; started at stardate {'initialisation': 0.003535747528076172} and finished at stardate1784794041.4824486
Loaded HOG graph index 154 with 11 edges.
Instance generation for n=154 took 0.00 seconds; started at stardate 1784794041.4824536 and finished at stardate 1784794041.4865847
Running QAOA for n=12 nodes, m=11 edges...; Max iterations: 10
Edges: [(8, 9), (0, 1), (9, 10), (2, 3), (1, 2), (5, 6), (3, 4), (7, 8), (10, 11), (4, 5), (6, 7)], weights: [1.0, 1.0, 1.0, 1.0, 1.0, 1.0, 1.0, 1.0, 1.0, 1.0, 1.0], set of nodes: {0, 1, 2, 3, 4, 5, 6, 7, 8, 9, 10, 11}, n: 12 nodes, p: 1 layers, N_bayes: 10 iterations
Solving for uuid: 4dbdf2a9
No warm start: Default initial state is equal superposition
Running ADAM optimization with a single iteration (no debug loop)
3.082951632872226
QAOA optimisation for n=154 took 2.21 seconds; started at stardate 1784794041.4865878 and finished at stardate 1784794043.7006617
Finished QAOA for n=12 nodes, m=11 edges at 2026-07-23 10:07:23 on x86_64. Time taken: 2.21 seconds. Hours: 0.00 hours. Peak RAM: 0.21 MB.
Computing line approximation ratio
CSV writing for n=154 took 0.00 seconds; started at stardate 1784794043.7006683 and finished at stardate 1784794043.7044418
results: {154: 3.082951632872226}
durations: {12: 2.2140777111053467}
Results saved to: Results/logs/adam/qaoa_results_adam_20260723_092408_pid1749195.csv
Global end time: 1784794043.7044504
Finalisation time: 0.00 seconds; started at stardate 1784794043.704444 and finished at stardate 1784794043.7044542
Sum of all section times: 2.23 seconds
run_id: d5c1b684
