/home/i6408800/MasterThesis/QAOA/Code/Circuit.py:182: UserWarning: No classical warm-start cut provided for HAMQAOA; using random cut values for fourth HAMQAOA gate. This may lead to suboptimal performance and may be unintentional if a classical warm start was intended.
  warnings.warn(
Starting QAOA benchmark with global start time: 1784523223.667692
Benchmark parameters: {'optimiser': 'adam', 'optimiser_use_heuristic': True, 'heuristic_optimiser_iterations': 1, 'heuristic_optimiser_sampleSize': 10, 'circuit_type': 'hamqaoa', 'parameter_vector': [1, 1, 1], 'iterations_list': [5, 10, 25, 50], 'learning_rate_adam': 0.001, 'depth_list': [1, 2], 'n_start': None, 'n_end': None, 'singlet_injection': False, 'start_index_singlet': None, 'warm_start': False, 'warm_start_mode': None, 'lasserre_level': None, 'initial_solver_level_M': None, 'sdp_seed': None, 'sdp_solver_mode': None, 'sdp_scs_eps': None, 'sdp_scs_max_iters': None, 'warm_start_corr_strength': None, 'warm_start_corr_repeats': None, 'compare_with_010101': False, 'init_QAOAparams_close_to_zero': False, 'use_correlations_as_initial_params': None, 'time_limit': None, 'failed_instance_termination_thrsh': None, 'graph_generation_type': 'hog', 'weighted': False, 'easiest_first': True, 'cpu_util_threshold': None, 'debug': False, 'save_circuit_svg': False, 'rerun_exclude_finished_instances': False, 'warm_start_cache_producer_only': False, 'qaoa_only_from_existing_warm_start_cache': False, 'optimiser_debug_iterations': None, 'num_repeats': 1, 'relative_graph_adjList_path': 'HOG_graphs/triangleFree_connected_4to8vertices_176instances_AdjacencyList.txt', 'persistent_warm_start_cache': False, 'warm_start_cache_dir': None, 'warm_start_cache_max_file_mb': None, 'warm_start_cache_max_total_gb': None, 'sdp_max_parallel': 0, 'qaoa_max_parallel': 32, 'sdp_threads': None, 'qaoa_threads': 1, 'sdp_memory_limit_total_gb': None, 'sdp_memory_limit_single_gb': None, 'sdp_memory_poll_seconds': None, 'sdp_max_retries': None, 'queue_poll_interval_seconds': 5}, Running QAOA with equal superposition
Benchmark run ID: c67ed09a
Benchmark repeat index: 1
SDP seed override: None
Processor: x86_64
Hostname: dacsvm-cpunode01
Total RAM (GB): None
Physical cores: 32
Logical cores: 32
Python version: 3.11.15
Initialisation time: 0.00 seconds; started at stardate {'initialisation': 0.0027816295623779297} and finished at stardate1784523223.6704793
Loaded HOG graph index 6 with 7 edges.
Instance generation for n=6 took 0.00 seconds; started at stardate 1784523223.6704838 and finished at stardate 1784523223.6722615
Running QAOA for n=7 nodes, m=7 edges...; Max iterations: 50
Edges: [(2, 6), (3, 5), (0, 6), (4, 5), (2, 5), (1, 4), (3, 6)], weights: [1.0, 1.0, 1.0, 1.0, 1.0, 1.0, 1.0], set of nodes: {0, 1, 2, 3, 4, 5, 6}, n: 7 nodes, p: 2 layers, N_bayes: 50 iterations
Solving for uuid: 75afc811
No warm start: Default initial state is equal superposition
Running ADAM optimization with a single iteration (no debug loop)
2.7098090011181224
QAOA optimisation for n=6 took 6.59 seconds; started at stardate 1784523223.6722648 and finished at stardate 1784523230.2629488
Finished QAOA for n=7 nodes, m=7 edges at 2026-07-20 06:53:50 on x86_64. Time taken: 6.59 seconds. Hours: 0.00 hours. Peak RAM: 0.21 MB.
Unknown graph type for approximation ratio calculation; checking misc CSV.
Checking optimal_results_misc.csv for matching edges and weights...
Found matching exact result in misc CSV: 4.806219870583146
CSV writing for n=6 took 0.00 seconds; started at stardate 1784523230.2629547 and finished at stardate 1784523230.2678795
results: {6: 2.7098090011181224}
durations: {7: 6.590686798095703}
Results saved to: Results/logs/adam/qaoa_results_adam_20260720_065330_pid1016624.csv
Global end time: 1784523230.2678847
Finalisation time: 0.00 seconds; started at stardate 1784523230.2678823 and finished at stardate 1784523230.2678897
Sum of all section times: 6.60 seconds
run_id: c67ed09a
