/home/i6408800/MasterThesis/QAOA/Code/Circuit.py:182: UserWarning: No classical warm-start cut provided for HAMQAOA; using random cut values for fourth HAMQAOA gate. This may lead to suboptimal performance and may be unintentional if a classical warm start was intended.
  warnings.warn(
Starting QAOA benchmark with global start time: 1784524941.674279
Benchmark parameters: {'optimiser': 'adam', 'optimiser_use_heuristic': True, 'heuristic_optimiser_iterations': 1, 'heuristic_optimiser_sampleSize': 10, 'circuit_type': 'hamqaoa', 'parameter_vector': [1, 1, 1], 'iterations_list': [5, 10, 25, 50], 'learning_rate_adam': 0.001, 'depth_list': [1, 2], 'n_start': None, 'n_end': None, 'singlet_injection': False, 'start_index_singlet': None, 'warm_start': False, 'warm_start_mode': None, 'lasserre_level': None, 'initial_solver_level_M': None, 'sdp_seed': None, 'sdp_solver_mode': None, 'sdp_scs_eps': None, 'sdp_scs_max_iters': None, 'warm_start_corr_strength': None, 'warm_start_corr_repeats': None, 'compare_with_010101': False, 'init_QAOAparams_close_to_zero': False, 'use_correlations_as_initial_params': None, 'time_limit': None, 'failed_instance_termination_thrsh': None, 'graph_generation_type': 'hog', 'weighted': False, 'easiest_first': True, 'cpu_util_threshold': None, 'debug': False, 'save_circuit_svg': False, 'rerun_exclude_finished_instances': False, 'warm_start_cache_producer_only': False, 'qaoa_only_from_existing_warm_start_cache': False, 'optimiser_debug_iterations': None, 'num_repeats': 1, 'relative_graph_adjList_path': 'HOG_graphs/triangleFree_connected_4to8vertices_176instances_AdjacencyList.txt', 'persistent_warm_start_cache': False, 'warm_start_cache_dir': None, 'warm_start_cache_max_file_mb': None, 'warm_start_cache_max_total_gb': None, 'sdp_max_parallel': 0, 'qaoa_max_parallel': 32, 'sdp_threads': None, 'qaoa_threads': 1, 'sdp_memory_limit_total_gb': None, 'sdp_memory_limit_single_gb': None, 'sdp_memory_poll_seconds': None, 'sdp_max_retries': None, 'queue_poll_interval_seconds': 5}, Running QAOA with equal superposition
Benchmark run ID: a93605c4
Benchmark repeat index: 1
SDP seed override: None
Processor: x86_64
Hostname: dacsvm-cpunode01
Total RAM (GB): None
Physical cores: 32
Logical cores: 32
Python version: 3.11.15
Initialisation time: 0.00 seconds; started at stardate {'initialisation': 0.0038590431213378906} and finished at stardate1784524941.6781447
Loaded HOG graph index 149 with 9 edges.
Instance generation for n=149 took 0.00 seconds; started at stardate 1784524941.6781497 and finished at stardate 1784524941.6799717
Running QAOA for n=8 nodes, m=9 edges...; Max iterations: 50
Edges: [(2, 6), (5, 7), (4, 6), (3, 4), (0, 6), (4, 5), (3, 7), (2, 5), (1, 7)], weights: [1.0, 1.0, 1.0, 1.0, 1.0, 1.0, 1.0, 1.0, 1.0], set of nodes: {0, 1, 2, 3, 4, 5, 6, 7}, n: 8 nodes, p: 1 layers, N_bayes: 50 iterations
Solving for uuid: fa132609
No warm start: Default initial state is equal superposition
Running ADAM optimization with a single iteration (no debug loop)
2.9930580340994126
QAOA optimisation for n=149 took 2.95 seconds; started at stardate 1784524941.6799748 and finished at stardate 1784524944.62866
Finished QAOA for n=8 nodes, m=9 edges at 2026-07-20 07:22:24 on x86_64. Time taken: 2.95 seconds. Hours: 0.00 hours. Peak RAM: 0.21 MB.
Unknown graph type for approximation ratio calculation; checking misc CSV.
Checking optimal_results_misc.csv for matching edges and weights...
Found matching exact result in misc CSV: 6.001108824115766
CSV writing for n=149 took 0.00 seconds; started at stardate 1784524944.6286678 and finished at stardate 1784524944.6326044
results: {149: 2.9930580340994126}
durations: {8: 2.9486896991729736}
Results saved to: Results/logs/adam/qaoa_results_adam_20260720_065330_pid1016624.csv
Global end time: 1784524944.6326127
Finalisation time: 0.00 seconds; started at stardate 1784524944.6326075 and finished at stardate 1784524944.6326165
Sum of all section times: 2.96 seconds
run_id: a93605c4
