Starting QAOA benchmark with global start time: 1788894977.723161
Benchmark parameters: {'optimiser': 'adam', 'optimiser_use_heuristic': False, 'heuristic_optimiser_iterations': None, 'heuristic_optimiser_sampleSize': None, 'circuit_type': 'hamqaoa', 'parameter_vector': [1, 1, 1], 'iterations_list': [75], 'learning_rate_adam': 0.05, 'depth_list': [1, 2, 3, 4, 5], 'n_start': None, 'n_end': None, 'singlet_injection': False, 'start_index_singlet': None, 'warm_start': True, 'warm_start_mode': 'standard', 'lasserre_level': 2, 'initial_solver_level_M': 2, 'sdp_seed': 42, 'sdp_solver_mode': 'scs', 'sdp_scs_eps': 1e-06, 'sdp_scs_max_iters': 100000, 'warm_start_corr_strength': None, 'warm_start_corr_repeats': None, 'compare_with_010101': False, 'init_QAOAparams_close_to_zero': False, 'use_correlations_as_initial_params': False, 'time_limit': None, 'failed_instance_termination_thrsh': None, 'graph_generation_type': 'hog', 'weighted': False, 'easiest_first': False, 'cpu_util_threshold': None, 'debug': False, 'save_circuit_svg': False, 'rerun_exclude_finished_instances': False, 'warm_start_cache_producer_only': False, 'qaoa_only_from_existing_warm_start_cache': True, 'optimiser_debug_iterations': None, 'num_repeats': 1, 'relative_graph_adjList_path': 'HOG_graphs/Exp5/complete_graphs_2to12vertices_11instances_AdjacencyList.txt', 'persistent_warm_start_cache': True, 'warm_start_cache_dir': 'Results/warm_start_cache', 'warm_start_cache_max_file_mb': 512, 'warm_start_cache_max_total_gb': 60, 'sdp_max_parallel': 0, 'qaoa_max_parallel': 16, 'sdp_threads': 1, 'qaoa_threads': 1, 'sdp_memory_limit_total_gb': 0, 'sdp_memory_limit_single_gb': 0, 'sdp_memory_poll_seconds': 5, 'sdp_max_retries': 0, 'queue_poll_interval_seconds': 5, 'max_graph_vertices': 10, 'completed_result_csv_paths': [], 'qaoa_seed': 42, 'initialise_standard_warm_start_with_zero_angles': True, 'result_name_suffix': '_FINAL_BENCHMARKS_STANDARD', 'algorithm17_beta_mode': 'analytic_instance'}, Running QAOA with equal superposition
Benchmark run ID: d24c4410
Benchmark repeat index: 1
Configured SDP rounding seed: 42
QAOA seed used: 42
Processor: x86_64
Hostname: dacsgpu0003
Total RAM (GB): None
Physical cores: 64
Logical cores: 64
Python version: 3.11.15
Initialisation time: 0.01 seconds; started at stardate {'initialisation': 0.00509953498840332} and finished at stardate1788894977.7282743
Loaded HOG graph index 5 with 21 edges.
Instance generation for n=5 took 0.00 seconds; started at stardate 1788894977.728282 and finished at stardate 1788894977.7293968
Running QAOA for n=7 nodes, m=21 edges...; Max iterations: 75
Warm-start cache: loading Results/warm_start_cache/complete_graphs_2to12vertices_11instances_AdjacencyList__filehash_1c7be33d/hog_idx000005_527d3402612a_seed42_L2_M2_betaanalytic_instance_amplified.npz
Warm-start cache: loaded in 0.0040 seconds; effective compute time=181.51935482025146
Edges: [(2, 3), (2, 6), (3, 5), (4, 6), (0, 5), (1, 4), (0, 2), (3, 4), (4, 5), (2, 5), (1, 3), (0, 1), (1, 6), (0, 4), (5, 6), (3, 6), (2, 4), (0, 3), (1, 2), (0, 6), (1, 5)], weights: [1.0, 1.0, 1.0, 1.0, 1.0, 1.0, 1.0, 1.0, 1.0, 1.0, 1.0, 1.0, 1.0, 1.0, 1.0, 1.0, 1.0, 1.0, 1.0, 1.0, 1.0], set of nodes: {0, 1, 2, 3, 4, 5, 6}, n: 7 nodes, p: 4 layers, N_bayes: 75 iterations
Solving for uuid: 0862efe5
Initial state injected as warm start
Running ADAM optimization with a single iteration (no debug loop)
13.969657618776981
QAOA optimisation for n=5 took 37.31 seconds; started at stardate 1788894977.7294025 and finished at stardate 1788895015.040924
Finished QAOA for n=7 nodes, m=21 edges at 2026-09-08 21:16:55 on x86_64. Time taken: 37.31 seconds. Hours: 0.01 hours. Peak RAM: 0.26 MB.
Computing complete graph approximation ratio
CSV writing for n=5 took 0.02 seconds; started at stardate 1788895015.0409346 and finished at stardate 1788895015.0604467
results: {5: 13.969657618776981}
durations: {7: 37.31152844429016}
Results saved to: Results/logs/adam/qaoa_results_adam_20260908_211559_pid2948544_FINAL_BENCHMARKS_STANDARD.csv
Global end time: 1788895015.0604682
Finalisation time: 0.00 seconds; started at stardate 1788895015.0604553 and finished at stardate 1788895015.0604734
Sum of all section times: 37.34 seconds
run_id: d24c4410
