Starting QAOA benchmark with global start time: 1785539032.8903008
Benchmark parameters: {'optimiser': 'adam', 'optimiser_use_heuristic': None, 'heuristic_optimiser_iterations': None, 'heuristic_optimiser_sampleSize': None, 'circuit_type': 'hamqaoa', 'parameter_vector': [1, 1, 1], 'iterations_list': [10], 'learning_rate_adam': None, 'depth_list': [1], 'n_start': None, 'n_end': None, 'singlet_injection': False, 'start_index_singlet': None, 'warm_start': True, 'warm_start_mode': 'amplified', 'lasserre_level': 2, 'initial_solver_level_M': 1, 'sdp_seed': None, 'sdp_solver_mode': 'scs', 'sdp_scs_eps': 1e-06, 'sdp_scs_max_iters': 100000, 'warm_start_corr_strength': None, 'warm_start_corr_repeats': None, 'compare_with_010101': False, 'init_QAOAparams_close_to_zero': False, 'use_correlations_as_initial_params': False, 'time_limit': None, 'failed_instance_termination_thrsh': None, 'graph_generation_type': 'hog', 'weighted': False, 'easiest_first': False, 'cpu_util_threshold': None, 'debug': False, 'save_circuit_svg': False, 'rerun_exclude_finished_instances': True, 'warm_start_cache_producer_only': True, 'qaoa_only_from_existing_warm_start_cache': False, 'optimiser_debug_iterations': None, 'num_repeats': 1, 'relative_graph_adjList_path': 'HOG_graphs/Exp5/list_454_graphs_adjacency_listhog_v04-12_bipartite.txt', 'persistent_warm_start_cache': True, 'warm_start_cache_dir': 'Results/warm_start_cache', 'warm_start_cache_max_file_mb': 512, 'warm_start_cache_max_total_gb': 60, 'sdp_max_parallel': 32, 'qaoa_max_parallel': 0, 'sdp_threads': 1, 'qaoa_threads': 1, 'sdp_memory_limit_total_gb': 250, 'sdp_memory_limit_single_gb': 100, 'sdp_memory_poll_seconds': 5, 'sdp_max_retries': 3, 'queue_poll_interval_seconds': 5, 'completed_result_csv_paths': []}, Running QAOA with equal superposition
Benchmark run ID: 14615dd2
Benchmark repeat index: 1
SDP seed override: None
Processor: x86_64
Hostname: dacsvm-cpunode01
Total RAM (GB): None
Physical cores: 32
Logical cores: 32
Python version: 3.11.15
Initialisation time: 0.00 seconds; started at stardate {'initialisation': 0.004410266876220703} and finished at stardate1785539032.894717
Loaded HOG graph index 445 with 21 edges.
Instance generation for n=445 took 0.01 seconds; started at stardate 1785539032.8947215 and finished at stardate 1785539032.9000788
Running QAOA for n=12 nodes, m=21 edges...; Max iterations: 10
Warm-start: starting SDP solve for n_vertices=12
Warm-start: no sdp_seed in config, generated fallback seed 15850224007876722900
Starting SDP solve (solver preference: MOSEK, fallback: SCS) for n_vertices=12, matrix_dim=36, edges=21
Finished SDP solve with MOSEK. status=optimal. elapsed_seconds=0.21
Rounding...
Setting seed to 15850224007876722900
n_vertices: 12 for n = 36
Using seed 15850224007876722900 to generate random matrix for x.
Energy of rounded cut/product state: 20.999999742661245
Algorithm 17 lower-bound energy: 26.213915181428924
Algorithm 17 actual entangled-state energy: 20.434554801561706
SDP objective value: 41.999999314291756
21 in cut out of a total of 21 edges
Warm-start: SDP solve + rounding finished in 0.40 seconds
Warm-start: using level-2 Algorithm 17 entangled statevector with shape (4096,)
Warm-start cache: moment matrix before save shape=(36, 36), dtype=float64, entries=1296, bytes=10368 (0.01 MiB)
Warm-start cache: saved Results/warm_start_cache/list_454_graphs_adjacency_listhog_v04-12_bipartite__filehash_0815e7e8/hog_idx000445_b11a26fea1c5_noseed_L2_M1_amplified.npz in 0.0159 seconds
WARM_START_CACHE_PRODUCER_ONLY is set; warm-start cache has been produced/loaded. Exiting before QAOA optimisation.
