Starting QAOA benchmark with global start time: 1785253821.1989014
Benchmark parameters: {'optimiser': 'adam', 'optimiser_use_heuristic': None, 'heuristic_optimiser_iterations': None, 'heuristic_optimiser_sampleSize': None, 'circuit_type': 'hamqaoa', 'parameter_vector': [1, 1, 1], 'iterations_list': [50], 'learning_rate_adam': None, 'depth_list': [1], 'n_start': None, 'n_end': None, 'singlet_injection': False, 'start_index_singlet': None, 'warm_start': True, 'warm_start_mode': 'amplified', 'lasserre_level': 2, 'initial_solver_level_M': 2, 'sdp_seed': None, 'sdp_solver_mode': 'scs', 'sdp_scs_eps': 1e-06, 'sdp_scs_max_iters': 100000, 'warm_start_corr_strength': None, 'warm_start_corr_repeats': None, 'compare_with_010101': False, 'init_QAOAparams_close_to_zero': False, 'use_correlations_as_initial_params': False, 'time_limit': None, 'failed_instance_termination_thrsh': None, 'graph_generation_type': 'hog', 'weighted': False, 'easiest_first': False, 'cpu_util_threshold': None, 'debug': False, 'save_circuit_svg': False, 'rerun_exclude_finished_instances': True, 'warm_start_cache_producer_only': True, 'qaoa_only_from_existing_warm_start_cache': False, 'optimiser_debug_iterations': None, 'num_repeats': 1, 'relative_graph_adjList_path': 'HOG_graphs/Exp5/list_193_graphs_adjacency_listhog_v04-12_planar_clawFree.txt', 'persistent_warm_start_cache': True, 'warm_start_cache_dir': 'Results/warm_start_cache', 'warm_start_cache_max_file_mb': 512, 'warm_start_cache_max_total_gb': 60, 'sdp_max_parallel': 32, 'qaoa_max_parallel': 0, 'sdp_threads': 1, 'qaoa_threads': 1, 'sdp_memory_limit_total_gb': 250, 'sdp_memory_limit_single_gb': 100, 'sdp_memory_poll_seconds': 5, 'sdp_max_retries': 3, 'queue_poll_interval_seconds': 5, 'completed_result_csv_paths': []}, Running QAOA with equal superposition
Benchmark run ID: e56f6b46
Benchmark repeat index: 1
SDP seed override: None
Processor: x86_64
Hostname: dacsgpu0003
Total RAM (GB): None
Physical cores: 64
Logical cores: 64
Python version: 3.11.15
Initialisation time: 0.00 seconds; started at stardate {'initialisation': 0.0036268234252929688} and finished at stardate1785253821.202543
Loaded HOG graph index 63 with 12 edges.
Instance generation for n=63 took 0.01 seconds; started at stardate 1785253821.202552 and finished at stardate 1785253821.2076669
Running QAOA for n=7 nodes, m=12 edges...; Max iterations: 50
Warm-start: starting SDP solve for n_vertices=7
Warm-start: no sdp_seed in config, generated fallback seed 17744819327186630322
Using SCS solver for SDP with eps=1e-06, max_iters=100000.
SDP solver status: optimal
SDP solver name: SCS
SDP solver iterations: 250
SDP solve time: 3.1292218710000004
SDP extra stats: {'x': array([ 1.00000000e+00, -6.63320074e-16, -8.56144829e-16, ...,
        1.00000000e+00, -1.95487783e-18,  1.00000000e+00], shape=(22366,)), 'y': array([ 2.53760851e-02,  1.05111249e-02,  1.05111249e-02, ...,
        3.84946989e-02, -2.25521611e-18,  1.06607381e-01], shape=(63107,)), 's': array([0.00000000e+00, 0.00000000e+00, 0.00000000e+00, ...,
       9.99999659e-01, 7.44867770e-16, 1.00000000e+00], shape=(63107,)), 'info': {'status_val': 1, 'iter': 250, 'scale_updates': 0, 'scale': 0.1, 'pobj': -5.0000066626179205, 'dobj': -5.000005133570069, 'res_pri': 1.7215839756316456e-06, 'res_dual': 8.270555187107479e-08, 'gap': 1.5290478518892314e-06, 'res_infeas': nan, 'res_unbdd_a': 0.199999733507492, 'res_unbdd_p': 0.0, 'comp_slack': 1.5597999974547314e-12, 'solve_time': 3129.221871, 'setup_time': 53.847112, 'lin_sys_time': 338.572343, 'cone_time': 2633.999828000002, 'accel_time': 35.02567599999995, 'rejected_accel_steps': 2, 'accepted_accel_steps': 2, 'status': 'solved'}}
Rounding...
Setting seed to 17744819327186630322
n_vertices: 7 for n = 21
Using seed 17744819327186630322 to generate random matrix for x.
Energy of rounded cut/product state: 7.697229201334447
Algorithm 17 lower-bound energy: 6.630453251520049
Algorithm 17 actual entangled-state energy: 7.697229744517086
SDP objective value: 11.00000666261792
8 in cut out of a total of 12 edges
Warm-start: SDP solve + rounding finished in 417.45 seconds
Warm-start: using level-2 Algorithm 17 entangled statevector with shape (128,)
Warm-start cache: moment matrix before save shape=(211, 211), dtype=float64, entries=44521, bytes=356168 (0.34 MiB)
Warm-start cache: saved Results/warm_start_cache/list_193_graphs_adjacency_listhog_v04-12_planar_clawFree__filehash_62ae5075/hog_idx000063_3afd5d6aeaf0_noseed_L2_M2_amplified.npz in 0.0079 seconds
WARM_START_CACHE_PRODUCER_ONLY is set; warm-start cache has been produced/loaded. Exiting before QAOA optimisation.
