Starting QAOA benchmark with global start time: 1785252441.0083177
Benchmark parameters: {'optimiser': 'adam', 'optimiser_use_heuristic': None, 'heuristic_optimiser_iterations': None, 'heuristic_optimiser_sampleSize': None, 'circuit_type': 'hamqaoa', 'parameter_vector': [1, 1, 1], 'iterations_list': [50], 'learning_rate_adam': None, 'depth_list': [1], 'n_start': None, 'n_end': None, 'singlet_injection': False, 'start_index_singlet': None, 'warm_start': True, 'warm_start_mode': 'amplified', 'lasserre_level': 2, 'initial_solver_level_M': 2, 'sdp_seed': None, 'sdp_solver_mode': 'scs', 'sdp_scs_eps': 1e-06, 'sdp_scs_max_iters': 100000, 'warm_start_corr_strength': None, 'warm_start_corr_repeats': None, 'compare_with_010101': False, 'init_QAOAparams_close_to_zero': False, 'use_correlations_as_initial_params': False, 'time_limit': None, 'failed_instance_termination_thrsh': None, 'graph_generation_type': 'hog', 'weighted': False, 'easiest_first': False, 'cpu_util_threshold': None, 'debug': False, 'save_circuit_svg': False, 'rerun_exclude_finished_instances': True, 'warm_start_cache_producer_only': True, 'qaoa_only_from_existing_warm_start_cache': False, 'optimiser_debug_iterations': None, 'num_repeats': 1, 'relative_graph_adjList_path': 'HOG_graphs/Exp5/list_193_graphs_adjacency_listhog_v04-12_planar_clawFree.txt', 'persistent_warm_start_cache': True, 'warm_start_cache_dir': 'Results/warm_start_cache', 'warm_start_cache_max_file_mb': 512, 'warm_start_cache_max_total_gb': 60, 'sdp_max_parallel': 32, 'qaoa_max_parallel': 0, 'sdp_threads': 1, 'qaoa_threads': 1, 'sdp_memory_limit_total_gb': 250, 'sdp_memory_limit_single_gb': 100, 'sdp_memory_poll_seconds': 5, 'sdp_max_retries': 3, 'queue_poll_interval_seconds': 5, 'completed_result_csv_paths': []}, Running QAOA with equal superposition
Benchmark run ID: 1d20a8bf
Benchmark repeat index: 1
SDP seed override: None
Processor: x86_64
Hostname: dacsgpu0003
Total RAM (GB): None
Physical cores: 64
Logical cores: 64
Python version: 3.11.15
Initialisation time: 0.02 seconds; started at stardate {'initialisation': 0.01826953887939453} and finished at stardate1785252441.026603
Loaded HOG graph index 52 with 6 edges.
Instance generation for n=52 took 0.01 seconds; started at stardate 1785252441.026612 and finished at stardate 1785252441.0348566
Running QAOA for n=5 nodes, m=6 edges...; Max iterations: 50
Warm-start: starting SDP solve for n_vertices=5
Warm-start: no sdp_seed in config, generated fallback seed 1109652906012848507
Using SCS solver for SDP with eps=1e-06, max_iters=100000.
SDP solver status: optimal
SDP solver name: SCS
SDP solver iterations: 175
SDP solve time: 0.338869886
SDP extra stats: {'x': array([ 1.00000000e+00, -3.70394050e-16,  4.83629646e-16, ...,
        1.00000000e+00, -4.52276718e-18,  1.00000000e+00], shape=(5671,)), 'y': array([ 3.06826925e-02,  1.27091871e-02,  1.27091871e-02, ...,
        3.95377942e-02, -8.19106797e-17,  7.01535061e-02], shape=(16232,)), 's': array([0.00000000e+00, 0.00000000e+00, 0.00000000e+00, ...,
       9.99999952e-01, 4.95462722e-16, 1.00000014e+00], shape=(16232,)), 'info': {'status_val': 1, 'iter': 175, 'scale_updates': 1, 'scale': 0.3648833421135238, 'pobj': -2.9999992482383697, 'dobj': -2.999999268822025, 'res_pri': 1.3772262164879007e-06, 'res_dual': 2.2361048163116154e-07, 'gap': 2.058365522472627e-08, 'res_infeas': nan, 'res_unbdd_a': 0.33333341692277296, 'res_unbdd_p': 0.0, 'comp_slack': 1.949551631241775e-12, 'solve_time': 338.869886, 'setup_time': 9.536765, 'lin_sys_time': 47.836435, 'cone_time': 272.70433600000007, 'accel_time': 3.0414880000000037, 'rejected_accel_steps': 0, 'accepted_accel_steps': 0, 'status': 'solved'}}
Rounding...
Setting seed to 1109652906012848507
n_vertices: 5 for n = 15
Using seed 1109652906012848507 to generate random matrix for x.
Energy of rounded cut/product state: 4.009392967160306
Algorithm 17 lower-bound energy: 3.5904702819416383
Algorithm 17 actual entangled-state energy: 4.063826220550656
SDP objective value: 5.99999924823837
4 in cut out of a total of 6 edges
Warm-start: SDP solve + rounding finished in 29.87 seconds
Warm-start: using level-2 Algorithm 17 entangled statevector with shape (32,)
Warm-start cache: moment matrix before save shape=(106, 106), dtype=float64, entries=11236, bytes=89888 (0.09 MiB)
Warm-start cache: saved Results/warm_start_cache/list_193_graphs_adjacency_listhog_v04-12_planar_clawFree__filehash_62ae5075/hog_idx000052_09e737059c5c_noseed_L2_M2_amplified.npz in 0.0067 seconds
WARM_START_CACHE_PRODUCER_ONLY is set; warm-start cache has been produced/loaded. Exiting before QAOA optimisation.
