Starting QAOA benchmark with global start time: 1785248037.6937873
Benchmark parameters: {'optimiser': 'adam', 'optimiser_use_heuristic': None, 'heuristic_optimiser_iterations': None, 'heuristic_optimiser_sampleSize': None, 'circuit_type': 'hamqaoa', 'parameter_vector': [1, 1, 1], 'iterations_list': [50], 'learning_rate_adam': None, 'depth_list': [1], 'n_start': None, 'n_end': None, 'singlet_injection': False, 'start_index_singlet': None, 'warm_start': True, 'warm_start_mode': 'amplified', 'lasserre_level': 2, 'initial_solver_level_M': 2, 'sdp_seed': None, 'sdp_solver_mode': 'scs', 'sdp_scs_eps': 1e-06, 'sdp_scs_max_iters': 100000, 'warm_start_corr_strength': None, 'warm_start_corr_repeats': None, 'compare_with_010101': False, 'init_QAOAparams_close_to_zero': False, 'use_correlations_as_initial_params': False, 'time_limit': None, 'failed_instance_termination_thrsh': None, 'graph_generation_type': 'hog', 'weighted': False, 'easiest_first': False, 'cpu_util_threshold': None, 'debug': False, 'save_circuit_svg': False, 'rerun_exclude_finished_instances': True, 'warm_start_cache_producer_only': True, 'qaoa_only_from_existing_warm_start_cache': False, 'optimiser_debug_iterations': None, 'num_repeats': 1, 'relative_graph_adjList_path': 'HOG_graphs/Exp5/list_193_graphs_adjacency_listhog_v04-12_planar_clawFree.txt', 'persistent_warm_start_cache': True, 'warm_start_cache_dir': 'Results/warm_start_cache', 'warm_start_cache_max_file_mb': 512, 'warm_start_cache_max_total_gb': 60, 'sdp_max_parallel': 32, 'qaoa_max_parallel': 0, 'sdp_threads': 1, 'qaoa_threads': 1, 'sdp_memory_limit_total_gb': 250, 'sdp_memory_limit_single_gb': 100, 'sdp_memory_poll_seconds': 5, 'sdp_max_retries': 3, 'queue_poll_interval_seconds': 5, 'completed_result_csv_paths': []}, Running QAOA with equal superposition
Benchmark run ID: c0f5953e
Benchmark repeat index: 1
SDP seed override: None
Processor: x86_64
Hostname: dacsgpu0003
Total RAM (GB): None
Physical cores: 64
Logical cores: 64
Python version: 3.11.15
Initialisation time: 0.00 seconds; started at stardate {'initialisation': 0.003797769546508789} and finished at stardate1785248037.6975915
Loaded HOG graph index 22 with 7 edges.
Instance generation for n=22 took 0.01 seconds; started at stardate 1785248037.6975973 and finished at stardate 1785248037.7026315
Running QAOA for n=5 nodes, m=7 edges...; Max iterations: 50
Warm-start: starting SDP solve for n_vertices=5
Warm-start: no sdp_seed in config, generated fallback seed 12692663257400110372
Using SCS solver for SDP with eps=1e-06, max_iters=100000.
SDP solver status: optimal
SDP solver name: SCS
SDP solver iterations: 125
SDP solve time: 0.190902191
SDP extra stats: {'x': array([ 1.00000000e+00, -7.53656277e-16,  9.49290480e-16, ...,
        1.00000000e+00, -5.00174389e-19,  1.00000000e+00], shape=(5671,)), 'y': array([3.52953949e-02, 1.46198147e-02, 1.46198147e-02, ...,
       2.43849941e-02, 3.42975096e-17, 5.79459464e-02], shape=(16232,)), 's': array([0.00000000e+00, 0.00000000e+00, 0.00000000e+00, ...,
       9.99999998e-01, 1.41272015e-17, 1.00000009e+00], shape=(16232,)), 'info': {'status_val': 1, 'iter': 125, 'scale_updates': 0, 'scale': 0.1, 'pobj': -3.4999955921281134, 'dobj': -3.49999958299743, 'res_pri': 1.8560523650888313e-06, 'res_dual': 9.200257778206902e-08, 'gap': 3.9908693167944875e-06, 'res_infeas': nan, 'res_unbdd_a': 0.28571464555086223, 'res_unbdd_p': 0.0, 'comp_slack': 1.1546319456101628e-13, 'solve_time': 190.902191, 'setup_time': 8.776008, 'lin_sys_time': 27.928014000000005, 'cone_time': 153.86735400000003, 'accel_time': 2.141853, 'rejected_accel_steps': 1, 'accepted_accel_steps': 0, 'status': 'solved'}}
Rounding...
Setting seed to 12692663257400110372
n_vertices: 5 for n = 15
Using seed 12692663257400110372 to generate random matrix for x.
Energy of rounded cut/product state: 4.933194526152654
Algorithm 17 lower-bound energy: 4.192985171339931
Algorithm 17 actual entangled-state energy: 5.064645072062557
SDP objective value: 6.999995592128114
4 in cut out of a total of 7 edges
Warm-start: SDP solve + rounding finished in 25.78 seconds
Warm-start: using level-2 Algorithm 17 entangled statevector with shape (32,)
Warm-start cache: moment matrix before save shape=(106, 106), dtype=float64, entries=11236, bytes=89888 (0.09 MiB)
Warm-start cache: saved Results/warm_start_cache/list_193_graphs_adjacency_listhog_v04-12_planar_clawFree__filehash_62ae5075/hog_idx000022_8a0cc3876a6e_noseed_L2_M2_amplified.npz in 0.0061 seconds
WARM_START_CACHE_PRODUCER_ONLY is set; warm-start cache has been produced/loaded. Exiting before QAOA optimisation.
