Starting QAOA benchmark with global start time: 1785253356.7795284
Benchmark parameters: {'optimiser': 'adam', 'optimiser_use_heuristic': None, 'heuristic_optimiser_iterations': None, 'heuristic_optimiser_sampleSize': None, 'circuit_type': 'hamqaoa', 'parameter_vector': [1, 1, 1], 'iterations_list': [50], 'learning_rate_adam': None, 'depth_list': [1], 'n_start': None, 'n_end': None, 'singlet_injection': False, 'start_index_singlet': None, 'warm_start': True, 'warm_start_mode': 'amplified', 'lasserre_level': 2, 'initial_solver_level_M': 2, 'sdp_seed': None, 'sdp_solver_mode': 'scs', 'sdp_scs_eps': 1e-06, 'sdp_scs_max_iters': 100000, 'warm_start_corr_strength': None, 'warm_start_corr_repeats': None, 'compare_with_010101': False, 'init_QAOAparams_close_to_zero': False, 'use_correlations_as_initial_params': False, 'time_limit': None, 'failed_instance_termination_thrsh': None, 'graph_generation_type': 'hog', 'weighted': False, 'easiest_first': False, 'cpu_util_threshold': None, 'debug': False, 'save_circuit_svg': False, 'rerun_exclude_finished_instances': True, 'warm_start_cache_producer_only': True, 'qaoa_only_from_existing_warm_start_cache': False, 'optimiser_debug_iterations': None, 'num_repeats': 1, 'relative_graph_adjList_path': 'HOG_graphs/Exp5/list_193_graphs_adjacency_listhog_v04-12_planar_clawFree.txt', 'persistent_warm_start_cache': True, 'warm_start_cache_dir': 'Results/warm_start_cache', 'warm_start_cache_max_file_mb': 512, 'warm_start_cache_max_total_gb': 60, 'sdp_max_parallel': 32, 'qaoa_max_parallel': 0, 'sdp_threads': 1, 'qaoa_threads': 1, 'sdp_memory_limit_total_gb': 250, 'sdp_memory_limit_single_gb': 100, 'sdp_memory_poll_seconds': 5, 'sdp_max_retries': 3, 'queue_poll_interval_seconds': 5, 'completed_result_csv_paths': []}, Running QAOA with equal superposition
Benchmark run ID: 7339f6f1
Benchmark repeat index: 1
SDP seed override: None
Processor: x86_64
Hostname: dacsgpu0003
Total RAM (GB): None
Physical cores: 64
Logical cores: 64
Python version: 3.11.15
Initialisation time: 0.00 seconds; started at stardate {'initialisation': 0.004592180252075195} and finished at stardate1785253356.7841368
Loaded HOG graph index 134 with 11 edges.
Instance generation for n=134 took 0.00 seconds; started at stardate 1785253356.7841465 and finished at stardate 1785253356.7889225
Running QAOA for n=7 nodes, m=11 edges...; Max iterations: 50
Warm-start: starting SDP solve for n_vertices=7
Warm-start: no sdp_seed in config, generated fallback seed 7008572672188637742
Using SCS solver for SDP with eps=1e-06, max_iters=100000.
SDP solver status: optimal
SDP solver name: SCS
SDP solver iterations: 775
SDP solve time: 7.9309945289999995
SDP extra stats: {'x': array([ 1.00000000e+00,  5.23888674e-14,  6.74661035e-14, ...,
        1.00000000e+00, -1.16833456e-15,  1.00000000e+00], shape=(22366,)), 'y': array([ 3.65853581e-02,  1.51541769e-02,  1.51541769e-02, ...,
        8.14118143e-03, -3.27147407e-13,  7.28783605e-02], shape=(63107,)), 's': array([0.00000000e+00, 0.00000000e+00, 0.00000000e+00, ...,
       9.99999996e-01, 1.32771174e-14, 9.99999992e-01], shape=(63107,)), 'info': {'status_val': 1, 'iter': 775, 'scale_updates': 2, 'scale': 2.503903333017686, 'pobj': -6.104826441064511, 'dobj': -6.104826192879868, 'res_pri': 6.636565507852253e-07, 'res_dual': 6.487060190403487e-07, 'gap': 2.481846435031798e-07, 'res_infeas': nan, 'res_unbdd_a': 0.1638048206086008, 'res_unbdd_p': 0.0, 'comp_slack': 1.3627506478034061e-12, 'solve_time': 7930.994529, 'setup_time': 37.280785, 'lin_sys_time': 855.5970159999994, 'cone_time': 6722.741039000009, 'accel_time': 72.31807300000004, 'rejected_accel_steps': 4, 'accepted_accel_steps': 3, 'status': 'solved'}}
Rounding...
Setting seed to 7008572672188637742
n_vertices: 7 for n = 21
Using seed 7008572672188637742 to generate random matrix for x.
Energy of rounded cut/product state: 6.545771515983736
Algorithm 17 lower-bound energy: 6.947181335339582
Algorithm 17 actual entangled-state energy: 6.779186411464377
SDP objective value: 11.604826441064514
6 in cut out of a total of 11 edges
Warm-start: SDP solve + rounding finished in 401.94 seconds
Warm-start: using level-2 Algorithm 17 entangled statevector with shape (128,)
Warm-start cache: moment matrix before save shape=(211, 211), dtype=float64, entries=44521, bytes=356168 (0.34 MiB)
Warm-start cache: saved Results/warm_start_cache/list_193_graphs_adjacency_listhog_v04-12_planar_clawFree__filehash_62ae5075/hog_idx000134_a61381a274fa_noseed_L2_M2_amplified.npz in 0.0121 seconds
WARM_START_CACHE_PRODUCER_ONLY is set; warm-start cache has been produced/loaded. Exiting before QAOA optimisation.
