Starting QAOA benchmark with global start time: 1785252416.1179893
Benchmark parameters: {'optimiser': 'adam', 'optimiser_use_heuristic': None, 'heuristic_optimiser_iterations': None, 'heuristic_optimiser_sampleSize': None, 'circuit_type': 'hamqaoa', 'parameter_vector': [1, 1, 1], 'iterations_list': [50], 'learning_rate_adam': None, 'depth_list': [1], 'n_start': None, 'n_end': None, 'singlet_injection': False, 'start_index_singlet': None, 'warm_start': True, 'warm_start_mode': 'amplified', 'lasserre_level': 2, 'initial_solver_level_M': 2, 'sdp_seed': None, 'sdp_solver_mode': 'scs', 'sdp_scs_eps': 1e-06, 'sdp_scs_max_iters': 100000, 'warm_start_corr_strength': None, 'warm_start_corr_repeats': None, 'compare_with_010101': False, 'init_QAOAparams_close_to_zero': False, 'use_correlations_as_initial_params': False, 'time_limit': None, 'failed_instance_termination_thrsh': None, 'graph_generation_type': 'hog', 'weighted': False, 'easiest_first': False, 'cpu_util_threshold': None, 'debug': False, 'save_circuit_svg': False, 'rerun_exclude_finished_instances': True, 'warm_start_cache_producer_only': True, 'qaoa_only_from_existing_warm_start_cache': False, 'optimiser_debug_iterations': None, 'num_repeats': 1, 'relative_graph_adjList_path': 'HOG_graphs/Exp5/list_193_graphs_adjacency_listhog_v04-12_planar_clawFree.txt', 'persistent_warm_start_cache': True, 'warm_start_cache_dir': 'Results/warm_start_cache', 'warm_start_cache_max_file_mb': 512, 'warm_start_cache_max_total_gb': 60, 'sdp_max_parallel': 32, 'qaoa_max_parallel': 0, 'sdp_threads': 1, 'qaoa_threads': 1, 'sdp_memory_limit_total_gb': 250, 'sdp_memory_limit_single_gb': 100, 'sdp_memory_poll_seconds': 5, 'sdp_max_retries': 3, 'queue_poll_interval_seconds': 5, 'completed_result_csv_paths': []}, Running QAOA with equal superposition
Benchmark run ID: aea7f33d
Benchmark repeat index: 1
SDP seed override: None
Processor: x86_64
Hostname: dacsgpu0003
Total RAM (GB): None
Physical cores: 64
Logical cores: 64
Python version: 3.11.15
Initialisation time: 0.01 seconds; started at stardate {'initialisation': 0.005011796951293945} and finished at stardate1785252416.123017
Loaded HOG graph index 112 with 14 edges.
Instance generation for n=112 took 0.00 seconds; started at stardate 1785252416.1230268 and finished at stardate 1785252416.1279998
Running QAOA for n=8 nodes, m=14 edges...; Max iterations: 50
Warm-start: starting SDP solve for n_vertices=8
Warm-start: no sdp_seed in config, generated fallback seed 4621241540795243670
Using SCS solver for SDP with eps=1e-06, max_iters=100000.
SDP solver status: optimal
SDP solver name: SCS
SDP solver iterations: 1550
SDP solve time: 27.350735572
SDP extra stats: {'x': array([ 1.00000000e+00, -1.79570255e-13, -3.42363751e-15, ...,
        1.00000000e+00, -1.65812154e-18,  1.00000000e+00], shape=(38503,)), 'y': array([3.63599634e-02, 1.50607886e-02, 1.50607886e-02, ...,
       1.53627482e-02, 1.93741945e-13, 6.28271148e-02], shape=(108050,)), 's': array([ 0.00000000e+00,  0.00000000e+00,  0.00000000e+00, ...,
        1.00000003e+00, -1.88170681e-15,  1.00000003e+00], shape=(108050,)), 'info': {'status_val': 1, 'iter': 1550, 'scale_updates': 3, 'scale': 3.935015703434857, 'pobj': -7.961450329323995, 'dobj': -7.96145033769333, 'res_pri': 1.4561653570902848e-06, 'res_dual': 8.564275552223992e-07, 'gap': 8.36933544690055e-09, 'res_infeas': nan, 'res_unbdd_a': 0.12560525516136403, 'res_unbdd_p': 0.0, 'comp_slack': 9.19183616496344e-12, 'solve_time': 27350.735572, 'setup_time': 64.641492, 'lin_sys_time': 2707.3161659999982, 'cone_time': 23578.289726000006, 'accel_time': 212.80007500000335, 'rejected_accel_steps': 12, 'accepted_accel_steps': 1, 'status': 'solved'}}
Rounding...
Setting seed to 4621241540795243670
n_vertices: 8 for n = 24
Using seed 4621241540795243670 to generate random matrix for x.
Energy of rounded cut/product state: 8.208791893971902
Algorithm 17 lower-bound energy: 9.014252058665432
Algorithm 17 actual entangled-state energy: 8.798220697130818
SDP objective value: 14.961450329323995
6 in cut out of a total of 14 edges
Warm-start: SDP solve + rounding finished in 1275.07 seconds
Warm-start: using level-2 Algorithm 17 entangled statevector with shape (256,)
Warm-start cache: moment matrix before save shape=(277, 277), dtype=float64, entries=76729, bytes=613832 (0.59 MiB)
Warm-start cache: saved Results/warm_start_cache/list_193_graphs_adjacency_listhog_v04-12_planar_clawFree__filehash_62ae5075/hog_idx000112_c1875cdd0785_noseed_L2_M2_amplified.npz in 0.0119 seconds
WARM_START_CACHE_PRODUCER_ONLY is set; warm-start cache has been produced/loaded. Exiting before QAOA optimisation.
