Starting QAOA benchmark with global start time: 1785257470.8947315
Benchmark parameters: {'optimiser': 'adam', 'optimiser_use_heuristic': None, 'heuristic_optimiser_iterations': None, 'heuristic_optimiser_sampleSize': None, 'circuit_type': 'hamqaoa', 'parameter_vector': [1, 1, 1], 'iterations_list': [50], 'learning_rate_adam': None, 'depth_list': [1], 'n_start': None, 'n_end': None, 'singlet_injection': False, 'start_index_singlet': None, 'warm_start': True, 'warm_start_mode': 'amplified', 'lasserre_level': 2, 'initial_solver_level_M': 2, 'sdp_seed': None, 'sdp_solver_mode': 'scs', 'sdp_scs_eps': 1e-06, 'sdp_scs_max_iters': 100000, 'warm_start_corr_strength': None, 'warm_start_corr_repeats': None, 'compare_with_010101': False, 'init_QAOAparams_close_to_zero': False, 'use_correlations_as_initial_params': False, 'time_limit': None, 'failed_instance_termination_thrsh': None, 'graph_generation_type': 'hog', 'weighted': False, 'easiest_first': False, 'cpu_util_threshold': None, 'debug': False, 'save_circuit_svg': False, 'rerun_exclude_finished_instances': True, 'warm_start_cache_producer_only': True, 'qaoa_only_from_existing_warm_start_cache': False, 'optimiser_debug_iterations': None, 'num_repeats': 1, 'relative_graph_adjList_path': 'HOG_graphs/Exp5/list_193_graphs_adjacency_listhog_v04-12_planar_clawFree.txt', 'persistent_warm_start_cache': True, 'warm_start_cache_dir': 'Results/warm_start_cache', 'warm_start_cache_max_file_mb': 512, 'warm_start_cache_max_total_gb': 60, 'sdp_max_parallel': 32, 'qaoa_max_parallel': 0, 'sdp_threads': 1, 'qaoa_threads': 1, 'sdp_memory_limit_total_gb': 250, 'sdp_memory_limit_single_gb': 100, 'sdp_memory_poll_seconds': 5, 'sdp_max_retries': 3, 'queue_poll_interval_seconds': 5, 'completed_result_csv_paths': []}, Running QAOA with equal superposition
Benchmark run ID: cabbf8a1
Benchmark repeat index: 1
SDP seed override: None
Processor: x86_64
Hostname: dacsgpu0003
Total RAM (GB): None
Physical cores: 64
Logical cores: 64
Python version: 3.11.15
Initialisation time: 0.01 seconds; started at stardate {'initialisation': 0.009726524353027344} and finished at stardate1785257470.904474
Loaded HOG graph index 176 with 11 edges.
Instance generation for n=176 took 0.01 seconds; started at stardate 1785257470.9044852 and finished at stardate 1785257470.9106307
Running QAOA for n=8 nodes, m=11 edges...; Max iterations: 50
Warm-start: starting SDP solve for n_vertices=8
Warm-start: no sdp_seed in config, generated fallback seed 8286436855389223583
Using SCS solver for SDP with eps=1e-06, max_iters=100000.
SDP solver status: optimal
SDP solver name: SCS
SDP solver iterations: 1000
SDP solve time: 16.991566635999998
SDP extra stats: {'x': array([ 1.00000000e+00,  1.81605217e-14, -1.82425117e-14, ...,
        1.00000000e+00,  2.35058585e-18,  1.00000000e+00], shape=(38503,)), 'y': array([2.79425890e-02, 1.15742010e-02, 1.15742010e-02, ...,
       2.09760460e-02, 5.21259005e-15, 3.47034237e-02], shape=(108050,)), 's': array([ 0.00000000e+00,  0.00000000e+00,  0.00000000e+00, ...,
        9.99999992e-01, -6.41065572e-15,  9.99999967e-01], shape=(108050,)), 'info': {'status_val': 1, 'iter': 1000, 'scale_updates': 2, 'scale': 1.3797602250649588, 'pobj': -7.723855542209389, 'dobj': -7.723855516032896, 'res_pri': 6.483117781803342e-07, 'res_dual': 1.304353556466452e-07, 'gap': 2.6176492973206678e-08, 'res_infeas': nan, 'res_unbdd_a': 0.12946901901090108, 'res_unbdd_p': 0.0, 'comp_slack': 5.672705876296041e-12, 'solve_time': 16991.566636, 'setup_time': 62.668475, 'lin_sys_time': 1694.4311340000002, 'cone_time': 14643.040455999982, 'accel_time': 132.08702099999977, 'rejected_accel_steps': 7, 'accepted_accel_steps': 1, 'status': 'solved'}}
Rounding...
Setting seed to 8286436855389223583
n_vertices: 8 for n = 24
Using seed 8286436855389223583 to generate random matrix for x.
Energy of rounded cut/product state: 7.461278120369044
Algorithm 17 lower-bound energy: 7.871627243624005
Algorithm 17 actual entangled-state energy: 8.163259155210856
SDP objective value: 13.223855542209389
5 in cut out of a total of 11 edges
Warm-start: SDP solve + rounding finished in 1285.63 seconds
Warm-start: using level-2 Algorithm 17 entangled statevector with shape (256,)
Warm-start cache: moment matrix before save shape=(277, 277), dtype=float64, entries=76729, bytes=613832 (0.59 MiB)
Warm-start cache: saved Results/warm_start_cache/list_193_graphs_adjacency_listhog_v04-12_planar_clawFree__filehash_62ae5075/hog_idx000176_d69fd9745162_noseed_L2_M2_amplified.npz in 0.0091 seconds
WARM_START_CACHE_PRODUCER_ONLY is set; warm-start cache has been produced/loaded. Exiting before QAOA optimisation.
