Starting QAOA benchmark with global start time: 1784471714.1324325
Benchmark parameters: {'optimiser': 'adam', 'optimiser_use_heuristic': True, 'heuristic_optimiser_iterations': 1, 'heuristic_optimiser_sampleSize': 10, 'circuit_type': 'hamqaoa', 'parameter_vector': [1, 1, 1], 'iterations_list': [5, 10, 25, 50], 'learning_rate_adam': 0.05, 'depth_list': [1, 2], 'n_start': None, 'n_end': None, 'singlet_injection': False, 'start_index_singlet': None, 'warm_start': True, 'warm_start_mode': 'standard', 'lasserre_level': 2, 'initial_solver_level_M': 2, 'sdp_seed': 42, 'sdp_solver_mode': 'scs', 'sdp_scs_eps': 1e-06, 'sdp_scs_max_iters': 100000, 'warm_start_corr_strength': None, 'warm_start_corr_repeats': None, 'compare_with_010101': False, 'init_QAOAparams_close_to_zero': False, 'use_correlations_as_initial_params': False, 'time_limit': None, 'failed_instance_termination_thrsh': None, 'graph_generation_type': 'hog', 'weighted': False, 'easiest_first': True, 'cpu_util_threshold': None, 'debug': False, 'save_circuit_svg': False, 'rerun_exclude_finished_instances': False, 'warm_start_cache_producer_only': False, 'qaoa_only_from_existing_warm_start_cache': True, 'optimiser_debug_iterations': None, 'num_repeats': 1, 'relative_graph_adjList_path': 'HOG_graphs/triangleFree_connected_4to8vertices_176instances_AdjacencyList.txt', 'persistent_warm_start_cache': True, 'warm_start_cache_dir': 'Results/warm_start_cache', 'warm_start_cache_max_file_mb': 512, 'warm_start_cache_max_total_gb': 60, 'sdp_max_parallel': 0, 'qaoa_max_parallel': 32, 'sdp_threads': 1, 'qaoa_threads': 1, 'sdp_memory_limit_total_gb': 250, 'sdp_memory_limit_single_gb': 250, 'sdp_memory_poll_seconds': 5, 'sdp_max_retries': 3, 'queue_poll_interval_seconds': 5}, Running QAOA with equal superposition
Benchmark run ID: 308aff2f
Benchmark repeat index: 1
SDP seed override: 42
Processor: x86_64
Hostname: dacsgpu0002
Total RAM (GB): None
Physical cores: 64
Logical cores: 64
Python version: 3.11.15
Initialisation time: 0.00 seconds; started at stardate {'initialisation': 0.0035552978515625} and finished at stardate1784471714.1359963
Loaded HOG graph index 36 with 5 edges.
Instance generation for n=36 took 0.00 seconds; started at stardate 1784471714.1360023 and finished at stardate 1784471714.1384785
Running QAOA for n=6 nodes, m=5 edges...; Max iterations: 25
Warm-start cache: loading Results/warm_start_cache/triangleFree_connected_4to8vertices_176instances_AdjacencyList__filehash_279b7452/hog_idx000036_de880e1481de_seed42_L2_M2_standard.npz
Warm-start cache: loaded in 0.0012 seconds; effective compute time=130.1152799129486
Edges: [(2, 3), (0, 4), (3, 5), (1, 5), (2, 4)], weights: [1.0, 1.0, 1.0, 1.0, 1.0], set of nodes: {0, 1, 2, 3, 4, 5}, n: 6 nodes, p: 1 layers, N_bayes: 25 iterations
Solving for uuid: 294f25a2
Initial state injected as warm start
Running ADAM optimization with a single iteration (no debug loop)
3.9688904900674555
QAOA optimisation for n=36 took 0.86 seconds; started at stardate 1784471714.1384826 and finished at stardate 1784471715.0002294
Finished QAOA for n=6 nodes, m=5 edges at 2026-07-19 16:35:15 on x86_64. Time taken: 0.86 seconds. Hours: 0.00 hours. Peak RAM: 0.2 MB.
Computing line approximation ratio
CSV writing for n=36 took 0.01 seconds; started at stardate 1784471715.0002356 and finished at stardate 1784471715.0052638
results: {36: 3.9688904900674555}
durations: {6: 0.8617508411407471}
Results saved to: Results/logs/adam/qaoa_results_adam_20260719_163437_pid2958042.csv
Global end time: 1784471715.005286
Finalisation time: 0.00 seconds; started at stardate 1784471715.0052667 and finished at stardate 1784471715.0052896
Sum of all section times: 0.87 seconds
run_id: 308aff2f
