/home/i6408800/MasterThesis/QAOA/Code/Circuit.py:182: UserWarning: No classical warm-start cut provided for HAMQAOA; using random cut values for fourth HAMQAOA gate. This may lead to suboptimal performance and may be unintentional if a classical warm start was intended.
  warnings.warn(
Starting QAOA benchmark with global start time: 1784684559.1021054
Benchmark parameters: {'optimiser': 'adam', 'optimiser_use_heuristic': True, 'heuristic_optimiser_iterations': 2, 'heuristic_optimiser_sampleSize': 10, 'circuit_type': 'hamqaoa', 'parameter_vector': [1, 1, 1], 'iterations_list': [5, 10, 25, 50], 'learning_rate_adam': 0.05, 'depth_list': [1, 2], 'n_start': None, 'n_end': None, 'singlet_injection': False, 'start_index_singlet': None, 'warm_start': False, 'warm_start_mode': None, 'lasserre_level': None, 'initial_solver_level_M': None, 'sdp_seed': None, 'sdp_solver_mode': None, 'sdp_scs_eps': None, 'sdp_scs_max_iters': None, 'warm_start_corr_strength': None, 'warm_start_corr_repeats': None, 'compare_with_010101': False, 'init_QAOAparams_close_to_zero': False, 'use_correlations_as_initial_params': None, 'time_limit': None, 'failed_instance_termination_thrsh': None, 'graph_generation_type': 'hog', 'weighted': False, 'easiest_first': True, 'cpu_util_threshold': None, 'debug': False, 'save_circuit_svg': False, 'rerun_exclude_finished_instances': False, 'warm_start_cache_producer_only': False, 'qaoa_only_from_existing_warm_start_cache': False, 'optimiser_debug_iterations': None, 'num_repeats': 1, 'relative_graph_adjList_path': 'HOG_graphs/triangleFree_connected_4to8vertices_176instances_AdjacencyList.txt', 'persistent_warm_start_cache': False, 'warm_start_cache_dir': None, 'warm_start_cache_max_file_mb': None, 'warm_start_cache_max_total_gb': None, 'sdp_max_parallel': 0, 'qaoa_max_parallel': 32, 'sdp_threads': None, 'qaoa_threads': 1, 'sdp_memory_limit_total_gb': None, 'sdp_memory_limit_single_gb': None, 'sdp_memory_poll_seconds': None, 'sdp_max_retries': None, 'queue_poll_interval_seconds': 5}, Running QAOA with equal superposition
Benchmark run ID: 7d419358
Benchmark repeat index: 1
SDP seed override: None
Processor: x86_64
Hostname: dacsgpu0002
Total RAM (GB): None
Physical cores: 64
Logical cores: 64
Python version: 3.11.15
Initialisation time: 0.00 seconds; started at stardate {'initialisation': 0.004483461380004883} and finished at stardate1784684559.1065967
Loaded HOG graph index 136 with 12 edges.
Instance generation for n=136 took 0.00 seconds; started at stardate 1784684559.1066024 and finished at stardate 1784684559.1112125
Running QAOA for n=8 nodes, m=12 edges...; Max iterations: 50
Edges: [(1, 3), (4, 7), (5, 7), (0, 7), (4, 6), (5, 6), (0, 6), (1, 5), (3, 7), (2, 5), (3, 6), (2, 4)], weights: [1.0, 1.0, 1.0, 1.0, 1.0, 1.0, 1.0, 1.0, 1.0, 1.0, 1.0, 1.0], set of nodes: {0, 1, 2, 3, 4, 5, 6, 7}, n: 8 nodes, p: 2 layers, N_bayes: 50 iterations
Solving for uuid: 92f841be
No warm start: Default initial state is equal superposition
Running ADAM optimization with a single iteration (no debug loop)
4.278095531710003
QAOA optimisation for n=136 took 4.64 seconds; started at stardate 1784684559.1112173 and finished at stardate 1784684563.755687
Finished QAOA for n=8 nodes, m=12 edges at 2026-07-22 03:42:43 on x86_64. Time taken: 4.64 seconds. Hours: 0.00 hours. Peak RAM: 0.2 MB.
Unknown graph type for approximation ratio calculation; checking misc CSV.
Checking optimal_results_misc.csv for matching edges and weights...
Found matching exact result in misc CSV: 7.726569284190418
CSV writing for n=136 took 0.01 seconds; started at stardate 1784684563.755699 and finished at stardate 1784684563.7613437
results: {136: 4.278095531710003}
durations: {8: 4.644477128982544}
Results saved to: Results/logs/adam/qaoa_results_adam_20260722_032058_pid3077358.csv
Global end time: 1784684563.7613592
Finalisation time: 0.00 seconds; started at stardate 1784684563.7613487 and finished at stardate 1784684563.761365
Sum of all section times: 4.66 seconds
run_id: 7d419358
