Launcher PID: 2016853
Started at: 2026-06-30 15:02:02
Host: dacsgpu0002
Working directory: /home/i6408800/MasterThesis/QAOA
Using MOSEK license path: /home/i6408800/MasterThesis/mosek.lic
Using benchmark config snapshot: Results/config_snapshots/benchmark_config_20260630_150202_pid2016853.json
Running inside Slurm job: 5757 (exact_complete)
Slurm node list: dacsgpu0002.fse-cslab.nl
Slurm CPUs per task: 3
Nominal launcher thread budget: 2
Slurm memory per node: 52224 MB (~51 GB)
completed_result_csv_paths configured: 0
completed_result_csv matched rows: 0
completed_result_csv unique completed keys: 0
completed_result_csv skipped non-matching rows: 0
completed_result_csv rows missing required columns: 0
Benchmark configuration from Results/config_snapshots/benchmark_config_20260630_150202_pid2016853.json:
  optimiser: "exact"
  optimiser_use_heuristic: false
  heuristic_optimiser_iterations: 0
  heuristic_optimiser_sampleSize: 0
  circuit_type: null
  parameter_vector: [1,1,1]
  iterations_list: [50]
  learning_rate_adam: 0.05
  depth_list: [1,3,5]
  n_start: 11
  n_end: 30
  singlet_injection: false
  start_index_singlet: null
  warm_start: true
  warm_start_mode: "standard"
  lasserre_level: 2
  initial_solver_level_M: 2
  sdp_seed: null
  sdp_solver_mode: "scs"
  sdp_scs_eps: 0.001
  sdp_scs_max_iters: 20000
  warm_start_corr_strength: null
  warm_start_corr_repeats: null
  compare_with_010101: false
  init_QAOAparams_close_to_zero: false
  use_correlations_as_initial_params: false
  time_limit: null
  failed_instance_termination_thrsh: null
  graph_generation_type: "complete"
  weighted: false
  easiest_first: true
  cpu_util_threshold: null
  debug: false
  save_circuit_svg: false
  rerun_exclude_finished_instances: true
  warm_start_cache_producer_only: true
  qaoa_only_from_existing_warm_start_cache: false
  optimiser_debug_iterations: null
  num_repeats: 1
  relative_graph_adjList_path: "HOG_graphs/stress_test.txt"
  persistent_warm_start_cache: true
  warm_start_cache_dir: "Results/warm_start_cache/fast_test_scs"
  warm_start_cache_max_file_mb: 512
  warm_start_cache_max_total_gb: 60
  sdp_max_parallel: 2
  qaoa_max_parallel: 0
  sdp_threads: 1
  qaoa_threads: 1
  sdp_memory_limit_total_gb: 50
  sdp_memory_limit_single_gb: 50
  sdp_memory_poll_seconds: 5
  sdp_max_retries: 3
  queue_poll_interval_seconds: 5

DSRI SDP/QAOA queue launcher settings:
  warm_start: true
  pending_sdp_initial: 20
  pending_qaoa_initial: 0
  sdp_max_parallel: 2
  qaoa_max_parallel: 0
  sdp_memory_limit_total_gb: 50
  sdp_memory_limit_single_gb: 50
  sdp_max_retries: 3
  sdp_threads: 1
  qaoa_threads: 1
  warm_start_cache_dir: Results/warm_start_cache/fast_test_scs
  warm_start_cache_max_file_mb: 512
  warm_start_cache_max_total_gb: 60
  warm_start_cache_producer_only: true
  qaoa_only_from_existing_warm_start_cache: false
  completed_runs_txt_entries: 2861
  completed_result_csv_entries: 0
  nominal_thread_budget: 2
  slurm_job_id: 5757
  slurm_node_list: dacsgpu0002.fse-cslab.nl
  slurm_cpus_per_task: 3
  slurm_mem_per_node_mb: 52224
  python_bin: /home/i6408800/miniforge3/envs/masterthesis/bin/python
  MOSEKLM_LICENSE_FILE: /home/i6408800/MasterThesis/mosek.lic

Cache lock exists for key=n11_rep1_seednone; requeueing for later: Results/warm_start_cache/fast_test_scs/complete/complete_n11_e2eceb8ce6db_noseed_L2_M2_standard.npz.lock
Cache lock exists for key=n11_rep1_seednone; requeueing for later: Results/warm_start_cache/fast_test_scs/complete/complete_n11_e2eceb8ce6db_noseed_L2_M2_standard.npz.lock
Cache lock exists for key=n11_rep1_seednone; requeueing for later: Results/warm_start_cache/fast_test_scs/complete/complete_n11_e2eceb8ce6db_noseed_L2_M2_standard.npz.lock
Cache lock exists for key=n11_rep1_seednone; requeueing for later: Results/warm_start_cache/fast_test_scs/complete/complete_n11_e2eceb8ce6db_noseed_L2_M2_standard.npz.lock
Cache lock exists for key=n11_rep1_seednone; requeueing for later: Results/warm_start_cache/fast_test_scs/complete/complete_n11_e2eceb8ce6db_noseed_L2_M2_standard.npz.lock
Cache lock exists for key=n11_rep1_seednone; requeueing for later: Results/warm_start_cache/fast_test_scs/complete/complete_n11_e2eceb8ce6db_noseed_L2_M2_standard.npz.lock
Cache lock exists for key=n11_rep1_seednone; requeueing for later: Results/warm_start_cache/fast_test_scs/complete/complete_n11_e2eceb8ce6db_noseed_L2_M2_standard.npz.lock
Cache lock exists for key=n11_rep1_seednone; requeueing for later: Results/warm_start_cache/fast_test_scs/complete/complete_n11_e2eceb8ce6db_noseed_L2_M2_standard.npz.lock
Cache lock exists for key=n11_rep1_seednone; requeueing for later: Results/warm_start_cache/fast_test_scs/complete/complete_n11_e2eceb8ce6db_noseed_L2_M2_standard.npz.lock
Cache lock exists for key=n11_rep1_seednone; requeueing for later: Results/warm_start_cache/fast_test_scs/complete/complete_n11_e2eceb8ce6db_noseed_L2_M2_standard.npz.lock
Cache lock exists for key=n11_rep1_seednone; requeueing for later: Results/warm_start_cache/fast_test_scs/complete/complete_n11_e2eceb8ce6db_noseed_L2_M2_standard.npz.lock
Cache lock exists for key=n11_rep1_seednone; requeueing for later: Results/warm_start_cache/fast_test_scs/complete/complete_n11_e2eceb8ce6db_noseed_L2_M2_standard.npz.lock
Cache lock exists for key=n11_rep1_seednone; requeueing for later: Results/warm_start_cache/fast_test_scs/complete/complete_n11_e2eceb8ce6db_noseed_L2_M2_standard.npz.lock
Cache lock exists for key=n11_rep1_seednone; requeueing for later: Results/warm_start_cache/fast_test_scs/complete/complete_n11_e2eceb8ce6db_noseed_L2_M2_standard.npz.lock
Cache lock exists for key=n11_rep1_seednone; requeueing for later: Results/warm_start_cache/fast_test_scs/complete/complete_n11_e2eceb8ce6db_noseed_L2_M2_standard.npz.lock
Cache lock exists for key=n11_rep1_seednone; requeueing for later: Results/warm_start_cache/fast_test_scs/complete/complete_n11_e2eceb8ce6db_noseed_L2_M2_standard.npz.lock
Cache lock exists for key=n11_rep1_seednone; requeueing for later: Results/warm_start_cache/fast_test_scs/complete/complete_n11_e2eceb8ce6db_noseed_L2_M2_standard.npz.lock
Cache lock exists for key=n11_rep1_seednone; requeueing for later: Results/warm_start_cache/fast_test_scs/complete/complete_n11_e2eceb8ce6db_noseed_L2_M2_standard.npz.lock
Cache lock exists for key=n11_rep1_seednone; requeueing for later: Results/warm_start_cache/fast_test_scs/complete/complete_n11_e2eceb8ce6db_noseed_L2_M2_standard.npz.lock
Cache lock exists for key=n11_rep1_seednone; requeueing for later: Results/warm_start_cache/fast_test_scs/complete/complete_n11_e2eceb8ce6db_noseed_L2_M2_standard.npz.lock
Cache lock exists for key=n11_rep1_seednone; requeueing for later: Results/warm_start_cache/fast_test_scs/complete/complete_n11_e2eceb8ce6db_noseed_L2_M2_standard.npz.lock
Cache lock exists for key=n11_rep1_seednone; requeueing for later: Results/warm_start_cache/fast_test_scs/complete/complete_n11_e2eceb8ce6db_noseed_L2_M2_standard.npz.lock
Cache lock exists for key=n11_rep1_seednone; requeueing for later: Results/warm_start_cache/fast_test_scs/complete/complete_n11_e2eceb8ce6db_noseed_L2_M2_standard.npz.lock
Cache lock exists for key=n11_rep1_seednone; requeueing for later: Results/warm_start_cache/fast_test_scs/complete/complete_n11_e2eceb8ce6db_noseed_L2_M2_standard.npz.lock
Cache lock exists for key=n11_rep1_seednone; requeueing for later: Results/warm_start_cache/fast_test_scs/complete/complete_n11_e2eceb8ce6db_noseed_L2_M2_standard.npz.lock
Cache lock exists for key=n11_rep1_seednone; requeueing for later: Results/warm_start_cache/fast_test_scs/complete/complete_n11_e2eceb8ce6db_noseed_L2_M2_standard.npz.lock
Cache lock exists for key=n11_rep1_seednone; requeueing for later: Results/warm_start_cache/fast_test_scs/complete/complete_n11_e2eceb8ce6db_noseed_L2_M2_standard.npz.lock
Cache lock exists for key=n11_rep1_seednone; requeueing for later: Results/warm_start_cache/fast_test_scs/complete/complete_n11_e2eceb8ce6db_noseed_L2_M2_standard.npz.lock
Cache lock exists for key=n11_rep1_seednone; requeueing for later: Results/warm_start_cache/fast_test_scs/complete/complete_n11_e2eceb8ce6db_noseed_L2_M2_standard.npz.lock
Cache lock exists for key=n11_rep1_seednone; requeueing for later: Results/warm_start_cache/fast_test_scs/complete/complete_n11_e2eceb8ce6db_noseed_L2_M2_standard.npz.lock
Cache lock exists for key=n11_rep1_seednone; requeueing for later: Results/warm_start_cache/fast_test_scs/complete/complete_n11_e2eceb8ce6db_noseed_L2_M2_standard.npz.lock
Cache lock exists for key=n11_rep1_seednone; requeueing for later: Results/warm_start_cache/fast_test_scs/complete/complete_n11_e2eceb8ce6db_noseed_L2_M2_standard.npz.lock
Cache lock exists for key=n11_rep1_seednone; requeueing for later: Results/warm_start_cache/fast_test_scs/complete/complete_n11_e2eceb8ce6db_noseed_L2_M2_standard.npz.lock
Cache lock exists for key=n11_rep1_seednone; requeueing for later: Results/warm_start_cache/fast_test_scs/complete/complete_n11_e2eceb8ce6db_noseed_L2_M2_standard.npz.lock
Cache lock exists for key=n11_rep1_seednone; requeueing for later: Results/warm_start_cache/fast_test_scs/complete/complete_n11_e2eceb8ce6db_noseed_L2_M2_standard.npz.lock
Cache lock exists for key=n11_rep1_seednone; requeueing for later: Results/warm_start_cache/fast_test_scs/complete/complete_n11_e2eceb8ce6db_noseed_L2_M2_standard.npz.lock
Cache lock exists for key=n11_rep1_seednone; requeueing for later: Results/warm_start_cache/fast_test_scs/complete/complete_n11_e2eceb8ce6db_noseed_L2_M2_standard.npz.lock
Cache lock exists for key=n11_rep1_seednone; requeueing for later: Results/warm_start_cache/fast_test_scs/complete/complete_n11_e2eceb8ce6db_noseed_L2_M2_standard.npz.lock
Cache lock exists for key=n11_rep1_seednone; requeueing for later: Results/warm_start_cache/fast_test_scs/complete/complete_n11_e2eceb8ce6db_noseed_L2_M2_standard.npz.lock
Cache lock exists for key=n11_rep1_seednone; requeueing for later: Results/warm_start_cache/fast_test_scs/complete/complete_n11_e2eceb8ce6db_noseed_L2_M2_standard.npz.lock
Cache lock exists for key=n11_rep1_seednone; requeueing for later: Results/warm_start_cache/fast_test_scs/complete/complete_n11_e2eceb8ce6db_noseed_L2_M2_standard.npz.lock
Cache lock exists for key=n11_rep1_seednone; requeueing for later: Results/warm_start_cache/fast_test_scs/complete/complete_n11_e2eceb8ce6db_noseed_L2_M2_standard.npz.lock
Cache lock exists for key=n11_rep1_seednone; requeueing for later: Results/warm_start_cache/fast_test_scs/complete/complete_n11_e2eceb8ce6db_noseed_L2_M2_standard.npz.lock
Cache lock exists for key=n11_rep1_seednone; requeueing for later: Results/warm_start_cache/fast_test_scs/complete/complete_n11_e2eceb8ce6db_noseed_L2_M2_standard.npz.lock
Cache lock exists for key=n11_rep1_seednone; requeueing for later: Results/warm_start_cache/fast_test_scs/complete/complete_n11_e2eceb8ce6db_noseed_L2_M2_standard.npz.lock
Cache lock exists for key=n11_rep1_seednone; requeueing for later: Results/warm_start_cache/fast_test_scs/complete/complete_n11_e2eceb8ce6db_noseed_L2_M2_standard.npz.lock
Cache lock exists for key=n11_rep1_seednone; requeueing for later: Results/warm_start_cache/fast_test_scs/complete/complete_n11_e2eceb8ce6db_noseed_L2_M2_standard.npz.lock
Cache lock exists for key=n11_rep1_seednone; requeueing for later: Results/warm_start_cache/fast_test_scs/complete/complete_n11_e2eceb8ce6db_noseed_L2_M2_standard.npz.lock
Cache lock exists for key=n11_rep1_seednone; requeueing for later: Results/warm_start_cache/fast_test_scs/complete/complete_n11_e2eceb8ce6db_noseed_L2_M2_standard.npz.lock
Cache lock exists for key=n11_rep1_seednone; requeueing for later: Results/warm_start_cache/fast_test_scs/complete/complete_n11_e2eceb8ce6db_noseed_L2_M2_standard.npz.lock
Cache lock exists for key=n11_rep1_seednone; requeueing for later: Results/warm_start_cache/fast_test_scs/complete/complete_n11_e2eceb8ce6db_noseed_L2_M2_standard.npz.lock
Cache lock exists for key=n11_rep1_seednone; requeueing for later: Results/warm_start_cache/fast_test_scs/complete/complete_n11_e2eceb8ce6db_noseed_L2_M2_standard.npz.lock
Cache lock exists for key=n11_rep1_seednone; requeueing for later: Results/warm_start_cache/fast_test_scs/complete/complete_n11_e2eceb8ce6db_noseed_L2_M2_standard.npz.lock
Cache lock exists for key=n11_rep1_seednone; requeueing for later: Results/warm_start_cache/fast_test_scs/complete/complete_n11_e2eceb8ce6db_noseed_L2_M2_standard.npz.lock
Cache lock exists for key=n11_rep1_seednone; requeueing for later: Results/warm_start_cache/fast_test_scs/complete/complete_n11_e2eceb8ce6db_noseed_L2_M2_standard.npz.lock
Cache lock exists for key=n11_rep1_seednone; requeueing for later: Results/warm_start_cache/fast_test_scs/complete/complete_n11_e2eceb8ce6db_noseed_L2_M2_standard.npz.lock
Cache lock exists for key=n11_rep1_seednone; requeueing for later: Results/warm_start_cache/fast_test_scs/complete/complete_n11_e2eceb8ce6db_noseed_L2_M2_standard.npz.lock
Cache lock exists for key=n11_rep1_seednone; requeueing for later: Results/warm_start_cache/fast_test_scs/complete/complete_n11_e2eceb8ce6db_noseed_L2_M2_standard.npz.lock
Cache lock exists for key=n11_rep1_seednone; requeueing for later: Results/warm_start_cache/fast_test_scs/complete/complete_n11_e2eceb8ce6db_noseed_L2_M2_standard.npz.lock
Cache lock exists for key=n11_rep1_seednone; requeueing for later: Results/warm_start_cache/fast_test_scs/complete/complete_n11_e2eceb8ce6db_noseed_L2_M2_standard.npz.lock
Cache lock exists for key=n11_rep1_seednone; requeueing for later: Results/warm_start_cache/fast_test_scs/complete/complete_n11_e2eceb8ce6db_noseed_L2_M2_standard.npz.lock
Cache lock exists for key=n11_rep1_seednone; requeueing for later: Results/warm_start_cache/fast_test_scs/complete/complete_n11_e2eceb8ce6db_noseed_L2_M2_standard.npz.lock
Cache lock exists for key=n11_rep1_seednone; requeueing for later: Results/warm_start_cache/fast_test_scs/complete/complete_n11_e2eceb8ce6db_noseed_L2_M2_standard.npz.lock
Cache lock exists for key=n11_rep1_seednone; requeueing for later: Results/warm_start_cache/fast_test_scs/complete/complete_n11_e2eceb8ce6db_noseed_L2_M2_standard.npz.lock
Cache lock exists for key=n11_rep1_seednone; requeueing for later: Results/warm_start_cache/fast_test_scs/complete/complete_n11_e2eceb8ce6db_noseed_L2_M2_standard.npz.lock
Cache lock exists for key=n11_rep1_seednone; requeueing for later: Results/warm_start_cache/fast_test_scs/complete/complete_n11_e2eceb8ce6db_noseed_L2_M2_standard.npz.lock
Cache lock exists for key=n11_rep1_seednone; requeueing for later: Results/warm_start_cache/fast_test_scs/complete/complete_n11_e2eceb8ce6db_noseed_L2_M2_standard.npz.lock
Cache lock exists for key=n11_rep1_seednone; requeueing for later: Results/warm_start_cache/fast_test_scs/complete/complete_n11_e2eceb8ce6db_noseed_L2_M2_standard.npz.lock
Cache lock exists for key=n11_rep1_seednone; requeueing for later: Results/warm_start_cache/fast_test_scs/complete/complete_n11_e2eceb8ce6db_noseed_L2_M2_standard.npz.lock
Cache lock exists for key=n11_rep1_seednone; requeueing for later: Results/warm_start_cache/fast_test_scs/complete/complete_n11_e2eceb8ce6db_noseed_L2_M2_standard.npz.lock
Cache lock exists for key=n11_rep1_seednone; requeueing for later: Results/warm_start_cache/fast_test_scs/complete/complete_n11_e2eceb8ce6db_noseed_L2_M2_standard.npz.lock
Cache lock exists for key=n11_rep1_seednone; requeueing for later: Results/warm_start_cache/fast_test_scs/complete/complete_n11_e2eceb8ce6db_noseed_L2_M2_standard.npz.lock
Cache lock exists for key=n11_rep1_seednone; requeueing for later: Results/warm_start_cache/fast_test_scs/complete/complete_n11_e2eceb8ce6db_noseed_L2_M2_standard.npz.lock
Cache lock exists for key=n11_rep1_seednone; requeueing for later: Results/warm_start_cache/fast_test_scs/complete/complete_n11_e2eceb8ce6db_noseed_L2_M2_standard.npz.lock
Cache lock exists for key=n11_rep1_seednone; requeueing for later: Results/warm_start_cache/fast_test_scs/complete/complete_n11_e2eceb8ce6db_noseed_L2_M2_standard.npz.lock
Cache lock exists for key=n11_rep1_seednone; requeueing for later: Results/warm_start_cache/fast_test_scs/complete/complete_n11_e2eceb8ce6db_noseed_L2_M2_standard.npz.lock
Cache lock exists for key=n11_rep1_seednone; requeueing for later: Results/warm_start_cache/fast_test_scs/complete/complete_n11_e2eceb8ce6db_noseed_L2_M2_standard.npz.lock
Cache lock exists for key=n11_rep1_seednone; requeueing for later: Results/warm_start_cache/fast_test_scs/complete/complete_n11_e2eceb8ce6db_noseed_L2_M2_standard.npz.lock
Cache lock exists for key=n11_rep1_seednone; requeueing for later: Results/warm_start_cache/fast_test_scs/complete/complete_n11_e2eceb8ce6db_noseed_L2_M2_standard.npz.lock
Cache lock exists for key=n11_rep1_seednone; requeueing for later: Results/warm_start_cache/fast_test_scs/complete/complete_n11_e2eceb8ce6db_noseed_L2_M2_standard.npz.lock
Cache lock exists for key=n11_rep1_seednone; requeueing for later: Results/warm_start_cache/fast_test_scs/complete/complete_n11_e2eceb8ce6db_noseed_L2_M2_standard.npz.lock
Cache lock exists for key=n11_rep1_seednone; requeueing for later: Results/warm_start_cache/fast_test_scs/complete/complete_n11_e2eceb8ce6db_noseed_L2_M2_standard.npz.lock
Cache lock exists for key=n11_rep1_seednone; requeueing for later: Results/warm_start_cache/fast_test_scs/complete/complete_n11_e2eceb8ce6db_noseed_L2_M2_standard.npz.lock
Cache lock exists for key=n11_rep1_seednone; requeueing for later: Results/warm_start_cache/fast_test_scs/complete/complete_n11_e2eceb8ce6db_noseed_L2_M2_standard.npz.lock
Cache lock exists for key=n11_rep1_seednone; requeueing for later: Results/warm_start_cache/fast_test_scs/complete/complete_n11_e2eceb8ce6db_noseed_L2_M2_standard.npz.lock
Cache lock exists for key=n11_rep1_seednone; requeueing for later: Results/warm_start_cache/fast_test_scs/complete/complete_n11_e2eceb8ce6db_noseed_L2_M2_standard.npz.lock
Cache lock exists for key=n11_rep1_seednone; requeueing for later: Results/warm_start_cache/fast_test_scs/complete/complete_n11_e2eceb8ce6db_noseed_L2_M2_standard.npz.lock
Cache lock exists for key=n11_rep1_seednone; requeueing for later: Results/warm_start_cache/fast_test_scs/complete/complete_n11_e2eceb8ce6db_noseed_L2_M2_standard.npz.lock
Cache lock exists for key=n11_rep1_seednone; requeueing for later: Results/warm_start_cache/fast_test_scs/complete/complete_n11_e2eceb8ce6db_noseed_L2_M2_standard.npz.lock
Cache lock exists for key=n11_rep1_seednone; requeueing for later: Results/warm_start_cache/fast_test_scs/complete/complete_n11_e2eceb8ce6db_noseed_L2_M2_standard.npz.lock
Cache lock exists for key=n11_rep1_seednone; requeueing for later: Results/warm_start_cache/fast_test_scs/complete/complete_n11_e2eceb8ce6db_noseed_L2_M2_standard.npz.lock
Cache lock exists for key=n11_rep1_seednone; requeueing for later: Results/warm_start_cache/fast_test_scs/complete/complete_n11_e2eceb8ce6db_noseed_L2_M2_standard.npz.lock
Cache lock exists for key=n11_rep1_seednone; requeueing for later: Results/warm_start_cache/fast_test_scs/complete/complete_n11_e2eceb8ce6db_noseed_L2_M2_standard.npz.lock
Cache lock exists for key=n11_rep1_seednone; requeueing for later: Results/warm_start_cache/fast_test_scs/complete/complete_n11_e2eceb8ce6db_noseed_L2_M2_standard.npz.lock
Cache lock exists for key=n11_rep1_seednone; requeueing for later: Results/warm_start_cache/fast_test_scs/complete/complete_n11_e2eceb8ce6db_noseed_L2_M2_standard.npz.lock
Cache lock exists for key=n11_rep1_seednone; requeueing for later: Results/warm_start_cache/fast_test_scs/complete/complete_n11_e2eceb8ce6db_noseed_L2_M2_standard.npz.lock
Cache lock exists for key=n11_rep1_seednone; requeueing for later: Results/warm_start_cache/fast_test_scs/complete/complete_n11_e2eceb8ce6db_noseed_L2_M2_standard.npz.lock
Cache lock exists for key=n11_rep1_seednone; requeueing for later: Results/warm_start_cache/fast_test_scs/complete/complete_n11_e2eceb8ce6db_noseed_L2_M2_standard.npz.lock
Cache lock exists for key=n11_rep1_seednone; requeueing for later: Results/warm_start_cache/fast_test_scs/complete/complete_n11_e2eceb8ce6db_noseed_L2_M2_standard.npz.lock
Cache lock exists for key=n11_rep1_seednone; requeueing for later: Results/warm_start_cache/fast_test_scs/complete/complete_n11_e2eceb8ce6db_noseed_L2_M2_standard.npz.lock
Cache lock exists for key=n11_rep1_seednone; requeueing for later: Results/warm_start_cache/fast_test_scs/complete/complete_n11_e2eceb8ce6db_noseed_L2_M2_standard.npz.lock
Cache lock exists for key=n11_rep1_seednone; requeueing for later: Results/warm_start_cache/fast_test_scs/complete/complete_n11_e2eceb8ce6db_noseed_L2_M2_standard.npz.lock
Cache lock exists for key=n11_rep1_seednone; requeueing for later: Results/warm_start_cache/fast_test_scs/complete/complete_n11_e2eceb8ce6db_noseed_L2_M2_standard.npz.lock
Cache lock exists for key=n11_rep1_seednone; requeueing for later: Results/warm_start_cache/fast_test_scs/complete/complete_n11_e2eceb8ce6db_noseed_L2_M2_standard.npz.lock
Cache lock exists for key=n11_rep1_seednone; requeueing for later: Results/warm_start_cache/fast_test_scs/complete/complete_n11_e2eceb8ce6db_noseed_L2_M2_standard.npz.lock
Cache lock exists for key=n11_rep1_seednone; requeueing for later: Results/warm_start_cache/fast_test_scs/complete/complete_n11_e2eceb8ce6db_noseed_L2_M2_standard.npz.lock
Cache lock exists for key=n11_rep1_seednone; requeueing for later: Results/warm_start_cache/fast_test_scs/complete/complete_n11_e2eceb8ce6db_noseed_L2_M2_standard.npz.lock
Cache lock exists for key=n11_rep1_seednone; requeueing for later: Results/warm_start_cache/fast_test_scs/complete/complete_n11_e2eceb8ce6db_noseed_L2_M2_standard.npz.lock
Cache lock exists for key=n11_rep1_seednone; requeueing for later: Results/warm_start_cache/fast_test_scs/complete/complete_n11_e2eceb8ce6db_noseed_L2_M2_standard.npz.lock
Cache lock exists for key=n11_rep1_seednone; requeueing for later: Results/warm_start_cache/fast_test_scs/complete/complete_n11_e2eceb8ce6db_noseed_L2_M2_standard.npz.lock
Cache lock exists for key=n11_rep1_seednone; requeueing for later: Results/warm_start_cache/fast_test_scs/complete/complete_n11_e2eceb8ce6db_noseed_L2_M2_standard.npz.lock
