Starting QAOA benchmark with global start time: 1789019747.4475677
Benchmark parameters: {'optimiser': 'adam', 'optimiser_use_heuristic': False, 'heuristic_optimiser_iterations': None, 'heuristic_optimiser_sampleSize': None, 'circuit_type': 'hamqaoa', 'parameter_vector': [1, 1, 1], 'iterations_list': [75], 'learning_rate_adam': 0.05, 'depth_list': [1, 2, 3, 4, 5], 'n_start': None, 'n_end': None, 'singlet_injection': False, 'start_index_singlet': None, 'warm_start': True, 'warm_start_mode': 'amplified_king', 'lasserre_level': 2, 'initial_solver_level_M': 1, 'sdp_seed': 42, 'sdp_solver_mode': 'scs', 'sdp_scs_eps': 1e-06, 'sdp_scs_max_iters': 100000, 'warm_start_corr_strength': None, 'warm_start_corr_repeats': None, 'compare_with_010101': False, 'init_QAOAparams_close_to_zero': False, 'use_correlations_as_initial_params': False, 'time_limit': None, 'failed_instance_termination_thrsh': None, 'graph_generation_type': 'hog', 'weighted': False, 'easiest_first': False, 'cpu_util_threshold': None, 'debug': False, 'save_circuit_svg': False, 'rerun_exclude_finished_instances': False, 'warm_start_cache_producer_only': False, 'qaoa_only_from_existing_warm_start_cache': True, 'optimiser_debug_iterations': None, 'num_repeats': 1, 'relative_graph_adjList_path': 'HOG_graphs/triangleFree_connected_4to8vertices_176instances_AdjacencyList.txt', 'persistent_warm_start_cache': True, 'warm_start_cache_dir': 'Results/warm_start_cache', 'warm_start_cache_max_file_mb': 512, 'warm_start_cache_max_total_gb': 60, 'sdp_max_parallel': 0, 'qaoa_max_parallel': 16, 'sdp_threads': 1, 'qaoa_threads': 1, 'sdp_memory_limit_total_gb': 0, 'sdp_memory_limit_single_gb': 0, 'sdp_memory_poll_seconds': 5, 'sdp_max_retries': 0, 'queue_poll_interval_seconds': 5, 'max_graph_vertices': 10, 'completed_result_csv_paths': [], 'qaoa_seed': 42, 'initialise_standard_warm_start_with_zero_angles': True, 'result_name_suffix': '_FINAL_BENCHMARKS_KINGAMPLIFIED', 'algorithm17_beta_mode': 'analytic_instance'}, Running QAOA with equal superposition
Benchmark run ID: b695a64b
Benchmark repeat index: 1
Configured SDP rounding seed: 42
QAOA seed used: 42
Processor: x86_64
Hostname: dacsgpu0002
Total RAM (GB): None
Physical cores: 64
Logical cores: 64
Python version: 3.11.15
Initialisation time: 0.00 seconds; started at stardate {'initialisation': 0.002877950668334961} and finished at stardate1789019747.4504519
Loaded HOG graph index 110 with 9 edges.
Instance generation for n=110 took 0.00 seconds; started at stardate 1789019747.4504564 and finished at stardate 1789019747.4525833
Running QAOA for n=8 nodes, m=9 edges...; Max iterations: 75
Warm-start cache: loading Results/warm_start_cache/triangleFree_connected_4to8vertices_176instances_AdjacencyList__filehash_279b7452/hog_idx000110_b9ac9cba867a_seed42_L2_M1_betaanalytic_instance_amplified.npz
Warm-start cache: loaded in 0.0025 seconds; effective compute time=0.1328442096710205
Edges: [(2, 7), (2, 3), (5, 7), (0, 7), (4, 6), (1, 5), (4, 5), (3, 6), (6, 7)], weights: [1.0, 1.0, 1.0, 1.0, 1.0, 1.0, 1.0, 1.0, 1.0], set of nodes: {0, 1, 2, 3, 4, 5, 6, 7}, n: 8 nodes, p: 1 layers, N_bayes: 75 iterations
Solving for uuid: dcb5fdd1
Initial state injected as warm start
Running ADAM optimization with a single iteration (no debug loop)
5.959325080162567
QAOA optimisation for n=110 took 4.79 seconds; started at stardate 1789019747.452587 and finished at stardate 1789019752.2425497
Finished QAOA for n=8 nodes, m=9 edges at 2026-09-10 07:55:52 on x86_64. Time taken: 4.79 seconds. Hours: 0.00 hours. Peak RAM: 0.24 MB.
Unknown graph type for approximation ratio calculation; checking misc CSV.
Checking optimal_results_misc.csv for matching edges and weights...
Found matching exact result in misc CSV: 5.9878514988483
CSV writing for n=110 took 0.01 seconds; started at stardate 1789019752.2425582 and finished at stardate 1789019752.2503903
results: {110: 5.959325080162567}
durations: {8: 4.7899675369262695}
Results saved to: Results/logs/adam/qaoa_results_adam_20260910_074040_pid3886343_FINAL_BENCHMARKS_KINGAMPLIFIED.csv
Global end time: 1789019752.250401
Finalisation time: 0.00 seconds; started at stardate 1789019752.2503936 and finished at stardate 1789019752.250406
Sum of all section times: 4.80 seconds
run_id: b695a64b
