Starting QAOA benchmark with global start time: 1787203786.8875594
Benchmark parameters: {'optimiser': 'adam', 'optimiser_use_heuristic': True, 'heuristic_optimiser_iterations': 1, 'heuristic_optimiser_sampleSize': 50, 'circuit_type': 'hamqaoa', 'parameter_vector': [1, 1, 1], 'iterations_list': [50], 'learning_rate_adam': 0.001, 'depth_list': [1, 2, 3, 4, 5], 'n_start': None, 'n_end': None, 'singlet_injection': False, 'start_index_singlet': None, 'warm_start': True, 'warm_start_mode': 'amplified_king', 'lasserre_level': 2, 'initial_solver_level_M': 2, 'sdp_seed': None, 'sdp_solver_mode': 'scs', 'sdp_scs_eps': 1e-06, 'sdp_scs_max_iters': 100000, 'warm_start_corr_strength': None, 'warm_start_corr_repeats': None, 'compare_with_010101': False, 'init_QAOAparams_close_to_zero': False, 'use_correlations_as_initial_params': False, 'time_limit': None, 'failed_instance_termination_thrsh': None, 'graph_generation_type': 'hog', 'weighted': False, 'easiest_first': False, 'cpu_util_threshold': None, 'debug': False, 'save_circuit_svg': False, 'rerun_exclude_finished_instances': True, 'warm_start_cache_producer_only': False, 'qaoa_only_from_existing_warm_start_cache': True, 'optimiser_debug_iterations': None, 'num_repeats': 1, 'relative_graph_adjList_path': 'HOG_graphs/Exp5/complete_graphs_2to12vertices_11instances_AdjacencyList.txt', 'persistent_warm_start_cache': True, 'warm_start_cache_dir': 'Results/warm_start_cache', 'warm_start_cache_max_file_mb': 512, 'warm_start_cache_max_total_gb': 60, 'sdp_max_parallel': 0, 'qaoa_max_parallel': 16, 'sdp_threads': 1, 'qaoa_threads': 1, 'sdp_memory_limit_total_gb': 0, 'sdp_memory_limit_single_gb': 0, 'sdp_memory_poll_seconds': 5, 'sdp_max_retries': 0, 'queue_poll_interval_seconds': 5, 'max_graph_vertices': 11, 'completed_result_csv_paths': [], 'qaoa_seed': 1, 'initialise_standard_warm_start_with_zero_angles': False, 'result_name_suffix': '_Exp6_KingAmplifiedWithHeuristic'}, Running QAOA with equal superposition
Benchmark run ID: fb1d02d8
Benchmark repeat index: 1
SDP seed override: None
QAOA seed: 100401
Processor: x86_64
Hostname: dacsgpu0003
Total RAM (GB): None
Physical cores: 64
Logical cores: 64
Python version: 3.11.15
Initialisation time: 0.00 seconds; started at stardate {'initialisation': 0.004846096038818359} and finished at stardate1787203786.8924124
Loaded HOG graph index 1 with 3 edges.
Instance generation for n=1 took 0.00 seconds; started at stardate 1787203786.892418 and finished at stardate 1787203786.8930788
Running QAOA for n=3 nodes, m=3 edges...; Max iterations: 50
Warm-start cache: loading Results/warm_start_cache/complete_graphs_2to12vertices_11instances_AdjacencyList__filehash_1c7be33d/hog_idx000001_ef04306f2d85_noseed_L2_M2_amplified.npz
Warm-start cache: loaded in 0.0017 seconds; effective compute time=0.8847963809967041
Edges: [(1, 2), (0, 1), (0, 2)], weights: [1.0, 1.0, 1.0], set of nodes: {0, 1, 2}, n: 3 nodes, p: 5 layers, N_bayes: 50 iterations
Solving for uuid: 3c8c2396
Initial state injected as warm start
Running ADAM optimization with a single iteration (no debug loop)
2.8603593425406717
QAOA optimisation for n=1 took 28.59 seconds; started at stardate 1787203786.8930824 and finished at stardate 1787203815.4782228
Finished QAOA for n=3 nodes, m=3 edges at 2026-08-20 07:30:15 on x86_64. Time taken: 28.59 seconds. Hours: 0.01 hours. Peak RAM: 0.23 MB.
Computing complete graph approximation ratio
CSV writing for n=1 took 0.01 seconds; started at stardate 1787203815.4782326 and finished at stardate 1787203815.491473
results: {1: 2.8603593425406717}
durations: {3: 28.585145473480225}
Results saved to: Results/logs/adam/qaoa_results_adam_20260820_072138_pid2450626_Exp6_KingAmplifiedWithHeuristic.csv
Global end time: 1787203815.4914951
Finalisation time: 0.00 seconds; started at stardate 1787203815.4914808 and finished at stardate 1787203815.4915009
Sum of all section times: 28.60 seconds
run_id: fb1d02d8
