Starting QAOA benchmark with global start time: 1788872647.8377645
Benchmark parameters: {'optimiser': 'adam', 'optimiser_use_heuristic': False, 'heuristic_optimiser_iterations': None, 'heuristic_optimiser_sampleSize': None, 'circuit_type': 'hamqaoa', 'parameter_vector': [1, 1, 1], 'iterations_list': [75], 'learning_rate_adam': 0.01, 'depth_list': [1, 2, 3, 4, 5], 'n_start': None, 'n_end': None, 'singlet_injection': False, 'start_index_singlet': None, 'warm_start': True, 'warm_start_mode': 'amplified_king', 'lasserre_level': 2, 'initial_solver_level_M': 1, 'sdp_seed': 42, 'sdp_solver_mode': 'scs', 'sdp_scs_eps': 1e-06, 'sdp_scs_max_iters': 100000, 'warm_start_corr_strength': None, 'warm_start_corr_repeats': None, 'compare_with_010101': False, 'init_QAOAparams_close_to_zero': False, 'use_correlations_as_initial_params': False, 'time_limit': None, 'failed_instance_termination_thrsh': None, 'graph_generation_type': 'hog', 'weighted': False, 'easiest_first': False, 'cpu_util_threshold': None, 'debug': False, 'save_circuit_svg': False, 'rerun_exclude_finished_instances': False, 'warm_start_cache_producer_only': False, 'qaoa_only_from_existing_warm_start_cache': True, 'optimiser_debug_iterations': None, 'num_repeats': 1, 'relative_graph_adjList_path': 'HOG_graphs/Exp5/list_388_graphs_adjacency_list_hog_v04-12_regular.txt', 'persistent_warm_start_cache': True, 'warm_start_cache_dir': 'Results/warm_start_cache', 'warm_start_cache_max_file_mb': 512, 'warm_start_cache_max_total_gb': 60, 'sdp_max_parallel': 0, 'qaoa_max_parallel': 16, 'sdp_threads': 1, 'qaoa_threads': 1, 'sdp_memory_limit_total_gb': 0, 'sdp_memory_limit_single_gb': 0, 'sdp_memory_poll_seconds': 5, 'sdp_max_retries': 0, 'queue_poll_interval_seconds': 5, 'max_graph_vertices': 10, 'completed_result_csv_paths': [], 'qaoa_seed': 42, 'initialise_standard_warm_start_with_zero_angles': True, 'result_name_suffix': '_FINAL_BENCHMARKS_KINGAMPLIFIED', 'algorithm17_beta_mode': 'analytic_instance'}, Running QAOA with equal superposition
Benchmark run ID: 74f066db
Benchmark repeat index: 1
Configured SDP rounding seed: 42
QAOA seed used: 42
Processor: x86_64
Hostname: dacsvm-cpunode01
Total RAM (GB): None
Physical cores: 32
Logical cores: 32
Python version: 3.11.15
Initialisation time: 0.01 seconds; started at stardate {'initialisation': 0.006243467330932617} and finished at stardate1788872647.8440213
Loaded HOG graph index 53 with 18 edges.
Instance generation for n=53 took 0.09 seconds; started at stardate 1788872647.844032 and finished at stardate 1788872647.9306667
Running QAOA for n=9 nodes, m=18 edges...; Max iterations: 75
Warm-start cache: loading Results/warm_start_cache/list_388_graphs_adjacency_list_hog_v04-12_regular__filehash_5b7f8d46/hog_idx000053_cd1a6beeffde_seed42_L2_M1_betaanalytic_instance_amplified.npz
Warm-start cache: loaded in 0.0017 seconds; effective compute time=0.08898663520812988
Edges: [(0, 1), (1, 6), (0, 4), (3, 8), (2, 6), (4, 7), (5, 7), (5, 8), (0, 3), (1, 2), (6, 8), (3, 4), (1, 5), (3, 7), (2, 5), (4, 8), (0, 2), (6, 7)], weights: [1.0, 1.0, 1.0, 1.0, 1.0, 1.0, 1.0, 1.0, 1.0, 1.0, 1.0, 1.0, 1.0, 1.0, 1.0, 1.0, 1.0, 1.0], set of nodes: {0, 1, 2, 3, 4, 5, 6, 7, 8}, n: 9 nodes, p: 2 layers, N_bayes: 75 iterations
Solving for uuid: 37b83c89
Initial state injected as warm start
Ignoring zero_angle_warm_start because no active standard warm start is available; using the normal Adam initialization.
Running ADAM optimization with a single iteration (no debug loop)
Warm-start fallback: optimiser result was below the SDP warm-start energy; using the warm-start energy instead.
11.055436770697328
QAOA optimisation for n=53 took 39.13 seconds; started at stardate 1788872647.9306715 and finished at stardate 1788872687.059028
Finished QAOA for n=9 nodes, m=18 edges at 2026-09-08 15:04:47 on x86_64. Time taken: 39.13 seconds. Hours: 0.01 hours. Peak RAM: 0.37 MB.
Unknown graph type for approximation ratio calculation; checking misc CSV.
Checking optimal_results_misc.csv for matching edges and weights...
Found matching exact result in misc CSV: 9.265564437074602
CSV writing for n=53 took 0.06 seconds; started at stardate 1788872687.0590348 and finished at stardate 1788872687.123082
results: {53: 11.055436770697328}
durations: {9: 39.128361225128174}
Results saved to: Results/logs/adam/qaoa_results_adam_20260908_075044_pid2750332_FINAL_BENCHMARKS_KINGAMPLIFIED.csv
Global end time: 1788872687.1230989
Finalisation time: 0.00 seconds; started at stardate 1788872687.1230886 and finished at stardate 1788872687.1231024
Sum of all section times: 39.29 seconds
run_id: 74f066db
