Starting QAOA benchmark with global start time: 1788266150.7601979
Benchmark parameters: {'optimiser': 'adam', 'optimiser_use_heuristic': None, 'heuristic_optimiser_iterations': None, 'heuristic_optimiser_sampleSize': None, 'circuit_type': 'hamqaoa', 'parameter_vector': [1, 1, 1], 'iterations_list': [75], 'learning_rate_adam': None, 'depth_list': [1], 'n_start': None, 'n_end': None, 'singlet_injection': False, 'start_index_singlet': None, 'warm_start': True, 'warm_start_mode': 'amplified', 'lasserre_level': 2, 'initial_solver_level_M': 2, 'sdp_seed': 42, 'sdp_solver_mode': 'scs', 'sdp_scs_eps': 1e-08, 'sdp_scs_max_iters': 1000000, 'warm_start_corr_strength': None, 'warm_start_corr_repeats': None, 'compare_with_010101': False, 'init_QAOAparams_close_to_zero': False, 'use_correlations_as_initial_params': False, 'time_limit': None, 'failed_instance_termination_thrsh': None, 'graph_generation_type': 'hog', 'weighted': False, 'easiest_first': False, 'cpu_util_threshold': None, 'debug': False, 'save_circuit_svg': False, 'rerun_exclude_finished_instances': True, 'warm_start_cache_producer_only': True, 'qaoa_only_from_existing_warm_start_cache': False, 'optimiser_debug_iterations': None, 'num_repeats': 1, 'relative_graph_adjList_path': 'HOG_graphs/triangleFree_connected_4to8vertices_176instances_AdjacencyList.txt', 'persistent_warm_start_cache': True, 'warm_start_cache_dir': 'Results/warm_start_cache_experiments/Exp4_v2_tf176_L2M2_scs_eps1e-8_gpseed42_alg17seed43', 'warm_start_cache_max_file_mb': 512, 'warm_start_cache_max_total_gb': 60, 'sdp_max_parallel': 32, 'qaoa_max_parallel': 0, 'sdp_threads': 1, 'qaoa_threads': 1, 'sdp_memory_limit_total_gb': 250, 'sdp_memory_limit_single_gb': 100, 'sdp_memory_poll_seconds': 5, 'sdp_max_retries': 3, 'queue_poll_interval_seconds': 5, 'max_graph_vertices': 10, 'completed_result_csv_paths': [], 'qaoa_seed': 1, 'initialise_standard_warm_start_with_zero_angles': False, 'result_name_suffix': '_Exp4_v2_tf176_L2M2_scs_eps1e-8_gpseed42_alg17seed43'}, Running QAOA with equal superposition
Benchmark run ID: def05001
Benchmark repeat index: 1
Configured SDP rounding seed: 42
QAOA seed used: 1
Processor: x86_64
Hostname: dacsvm-cpunode01
Total RAM (GB): None
Physical cores: 32
Logical cores: 32
Python version: 3.11.15
Initialisation time: 0.01 seconds; started at stardate {'initialisation': 0.0061376094818115234} and finished at stardate1788266150.7663493
Loaded HOG graph index 84 with 7 edges.
Instance generation for n=84 took 0.01 seconds; started at stardate 1788266150.7663605 and finished at stardate 1788266150.7717464
Running QAOA for n=8 nodes, m=7 edges...; Max iterations: 75
Warm-start: starting SDP solve for n_vertices=8
Warm-start: using configured sdp_seed=42
Using SCS solver for SDP with eps=1e-08, max_iters=1000000.
SDP solver status: optimal
SDP solver name: SCS
SDP solver iterations: 2775
SDP solve time: 41.066568894999996
SDP extra stats: {'x': array([ 1.00000000e+00, -1.37572654e-13,  1.24488349e-13, ...,
        1.00000000e+00,  5.47305234e-18,  1.00000000e+00], shape=(38503,)), 'y': array([ 3.36395459e-02,  1.39339589e-02,  1.39339589e-02, ...,
        6.79119273e-04, -1.01069854e-14,  1.15217858e-02], shape=(108050,)), 's': array([ 0.00000000e+00,  0.00000000e+00,  0.00000000e+00, ...,
        1.00000000e+00, -1.73954984e-16,  1.00000000e+00], shape=(108050,)), 'info': {'status_val': 1, 'iter': 2775, 'scale_updates': 6, 'scale': 5.973835573469037, 'pobj': -5.391504431331122, 'dobj': -5.391504425824341, 'res_pri': 9.715788466877526e-09, 'res_dual': 1.1126708597189676e-08, 'gap': 5.506780809128031e-09, 'res_infeas': nan, 'res_unbdd_a': 0.1854769874970523, 'res_unbdd_p': 0.0, 'comp_slack': 3.937782679352498e-11, 'solve_time': 41066.568895, 'setup_time': 46.964664, 'lin_sys_time': 4006.1268710000045, 'cone_time': 35737.92764899998, 'accel_time': 258.5772849999997, 'rejected_accel_steps': 20, 'accepted_accel_steps': 4, 'status': 'solved'}}
Rounding...
Setting seed to 42
n_vertices: 8 for n = 24
Using seed 42 to generate random matrix for x.
Energy of rounded cut/product state: 6.253451978261168
Algorithm 17 lower-bound energy: 5.20696338644635
Algorithm 17 actual entangled-state energy: 6.57585733829614
SDP objective value: 8.891504431331123
7 in cut out of a total of 7 edges
Warm-start: SDP solve + rounding finished in 587.40 seconds
Warm-start: using level-2 Algorithm 17 entangled statevector with shape (256,)
Warm-start cache: moment matrix before save shape=(277, 277), dtype=float64, entries=76729, bytes=613832 (0.59 MiB)
Warm-start cache: saved Results/warm_start_cache_experiments/Exp4_v2_tf176_L2M2_scs_eps1e-8_gpseed42_alg17seed43/triangleFree_connected_4to8vertices_176instances_AdjacencyList__filehash_279b7452/hog_idx000084_1d7e86d6a4b8_seed42_L2_M2_amplified.npz in 0.0097 seconds
WARM_START_CACHE_PRODUCER_ONLY is set; warm-start cache has been produced/loaded. Exiting before QAOA optimisation.
