Starting QAOA benchmark with global start time: 1788268845.23363
Benchmark parameters: {'optimiser': 'adam', 'optimiser_use_heuristic': None, 'heuristic_optimiser_iterations': None, 'heuristic_optimiser_sampleSize': None, 'circuit_type': 'hamqaoa', 'parameter_vector': [1, 1, 1], 'iterations_list': [75], 'learning_rate_adam': None, 'depth_list': [1], 'n_start': None, 'n_end': None, 'singlet_injection': False, 'start_index_singlet': None, 'warm_start': True, 'warm_start_mode': 'amplified', 'lasserre_level': 2, 'initial_solver_level_M': 2, 'sdp_seed': 42, 'sdp_solver_mode': 'scs', 'sdp_scs_eps': 1e-08, 'sdp_scs_max_iters': 1000000, 'warm_start_corr_strength': None, 'warm_start_corr_repeats': None, 'compare_with_010101': False, 'init_QAOAparams_close_to_zero': False, 'use_correlations_as_initial_params': False, 'time_limit': None, 'failed_instance_termination_thrsh': None, 'graph_generation_type': 'hog', 'weighted': False, 'easiest_first': False, 'cpu_util_threshold': None, 'debug': False, 'save_circuit_svg': False, 'rerun_exclude_finished_instances': True, 'warm_start_cache_producer_only': True, 'qaoa_only_from_existing_warm_start_cache': False, 'optimiser_debug_iterations': None, 'num_repeats': 1, 'relative_graph_adjList_path': 'HOG_graphs/triangleFree_connected_4to8vertices_176instances_AdjacencyList.txt', 'persistent_warm_start_cache': True, 'warm_start_cache_dir': 'Results/warm_start_cache_experiments/Exp4_v2_tf176_L2M2_scs_eps1e-8_gpseed42_alg17seed43', 'warm_start_cache_max_file_mb': 512, 'warm_start_cache_max_total_gb': 60, 'sdp_max_parallel': 32, 'qaoa_max_parallel': 0, 'sdp_threads': 1, 'qaoa_threads': 1, 'sdp_memory_limit_total_gb': 250, 'sdp_memory_limit_single_gb': 100, 'sdp_memory_poll_seconds': 5, 'sdp_max_retries': 3, 'queue_poll_interval_seconds': 5, 'max_graph_vertices': 10, 'completed_result_csv_paths': [], 'qaoa_seed': 1, 'initialise_standard_warm_start_with_zero_angles': False, 'result_name_suffix': '_Exp4_v2_tf176_L2M2_scs_eps1e-8_gpseed42_alg17seed43'}, Running QAOA with equal superposition
Benchmark run ID: 64bce955
Benchmark repeat index: 1
Configured SDP rounding seed: 42
QAOA seed used: 1
Processor: x86_64
Hostname: dacsvm-cpunode01
Total RAM (GB): None
Physical cores: 32
Logical cores: 32
Python version: 3.11.15
Initialisation time: 0.00 seconds; started at stardate {'initialisation': 0.004718780517578125} and finished at stardate1788268845.2383614
Loaded HOG graph index 124 with 9 edges.
Instance generation for n=124 took 0.00 seconds; started at stardate 1788268845.2383716 and finished at stardate 1788268845.2425497
Running QAOA for n=8 nodes, m=9 edges...; Max iterations: 75
Warm-start: starting SDP solve for n_vertices=8
Warm-start: using configured sdp_seed=42
Using SCS solver for SDP with eps=1e-08, max_iters=1000000.
SDP solver status: optimal
SDP solver name: SCS
SDP solver iterations: 2700
SDP solve time: 41.118139111999994
SDP extra stats: {'x': array([ 1.00000000e+00,  3.63662588e-13, -1.86325720e-13, ...,
        1.00000000e+00, -3.25653071e-17,  1.00000000e+00], shape=(38503,)), 'y': array([3.12529779e-02, 1.29454081e-02, 1.29454081e-02, ...,
       9.36284695e-03, 1.70583572e-12, 4.40760076e-02], shape=(108050,)), 's': array([ 0.00000000e+00,  0.00000000e+00,  0.00000000e+00, ...,
        1.00000000e+00, -8.34611458e-14,  1.00000000e+00], shape=(108050,)), 'info': {'status_val': 1, 'iter': 2700, 'scale_updates': 3, 'scale': 3.381350347502924, 'pobj': -7.897585002856494, 'dobj': -7.897585002429259, 'res_pri': 2.4379075345177324e-09, 'res_dual': 1.137050179591129e-09, 'gap': 4.2723513615783304e-10, 'res_infeas': nan, 'res_unbdd_a': 0.126620985989822, 'res_unbdd_p': 0.0, 'comp_slack': 2.5092539881289375e-11, 'solve_time': 41118.139112, 'setup_time': 47.984351, 'lin_sys_time': 3863.633180999998, 'cone_time': 35991.629299, 'accel_time': 267.3865020000016, 'rejected_accel_steps': 22, 'accepted_accel_steps': 3, 'status': 'solved'}}
Rounding...
Setting seed to 42
n_vertices: 8 for n = 24
Using seed 42 to generate random matrix for x.
Energy of rounded cut/product state: 5.123947835643376
Algorithm 17 lower-bound energy: 7.249766763480903
Algorithm 17 actual entangled-state energy: 5.64308547679345
SDP objective value: 12.397585002856493
4 in cut out of a total of 9 edges
Warm-start: SDP solve + rounding finished in 584.44 seconds
Warm-start: using level-2 Algorithm 17 entangled statevector with shape (256,)
Warm-start cache: moment matrix before save shape=(277, 277), dtype=float64, entries=76729, bytes=613832 (0.59 MiB)
Warm-start cache: saved Results/warm_start_cache_experiments/Exp4_v2_tf176_L2M2_scs_eps1e-8_gpseed42_alg17seed43/triangleFree_connected_4to8vertices_176instances_AdjacencyList__filehash_279b7452/hog_idx000124_ed7aa132b384_seed42_L2_M2_amplified.npz in 0.0114 seconds
WARM_START_CACHE_PRODUCER_ONLY is set; warm-start cache has been produced/loaded. Exiting before QAOA optimisation.
