Starting QAOA benchmark with global start time: 1788268857.622817
Benchmark parameters: {'optimiser': 'adam', 'optimiser_use_heuristic': None, 'heuristic_optimiser_iterations': None, 'heuristic_optimiser_sampleSize': None, 'circuit_type': 'hamqaoa', 'parameter_vector': [1, 1, 1], 'iterations_list': [75], 'learning_rate_adam': None, 'depth_list': [1], 'n_start': None, 'n_end': None, 'singlet_injection': False, 'start_index_singlet': None, 'warm_start': True, 'warm_start_mode': 'amplified', 'lasserre_level': 2, 'initial_solver_level_M': 2, 'sdp_seed': 42, 'sdp_solver_mode': 'scs', 'sdp_scs_eps': 1e-08, 'sdp_scs_max_iters': 1000000, 'warm_start_corr_strength': None, 'warm_start_corr_repeats': None, 'compare_with_010101': False, 'init_QAOAparams_close_to_zero': False, 'use_correlations_as_initial_params': False, 'time_limit': None, 'failed_instance_termination_thrsh': None, 'graph_generation_type': 'hog', 'weighted': False, 'easiest_first': False, 'cpu_util_threshold': None, 'debug': False, 'save_circuit_svg': False, 'rerun_exclude_finished_instances': True, 'warm_start_cache_producer_only': True, 'qaoa_only_from_existing_warm_start_cache': False, 'optimiser_debug_iterations': None, 'num_repeats': 1, 'relative_graph_adjList_path': 'HOG_graphs/triangleFree_connected_4to8vertices_176instances_AdjacencyList.txt', 'persistent_warm_start_cache': True, 'warm_start_cache_dir': 'Results/warm_start_cache_experiments/Exp4_v2_tf176_L2M2_scs_eps1e-8_gpseed42_alg17seed43', 'warm_start_cache_max_file_mb': 512, 'warm_start_cache_max_total_gb': 60, 'sdp_max_parallel': 32, 'qaoa_max_parallel': 0, 'sdp_threads': 1, 'qaoa_threads': 1, 'sdp_memory_limit_total_gb': 250, 'sdp_memory_limit_single_gb': 100, 'sdp_memory_poll_seconds': 5, 'sdp_max_retries': 3, 'queue_poll_interval_seconds': 5, 'max_graph_vertices': 10, 'completed_result_csv_paths': [], 'qaoa_seed': 1, 'initialise_standard_warm_start_with_zero_angles': False, 'result_name_suffix': '_Exp4_v2_tf176_L2M2_scs_eps1e-8_gpseed42_alg17seed43'}, Running QAOA with equal superposition
Benchmark run ID: 6400f171
Benchmark repeat index: 1
Configured SDP rounding seed: 42
QAOA seed used: 1
Processor: x86_64
Hostname: dacsvm-cpunode01
Total RAM (GB): None
Physical cores: 32
Logical cores: 32
Python version: 3.11.15
Initialisation time: 0.01 seconds; started at stardate {'initialisation': 0.008996248245239258} and finished at stardate1788268857.6318228
Loaded HOG graph index 77 with 10 edges.
Instance generation for n=77 took 0.00 seconds; started at stardate 1788268857.631829 and finished at stardate 1788268857.633974
Running QAOA for n=8 nodes, m=10 edges...; Max iterations: 75
Warm-start: starting SDP solve for n_vertices=8
Warm-start: using configured sdp_seed=42
Using SCS solver for SDP with eps=1e-08, max_iters=1000000.
SDP solver status: optimal
SDP solver name: SCS
SDP solver iterations: 1525
SDP solve time: 23.448469990000003
SDP extra stats: {'x': array([ 1.00000000e+00, -1.72127005e-12,  3.98681962e-13, ...,
        1.00000000e+00,  3.71160824e-18,  1.00000000e+00], shape=(38503,)), 'y': array([ 3.50545637e-02,  1.45200776e-02,  1.45200776e-02, ...,
        2.62778679e-02, -6.77642502e-14,  6.28357007e-02], shape=(108050,)), 's': array([ 0.00000000e+00,  0.00000000e+00,  0.00000000e+00, ...,
        1.00000000e+00, -1.17777835e-15,  1.00000000e+00], shape=(108050,)), 'info': {'status_val': 1, 'iter': 1525, 'scale_updates': 2, 'scale': 2.953872320530147, 'pobj': -7.608920680895811, 'dobj': -7.608920670848098, 'res_pri': 7.350706259144512e-09, 'res_dual': 1.4467541378078015e-08, 'gap': 1.0047712883931581e-08, 'res_infeas': nan, 'res_unbdd_a': 0.13142468451679912, 'res_unbdd_p': 0.0, 'comp_slack': 3.985931628841158e-11, 'solve_time': 23448.46999, 'setup_time': 47.211256, 'lin_sys_time': 2169.28109, 'cone_time': 20551.390398000018, 'accel_time': 151.5005660000004, 'rejected_accel_steps': 11, 'accepted_accel_steps': 4, 'status': 'solved'}}
Rounding...
Setting seed to 42
n_vertices: 8 for n = 24
Using seed 42 to generate random matrix for x.
Energy of rounded cut/product state: 5.634624271215257
Algorithm 17 lower-bound energy: 7.4092001178806495
Algorithm 17 actual entangled-state energy: 6.234021505381964
SDP objective value: 12.608920680895812
5 in cut out of a total of 10 edges
Warm-start: SDP solve + rounding finished in 569.33 seconds
Warm-start: using level-2 Algorithm 17 entangled statevector with shape (256,)
Warm-start cache: moment matrix before save shape=(277, 277), dtype=float64, entries=76729, bytes=613832 (0.59 MiB)
Warm-start cache: saved Results/warm_start_cache_experiments/Exp4_v2_tf176_L2M2_scs_eps1e-8_gpseed42_alg17seed43/triangleFree_connected_4to8vertices_176instances_AdjacencyList__filehash_279b7452/hog_idx000077_b5cef4816c6c_seed42_L2_M2_amplified.npz in 0.0092 seconds
WARM_START_CACHE_PRODUCER_ONLY is set; warm-start cache has been produced/loaded. Exiting before QAOA optimisation.
