Starting QAOA benchmark with global start time: 1786672740.8254814
Benchmark parameters: {'optimiser': 'adam', 'optimiser_use_heuristic': False, 'heuristic_optimiser_iterations': None, 'heuristic_optimiser_sampleSize': None, 'circuit_type': 'hamqaoa', 'parameter_vector': [1, 1, 1], 'iterations_list': [50], 'learning_rate_adam': 0.01, 'depth_list': [1, 2, 3, 5], 'n_start': None, 'n_end': None, 'singlet_injection': False, 'start_index_singlet': None, 'warm_start': True, 'warm_start_mode': 'standard', 'lasserre_level': 1, 'initial_solver_level_M': 1, 'sdp_seed': None, 'sdp_solver_mode': 'scs', 'sdp_scs_eps': 1e-06, 'sdp_scs_max_iters': 100000, 'warm_start_corr_strength': None, 'warm_start_corr_repeats': None, 'compare_with_010101': False, 'init_QAOAparams_close_to_zero': False, 'use_correlations_as_initial_params': False, 'time_limit': None, 'failed_instance_termination_thrsh': None, 'graph_generation_type': 'hog', 'weighted': False, 'easiest_first': False, 'cpu_util_threshold': None, 'debug': False, 'save_circuit_svg': False, 'rerun_exclude_finished_instances': True, 'warm_start_cache_producer_only': False, 'qaoa_only_from_existing_warm_start_cache': True, 'optimiser_debug_iterations': None, 'num_repeats': 1, 'relative_graph_adjList_path': 'HOG_graphs/Exp5/list_388_graphs_adjacency_list_hog_v04-12_regular.txt', 'persistent_warm_start_cache': True, 'warm_start_cache_dir': 'Results/warm_start_cache', 'warm_start_cache_max_file_mb': 512, 'warm_start_cache_max_total_gb': 60, 'sdp_max_parallel': 0, 'qaoa_max_parallel': 16, 'sdp_threads': 1, 'qaoa_threads': 1, 'sdp_memory_limit_total_gb': 0, 'sdp_memory_limit_single_gb': 0, 'sdp_memory_poll_seconds': 5, 'sdp_max_retries': 0, 'queue_poll_interval_seconds': 5, 'max_graph_vertices': 11, 'completed_result_csv_paths': [], 'qaoa_seed': 1, 'initialise_standard_warm_start_with_zero_angles': False, 'result_name_suffix': '_Exp5_subexp4_standardWithHeuristic'}, Running QAOA with equal superposition
Benchmark run ID: f7a62fa3
Benchmark repeat index: 1
SDP seed override: None
QAOA seed: 2200401
Processor: x86_64
Hostname: dacsgpu0002
Total RAM (GB): None
Physical cores: 64
Logical cores: 64
Python version: 3.11.15
Initialisation time: 0.00 seconds; started at stardate {'initialisation': 0.00435328483581543} and finished at stardate1786672740.8298411
Loaded HOG graph index 22 with 10 edges.
Instance generation for n=22 took 0.17 seconds; started at stardate 1786672740.8298466 and finished at stardate 1786672741.0006359
Running QAOA for n=10 nodes, m=10 edges...; Max iterations: 50
Warm-start cache: loading Results/warm_start_cache/list_388_graphs_adjacency_list_hog_v04-12_regular__filehash_5b7f8d46/hog_idx000022_db681bbc3e73_noseed_L1_M1_amplified.npz
Warm-start cache: loaded in 0.0015 seconds; effective compute time=0.13475537300109863
Edges: [(0, 1), (1, 9), (3, 5), (5, 7), (7, 9), (4, 6), (6, 8), (3, 4), (2, 8), (0, 2)], weights: [1.0, 1.0, 1.0, 1.0, 1.0, 1.0, 1.0, 1.0, 1.0, 1.0], set of nodes: {0, 1, 2, 3, 4, 5, 6, 7, 8, 9}, n: 10 nodes, p: 5 layers, N_bayes: 50 iterations
Solving for uuid: 5be322e7
Initial state injected as warm start
Running ADAM optimization with a single iteration (no debug loop)
4.273111558417494
QAOA optimisation for n=22 took 202.14 seconds; started at stardate 1786672741.000642 and finished at stardate 1786672943.1445346
Finished QAOA for n=10 nodes, m=10 edges at 2026-08-14 04:02:23 on x86_64. Time taken: 202.14 seconds. Hours: 0.06 hours. Peak RAM: 1.47 MB.
Computing cycle approximation ratio
CSV writing for n=22 took 0.01 seconds; started at stardate 1786672943.144545 and finished at stardate 1786672943.1572618
results: {22: 4.273111558417494}
durations: {10: 202.1438992023468}
Results saved to: Results/logs/adam/qaoa_results_adam_20260814_025205_pid1846787_Exp5_subexp4_standardWithHeuristic.csv
Global end time: 1786672943.1572924
Finalisation time: 0.00 seconds; started at stardate 1786672943.157267 and finished at stardate 1786672943.157296
Sum of all section times: 202.33 seconds
run_id: f7a62fa3
