Starting QAOA benchmark with global start time: 1786682429.5961354
Benchmark parameters: {'optimiser': 'adam', 'optimiser_use_heuristic': False, 'heuristic_optimiser_iterations': None, 'heuristic_optimiser_sampleSize': None, 'circuit_type': 'hamqaoa', 'parameter_vector': [1, 1, 1], 'iterations_list': [50], 'learning_rate_adam': 0.01, 'depth_list': [1, 2, 3, 5], 'n_start': None, 'n_end': None, 'singlet_injection': False, 'start_index_singlet': None, 'warm_start': True, 'warm_start_mode': 'standard', 'lasserre_level': 1, 'initial_solver_level_M': 1, 'sdp_seed': None, 'sdp_solver_mode': 'scs', 'sdp_scs_eps': 1e-06, 'sdp_scs_max_iters': 100000, 'warm_start_corr_strength': None, 'warm_start_corr_repeats': None, 'compare_with_010101': False, 'init_QAOAparams_close_to_zero': False, 'use_correlations_as_initial_params': False, 'time_limit': None, 'failed_instance_termination_thrsh': None, 'graph_generation_type': 'hog', 'weighted': False, 'easiest_first': False, 'cpu_util_threshold': None, 'debug': False, 'save_circuit_svg': False, 'rerun_exclude_finished_instances': True, 'warm_start_cache_producer_only': False, 'qaoa_only_from_existing_warm_start_cache': True, 'optimiser_debug_iterations': None, 'num_repeats': 1, 'relative_graph_adjList_path': 'HOG_graphs/Exp5/list_388_graphs_adjacency_list_hog_v04-12_regular.txt', 'persistent_warm_start_cache': True, 'warm_start_cache_dir': 'Results/warm_start_cache', 'warm_start_cache_max_file_mb': 512, 'warm_start_cache_max_total_gb': 60, 'sdp_max_parallel': 0, 'qaoa_max_parallel': 16, 'sdp_threads': 1, 'qaoa_threads': 1, 'sdp_memory_limit_total_gb': 0, 'sdp_memory_limit_single_gb': 0, 'sdp_memory_poll_seconds': 5, 'sdp_max_retries': 0, 'queue_poll_interval_seconds': 5, 'max_graph_vertices': 11, 'completed_result_csv_paths': [], 'qaoa_seed': 1, 'initialise_standard_warm_start_with_zero_angles': False, 'result_name_suffix': '_Exp5_subexp4_standardWithHeuristic'}, Running QAOA with equal superposition
Benchmark run ID: c420fdba
Benchmark repeat index: 1
SDP seed override: None
QAOA seed: 13500101
Processor: x86_64
Hostname: dacsgpu0002
Total RAM (GB): None
Physical cores: 64
Logical cores: 64
Python version: 3.11.15
Initialisation time: 0.03 seconds; started at stardate {'initialisation': 0.026883363723754883} and finished at stardate1786682429.6230338
Loaded HOG graph index 135 with 22 edges.
Instance generation for n=135 took 0.50 seconds; started at stardate 1786682429.623043 and finished at stardate 1786682430.1194189
Running QAOA for n=11 nodes, m=22 edges...; Max iterations: 50
Warm-start cache: loading Results/warm_start_cache/list_388_graphs_adjacency_list_hog_v04-12_regular__filehash_5b7f8d46/hog_idx000135_4a475a188762_noseed_L1_M1_amplified.npz
Warm-start cache: loaded in 0.0052 seconds; effective compute time=0.20004034042358398
Edges: [(4, 9), (0, 2), (5, 7), (3, 4), (4, 8), (3, 10), (7, 10), (8, 9), (0, 1), (0, 4), (1, 9), (6, 8), (5, 9), (3, 6), (2, 10), (2, 7), (0, 3), (1, 2), (1, 5), (6, 10), (5, 8), (6, 7)], weights: [1.0, 1.0, 1.0, 1.0, 1.0, 1.0, 1.0, 1.0, 1.0, 1.0, 1.0, 1.0, 1.0, 1.0, 1.0, 1.0, 1.0, 1.0, 1.0, 1.0, 1.0, 1.0], set of nodes: {0, 1, 2, 3, 4, 5, 6, 7, 8, 9, 10}, n: 11 nodes, p: 2 layers, N_bayes: 50 iterations
Solving for uuid: 0afe3769
Initial state injected as warm start
Running ADAM optimization with a single iteration (no debug loop)
7.917362482076635
QAOA optimisation for n=135 took 324.08 seconds; started at stardate 1786682430.1194248 and finished at stardate 1786682754.200829
Finished QAOA for n=11 nodes, m=22 edges at 2026-08-14 06:45:54 on x86_64. Time taken: 324.08 seconds. Hours: 0.09 hours. Peak RAM: 2.0 MB.
Unknown graph type for approximation ratio calculation; checking misc CSV.
Checking optimal_results_misc.csv for matching edges and weights...
Found matching exact result in misc CSV: 10.941338071437016
CSV writing for n=135 took 0.01 seconds; started at stardate 1786682754.2008348 and finished at stardate 1786682754.207909
results: {135: 7.917362482076635}
durations: {11: 324.0814085006714}
Results saved to: Results/logs/adam/qaoa_results_adam_20260814_025205_pid1846787_Exp5_subexp4_standardWithHeuristic.csv
Global end time: 1786682754.2079163
Finalisation time: 0.00 seconds; started at stardate 1786682754.2079115 and finished at stardate 1786682754.2079191
Sum of all section times: 324.61 seconds
run_id: c420fdba
