Starting QAOA benchmark with global start time: 1788434052.4532251
Benchmark parameters: {'optimiser': 'adam', 'optimiser_use_heuristic': None, 'heuristic_optimiser_iterations': None, 'heuristic_optimiser_sampleSize': None, 'circuit_type': 'hamqaoa', 'parameter_vector': [1, 1, 1], 'iterations_list': [75], 'learning_rate_adam': None, 'depth_list': [1], 'n_start': None, 'n_end': None, 'singlet_injection': False, 'start_index_singlet': None, 'warm_start': True, 'warm_start_mode': 'amplified', 'warm_start_corr_strength': 1.0, 'warm_start_corr_repeats': 1, 'lasserre_level': 2, 'initial_solver_level_M': 2, 'sdp_seed': 42, 'sdp_solver_mode': 'scs', 'sdp_scs_eps': 1e-06, 'sdp_scs_max_iters': 100000, 'compare_with_010101': False, 'init_QAOAparams_close_to_zero': False, 'use_correlations_as_initial_params': False, 'time_limit': None, 'failed_instance_termination_thrsh': None, 'graph_generation_type': 'hog', 'weighted': False, 'easiest_first': False, 'cpu_util_threshold': None, 'debug': False, 'save_circuit_svg': False, 'rerun_exclude_finished_instances': True, 'warm_start_cache_producer_only': True, 'qaoa_only_from_existing_warm_start_cache': False, 'optimiser_debug_iterations': None, 'num_repeats': 1, 'relative_graph_adjList_path': 'HOG_graphs/random_graphs_8to14vertices_78instances_20260625_143415_AdjacencyList.txt', 'persistent_warm_start_cache': True, 'warm_start_cache_dir': 'Results/warm_start_cache/experiment_3', 'warm_start_cache_max_file_mb': 512, 'warm_start_cache_max_total_gb': 60, 'sdp_max_parallel': 32, 'qaoa_max_parallel': 0, 'sdp_threads': 1, 'qaoa_threads': 1, 'sdp_memory_limit_total_gb': 250, 'sdp_memory_limit_single_gb': 100, 'sdp_memory_poll_seconds': 5, 'sdp_max_retries': 3, 'queue_poll_interval_seconds': 5, 'max_graph_vertices': 10, 'completed_result_csv_paths': [], 'qaoa_seed': 42, 'initialise_standard_warm_start_with_zero_angles': False, 'result_name_suffix': '_Exp4_v3_standardZeroAngles', 'algorithm17_beta_mode': 'analytic_instance'}, Running QAOA with equal superposition
Benchmark run ID: 0b8f1b18
Benchmark repeat index: 1
Configured SDP rounding seed: 42
QAOA seed used: 42
Processor: x86_64
Hostname: dacsgpu0002
Total RAM (GB): None
Physical cores: 64
Logical cores: 64
Python version: 3.11.15
Initialisation time: 0.00 seconds; started at stardate {'initialisation': 0.0021626949310302734} and finished at stardate1788434052.455394
Loaded HOG graph index 14 with 21 edges.
Instance generation for n=14 took 0.00 seconds; started at stardate 1788434052.4553986 and finished at stardate 1788434052.457397
Running QAOA for n=9 nodes, m=21 edges...; Max iterations: 75
Warm-start: starting SDP solve for n_vertices=9
Warm-start: using configured sdp_seed=42
Using SCS solver for SDP with eps=1e-06, max_iters=100000.
SDP solver status: optimal
SDP solver name: SCS
SDP solver iterations: 1025
SDP solve time: 31.610355997
SDP extra stats: {'x': array([ 1.00000000e+00, -3.27052855e-13,  1.07666650e-12, ...,
        1.00000000e+00,  6.73969502e-18,  1.00000000e+00], shape=(62128,)), 'y': array([ 3.56528709e-02,  1.47678997e-02,  1.47678997e-02, ...,
        7.64808432e-03, -1.29451382e-13,  3.86290900e-02], shape=(173558,)), 's': array([0.00000000e+00, 0.00000000e+00, 0.00000000e+00, ...,
       9.99999993e-01, 1.59758460e-14, 1.00000009e+00], shape=(173558,)), 'info': {'status_val': 1, 'iter': 1025, 'scale_updates': 2, 'scale': 3.0108669595120525, 'pobj': -9.556056819704478, 'dobj': -9.556056847805642, 'res_pri': 9.801727943260106e-07, 'res_dual': 1.4025467716717944e-06, 'gap': 2.8101164062377393e-08, 'res_infeas': nan, 'res_unbdd_a': 0.10464567332111599, 'res_unbdd_p': 0.0, 'comp_slack': 2.1493552138973287e-11, 'solve_time': 31610.355997, 'setup_time': 94.444462, 'lin_sys_time': 2649.330151000003, 'cone_time': 27900.758499999956, 'accel_time': 208.4766140000012, 'rejected_accel_steps': 7, 'accepted_accel_steps': 2, 'status': 'solved'}}
Rounding...
Setting seed to 42
n_vertices: 9 for n = 27
Using seed 42 to generate random matrix for x.
Energy of rounded cut/product state: 14.276654465551028
Algorithm 17 instance beta optimisation selected beta_star=0.0206970234584 in 0.210327 seconds.
Algorithm 17 analytical F-bound is not applicable because the graph is not triangle-free.
Algorithm 17 actual entangled-state energy: 14.308060917883752
SDP objective value: 20.05605681970448
13 in cut out of a total of 21 edges
Warm-start: SDP solve + rounding finished in 3072.16 seconds
Warm-start: using level-2 Algorithm 17 entangled statevector with shape (512,)
Warm-start cache: moment matrix before save shape=(352, 352), dtype=float64, entries=123904, bytes=991232 (0.95 MiB)
Warm-start cache: saved Results/warm_start_cache/experiment_3/random_graphs_8to14vertices_78instances_20260625_143415_AdjacencyList__filehash_a79662a0/hog_idx000014_0210a11e9aa6_seed42_L2_M2_betaanalytic_instance_amplified.npz in 0.0118 seconds
WARM_START_CACHE_PRODUCER_ONLY is set; warm-start cache has been produced/loaded. Exiting before QAOA optimisation.
