Starting QAOA benchmark with global start time: 1786957959.750996
Benchmark parameters: {'optimiser': 'adam', 'optimiser_use_heuristic': True, 'heuristic_optimiser_iterations': 1, 'heuristic_optimiser_sampleSize': 20, 'circuit_type': 'hamqaoa', 'parameter_vector': [1, 1, 1], 'iterations_list': [50], 'learning_rate_adam': 0.005, 'depth_list': [1, 2, 3, 5], 'n_start': None, 'n_end': None, 'singlet_injection': False, 'start_index_singlet': None, 'warm_start': True, 'warm_start_mode': 'standard', 'lasserre_level': 1, 'initial_solver_level_M': 1, 'sdp_seed': None, 'sdp_solver_mode': 'scs', 'sdp_scs_eps': 1e-06, 'sdp_scs_max_iters': 100000, 'warm_start_corr_strength': None, 'warm_start_corr_repeats': None, 'compare_with_010101': False, 'init_QAOAparams_close_to_zero': False, 'use_correlations_as_initial_params': False, 'time_limit': None, 'failed_instance_termination_thrsh': None, 'graph_generation_type': 'hog', 'weighted': False, 'easiest_first': False, 'cpu_util_threshold': None, 'debug': False, 'save_circuit_svg': False, 'rerun_exclude_finished_instances': True, 'warm_start_cache_producer_only': False, 'qaoa_only_from_existing_warm_start_cache': True, 'optimiser_debug_iterations': None, 'num_repeats': 1, 'relative_graph_adjList_path': 'HOG_graphs/Exp5/list_388_graphs_adjacency_list_hog_v04-12_regular.txt', 'persistent_warm_start_cache': True, 'warm_start_cache_dir': 'Results/warm_start_cache', 'warm_start_cache_max_file_mb': 512, 'warm_start_cache_max_total_gb': 60, 'sdp_max_parallel': 0, 'qaoa_max_parallel': 16, 'sdp_threads': 1, 'qaoa_threads': 1, 'sdp_memory_limit_total_gb': 0, 'sdp_memory_limit_single_gb': 0, 'sdp_memory_poll_seconds': 5, 'sdp_max_retries': 0, 'queue_poll_interval_seconds': 5, 'max_graph_vertices': 11, 'completed_result_csv_paths': [], 'qaoa_seed': 1, 'initialise_standard_warm_start_with_zero_angles': False, 'result_name_suffix': '_Exp5_subexp4_standardWithHeuristic'}, Running QAOA with equal superposition
Benchmark run ID: 8ec4af88
Benchmark repeat index: 1
SDP seed override: None
QAOA seed: 27300201
Processor: x86_64
Hostname: dacsgpu0002
Total RAM (GB): None
Physical cores: 64
Logical cores: 64
Python version: 3.11.15
Initialisation time: 0.00 seconds; started at stardate {'initialisation': 0.0041332244873046875} and finished at stardate1786957959.7551382
Loaded HOG graph index 273 with 20 edges.
Instance generation for n=273 took 0.11 seconds; started at stardate 1786957959.7551453 and finished at stardate 1786957959.8618937
Running QAOA for n=10 nodes, m=20 edges...; Max iterations: 50
Warm-start cache: loading Results/warm_start_cache/list_388_graphs_adjacency_list_hog_v04-12_regular__filehash_5b7f8d46/hog_idx000273_6a25b2b0d31e_noseed_L1_M1_amplified.npz
Warm-start cache: loaded in 0.0013 seconds; effective compute time=0.14418864250183105
Edges: [(2, 3), (2, 9), (7, 8), (1, 4), (0, 2), (6, 9), (5, 7), (3, 7), (4, 8), (1, 3), (0, 1), (0, 4), (1, 9), (6, 8), (5, 6), (5, 9), (2, 4), (0, 3), (5, 8), (6, 7)], weights: [1.0, 1.0, 1.0, 1.0, 1.0, 1.0, 1.0, 1.0, 1.0, 1.0, 1.0, 1.0, 1.0, 1.0, 1.0, 1.0, 1.0, 1.0, 1.0, 1.0], set of nodes: {0, 1, 2, 3, 4, 5, 6, 7, 8, 9}, n: 10 nodes, p: 3 layers, N_bayes: 50 iterations
Solving for uuid: fd6fd301
Initial state injected as warm start
Running ADAM optimization with a single iteration (no debug loop)
6.932803345326028
QAOA optimisation for n=273 took 258.02 seconds; started at stardate 1786957959.8618999 and finished at stardate 1786958217.8798177
Finished QAOA for n=10 nodes, m=20 edges at 2026-08-17 11:16:57 on x86_64. Time taken: 258.02 seconds. Hours: 0.07 hours. Peak RAM: 1.0 MB.
Unknown graph type for approximation ratio calculation; checking misc CSV.
Checking optimal_results_misc.csv for matching edges and weights...
Found matching exact result in misc CSV: 9.930179026314159
CSV writing for n=273 took 0.02 seconds; started at stardate 1786958217.8798282 and finished at stardate 1786958217.903246
results: {273: 6.932803345326028}
durations: {10: 258.0179250240326}
Results saved to: Results/logs/adam/qaoa_results_adam_20260817_044921_pid762663_Exp5_subexp4_standardWithHeuristic.csv
Global end time: 1786958217.9032605
Finalisation time: 0.00 seconds; started at stardate 1786958217.9032512 and finished at stardate 1786958217.9032652
Sum of all section times: 258.15 seconds
run_id: 8ec4af88
