Starting QAOA benchmark with global start time: 1786938449.4902322
Benchmark parameters: {'optimiser': 'adam', 'optimiser_use_heuristic': True, 'heuristic_optimiser_iterations': 1, 'heuristic_optimiser_sampleSize': 20, 'circuit_type': 'hamqaoa', 'parameter_vector': [1, 1, 1], 'iterations_list': [50], 'learning_rate_adam': 0.005, 'depth_list': [1, 2, 3, 5], 'n_start': None, 'n_end': None, 'singlet_injection': False, 'start_index_singlet': None, 'warm_start': True, 'warm_start_mode': 'standard', 'lasserre_level': 1, 'initial_solver_level_M': 1, 'sdp_seed': None, 'sdp_solver_mode': 'scs', 'sdp_scs_eps': 1e-06, 'sdp_scs_max_iters': 100000, 'warm_start_corr_strength': None, 'warm_start_corr_repeats': None, 'compare_with_010101': False, 'init_QAOAparams_close_to_zero': False, 'use_correlations_as_initial_params': False, 'time_limit': None, 'failed_instance_termination_thrsh': None, 'graph_generation_type': 'hog', 'weighted': False, 'easiest_first': False, 'cpu_util_threshold': None, 'debug': False, 'save_circuit_svg': False, 'rerun_exclude_finished_instances': True, 'warm_start_cache_producer_only': False, 'qaoa_only_from_existing_warm_start_cache': True, 'optimiser_debug_iterations': None, 'num_repeats': 1, 'relative_graph_adjList_path': 'HOG_graphs/Exp5/list_388_graphs_adjacency_list_hog_v04-12_regular.txt', 'persistent_warm_start_cache': True, 'warm_start_cache_dir': 'Results/warm_start_cache', 'warm_start_cache_max_file_mb': 512, 'warm_start_cache_max_total_gb': 60, 'sdp_max_parallel': 0, 'qaoa_max_parallel': 16, 'sdp_threads': 1, 'qaoa_threads': 1, 'sdp_memory_limit_total_gb': 0, 'sdp_memory_limit_single_gb': 0, 'sdp_memory_poll_seconds': 5, 'sdp_max_retries': 0, 'queue_poll_interval_seconds': 5, 'max_graph_vertices': 11, 'completed_result_csv_paths': [], 'qaoa_seed': 1, 'initialise_standard_warm_start_with_zero_angles': False, 'result_name_suffix': '_Exp5_subexp4_standardWithHeuristic'}, Running QAOA with equal superposition
Benchmark run ID: c0b13b12
Benchmark repeat index: 1
SDP seed override: None
QAOA seed: 30800201
Processor: x86_64
Hostname: dacsgpu0002
Total RAM (GB): None
Physical cores: 64
Logical cores: 64
Python version: 3.11.15
Initialisation time: 0.00 seconds; started at stardate {'initialisation': 0.0038967132568359375} and finished at stardate1786938449.4941359
Loaded HOG graph index 308 with 20 edges.
Instance generation for n=308 took 0.11 seconds; started at stardate 1786938449.4941413 and finished at stardate 1786938449.6014142
Running QAOA for n=10 nodes, m=20 edges...; Max iterations: 50
Warm-start cache: loading Results/warm_start_cache/list_388_graphs_adjacency_list_hog_v04-12_regular__filehash_5b7f8d46/hog_idx000308_202a5c4e9abc_noseed_L1_M1_amplified.npz
Warm-start cache: loaded in 0.0015 seconds; effective compute time=0.14891338348388672
Edges: [(3, 8), (2, 9), (4, 9), (0, 2), (1, 7), (5, 7), (2, 8), (2, 5), (4, 8), (0, 1), (1, 6), (0, 4), (6, 8), (5, 6), (3, 6), (3, 9), (4, 7), (7, 9), (0, 3), (1, 5)], weights: [1.0, 1.0, 1.0, 1.0, 1.0, 1.0, 1.0, 1.0, 1.0, 1.0, 1.0, 1.0, 1.0, 1.0, 1.0, 1.0, 1.0, 1.0, 1.0, 1.0], set of nodes: {0, 1, 2, 3, 4, 5, 6, 7, 8, 9}, n: 10 nodes, p: 3 layers, N_bayes: 50 iterations
Solving for uuid: a220a63c
Initial state injected as warm start
Running ADAM optimization with a single iteration (no debug loop)
6.270965891135162
QAOA optimisation for n=308 took 288.40 seconds; started at stardate 1786938449.6014194 and finished at stardate 1786938738.006034
Finished QAOA for n=10 nodes, m=20 edges at 2026-08-17 05:52:18 on x86_64. Time taken: 288.40 seconds. Hours: 0.08 hours. Peak RAM: 1.0 MB.
Unknown graph type for approximation ratio calculation; checking misc CSV.
Checking optimal_results_misc.csv for matching edges and weights...
Found matching exact result in misc CSV: 10.837625064876978
CSV writing for n=308 took 0.03 seconds; started at stardate 1786938738.0060441 and finished at stardate 1786938738.031764
results: {308: 6.270965891135162}
durations: {10: 288.4046206474304}
Results saved to: Results/logs/adam/qaoa_results_adam_20260817_044921_pid762663_Exp5_subexp4_standardWithHeuristic.csv
Global end time: 1786938738.0317807
Finalisation time: 0.00 seconds; started at stardate 1786938738.0317702 and finished at stardate 1786938738.031786
Sum of all section times: 288.54 seconds
run_id: c0b13b12
