Starting QAOA benchmark with global start time: 1784386433.0619147
Benchmark parameters: {'optimiser': 'adam', 'optimiser_use_heuristic': False, 'heuristic_optimiser_iterations': None, 'heuristic_optimiser_sampleSize': None, 'circuit_type': 'hamqaoa', 'parameter_vector': [1, 1, 1], 'iterations_list': [5, 10, 25, 50], 'learning_rate_adam': 0.01, 'depth_list': [1, 2], 'n_start': None, 'n_end': None, 'singlet_injection': False, 'start_index_singlet': None, 'warm_start': True, 'warm_start_mode': 'standard', 'lasserre_level': 1, 'initial_solver_level_M': 1, 'sdp_seed': 42, 'sdp_solver_mode': 'scs', 'sdp_scs_eps': 1e-06, 'sdp_scs_max_iters': 100000, 'warm_start_corr_strength': None, 'warm_start_corr_repeats': None, 'compare_with_010101': False, 'init_QAOAparams_close_to_zero': False, 'use_correlations_as_initial_params': False, 'time_limit': None, 'failed_instance_termination_thrsh': None, 'graph_generation_type': 'hog', 'weighted': False, 'easiest_first': True, 'cpu_util_threshold': None, 'debug': False, 'save_circuit_svg': False, 'rerun_exclude_finished_instances': False, 'warm_start_cache_producer_only': False, 'qaoa_only_from_existing_warm_start_cache': True, 'optimiser_debug_iterations': None, 'num_repeats': 1, 'relative_graph_adjList_path': 'HOG_graphs/random_graphs_8to14vertices_78instances_20260625_143415_AdjacencyList.txt', 'persistent_warm_start_cache': True, 'warm_start_cache_dir': 'Results/warm_start_cache/experiment_3', 'warm_start_cache_max_file_mb': 512, 'warm_start_cache_max_total_gb': 60, 'sdp_max_parallel': 0, 'qaoa_max_parallel': 32, 'sdp_threads': 1, 'qaoa_threads': 1, 'sdp_memory_limit_total_gb': 100, 'sdp_memory_limit_single_gb': 100, 'sdp_memory_poll_seconds': 5, 'sdp_max_retries': 3, 'queue_poll_interval_seconds': 5}, Running QAOA with equal superposition
Benchmark run ID: 76b41c2c
Benchmark repeat index: 1
SDP seed override: 42
Processor: x86_64
Hostname: dacsgpu0003
Total RAM (GB): None
Physical cores: 64
Logical cores: 64
Python version: 3.11.15
Initialisation time: 0.02 seconds; started at stardate {'initialisation': 0.02355480194091797} and finished at stardate1784386433.0854836
Loaded HOG graph index 54 with 36 edges.
Instance generation for n=54 took 0.00 seconds; started at stardate 1784386433.0854921 and finished at stardate 1784386433.0891097
Running QAOA for n=12 nodes, m=36 edges...; Max iterations: 50
Warm-start cache: loading Results/warm_start_cache/experiment_3/random_graphs_8to14vertices_78instances_20260625_143415_AdjacencyList__filehash_a79662a0/hog_idx000054_61c43fc0c0fd_seed42_L1_M1_amplified.npz
Warm-start cache: loaded in 0.0017 seconds; effective compute time=0.3410160541534424
Edges: [(5, 11), (2, 3), (3, 5), (2, 9), (4, 6), (7, 8), (0, 5), (1, 4), (0, 2), (1, 10), (0, 11), (6, 9), (5, 7), (3, 4), (2, 8), (4, 5), (3, 7), (2, 5), (2, 11), (4, 8), (8, 9), (1, 3), (0, 1), (9, 10), (0, 10), (6, 8), (5, 6), (3, 6), (2, 4), (2, 7), (4, 7), (0, 3), (1, 2), (10, 11), (0, 9), (6, 7)], weights: [1.0, 1.0, 1.0, 1.0, 1.0, 1.0, 1.0, 1.0, 1.0, 1.0, 1.0, 1.0, 1.0, 1.0, 1.0, 1.0, 1.0, 1.0, 1.0, 1.0, 1.0, 1.0, 1.0, 1.0, 1.0, 1.0, 1.0, 1.0, 1.0, 1.0, 1.0, 1.0, 1.0, 1.0, 1.0, 1.0], set of nodes: {0, 1, 2, 3, 4, 5, 6, 7, 8, 9, 10, 11}, n: 12 nodes, p: 1 layers, N_bayes: 50 iterations
Solving for uuid: 2080d8b0
Initial state injected as warm start
Running ADAM optimization with a single iteration (no debug loop)
10.938414580252863
QAOA optimisation for n=54 took 7734.38 seconds; started at stardate 1784386433.089115 and finished at stardate 1784394167.4659953
Finished QAOA for n=12 nodes, m=36 edges at 2026-07-18 19:02:47 on x86_64. Time taken: 7734.38 seconds. Hours: 2.15 hours. Peak RAM: 3.74 MB.
Unknown graph type for approximation ratio calculation; checking misc CSV.
Checking optimal_results_misc.csv for matching edges and weights...
Found matching exact result in misc CSV: 15.571403208269022
CSV writing for n=54 took 0.07 seconds; started at stardate 1784394167.466422 and finished at stardate 1784394167.5368967
results: {54: 10.938414580252863}
durations: {12: 7734.376897096634}
Results saved to: Results/logs/adam/qaoa_results_adam_20260718_140323_pid683723.csv
Global end time: 1784394167.5369313
Finalisation time: 0.00 seconds; started at stardate 1784394167.5369039 and finished at stardate 1784394167.536936
Sum of all section times: 7734.47 seconds
run_id: 76b41c2c
