Starting QAOA benchmark with global start time: 1784395288.1895266
Benchmark parameters: {'optimiser': 'adam', 'optimiser_use_heuristic': False, 'heuristic_optimiser_iterations': None, 'heuristic_optimiser_sampleSize': None, 'circuit_type': 'hamqaoa', 'parameter_vector': [1, 1, 1], 'iterations_list': [5, 10, 25, 50], 'learning_rate_adam': 0.01, 'depth_list': [1, 2], 'n_start': None, 'n_end': None, 'singlet_injection': False, 'start_index_singlet': None, 'warm_start': True, 'warm_start_mode': 'standard', 'lasserre_level': 1, 'initial_solver_level_M': 1, 'sdp_seed': 42, 'sdp_solver_mode': 'scs', 'sdp_scs_eps': 1e-06, 'sdp_scs_max_iters': 100000, 'warm_start_corr_strength': None, 'warm_start_corr_repeats': None, 'compare_with_010101': False, 'init_QAOAparams_close_to_zero': False, 'use_correlations_as_initial_params': False, 'time_limit': None, 'failed_instance_termination_thrsh': None, 'graph_generation_type': 'hog', 'weighted': False, 'easiest_first': True, 'cpu_util_threshold': None, 'debug': False, 'save_circuit_svg': False, 'rerun_exclude_finished_instances': False, 'warm_start_cache_producer_only': False, 'qaoa_only_from_existing_warm_start_cache': True, 'optimiser_debug_iterations': None, 'num_repeats': 1, 'relative_graph_adjList_path': 'HOG_graphs/random_graphs_8to14vertices_78instances_20260625_143415_AdjacencyList.txt', 'persistent_warm_start_cache': True, 'warm_start_cache_dir': 'Results/warm_start_cache/experiment_3', 'warm_start_cache_max_file_mb': 512, 'warm_start_cache_max_total_gb': 60, 'sdp_max_parallel': 0, 'qaoa_max_parallel': 32, 'sdp_threads': 1, 'qaoa_threads': 1, 'sdp_memory_limit_total_gb': 100, 'sdp_memory_limit_single_gb': 100, 'sdp_memory_poll_seconds': 5, 'sdp_max_retries': 3, 'queue_poll_interval_seconds': 5}, Running QAOA with equal superposition
Benchmark run ID: 5851b075
Benchmark repeat index: 1
SDP seed override: 42
Processor: x86_64
Hostname: dacsgpu0003
Total RAM (GB): None
Physical cores: 64
Logical cores: 64
Python version: 3.11.15
Initialisation time: 0.02 seconds; started at stardate {'initialisation': 0.02393054962158203} and finished at stardate1784395288.2134717
Loaded HOG graph index 60 with 22 edges.
Instance generation for n=60 took 0.01 seconds; started at stardate 1784395288.2134812 and finished at stardate 1784395288.2214048
Running QAOA for n=13 nodes, m=22 edges...; Max iterations: 5
Warm-start cache: loading Results/warm_start_cache/experiment_3/random_graphs_8to14vertices_78instances_20260625_143415_AdjacencyList__filehash_a79662a0/hog_idx000060_598be103eeab_seed42_L1_M1_amplified.npz
Warm-start cache: loaded in 0.0021 seconds; effective compute time=0.6881458759307861
Edges: [(2, 6), (4, 12), (4, 9), (1, 4), (0, 2), (5, 7), (2, 5), (3, 10), (1, 3), (0, 1), (0, 4), (1, 9), (0, 7), (4, 10), (8, 11), (0, 3), (9, 12), (10, 11), (1, 8), (0, 6), (1, 5), (5, 8)], weights: [1.0, 1.0, 1.0, 1.0, 1.0, 1.0, 1.0, 1.0, 1.0, 1.0, 1.0, 1.0, 1.0, 1.0, 1.0, 1.0, 1.0, 1.0, 1.0, 1.0, 1.0, 1.0], set of nodes: {0, 1, 2, 3, 4, 5, 6, 7, 8, 9, 10, 11, 12}, n: 13 nodes, p: 2 layers, N_bayes: 5 iterations
Solving for uuid: 3207b99b
Initial state injected as warm start
Running ADAM optimization with a single iteration (no debug loop)
Warm-start fallback: optimiser result was below the SDP warm-start energy; using the warm-start energy instead.
6.491890038003543
QAOA optimisation for n=60 took 8278.35 seconds; started at stardate 1784395288.2214105 and finished at stardate 1784403566.5764098
Finished QAOA for n=13 nodes, m=22 edges at 2026-07-18 21:39:26 on x86_64. Time taken: 8278.36 seconds. Hours: 2.30 hours. Peak RAM: 28.15 MB.
Unknown graph type for approximation ratio calculation; checking misc CSV.
Checking optimal_results_misc.csv for matching edges and weights...
Found matching exact result in misc CSV: 11.624575641933111
CSV writing for n=60 took 0.09 seconds; started at stardate 1784403566.5770516 and finished at stardate 1784403566.6668637
results: {60: 6.491890038003543}
durations: {13: 8278.35531783104}
Results saved to: Results/logs/adam/qaoa_results_adam_20260718_140323_pid683723.csv
Global end time: 1784403566.666991
Finalisation time: 0.00 seconds; started at stardate 1784403566.6668708 and finished at stardate 1784403566.666997
Sum of all section times: 8278.48 seconds
run_id: 5851b075
