Starting QAOA benchmark with global start time: 1784381478.6102974
Benchmark parameters: {'optimiser': 'adam', 'optimiser_use_heuristic': False, 'heuristic_optimiser_iterations': None, 'heuristic_optimiser_sampleSize': None, 'circuit_type': 'hamqaoa', 'parameter_vector': [1, 1, 1], 'iterations_list': [5, 10, 25, 50], 'learning_rate_adam': 0.01, 'depth_list': [1, 2], 'n_start': None, 'n_end': None, 'singlet_injection': False, 'start_index_singlet': None, 'warm_start': True, 'warm_start_mode': 'standard', 'lasserre_level': 1, 'initial_solver_level_M': 1, 'sdp_seed': 42, 'sdp_solver_mode': 'scs', 'sdp_scs_eps': 1e-06, 'sdp_scs_max_iters': 100000, 'warm_start_corr_strength': None, 'warm_start_corr_repeats': None, 'compare_with_010101': False, 'init_QAOAparams_close_to_zero': False, 'use_correlations_as_initial_params': False, 'time_limit': None, 'failed_instance_termination_thrsh': None, 'graph_generation_type': 'hog', 'weighted': False, 'easiest_first': True, 'cpu_util_threshold': None, 'debug': False, 'save_circuit_svg': False, 'rerun_exclude_finished_instances': False, 'warm_start_cache_producer_only': False, 'qaoa_only_from_existing_warm_start_cache': True, 'optimiser_debug_iterations': None, 'num_repeats': 1, 'relative_graph_adjList_path': 'HOG_graphs/random_graphs_8to14vertices_78instances_20260625_143415_AdjacencyList.txt', 'persistent_warm_start_cache': True, 'warm_start_cache_dir': 'Results/warm_start_cache/experiment_3', 'warm_start_cache_max_file_mb': 512, 'warm_start_cache_max_total_gb': 60, 'sdp_max_parallel': 0, 'qaoa_max_parallel': 32, 'sdp_threads': 1, 'qaoa_threads': 1, 'sdp_memory_limit_total_gb': 100, 'sdp_memory_limit_single_gb': 100, 'sdp_memory_poll_seconds': 5, 'sdp_max_retries': 3, 'queue_poll_interval_seconds': 5}, Running QAOA with equal superposition
Benchmark run ID: b886d752
Benchmark repeat index: 1
SDP seed override: 42
Processor: x86_64
Hostname: dacsgpu0003
Total RAM (GB): None
Physical cores: 64
Logical cores: 64
Python version: 3.11.15
Initialisation time: 0.03 seconds; started at stardate {'initialisation': 0.027156829833984375} and finished at stardate1784381478.6374683
Loaded HOG graph index 50 with 20 edges.
Instance generation for n=50 took 0.00 seconds; started at stardate 1784381478.6374774 and finished at stardate 1784381478.6409798
Running QAOA for n=12 nodes, m=20 edges...; Max iterations: 10
Warm-start cache: loading Results/warm_start_cache/experiment_3/random_graphs_8to14vertices_78instances_20260625_143415_AdjacencyList__filehash_a79662a0/hog_idx000050_b63b10ed2199_seed42_L1_M1_amplified.npz
Warm-start cache: loaded in 0.0017 seconds; effective compute time=0.31658267974853516
Edges: [(5, 11), (2, 6), (0, 5), (0, 2), (5, 10), (2, 8), (2, 5), (2, 11), (1, 3), (0, 1), (0, 4), (0, 10), (0, 7), (6, 8), (2, 4), (3, 9), (2, 7), (7, 9), (0, 3), (0, 6)], weights: [1.0, 1.0, 1.0, 1.0, 1.0, 1.0, 1.0, 1.0, 1.0, 1.0, 1.0, 1.0, 1.0, 1.0, 1.0, 1.0, 1.0, 1.0, 1.0, 1.0], set of nodes: {0, 1, 2, 3, 4, 5, 6, 7, 8, 9, 10, 11}, n: 12 nodes, p: 2 layers, N_bayes: 10 iterations
Solving for uuid: 955bac55
Initial state injected as warm start
Running ADAM optimization with a single iteration (no debug loop)
6.281117501964124
QAOA optimisation for n=50 took 1799.56 seconds; started at stardate 1784381478.6409843 and finished at stardate 1784383278.204612
Finished QAOA for n=12 nodes, m=20 edges at 2026-07-18 16:01:18 on x86_64. Time taken: 1799.56 seconds. Hours: 0.50 hours. Peak RAM: 7.27 MB.
Unknown graph type for approximation ratio calculation; checking misc CSV.
Checking optimal_results_misc.csv for matching edges and weights...
Found matching exact result in misc CSV: 10.095913301643497
CSV writing for n=50 took 0.02 seconds; started at stardate 1784383278.2046216 and finished at stardate 1784383278.2294586
results: {50: 6.281117501964124}
durations: {12: 1799.563632965088}
Results saved to: Results/logs/adam/qaoa_results_adam_20260718_140323_pid683723.csv
Global end time: 1784383278.2294803
Finalisation time: 0.00 seconds; started at stardate 1784383278.2294662 and finished at stardate 1784383278.229485
Sum of all section times: 1799.62 seconds
run_id: b886d752
