/home/i6408800/MasterThesis/QAOA/Code/Circuit.py:192: UserWarning: No classical warm-start cut provided for HAMQAOA; using random cut values for fourth HAMQAOA gate. This may lead to suboptimal performance and may be unintentional if a classical warm start was intended.
  warnings.warn(
Starting QAOA benchmark with global start time: 1788766551.001703
Benchmark parameters: {'optimiser': 'adam', 'optimiser_use_heuristic': False, 'heuristic_optimiser_iterations': None, 'heuristic_optimiser_sampleSize': None, 'circuit_type': 'hamqaoa', 'parameter_vector': [1, 1, 1], 'iterations_list': [75], 'learning_rate_adam': 0.05, 'depth_list': [1, 2, 3, 4, 5], 'n_start': None, 'n_end': None, 'singlet_injection': False, 'start_index_singlet': None, 'warm_start': False, 'warm_start_mode': None, 'lasserre_level': None, 'initial_solver_level_M': None, 'sdp_seed': None, 'sdp_solver_mode': None, 'sdp_scs_eps': None, 'sdp_scs_max_iters': None, 'warm_start_corr_strength': None, 'warm_start_corr_repeats': None, 'compare_with_010101': False, 'init_QAOAparams_close_to_zero': False, 'use_correlations_as_initial_params': None, 'time_limit': None, 'failed_instance_termination_thrsh': None, 'graph_generation_type': 'hog', 'weighted': False, 'easiest_first': False, 'cpu_util_threshold': None, 'debug': False, 'save_circuit_svg': False, 'rerun_exclude_finished_instances': True, 'warm_start_cache_producer_only': False, 'qaoa_only_from_existing_warm_start_cache': False, 'optimiser_debug_iterations': None, 'num_repeats': 1, 'relative_graph_adjList_path': 'HOG_graphs/Exp5/list_193_graphs_adjacency_listhog_v04-12_planar_clawFree.txt', 'persistent_warm_start_cache': False, 'warm_start_cache_dir': None, 'warm_start_cache_max_file_mb': None, 'warm_start_cache_max_total_gb': None, 'sdp_max_parallel': 0, 'qaoa_max_parallel': 16, 'sdp_threads': 1, 'qaoa_threads': 1, 'sdp_memory_limit_total_gb': 0, 'sdp_memory_limit_single_gb': 0, 'sdp_memory_poll_seconds': None, 'sdp_max_retries': 0, 'queue_poll_interval_seconds': 5, 'max_graph_vertices': 10, 'completed_result_csv_paths': [], 'qaoa_seed': 42, 'initialise_standard_warm_start_with_zero_angles': True, 'result_name_suffix': '_FINAL_BENCHMARKS_STANDARD', 'algorithm17_beta_mode': None}, Running QAOA with equal superposition
Benchmark run ID: ed2ee857
Benchmark repeat index: 1
Configured SDP rounding seed: None
QAOA seed used: 42
Processor: x86_64
Hostname: dacsgpu0002
Total RAM (GB): None
Physical cores: 64
Logical cores: 64
Python version: 3.11.15
Initialisation time: 0.01 seconds; started at stardate {'initialisation': 0.007498502731323242} and finished at stardate1788766551.0092123
Loaded HOG graph index 8 with 12 edges.
Instance generation for n=8 took 0.00 seconds; started at stardate 1788766551.0092182 and finished at stardate 1788766551.0123441
Running QAOA for n=6 nodes, m=12 edges...; Max iterations: 75
Edges: [(1, 3), (0, 1), (0, 4), (3, 5), (0, 3), (1, 2), (3, 4), (1, 5), (4, 5), (2, 5), (0, 2), (2, 4)], weights: [1.0, 1.0, 1.0, 1.0, 1.0, 1.0, 1.0, 1.0, 1.0, 1.0, 1.0, 1.0], set of nodes: {0, 1, 2, 3, 4, 5}, n: 6 nodes, p: 5 layers, N_bayes: 75 iterations
Solving for uuid: 11c95bae
No warm start: Default initial state is equal superposition
Ignoring initialise_standard_warm_start_with_zero_angles because this run has no active standard warm start; using the normal Adam initialization.
Running ADAM optimization with a single iteration (no debug loop)
4.158190687607153
QAOA optimisation for n=8 took 21.04 seconds; started at stardate 1788766551.0123477 and finished at stardate 1788766572.0566573
Finished QAOA for n=6 nodes, m=12 edges at 2026-09-07 09:36:12 on x86_64. Time taken: 21.04 seconds. Hours: 0.01 hours. Peak RAM: 0.24 MB.
Unknown graph type for approximation ratio calculation; checking misc CSV.
Checking optimal_results_misc.csv for matching edges and weights...
Found matching exact result in misc CSV: 5.9999999999999885
CSV writing for n=8 took 0.02 seconds; started at stardate 1788766572.0566661 and finished at stardate 1788766572.072923
results: {8: 4.158190687607153}
durations: {6: 21.04431462287903}
Results saved to: Results/logs/adam/qaoa_results_adam_20260907_084445_pid772883_FINAL_BENCHMARKS_STANDARD.csv
Global end time: 1788766572.0729375
Finalisation time: 0.00 seconds; started at stardate 1788766572.0729284 and finished at stardate 1788766572.0729423
Sum of all section times: 21.07 seconds
run_id: ed2ee857
