/home/i6408800/MasterThesis/QAOA/Code/Circuit.py:182: UserWarning: No classical warm-start cut provided for HAMQAOA; using random cut values for fourth HAMQAOA gate. This may lead to suboptimal performance and may be unintentional if a classical warm start was intended.
  warnings.warn(
Starting QAOA benchmark with global start time: 1784424656.3044777
Benchmark parameters: {'optimiser': 'adam', 'optimiser_use_heuristic': False, 'heuristic_optimiser_iterations': None, 'heuristic_optimiser_sampleSize': None, 'circuit_type': 'hamqaoa', 'parameter_vector': [1, 1, 1], 'iterations_list': [5, 10, 25, 50], 'learning_rate_adam': 0.001, 'depth_list': [1, 2], 'n_start': None, 'n_end': None, 'singlet_injection': False, 'start_index_singlet': None, 'warm_start': False, 'warm_start_mode': None, 'lasserre_level': None, 'initial_solver_level_M': None, 'sdp_seed': None, 'sdp_solver_mode': None, 'sdp_scs_eps': None, 'sdp_scs_max_iters': None, 'warm_start_corr_strength': None, 'warm_start_corr_repeats': None, 'compare_with_010101': False, 'init_QAOAparams_close_to_zero': False, 'use_correlations_as_initial_params': None, 'time_limit': None, 'failed_instance_termination_thrsh': None, 'graph_generation_type': 'hog', 'weighted': False, 'easiest_first': True, 'cpu_util_threshold': None, 'debug': False, 'save_circuit_svg': False, 'rerun_exclude_finished_instances': False, 'warm_start_cache_producer_only': False, 'qaoa_only_from_existing_warm_start_cache': False, 'optimiser_debug_iterations': None, 'num_repeats': 1, 'relative_graph_adjList_path': 'HOG_graphs/3regular_connected_74instances.txt', 'persistent_warm_start_cache': False, 'warm_start_cache_dir': None, 'warm_start_cache_max_file_mb': None, 'warm_start_cache_max_total_gb': None, 'sdp_max_parallel': 0, 'qaoa_max_parallel': 32, 'sdp_threads': None, 'qaoa_threads': 1, 'sdp_memory_limit_total_gb': None, 'sdp_memory_limit_single_gb': None, 'sdp_memory_poll_seconds': None, 'sdp_max_retries': None, 'queue_poll_interval_seconds': 5}, Running QAOA with equal superposition
Benchmark run ID: e0de8437
Benchmark repeat index: 1
SDP seed override: None
Processor: x86_64
Hostname: dacsvm-cpunode01
Total RAM (GB): None
Physical cores: 32
Logical cores: 32
Python version: 3.11.15
Initialisation time: 0.00 seconds; started at stardate {'initialisation': 0.0037636756896972656} and finished at stardate1784424656.308249
Loaded HOG graph index 24 with 18 edges.
Instance generation for n=24 took 0.00 seconds; started at stardate 1784424656.3082554 and finished at stardate 1784424656.310351
Running QAOA for n=8 nodes, m=18 edges...; Max iterations: 5
Edges: [(1, 3), (2, 7), (1, 6), (0, 4), (4, 7), (2, 6), (5, 7), (0, 7), (3, 5), (5, 6), (0, 6), (4, 5), (3, 7), (2, 5), (1, 4), (0, 2), (3, 6), (1, 7)], weights: [1.0, 1.0, 1.0, 1.0, 1.0, 1.0, 1.0, 1.0, 1.0, 1.0, 1.0, 1.0, 1.0, 1.0, 1.0, 1.0, 1.0, 1.0], set of nodes: {0, 1, 2, 3, 4, 5, 6, 7}, n: 8 nodes, p: 1 layers, N_bayes: 5 iterations
Solving for uuid: fcf1238d
No warm start: Default initial state is equal superposition
Running ADAM optimization with a single iteration (no debug loop)
2.686966590261048
QAOA optimisation for n=24 took 0.31 seconds; started at stardate 1784424656.3103554 and finished at stardate 1784424656.6159117
Finished QAOA for n=8 nodes, m=18 edges at 2026-07-19 03:30:56 on x86_64. Time taken: 0.31 seconds. Hours: 0.00 hours. Peak RAM: 0.21 MB.
Unknown graph type for approximation ratio calculation; checking misc CSV.
Checking optimal_results_misc.csv for matching edges and weights...
Found matching exact result in misc CSV: 8.853976658550735
CSV writing for n=24 took 0.00 seconds; started at stardate 1784424656.615919 and finished at stardate 1784424656.620231
results: {24: 2.686966590261048}
durations: {8: 0.30556201934814453}
Results saved to: Results/logs/adam/qaoa_results_adam_20260719_033010_pid2503581.csv
Global end time: 1784424656.6202393
Finalisation time: 0.00 seconds; started at stardate 1784424656.6202333 and finished at stardate 1784424656.6202435
Sum of all section times: 0.32 seconds
run_id: e0de8437
