/home/i6408800/MasterThesis/QAOA/Code/Circuit.py:182: UserWarning: No classical warm-start cut provided for HAMQAOA; using random cut values for fourth HAMQAOA gate. This may lead to suboptimal performance and may be unintentional if a classical warm start was intended.
  warnings.warn(
Starting QAOA benchmark with global start time: 1784198104.840238
Benchmark parameters: {'optimiser': 'adam', 'optimiser_use_heuristic': True, 'heuristic_optimiser_iterations': 2, 'heuristic_optimiser_sampleSize': 1000, 'circuit_type': 'hamqaoa', 'parameter_vector': [1, 1, 1], 'iterations_list': [5, 10, 25, 50], 'learning_rate_adam': 0.05, 'depth_list': [1, 2, 3], 'n_start': None, 'n_end': None, 'singlet_injection': False, 'start_index_singlet': None, 'warm_start': False, 'warm_start_mode': None, 'lasserre_level': None, 'initial_solver_level_M': None, 'sdp_seed': None, 'sdp_solver_mode': None, 'sdp_scs_eps': None, 'sdp_scs_max_iters': None, 'warm_start_corr_strength': None, 'warm_start_corr_repeats': None, 'compare_with_010101': False, 'init_QAOAparams_close_to_zero': False, 'use_correlations_as_initial_params': None, 'time_limit': None, 'failed_instance_termination_thrsh': None, 'graph_generation_type': 'hog', 'weighted': False, 'easiest_first': False, 'cpu_util_threshold': None, 'debug': False, 'save_circuit_svg': False, 'rerun_exclude_finished_instances': True, 'warm_start_cache_producer_only': False, 'qaoa_only_from_existing_warm_start_cache': False, 'optimiser_debug_iterations': None, 'num_repeats': 1, 'relative_graph_adjList_path': 'HOG_graphs/triangleFree_connected_4to8vertices_176instances_AdjacencyList.txt', 'persistent_warm_start_cache': False, 'warm_start_cache_dir': None, 'warm_start_cache_max_file_mb': None, 'warm_start_cache_max_total_gb': None, 'sdp_max_parallel': 0, 'qaoa_max_parallel': 32, 'sdp_threads': None, 'qaoa_threads': 1, 'sdp_memory_limit_total_gb': None, 'sdp_memory_limit_single_gb': None, 'sdp_memory_poll_seconds': None, 'sdp_max_retries': None, 'queue_poll_interval_seconds': 5}, Running QAOA with equal superposition
Benchmark run ID: f28f55ac
Benchmark repeat index: 1
SDP seed override: None
Processor: x86_64
Hostname: dacsgpu0002
Total RAM (GB): None
Physical cores: 64
Logical cores: 64
Python version: 3.11.15
Initialisation time: 0.02 seconds; started at stardate {'initialisation': 0.015796899795532227} and finished at stardate1784198104.8560424
Loaded HOG graph index 80 with 11 edges.
Instance generation for n=80 took 0.00 seconds; started at stardate 1784198104.8560479 and finished at stardate 1784198104.859014
Running QAOA for n=8 nodes, m=11 edges...; Max iterations: 25
Edges: [(2, 3), (1, 6), (0, 4), (2, 6), (0, 7), (3, 5), (1, 5), (4, 5), (3, 7), (6, 7), (2, 4)], weights: [1.0, 1.0, 1.0, 1.0, 1.0, 1.0, 1.0, 1.0, 1.0, 1.0, 1.0], set of nodes: {0, 1, 2, 3, 4, 5, 6, 7}, n: 8 nodes, p: 2 layers, N_bayes: 25 iterations
Solving for uuid: 6ed9f16c
No warm start: Default initial state is equal superposition
Running ADAM optimization with a single iteration (no debug loop)
4.332391674399697
QAOA optimisation for n=80 took 159.61 seconds; started at stardate 1784198104.8590188 and finished at stardate 1784198264.4701927
Finished QAOA for n=8 nodes, m=11 edges at 2026-07-16 12:37:44 on x86_64. Time taken: 159.61 seconds. Hours: 0.04 hours. Peak RAM: 0.23 MB.
Unknown graph type for approximation ratio calculation; checking misc CSV.
Checking optimal_results_misc.csv for matching edges and weights...
Found matching exact result in misc CSV: 6.683833065357842
CSV writing for n=80 took 0.00 seconds; started at stardate 1784198264.4702 and finished at stardate 1784198264.474622
results: {80: 4.332391674399697}
durations: {8: 159.61117959022522}
Results saved to: Results/logs/adam/qaoa_results_adam_20260716_114930_pid1895967.csv
Global end time: 1784198264.4746296
Finalisation time: 0.00 seconds; started at stardate 1784198264.4746242 and finished at stardate 1784198264.4746325
Sum of all section times: 159.63 seconds
run_id: f28f55ac
