/home/i6408800/MasterThesis/QAOA/Code/Circuit.py:182: UserWarning: No classical warm-start cut provided for HAMQAOA; using random cut values for fourth HAMQAOA gate. This may lead to suboptimal performance and may be unintentional if a classical warm start was intended.
  warnings.warn(
Starting QAOA benchmark with global start time: 1784223419.5187778
Benchmark parameters: {'optimiser': 'adam', 'optimiser_use_heuristic': True, 'heuristic_optimiser_iterations': 2, 'heuristic_optimiser_sampleSize': 1000, 'circuit_type': 'hamqaoa', 'parameter_vector': [1, 1, 1], 'iterations_list': [5, 10, 25, 50], 'learning_rate_adam': 0.05, 'depth_list': [1, 2, 3], 'n_start': None, 'n_end': None, 'singlet_injection': False, 'start_index_singlet': None, 'warm_start': False, 'warm_start_mode': None, 'lasserre_level': None, 'initial_solver_level_M': None, 'sdp_seed': None, 'sdp_solver_mode': None, 'sdp_scs_eps': None, 'sdp_scs_max_iters': None, 'warm_start_corr_strength': None, 'warm_start_corr_repeats': None, 'compare_with_010101': False, 'init_QAOAparams_close_to_zero': False, 'use_correlations_as_initial_params': None, 'time_limit': None, 'failed_instance_termination_thrsh': None, 'graph_generation_type': 'hog', 'weighted': False, 'easiest_first': False, 'cpu_util_threshold': None, 'debug': False, 'save_circuit_svg': False, 'rerun_exclude_finished_instances': True, 'warm_start_cache_producer_only': False, 'qaoa_only_from_existing_warm_start_cache': False, 'optimiser_debug_iterations': None, 'num_repeats': 1, 'relative_graph_adjList_path': 'HOG_graphs/triangleFree_connected_4to8vertices_176instances_AdjacencyList.txt', 'persistent_warm_start_cache': False, 'warm_start_cache_dir': None, 'warm_start_cache_max_file_mb': None, 'warm_start_cache_max_total_gb': None, 'sdp_max_parallel': 0, 'qaoa_max_parallel': 32, 'sdp_threads': None, 'qaoa_threads': 1, 'sdp_memory_limit_total_gb': None, 'sdp_memory_limit_single_gb': None, 'sdp_memory_poll_seconds': None, 'sdp_max_retries': None, 'queue_poll_interval_seconds': 5}, Running QAOA with equal superposition
Benchmark run ID: bc1d2e77
Benchmark repeat index: 1
SDP seed override: None
Processor: x86_64
Hostname: dacsgpu0002
Total RAM (GB): None
Physical cores: 64
Logical cores: 64
Python version: 3.11.15
Initialisation time: 0.00 seconds; started at stardate {'initialisation': 0.004588603973388672} and finished at stardate1784223419.5233738
Loaded HOG graph index 71 with 6 edges.
Instance generation for n=71 took 0.00 seconds; started at stardate 1784223419.5233798 and finished at stardate 1784223419.5258207
Running QAOA for n=7 nodes, m=6 edges...; Max iterations: 5
Edges: [(3, 5), (4, 6), (0, 6), (1, 5), (3, 6), (2, 4)], weights: [1.0, 1.0, 1.0, 1.0, 1.0, 1.0], set of nodes: {0, 1, 2, 3, 4, 5, 6}, n: 7 nodes, p: 2 layers, N_bayes: 5 iterations
Solving for uuid: 4f114520
No warm start: Default initial state is equal superposition
Running ADAM optimization with a single iteration (no debug loop)
3.416054360211083
QAOA optimisation for n=71 took 126.00 seconds; started at stardate 1784223419.5258245 and finished at stardate 1784223545.5231893
Finished QAOA for n=7 nodes, m=6 edges at 2026-07-16 19:39:05 on x86_64. Time taken: 126.00 seconds. Hours: 0.03 hours. Peak RAM: 0.22 MB.
Unknown graph type for approximation ratio calculation; checking misc CSV.
Checking optimal_results_misc.csv for matching edges and weights...
Found matching exact result in misc CSV: 4.285467130157701
CSV writing for n=71 took 0.00 seconds; started at stardate 1784223545.5231972 and finished at stardate 1784223545.5264893
results: {71: 3.416054360211083}
durations: {7: 125.99736976623535}
Results saved to: Results/logs/adam/qaoa_results_adam_20260716_114930_pid1895967.csv
Global end time: 1784223545.526497
Finalisation time: 0.00 seconds; started at stardate 1784223545.5264916 and finished at stardate 1784223545.5264993
Sum of all section times: 126.01 seconds
run_id: bc1d2e77
