Starting QAOA benchmark with global start time: 1784772928.0837886
Benchmark parameters: {'optimiser': 'adam', 'optimiser_use_heuristic': True, 'heuristic_optimiser_iterations': 2, 'heuristic_optimiser_sampleSize': 20, 'circuit_type': 'hamqaoa', 'parameter_vector': [1, 1, 1], 'iterations_list': [5, 10, 25, 50], 'learning_rate_adam': 0.005, 'depth_list': [1, 2], 'n_start': None, 'n_end': None, 'singlet_injection': False, 'start_index_singlet': None, 'warm_start': True, 'warm_start_mode': 'standard', 'lasserre_level': 2, 'initial_solver_level_M': 2, 'sdp_seed': 42, 'sdp_solver_mode': 'scs', 'sdp_scs_eps': 1e-06, 'sdp_scs_max_iters': 100000, 'warm_start_corr_strength': None, 'warm_start_corr_repeats': None, 'compare_with_010101': False, 'init_QAOAparams_close_to_zero': False, 'use_correlations_as_initial_params': False, 'time_limit': None, 'failed_instance_termination_thrsh': None, 'graph_generation_type': 'hog', 'weighted': False, 'easiest_first': True, 'cpu_util_threshold': None, 'debug': False, 'save_circuit_svg': False, 'rerun_exclude_finished_instances': False, 'warm_start_cache_producer_only': False, 'qaoa_only_from_existing_warm_start_cache': True, 'optimiser_debug_iterations': None, 'num_repeats': 1, 'relative_graph_adjList_path': 'HOG_graphs/triangleFree_connected_4to8vertices_176instances_AdjacencyList.txt', 'persistent_warm_start_cache': True, 'warm_start_cache_dir': 'Results/warm_start_cache', 'warm_start_cache_max_file_mb': 512, 'warm_start_cache_max_total_gb': 60, 'sdp_max_parallel': 0, 'qaoa_max_parallel': 32, 'sdp_threads': 1, 'qaoa_threads': 1, 'sdp_memory_limit_total_gb': 250, 'sdp_memory_limit_single_gb': 250, 'sdp_memory_poll_seconds': 5, 'sdp_max_retries': 3, 'queue_poll_interval_seconds': 5}, Running QAOA with equal superposition
Benchmark run ID: b1f76d4f
Benchmark repeat index: 1
SDP seed override: 42
Processor: x86_64
Hostname: dacsgpu0002
Total RAM (GB): None
Physical cores: 64
Logical cores: 64
Python version: 3.11.15
Initialisation time: 0.00 seconds; started at stardate {'initialisation': 0.0034971237182617188} and finished at stardate1784772928.0872984
Loaded HOG graph index 23 with 6 edges.
Instance generation for n=23 took 0.00 seconds; started at stardate 1784772928.0873046 and finished at stardate 1784772928.0898283
Running QAOA for n=7 nodes, m=6 edges...; Max iterations: 10
Warm-start cache: loading Results/warm_start_cache/triangleFree_connected_4to8vertices_176instances_AdjacencyList__filehash_279b7452/hog_idx000023_200b1bb8a9fa_seed42_L2_M2_standard.npz
Warm-start cache: loaded in 0.0014 seconds; effective compute time=552.1629979610443
Edges: [(2, 3), (1, 6), (3, 5), (4, 6), (0, 5), (2, 4)], weights: [1.0, 1.0, 1.0, 1.0, 1.0, 1.0], set of nodes: {0, 1, 2, 3, 4, 5, 6}, n: 7 nodes, p: 1 layers, N_bayes: 10 iterations
Solving for uuid: f029107c
Initial state injected as warm start
Running ADAM optimization with a single iteration (no debug loop)
Warm-start fallback: optimiser result was below the SDP warm-start energy; using the warm-start energy instead.
4.606521149081239
QAOA optimisation for n=23 took 1.80 seconds; started at stardate 1784772928.0898323 and finished at stardate 1784772929.889234
Finished QAOA for n=7 nodes, m=6 edges at 2026-07-23 04:15:29 on x86_64. Time taken: 1.80 seconds. Hours: 0.00 hours. Peak RAM: 0.21 MB.
Computing line approximation ratio
CSV writing for n=23 took 0.01 seconds; started at stardate 1784772929.8892424 and finished at stardate 1784772929.8947313
results: {23: 4.606521149081239}
durations: {7: 1.7994062900543213}
Results saved to: Results/logs/adam/qaoa_results_adam_20260723_041506_pid3249946.csv
Global end time: 1784772929.8947432
Finalisation time: 0.00 seconds; started at stardate 1784772929.8947356 and finished at stardate 1784772929.894747
Sum of all section times: 1.81 seconds
run_id: b1f76d4f
