Starting QAOA benchmark with global start time: 1788349320.6502864
Benchmark parameters: {'optimiser': 'exact', 'optimiser_use_heuristic': None, 'heuristic_optimiser_iterations': None, 'heuristic_optimiser_sampleSize': None, 'circuit_type': 'hamqaoa', 'parameter_vector': [1, 1, 1], 'iterations_list': None, 'learning_rate_adam': None, 'depth_list': None, 'n_start': None, 'n_end': None, 'singlet_injection': False, 'start_index_singlet': None, 'warm_start': False, 'warm_start_mode': 'standard', 'lasserre_level': None, 'initial_solver_level_M': None, 'sdp_seed': None, 'sdp_solver_mode': 'scs', 'sdp_scs_eps': 1e-07, 'sdp_scs_max_iters': 100000, 'warm_start_corr_strength': None, 'warm_start_corr_repeats': None, 'compare_with_010101': False, 'init_QAOAparams_close_to_zero': False, 'use_correlations_as_initial_params': False, 'time_limit': 10800, 'failed_instance_termination_thrsh': None, 'graph_generation_type': 'hog', 'weighted': False, 'easiest_first': True, 'cpu_util_threshold': None, 'debug': False, 'save_circuit_svg': False, 'rerun_exclude_finished_instances': False, 'warm_start_cache_producer_only': False, 'qaoa_only_from_existing_warm_start_cache': False, 'optimiser_debug_iterations': None, 'num_repeats': 1, 'relative_graph_adjList_path': 'HOG_graphs/triangleFree_connected_4to15vertices_829instances_AdjacencyList.txt', 'persistent_warm_start_cache': False, 'warm_start_cache_dir': 'Results/warm_start_cache', 'warm_start_cache_max_file_mb': 512, 'warm_start_cache_max_total_gb': 60, 'sdp_max_parallel': 0, 'qaoa_max_parallel': 64, 'sdp_threads': 1, 'qaoa_threads': 1, 'sdp_memory_limit_total_gb': 0, 'sdp_memory_limit_single_gb': 0, 'sdp_memory_poll_seconds': 5, 'sdp_max_retries': 0, 'queue_poll_interval_seconds': 5, 'max_graph_vertices': 15, 'completed_result_csv_paths': [], 'qaoa_seed': 1, 'initialise_standard_warm_start_with_zero_angles': False, 'result_name_suffix': '_Exp4a_tf829_exact_upto15'}, Running QAOA with equal superposition
Benchmark run ID: a6bf5a65
Benchmark repeat index: 1
Configured SDP rounding seed: None
QAOA seed used: 1
Processor: x86_64
Hostname: dacsgpu0002
Total RAM (GB): None
Physical cores: 64
Logical cores: 64
Python version: 3.11.15
Initialisation time: 0.00 seconds; started at stardate {'initialisation': 0.002252817153930664} and finished at stardate1788349320.6525478
Loaded HOG graph index 207 with 24 edges.
Instance generation for n=207 took 0.07 seconds; started at stardate 1788349320.652554 and finished at stardate 1788349320.718941
Running QAOA for n=15 nodes, m=24 edges...; Max iterations: 0
Edges: [(4, 12), (7, 8), (8, 13), (7, 14), (0, 2), (10, 13), (1, 13), (9, 14), (5, 10), (6, 9), (3, 7), (11, 14), (4, 8), (2, 14), (4, 11), (0, 1), (5, 12), (5, 9), (3, 6), (2, 10), (3, 12), (0, 12), (1, 11), (6, 13)], weights: [1.0, 1.0, 1.0, 1.0, 1.0, 1.0, 1.0, 1.0, 1.0, 1.0, 1.0, 1.0, 1.0, 1.0, 1.0, 1.0, 1.0, 1.0, 1.0, 1.0, 1.0, 1.0, 1.0, 1.0], set of nodes: {0, 1, 2, 3, 4, 5, 6, 7, 8, 9, 10, 11, 12, 13, 14}, n: 15 nodes, p: 0 layers, N_bayes: 0 iterations
Solving for uuid: acf4afd9
No warm start: Default initial state is equal superposition
13.229474967362048
QAOA optimisation for n=207 took 0.25 seconds; started at stardate 1788349320.7189445 and finished at stardate 1788349320.970898
Finished QAOA for n=15 nodes, m=24 edges at 2026-09-02 13:42:00 on x86_64. Time taken: 0.25 seconds. Hours: 0.00 hours. Peak RAM: 0.25 MB.
Unknown graph type for approximation ratio calculation; checking misc CSV.
Checking optimal_results_misc.csv for matching edges and weights...
Found matching exact result in misc CSV: 13.229474967362048
CSV writing for n=207 took 0.01 seconds; started at stardate 1788349320.9709044 and finished at stardate 1788349320.9792855
results: {207: 13.229474967362048}
durations: {15: 0.25195741653442383}
Results saved to: Results/logs/exact/qaoa_results_exact_20260902_133421_pid1189058_Exp4a_tf829_exact_upto15.csv
Global end time: 1788349320.9792922
Finalisation time: 0.00 seconds; started at stardate 1788349320.9792879 and finished at stardate 1788349320.9792945
Sum of all section times: 0.33 seconds
run_id: a6bf5a65
