Starting QAOA benchmark with global start time: 1788349697.904026
Benchmark parameters: {'optimiser': 'exact', 'optimiser_use_heuristic': None, 'heuristic_optimiser_iterations': None, 'heuristic_optimiser_sampleSize': None, 'circuit_type': 'hamqaoa', 'parameter_vector': [1, 1, 1], 'iterations_list': None, 'learning_rate_adam': None, 'depth_list': None, 'n_start': None, 'n_end': None, 'singlet_injection': False, 'start_index_singlet': None, 'warm_start': False, 'warm_start_mode': 'standard', 'lasserre_level': None, 'initial_solver_level_M': None, 'sdp_seed': None, 'sdp_solver_mode': 'scs', 'sdp_scs_eps': 1e-07, 'sdp_scs_max_iters': 100000, 'warm_start_corr_strength': None, 'warm_start_corr_repeats': None, 'compare_with_010101': False, 'init_QAOAparams_close_to_zero': False, 'use_correlations_as_initial_params': False, 'time_limit': 10800, 'failed_instance_termination_thrsh': None, 'graph_generation_type': 'hog', 'weighted': False, 'easiest_first': True, 'cpu_util_threshold': None, 'debug': False, 'save_circuit_svg': False, 'rerun_exclude_finished_instances': False, 'warm_start_cache_producer_only': False, 'qaoa_only_from_existing_warm_start_cache': False, 'optimiser_debug_iterations': None, 'num_repeats': 1, 'relative_graph_adjList_path': 'HOG_graphs/triangleFree_connected_4to15vertices_829instances_AdjacencyList.txt', 'persistent_warm_start_cache': False, 'warm_start_cache_dir': 'Results/warm_start_cache', 'warm_start_cache_max_file_mb': 512, 'warm_start_cache_max_total_gb': 60, 'sdp_max_parallel': 0, 'qaoa_max_parallel': 64, 'sdp_threads': 1, 'qaoa_threads': 1, 'sdp_memory_limit_total_gb': 0, 'sdp_memory_limit_single_gb': 0, 'sdp_memory_poll_seconds': 5, 'sdp_max_retries': 0, 'queue_poll_interval_seconds': 5, 'max_graph_vertices': 15, 'completed_result_csv_paths': [], 'qaoa_seed': 1, 'initialise_standard_warm_start_with_zero_angles': False, 'result_name_suffix': '_Exp4a_tf829_exact_upto15'}, Running QAOA with equal superposition
Benchmark run ID: 16f6d455
Benchmark repeat index: 1
Configured SDP rounding seed: None
QAOA seed used: 1
Processor: x86_64
Hostname: dacsgpu0002
Total RAM (GB): None
Physical cores: 64
Logical cores: 64
Python version: 3.11.15
Initialisation time: 0.00 seconds; started at stardate {'initialisation': 0.0022535324096679688} and finished at stardate1788349697.906288
Loaded HOG graph index 756 with 26 edges.
Instance generation for n=756 took 0.06 seconds; started at stardate 1788349697.906293 and finished at stardate 1788349697.9696436
Running QAOA for n=15 nodes, m=26 edges...; Max iterations: 0
Edges: [(5, 14), (11, 12), (4, 6), (3, 14), (4, 9), (8, 13), (10, 13), (1, 10), (0, 11), (0, 14), (5, 7), (6, 12), (2, 8), (3, 7), (2, 11), (3, 10), (2, 14), (4, 14), (7, 13), (10, 12), (1, 9), (11, 13), (9, 12), (0, 6), (1, 14), (5, 8)], weights: [1.0, 1.0, 1.0, 1.0, 1.0, 1.0, 1.0, 1.0, 1.0, 1.0, 1.0, 1.0, 1.0, 1.0, 1.0, 1.0, 1.0, 1.0, 1.0, 1.0, 1.0, 1.0, 1.0, 1.0, 1.0, 1.0], set of nodes: {0, 1, 2, 3, 4, 5, 6, 7, 8, 9, 10, 11, 12, 13, 14}, n: 15 nodes, p: 0 layers, N_bayes: 0 iterations
Solving for uuid: cacb3926
No warm start: Default initial state is equal superposition
15.836616534789181
QAOA optimisation for n=756 took 0.17 seconds; started at stardate 1788349697.9696474 and finished at stardate 1788349698.1376028
Finished QAOA for n=15 nodes, m=26 edges at 2026-09-02 13:48:18 on x86_64. Time taken: 0.17 seconds. Hours: 0.00 hours. Peak RAM: 0.26 MB.
Unknown graph type for approximation ratio calculation; checking misc CSV.
Checking optimal_results_misc.csv for matching edges and weights...
Found matching exact result in misc CSV: 15.836616534789181
CSV writing for n=756 took 0.01 seconds; started at stardate 1788349698.1376092 and finished at stardate 1788349698.1474853
results: {756: 15.836616534789181}
durations: {15: 0.16795945167541504}
Results saved to: Results/logs/exact/qaoa_results_exact_20260902_133421_pid1189058_Exp4a_tf829_exact_upto15.csv
Global end time: 1788349698.1474931
Finalisation time: 0.00 seconds; started at stardate 1788349698.147488 and finished at stardate 1788349698.147496
Sum of all section times: 0.24 seconds
run_id: 16f6d455
