Starting QAOA benchmark with global start time: 1788256704.9149175
Benchmark parameters: {'optimiser': 'adam', 'optimiser_use_heuristic': None, 'heuristic_optimiser_iterations': None, 'heuristic_optimiser_sampleSize': None, 'circuit_type': 'hamqaoa', 'parameter_vector': [1, 1, 1], 'iterations_list': [75], 'learning_rate_adam': None, 'depth_list': [1], 'n_start': None, 'n_end': None, 'singlet_injection': False, 'start_index_singlet': None, 'warm_start': True, 'warm_start_mode': 'amplified', 'lasserre_level': 2, 'initial_solver_level_M': 2, 'sdp_seed': 45, 'sdp_solver_mode': 'scs', 'sdp_scs_eps': 1e-07, 'sdp_scs_max_iters': 250000, 'warm_start_corr_strength': None, 'warm_start_corr_repeats': None, 'compare_with_010101': False, 'init_QAOAparams_close_to_zero': False, 'use_correlations_as_initial_params': False, 'time_limit': None, 'failed_instance_termination_thrsh': None, 'graph_generation_type': 'hog', 'weighted': False, 'easiest_first': False, 'cpu_util_threshold': None, 'debug': False, 'save_circuit_svg': False, 'rerun_exclude_finished_instances': True, 'warm_start_cache_producer_only': True, 'qaoa_only_from_existing_warm_start_cache': False, 'optimiser_debug_iterations': None, 'num_repeats': 1, 'relative_graph_adjList_path': 'HOG_graphs/triangleFree_connected_4to8vertices_176instances_AdjacencyList.txt', 'persistent_warm_start_cache': True, 'warm_start_cache_dir': 'Results/warm_start_cache_experiments/Exp4_v2_tf176_L2M2_scs_eps1e-7_gpseed45_alg17seed46', 'warm_start_cache_max_file_mb': 512, 'warm_start_cache_max_total_gb': 60, 'sdp_max_parallel': 32, 'qaoa_max_parallel': 0, 'sdp_threads': 1, 'qaoa_threads': 1, 'sdp_memory_limit_total_gb': 250, 'sdp_memory_limit_single_gb': 100, 'sdp_memory_poll_seconds': 5, 'sdp_max_retries': 3, 'queue_poll_interval_seconds': 5, 'max_graph_vertices': 10, 'completed_result_csv_paths': [], 'qaoa_seed': 1, 'initialise_standard_warm_start_with_zero_angles': False, 'result_name_suffix': '_Exp4_v2_tf176_L2M2_scs_eps1e-7_gpseed45_alg17seed46'}, Running QAOA with equal superposition
Benchmark run ID: 0fdcd0e3
Benchmark repeat index: 1
Configured SDP rounding seed: 45
QAOA seed used: 1
Processor: x86_64
Hostname: dacsgpu0003
Total RAM (GB): None
Physical cores: 64
Logical cores: 64
Python version: 3.11.15
Initialisation time: 0.01 seconds; started at stardate {'initialisation': 0.011317014694213867} and finished at stardate1788256704.9262502
Loaded HOG graph index 118 with 9 edges.
Instance generation for n=118 took 0.00 seconds; started at stardate 1788256704.9262593 and finished at stardate 1788256704.9297156
Running QAOA for n=7 nodes, m=9 edges...; Max iterations: 75
Warm-start: starting SDP solve for n_vertices=7
Warm-start: using configured sdp_seed=45
Using SCS solver for SDP with eps=1e-07, max_iters=250000.
SDP solver status: optimal
SDP solver name: SCS
SDP solver iterations: 1125
SDP solve time: 13.811696891
SDP extra stats: {'x': array([ 1.00000000e+00, -2.13767669e-14, -1.59188903e-14, ...,
        1.00000000e+00,  9.47859960e-18,  1.00000000e+00], shape=(22366,)), 'y': array([ 4.43745865e-02,  1.83805561e-02,  1.83805561e-02, ...,
        1.98296288e-03, -5.78560174e-15,  1.53414493e-01], shape=(63107,)), 's': array([ 0.00000000e+00,  0.00000000e+00,  0.00000000e+00, ...,
        9.99999999e-01, -1.56569905e-15,  1.00000002e+00], shape=(63107,)), 'info': {'status_val': 1, 'iter': 1125, 'scale_updates': 3, 'scale': 1.3681237729176816, 'pobj': -6.721537646083254, 'dobj': -6.721537639402936, 'res_pri': 1.750167006540967e-07, 'res_dual': 5.894743696840656e-08, 'gap': 6.680318520579931e-09, 'res_infeas': nan, 'res_unbdd_a': 0.14877548154319484, 'res_unbdd_p': 0.0, 'comp_slack': 1.8212625182837422e-11, 'solve_time': 13811.696891, 'setup_time': 47.044736, 'lin_sys_time': 1307.5138690000015, 'cone_time': 11980.043329999997, 'accel_time': 95.66457899999988, 'rejected_accel_steps': 7, 'accepted_accel_steps': 1, 'status': 'solved'}}
Rounding...
Setting seed to 45
n_vertices: 7 for n = 21
Using seed 45 to generate random matrix for x.
Energy of rounded cut/product state: 7.309136880884292
Algorithm 17 lower-bound energy: 6.613641128516229
Algorithm 17 actual entangled-state energy: 7.698810921374383
SDP objective value: 11.221537646083254
8 in cut out of a total of 9 edges
Warm-start: SDP solve + rounding finished in 375.16 seconds
Warm-start: using level-2 Algorithm 17 entangled statevector with shape (128,)
Warm-start cache: moment matrix before save shape=(211, 211), dtype=float64, entries=44521, bytes=356168 (0.34 MiB)
Warm-start cache: saved Results/warm_start_cache_experiments/Exp4_v2_tf176_L2M2_scs_eps1e-7_gpseed45_alg17seed46/triangleFree_connected_4to8vertices_176instances_AdjacencyList__filehash_279b7452/hog_idx000118_ce7332573d75_seed45_L2_M2_amplified.npz in 0.0110 seconds
WARM_START_CACHE_PRODUCER_ONLY is set; warm-start cache has been produced/loaded. Exiting before QAOA optimisation.
