Starting QAOA benchmark with global start time: 1788253495.8405535
Benchmark parameters: {'optimiser': 'adam', 'optimiser_use_heuristic': None, 'heuristic_optimiser_iterations': None, 'heuristic_optimiser_sampleSize': None, 'circuit_type': 'hamqaoa', 'parameter_vector': [1, 1, 1], 'iterations_list': [75], 'learning_rate_adam': None, 'depth_list': [1], 'n_start': None, 'n_end': None, 'singlet_injection': False, 'start_index_singlet': None, 'warm_start': True, 'warm_start_mode': 'amplified', 'lasserre_level': 2, 'initial_solver_level_M': 2, 'sdp_seed': 45, 'sdp_solver_mode': 'scs', 'sdp_scs_eps': 1e-07, 'sdp_scs_max_iters': 250000, 'warm_start_corr_strength': None, 'warm_start_corr_repeats': None, 'compare_with_010101': False, 'init_QAOAparams_close_to_zero': False, 'use_correlations_as_initial_params': False, 'time_limit': None, 'failed_instance_termination_thrsh': None, 'graph_generation_type': 'hog', 'weighted': False, 'easiest_first': False, 'cpu_util_threshold': None, 'debug': False, 'save_circuit_svg': False, 'rerun_exclude_finished_instances': True, 'warm_start_cache_producer_only': True, 'qaoa_only_from_existing_warm_start_cache': False, 'optimiser_debug_iterations': None, 'num_repeats': 1, 'relative_graph_adjList_path': 'HOG_graphs/triangleFree_connected_4to8vertices_176instances_AdjacencyList.txt', 'persistent_warm_start_cache': True, 'warm_start_cache_dir': 'Results/warm_start_cache_experiments/Exp4_v2_tf176_L2M2_scs_eps1e-7_gpseed45_alg17seed46', 'warm_start_cache_max_file_mb': 512, 'warm_start_cache_max_total_gb': 60, 'sdp_max_parallel': 32, 'qaoa_max_parallel': 0, 'sdp_threads': 1, 'qaoa_threads': 1, 'sdp_memory_limit_total_gb': 250, 'sdp_memory_limit_single_gb': 100, 'sdp_memory_poll_seconds': 5, 'sdp_max_retries': 3, 'queue_poll_interval_seconds': 5, 'max_graph_vertices': 10, 'completed_result_csv_paths': [], 'qaoa_seed': 1, 'initialise_standard_warm_start_with_zero_angles': False, 'result_name_suffix': '_Exp4_v2_tf176_L2M2_scs_eps1e-7_gpseed45_alg17seed46'}, Running QAOA with equal superposition
Benchmark run ID: a512a505
Benchmark repeat index: 1
Configured SDP rounding seed: 45
QAOA seed used: 1
Processor: x86_64
Hostname: dacsgpu0003
Total RAM (GB): None
Physical cores: 64
Logical cores: 64
Python version: 3.11.15
Initialisation time: 0.00 seconds; started at stardate {'initialisation': 0.002863645553588867} and finished at stardate1788253495.8434236
Loaded HOG graph index 86 with 7 edges.
Instance generation for n=86 took 0.00 seconds; started at stardate 1788253495.8434289 and finished at stardate 1788253495.845239
Running QAOA for n=8 nodes, m=7 edges...; Max iterations: 75
Warm-start: starting SDP solve for n_vertices=8
Warm-start: using configured sdp_seed=45
Using SCS solver for SDP with eps=1e-07, max_iters=250000.
SDP solver status: optimal
SDP solver name: SCS
SDP solver iterations: 24100
SDP solve time: 456.088936329
SDP extra stats: {'x': array([ 1.00000000e+00, -1.55561679e-14,  1.24554285e-15, ...,
        1.00000000e+00,  3.29280754e-18,  1.00000000e+00], shape=(38503,)), 'y': array([2.92687987e-02, 1.21235378e-02, 1.21235378e-02, ...,
       2.00483140e-02, 8.43072012e-15, 3.84505141e-02], shape=(108050,)), 's': array([0.00000000e+00, 0.00000000e+00, 0.00000000e+00, ...,
       9.99999999e-01, 1.66003501e-15, 1.00000000e+00], shape=(108050,)), 'info': {'status_val': 1, 'iter': 24100, 'scale_updates': 3, 'scale': 3.2377356081462523, 'pobj': -6.7224573310000455, 'dobj': -6.722457331958489, 'res_pri': 2.263041894836603e-07, 'res_dual': 9.16949131508605e-09, 'gap': 9.584431026610218e-10, 'res_infeas': nan, 'res_unbdd_a': 0.14875512788946596, 'res_unbdd_p': 0.0, 'comp_slack': 1.3476018106750498e-11, 'solve_time': 456088.936329, 'setup_time': 81.660792, 'lin_sys_time': 40168.73888899969, 'cone_time': 401644.517659, 'accel_time': 2845.8114169996147, 'rejected_accel_steps': 217, 'accepted_accel_steps': 0, 'status': 'solved'}}
Rounding...
Setting seed to 45
n_vertices: 8 for n = 24
Using seed 45 to generate random matrix for x.
Energy of rounded cut/product state: 5.665534162658551
Algorithm 17 lower-bound energy: 6.110310926804438
Algorithm 17 actual entangled-state energy: 6.301161220794371
SDP objective value: 10.222457331000044
5 in cut out of a total of 7 edges
Warm-start: SDP solve + rounding finished in 1521.76 seconds
Warm-start: using level-2 Algorithm 17 entangled statevector with shape (256,)
Warm-start cache: moment matrix before save shape=(277, 277), dtype=float64, entries=76729, bytes=613832 (0.59 MiB)
Warm-start cache: saved Results/warm_start_cache_experiments/Exp4_v2_tf176_L2M2_scs_eps1e-7_gpseed45_alg17seed46/triangleFree_connected_4to8vertices_176instances_AdjacencyList__filehash_279b7452/hog_idx000086_a69cd680e2c0_seed45_L2_M2_amplified.npz in 0.0117 seconds
WARM_START_CACHE_PRODUCER_ONLY is set; warm-start cache has been produced/loaded. Exiting before QAOA optimisation.
