Starting QAOA benchmark with global start time: 1787438693.0832446
Benchmark parameters: {'optimiser': 'adam', 'optimiser_use_heuristic': True, 'heuristic_optimiser_iterations': 1, 'heuristic_optimiser_sampleSize': 20, 'circuit_type': 'hamqaoa', 'parameter_vector': [1, 1, 1], 'iterations_list': [50], 'learning_rate_adam': 0.005, 'depth_list': [1, 2, 3, 4, 5], 'n_start': None, 'n_end': None, 'singlet_injection': False, 'start_index_singlet': None, 'warm_start': True, 'warm_start_mode': 'amplified', 'lasserre_level': 1, 'initial_solver_level_M': 1, 'sdp_seed': None, 'sdp_solver_mode': 'scs', 'sdp_scs_eps': 1e-06, 'sdp_scs_max_iters': 100000, 'warm_start_corr_strength': None, 'warm_start_corr_repeats': None, 'compare_with_010101': False, 'init_QAOAparams_close_to_zero': False, 'use_correlations_as_initial_params': False, 'time_limit': None, 'failed_instance_termination_thrsh': None, 'graph_generation_type': 'hog', 'weighted': False, 'easiest_first': False, 'cpu_util_threshold': None, 'debug': False, 'save_circuit_svg': False, 'rerun_exclude_finished_instances': True, 'warm_start_cache_producer_only': False, 'qaoa_only_from_existing_warm_start_cache': True, 'optimiser_debug_iterations': None, 'num_repeats': 1, 'relative_graph_adjList_path': 'HOG_graphs/Exp5/cycle_graphs_3to12vertices_10instances_AdjacencyList.txt', 'persistent_warm_start_cache': True, 'warm_start_cache_dir': 'Results/warm_start_cache', 'warm_start_cache_max_file_mb': 512, 'warm_start_cache_max_total_gb': 60, 'sdp_max_parallel': 0, 'qaoa_max_parallel': 16, 'sdp_threads': 1, 'qaoa_threads': 1, 'sdp_memory_limit_total_gb': 0, 'sdp_memory_limit_single_gb': 0, 'sdp_memory_poll_seconds': 5, 'sdp_max_retries': 0, 'queue_poll_interval_seconds': 5, 'max_graph_vertices': 11, 'completed_result_csv_paths': [], 'qaoa_seed': 1, 'initialise_standard_warm_start_with_zero_angles': False, 'result_name_suffix': '_Exp7_AmplifiedWithHeuristic'}, Running QAOA with equal superposition
Benchmark run ID: 0e2e6116
Benchmark repeat index: 1
SDP seed override: None
QAOA seed: 500101
Processor: x86_64
Hostname: dacsgpu0003
Total RAM (GB): None
Physical cores: 64
Logical cores: 64
Python version: 3.11.15
Initialisation time: 0.07 seconds; started at stardate {'initialisation': 0.06836295127868652} and finished at stardate1787438693.1516213
Loaded HOG graph index 5 with 8 edges.
Instance generation for n=5 took 0.00 seconds; started at stardate 1787438693.1516287 and finished at stardate 1787438693.1523285
Running QAOA for n=8 nodes, m=8 edges...; Max iterations: 50
Warm-start cache: loading Results/warm_start_cache/cycle_graphs_3to12vertices_10instances_AdjacencyList__filehash_1a582721/hog_idx000005_f3b9dd34409c_noseed_L1_M1_amplified.npz
Warm-start cache: loaded in 0.0015 seconds; effective compute time=0.20066618919372559
Edges: [(0, 1), (2, 3), (0, 7), (1, 2), (5, 6), (3, 4), (4, 5), (6, 7)], weights: [1.0, 1.0, 1.0, 1.0, 1.0, 1.0, 1.0, 1.0], set of nodes: {0, 1, 2, 3, 4, 5, 6, 7}, n: 8 nodes, p: 2 layers, N_bayes: 50 iterations
Solving for uuid: 47bfeab8
Initial state injected as warm start
Warm start correlations applied in the form of weak entanglement
Running ADAM optimization with a single iteration (no debug loop)
5.092033628327628
QAOA optimisation for n=5 took 23.83 seconds; started at stardate 1787438693.1523325 and finished at stardate 1787438716.9836586
Finished QAOA for n=8 nodes, m=8 edges at 2026-08-23 00:45:16 on x86_64. Time taken: 23.83 seconds. Hours: 0.01 hours. Peak RAM: 0.26 MB.
Computing cycle approximation ratio
CSV writing for n=5 took 0.02 seconds; started at stardate 1787438716.9836688 and finished at stardate 1787438717.0054998
results: {5: 5.092033628327628}
durations: {8: 23.831331968307495}
Results saved to: Results/logs/adam/qaoa_results_adam_20260823_003722_pid2528640_Exp7_AmplifiedWithHeuristic.csv
Global end time: 1787438717.005517
Finalisation time: 0.00 seconds; started at stardate 1787438717.0055058 and finished at stardate 1787438717.0055223
Sum of all section times: 23.92 seconds
run_id: 0e2e6116
