Starting QAOA benchmark with global start time: 1785828269.6422675
Benchmark parameters: {'optimiser': 'adam', 'optimiser_use_heuristic': True, 'heuristic_optimiser_iterations': 1, 'heuristic_optimiser_sampleSize': 10, 'circuit_type': 'hamqaoa', 'parameter_vector': [1, 1, 1], 'iterations_list': [50], 'learning_rate_adam': 0.05, 'depth_list': [1, 2, 3], 'n_start': None, 'n_end': None, 'singlet_injection': False, 'start_index_singlet': None, 'warm_start': True, 'warm_start_mode': 'standard', 'lasserre_level': 2, 'initial_solver_level_M': 1, 'sdp_seed': None, 'sdp_solver_mode': 'scs', 'sdp_scs_eps': 1e-06, 'sdp_scs_max_iters': 100000, 'warm_start_corr_strength': None, 'warm_start_corr_repeats': None, 'compare_with_010101': False, 'init_QAOAparams_close_to_zero': False, 'use_correlations_as_initial_params': False, 'time_limit': None, 'failed_instance_termination_thrsh': None, 'graph_generation_type': 'hog', 'weighted': False, 'easiest_first': False, 'cpu_util_threshold': None, 'debug': False, 'save_circuit_svg': False, 'rerun_exclude_finished_instances': True, 'warm_start_cache_producer_only': False, 'qaoa_only_from_existing_warm_start_cache': True, 'optimiser_debug_iterations': None, 'num_repeats': 1, 'relative_graph_adjList_path': 'HOG_graphs/Exp5/complete_graphs_2to12vertices_11instances_AdjacencyList.txt', 'persistent_warm_start_cache': True, 'warm_start_cache_dir': 'Results/warm_start_cache', 'warm_start_cache_max_file_mb': 512, 'warm_start_cache_max_total_gb': 60, 'sdp_max_parallel': 0, 'qaoa_max_parallel': 32, 'sdp_threads': 1, 'qaoa_threads': 1, 'sdp_memory_limit_total_gb': 0, 'sdp_memory_limit_single_gb': 0, 'sdp_memory_poll_seconds': 5, 'sdp_max_retries': 0, 'queue_poll_interval_seconds': 5, 'completed_result_csv_paths': [], 'initialise_standard_warm_start_with_zero_angles': True, 'result_name_suffix': '_Exp5_subexp1_zeroAngles'}, Running QAOA with equal superposition
Benchmark run ID: 533fa498
Benchmark repeat index: 1
SDP seed override: None
Processor: x86_64
Hostname: dacsgpu0002
Total RAM (GB): None
Physical cores: 64
Logical cores: 64
Python version: 3.11.15
Initialisation time: 0.00 seconds; started at stardate {'initialisation': 0.0031173229217529297} and finished at stardate1785828269.6453905
Loaded HOG graph index 4 with 15 edges.
Instance generation for n=4 took 0.00 seconds; started at stardate 1785828269.645396 and finished at stardate 1785828269.6460338
Running QAOA for n=6 nodes, m=15 edges...; Max iterations: 50
Warm-start cache: loading Results/warm_start_cache/complete_graphs_2to12vertices_11instances_AdjacencyList__filehash_1c7be33d/hog_idx000004_3fc9dba75719_noseed_L2_M1_standard.npz
Warm-start cache: loaded in 0.0017 seconds; effective compute time=0.19491100311279297
Edges: [(1, 3), (0, 1), (2, 3), (0, 4), (3, 5), (0, 3), (1, 2), (3, 4), (1, 5), (4, 5), (2, 5), (0, 5), (1, 4), (0, 2), (2, 4)], weights: [1.0, 1.0, 1.0, 1.0, 1.0, 1.0, 1.0, 1.0, 1.0, 1.0, 1.0, 1.0, 1.0, 1.0, 1.0], set of nodes: {0, 1, 2, 3, 4, 5}, n: 6 nodes, p: 3 layers, N_bayes: 50 iterations
Solving for uuid: 42324dfc
Initial state injected as warm start
Running ADAM optimization with a single iteration (no debug loop)
9.491111765011075
QAOA optimisation for n=4 took 8.95 seconds; started at stardate 1785828269.6460366 and finished at stardate 1785828278.5930178
Finished QAOA for n=6 nodes, m=15 edges at 2026-08-04 09:24:38 on x86_64. Time taken: 8.95 seconds. Hours: 0.00 hours. Peak RAM: 0.23 MB.
Computing complete graph approximation ratio
CSV writing for n=4 took 0.01 seconds; started at stardate 1785828278.5930276 and finished at stardate 1785828278.6012998
results: {4: 9.491111765011075}
durations: {6: 8.946985721588135}
Results saved to: Results/logs/adam/qaoa_results_adam_20260804_092424_pid2488344_Exp5_subexp1_zeroAngles.csv
Global end time: 1785828278.6013236
Finalisation time: 0.00 seconds; started at stardate 1785828278.6013045 and finished at stardate 1785828278.6013277
Sum of all section times: 8.96 seconds
run_id: 533fa498
