Starting QAOA benchmark with global start time: 1788005656.683244
Benchmark parameters: {'optimiser': 'adam', 'optimiser_use_heuristic': False, 'heuristic_optimiser_iterations': None, 'heuristic_optimiser_sampleSize': None, 'circuit_type': 'hamqaoa', 'parameter_vector': [1, 1, 1], 'iterations_list': [75], 'learning_rate_adam': 0.05, 'depth_list': [1, 2, 3, 4, 5], 'n_start': None, 'n_end': None, 'singlet_injection': False, 'start_index_singlet': None, 'warm_start': True, 'warm_start_mode': 'standard', 'lasserre_level': 2, 'initial_solver_level_M': 2, 'sdp_seed': 42, 'sdp_solver_mode': 'scs', 'sdp_scs_eps': 1e-06, 'sdp_scs_max_iters': 100000, 'warm_start_corr_strength': None, 'warm_start_corr_repeats': None, 'compare_with_010101': False, 'init_QAOAparams_close_to_zero': False, 'use_correlations_as_initial_params': False, 'time_limit': None, 'failed_instance_termination_thrsh': None, 'graph_generation_type': 'hog', 'weighted': False, 'easiest_first': False, 'cpu_util_threshold': None, 'debug': False, 'save_circuit_svg': False, 'rerun_exclude_finished_instances': False, 'warm_start_cache_producer_only': False, 'qaoa_only_from_existing_warm_start_cache': True, 'optimiser_debug_iterations': None, 'num_repeats': 1, 'relative_graph_adjList_path': 'HOG_graphs/3regular_connected_74instances.txt', 'persistent_warm_start_cache': True, 'warm_start_cache_dir': 'Results/warm_start_cache/experiment_3', 'warm_start_cache_max_file_mb': 512, 'warm_start_cache_max_total_gb': 48, 'sdp_max_parallel': 0, 'qaoa_max_parallel': 16, 'sdp_threads': 1, 'qaoa_threads': 1, 'sdp_memory_limit_total_gb': 0, 'sdp_memory_limit_single_gb': 0, 'sdp_memory_poll_seconds': 5, 'sdp_max_retries': 0, 'queue_poll_interval_seconds': 5, 'max_graph_vertices': 10, 'completed_result_csv_paths': [], 'qaoa_seed': 42, 'initialise_standard_warm_start_with_zero_angles': True, 'result_name_suffix': '_Exp4_v2_standardZeroAngles'}, Running QAOA with equal superposition
Benchmark run ID: 81e163d1
Benchmark repeat index: 1
Configured SDP rounding seed: 42
QAOA seed used: 42
Processor: x86_64
Hostname: dacsgpu0002
Total RAM (GB): None
Physical cores: 64
Logical cores: 64
Python version: 3.11.15
Initialisation time: 0.00 seconds; started at stardate {'initialisation': 0.0030739307403564453} and finished at stardate1788005656.686325
Loaded HOG graph index 1 with 12 edges.
Instance generation for n=1 took 0.00 seconds; started at stardate 1788005656.6863306 and finished at stardate 1788005656.6886137
Running QAOA for n=6 nodes, m=12 edges...; Max iterations: 75
Warm-start cache: loading Results/warm_start_cache/experiment_3/3regular_connected_74instances__filehash_688b5b4e/hog_idx000001_a22c7db1ef39_seed42_L2_M2_amplified.npz
Warm-start cache: loaded in 0.0114 seconds; effective compute time=109.63338589668274
Edges: [(1, 3), (2, 3), (0, 4), (3, 5), (0, 3), (3, 4), (1, 5), (4, 5), (2, 5), (0, 5), (1, 4), (2, 4)], weights: [1.0, 1.0, 1.0, 1.0, 1.0, 1.0, 1.0, 1.0, 1.0, 1.0, 1.0, 1.0], set of nodes: {0, 1, 2, 3, 4, 5}, n: 6 nodes, p: 2 layers, N_bayes: 75 iterations
Solving for uuid: 6f3b64ab
Initial state injected as warm start
Running ADAM optimization with a single iteration (no debug loop)
8.899536749903708
QAOA optimisation for n=1 took 6.48 seconds; started at stardate 1788005656.6886177 and finished at stardate 1788005663.1671965
Finished QAOA for n=6 nodes, m=12 edges at 2026-08-29 14:14:23 on x86_64. Time taken: 6.48 seconds. Hours: 0.00 hours. Peak RAM: 0.23 MB.
Unknown graph type for approximation ratio calculation; checking misc CSV.
Checking optimal_results_misc.csv for matching edges and weights...
Found matching exact result in misc CSV: 6.0
CSV writing for n=1 took 0.01 seconds; started at stardate 1788005663.1672058 and finished at stardate 1788005663.1773598
results: {1: 8.899536749903708}
durations: {6: 6.4785847663879395}
Results saved to: Results/logs/adam/qaoa_results_adam_20260829_133048_pid2057981_Exp4_v2_standardZeroAngles.csv
Global end time: 1788005663.1773775
Finalisation time: 0.00 seconds; started at stardate 1788005663.1773665 and finished at stardate 1788005663.1773832
Sum of all section times: 6.49 seconds
run_id: 81e163d1
