Starting QAOA benchmark with global start time: 1788007388.367239
Benchmark parameters: {'optimiser': 'adam', 'optimiser_use_heuristic': False, 'heuristic_optimiser_iterations': None, 'heuristic_optimiser_sampleSize': None, 'circuit_type': 'hamqaoa', 'parameter_vector': [1, 1, 1], 'iterations_list': [75], 'learning_rate_adam': 0.05, 'depth_list': [1, 2, 3, 4, 5], 'n_start': None, 'n_end': None, 'singlet_injection': False, 'start_index_singlet': None, 'warm_start': True, 'warm_start_mode': 'standard', 'lasserre_level': 2, 'initial_solver_level_M': 2, 'sdp_seed': 42, 'sdp_solver_mode': 'scs', 'sdp_scs_eps': 1e-06, 'sdp_scs_max_iters': 100000, 'warm_start_corr_strength': None, 'warm_start_corr_repeats': None, 'compare_with_010101': False, 'init_QAOAparams_close_to_zero': False, 'use_correlations_as_initial_params': False, 'time_limit': None, 'failed_instance_termination_thrsh': None, 'graph_generation_type': 'hog', 'weighted': False, 'easiest_first': False, 'cpu_util_threshold': None, 'debug': False, 'save_circuit_svg': False, 'rerun_exclude_finished_instances': False, 'warm_start_cache_producer_only': False, 'qaoa_only_from_existing_warm_start_cache': True, 'optimiser_debug_iterations': None, 'num_repeats': 1, 'relative_graph_adjList_path': 'HOG_graphs/3regular_connected_74instances.txt', 'persistent_warm_start_cache': True, 'warm_start_cache_dir': 'Results/warm_start_cache/experiment_3', 'warm_start_cache_max_file_mb': 512, 'warm_start_cache_max_total_gb': 48, 'sdp_max_parallel': 0, 'qaoa_max_parallel': 16, 'sdp_threads': 1, 'qaoa_threads': 1, 'sdp_memory_limit_total_gb': 0, 'sdp_memory_limit_single_gb': 0, 'sdp_memory_poll_seconds': 5, 'sdp_max_retries': 0, 'queue_poll_interval_seconds': 5, 'max_graph_vertices': 10, 'completed_result_csv_paths': [], 'qaoa_seed': 42, 'initialise_standard_warm_start_with_zero_angles': True, 'result_name_suffix': '_Exp4_v2_standardZeroAngles'}, Running QAOA with equal superposition
Benchmark run ID: bd844fdc
Benchmark repeat index: 1
Configured SDP rounding seed: 42
QAOA seed used: 42
Processor: x86_64
Hostname: dacsgpu0002
Total RAM (GB): None
Physical cores: 64
Logical cores: 64
Python version: 3.11.15
Initialisation time: 0.00 seconds; started at stardate {'initialisation': 0.0045318603515625} and finished at stardate1788007388.3717782
Loaded HOG graph index 31 with 15 edges.
Instance generation for n=31 took 0.00 seconds; started at stardate 1788007388.3717844 and finished at stardate 1788007388.3741586
Running QAOA for n=7 nodes, m=15 edges...; Max iterations: 75
Warm-start cache: loading Results/warm_start_cache/experiment_3/3regular_connected_74instances__filehash_688b5b4e/hog_idx000031_80bc141b456e_seed42_L2_M2_amplified.npz
Warm-start cache: loaded in 0.0109 seconds; effective compute time=373.9025409221649
Edges: [(0, 1), (1, 6), (2, 6), (3, 5), (0, 3), (4, 6), (1, 2), (5, 6), (0, 6), (3, 4), (4, 5), (2, 5), (1, 4), (0, 2), (3, 6)], weights: [1.0, 1.0, 1.0, 1.0, 1.0, 1.0, 1.0, 1.0, 1.0, 1.0, 1.0, 1.0, 1.0, 1.0, 1.0], set of nodes: {0, 1, 2, 3, 4, 5, 6}, n: 7 nodes, p: 4 layers, N_bayes: 75 iterations
Solving for uuid: aeca59b5
Initial state injected as warm start
Running ADAM optimization with a single iteration (no debug loop)
12.559785390529564
QAOA optimisation for n=31 took 25.39 seconds; started at stardate 1788007388.374163 and finished at stardate 1788007413.7691228
Finished QAOA for n=7 nodes, m=15 edges at 2026-08-29 14:43:33 on x86_64. Time taken: 25.39 seconds. Hours: 0.01 hours. Peak RAM: 0.26 MB.
Unknown graph type for approximation ratio calculation; checking misc CSV.
Checking optimal_results_misc.csv for matching edges and weights...
Found matching exact result in misc CSV: 6.802775637732009
CSV writing for n=31 took 0.01 seconds; started at stardate 1788007413.7691302 and finished at stardate 1788007413.7831683
results: {31: 12.559785390529564}
durations: {7: 25.394964933395386}
Results saved to: Results/logs/adam/qaoa_results_adam_20260829_133048_pid2057981_Exp4_v2_standardZeroAngles.csv
Global end time: 1788007413.783182
Finalisation time: 0.00 seconds; started at stardate 1788007413.7831726 and finished at stardate 1788007413.7831879
Sum of all section times: 25.42 seconds
run_id: bd844fdc
