Starting QAOA benchmark with global start time: 1784045743.0163767
Benchmark parameters: {'optimiser': 'adam', 'optimiser_use_heuristic': True, 'heuristic_optimiser_iterations': 2, 'heuristic_optimiser_sampleSize': 1000, 'circuit_type': 'hamqaoa', 'parameter_vector': [1, 1, 1], 'iterations_list': [5, 10, 25, 50], 'learning_rate_adam': 0.05, 'depth_list': [1, 2, 3], 'n_start': None, 'n_end': None, 'singlet_injection': False, 'start_index_singlet': None, 'warm_start': True, 'warm_start_mode': 'standard', 'lasserre_level': 1, 'initial_solver_level_M': 1, 'sdp_seed': 42, 'sdp_solver_mode': 'scs', 'sdp_scs_eps': 1e-06, 'sdp_scs_max_iters': 100000, 'warm_start_corr_strength': None, 'warm_start_corr_repeats': None, 'compare_with_010101': False, 'init_QAOAparams_close_to_zero': False, 'use_correlations_as_initial_params': False, 'time_limit': None, 'failed_instance_termination_thrsh': None, 'graph_generation_type': 'hog', 'weighted': False, 'easiest_first': True, 'cpu_util_threshold': None, 'debug': False, 'save_circuit_svg': False, 'rerun_exclude_finished_instances': True, 'warm_start_cache_producer_only': False, 'qaoa_only_from_existing_warm_start_cache': True, 'optimiser_debug_iterations': None, 'num_repeats': 1, 'relative_graph_adjList_path': 'HOG_graphs/triangleFree_connected_4to8vertices_176instances_AdjacencyList.txt', 'persistent_warm_start_cache': True, 'warm_start_cache_dir': 'Results/warm_start_cache', 'warm_start_cache_max_file_mb': 512, 'warm_start_cache_max_total_gb': 60, 'sdp_max_parallel': 0, 'qaoa_max_parallel': 60, 'sdp_threads': 1, 'qaoa_threads': 1, 'sdp_memory_limit_total_gb': 500, 'sdp_memory_limit_single_gb': 500, 'sdp_memory_poll_seconds': 5, 'sdp_max_retries': 3, 'queue_poll_interval_seconds': 5}, Running QAOA with equal superposition
Benchmark run ID: 248ba47a
Benchmark repeat index: 1
SDP seed override: 42
Processor: x86_64
Hostname: dacsgpu0003
Total RAM (GB): None
Physical cores: 64
Logical cores: 64
Python version: 3.11.15
Initialisation time: 0.00 seconds; started at stardate {'initialisation': 0.0029532909393310547} and finished at stardate1784045743.0193424
Loaded HOG graph index 30 with 8 edges.
Instance generation for n=30 took 0.00 seconds; started at stardate 1784045743.0193472 and finished at stardate 1784045743.021271
Running QAOA for n=8 nodes, m=8 edges...; Max iterations: 25
Warm-start cache: loading Results/warm_start_cache/triangleFree_connected_4to8vertices_176instances_AdjacencyList__filehash_279b7452/hog_idx000030_7b3c707497a5_seed42_L1_M1_standard.npz
Warm-start cache: loaded in 0.0042 seconds; effective compute time=0.2572062015533447
Edges: [(2, 7), (4, 7), (5, 7), (0, 7), (4, 6), (5, 6), (3, 7), (1, 7)], weights: [1.0, 1.0, 1.0, 1.0, 1.0, 1.0, 1.0, 1.0], set of nodes: {0, 1, 2, 3, 4, 5, 6, 7}, n: 8 nodes, p: 3 layers, N_bayes: 25 iterations
Solving for uuid: d79fba56
Initial state injected as warm start
Running ADAM optimization with a single iteration (no debug loop)
3.8615156384240295
QAOA optimisation for n=30 took 306.99 seconds; started at stardate 1784045743.0212739 and finished at stardate 1784046050.0128763
Finished QAOA for n=8 nodes, m=8 edges at 2026-07-14 18:20:50 on x86_64. Time taken: 306.99 seconds. Hours: 0.09 hours. Peak RAM: 0.26 MB.
Unknown graph type for approximation ratio calculation; checking misc CSV.
Checking optimal_results_misc.csv for matching edges and weights...
Found matching exact result in misc CSV: 4.909011514865906
CSV writing for n=30 took 0.01 seconds; started at stardate 1784046050.0128937 and finished at stardate 1784046050.0206904
results: {30: 3.8615156384240295}
durations: {8: 306.99161028862}
Results saved to: Results/logs/adam/qaoa_results_adam_20260714_173124_pid2184512.csv
Global end time: 1784046050.0207133
Finalisation time: 0.00 seconds; started at stardate 1784046050.0206976 and finished at stardate 1784046050.0207229
Sum of all section times: 307.00 seconds
run_id: 248ba47a
