Starting QAOA benchmark with global start time: 1784045743.9507387
Benchmark parameters: {'optimiser': 'adam', 'optimiser_use_heuristic': True, 'heuristic_optimiser_iterations': 2, 'heuristic_optimiser_sampleSize': 1000, 'circuit_type': 'hamqaoa', 'parameter_vector': [1, 1, 1], 'iterations_list': [5, 10, 25, 50], 'learning_rate_adam': 0.05, 'depth_list': [1, 2, 3], 'n_start': None, 'n_end': None, 'singlet_injection': False, 'start_index_singlet': None, 'warm_start': True, 'warm_start_mode': 'standard', 'lasserre_level': 1, 'initial_solver_level_M': 1, 'sdp_seed': 42, 'sdp_solver_mode': 'scs', 'sdp_scs_eps': 1e-06, 'sdp_scs_max_iters': 100000, 'warm_start_corr_strength': None, 'warm_start_corr_repeats': None, 'compare_with_010101': False, 'init_QAOAparams_close_to_zero': False, 'use_correlations_as_initial_params': False, 'time_limit': None, 'failed_instance_termination_thrsh': None, 'graph_generation_type': 'hog', 'weighted': False, 'easiest_first': True, 'cpu_util_threshold': None, 'debug': False, 'save_circuit_svg': False, 'rerun_exclude_finished_instances': True, 'warm_start_cache_producer_only': False, 'qaoa_only_from_existing_warm_start_cache': True, 'optimiser_debug_iterations': None, 'num_repeats': 1, 'relative_graph_adjList_path': 'HOG_graphs/triangleFree_connected_4to8vertices_176instances_AdjacencyList.txt', 'persistent_warm_start_cache': True, 'warm_start_cache_dir': 'Results/warm_start_cache', 'warm_start_cache_max_file_mb': 512, 'warm_start_cache_max_total_gb': 60, 'sdp_max_parallel': 0, 'qaoa_max_parallel': 60, 'sdp_threads': 1, 'qaoa_threads': 1, 'sdp_memory_limit_total_gb': 500, 'sdp_memory_limit_single_gb': 500, 'sdp_memory_poll_seconds': 5, 'sdp_max_retries': 3, 'queue_poll_interval_seconds': 5}, Running QAOA with equal superposition
Benchmark run ID: dda66734
Benchmark repeat index: 1
SDP seed override: 42
Processor: x86_64
Hostname: dacsgpu0003
Total RAM (GB): None
Physical cores: 64
Logical cores: 64
Python version: 3.11.15
Initialisation time: 0.00 seconds; started at stardate {'initialisation': 0.002698659896850586} and finished at stardate1784045743.953443
Loaded HOG graph index 31 with 7 edges.
Instance generation for n=31 took 0.00 seconds; started at stardate 1784045743.9534469 and finished at stardate 1784045743.9551222
Running QAOA for n=7 nodes, m=7 edges...; Max iterations: 25
Warm-start cache: loading Results/warm_start_cache/triangleFree_connected_4to8vertices_176instances_AdjacencyList__filehash_279b7452/hog_idx000031_997a3b1346aa_seed42_L1_M1_standard.npz
Warm-start cache: loaded in 0.0008 seconds; effective compute time=0.15429234504699707
Edges: [(0, 1), (2, 6), (3, 5), (4, 6), (3, 4), (1, 5), (0, 2)], weights: [1.0, 1.0, 1.0, 1.0, 1.0, 1.0, 1.0], set of nodes: {0, 1, 2, 3, 4, 5, 6}, n: 7 nodes, p: 2 layers, N_bayes: 25 iterations
Solving for uuid: 7a38bee7
Initial state injected as warm start
Running ADAM optimization with a single iteration (no debug loop)
2.8519217554986582
QAOA optimisation for n=31 took 153.01 seconds; started at stardate 1784045743.9551244 and finished at stardate 1784045896.9649582
Finished QAOA for n=7 nodes, m=7 edges at 2026-07-14 18:18:16 on x86_64. Time taken: 153.01 seconds. Hours: 0.04 hours. Peak RAM: 0.25 MB.
Computing cycle approximation ratio
CSV writing for n=31 took 0.00 seconds; started at stardate 1784045896.9649673 and finished at stardate 1784045896.9692566
results: {31: 2.8519217554986582}
durations: {7: 153.00983786582947}
Results saved to: Results/logs/adam/qaoa_results_adam_20260714_173124_pid2184512.csv
Global end time: 1784045896.969267
Finalisation time: 0.00 seconds; started at stardate 1784045896.9692597 and finished at stardate 1784045896.9692705
Sum of all section times: 153.02 seconds
run_id: dda66734
