Starting QAOA benchmark with global start time: 1784045308.8983626
Benchmark parameters: {'optimiser': 'adam', 'optimiser_use_heuristic': True, 'heuristic_optimiser_iterations': 2, 'heuristic_optimiser_sampleSize': 1000, 'circuit_type': 'hamqaoa', 'parameter_vector': [1, 1, 1], 'iterations_list': [5, 10, 25, 50], 'learning_rate_adam': 0.05, 'depth_list': [1, 2, 3], 'n_start': None, 'n_end': None, 'singlet_injection': False, 'start_index_singlet': None, 'warm_start': True, 'warm_start_mode': 'standard', 'lasserre_level': 1, 'initial_solver_level_M': 1, 'sdp_seed': 42, 'sdp_solver_mode': 'scs', 'sdp_scs_eps': 1e-06, 'sdp_scs_max_iters': 100000, 'warm_start_corr_strength': None, 'warm_start_corr_repeats': None, 'compare_with_010101': False, 'init_QAOAparams_close_to_zero': False, 'use_correlations_as_initial_params': False, 'time_limit': None, 'failed_instance_termination_thrsh': None, 'graph_generation_type': 'hog', 'weighted': False, 'easiest_first': True, 'cpu_util_threshold': None, 'debug': False, 'save_circuit_svg': False, 'rerun_exclude_finished_instances': True, 'warm_start_cache_producer_only': False, 'qaoa_only_from_existing_warm_start_cache': True, 'optimiser_debug_iterations': None, 'num_repeats': 1, 'relative_graph_adjList_path': 'HOG_graphs/triangleFree_connected_4to8vertices_176instances_AdjacencyList.txt', 'persistent_warm_start_cache': True, 'warm_start_cache_dir': 'Results/warm_start_cache', 'warm_start_cache_max_file_mb': 512, 'warm_start_cache_max_total_gb': 60, 'sdp_max_parallel': 0, 'qaoa_max_parallel': 60, 'sdp_threads': 1, 'qaoa_threads': 1, 'sdp_memory_limit_total_gb': 500, 'sdp_memory_limit_single_gb': 500, 'sdp_memory_poll_seconds': 5, 'sdp_max_retries': 3, 'queue_poll_interval_seconds': 5}, Running QAOA with equal superposition
Benchmark run ID: d6ea69e7
Benchmark repeat index: 1
SDP seed override: 42
Processor: x86_64
Hostname: dacsgpu0003
Total RAM (GB): None
Physical cores: 64
Logical cores: 64
Python version: 3.11.15
Initialisation time: 0.00 seconds; started at stardate {'initialisation': 0.0030074119567871094} and finished at stardate1784045308.901377
Loaded HOG graph index 25 with 8 edges.
Instance generation for n=25 took 0.00 seconds; started at stardate 1784045308.9013815 and finished at stardate 1784045308.9031239
Running QAOA for n=8 nodes, m=8 edges...; Max iterations: 50
Warm-start cache: loading Results/warm_start_cache/triangleFree_connected_4to8vertices_176instances_AdjacencyList__filehash_279b7452/hog_idx000025_51036ad3abfa_seed42_L1_M1_standard.npz
Warm-start cache: loaded in 0.0044 seconds; effective compute time=0.3121042251586914
Edges: [(2, 7), (0, 7), (4, 6), (4, 5), (3, 7), (2, 5), (3, 6), (1, 7)], weights: [1.0, 1.0, 1.0, 1.0, 1.0, 1.0, 1.0, 1.0], set of nodes: {0, 1, 2, 3, 4, 5, 6, 7}, n: 8 nodes, p: 1 layers, N_bayes: 50 iterations
Solving for uuid: 098c577a
Initial state injected as warm start
Running ADAM optimization with a single iteration (no debug loop)
2.6760876382823677
QAOA optimisation for n=25 took 121.51 seconds; started at stardate 1784045308.9031265 and finished at stardate 1784045430.4113598
Finished QAOA for n=8 nodes, m=8 edges at 2026-07-14 18:10:30 on x86_64. Time taken: 121.51 seconds. Hours: 0.03 hours. Peak RAM: 0.23 MB.
Unknown graph type for approximation ratio calculation; checking misc CSV.
Checking optimal_results_misc.csv for matching edges and weights...
Found matching exact result in misc CSV: 5.287483449836824
CSV writing for n=25 took 0.00 seconds; started at stardate 1784045430.4113684 and finished at stardate 1784045430.4159772
results: {25: 2.6760876382823677}
durations: {8: 121.50823760032654}
Results saved to: Results/logs/adam/qaoa_results_adam_20260714_173124_pid2184512.csv
Global end time: 1784045430.4159882
Finalisation time: 0.00 seconds; started at stardate 1784045430.4159808 and finished at stardate 1784045430.415992
Sum of all section times: 121.52 seconds
run_id: d6ea69e7
