/home/i6408800/MasterThesis/QAOA/Code/Circuit.py:192: UserWarning: No classical warm-start cut provided for HAMQAOA; using random cut values for fourth HAMQAOA gate. This may lead to suboptimal performance and may be unintentional if a classical warm start was intended.
  warnings.warn(
Starting QAOA benchmark with global start time: 1787670535.187108
Benchmark parameters: {'optimiser': 'adam', 'optimiser_use_heuristic': False, 'heuristic_optimiser_iterations': None, 'heuristic_optimiser_sampleSize': None, 'circuit_type': 'hamqaoa', 'parameter_vector': [1, 1, 1], 'iterations_list': [75], 'learning_rate_adam': 0.05, 'depth_list': [1, 2, 3, 4, 5], 'n_start': None, 'n_end': None, 'singlet_injection': False, 'start_index_singlet': None, 'warm_start': False, 'warm_start_mode': None, 'lasserre_level': None, 'initial_solver_level_M': None, 'sdp_seed': None, 'sdp_solver_mode': None, 'sdp_scs_eps': None, 'sdp_scs_max_iters': None, 'warm_start_corr_strength': None, 'warm_start_corr_repeats': None, 'compare_with_010101': False, 'init_QAOAparams_close_to_zero': False, 'use_correlations_as_initial_params': None, 'time_limit': None, 'failed_instance_termination_thrsh': None, 'graph_generation_type': 'hog', 'weighted': False, 'easiest_first': True, 'cpu_util_threshold': None, 'debug': False, 'save_circuit_svg': False, 'rerun_exclude_finished_instances': True, 'warm_start_cache_producer_only': False, 'qaoa_only_from_existing_warm_start_cache': False, 'optimiser_debug_iterations': None, 'num_repeats': 1, 'relative_graph_adjList_path': 'HOG_graphs/Exp5/list_454_graphs_adjacency_listhog_v04-12_bipartite.txt', 'persistent_warm_start_cache': False, 'warm_start_cache_dir': None, 'warm_start_cache_max_file_mb': None, 'warm_start_cache_max_total_gb': None, 'sdp_max_parallel': 0, 'qaoa_max_parallel': 16, 'sdp_threads': 1, 'qaoa_threads': 1, 'sdp_memory_limit_total_gb': 0, 'sdp_memory_limit_single_gb': 0, 'sdp_memory_poll_seconds': None, 'sdp_max_retries': 0, 'queue_poll_interval_seconds': 5, 'max_graph_vertices': 10, 'completed_result_csv_paths': [], 'qaoa_seed': 42, 'initialise_standard_warm_start_with_zero_angles': False, 'result_name_suffix': '_Exp5_subexp4_standardWithHeuristic_rerun2508_02'}, Running QAOA with equal superposition
Benchmark run ID: 2a88b32e
Benchmark repeat index: 1
SDP seed override: None
QAOA seed used: 42
Processor: x86_64
Hostname: dacsgpu0003
Total RAM (GB): None
Physical cores: 64
Logical cores: 64
Python version: 3.11.15
Initialisation time: 0.00 seconds; started at stardate {'initialisation': 0.0028061866760253906} and finished at stardate1787670535.1899219
Loaded HOG graph index 119 with 6 edges.
Instance generation for n=119 took 0.01 seconds; started at stardate 1787670535.1899257 and finished at stardate 1787670535.19717
Running QAOA for n=6 nodes, m=6 edges...; Max iterations: 75
Edges: [(2, 3), (0, 4), (3, 5), (1, 5), (4, 5), (2, 4)], weights: [1.0, 1.0, 1.0, 1.0, 1.0, 1.0], set of nodes: {0, 1, 2, 3, 4, 5}, n: 6 nodes, p: 2 layers, N_bayes: 75 iterations
Solving for uuid: 57e67f69
No warm start: Default initial state is equal superposition
Running ADAM optimization with a single iteration (no debug loop)
2.288174258247394
QAOA optimisation for n=119 took 3.73 seconds; started at stardate 1787670535.1971743 and finished at stardate 1787670538.9314537
Finished QAOA for n=6 nodes, m=6 edges at 2026-08-25 17:08:58 on x86_64. Time taken: 3.73 seconds. Hours: 0.00 hours. Peak RAM: 0.22 MB.
Unknown graph type for approximation ratio calculation; checking misc CSV.
Checking optimal_results_misc.csv for matching edges and weights...
Found matching exact result in misc CSV: 4.16658698880218
CSV writing for n=119 took 0.01 seconds; started at stardate 1787670538.9314609 and finished at stardate 1787670538.9365335
results: {119: 2.288174258247394}
durations: {6: 3.7342844009399414}
Results saved to: Results/logs/adam/qaoa_results_adam_20260825_170810_pid1419607_Exp5_subexp4_standardWithHeuristic_rerun2508_02.csv
Global end time: 1787670538.9365451
Finalisation time: 0.00 seconds; started at stardate 1787670538.9365377 and finished at stardate 1787670538.9365492
Sum of all section times: 3.75 seconds
run_id: 2a88b32e
