/home/i6408800/MasterThesis/QAOA/Code/Circuit.py:167: UserWarning: No classical warm-start cut provided for HAMQAOA; using random cut values for fourth HAMQAOA gate. This may lead to suboptimal performance and may be unintentional if a classical warm start was intended.
  warnings.warn(
Starting QAOA benchmark with global start time: 1782141612.706826
Benchmark parameters: {'optimiser': 'adam', 'optimiser_use_heuristic': True, 'heuristic_optimiser_iterations': 2, 'heuristic_optimiser_sampleSize': 1000, 'circuit_type': 'hamqaoa', 'parameter_vector': [1, 1, 1], 'iterations_list': [50], 'learning_rate_adam': 0.05, 'depth_list': [1, 3, 5], 'n_start': None, 'n_end': None, 'singlet_injection': False, 'start_index_singlet': None, 'warm_start': False, 'warm_start_mode': 'standard', 'lasserre_level': 2, 'initial_solver_level_M': 2, 'sdp_seed': 42, 'warm_start_corr_strength': None, 'warm_start_corr_repeats': None, 'compare_with_010101': False, 'init_QAOAparams_close_to_zero': False, 'use_correlations_as_initial_params': False, 'time_limit': 10800, 'failed_instance_termination_thrsh': None, 'graph_generation_type': 'hog', 'weighted': False, 'easiest_first': True, 'cpu_util_threshold': None, 'debug': False, 'save_circuit_svg': False, 'rerun_exclude_finished_instances': True, 'warm_start_cache_producer_only': False, 'qaoa_only_from_existing_warm_start_cache': False, 'optimiser_debug_iterations': None, 'num_repeats': 10, 'relative_graph_adjList_path': 'HOG_graphs/triangleFree_connected_4to8vertices_176instances_AdjacencyList.txt', 'completed_result_csv_paths': [], 'persistent_warm_start_cache': False, 'warm_start_cache_dir': 'Results/warm_start_cache', 'warm_start_cache_max_file_mb': 512, 'warm_start_cache_max_total_gb': 60, 'sdp_max_parallel': 0, 'qaoa_max_parallel': 4, 'sdp_threads': 1, 'qaoa_threads': 8, 'sdp_memory_limit_total_gb': 1, 'sdp_memory_limit_single_gb': 1, 'sdp_memory_poll_seconds': 5, 'sdp_max_retries': 3, 'queue_poll_interval_seconds': 5}, Running QAOA with equal superposition
Benchmark run ID: b628d796
Benchmark repeat index: 9
SDP seed override: None
Processor: x86_64
Hostname: dacsgpu0002
Total RAM (GB): None
Physical cores: 64
Logical cores: 64
Python version: 3.11.15
Initialisation time: 0.00 seconds; started at stardate {'initialisation': 0.0041425228118896484} and finished at stardate1782141612.7109804
Loaded HOG graph index 11 with 7 edges.
Instance generation for n=11 took 0.00 seconds; started at stardate 1782141612.7109885 and finished at stardate 1782141612.7143722
Running QAOA for n=8 nodes, m=7 edges...; Max iterations: 50
Edges: [(2, 7), (1, 6), (5, 7), (4, 6), (0, 6), (4, 5), (3, 7)], weights: [1.0, 1.0, 1.0, 1.0, 1.0, 1.0, 1.0], set of nodes: {0, 1, 2, 3, 4, 5, 6, 7}, n: 8 nodes, p: 3 layers, N_bayes: 50 iterations
Solving for uuid: 3ede9060
No warm start: Default initial state is equal superposition
Running ADAM optimization with a single iteration (no debug loop)
7.332156155218486
QAOA optimisation for n=11 took 102.50 seconds; started at stardate 1782141612.7143764 and finished at stardate 1782141715.2101178
Finished QAOA for n=8 nodes, m=7 edges at 2026-06-22 17:21:55 on x86_64. Time taken: 102.50 seconds. Hours: 0.03 hours. Peak RAM: 0.21 MB.
Unknown graph type for approximation ratio calculation; checking misc CSV.
Checking optimal_results_misc.csv for matching edges and weights...
Found matching exact result in misc CSV: 4.752688494254944
CSV writing for n=11 took 0.00 seconds; started at stardate 1782141715.2101235 and finished at stardate 1782141715.213856
results: {11: 7.332156155218486}
durations: {8: 102.49574565887451}
Results saved to: Results/logs/adam/qaoa_results_adam_20260622_143724_pid1988278.csv
Global end time: 1782141715.2138631
Finalisation time: 0.00 seconds; started at stardate 1782141715.2138584 and finished at stardate 1782141715.2138658
Sum of all section times: 102.51 seconds
run_id: b628d796
