/home/i6408800/MasterThesis/QAOA/Code/Circuit.py:167: UserWarning: No classical warm-start cut provided for HAMQAOA; using random cut values for fourth HAMQAOA gate. This may lead to suboptimal performance and may be unintentional if a classical warm start was intended.
  warnings.warn(
Starting QAOA benchmark with global start time: 1782146584.2514253
Benchmark parameters: {'optimiser': 'adam', 'optimiser_use_heuristic': True, 'heuristic_optimiser_iterations': 2, 'heuristic_optimiser_sampleSize': 1000, 'circuit_type': 'hamqaoa', 'parameter_vector': [1, 1, 1], 'iterations_list': [50], 'learning_rate_adam': 0.05, 'depth_list': [1, 3, 5], 'n_start': None, 'n_end': None, 'singlet_injection': False, 'start_index_singlet': None, 'warm_start': False, 'warm_start_mode': 'standard', 'lasserre_level': 2, 'initial_solver_level_M': 2, 'sdp_seed': 42, 'warm_start_corr_strength': None, 'warm_start_corr_repeats': None, 'compare_with_010101': False, 'init_QAOAparams_close_to_zero': False, 'use_correlations_as_initial_params': False, 'time_limit': 10800, 'failed_instance_termination_thrsh': None, 'graph_generation_type': 'hog', 'weighted': False, 'easiest_first': True, 'cpu_util_threshold': None, 'debug': False, 'save_circuit_svg': False, 'rerun_exclude_finished_instances': True, 'warm_start_cache_producer_only': False, 'qaoa_only_from_existing_warm_start_cache': False, 'optimiser_debug_iterations': None, 'num_repeats': 10, 'relative_graph_adjList_path': 'HOG_graphs/triangleFree_connected_4to8vertices_176instances_AdjacencyList.txt', 'completed_result_csv_paths': [], 'persistent_warm_start_cache': False, 'warm_start_cache_dir': 'Results/warm_start_cache', 'warm_start_cache_max_file_mb': 512, 'warm_start_cache_max_total_gb': 60, 'sdp_max_parallel': 0, 'qaoa_max_parallel': 4, 'sdp_threads': 1, 'qaoa_threads': 8, 'sdp_memory_limit_total_gb': 1, 'sdp_memory_limit_single_gb': 1, 'sdp_memory_poll_seconds': 5, 'sdp_max_retries': 3, 'queue_poll_interval_seconds': 5}, Running QAOA with equal superposition
Benchmark run ID: f3e6bea9
Benchmark repeat index: 7
SDP seed override: None
Processor: x86_64
Hostname: dacsgpu0002
Total RAM (GB): None
Physical cores: 64
Logical cores: 64
Python version: 3.11.15
Initialisation time: 0.00 seconds; started at stardate {'initialisation': 0.0043261051177978516} and finished at stardate1782146584.2557626
Loaded HOG graph index 18 with 6 edges.
Instance generation for n=18 took 0.00 seconds; started at stardate 1782146584.2557707 and finished at stardate 1782146584.2592545
Running QAOA for n=6 nodes, m=6 edges...; Max iterations: 50
Edges: [(0, 4), (3, 5), (3, 4), (1, 5), (2, 5), (2, 4)], weights: [1.0, 1.0, 1.0, 1.0, 1.0, 1.0], set of nodes: {0, 1, 2, 3, 4, 5}, n: 6 nodes, p: 1 layers, N_bayes: 50 iterations
Solving for uuid: d138f3f6
No warm start: Default initial state is equal superposition
Running ADAM optimization with a single iteration (no debug loop)
4.386149930162711
QAOA optimisation for n=18 took 16.28 seconds; started at stardate 1782146584.259259 and finished at stardate 1782146600.5396845
Finished QAOA for n=6 nodes, m=6 edges at 2026-06-22 18:43:20 on x86_64. Time taken: 16.28 seconds. Hours: 0.00 hours. Peak RAM: 0.21 MB.
Unknown graph type for approximation ratio calculation; checking misc CSV.
Checking optimal_results_misc.csv for matching edges and weights...
Found matching exact result in misc CSV: 3.9512729212712605
CSV writing for n=18 took 0.01 seconds; started at stardate 1782146600.53969 and finished at stardate 1782146600.544784
results: {18: 4.386149930162711}
durations: {6: 16.28042984008789}
Results saved to: Results/logs/adam/qaoa_results_adam_20260622_143724_pid1988278.csv
Global end time: 1782146600.5447903
Finalisation time: 0.00 seconds; started at stardate 1782146600.544786 and finished at stardate 1782146600.544793
Sum of all section times: 16.29 seconds
run_id: f3e6bea9
