Starting QAOA benchmark with global start time: 1781726384.9419127
Benchmark parameters: {'optimiser': 'adam', 'optimiser_use_heuristic': True, 'heuristic_optimiser_iterations': 2, 'heuristic_optimiser_sampleSize': 1000, 'circuit_type': 'hamqaoa', 'parameter_vector': [1, 1, 1], 'iterations_list': [50], 'learning_rate_adam': 0.05, 'depth_list': [1, 3, 5], 'n_start': None, 'n_end': None, 'singlet_injection': False, 'start_index_singlet': None, 'warm_start': True, 'warm_start_mode': 'standard', 'lasserre_level': 1, 'initial_solver_level_M': 1, 'sdp_seed': 6000042, 'warm_start_corr_strength': None, 'warm_start_corr_repeats': None, 'compare_with_010101': False, 'init_QAOAparams_close_to_zero': False, 'use_correlations_as_initial_params': False, 'time_limit': 10800, 'failed_instance_termination_thrsh': None, 'graph_generation_type': 'hog', 'weighted': False, 'easiest_first': True, 'cpu_util_threshold': None, 'debug': False, 'save_circuit_svg': False, 'rerun_exclude_finished_instances': False, 'optimiser_debug_iterations': None, 'num_repeats': 10, 'relative_graph_adjList_path': 'HOG_graphs/triangleFree_connected_4to8vertices_176instances_AdjacencyList.txt', 'persistent_warm_start_cache': True, 'warm_start_cache_dir': 'Results/warm_start_cache', 'warm_start_cache_max_file_mb': 512, 'warm_start_cache_max_total_gb': 60, 'sdp_max_parallel': 5, 'qaoa_max_parallel': 8, 'sdp_threads': 1, 'qaoa_threads': 4, 'sdp_memory_limit_total_gb': 80, 'sdp_memory_limit_single_gb': 80, 'sdp_memory_poll_seconds': 5, 'sdp_max_retries': 3, 'queue_poll_interval_seconds': 5}, Running QAOA with equal superposition
Benchmark run ID: 5ff1a90b
Benchmark repeat index: 7
SDP seed override: 6000042
Processor: x86_64
Hostname: dacsgpu0001
Total RAM (GB): None
Physical cores: 64
Logical cores: 64
Python version: 3.11.15
Initialisation time: 0.02 seconds; started at stardate {'initialisation': 0.020242691040039062} and finished at stardate1781726384.9621668
Loaded HOG graph index 17 with 6 edges.
Instance generation for n=17 took 0.00 seconds; started at stardate 1781726384.9621727 and finished at stardate 1781726384.964645
Running QAOA for n=6 nodes, m=6 edges...; Max iterations: 50
Warm-start cache: loading Results/warm_start_cache/triangleFree_connected_4to8vertices_176instances_AdjacencyList__filehash_279b7452/hog_idx000017_4e6200da7b31_seed6000042_L1_M1_standard.npz
Warm-start cache: loaded in 0.0013 seconds; effective compute time=0.1367330551147461
Edges: [(3, 5), (3, 4), (1, 5), (2, 5), (0, 5), (2, 4)], weights: [1.0, 1.0, 1.0, 1.0, 1.0, 1.0], set of nodes: {0, 1, 2, 3, 4, 5}, n: 6 nodes, p: 5 layers, N_bayes: 50 iterations
Solving for uuid: 794bb77a
Initial state injected as warm start
Running ADAM optimization with a single iteration (no debug loop)
3.7155798965152327
QAOA optimisation for n=17 took 375.16 seconds; started at stardate 1781726384.9646482 and finished at stardate 1781726760.1295292
Finished QAOA for n=6 nodes, m=6 edges at 2026-06-17 22:06:00 on x86_64. Time taken: 375.16 seconds. Hours: 0.10 hours. Peak RAM: 0.21 MB.
Unknown graph type for approximation ratio calculation; checking misc CSV.
Checking optimal_results_misc.csv for matching edges and weights...
Found matching exact result in misc CSV: 3.9297616943076084
CSV writing for n=17 took 0.01 seconds; started at stardate 1781726760.1295362 and finished at stardate 1781726760.1380217
results: {17: 3.7155798965152327}
durations: {6: 375.1648852825165}
Results saved to: Results/logs/adam/qaoa_results_adam_20260617_172309_pid3959588.csv
Global end time: 1781726760.1380415
Finalisation time: 0.00 seconds; started at stardate 1781726760.138029 and finished at stardate 1781726760.138046
Sum of all section times: 375.20 seconds
run_id: 5ff1a90b
