Starting QAOA benchmark with global start time: 1781732278.3501666
Benchmark parameters: {'optimiser': 'adam', 'optimiser_use_heuristic': True, 'heuristic_optimiser_iterations': 2, 'heuristic_optimiser_sampleSize': 1000, 'circuit_type': 'hamqaoa', 'parameter_vector': [1, 1, 1], 'iterations_list': [50], 'learning_rate_adam': 0.05, 'depth_list': [1, 3, 5], 'n_start': None, 'n_end': None, 'singlet_injection': False, 'start_index_singlet': None, 'warm_start': True, 'warm_start_mode': 'standard', 'lasserre_level': 1, 'initial_solver_level_M': 1, 'sdp_seed': 3000042, 'warm_start_corr_strength': None, 'warm_start_corr_repeats': None, 'compare_with_010101': False, 'init_QAOAparams_close_to_zero': False, 'use_correlations_as_initial_params': False, 'time_limit': 10800, 'failed_instance_termination_thrsh': None, 'graph_generation_type': 'hog', 'weighted': False, 'easiest_first': True, 'cpu_util_threshold': None, 'debug': False, 'save_circuit_svg': False, 'rerun_exclude_finished_instances': False, 'optimiser_debug_iterations': None, 'num_repeats': 10, 'relative_graph_adjList_path': 'HOG_graphs/triangleFree_connected_4to8vertices_176instances_AdjacencyList.txt', 'persistent_warm_start_cache': True, 'warm_start_cache_dir': 'Results/warm_start_cache', 'warm_start_cache_max_file_mb': 512, 'warm_start_cache_max_total_gb': 60, 'sdp_max_parallel': 5, 'qaoa_max_parallel': 8, 'sdp_threads': 1, 'qaoa_threads': 4, 'sdp_memory_limit_total_gb': 80, 'sdp_memory_limit_single_gb': 80, 'sdp_memory_poll_seconds': 5, 'sdp_max_retries': 3, 'queue_poll_interval_seconds': 5}, Running QAOA with equal superposition
Benchmark run ID: 402419be
Benchmark repeat index: 4
SDP seed override: 3000042
Processor: x86_64
Hostname: dacsgpu0001
Total RAM (GB): None
Physical cores: 64
Logical cores: 64
Python version: 3.11.15
Initialisation time: 0.02 seconds; started at stardate {'initialisation': 0.020320415496826172} and finished at stardate1781732278.3704977
Loaded HOG graph index 22 with 8 edges.
Instance generation for n=22 took 0.00 seconds; started at stardate 1781732278.3705034 and finished at stardate 1781732278.3735716
Running QAOA for n=8 nodes, m=8 edges...; Max iterations: 50
Warm-start cache: loading Results/warm_start_cache/triangleFree_connected_4to8vertices_176instances_AdjacencyList__filehash_279b7452/hog_idx000022_4938ed1c5765_seed3000042_L1_M1_standard.npz
Warm-start cache: loaded in 0.0055 seconds; effective compute time=0.14141607284545898
Edges: [(2, 7), (0, 1), (1, 6), (5, 7), (3, 5), (4, 6), (3, 4), (0, 2)], weights: [1.0, 1.0, 1.0, 1.0, 1.0, 1.0, 1.0, 1.0], set of nodes: {0, 1, 2, 3, 4, 5, 6, 7}, n: 8 nodes, p: 3 layers, N_bayes: 50 iterations
Solving for uuid: f88f80b6
Initial state injected as warm start
Running ADAM optimization with a single iteration (no debug loop)
3.170949888510884
QAOA optimisation for n=22 took 694.51 seconds; started at stardate 1781732278.3735754 and finished at stardate 1781732972.8786104
Finished QAOA for n=8 nodes, m=8 edges at 2026-06-17 23:49:32 on x86_64. Time taken: 694.51 seconds. Hours: 0.19 hours. Peak RAM: 0.21 MB.
Computing cycle approximation ratio
CSV writing for n=22 took 0.01 seconds; started at stardate 1781732972.8786175 and finished at stardate 1781732972.8911955
results: {22: 3.170949888510884}
durations: {8: 694.5050392150879}
Results saved to: Results/logs/adam/qaoa_results_adam_20260617_172309_pid3959588.csv
Global end time: 1781732972.8912075
Finalisation time: 0.00 seconds; started at stardate 1781732972.8912008 and finished at stardate 1781732972.891211
Sum of all section times: 694.54 seconds
run_id: 402419be
