Starting QAOA benchmark with global start time: 1781771464.8889515
Benchmark parameters: {'optimiser': 'adam', 'optimiser_use_heuristic': True, 'heuristic_optimiser_iterations': 2, 'heuristic_optimiser_sampleSize': 1000, 'circuit_type': 'hamqaoa', 'parameter_vector': [1, 1, 1], 'iterations_list': [50], 'learning_rate_adam': 0.05, 'depth_list': [1, 3, 5], 'n_start': None, 'n_end': None, 'singlet_injection': False, 'start_index_singlet': None, 'warm_start': True, 'warm_start_mode': 'standard', 'lasserre_level': 1, 'initial_solver_level_M': 1, 'sdp_seed': 6000042, 'warm_start_corr_strength': None, 'warm_start_corr_repeats': None, 'compare_with_010101': False, 'init_QAOAparams_close_to_zero': False, 'use_correlations_as_initial_params': False, 'time_limit': 10800, 'failed_instance_termination_thrsh': None, 'graph_generation_type': 'hog', 'weighted': False, 'easiest_first': True, 'cpu_util_threshold': None, 'debug': False, 'save_circuit_svg': False, 'rerun_exclude_finished_instances': False, 'optimiser_debug_iterations': None, 'num_repeats': 10, 'relative_graph_adjList_path': 'HOG_graphs/triangleFree_connected_4to8vertices_176instances_AdjacencyList.txt', 'persistent_warm_start_cache': True, 'warm_start_cache_dir': 'Results/warm_start_cache', 'warm_start_cache_max_file_mb': 512, 'warm_start_cache_max_total_gb': 60, 'sdp_max_parallel': 5, 'qaoa_max_parallel': 8, 'sdp_threads': 1, 'qaoa_threads': 4, 'sdp_memory_limit_total_gb': 80, 'sdp_memory_limit_single_gb': 80, 'sdp_memory_poll_seconds': 5, 'sdp_max_retries': 3, 'queue_poll_interval_seconds': 5}, Running QAOA with equal superposition
Benchmark run ID: 26b6b9b5
Benchmark repeat index: 7
SDP seed override: 6000042
Processor: x86_64
Hostname: dacsgpu0001
Total RAM (GB): None
Physical cores: 64
Logical cores: 64
Python version: 3.11.15
Initialisation time: 0.01 seconds; started at stardate {'initialisation': 0.014947652816772461} and finished at stardate1781771464.903911
Loaded HOG graph index 53 with 7 edges.
Instance generation for n=53 took 0.01 seconds; started at stardate 1781771464.9039178 and finished at stardate 1781771464.9137
Running QAOA for n=7 nodes, m=7 edges...; Max iterations: 50
Warm-start cache: loading Results/warm_start_cache/triangleFree_connected_4to8vertices_176instances_AdjacencyList__filehash_279b7452/hog_idx000053_fcc007c4b00b_seed6000042_L1_M1_standard.npz
Warm-start cache: loaded in 0.0049 seconds; effective compute time=0.15602326393127441
Edges: [(1, 6), (3, 5), (5, 6), (3, 4), (0, 6), (2, 5), (2, 4)], weights: [1.0, 1.0, 1.0, 1.0, 1.0, 1.0, 1.0], set of nodes: {0, 1, 2, 3, 4, 5, 6}, n: 7 nodes, p: 5 layers, N_bayes: 50 iterations
Solving for uuid: ed9270fa
Initial state injected as warm start
Running ADAM optimization with a single iteration (no debug loop)
2.774094305846968
QAOA optimisation for n=53 took 506.42 seconds; started at stardate 1781771464.9137056 and finished at stardate 1781771971.3347292
Finished QAOA for n=7 nodes, m=7 edges at 2026-06-18 10:39:31 on x86_64. Time taken: 506.42 seconds. Hours: 0.14 hours. Peak RAM: 0.2 MB.
Unknown graph type for approximation ratio calculation; checking misc CSV.
Checking optimal_results_misc.csv for matching edges and weights...
Found matching exact result in misc CSV: 4.8415294776842375
CSV writing for n=53 took 0.01 seconds; started at stardate 1781771971.3347368 and finished at stardate 1781771971.3416934
results: {53: 2.774094305846968}
durations: {7: 506.42102885246277}
Results saved to: Results/logs/adam/qaoa_results_adam_20260617_172309_pid3959588.csv
Global end time: 1781771971.3417094
Finalisation time: 0.00 seconds; started at stardate 1781771971.3416996 and finished at stardate 1781771971.3417137
Sum of all section times: 506.45 seconds
run_id: 26b6b9b5
