Starting QAOA benchmark with global start time: 1781710063.4261494
Benchmark parameters: {'optimiser': 'adam', 'optimiser_use_heuristic': True, 'heuristic_optimiser_iterations': 2, 'heuristic_optimiser_sampleSize': 1000, 'circuit_type': 'hamqaoa', 'parameter_vector': [1, 1, 1], 'iterations_list': [50], 'learning_rate_adam': 0.05, 'depth_list': [1, 3, 5], 'n_start': None, 'n_end': None, 'singlet_injection': False, 'start_index_singlet': None, 'warm_start': True, 'warm_start_mode': 'standard', 'lasserre_level': 1, 'initial_solver_level_M': 1, 'sdp_seed': 6000042, 'warm_start_corr_strength': None, 'warm_start_corr_repeats': None, 'compare_with_010101': False, 'init_QAOAparams_close_to_zero': False, 'use_correlations_as_initial_params': False, 'time_limit': 10800, 'failed_instance_termination_thrsh': None, 'graph_generation_type': 'hog', 'weighted': False, 'easiest_first': True, 'cpu_util_threshold': None, 'debug': False, 'save_circuit_svg': False, 'rerun_exclude_finished_instances': False, 'optimiser_debug_iterations': None, 'num_repeats': 10, 'relative_graph_adjList_path': 'HOG_graphs/triangleFree_connected_4to8vertices_176instances_AdjacencyList.txt', 'persistent_warm_start_cache': True, 'warm_start_cache_dir': 'Results/warm_start_cache', 'warm_start_cache_max_file_mb': 512, 'warm_start_cache_max_total_gb': 60, 'sdp_max_parallel': 5, 'qaoa_max_parallel': 8, 'sdp_threads': 1, 'qaoa_threads': 4, 'sdp_memory_limit_total_gb': 80, 'sdp_memory_limit_single_gb': 80, 'sdp_memory_poll_seconds': 5, 'sdp_max_retries': 3, 'queue_poll_interval_seconds': 5}, Running QAOA with equal superposition
Benchmark run ID: 12ed26ce
Benchmark repeat index: 7
SDP seed override: 6000042
Processor: x86_64
Hostname: dacsgpu0001
Total RAM (GB): None
Physical cores: 64
Logical cores: 64
Python version: 3.11.15
Initialisation time: 0.00 seconds; started at stardate {'initialisation': 0.002907276153564453} and finished at stardate1781710063.4290652
Loaded HOG graph index 0 with 4 edges.
Instance generation for n=0 took 0.00 seconds; started at stardate 1781710063.4290698 and finished at stardate 1781710063.4308972
Running QAOA for n=5 nodes, m=4 edges...; Max iterations: 50
Warm-start cache: loading Results/warm_start_cache/triangleFree_connected_4to8vertices_176instances_AdjacencyList__filehash_279b7452/hog_idx000000_2870a2ee8414_seed6000042_L1_M1_standard.npz
Warm-start cache: loaded in 0.0010 seconds; effective compute time=0.05016279220581055
Edges: [(3, 4), (1, 4), (2, 3), (0, 4)], weights: [1.0, 1.0, 1.0, 1.0], set of nodes: {0, 1, 2, 3, 4}, n: 5 nodes, p: 5 layers, N_bayes: 50 iterations
Solving for uuid: 71f4c72b
Initial state injected as warm start
Running ADAM optimization with a single iteration (no debug loop)
1.9805996303163098
QAOA optimisation for n=0 took 159.91 seconds; started at stardate 1781710063.4308999 and finished at stardate 1781710223.3441613
Finished QAOA for n=5 nodes, m=4 edges at 2026-06-17 17:30:23 on x86_64. Time taken: 159.91 seconds. Hours: 0.04 hours. Peak RAM: 0.21 MB.
Unknown graph type for approximation ratio calculation; checking misc CSV.
Checking optimal_results_misc.csv for matching edges and weights...
Found matching exact result in misc CSV: 2.8546376797184614
CSV writing for n=0 took 0.00 seconds; started at stardate 1781710223.344166 and finished at stardate 1781710223.346349
results: {0: 1.9805996303163098}
durations: {5: 159.91326475143433}
Results saved to: Results/logs/adam/qaoa_results_adam_20260617_172309_pid3959588.csv
Global end time: 1781710223.3463552
Finalisation time: 0.00 seconds; started at stardate 1781710223.346351 and finished at stardate 1781710223.3463578
Sum of all section times: 159.92 seconds
run_id: 12ed26ce
