Starting QAOA benchmark with global start time: 1781753170.697829
Benchmark parameters: {'optimiser': 'adam', 'optimiser_use_heuristic': True, 'heuristic_optimiser_iterations': 2, 'heuristic_optimiser_sampleSize': 1000, 'circuit_type': 'hamqaoa', 'parameter_vector': [1, 1, 1], 'iterations_list': [50], 'learning_rate_adam': 0.05, 'depth_list': [1, 3, 5], 'n_start': None, 'n_end': None, 'singlet_injection': False, 'start_index_singlet': None, 'warm_start': True, 'warm_start_mode': 'standard', 'lasserre_level': 1, 'initial_solver_level_M': 1, 'sdp_seed': 3000042, 'warm_start_corr_strength': None, 'warm_start_corr_repeats': None, 'compare_with_010101': False, 'init_QAOAparams_close_to_zero': False, 'use_correlations_as_initial_params': False, 'time_limit': 10800, 'failed_instance_termination_thrsh': None, 'graph_generation_type': 'hog', 'weighted': False, 'easiest_first': True, 'cpu_util_threshold': None, 'debug': False, 'save_circuit_svg': False, 'rerun_exclude_finished_instances': False, 'optimiser_debug_iterations': None, 'num_repeats': 10, 'relative_graph_adjList_path': 'HOG_graphs/triangleFree_connected_4to8vertices_176instances_AdjacencyList.txt', 'persistent_warm_start_cache': True, 'warm_start_cache_dir': 'Results/warm_start_cache', 'warm_start_cache_max_file_mb': 512, 'warm_start_cache_max_total_gb': 60, 'sdp_max_parallel': 5, 'qaoa_max_parallel': 8, 'sdp_threads': 1, 'qaoa_threads': 4, 'sdp_memory_limit_total_gb': 80, 'sdp_memory_limit_single_gb': 80, 'sdp_memory_poll_seconds': 5, 'sdp_max_retries': 3, 'queue_poll_interval_seconds': 5}, Running QAOA with equal superposition
Benchmark run ID: c2339037
Benchmark repeat index: 4
SDP seed override: 3000042
Processor: x86_64
Hostname: dacsgpu0001
Total RAM (GB): None
Physical cores: 64
Logical cores: 64
Python version: 3.11.15
Initialisation time: 0.00 seconds; started at stardate {'initialisation': 0.0037484169006347656} and finished at stardate1781753170.701589
Loaded HOG graph index 37 with 16 edges.
Instance generation for n=37 took 0.00 seconds; started at stardate 1781753170.7015948 and finished at stardate 1781753170.7045288
Running QAOA for n=8 nodes, m=16 edges...; Max iterations: 50
Warm-start cache: loading Results/warm_start_cache/triangleFree_connected_4to8vertices_176instances_AdjacencyList__filehash_279b7452/hog_idx000037_0ad744bc7c80_seed3000042_L1_M1_standard.npz
Warm-start cache: loaded in 0.0040 seconds; effective compute time=0.2205345630645752
Edges: [(2, 7), (0, 1), (1, 6), (0, 4), (4, 7), (2, 6), (3, 5), (0, 3), (4, 6), (1, 5), (4, 5), (3, 7), (2, 5), (0, 2), (3, 6), (1, 7)], weights: [1.0, 1.0, 1.0, 1.0, 1.0, 1.0, 1.0, 1.0, 1.0, 1.0, 1.0, 1.0, 1.0, 1.0, 1.0, 1.0], set of nodes: {0, 1, 2, 3, 4, 5, 6, 7}, n: 8 nodes, p: 3 layers, N_bayes: 50 iterations
Solving for uuid: 518a0450
Initial state injected as warm start
Running ADAM optimization with a single iteration (no debug loop)
4.821991970107235
QAOA optimisation for n=37 took 575.45 seconds; started at stardate 1781753170.7045324 and finished at stardate 1781753746.1564162
Finished QAOA for n=8 nodes, m=16 edges at 2026-06-18 05:35:46 on x86_64. Time taken: 575.45 seconds. Hours: 0.16 hours. Peak RAM: 0.22 MB.
Unknown graph type for approximation ratio calculation; checking misc CSV.
Checking optimal_results_misc.csv for matching edges and weights...
Found matching exact result in misc CSV: 9.999999999999995
CSV writing for n=37 took 0.01 seconds; started at stardate 1781753746.1564264 and finished at stardate 1781753746.1693733
results: {37: 4.821991970107235}
durations: {8: 575.4518892765045}
Results saved to: Results/logs/adam/qaoa_results_adam_20260617_172309_pid3959588.csv
Global end time: 1781753746.1693861
Finalisation time: 0.00 seconds; started at stardate 1781753746.1693778 and finished at stardate 1781753746.1693904
Sum of all section times: 575.47 seconds
run_id: c2339037
