Starting QAOA benchmark with global start time: 1781732665.1528032
Benchmark parameters: {'optimiser': 'adam', 'optimiser_use_heuristic': True, 'heuristic_optimiser_iterations': 2, 'heuristic_optimiser_sampleSize': 1000, 'circuit_type': 'hamqaoa', 'parameter_vector': [1, 1, 1], 'iterations_list': [50], 'learning_rate_adam': 0.05, 'depth_list': [1, 3, 5], 'n_start': None, 'n_end': None, 'singlet_injection': False, 'start_index_singlet': None, 'warm_start': True, 'warm_start_mode': 'standard', 'lasserre_level': 1, 'initial_solver_level_M': 1, 'sdp_seed': 8000042, 'warm_start_corr_strength': None, 'warm_start_corr_repeats': None, 'compare_with_010101': False, 'init_QAOAparams_close_to_zero': False, 'use_correlations_as_initial_params': False, 'time_limit': 10800, 'failed_instance_termination_thrsh': None, 'graph_generation_type': 'hog', 'weighted': False, 'easiest_first': True, 'cpu_util_threshold': None, 'debug': False, 'save_circuit_svg': False, 'rerun_exclude_finished_instances': False, 'optimiser_debug_iterations': None, 'num_repeats': 10, 'relative_graph_adjList_path': 'HOG_graphs/triangleFree_connected_4to8vertices_176instances_AdjacencyList.txt', 'persistent_warm_start_cache': True, 'warm_start_cache_dir': 'Results/warm_start_cache', 'warm_start_cache_max_file_mb': 512, 'warm_start_cache_max_total_gb': 60, 'sdp_max_parallel': 5, 'qaoa_max_parallel': 8, 'sdp_threads': 1, 'qaoa_threads': 4, 'sdp_memory_limit_total_gb': 80, 'sdp_memory_limit_single_gb': 80, 'sdp_memory_poll_seconds': 5, 'sdp_max_retries': 3, 'queue_poll_interval_seconds': 5}, Running QAOA with equal superposition
Benchmark run ID: 98eb7cbb
Benchmark repeat index: 9
SDP seed override: 8000042
Processor: x86_64
Hostname: dacsgpu0001
Total RAM (GB): None
Physical cores: 64
Logical cores: 64
Python version: 3.11.15
Initialisation time: 0.01 seconds; started at stardate {'initialisation': 0.010946989059448242} and finished at stardate1781732665.1637645
Loaded HOG graph index 107 with 9 edges.
Instance generation for n=107 took 0.00 seconds; started at stardate 1781732665.1637738 and finished at stardate 1781732665.1677027
Running QAOA for n=7 nodes, m=9 edges...; Max iterations: 50
Warm-start: starting SDP solve for n_vertices=7
Warm-start: using configured sdp_seed=8000042
Starting SDP solve (solver preference: MOSEK, fallback: SCS) for n_vertices=7, matrix_dim=21, edges=9
Finished SDP solve with MOSEK. status=optimal. elapsed_seconds=0.18
Rounding...
Setting seed to 8000042
n_vertices: 7 for n = 21
Using seed 8000042 to generate random matrix for x.
Energy of rounded cut/product state: 4.0337557585477315
SDP objective value: 7.967388885542489
8 in cut out of a total of 9 edges
Warm-start: SDP solve + rounding finished in 0.21 seconds
Warm-start: built level-1 GP/GW product statevector in 0.00 seconds
Warm-start cache: saved Results/warm_start_cache/triangleFree_connected_4to8vertices_176instances_AdjacencyList__filehash_279b7452/hog_idx000107_c0fb8ed562bc_seed8000042_L1_M1_standard.npz in 0.0051 seconds
Edges: [(1, 6), (2, 6), (0, 3), (3, 4), (4, 5), (2, 5), (0, 5), (1, 4), (3, 6)], weights: [1.0, 1.0, 1.0, 1.0, 1.0, 1.0, 1.0, 1.0, 1.0], set of nodes: {0, 1, 2, 3, 4, 5, 6}, n: 7 nodes, p: 1 layers, N_bayes: 50 iterations
Solving for uuid: 849f9104
Initial state injected as warm start
Running ADAM optimization with a single iteration (no debug loop)
3.1792546612263632
QAOA optimisation for n=107 took 124.71 seconds; started at stardate 1781732665.167708 and finished at stardate 1781732789.8824186
Finished QAOA for n=7 nodes, m=9 edges at 2026-06-17 23:46:29 on x86_64. Time taken: 124.71 seconds. Hours: 0.03 hours. Peak RAM: 0.26 MB.
Unknown graph type for approximation ratio calculation; checking misc CSV.
Checking optimal_results_misc.csv for matching edges and weights...
Found matching exact result in misc CSV: 5.592091266863661
CSV writing for n=107 took 0.02 seconds; started at stardate 1781732789.8824272 and finished at stardate 1781732789.8998392
results: {107: 3.1792546612263632}
durations: {7: 124.71471643447876}
Results saved to: Results/logs/adam/qaoa_results_adam_20260617_172309_pid3959588.csv
Global end time: 1781732789.899851
Finalisation time: 0.00 seconds; started at stardate 1781732789.8998432 and finished at stardate 1781732789.8998547
Sum of all section times: 124.75 seconds
run_id: 98eb7cbb
