Starting QAOA benchmark with global start time: 1781715282.4231458
Benchmark parameters: {'optimiser': 'adam', 'optimiser_use_heuristic': True, 'heuristic_optimiser_iterations': 2, 'heuristic_optimiser_sampleSize': 1000, 'circuit_type': 'hamqaoa', 'parameter_vector': [1, 1, 1], 'iterations_list': [50], 'learning_rate_adam': 0.05, 'depth_list': [1, 3, 5], 'n_start': None, 'n_end': None, 'singlet_injection': False, 'start_index_singlet': None, 'warm_start': True, 'warm_start_mode': 'standard', 'lasserre_level': 1, 'initial_solver_level_M': 1, 'sdp_seed': 3000042, 'warm_start_corr_strength': None, 'warm_start_corr_repeats': None, 'compare_with_010101': False, 'init_QAOAparams_close_to_zero': False, 'use_correlations_as_initial_params': False, 'time_limit': 10800, 'failed_instance_termination_thrsh': None, 'graph_generation_type': 'hog', 'weighted': False, 'easiest_first': True, 'cpu_util_threshold': None, 'debug': False, 'save_circuit_svg': False, 'rerun_exclude_finished_instances': False, 'optimiser_debug_iterations': None, 'num_repeats': 10, 'relative_graph_adjList_path': 'HOG_graphs/triangleFree_connected_4to8vertices_176instances_AdjacencyList.txt', 'persistent_warm_start_cache': True, 'warm_start_cache_dir': 'Results/warm_start_cache', 'warm_start_cache_max_file_mb': 512, 'warm_start_cache_max_total_gb': 60, 'sdp_max_parallel': 5, 'qaoa_max_parallel': 8, 'sdp_threads': 1, 'qaoa_threads': 4, 'sdp_memory_limit_total_gb': 80, 'sdp_memory_limit_single_gb': 80, 'sdp_memory_poll_seconds': 5, 'sdp_max_retries': 3, 'queue_poll_interval_seconds': 5}, Running QAOA with equal superposition
Benchmark run ID: 785a3abb
Benchmark repeat index: 4
SDP seed override: 3000042
Processor: x86_64
Hostname: dacsgpu0001
Total RAM (GB): None
Physical cores: 64
Logical cores: 64
Python version: 3.11.15
Initialisation time: 0.02 seconds; started at stardate {'initialisation': 0.017033100128173828} and finished at stardate1781715282.4401898
Loaded HOG graph index 31 with 7 edges.
Instance generation for n=31 took 0.00 seconds; started at stardate 1781715282.4401972 and finished at stardate 1781715282.443119
Running QAOA for n=7 nodes, m=7 edges...; Max iterations: 50
Warm-start: starting SDP solve for n_vertices=7
Warm-start: using configured sdp_seed=3000042
Starting SDP solve (solver preference: MOSEK, fallback: SCS) for n_vertices=7, matrix_dim=21, edges=7
Finished SDP solve with MOSEK. status=optimal. elapsed_seconds=0.15
Rounding...
Setting seed to 3000042
n_vertices: 7 for n = 21
Using seed 3000042 to generate random matrix for x.
Energy of rounded cut/product state: 3.290893130304529
SDP objective value: 6.480086542537746
6 in cut out of a total of 7 edges
Warm-start: SDP solve + rounding finished in 0.17 seconds
Warm-start: built level-1 GP/GW product statevector in 0.00 seconds
Warm-start cache: saved Results/warm_start_cache/triangleFree_connected_4to8vertices_176instances_AdjacencyList__filehash_279b7452/hog_idx000031_997a3b1346aa_seed3000042_L1_M1_standard.npz in 0.0043 seconds
Edges: [(0, 1), (2, 6), (3, 5), (4, 6), (3, 4), (1, 5), (0, 2)], weights: [1.0, 1.0, 1.0, 1.0, 1.0, 1.0, 1.0], set of nodes: {0, 1, 2, 3, 4, 5, 6}, n: 7 nodes, p: 1 layers, N_bayes: 50 iterations
Solving for uuid: f7816fec
Initial state injected as warm start
Running ADAM optimization with a single iteration (no debug loop)
3.1447212596982816
QAOA optimisation for n=31 took 101.48 seconds; started at stardate 1781715282.4431224 and finished at stardate 1781715383.9240034
Finished QAOA for n=7 nodes, m=7 edges at 2026-06-17 18:56:23 on x86_64. Time taken: 101.48 seconds. Hours: 0.03 hours. Peak RAM: 0.25 MB.
Computing cycle approximation ratio
CSV writing for n=31 took 0.01 seconds; started at stardate 1781715383.9240103 and finished at stardate 1781715383.9357824
results: {31: 3.1447212596982816}
durations: {7: 101.48088431358337}
Results saved to: Results/logs/adam/qaoa_results_adam_20260617_172309_pid3959588.csv
Global end time: 1781715383.9357944
Finalisation time: 0.00 seconds; started at stardate 1781715383.9357872 and finished at stardate 1781715383.9357986
Sum of all section times: 101.51 seconds
run_id: 785a3abb
