Starting QAOA benchmark with global start time: 1781744657.6378903
Benchmark parameters: {'optimiser': 'adam', 'optimiser_use_heuristic': True, 'heuristic_optimiser_iterations': 2, 'heuristic_optimiser_sampleSize': 1000, 'circuit_type': 'hamqaoa', 'parameter_vector': [1, 1, 1], 'iterations_list': [50], 'learning_rate_adam': 0.05, 'depth_list': [1, 3, 5], 'n_start': None, 'n_end': None, 'singlet_injection': False, 'start_index_singlet': None, 'warm_start': True, 'warm_start_mode': 'standard', 'lasserre_level': 1, 'initial_solver_level_M': 1, 'sdp_seed': 42, 'warm_start_corr_strength': None, 'warm_start_corr_repeats': None, 'compare_with_010101': False, 'init_QAOAparams_close_to_zero': False, 'use_correlations_as_initial_params': False, 'time_limit': 10800, 'failed_instance_termination_thrsh': None, 'graph_generation_type': 'hog', 'weighted': False, 'easiest_first': True, 'cpu_util_threshold': None, 'debug': False, 'save_circuit_svg': False, 'rerun_exclude_finished_instances': False, 'optimiser_debug_iterations': None, 'num_repeats': 10, 'relative_graph_adjList_path': 'HOG_graphs/triangleFree_connected_4to8vertices_176instances_AdjacencyList.txt', 'persistent_warm_start_cache': True, 'warm_start_cache_dir': 'Results/warm_start_cache', 'warm_start_cache_max_file_mb': 512, 'warm_start_cache_max_total_gb': 60, 'sdp_max_parallel': 5, 'qaoa_max_parallel': 8, 'sdp_threads': 1, 'qaoa_threads': 4, 'sdp_memory_limit_total_gb': 80, 'sdp_memory_limit_single_gb': 80, 'sdp_memory_poll_seconds': 5, 'sdp_max_retries': 3, 'queue_poll_interval_seconds': 5}, Running QAOA with equal superposition
Benchmark run ID: 0722522c
Benchmark repeat index: 1
SDP seed override: 42
Processor: x86_64
Hostname: dacsgpu0001
Total RAM (GB): None
Physical cores: 64
Logical cores: 64
Python version: 3.11.15
Initialisation time: 0.01 seconds; started at stardate {'initialisation': 0.008040666580200195} and finished at stardate1781744657.6459453
Loaded HOG graph index 151 with 12 edges.
Instance generation for n=151 took 0.01 seconds; started at stardate 1781744657.6459506 and finished at stardate 1781744657.6523025
Running QAOA for n=8 nodes, m=12 edges...; Max iterations: 50
Warm-start: starting SDP solve for n_vertices=8
Warm-start: using configured sdp_seed=42
Starting SDP solve (solver preference: MOSEK, fallback: SCS) for n_vertices=8, matrix_dim=24, edges=12
Finished SDP solve with MOSEK. status=optimal. elapsed_seconds=0.20
Rounding...
Setting seed to 42
n_vertices: 8 for n = 24
Using seed 42 to generate random matrix for x.
Energy of rounded cut/product state: 5.999999994174254
SDP objective value: 11.999999849626132
12 in cut out of a total of 12 edges
Warm-start: SDP solve + rounding finished in 0.23 seconds
Warm-start: built level-1 GP/GW product statevector in 0.00 seconds
Warm-start cache: saved Results/warm_start_cache/triangleFree_connected_4to8vertices_176instances_AdjacencyList__filehash_279b7452/hog_idx000151_dd8e31323ee8_seed42_L1_M1_standard.npz in 0.0164 seconds
Edges: [(2, 7), (1, 6), (4, 7), (2, 6), (0, 7), (3, 5), (4, 6), (1, 5), (4, 5), (3, 7), (2, 5), (3, 6)], weights: [1.0, 1.0, 1.0, 1.0, 1.0, 1.0, 1.0, 1.0, 1.0, 1.0, 1.0, 1.0], set of nodes: {0, 1, 2, 3, 4, 5, 6, 7}, n: 8 nodes, p: 1 layers, N_bayes: 50 iterations
Solving for uuid: e4389e6d
Initial state injected as warm start
Running ADAM optimization with a single iteration (no debug loop)
4.109518204573021
QAOA optimisation for n=151 took 133.85 seconds; started at stardate 1781744657.652306 and finished at stardate 1781744791.498641
Finished QAOA for n=8 nodes, m=12 edges at 2026-06-18 03:06:31 on x86_64. Time taken: 133.85 seconds. Hours: 0.04 hours. Peak RAM: 0.3 MB.
Unknown graph type for approximation ratio calculation; checking misc CSV.
Checking optimal_results_misc.csv for matching edges and weights...
Found matching exact result in misc CSV: 7.428834771071676
CSV writing for n=151 took 0.01 seconds; started at stardate 1781744791.4986484 and finished at stardate 1781744791.5081525
results: {151: 4.109518204573021}
durations: {8: 133.84633922576904}
Results saved to: Results/logs/adam/qaoa_results_adam_20260617_172309_pid3959588.csv
Global end time: 1781744791.5081608
Finalisation time: 0.00 seconds; started at stardate 1781744791.5081549 and finished at stardate 1781744791.508164
Sum of all section times: 133.87 seconds
run_id: 0722522c
