Starting QAOA benchmark with global start time: 1781719509.4236946
Benchmark parameters: {'optimiser': 'adam', 'optimiser_use_heuristic': True, 'heuristic_optimiser_iterations': 2, 'heuristic_optimiser_sampleSize': 1000, 'circuit_type': 'hamqaoa', 'parameter_vector': [1, 1, 1], 'iterations_list': [50], 'learning_rate_adam': 0.05, 'depth_list': [1, 3, 5], 'n_start': None, 'n_end': None, 'singlet_injection': False, 'start_index_singlet': None, 'warm_start': True, 'warm_start_mode': 'standard', 'lasserre_level': 1, 'initial_solver_level_M': 1, 'sdp_seed': 9000042, 'warm_start_corr_strength': None, 'warm_start_corr_repeats': None, 'compare_with_010101': False, 'init_QAOAparams_close_to_zero': False, 'use_correlations_as_initial_params': False, 'time_limit': 10800, 'failed_instance_termination_thrsh': None, 'graph_generation_type': 'hog', 'weighted': False, 'easiest_first': True, 'cpu_util_threshold': None, 'debug': False, 'save_circuit_svg': False, 'rerun_exclude_finished_instances': False, 'optimiser_debug_iterations': None, 'num_repeats': 10, 'relative_graph_adjList_path': 'HOG_graphs/triangleFree_connected_4to8vertices_176instances_AdjacencyList.txt', 'persistent_warm_start_cache': True, 'warm_start_cache_dir': 'Results/warm_start_cache', 'warm_start_cache_max_file_mb': 512, 'warm_start_cache_max_total_gb': 60, 'sdp_max_parallel': 5, 'qaoa_max_parallel': 8, 'sdp_threads': 1, 'qaoa_threads': 4, 'sdp_memory_limit_total_gb': 80, 'sdp_memory_limit_single_gb': 80, 'sdp_memory_poll_seconds': 5, 'sdp_max_retries': 3, 'queue_poll_interval_seconds': 5}, Running QAOA with equal superposition
Benchmark run ID: 6b868235
Benchmark repeat index: 10
SDP seed override: 9000042
Processor: x86_64
Hostname: dacsgpu0001
Total RAM (GB): None
Physical cores: 64
Logical cores: 64
Python version: 3.11.15
Initialisation time: 0.00 seconds; started at stardate {'initialisation': 0.0028183460235595703} and finished at stardate1781719509.4265215
Loaded HOG graph index 51 with 6 edges.
Instance generation for n=51 took 0.00 seconds; started at stardate 1781719509.4265275 and finished at stardate 1781719509.4285336
Running QAOA for n=7 nodes, m=6 edges...; Max iterations: 50
Warm-start: starting SDP solve for n_vertices=7
Warm-start: using configured sdp_seed=9000042
Starting SDP solve (solver preference: MOSEK, fallback: SCS) for n_vertices=7, matrix_dim=21, edges=6
Finished SDP solve with MOSEK. status=optimal. elapsed_seconds=0.08
Rounding...
Setting seed to 9000042
n_vertices: 7 for n = 21
Using seed 9000042 to generate random matrix for x.
Energy of rounded cut/product state: 2.9999999999495324
SDP objective value: 5.99999999986491
6 in cut out of a total of 6 edges
Warm-start: SDP solve + rounding finished in 0.09 seconds
Warm-start: built level-1 GP/GW product statevector in 0.00 seconds
Warm-start cache: saved Results/warm_start_cache/triangleFree_connected_4to8vertices_176instances_AdjacencyList__filehash_279b7452/hog_idx000051_c3300c07e0ef_seed9000042_L1_M1_standard.npz in 0.0044 seconds
Edges: [(1, 6), (0, 4), (2, 6), (3, 5), (5, 6), (4, 5)], weights: [1.0, 1.0, 1.0, 1.0, 1.0, 1.0], set of nodes: {0, 1, 2, 3, 4, 5, 6}, n: 7 nodes, p: 1 layers, N_bayes: 50 iterations
Solving for uuid: 40782f6b
Initial state injected as warm start
Running ADAM optimization with a single iteration (no debug loop)
1.9246298127980133
QAOA optimisation for n=51 took 58.49 seconds; started at stardate 1781719509.4285367 and finished at stardate 1781719567.9225247
Finished QAOA for n=7 nodes, m=6 edges at 2026-06-17 20:06:07 on x86_64. Time taken: 58.49 seconds. Hours: 0.02 hours. Peak RAM: 0.31 MB.
Unknown graph type for approximation ratio calculation; checking misc CSV.
Checking optimal_results_misc.csv for matching edges and weights...
Found matching exact result in misc CSV: 4.2154764567007375
CSV writing for n=51 took 0.00 seconds; started at stardate 1781719567.922532 and finished at stardate 1781719567.925936
results: {51: 1.9246298127980133}
durations: {7: 58.4939923286438}
Results saved to: Results/logs/adam/qaoa_results_adam_20260617_172309_pid3959588.csv
Global end time: 1781719567.9259524
Finalisation time: 0.00 seconds; started at stardate 1781719567.925945 and finished at stardate 1781719567.9259567
Sum of all section times: 58.50 seconds
run_id: 6b868235
