Starting QAOA benchmark with global start time: 1781737193.7260363
Benchmark parameters: {'optimiser': 'adam', 'optimiser_use_heuristic': True, 'heuristic_optimiser_iterations': 2, 'heuristic_optimiser_sampleSize': 1000, 'circuit_type': 'hamqaoa', 'parameter_vector': [1, 1, 1], 'iterations_list': [50], 'learning_rate_adam': 0.05, 'depth_list': [1, 3, 5], 'n_start': None, 'n_end': None, 'singlet_injection': False, 'start_index_singlet': None, 'warm_start': True, 'warm_start_mode': 'standard', 'lasserre_level': 1, 'initial_solver_level_M': 1, 'sdp_seed': 4000042, 'warm_start_corr_strength': None, 'warm_start_corr_repeats': None, 'compare_with_010101': False, 'init_QAOAparams_close_to_zero': False, 'use_correlations_as_initial_params': False, 'time_limit': 10800, 'failed_instance_termination_thrsh': None, 'graph_generation_type': 'hog', 'weighted': False, 'easiest_first': True, 'cpu_util_threshold': None, 'debug': False, 'save_circuit_svg': False, 'rerun_exclude_finished_instances': False, 'optimiser_debug_iterations': None, 'num_repeats': 10, 'relative_graph_adjList_path': 'HOG_graphs/triangleFree_connected_4to8vertices_176instances_AdjacencyList.txt', 'persistent_warm_start_cache': True, 'warm_start_cache_dir': 'Results/warm_start_cache', 'warm_start_cache_max_file_mb': 512, 'warm_start_cache_max_total_gb': 60, 'sdp_max_parallel': 5, 'qaoa_max_parallel': 8, 'sdp_threads': 1, 'qaoa_threads': 4, 'sdp_memory_limit_total_gb': 80, 'sdp_memory_limit_single_gb': 80, 'sdp_memory_poll_seconds': 5, 'sdp_max_retries': 3, 'queue_poll_interval_seconds': 5}, Running QAOA with equal superposition
Benchmark run ID: 76384b50
Benchmark repeat index: 5
SDP seed override: 4000042
Processor: x86_64
Hostname: dacsgpu0001
Total RAM (GB): None
Physical cores: 64
Logical cores: 64
Python version: 3.11.15
Initialisation time: 0.01 seconds; started at stardate {'initialisation': 0.005517005920410156} and finished at stardate1781737193.7315671
Loaded HOG graph index 124 with 9 edges.
Instance generation for n=124 took 0.00 seconds; started at stardate 1781737193.7315755 and finished at stardate 1781737193.7364976
Running QAOA for n=8 nodes, m=9 edges...; Max iterations: 50
Warm-start: starting SDP solve for n_vertices=8
Warm-start: using configured sdp_seed=4000042
Starting SDP solve (solver preference: MOSEK, fallback: SCS) for n_vertices=8, matrix_dim=24, edges=9
Finished SDP solve with MOSEK. status=optimal. elapsed_seconds=0.12
Rounding...
Setting seed to 4000042
n_vertices: 8 for n = 24
Using seed 4000042 to generate random matrix for x.
Energy of rounded cut/product state: 4.49999999869657
SDP objective value: 8.999999968584843
9 in cut out of a total of 9 edges
Warm-start: SDP solve + rounding finished in 0.13 seconds
Warm-start: built level-1 GP/GW product statevector in 0.00 seconds
Warm-start cache: saved Results/warm_start_cache/triangleFree_connected_4to8vertices_176instances_AdjacencyList__filehash_279b7452/hog_idx000124_ed7aa132b384_seed4000042_L1_M1_standard.npz in 0.0047 seconds
Edges: [(2, 7), (0, 1), (2, 3), (0, 4), (5, 7), (4, 6), (1, 5), (3, 6), (6, 7)], weights: [1.0, 1.0, 1.0, 1.0, 1.0, 1.0, 1.0, 1.0, 1.0], set of nodes: {0, 1, 2, 3, 4, 5, 6, 7}, n: 8 nodes, p: 1 layers, N_bayes: 50 iterations
Solving for uuid: f0d4fd1f
Initial state injected as warm start
Running ADAM optimization with a single iteration (no debug loop)
3.9725008897250915
QAOA optimisation for n=124 took 81.68 seconds; started at stardate 1781737193.7365017 and finished at stardate 1781737275.4186678
Finished QAOA for n=8 nodes, m=9 edges at 2026-06-18 01:01:15 on x86_64. Time taken: 81.68 seconds. Hours: 0.02 hours. Peak RAM: 0.29 MB.
Unknown graph type for approximation ratio calculation; checking misc CSV.
Checking optimal_results_misc.csv for matching edges and weights...
Found matching exact result in misc CSV: 6.195892231841947
CSV writing for n=124 took 0.00 seconds; started at stardate 1781737275.4186757 and finished at stardate 1781737275.4235759
results: {124: 3.9725008897250915}
durations: {8: 81.68217086791992}
Results saved to: Results/logs/adam/qaoa_results_adam_20260617_172309_pid3959588.csv
Global end time: 1781737275.4235857
Finalisation time: 0.00 seconds; started at stardate 1781737275.4235787 and finished at stardate 1781737275.4235892
Sum of all section times: 81.70 seconds
run_id: 76384b50
