Starting QAOA benchmark with global start time: 1784103268.9233046
Benchmark parameters: {'optimiser': 'adam', 'optimiser_use_heuristic': True, 'heuristic_optimiser_iterations': 2, 'heuristic_optimiser_sampleSize': 1000, 'circuit_type': 'hamqaoa', 'parameter_vector': [1, 1, 1], 'iterations_list': [5, 10, 25, 50], 'learning_rate_adam': 0.05, 'depth_list': [1, 2, 3], 'n_start': None, 'n_end': None, 'singlet_injection': False, 'start_index_singlet': None, 'warm_start': True, 'warm_start_mode': 'standard', 'lasserre_level': 1, 'initial_solver_level_M': 1, 'sdp_seed': 42, 'sdp_solver_mode': 'scs', 'sdp_scs_eps': 1e-06, 'sdp_scs_max_iters': 100000, 'warm_start_corr_strength': None, 'warm_start_corr_repeats': None, 'compare_with_010101': False, 'init_QAOAparams_close_to_zero': False, 'use_correlations_as_initial_params': False, 'time_limit': None, 'failed_instance_termination_thrsh': None, 'graph_generation_type': 'hog', 'weighted': False, 'easiest_first': True, 'cpu_util_threshold': None, 'debug': False, 'save_circuit_svg': False, 'rerun_exclude_finished_instances': True, 'warm_start_cache_producer_only': False, 'qaoa_only_from_existing_warm_start_cache': True, 'optimiser_debug_iterations': None, 'num_repeats': 1, 'relative_graph_adjList_path': 'HOG_graphs/3regular_connected_74instances.txt', 'persistent_warm_start_cache': True, 'warm_start_cache_dir': 'Results/warm_start_cache/experiment_3', 'warm_start_cache_max_file_mb': 512, 'warm_start_cache_max_total_gb': 60, 'sdp_max_parallel': 0, 'qaoa_max_parallel': 32, 'sdp_threads': 1, 'qaoa_threads': 1, 'sdp_memory_limit_total_gb': 250, 'sdp_memory_limit_single_gb': 250, 'sdp_memory_poll_seconds': 5, 'sdp_max_retries': 3, 'queue_poll_interval_seconds': 5}, Running QAOA with equal superposition
Benchmark run ID: 4f02e8d8
Benchmark repeat index: 1
SDP seed override: 42
Processor: x86_64
Hostname: dacsgpu0002
Total RAM (GB): None
Physical cores: 64
Logical cores: 64
Python version: 3.11.15
Initialisation time: 0.01 seconds; started at stardate {'initialisation': 0.011416912078857422} and finished at stardate1784103268.9347355
Loaded HOG graph index 15 with 11 edges.
Instance generation for n=15 took 0.00 seconds; started at stardate 1784103268.934744 and finished at stardate 1784103268.9374633
Running QAOA for n=6 nodes, m=11 edges...; Max iterations: 25
Warm-start cache: loading Results/warm_start_cache/experiment_3/3regular_connected_74instances__filehash_688b5b4e/hog_idx000015_97717e7fe5fd_seed42_L1_M1_amplified.npz
Warm-start cache: loaded in 0.0066 seconds; effective compute time=0.07739734649658203
Edges: [(0, 1), (2, 3), (3, 5), (0, 3), (3, 4), (1, 5), (4, 5), (2, 5), (1, 4), (0, 2), (2, 4)], weights: [1.0, 1.0, 1.0, 1.0, 1.0, 1.0, 1.0, 1.0, 1.0, 1.0, 1.0], set of nodes: {0, 1, 2, 3, 4, 5}, n: 6 nodes, p: 1 layers, N_bayes: 25 iterations
Solving for uuid: 3ef8ab09
Initial state injected as warm start
Running ADAM optimization with a single iteration (no debug loop)
3.337802043411733
QAOA optimisation for n=15 took 147.03 seconds; started at stardate 1784103268.9374676 and finished at stardate 1784103415.9709785
Finished QAOA for n=6 nodes, m=11 edges at 2026-07-15 10:16:55 on x86_64. Time taken: 147.03 seconds. Hours: 0.04 hours. Peak RAM: 0.22 MB.
Unknown graph type for approximation ratio calculation; checking misc CSV.
Checking optimal_results_misc.csv for matching edges and weights...
Found matching exact result in misc CSV: 6.000000000000002
CSV writing for n=15 took 0.01 seconds; started at stardate 1784103415.9709888 and finished at stardate 1784103415.977302
results: {15: 3.337802043411733}
durations: {6: 147.03351616859436}
Results saved to: Results/logs/adam/qaoa_results_adam_20260715_091319_pid4033065.csv
Global end time: 1784103415.9773169
Finalisation time: 0.00 seconds; started at stardate 1784103415.9773064 and finished at stardate 1784103415.9773216
Sum of all section times: 147.05 seconds
run_id: 4f02e8d8
