Starting QAOA benchmark with global start time: 1784105324.7689214
Benchmark parameters: {'optimiser': 'adam', 'optimiser_use_heuristic': True, 'heuristic_optimiser_iterations': 2, 'heuristic_optimiser_sampleSize': 1000, 'circuit_type': 'hamqaoa', 'parameter_vector': [1, 1, 1], 'iterations_list': [5, 10, 25, 50], 'learning_rate_adam': 0.05, 'depth_list': [1, 2, 3], 'n_start': None, 'n_end': None, 'singlet_injection': False, 'start_index_singlet': None, 'warm_start': True, 'warm_start_mode': 'standard', 'lasserre_level': 1, 'initial_solver_level_M': 1, 'sdp_seed': 42, 'sdp_solver_mode': 'scs', 'sdp_scs_eps': 1e-06, 'sdp_scs_max_iters': 100000, 'warm_start_corr_strength': None, 'warm_start_corr_repeats': None, 'compare_with_010101': False, 'init_QAOAparams_close_to_zero': False, 'use_correlations_as_initial_params': False, 'time_limit': None, 'failed_instance_termination_thrsh': None, 'graph_generation_type': 'hog', 'weighted': False, 'easiest_first': True, 'cpu_util_threshold': None, 'debug': False, 'save_circuit_svg': False, 'rerun_exclude_finished_instances': True, 'warm_start_cache_producer_only': False, 'qaoa_only_from_existing_warm_start_cache': True, 'optimiser_debug_iterations': None, 'num_repeats': 1, 'relative_graph_adjList_path': 'HOG_graphs/3regular_connected_74instances.txt', 'persistent_warm_start_cache': True, 'warm_start_cache_dir': 'Results/warm_start_cache/experiment_3', 'warm_start_cache_max_file_mb': 512, 'warm_start_cache_max_total_gb': 60, 'sdp_max_parallel': 0, 'qaoa_max_parallel': 32, 'sdp_threads': 1, 'qaoa_threads': 1, 'sdp_memory_limit_total_gb': 250, 'sdp_memory_limit_single_gb': 250, 'sdp_memory_poll_seconds': 5, 'sdp_max_retries': 3, 'queue_poll_interval_seconds': 5}, Running QAOA with equal superposition
Benchmark run ID: d4fba586
Benchmark repeat index: 1
SDP seed override: 42
Processor: x86_64
Hostname: dacsgpu0002
Total RAM (GB): None
Physical cores: 64
Logical cores: 64
Python version: 3.11.15
Initialisation time: 0.00 seconds; started at stardate {'initialisation': 0.0041484832763671875} and finished at stardate1784105324.773077
Loaded HOG graph index 23 with 17 edges.
Instance generation for n=23 took 0.00 seconds; started at stardate 1784105324.7730823 and finished at stardate 1784105324.7755783
Running QAOA for n=8 nodes, m=17 edges...; Max iterations: 10
Warm-start cache: loading Results/warm_start_cache/experiment_3/3regular_connected_74instances__filehash_688b5b4e/hog_idx000023_1ae2dc343611_seed42_L1_M1_amplified.npz
Warm-start cache: loaded in 0.0016 seconds; effective compute time=0.11098790168762207
Edges: [(2, 7), (0, 1), (2, 3), (1, 6), (0, 4), (4, 7), (2, 6), (5, 7), (0, 7), (0, 6), (3, 4), (1, 5), (4, 5), (3, 7), (2, 5), (3, 6), (1, 7)], weights: [1.0, 1.0, 1.0, 1.0, 1.0, 1.0, 1.0, 1.0, 1.0, 1.0, 1.0, 1.0, 1.0, 1.0, 1.0, 1.0, 1.0], set of nodes: {0, 1, 2, 3, 4, 5, 6, 7}, n: 8 nodes, p: 2 layers, N_bayes: 10 iterations
Solving for uuid: dff2df9e
Initial state injected as warm start
Running ADAM optimization with a single iteration (no debug loop)
6.013525347700289
QAOA optimisation for n=23 took 395.36 seconds; started at stardate 1784105324.7755816 and finished at stardate 1784105720.1327693
Finished QAOA for n=8 nodes, m=17 edges at 2026-07-15 10:55:20 on x86_64. Time taken: 395.36 seconds. Hours: 0.11 hours. Peak RAM: 0.25 MB.
Unknown graph type for approximation ratio calculation; checking misc CSV.
Checking optimal_results_misc.csv for matching edges and weights...
Found matching exact result in misc CSV: 8.56532429344029
CSV writing for n=23 took 0.01 seconds; started at stardate 1784105720.1327782 and finished at stardate 1784105720.139567
results: {23: 6.013525347700289}
durations: {8: 395.3571925163269}
Results saved to: Results/logs/adam/qaoa_results_adam_20260715_091319_pid4033065.csv
Global end time: 1784105720.1395822
Finalisation time: 0.00 seconds; started at stardate 1784105720.1395714 and finished at stardate 1784105720.139587
Sum of all section times: 395.37 seconds
run_id: d4fba586
