Starting QAOA benchmark with global start time: 1788396421.5925915
Benchmark parameters: {'optimiser': 'adam', 'optimiser_use_heuristic': None, 'heuristic_optimiser_iterations': None, 'heuristic_optimiser_sampleSize': None, 'circuit_type': 'hamqaoa', 'parameter_vector': [1, 1, 1], 'iterations_list': [75], 'learning_rate_adam': None, 'depth_list': [1], 'n_start': None, 'n_end': None, 'singlet_injection': False, 'start_index_singlet': None, 'warm_start': True, 'warm_start_mode': 'amplified', 'lasserre_level': 2, 'initial_solver_level_M': 2, 'sdp_seed': 42, 'sdp_solver_mode': 'scs', 'sdp_scs_eps': 1e-06, 'sdp_scs_max_iters': 100000, 'warm_start_corr_strength': None, 'warm_start_corr_repeats': None, 'compare_with_010101': False, 'init_QAOAparams_close_to_zero': False, 'use_correlations_as_initial_params': False, 'time_limit': None, 'failed_instance_termination_thrsh': None, 'graph_generation_type': 'hog', 'weighted': False, 'easiest_first': False, 'cpu_util_threshold': None, 'debug': False, 'save_circuit_svg': False, 'rerun_exclude_finished_instances': True, 'warm_start_cache_producer_only': True, 'qaoa_only_from_existing_warm_start_cache': False, 'optimiser_debug_iterations': None, 'num_repeats': 1, 'relative_graph_adjList_path': 'HOG_graphs/Exp5/list_388_graphs_adjacency_list_hog_v04-12_regular.txt', 'persistent_warm_start_cache': True, 'warm_start_cache_dir': 'Results/warm_start_cache', 'warm_start_cache_max_file_mb': 512, 'warm_start_cache_max_total_gb': 60, 'sdp_max_parallel': 32, 'qaoa_max_parallel': 0, 'sdp_threads': 1, 'qaoa_threads': 1, 'sdp_memory_limit_total_gb': 250, 'sdp_memory_limit_single_gb': 100, 'sdp_memory_poll_seconds': 5, 'sdp_max_retries': 3, 'queue_poll_interval_seconds': 5, 'max_graph_vertices': 10, 'completed_result_csv_paths': [], 'qaoa_seed': 42, 'initialise_standard_warm_start_with_zero_angles': False, 'result_name_suffix': '_Exp8_standardZeroAngles_v3', 'algorithm17_beta_mode': 'analytic_instance'}, Running QAOA with equal superposition
Benchmark run ID: 22ad330d
Benchmark repeat index: 1
Configured SDP rounding seed: 42
QAOA seed used: 42
Processor: x86_64
Hostname: dacsgpu0003
Total RAM (GB): None
Physical cores: 64
Logical cores: 64
Python version: 3.11.15
Initialisation time: 0.01 seconds; started at stardate {'initialisation': 0.012176275253295898} and finished at stardate1788396421.6047838
Loaded HOG graph index 281 with 20 edges.
Instance generation for n=281 took 0.11 seconds; started at stardate 1788396421.6047933 and finished at stardate 1788396421.719237
Running QAOA for n=10 nodes, m=20 edges...; Max iterations: 75
Warm-start: starting SDP solve for n_vertices=10
Warm-start: using configured sdp_seed=42
Using SCS solver for SDP with eps=1e-06, max_iters=100000.
SDP solver status: optimal
SDP solver name: SCS
SDP solver iterations: 825
SDP solve time: 70.848989546
SDP extra stats: {'x': array([1.00000000e+00, 7.43866624e-13, 7.84400626e-14, ...,
       1.00000000e+00, 3.40917232e-18, 1.00000000e+00], shape=(95266,)), 'y': array([ 3.01259280e-02,  1.24785333e-02,  1.24785333e-02, ...,
        7.09377263e-03, -5.67468046e-14,  7.86498670e-02], shape=(265112,)), 's': array([ 0.00000000e+00,  0.00000000e+00,  0.00000000e+00, ...,
        1.00000000e+00, -6.24728881e-16,  9.99999988e-01], shape=(265112,)), 'info': {'status_val': 1, 'iter': 825, 'scale_updates': 2, 'scale': 2.0250511878199955, 'pobj': -11.424668474807552, 'dobj': -11.424668889344078, 'res_pri': 1.640183256494211e-06, 'res_dual': 5.16160192096416e-07, 'gap': 4.145365259944356e-07, 'res_infeas': nan, 'res_unbdd_a': 0.08752989220324155, 'res_unbdd_p': 0.0, 'comp_slack': 1.3721823677315115e-10, 'solve_time': 70848.989546, 'setup_time': 231.486829, 'lin_sys_time': 4542.761971000004, 'cone_time': 64370.76923499997, 'accel_time': 357.9545110000007, 'rejected_accel_steps': 5, 'accepted_accel_steps': 2, 'status': 'solved'}}
Rounding...
Setting seed to 42
n_vertices: 10 for n = 30
Using seed 42 to generate random matrix for x.
Energy of rounded cut/product state: 14.836588724117355
Algorithm 17 instance beta optimisation selected beta_star=0.0783990779089 in 0.033565 seconds.
Algorithm 17 analytical F-bound is not applicable because the graph is not triangle-free.
Algorithm 17 actual entangled-state energy: 14.914630941142383
SDP objective value: 21.424668474807557
16 in cut out of a total of 20 edges
Warm-start: SDP solve + rounding finished in 6799.71 seconds
Warm-start: using level-2 Algorithm 17 entangled statevector with shape (1024,)
Warm-start cache: moment matrix before save shape=(436, 436), dtype=float64, entries=190096, bytes=1520768 (1.45 MiB)
Warm-start cache: saved Results/warm_start_cache/list_388_graphs_adjacency_list_hog_v04-12_regular__filehash_5b7f8d46/hog_idx000281_e67acf226ef2_seed42_L2_M2_betaanalytic_instance_amplified.npz in 0.0171 seconds
WARM_START_CACHE_PRODUCER_ONLY is set; warm-start cache has been produced/loaded. Exiting before QAOA optimisation.
