Starting QAOA benchmark with global start time: 1784800360.3400395
Benchmark parameters: {'optimiser': 'adam', 'optimiser_use_heuristic': True, 'heuristic_optimiser_iterations': 1, 'heuristic_optimiser_sampleSize': 50, 'circuit_type': 'hamqaoa', 'parameter_vector': [1, 1, 1], 'iterations_list': [5, 10, 25, 50], 'learning_rate_adam': 0.05, 'depth_list': [1, 2], 'n_start': None, 'n_end': 44, 'singlet_injection': False, 'start_index_singlet': None, 'warm_start': True, 'warm_start_mode': 'standard', 'lasserre_level': 2, 'initial_solver_level_M': 2, 'sdp_seed': 42, 'sdp_solver_mode': 'scs', 'sdp_scs_eps': 1e-06, 'sdp_scs_max_iters': 100000, 'warm_start_corr_strength': None, 'warm_start_corr_repeats': None, 'compare_with_010101': False, 'init_QAOAparams_close_to_zero': False, 'use_correlations_as_initial_params': False, 'time_limit': None, 'failed_instance_termination_thrsh': None, 'graph_generation_type': 'hog', 'weighted': False, 'easiest_first': True, 'cpu_util_threshold': None, 'debug': False, 'save_circuit_svg': False, 'rerun_exclude_finished_instances': False, 'warm_start_cache_producer_only': False, 'qaoa_only_from_existing_warm_start_cache': True, 'optimiser_debug_iterations': None, 'num_repeats': 1, 'relative_graph_adjList_path': 'HOG_graphs/random_graphs_8to14vertices_78instances_20260625_143415_AdjacencyList.txt', 'persistent_warm_start_cache': True, 'warm_start_cache_dir': 'Results/warm_start_cache/experiment_3', 'warm_start_cache_max_file_mb': 512, 'warm_start_cache_max_total_gb': 60, 'sdp_max_parallel': 0, 'qaoa_max_parallel': 32, 'sdp_threads': 1, 'qaoa_threads': 1, 'sdp_memory_limit_total_gb': 100, 'sdp_memory_limit_single_gb': 100, 'sdp_memory_poll_seconds': 5, 'sdp_max_retries': 3, 'queue_poll_interval_seconds': 5}, Running QAOA with equal superposition
Benchmark run ID: 7cca4c97
Benchmark repeat index: 1
SDP seed override: 42
Processor: x86_64
Hostname: dacsgpu0002
Total RAM (GB): None
Physical cores: 64
Logical cores: 64
Python version: 3.11.15
Initialisation time: 0.03 seconds; started at stardate {'initialisation': 0.030330181121826172} and finished at stardate1784800360.3703947
Loaded HOG graph index 42 with 33 edges.
Instance generation for n=42 took 0.00 seconds; started at stardate 1784800360.370404 and finished at stardate 1784800360.3739347
Running QAOA for n=11 nodes, m=33 edges...; Max iterations: 50
Warm-start cache: loading Results/warm_start_cache/experiment_3/random_graphs_8to14vertices_78instances_20260625_143415_AdjacencyList__filehash_a79662a0/hog_idx000042_1f0e337be952_seed42_L2_M2_amplified.npz
Warm-start cache: loaded in 0.0432 seconds; effective compute time=16677.071393966675
Edges: [(2, 3), (3, 5), (4, 6), (7, 8), (8, 10), (1, 4), (1, 10), (0, 2), (0, 8), (6, 9), (5, 7), (3, 4), (3, 7), (4, 8), (8, 9), (1, 3), (0, 1), (9, 10), (0, 10), (1, 9), (0, 7), (6, 8), (5, 6), (5, 9), (3, 6), (2, 4), (2, 10), (2, 7), (4, 7), (0, 3), (1, 2), (5, 8), (6, 7)], weights: [1.0, 1.0, 1.0, 1.0, 1.0, 1.0, 1.0, 1.0, 1.0, 1.0, 1.0, 1.0, 1.0, 1.0, 1.0, 1.0, 1.0, 1.0, 1.0, 1.0, 1.0, 1.0, 1.0, 1.0, 1.0, 1.0, 1.0, 1.0, 1.0, 1.0, 1.0, 1.0, 1.0], set of nodes: {0, 1, 2, 3, 4, 5, 6, 7, 8, 9, 10}, n: 11 nodes, p: 2 layers, N_bayes: 50 iterations
Solving for uuid: a8769a69
Initial state injected as warm start
Running ADAM optimization with a single iteration (no debug loop)
19.992543411700026
QAOA optimisation for n=42 took 1405.13 seconds; started at stardate 1784800360.37394 and finished at stardate 1784801765.507415
Finished QAOA for n=11 nodes, m=33 edges at 2026-07-23 12:16:05 on x86_64. Time taken: 1405.13 seconds. Hours: 0.39 hours. Peak RAM: 2.0 MB.
Unknown graph type for approximation ratio calculation; checking misc CSV.
Checking optimal_results_misc.csv for matching edges and weights...
Found matching exact result in misc CSV: 13.965647609088416
CSV writing for n=42 took 0.01 seconds; started at stardate 1784801765.507425 and finished at stardate 1784801765.519824
results: {42: 19.992543411700026}
durations: {11: 1405.1334817409515}
Results saved to: Results/logs/adam/qaoa_results_adam_20260723_102839_pid3527770.csv
Global end time: 1784801765.519839
Finalisation time: 0.00 seconds; started at stardate 1784801765.51983 and finished at stardate 1784801765.5198436
Sum of all section times: 1405.18 seconds
run_id: 7cca4c97
