Starting QAOA benchmark with global start time: 1785769969.3151069
Benchmark parameters: {'optimiser': 'adam', 'optimiser_use_heuristic': False, 'heuristic_optimiser_iterations': None, 'heuristic_optimiser_sampleSize': None, 'circuit_type': 'hamqaoa', 'parameter_vector': [1, 1, 1], 'iterations_list': [50], 'learning_rate_adam': 0.001, 'depth_list': [1, 2, 3], 'n_start': None, 'n_end': None, 'singlet_injection': False, 'start_index_singlet': None, 'warm_start': True, 'warm_start_mode': 'standard', 'lasserre_level': 2, 'initial_solver_level_M': 1, 'sdp_seed': None, 'sdp_solver_mode': 'scs', 'sdp_scs_eps': 1e-06, 'sdp_scs_max_iters': 100000, 'warm_start_corr_strength': None, 'warm_start_corr_repeats': None, 'compare_with_010101': False, 'init_QAOAparams_close_to_zero': False, 'use_correlations_as_initial_params': False, 'time_limit': None, 'failed_instance_termination_thrsh': None, 'graph_generation_type': 'hog', 'weighted': False, 'easiest_first': False, 'cpu_util_threshold': None, 'debug': False, 'save_circuit_svg': False, 'rerun_exclude_finished_instances': True, 'warm_start_cache_producer_only': False, 'qaoa_only_from_existing_warm_start_cache': True, 'optimiser_debug_iterations': None, 'num_repeats': 1, 'relative_graph_adjList_path': 'HOG_graphs/Exp5/cycle_graphs_3to12vertices_10instances_AdjacencyList.txt', 'persistent_warm_start_cache': True, 'warm_start_cache_dir': 'Results/warm_start_cache', 'warm_start_cache_max_file_mb': 512, 'warm_start_cache_max_total_gb': 60, 'sdp_max_parallel': 0, 'qaoa_max_parallel': 32, 'sdp_threads': 1, 'qaoa_threads': 1, 'sdp_memory_limit_total_gb': 0, 'sdp_memory_limit_single_gb': 0, 'sdp_memory_poll_seconds': 5, 'sdp_max_retries': 0, 'queue_poll_interval_seconds': 5, 'completed_result_csv_paths': [], 'initialise_standard_warm_start_with_zero_angles': True, 'result_name_suffix': '_Exp5_subexp1_zeroAngles'}, Running QAOA with equal superposition
Benchmark run ID: 52218941
Benchmark repeat index: 1
SDP seed override: None
Processor: x86_64
Hostname: dacsgpu0002
Total RAM (GB): None
Physical cores: 64
Logical cores: 64
Python version: 3.11.15
Initialisation time: 0.00 seconds; started at stardate {'initialisation': 0.0034399032592773438} and finished at stardate1785769969.3185527
Loaded HOG graph index 1 with 4 edges.
Instance generation for n=1 took 0.00 seconds; started at stardate 1785769969.3185575 and finished at stardate 1785769969.3190758
Running QAOA for n=4 nodes, m=4 edges...; Max iterations: 50
Warm-start cache: loading Results/warm_start_cache/cycle_graphs_3to12vertices_10instances_AdjacencyList__filehash_1a582721/hog_idx000001_39af675d2bf7_noseed_L2_M1_standard.npz
Warm-start cache: loaded in 0.0013 seconds; effective compute time=0.10292458534240723
Edges: [(1, 2), (0, 1), (2, 3), (0, 3)], weights: [1.0, 1.0, 1.0, 1.0], set of nodes: {0, 1, 2, 3}, n: 4 nodes, p: 3 layers, N_bayes: 50 iterations
Solving for uuid: ad589a5b
Initial state injected as warm start
Running ADAM optimization with a single iteration (no debug loop)
4.56027182052647
QAOA optimisation for n=1 took 4.03 seconds; started at stardate 1785769969.3190796 and finished at stardate 1785769973.3523633
Finished QAOA for n=4 nodes, m=4 edges at 2026-08-03 17:12:53 on x86_64. Time taken: 4.03 seconds. Hours: 0.00 hours. Peak RAM: 0.22 MB.
Computing cycle approximation ratio
CSV writing for n=1 took 0.01 seconds; started at stardate 1785769973.3523736 and finished at stardate 1785769973.3598855
results: {1: 4.56027182052647}
durations: {4: 4.033289194107056}
Results saved to: Results/logs/adam/qaoa_results_adam_20260803_171244_pid1247155_Exp5_subexp1_zeroAngles.csv
Global end time: 1785769973.3599002
Finalisation time: 0.00 seconds; started at stardate 1785769973.359891 and finished at stardate 1785769973.3599045
Sum of all section times: 4.04 seconds
run_id: 52218941
