Starting QAOA benchmark with global start time: 1788317335.5698366
Benchmark parameters: {'optimiser': 'adam', 'optimiser_use_heuristic': None, 'heuristic_optimiser_iterations': None, 'heuristic_optimiser_sampleSize': None, 'circuit_type': 'hamqaoa', 'parameter_vector': [1, 1, 1], 'iterations_list': [75], 'learning_rate_adam': None, 'depth_list': [1], 'n_start': None, 'n_end': None, 'singlet_injection': False, 'start_index_singlet': None, 'warm_start': True, 'warm_start_mode': 'amplified', 'lasserre_level': 2, 'initial_solver_level_M': 2, 'sdp_seed': 42, 'algorithm17_num_seeds': 4, 'algorithm17_seed_start': 43, 'sdp_solver_mode': 'scs', 'sdp_scs_eps': 1e-07, 'sdp_scs_max_iters': 100000, 'warm_start_corr_strength': None, 'warm_start_corr_repeats': None, 'compare_with_010101': False, 'init_QAOAparams_close_to_zero': False, 'use_correlations_as_initial_params': False, 'time_limit': None, 'failed_instance_termination_thrsh': None, 'graph_generation_type': 'hog', 'weighted': False, 'easiest_first': False, 'cpu_util_threshold': None, 'debug': False, 'save_circuit_svg': False, 'rerun_exclude_finished_instances': True, 'warm_start_cache_producer_only': True, 'qaoa_only_from_existing_warm_start_cache': False, 'optimiser_debug_iterations': None, 'num_repeats': 1, 'relative_graph_adjList_path': 'HOG_graphs/triangleFree_connected_4to15vertices_829instances_AdjacencyList.txt', 'persistent_warm_start_cache': True, 'warm_start_cache_dir': 'Results/warm_start_cache_experiments/Exp4b_tf829_upto10_L2M2_kbest4_gpseed42_alg17start43', 'warm_start_cache_max_file_mb': 512, 'warm_start_cache_max_total_gb': 200, 'sdp_max_parallel': 32, 'qaoa_max_parallel': 0, 'sdp_threads': 1, 'qaoa_threads': 1, 'sdp_memory_limit_total_gb': 250, 'sdp_memory_limit_single_gb': 100, 'sdp_memory_poll_seconds': 5, 'sdp_max_retries': 3, 'queue_poll_interval_seconds': 5, 'max_graph_vertices': 10, 'completed_result_csv_paths': [], 'qaoa_seed': 1, 'initialise_standard_warm_start_with_zero_angles': False, 'result_name_suffix': '_Exp4b_tf829_upto10_L2M2_kbest4_gpseed42_alg17start43'}, Running QAOA with equal superposition
Benchmark run ID: 5d6cf21a
Benchmark repeat index: 1
Configured SDP rounding seed: 42
QAOA seed used: 1
Processor: x86_64
Hostname: dacsvm-cpunode01
Total RAM (GB): None
Physical cores: 32
Logical cores: 32
Python version: 3.11.15
Initialisation time: 0.00 seconds; started at stardate {'initialisation': 0.004832029342651367} and finished at stardate1788317335.5746748
Loaded HOG graph index 624 with 13 edges.
Instance generation for n=624 took 0.06 seconds; started at stardate 1788317335.5746799 and finished at stardate 1788317335.6348338
Running QAOA for n=10 nodes, m=13 edges...; Max iterations: 75
Warm-start: starting SDP solve for n_vertices=10
Warm-start: using configured sdp_seed=42
Using SCS solver for SDP with eps=1e-07, max_iters=100000.
SDP solver status: optimal
SDP solver name: SCS
SDP solver iterations: 3600
SDP solve time: 196.835905747
SDP extra stats: {'x': array([ 1.00000000e+00, -1.73417002e-12,  2.43588223e-12, ...,
        1.00000000e+00,  2.06914017e-14,  1.00000000e+00], shape=(95266,)), 'y': array([ 2.73297486e-02,  1.13203543e-02,  1.13203542e-02, ...,
        1.60283469e-02, -1.79827683e-13,  8.73112822e-02], shape=(265112,)), 's': array([ 0.00000000e+00,  0.00000000e+00,  0.00000000e+00, ...,
        1.00000000e+00, -1.56462135e-11,  9.99999995e-01], shape=(265112,)), 'info': {'status_val': 1, 'iter': 3600, 'scale_updates': 6, 'scale': 0.5571493809417044, 'pobj': -10.815346283027772, 'dobj': -10.815346301487187, 'res_pri': 1.868218783225243e-08, 'res_dual': 6.8472549424185425e-09, 'gap': 1.8459415329630247e-08, 'res_infeas': nan, 'res_unbdd_a': 0.0924612096400541, 'res_unbdd_p': 0.0, 'comp_slack': 6.841460731266125e-11, 'solve_time': 196835.905747, 'setup_time': 148.669263, 'lin_sys_time': 14012.481435999967, 'cone_time': 177587.4451310001, 'accel_time': 1068.383823999997, 'rejected_accel_steps': 28, 'accepted_accel_steps': 4, 'status': 'solved'}}
Rounding...
Setting seed to 42
n_vertices: 10 for n = 30
Using seed 42 to generate random matrix for x.
Energy of rounded cut/product state: 10.61029730612328
Algorithm 17 lower-bound energy: 10.13005515320983
Algorithm 17 actual entangled-state energy: 11.632615248175512
SDP objective value: 17.31534628302777
9 in cut out of a total of 13 edges
Warm-start: SDP solve + rounding finished in 4329.01 seconds
Warm-start: using level-2 Algorithm 17 entangled statevector with shape (1024,)
Warm-start cache: moment matrix before save shape=(436, 436), dtype=float64, entries=190096, bytes=1520768 (1.45 MiB)
Warm-start cache: saved Results/warm_start_cache_experiments/Exp4b_tf829_upto10_L2M2_kbest4_gpseed42_alg17start43/triangleFree_connected_4to15vertices_829instances_AdjacencyList__filehash_af0e2099/hog_idx000624_a689fa1d1619_seed42_L2_M2_amplified.npz in 0.0276 seconds
WARM_START_CACHE_PRODUCER_ONLY is set; warm-start cache has been produced/loaded. Exiting before QAOA optimisation.
