Starting QAOA benchmark with global start time: 1788329531.155928
Benchmark parameters: {'optimiser': 'adam', 'optimiser_use_heuristic': None, 'heuristic_optimiser_iterations': None, 'heuristic_optimiser_sampleSize': None, 'circuit_type': 'hamqaoa', 'parameter_vector': [1, 1, 1], 'iterations_list': [75], 'learning_rate_adam': None, 'depth_list': [1], 'n_start': None, 'n_end': None, 'singlet_injection': False, 'start_index_singlet': None, 'warm_start': True, 'warm_start_mode': 'amplified', 'lasserre_level': 2, 'initial_solver_level_M': 2, 'sdp_seed': 42, 'algorithm17_num_seeds': 4, 'algorithm17_seed_start': 43, 'sdp_solver_mode': 'scs', 'sdp_scs_eps': 1e-07, 'sdp_scs_max_iters': 100000, 'warm_start_corr_strength': None, 'warm_start_corr_repeats': None, 'compare_with_010101': False, 'init_QAOAparams_close_to_zero': False, 'use_correlations_as_initial_params': False, 'time_limit': None, 'failed_instance_termination_thrsh': None, 'graph_generation_type': 'hog', 'weighted': False, 'easiest_first': False, 'cpu_util_threshold': None, 'debug': False, 'save_circuit_svg': False, 'rerun_exclude_finished_instances': True, 'warm_start_cache_producer_only': True, 'qaoa_only_from_existing_warm_start_cache': False, 'optimiser_debug_iterations': None, 'num_repeats': 1, 'relative_graph_adjList_path': 'HOG_graphs/triangleFree_connected_4to15vertices_829instances_AdjacencyList.txt', 'persistent_warm_start_cache': True, 'warm_start_cache_dir': 'Results/warm_start_cache_experiments/Exp4b_tf829_upto10_L2M2_kbest4_gpseed42_alg17start43', 'warm_start_cache_max_file_mb': 512, 'warm_start_cache_max_total_gb': 200, 'sdp_max_parallel': 32, 'qaoa_max_parallel': 0, 'sdp_threads': 1, 'qaoa_threads': 1, 'sdp_memory_limit_total_gb': 250, 'sdp_memory_limit_single_gb': 100, 'sdp_memory_poll_seconds': 5, 'sdp_max_retries': 3, 'queue_poll_interval_seconds': 5, 'max_graph_vertices': 10, 'completed_result_csv_paths': [], 'qaoa_seed': 1, 'initialise_standard_warm_start_with_zero_angles': False, 'result_name_suffix': '_Exp4b_tf829_upto10_L2M2_kbest4_gpseed42_alg17start43'}, Running QAOA with equal superposition
Benchmark run ID: c49d49af
Benchmark repeat index: 1
Configured SDP rounding seed: 42
QAOA seed used: 1
Processor: x86_64
Hostname: dacsvm-cpunode01
Total RAM (GB): None
Physical cores: 32
Logical cores: 32
Python version: 3.11.15
Initialisation time: 0.00 seconds; started at stardate {'initialisation': 0.004505157470703125} and finished at stardate1788329531.1604462
Loaded HOG graph index 532 with 8 edges.
Instance generation for n=532 took 0.09 seconds; started at stardate 1788329531.1604538 and finished at stardate 1788329531.2504191
Running QAOA for n=8 nodes, m=8 edges...; Max iterations: 75
Warm-start: starting SDP solve for n_vertices=8
Warm-start: using configured sdp_seed=42
Using SCS solver for SDP with eps=1e-07, max_iters=100000.
SDP solver status: optimal
SDP solver name: SCS
SDP solver iterations: 2175
SDP solve time: 35.214648829
SDP extra stats: {'x': array([ 1.00000000e+00,  1.12234455e-13,  2.02252675e-13, ...,
        1.00000000e+00, -3.01826369e-18,  1.00000000e+00], shape=(38503,)), 'y': array([ 4.06965992e-02,  1.68570825e-02,  1.68570825e-02, ...,
       -3.37916742e-16, -3.63972532e-16,  3.10318245e-05], shape=(108050,)), 's': array([ 0.00000000e+00,  0.00000000e+00,  0.00000000e+00, ...,
        1.00000000e+00, -2.10156608e-16,  1.00000000e+00], shape=(108050,)), 'info': {'status_val': 1, 'iter': 2175, 'scale_updates': 4, 'scale': 0.40999283990776497, 'pobj': -5.930542561612471, 'dobj': -5.930542576574139, 'res_pri': 1.0594588338918213e-07, 'res_dual': 4.669197687467048e-09, 'gap': 1.4961667460511308e-08, 'res_infeas': nan, 'res_unbdd_a': 0.16861863642534233, 'res_unbdd_p': 0.0, 'comp_slack': 2.729561618420139e-11, 'solve_time': 35214.648829, 'setup_time': 55.311871, 'lin_sys_time': 3356.932911999996, 'cone_time': 30650.681471000004, 'accel_time': 249.69807499999857, 'rejected_accel_steps': 16, 'accepted_accel_steps': 7, 'status': 'solved'}}
Rounding...
Setting seed to 42
n_vertices: 8 for n = 24
Using seed 42 to generate random matrix for x.
Energy of rounded cut/product state: 6.9698116766910525
Algorithm 17 lower-bound energy: 5.795107546070245
Algorithm 17 actual entangled-state energy: 7.35079429759422
SDP objective value: 9.93054256161247
8 in cut out of a total of 8 edges
Warm-start: SDP solve + rounding finished in 663.28 seconds
Warm-start: using level-2 Algorithm 17 entangled statevector with shape (256,)
Warm-start cache: moment matrix before save shape=(277, 277), dtype=float64, entries=76729, bytes=613832 (0.59 MiB)
Warm-start cache: saved Results/warm_start_cache_experiments/Exp4b_tf829_upto10_L2M2_kbest4_gpseed42_alg17start43/triangleFree_connected_4to15vertices_829instances_AdjacencyList__filehash_af0e2099/hog_idx000532_9d80e04734bc_seed42_L2_M2_amplified.npz in 0.0098 seconds
WARM_START_CACHE_PRODUCER_ONLY is set; warm-start cache has been produced/loaded. Exiting before QAOA optimisation.
