Starting QAOA benchmark with global start time: 1784644603.3351688
Benchmark parameters: {'optimiser': 'adam', 'optimiser_use_heuristic': True, 'heuristic_optimiser_iterations': 1, 'heuristic_optimiser_sampleSize': 20, 'circuit_type': 'hamqaoa', 'parameter_vector': [1, 1, 1], 'iterations_list': [5, 10, 25, 50], 'learning_rate_adam': 0.01, 'depth_list': [1, 2], 'n_start': None, 'n_end': None, 'singlet_injection': False, 'start_index_singlet': None, 'warm_start': True, 'warm_start_mode': 'standard', 'lasserre_level': 1, 'initial_solver_level_M': 1, 'sdp_seed': 42, 'sdp_solver_mode': 'scs', 'sdp_scs_eps': 1e-06, 'sdp_scs_max_iters': 100000, 'warm_start_corr_strength': None, 'warm_start_corr_repeats': None, 'compare_with_010101': False, 'init_QAOAparams_close_to_zero': False, 'use_correlations_as_initial_params': False, 'time_limit': None, 'failed_instance_termination_thrsh': None, 'graph_generation_type': 'hog', 'weighted': False, 'easiest_first': True, 'cpu_util_threshold': None, 'debug': False, 'save_circuit_svg': False, 'rerun_exclude_finished_instances': False, 'warm_start_cache_producer_only': False, 'qaoa_only_from_existing_warm_start_cache': True, 'optimiser_debug_iterations': None, 'num_repeats': 1, 'relative_graph_adjList_path': 'HOG_graphs/triangleFree_connected_4to8vertices_176instances_AdjacencyList.txt', 'persistent_warm_start_cache': True, 'warm_start_cache_dir': 'Results/warm_start_cache', 'warm_start_cache_max_file_mb': 512, 'warm_start_cache_max_total_gb': 60, 'sdp_max_parallel': 0, 'qaoa_max_parallel': 32, 'sdp_threads': 1, 'qaoa_threads': 1, 'sdp_memory_limit_total_gb': 250, 'sdp_memory_limit_single_gb': 250, 'sdp_memory_poll_seconds': 5, 'sdp_max_retries': 3, 'queue_poll_interval_seconds': 5}, Running QAOA with equal superposition
Benchmark run ID: eeb05ff9
Benchmark repeat index: 1
SDP seed override: 42
Processor: x86_64
Hostname: dacsgpu0002
Total RAM (GB): None
Physical cores: 64
Logical cores: 64
Python version: 3.11.15
Initialisation time: 0.00 seconds; started at stardate {'initialisation': 0.003253936767578125} and finished at stardate1784644603.3384333
Loaded HOG graph index 21 with 12 edges.
Instance generation for n=21 took 0.00 seconds; started at stardate 1784644603.3384392 and finished at stardate 1784644603.340891
Running QAOA for n=7 nodes, m=12 edges...; Max iterations: 50
Warm-start cache: loading Results/warm_start_cache/triangleFree_connected_4to8vertices_176instances_AdjacencyList__filehash_279b7452/hog_idx000021_b429b5be497c_seed42_L1_M1_standard.npz
Warm-start cache: loaded in 0.0011 seconds; effective compute time=0.1855764389038086
Edges: [(1, 6), (0, 4), (2, 6), (3, 5), (0, 6), (3, 4), (1, 5), (2, 5), (0, 5), (1, 4), (3, 6), (2, 4)], weights: [1.0, 1.0, 1.0, 1.0, 1.0, 1.0, 1.0, 1.0, 1.0, 1.0, 1.0, 1.0], set of nodes: {0, 1, 2, 3, 4, 5, 6}, n: 7 nodes, p: 1 layers, N_bayes: 50 iterations
Solving for uuid: 7fa06bcf
Initial state injected as warm start
Running ADAM optimization with a single iteration (no debug loop)
4.534917491690031
QAOA optimisation for n=21 took 2.15 seconds; started at stardate 1784644603.340895 and finished at stardate 1784644605.4897473
Finished QAOA for n=7 nodes, m=12 edges at 2026-07-21 16:36:45 on x86_64. Time taken: 2.15 seconds. Hours: 0.00 hours. Peak RAM: 0.22 MB.
Unknown graph type for approximation ratio calculation; checking misc CSV.
Checking optimal_results_misc.csv for matching edges and weights...
Found matching exact result in misc CSV: 7.500000000000019
CSV writing for n=21 took 0.00 seconds; started at stardate 1784644605.4897544 and finished at stardate 1784644605.4924438
results: {21: 4.534917491690031}
durations: {7: 2.1488571166992188}
Results saved to: Results/logs/adam/qaoa_results_adam_20260721_163604_pid3623792.csv
Global end time: 1784644605.492452
Finalisation time: 0.00 seconds; started at stardate 1784644605.4924462 and finished at stardate 1784644605.492455
Sum of all section times: 2.16 seconds
run_id: eeb05ff9
