Starting QAOA benchmark with global start time: 1787574091.5473044
Benchmark parameters: {'optimiser': 'adam', 'optimiser_use_heuristic': False, 'heuristic_optimiser_iterations': None, 'heuristic_optimiser_sampleSize': None, 'circuit_type': 'hamqaoa', 'parameter_vector': [1, 1, 1], 'iterations_list': [50], 'learning_rate_adam': 0.05, 'depth_list': [1, 2, 3, 4, 5], 'n_start': None, 'n_end': None, 'singlet_injection': False, 'start_index_singlet': None, 'warm_start': True, 'warm_start_mode': 'amplified_king', 'lasserre_level': 2, 'initial_solver_level_M': 2, 'sdp_seed': None, 'sdp_solver_mode': 'scs', 'sdp_scs_eps': 1e-06, 'sdp_scs_max_iters': 100000, 'warm_start_corr_strength': None, 'warm_start_corr_repeats': None, 'compare_with_010101': False, 'init_QAOAparams_close_to_zero': False, 'use_correlations_as_initial_params': False, 'time_limit': None, 'failed_instance_termination_thrsh': None, 'graph_generation_type': 'hog', 'weighted': False, 'easiest_first': False, 'cpu_util_threshold': None, 'debug': False, 'save_circuit_svg': False, 'rerun_exclude_finished_instances': False, 'warm_start_cache_producer_only': False, 'qaoa_only_from_existing_warm_start_cache': True, 'optimiser_debug_iterations': None, 'num_repeats': 1, 'relative_graph_adjList_path': 'HOG_graphs/Exp5/list_193_graphs_adjacency_listhog_v04-12_planar_clawFree.txt', 'persistent_warm_start_cache': True, 'warm_start_cache_dir': 'Results/warm_start_cache', 'warm_start_cache_max_file_mb': 512, 'warm_start_cache_max_total_gb': 60, 'sdp_max_parallel': 0, 'qaoa_max_parallel': 16, 'sdp_threads': 1, 'qaoa_threads': 1, 'sdp_memory_limit_total_gb': 0, 'sdp_memory_limit_single_gb': 0, 'sdp_memory_poll_seconds': 5, 'sdp_max_retries': 0, 'queue_poll_interval_seconds': 5, 'max_graph_vertices': 10, 'completed_result_csv_paths': [], 'qaoa_seed': 1, 'initialise_standard_warm_start_with_zero_angles': False, 'result_name_suffix': '_Exp6_KingAmplifiedWithHeuristic_rerun2408'}, Running QAOA with equal superposition
Benchmark run ID: 9a01481f
Benchmark repeat index: 1
SDP seed override: None
QAOA seed: 15700401
Processor: x86_64
Hostname: dacsgpu0003
Total RAM (GB): None
Physical cores: 64
Logical cores: 64
Python version: 3.11.15
Initialisation time: 0.01 seconds; started at stardate {'initialisation': 0.005230426788330078} and finished at stardate1787574091.5525415
Loaded HOG graph index 157 with 15 edges.
Instance generation for n=157 took 0.01 seconds; started at stardate 1787574091.552547 and finished at stardate 1787574091.558768
Running QAOA for n=10 nodes, m=15 edges...; Max iterations: 50
Warm-start cache: loading Results/warm_start_cache/list_193_graphs_adjacency_listhog_v04-12_planar_clawFree__filehash_62ae5075/hog_idx000157_53ae287b4c3f_noseed_L2_M2_amplified.npz
Warm-start cache: loaded in 0.0067 seconds; effective compute time=8080.417100906372
Edges: [(8, 9), (3, 9), (0, 1), (2, 3), (1, 6), (4, 7), (5, 8), (0, 3), (4, 6), (2, 8), (4, 5), (5, 9), (0, 2), (6, 7), (1, 7)], weights: [1.0, 1.0, 1.0, 1.0, 1.0, 1.0, 1.0, 1.0, 1.0, 1.0, 1.0, 1.0, 1.0, 1.0, 1.0], set of nodes: {0, 1, 2, 3, 4, 5, 6, 7, 8, 9}, n: 10 nodes, p: 5 layers, N_bayes: 50 iterations
Solving for uuid: 4402d7d8
Initial state injected as warm start
Running ADAM optimization with a single iteration (no debug loop)
11.757291056318213
QAOA optimisation for n=157 took 103.01 seconds; started at stardate 1787574091.5587728 and finished at stardate 1787574194.564832
Finished QAOA for n=10 nodes, m=15 edges at 2026-08-24 14:23:14 on x86_64. Time taken: 103.01 seconds. Hours: 0.03 hours. Peak RAM: 1.48 MB.
Unknown graph type for approximation ratio calculation; checking misc CSV.
Checking optimal_results_misc.csv for matching edges and weights...
Found matching exact result in misc CSV: 8.15408139480794
CSV writing for n=157 took 0.01 seconds; started at stardate 1787574194.564839 and finished at stardate 1787574194.5729995
results: {157: 11.757291056318213}
durations: {10: 103.00606369972229}
Results saved to: Results/logs/adam/qaoa_results_adam_20260824_133055_pid1671965_Exp6_KingAmplifiedWithHeuristic_rerun2408.csv
Global end time: 1787574194.5730064
Finalisation time: 0.00 seconds; started at stardate 1787574194.5730016 and finished at stardate 1787574194.5730095
Sum of all section times: 103.03 seconds
run_id: 9a01481f
