Starting QAOA benchmark with global start time: 1782474922.614929
Benchmark parameters: {'optimiser': 'exact', 'optimiser_use_heuristic': None, 'heuristic_optimiser_iterations': None, 'heuristic_optimiser_sampleSize': None, 'circuit_type': 'HOG', 'parameter_vector': None, 'iterations_list': None, 'learning_rate_adam': None, 'depth_list': None, 'n_start': 0, 'n_end': 1015, 'graph_generation_type': 'hog', 'singlet_injection': None, 'start_index_singlet': None, 'warm_start': None, 'warm_start_mode': None, 'lasserre_level': None, 'initial_solver_level_M': None, 'sdp_seed': None, 'warm_start_corr_strength': None, 'warm_start_corr_repeats': None, 'warm_start_correlations': None, 'compare_with_010101': None, 'init_QAOAparams_close_to_zero': None, 'use_correlations_as_initial_params': None, 'time_limit': 10800, 'failed_instance_termination_thrsh': 10, 'weighted': False, 'easiest_first': True, 'cpu_util_threshold': None, 'debug': False, 'save_circuit_svg': False, 'rerun_exclude_finished_instances': False, 'optimiser_debug_iterations': None, 'num_repeats': 1, 'relative_graph_adjList_path': 'HOG_graphs/random_graphs_8to15vertices_1094instances_20260625_144734_AdjacencyList.txt'}, Running QAOA with equal superposition
Benchmark run ID: 0dd27232
Benchmark repeat index: 1
SDP seed override: None
Processor: x86_64
Hostname: dacsgpu0003
Total RAM (GB): None
Physical cores: 64
Logical cores: 64
Python version: 3.11.15
Initialisation time: 0.00 seconds; started at stardate {'initialisation': 0.0026993751525878906} and finished at stardate1782474922.6176376
Loaded HOG graph index 996 with 15 edges.
Instance generation for n=996 took 0.04 seconds; started at stardate 1782474922.6176445 and finished at stardate 1782474922.658428
Running QAOA for n=15 nodes, m=15 edges...; Max iterations: 0
Edges: [(8, 9), (12, 13), (0, 1), (9, 10), (0, 14), (2, 3), (11, 12), (1, 2), (3, 14), (10, 11), (7, 8), (4, 5), (2, 5), (13, 14), (6, 7)], weights: [1.0, 1.0, 1.0, 1.0, 1.0, 1.0, 1.0, 1.0, 1.0, 1.0, 1.0, 1.0, 1.0, 1.0, 1.0], set of nodes: {0, 1, 2, 3, 4, 5, 6, 7, 8, 9, 10, 11, 12, 13, 14}, n: 15 nodes, p: 0 layers, N_bayes: 0 iterations
Solving for uuid: 4474bbea
No warm start: Default initial state is equal superposition
Building standard QAOA circuit with 2 parameter types (γ and β)
10.148243166415154
QAOA optimisation for n=996 took 0.20 seconds; started at stardate 1782474922.6584337 and finished at stardate 1782474922.862475
Finished QAOA for n=15 nodes, m=15 edges at 2026-06-26 13:55:22 on x86_64. Time taken: 0.20 seconds. Hours: 0.00 hours. Peak RAM: 0.24 MB.
Unknown graph type for approximation ratio calculation; checking misc CSV.
Checking optimal_results_misc.csv for matching edges and weights...
Found matching exact result in misc CSV: 10.148243166415154
CSV writing for n=996 took 0.01 seconds; started at stardate 1782474922.8624847 and finished at stardate 1782474922.8758347
results: {996: 10.148243166415154}
durations: {15: 0.20404696464538574}
Results saved to: Results/logs/exact/qaoa_results_exact_20260626_134258_pid1463067.csv
Global end time: 1782474922.875849
Finalisation time: 0.00 seconds; started at stardate 1782474922.8758395 and finished at stardate 1782474922.8758526
Sum of all section times: 0.26 seconds
run_id: 0dd27232
