Starting QAOA benchmark with global start time: 1782474416.3988917
Benchmark parameters: {'optimiser': 'exact', 'optimiser_use_heuristic': None, 'heuristic_optimiser_iterations': None, 'heuristic_optimiser_sampleSize': None, 'circuit_type': 'HOG', 'parameter_vector': None, 'iterations_list': None, 'learning_rate_adam': None, 'depth_list': None, 'n_start': 0, 'n_end': 1015, 'graph_generation_type': 'hog', 'singlet_injection': None, 'start_index_singlet': None, 'warm_start': None, 'warm_start_mode': None, 'lasserre_level': None, 'initial_solver_level_M': None, 'sdp_seed': None, 'warm_start_corr_strength': None, 'warm_start_corr_repeats': None, 'warm_start_correlations': None, 'compare_with_010101': None, 'init_QAOAparams_close_to_zero': None, 'use_correlations_as_initial_params': None, 'time_limit': 10800, 'failed_instance_termination_thrsh': 10, 'weighted': False, 'easiest_first': True, 'cpu_util_threshold': None, 'debug': False, 'save_circuit_svg': False, 'rerun_exclude_finished_instances': False, 'optimiser_debug_iterations': None, 'num_repeats': 1, 'relative_graph_adjList_path': 'HOG_graphs/random_graphs_8to15vertices_1094instances_20260625_144734_AdjacencyList.txt'}, Running QAOA with equal superposition
Benchmark run ID: 43c88dcd
Benchmark repeat index: 1
SDP seed override: None
Processor: x86_64
Hostname: dacsgpu0003
Total RAM (GB): None
Physical cores: 64
Logical cores: 64
Python version: 3.11.15
Initialisation time: 0.00 seconds; started at stardate {'initialisation': 0.0026082992553710938} and finished at stardate1782474416.4015126
Loaded HOG graph index 317 with 18 edges.
Instance generation for n=317 took 0.03 seconds; started at stardate 1782474416.40152 and finished at stardate 1782474416.4275177
Running QAOA for n=10 nodes, m=18 edges...; Max iterations: 0
Edges: [(3, 9), (1, 3), (2, 7), (2, 3), (0, 4), (5, 8), (1, 9), (5, 7), (4, 6), (3, 4), (4, 8), (7, 8), (4, 5), (5, 9), (0, 5), (0, 2), (3, 6), (6, 7)], weights: [1.0, 1.0, 1.0, 1.0, 1.0, 1.0, 1.0, 1.0, 1.0, 1.0, 1.0, 1.0, 1.0, 1.0, 1.0, 1.0, 1.0, 1.0], set of nodes: {0, 1, 2, 3, 4, 5, 6, 7, 8, 9}, n: 10 nodes, p: 0 layers, N_bayes: 0 iterations
Solving for uuid: eee406c9
No warm start: Default initial state is equal superposition
Building standard QAOA circuit with 2 parameter types (γ and β)
9.532448450850493
QAOA optimisation for n=317 took 0.02 seconds; started at stardate 1782474416.427522 and finished at stardate 1782474416.4483628
Finished QAOA for n=10 nodes, m=18 edges at 2026-06-26 13:46:56 on x86_64. Time taken: 0.02 seconds. Hours: 0.00 hours. Peak RAM: 0.21 MB.
Unknown graph type for approximation ratio calculation; checking misc CSV.
Checking optimal_results_misc.csv for matching edges and weights...
Found matching exact result in misc CSV: 9.532448450850493
CSV writing for n=317 took 0.01 seconds; started at stardate 1782474416.4483705 and finished at stardate 1782474416.455218
results: {317: 9.532448450850493}
durations: {10: 0.020845413208007812}
Results saved to: Results/logs/exact/qaoa_results_exact_20260626_134258_pid1463067.csv
Global end time: 1782474416.455229
Finalisation time: 0.00 seconds; started at stardate 1782474416.4552217 and finished at stardate 1782474416.4552326
Sum of all section times: 0.06 seconds
run_id: 43c88dcd
