Starting QAOA benchmark with global start time: 1782474275.135438
Benchmark parameters: {'optimiser': 'exact', 'optimiser_use_heuristic': None, 'heuristic_optimiser_iterations': None, 'heuristic_optimiser_sampleSize': None, 'circuit_type': 'HOG', 'parameter_vector': None, 'iterations_list': None, 'learning_rate_adam': None, 'depth_list': None, 'n_start': 0, 'n_end': 1015, 'graph_generation_type': 'hog', 'singlet_injection': None, 'start_index_singlet': None, 'warm_start': None, 'warm_start_mode': None, 'lasserre_level': None, 'initial_solver_level_M': None, 'sdp_seed': None, 'warm_start_corr_strength': None, 'warm_start_corr_repeats': None, 'warm_start_correlations': None, 'compare_with_010101': None, 'init_QAOAparams_close_to_zero': None, 'use_correlations_as_initial_params': None, 'time_limit': 10800, 'failed_instance_termination_thrsh': 10, 'weighted': False, 'easiest_first': True, 'cpu_util_threshold': None, 'debug': False, 'save_circuit_svg': False, 'rerun_exclude_finished_instances': False, 'optimiser_debug_iterations': None, 'num_repeats': 1, 'relative_graph_adjList_path': 'HOG_graphs/random_graphs_8to15vertices_1094instances_20260625_144734_AdjacencyList.txt'}, Running QAOA with equal superposition
Benchmark run ID: bd60272c
Benchmark repeat index: 1
SDP seed override: None
Processor: x86_64
Hostname: dacsgpu0003
Total RAM (GB): None
Physical cores: 64
Logical cores: 64
Python version: 3.11.15
Initialisation time: 0.00 seconds; started at stardate {'initialisation': 0.0020754337310791016} and finished at stardate1782474275.1375194
Loaded HOG graph index 128 with 36 edges.
Instance generation for n=128 took 0.02 seconds; started at stardate 1782474275.1375227 and finished at stardate 1782474275.1610734
Running QAOA for n=9 nodes, m=36 edges...; Max iterations: 0
Edges: [(2, 3), (3, 8), (2, 6), (3, 5), (4, 6), (7, 8), (0, 5), (1, 4), (0, 2), (0, 8), (1, 7), (5, 7), (3, 4), (2, 8), (4, 5), (3, 7), (2, 5), (4, 8), (1, 3), (0, 1), (1, 6), (0, 4), (0, 7), (6, 8), (5, 6), (3, 6), (2, 4), (2, 7), (4, 7), (0, 3), (1, 2), (1, 8), (0, 6), (1, 5), (5, 8), (6, 7)], weights: [1.0, 1.0, 1.0, 1.0, 1.0, 1.0, 1.0, 1.0, 1.0, 1.0, 1.0, 1.0, 1.0, 1.0, 1.0, 1.0, 1.0, 1.0, 1.0, 1.0, 1.0, 1.0, 1.0, 1.0, 1.0, 1.0, 1.0, 1.0, 1.0, 1.0, 1.0, 1.0, 1.0, 1.0, 1.0, 1.0], set of nodes: {0, 1, 2, 3, 4, 5, 6, 7, 8}, n: 9 nodes, p: 0 layers, N_bayes: 0 iterations
Solving for uuid: e1acb7c1
No warm start: Default initial state is equal superposition
Building standard QAOA circuit with 2 parameter types (γ and β)
12.000000000000021
QAOA optimisation for n=128 took 0.01 seconds; started at stardate 1782474275.1610768 and finished at stardate 1782474275.1709895
Finished QAOA for n=9 nodes, m=36 edges at 2026-06-26 13:44:35 on x86_64. Time taken: 0.01 seconds. Hours: 0.00 hours. Peak RAM: 0.21 MB.
Computing complete graph approximation ratio
CSV writing for n=128 took 0.00 seconds; started at stardate 1782474275.1709938 and finished at stardate 1782474275.1742232
results: {128: 12.000000000000021}
durations: {9: 0.009916305541992188}
Results saved to: Results/logs/exact/qaoa_results_exact_20260626_134258_pid1463067.csv
Global end time: 1782474275.17423
Finalisation time: 0.00 seconds; started at stardate 1782474275.1742249 and finished at stardate 1782474275.1742322
Sum of all section times: 0.04 seconds
run_id: bd60272c
