Starting QAOA benchmark with global start time: 1782474239.9712894
Benchmark parameters: {'optimiser': 'exact', 'optimiser_use_heuristic': None, 'heuristic_optimiser_iterations': None, 'heuristic_optimiser_sampleSize': None, 'circuit_type': 'HOG', 'parameter_vector': None, 'iterations_list': None, 'learning_rate_adam': None, 'depth_list': None, 'n_start': 0, 'n_end': 1015, 'graph_generation_type': 'hog', 'singlet_injection': None, 'start_index_singlet': None, 'warm_start': None, 'warm_start_mode': None, 'lasserre_level': None, 'initial_solver_level_M': None, 'sdp_seed': None, 'warm_start_corr_strength': None, 'warm_start_corr_repeats': None, 'warm_start_correlations': None, 'compare_with_010101': None, 'init_QAOAparams_close_to_zero': None, 'use_correlations_as_initial_params': None, 'time_limit': 10800, 'failed_instance_termination_thrsh': 10, 'weighted': False, 'easiest_first': True, 'cpu_util_threshold': None, 'debug': False, 'save_circuit_svg': False, 'rerun_exclude_finished_instances': False, 'optimiser_debug_iterations': None, 'num_repeats': 1, 'relative_graph_adjList_path': 'HOG_graphs/random_graphs_8to15vertices_1094instances_20260625_144734_AdjacencyList.txt'}, Running QAOA with equal superposition
Benchmark run ID: a9a5754f
Benchmark repeat index: 1
SDP seed override: None
Processor: x86_64
Hostname: dacsgpu0003
Total RAM (GB): None
Physical cores: 64
Logical cores: 64
Python version: 3.11.15
Initialisation time: 0.00 seconds; started at stardate {'initialisation': 0.003753185272216797} and finished at stardate1782474239.9750524
Loaded HOG graph index 85 with 20 edges.
Instance generation for n=85 took 0.02 seconds; started at stardate 1782474239.9750583 and finished at stardate 1782474239.99916
Running QAOA for n=8 nodes, m=20 edges...; Max iterations: 0
Edges: [(2, 3), (2, 6), (3, 5), (4, 6), (0, 5), (1, 7), (3, 4), (4, 5), (3, 7), (2, 5), (0, 1), (1, 6), (5, 6), (3, 6), (2, 4), (2, 7), (4, 7), (1, 2), (0, 6), (6, 7)], weights: [1.0, 1.0, 1.0, 1.0, 1.0, 1.0, 1.0, 1.0, 1.0, 1.0, 1.0, 1.0, 1.0, 1.0, 1.0, 1.0, 1.0, 1.0, 1.0, 1.0], set of nodes: {0, 1, 2, 3, 4, 5, 6, 7}, n: 8 nodes, p: 0 layers, N_bayes: 0 iterations
Solving for uuid: ad541145
No warm start: Default initial state is equal superposition
Building standard QAOA circuit with 2 parameter types (γ and β)
8.792638379502112
QAOA optimisation for n=85 took 0.01 seconds; started at stardate 1782474239.9991632 and finished at stardate 1782474240.0137722
Finished QAOA for n=8 nodes, m=20 edges at 2026-06-26 13:44:00 on x86_64. Time taken: 0.01 seconds. Hours: 0.00 hours. Peak RAM: 0.21 MB.
Unknown graph type for approximation ratio calculation; checking misc CSV.
Checking optimal_results_misc.csv for matching edges and weights...
Found matching exact result in misc CSV: 8.792638379502112
CSV writing for n=85 took 0.01 seconds; started at stardate 1782474240.013781 and finished at stardate 1782474240.0201108
results: {85: 8.792638379502112}
durations: {8: 0.014613866806030273}
Results saved to: Results/logs/exact/qaoa_results_exact_20260626_134258_pid1463067.csv
Global end time: 1782474240.0201209
Finalisation time: 0.00 seconds; started at stardate 1782474240.0201135 and finished at stardate 1782474240.020125
Sum of all section times: 0.05 seconds
run_id: a9a5754f
