Starting QAOA benchmark with global start time: 1782474746.37556
Benchmark parameters: {'optimiser': 'exact', 'optimiser_use_heuristic': None, 'heuristic_optimiser_iterations': None, 'heuristic_optimiser_sampleSize': None, 'circuit_type': 'HOG', 'parameter_vector': None, 'iterations_list': None, 'learning_rate_adam': None, 'depth_list': None, 'n_start': 0, 'n_end': 1015, 'graph_generation_type': 'hog', 'singlet_injection': None, 'start_index_singlet': None, 'warm_start': None, 'warm_start_mode': None, 'lasserre_level': None, 'initial_solver_level_M': None, 'sdp_seed': None, 'warm_start_corr_strength': None, 'warm_start_corr_repeats': None, 'warm_start_correlations': None, 'compare_with_010101': None, 'init_QAOAparams_close_to_zero': None, 'use_correlations_as_initial_params': None, 'time_limit': 10800, 'failed_instance_termination_thrsh': 10, 'weighted': False, 'easiest_first': True, 'cpu_util_threshold': None, 'debug': False, 'save_circuit_svg': False, 'rerun_exclude_finished_instances': False, 'optimiser_debug_iterations': None, 'num_repeats': 1, 'relative_graph_adjList_path': 'HOG_graphs/random_graphs_8to15vertices_1094instances_20260625_144734_AdjacencyList.txt'}, Running QAOA with equal superposition
Benchmark run ID: 90201558
Benchmark repeat index: 1
SDP seed override: None
Processor: x86_64
Hostname: dacsgpu0003
Total RAM (GB): None
Physical cores: 64
Logical cores: 64
Python version: 3.11.15
Initialisation time: 0.00 seconds; started at stardate {'initialisation': 0.0027561187744140625} and finished at stardate1782474746.3783276
Loaded HOG graph index 761 with 61 edges.
Instance generation for n=761 took 0.03 seconds; started at stardate 1782474746.3783343 and finished at stardate 1782474746.4039817
Running QAOA for n=14 nodes, m=61 edges...; Max iterations: 0
Edges: [(5, 11), (2, 3), (3, 8), (3, 5), (3, 11), (11, 12), (4, 6), (2, 12), (4, 9), (7, 8), (8, 13), (7, 11), (0, 5), (8, 10), (1, 4), (9, 11), (0, 8), (10, 13), (1, 7), (1, 13), (6, 9), (5, 7), (5, 13), (6, 12), (3, 4), (3, 7), (2, 5), (2, 11), (3, 13), (3, 10), (4, 8), (7, 10), (8, 9), (1, 3), (0, 1), (7, 13), (0, 4), (10, 12), (1, 9), (0, 13), (5, 6), (5, 12), (6, 11), (3, 6), (2, 4), (2, 10), (11, 13), (3, 9), (2, 7), (2, 13), (4, 10), (3, 12), (4, 13), (9, 12), (1, 2), (1, 8), (0, 6), (1, 5), (5, 8), (6, 7), (6, 13)], weights: [1.0, 1.0, 1.0, 1.0, 1.0, 1.0, 1.0, 1.0, 1.0, 1.0, 1.0, 1.0, 1.0, 1.0, 1.0, 1.0, 1.0, 1.0, 1.0, 1.0, 1.0, 1.0, 1.0, 1.0, 1.0, 1.0, 1.0, 1.0, 1.0, 1.0, 1.0, 1.0, 1.0, 1.0, 1.0, 1.0, 1.0, 1.0, 1.0, 1.0, 1.0, 1.0, 1.0, 1.0, 1.0, 1.0, 1.0, 1.0, 1.0, 1.0, 1.0, 1.0, 1.0, 1.0, 1.0, 1.0, 1.0, 1.0, 1.0, 1.0, 1.0], set of nodes: {0, 1, 2, 3, 4, 5, 6, 7, 8, 9, 10, 11, 12, 13}, n: 14 nodes, p: 0 layers, N_bayes: 0 iterations
Solving for uuid: 1e8a8b61
No warm start: Default initial state is equal superposition
Building standard QAOA circuit with 2 parameter types (γ and β)
23.59481293057362
QAOA optimisation for n=761 took 0.32 seconds; started at stardate 1782474746.4039853 and finished at stardate 1782474746.721192
Finished QAOA for n=14 nodes, m=61 edges at 2026-06-26 13:52:26 on x86_64. Time taken: 0.32 seconds. Hours: 0.00 hours. Peak RAM: 0.24 MB.
Unknown graph type for approximation ratio calculation; checking misc CSV.
Checking optimal_results_misc.csv for matching edges and weights...
Found matching exact result in misc CSV: 23.59481293057362
CSV writing for n=761 took 0.01 seconds; started at stardate 1782474746.7212005 and finished at stardate 1782474746.730537
results: {761: 23.59481293057362}
durations: {14: 0.3172111511230469}
Results saved to: Results/logs/exact/qaoa_results_exact_20260626_134258_pid1463067.csv
Global end time: 1782474746.7305443
Finalisation time: 0.00 seconds; started at stardate 1782474746.7305396 and finished at stardate 1782474746.7305472
Sum of all section times: 0.35 seconds
run_id: 90201558
