Starting QAOA benchmark with global start time: 1782474928.7305584
Benchmark parameters: {'optimiser': 'exact', 'optimiser_use_heuristic': None, 'heuristic_optimiser_iterations': None, 'heuristic_optimiser_sampleSize': None, 'circuit_type': 'HOG', 'parameter_vector': None, 'iterations_list': None, 'learning_rate_adam': None, 'depth_list': None, 'n_start': 0, 'n_end': 1015, 'graph_generation_type': 'hog', 'singlet_injection': None, 'start_index_singlet': None, 'warm_start': None, 'warm_start_mode': None, 'lasserre_level': None, 'initial_solver_level_M': None, 'sdp_seed': None, 'warm_start_corr_strength': None, 'warm_start_corr_repeats': None, 'warm_start_correlations': None, 'compare_with_010101': None, 'init_QAOAparams_close_to_zero': None, 'use_correlations_as_initial_params': None, 'time_limit': 10800, 'failed_instance_termination_thrsh': 10, 'weighted': False, 'easiest_first': True, 'cpu_util_threshold': None, 'debug': False, 'save_circuit_svg': False, 'rerun_exclude_finished_instances': False, 'optimiser_debug_iterations': None, 'num_repeats': 1, 'relative_graph_adjList_path': 'HOG_graphs/random_graphs_8to15vertices_1094instances_20260625_144734_AdjacencyList.txt'}, Running QAOA with equal superposition
Benchmark run ID: 071d1cb5
Benchmark repeat index: 1
SDP seed override: None
Processor: x86_64
Hostname: dacsgpu0003
Total RAM (GB): None
Physical cores: 64
Logical cores: 64
Python version: 3.11.15
Initialisation time: 0.00 seconds; started at stardate {'initialisation': 0.0035026073455810547} and finished at stardate1782474928.7340767
Loaded HOG graph index 1007 with 45 edges.
Instance generation for n=1007 took 0.04 seconds; started at stardate 1782474928.734087 and finished at stardate 1782474928.772018
Running QAOA for n=15 nodes, m=45 edges...; Max iterations: 0
Edges: [(5, 11), (5, 14), (2, 6), (3, 5), (2, 12), (7, 8), (7, 11), (0, 5), (8, 10), (1, 10), (1, 7), (1, 13), (0, 11), (5, 10), (6, 12), (3, 4), (3, 7), (2, 11), (3, 10), (13, 14), (4, 11), (7, 13), (1, 6), (0, 4), (0, 10), (1, 9), (0, 7), (0, 13), (5, 6), (5, 9), (6, 14), (2, 4), (2, 10), (4, 10), (3, 12), (4, 7), (4, 13), (8, 11), (9, 12), (7, 12), (1, 8), (0, 6), (10, 11), (1, 11), (1, 14)], weights: [1.0, 1.0, 1.0, 1.0, 1.0, 1.0, 1.0, 1.0, 1.0, 1.0, 1.0, 1.0, 1.0, 1.0, 1.0, 1.0, 1.0, 1.0, 1.0, 1.0, 1.0, 1.0, 1.0, 1.0, 1.0, 1.0, 1.0, 1.0, 1.0, 1.0, 1.0, 1.0, 1.0, 1.0, 1.0, 1.0, 1.0, 1.0, 1.0, 1.0, 1.0, 1.0, 1.0, 1.0, 1.0], set of nodes: {0, 1, 2, 3, 4, 5, 6, 7, 8, 9, 10, 11, 12, 13, 14}, n: 15 nodes, p: 0 layers, N_bayes: 0 iterations
Solving for uuid: 4117d5ad
No warm start: Default initial state is equal superposition
Building standard QAOA circuit with 2 parameter types (γ and β)
20.113379932805856
QAOA optimisation for n=1007 took 0.38 seconds; started at stardate 1782474928.7720246 and finished at stardate 1782474929.1565092
Finished QAOA for n=15 nodes, m=45 edges at 2026-06-26 13:55:29 on x86_64. Time taken: 0.38 seconds. Hours: 0.00 hours. Peak RAM: 0.26 MB.
Unknown graph type for approximation ratio calculation; checking misc CSV.
Checking optimal_results_misc.csv for matching edges and weights...
Found matching exact result in misc CSV: 20.113379932805856
CSV writing for n=1007 took 0.01 seconds; started at stardate 1782474929.1565154 and finished at stardate 1782474929.1648176
results: {1007: 20.113379932805856}
durations: {15: 0.3844897747039795}
Results saved to: Results/logs/exact/qaoa_results_exact_20260626_134258_pid1463067.csv
Global end time: 1782474929.1648257
Finalisation time: 0.00 seconds; started at stardate 1782474929.1648202 and finished at stardate 1782474929.164828
Sum of all section times: 0.43 seconds
run_id: 071d1cb5
