Starting QAOA benchmark with global start time: 1782474828.3453312
Benchmark parameters: {'optimiser': 'exact', 'optimiser_use_heuristic': None, 'heuristic_optimiser_iterations': None, 'heuristic_optimiser_sampleSize': None, 'circuit_type': 'HOG', 'parameter_vector': None, 'iterations_list': None, 'learning_rate_adam': None, 'depth_list': None, 'n_start': 0, 'n_end': 1015, 'graph_generation_type': 'hog', 'singlet_injection': None, 'start_index_singlet': None, 'warm_start': None, 'warm_start_mode': None, 'lasserre_level': None, 'initial_solver_level_M': None, 'sdp_seed': None, 'warm_start_corr_strength': None, 'warm_start_corr_repeats': None, 'warm_start_correlations': None, 'compare_with_010101': None, 'init_QAOAparams_close_to_zero': None, 'use_correlations_as_initial_params': None, 'time_limit': 10800, 'failed_instance_termination_thrsh': 10, 'weighted': False, 'easiest_first': True, 'cpu_util_threshold': None, 'debug': False, 'save_circuit_svg': False, 'rerun_exclude_finished_instances': False, 'optimiser_debug_iterations': None, 'num_repeats': 1, 'relative_graph_adjList_path': 'HOG_graphs/random_graphs_8to15vertices_1094instances_20260625_144734_AdjacencyList.txt'}, Running QAOA with equal superposition
Benchmark run ID: 516a459d
Benchmark repeat index: 1
SDP seed override: None
Processor: x86_64
Hostname: dacsgpu0003
Total RAM (GB): None
Physical cores: 64
Logical cores: 64
Python version: 3.11.15
Initialisation time: 0.00 seconds; started at stardate {'initialisation': 0.0025119781494140625} and finished at stardate1782474828.347854
Loaded HOG graph index 873 with 28 edges.
Instance generation for n=873 took 0.03 seconds; started at stardate 1782474828.3478613 and finished at stardate 1782474828.3730628
Running QAOA for n=14 nodes, m=28 edges...; Max iterations: 0
Edges: [(5, 11), (2, 3), (3, 8), (2, 6), (3, 5), (11, 12), (4, 9), (7, 8), (9, 11), (0, 8), (1, 13), (12, 13), (5, 7), (3, 4), (4, 11), (7, 10), (8, 9), (1, 3), (0, 7), (6, 8), (2, 4), (11, 13), (4, 10), (4, 13), (7, 9), (1, 2), (0, 12), (6, 10)], weights: [1.0, 1.0, 1.0, 1.0, 1.0, 1.0, 1.0, 1.0, 1.0, 1.0, 1.0, 1.0, 1.0, 1.0, 1.0, 1.0, 1.0, 1.0, 1.0, 1.0, 1.0, 1.0, 1.0, 1.0, 1.0, 1.0, 1.0, 1.0], set of nodes: {0, 1, 2, 3, 4, 5, 6, 7, 8, 9, 10, 11, 12, 13}, n: 14 nodes, p: 0 layers, N_bayes: 0 iterations
Solving for uuid: 11a86c04
No warm start: Default initial state is equal superposition
Building standard QAOA circuit with 2 parameter types (γ and β)
14.705640171399486
QAOA optimisation for n=873 took 0.19 seconds; started at stardate 1782474828.3730676 and finished at stardate 1782474828.5601082
Finished QAOA for n=14 nodes, m=28 edges at 2026-06-26 13:53:48 on x86_64. Time taken: 0.19 seconds. Hours: 0.00 hours. Peak RAM: 0.23 MB.
Unknown graph type for approximation ratio calculation; checking misc CSV.
Checking optimal_results_misc.csv for matching edges and weights...
Found matching exact result in misc CSV: 14.705640171399486
CSV writing for n=873 took 0.01 seconds; started at stardate 1782474828.5601163 and finished at stardate 1782474828.5713925
results: {873: 14.705640171399486}
durations: {14: 0.18704605102539062}
Results saved to: Results/logs/exact/qaoa_results_exact_20260626_134258_pid1463067.csv
Global end time: 1782474828.5714045
Finalisation time: 0.00 seconds; started at stardate 1782474828.5713964 and finished at stardate 1782474828.5714078
Sum of all section times: 0.23 seconds
run_id: 516a459d
