Starting QAOA benchmark with global start time: 1782474822.6163125
Benchmark parameters: {'optimiser': 'exact', 'optimiser_use_heuristic': None, 'heuristic_optimiser_iterations': None, 'heuristic_optimiser_sampleSize': None, 'circuit_type': 'HOG', 'parameter_vector': None, 'iterations_list': None, 'learning_rate_adam': None, 'depth_list': None, 'n_start': 0, 'n_end': 1015, 'graph_generation_type': 'hog', 'singlet_injection': None, 'start_index_singlet': None, 'warm_start': None, 'warm_start_mode': None, 'lasserre_level': None, 'initial_solver_level_M': None, 'sdp_seed': None, 'warm_start_corr_strength': None, 'warm_start_corr_repeats': None, 'warm_start_correlations': None, 'compare_with_010101': None, 'init_QAOAparams_close_to_zero': None, 'use_correlations_as_initial_params': None, 'time_limit': 10800, 'failed_instance_termination_thrsh': 10, 'weighted': False, 'easiest_first': True, 'cpu_util_threshold': None, 'debug': False, 'save_circuit_svg': False, 'rerun_exclude_finished_instances': False, 'optimiser_debug_iterations': None, 'num_repeats': 1, 'relative_graph_adjList_path': 'HOG_graphs/random_graphs_8to15vertices_1094instances_20260625_144734_AdjacencyList.txt'}, Running QAOA with equal superposition
Benchmark run ID: 60555132
Benchmark repeat index: 1
SDP seed override: None
Processor: x86_64
Hostname: dacsgpu0003
Total RAM (GB): None
Physical cores: 64
Logical cores: 64
Python version: 3.11.15
Initialisation time: 0.00 seconds; started at stardate {'initialisation': 0.002279520034790039} and finished at stardate1782474822.6186023
Loaded HOG graph index 865 with 40 edges.
Instance generation for n=865 took 0.02 seconds; started at stardate 1782474822.6186085 and finished at stardate 1782474822.6432757
Running QAOA for n=14 nodes, m=40 edges...; Max iterations: 0
Edges: [(3, 8), (3, 5), (3, 11), (4, 6), (0, 5), (0, 2), (0, 8), (9, 11), (0, 11), (5, 13), (6, 12), (4, 5), (3, 7), (2, 5), (3, 10), (0, 1), (0, 4), (1, 9), (0, 13), (6, 8), (5, 6), (5, 12), (6, 11), (5, 9), (3, 6), (2, 10), (3, 9), (2, 7), (4, 10), (3, 12), (4, 7), (4, 13), (7, 9), (0, 3), (7, 12), (0, 6), (6, 10), (5, 8), (6, 7), (6, 13)], weights: [1.0, 1.0, 1.0, 1.0, 1.0, 1.0, 1.0, 1.0, 1.0, 1.0, 1.0, 1.0, 1.0, 1.0, 1.0, 1.0, 1.0, 1.0, 1.0, 1.0, 1.0, 1.0, 1.0, 1.0, 1.0, 1.0, 1.0, 1.0, 1.0, 1.0, 1.0, 1.0, 1.0, 1.0, 1.0, 1.0, 1.0, 1.0, 1.0, 1.0], set of nodes: {0, 1, 2, 3, 4, 5, 6, 7, 8, 9, 10, 11, 12, 13}, n: 14 nodes, p: 0 layers, N_bayes: 0 iterations
Solving for uuid: 88a17020
No warm start: Default initial state is equal superposition
Building standard QAOA circuit with 2 parameter types (γ and β)
17.921376494562836
QAOA optimisation for n=865 took 0.19 seconds; started at stardate 1782474822.643279 and finished at stardate 1782474822.834431
Finished QAOA for n=14 nodes, m=40 edges at 2026-06-26 13:53:42 on x86_64. Time taken: 0.19 seconds. Hours: 0.00 hours. Peak RAM: 0.23 MB.
Unknown graph type for approximation ratio calculation; checking misc CSV.
Checking optimal_results_misc.csv for matching edges and weights...
Found matching exact result in misc CSV: 17.921376494562836
CSV writing for n=865 took 0.01 seconds; started at stardate 1782474822.8344371 and finished at stardate 1782474822.8421395
results: {865: 17.921376494562836}
durations: {14: 0.19115543365478516}
Results saved to: Results/logs/exact/qaoa_results_exact_20260626_134258_pid1463067.csv
Global end time: 1782474822.8421464
Finalisation time: 0.00 seconds; started at stardate 1782474822.8421414 and finished at stardate 1782474822.842149
Sum of all section times: 0.23 seconds
run_id: 60555132
