Starting QAOA benchmark with global start time: 1782474864.4226384
Benchmark parameters: {'optimiser': 'exact', 'optimiser_use_heuristic': None, 'heuristic_optimiser_iterations': None, 'heuristic_optimiser_sampleSize': None, 'circuit_type': 'HOG', 'parameter_vector': None, 'iterations_list': None, 'learning_rate_adam': None, 'depth_list': None, 'n_start': 0, 'n_end': 1015, 'graph_generation_type': 'hog', 'singlet_injection': None, 'start_index_singlet': None, 'warm_start': None, 'warm_start_mode': None, 'lasserre_level': None, 'initial_solver_level_M': None, 'sdp_seed': None, 'warm_start_corr_strength': None, 'warm_start_corr_repeats': None, 'warm_start_correlations': None, 'compare_with_010101': None, 'init_QAOAparams_close_to_zero': None, 'use_correlations_as_initial_params': None, 'time_limit': 10800, 'failed_instance_termination_thrsh': 10, 'weighted': False, 'easiest_first': True, 'cpu_util_threshold': None, 'debug': False, 'save_circuit_svg': False, 'rerun_exclude_finished_instances': False, 'optimiser_debug_iterations': None, 'num_repeats': 1, 'relative_graph_adjList_path': 'HOG_graphs/random_graphs_8to15vertices_1094instances_20260625_144734_AdjacencyList.txt'}, Running QAOA with equal superposition
Benchmark run ID: aed39867
Benchmark repeat index: 1
SDP seed override: None
Processor: x86_64
Hostname: dacsgpu0003
Total RAM (GB): None
Physical cores: 64
Logical cores: 64
Python version: 3.11.15
Initialisation time: 0.00 seconds; started at stardate {'initialisation': 0.0021390914916992188} and finished at stardate1782474864.4247842
Loaded HOG graph index 922 with 60 edges.
Instance generation for n=922 took 0.02 seconds; started at stardate 1782474864.4247885 and finished at stardate 1782474864.4486654
Running QAOA for n=15 nodes, m=60 edges...; Max iterations: 0
Edges: [(2, 6), (3, 5), (11, 12), (4, 6), (3, 14), (7, 8), (7, 11), (0, 5), (8, 10), (1, 4), (9, 11), (10, 13), (1, 13), (0, 11), (12, 13), (0, 14), (5, 10), (6, 9), (5, 7), (3, 4), (4, 5), (3, 7), (2, 5), (2, 11), (4, 8), (2, 14), (13, 14), (7, 10), (1, 3), (0, 1), (8, 12), (9, 10), (0, 4), (9, 13), (10, 12), (0, 7), (0, 13), (1, 12), (6, 8), (5, 6), (3, 6), (2, 4), (2, 10), (11, 13), (2, 13), (4, 7), (8, 11), (0, 3), (8, 14), (1, 2), (9, 12), (10, 11), (0, 12), (1, 5), (10, 14), (1, 14), (12, 14), (6, 10), (5, 8), (6, 7)], weights: [1.0, 1.0, 1.0, 1.0, 1.0, 1.0, 1.0, 1.0, 1.0, 1.0, 1.0, 1.0, 1.0, 1.0, 1.0, 1.0, 1.0, 1.0, 1.0, 1.0, 1.0, 1.0, 1.0, 1.0, 1.0, 1.0, 1.0, 1.0, 1.0, 1.0, 1.0, 1.0, 1.0, 1.0, 1.0, 1.0, 1.0, 1.0, 1.0, 1.0, 1.0, 1.0, 1.0, 1.0, 1.0, 1.0, 1.0, 1.0, 1.0, 1.0, 1.0, 1.0, 1.0, 1.0, 1.0, 1.0, 1.0, 1.0, 1.0, 1.0], set of nodes: {0, 1, 2, 3, 4, 5, 6, 7, 8, 9, 10, 11, 12, 13, 14}, n: 15 nodes, p: 0 layers, N_bayes: 0 iterations
Solving for uuid: 42617718
No warm start: Default initial state is equal superposition
Building standard QAOA circuit with 2 parameter types (γ and β)
24.211368940931507
QAOA optimisation for n=922 took 0.65 seconds; started at stardate 1782474864.4486687 and finished at stardate 1782474865.0939887
Finished QAOA for n=15 nodes, m=60 edges at 2026-06-26 13:54:25 on x86_64. Time taken: 0.65 seconds. Hours: 0.00 hours. Peak RAM: 0.28 MB.
Unknown graph type for approximation ratio calculation; checking misc CSV.
Checking optimal_results_misc.csv for matching edges and weights...
Found matching exact result in misc CSV: 24.211368940931507
CSV writing for n=922 took 0.01 seconds; started at stardate 1782474865.0939958 and finished at stardate 1782474865.1046476
results: {922: 24.211368940931507}
durations: {15: 0.6453242301940918}
Results saved to: Results/logs/exact/qaoa_results_exact_20260626_134258_pid1463067.csv
Global end time: 1782474865.1046565
Finalisation time: 0.00 seconds; started at stardate 1782474865.1046503 and finished at stardate 1782474865.10466
Sum of all section times: 0.68 seconds
run_id: aed39867
