Starting QAOA benchmark with global start time: 1782474723.1400325
Benchmark parameters: {'optimiser': 'exact', 'optimiser_use_heuristic': None, 'heuristic_optimiser_iterations': None, 'heuristic_optimiser_sampleSize': None, 'circuit_type': 'HOG', 'parameter_vector': None, 'iterations_list': None, 'learning_rate_adam': None, 'depth_list': None, 'n_start': 0, 'n_end': 1015, 'graph_generation_type': 'hog', 'singlet_injection': None, 'start_index_singlet': None, 'warm_start': None, 'warm_start_mode': None, 'lasserre_level': None, 'initial_solver_level_M': None, 'sdp_seed': None, 'warm_start_corr_strength': None, 'warm_start_corr_repeats': None, 'warm_start_correlations': None, 'compare_with_010101': None, 'init_QAOAparams_close_to_zero': None, 'use_correlations_as_initial_params': None, 'time_limit': 10800, 'failed_instance_termination_thrsh': 10, 'weighted': False, 'easiest_first': True, 'cpu_util_threshold': None, 'debug': False, 'save_circuit_svg': False, 'rerun_exclude_finished_instances': False, 'optimiser_debug_iterations': None, 'num_repeats': 1, 'relative_graph_adjList_path': 'HOG_graphs/random_graphs_8to15vertices_1094instances_20260625_144734_AdjacencyList.txt'}, Running QAOA with equal superposition
Benchmark run ID: 5269fe90
Benchmark repeat index: 1
SDP seed override: None
Processor: x86_64
Hostname: dacsgpu0003
Total RAM (GB): None
Physical cores: 64
Logical cores: 64
Python version: 3.11.15
Initialisation time: 0.00 seconds; started at stardate {'initialisation': 0.0020008087158203125} and finished at stardate1782474723.1420393
Loaded HOG graph index 732 with 13 edges.
Instance generation for n=732 took 0.02 seconds; started at stardate 1782474723.1420429 and finished at stardate 1782474723.1653428
Running QAOA for n=13 nodes, m=13 edges...; Max iterations: 0
Edges: [(8, 9), (0, 11), (9, 10), (1, 9), (3, 5), (5, 6), (0, 12), (2, 8), (4, 5), (0, 9), (6, 11), (7, 8), (5, 8)], weights: [1.0, 1.0, 1.0, 1.0, 1.0, 1.0, 1.0, 1.0, 1.0, 1.0, 1.0, 1.0, 1.0], set of nodes: {0, 1, 2, 3, 4, 5, 6, 7, 8, 9, 10, 11, 12}, n: 13 nodes, p: 0 layers, N_bayes: 0 iterations
Solving for uuid: c4139a39
No warm start: Default initial state is equal superposition
Building standard QAOA circuit with 2 parameter types (γ and β)
8.37269949448887
QAOA optimisation for n=732 took 0.04 seconds; started at stardate 1782474723.1653464 and finished at stardate 1782474723.2039201
Finished QAOA for n=13 nodes, m=13 edges at 2026-06-26 13:52:03 on x86_64. Time taken: 0.04 seconds. Hours: 0.00 hours. Peak RAM: 0.22 MB.
Unknown graph type for approximation ratio calculation; checking misc CSV.
Checking optimal_results_misc.csv for matching edges and weights...
Found matching exact result in misc CSV: 8.37269949448887
CSV writing for n=732 took 0.01 seconds; started at stardate 1782474723.2039263 and finished at stardate 1782474723.2108414
results: {732: 8.37269949448887}
durations: {13: 0.03857779502868652}
Results saved to: Results/logs/exact/qaoa_results_exact_20260626_134258_pid1463067.csv
Global end time: 1782474723.2108493
Finalisation time: 0.00 seconds; started at stardate 1782474723.2108436 and finished at stardate 1782474723.2108521
Sum of all section times: 0.07 seconds
run_id: 5269fe90
