Starting QAOA benchmark with global start time: 1782474869.9903436
Benchmark parameters: {'optimiser': 'exact', 'optimiser_use_heuristic': None, 'heuristic_optimiser_iterations': None, 'heuristic_optimiser_sampleSize': None, 'circuit_type': 'HOG', 'parameter_vector': None, 'iterations_list': None, 'learning_rate_adam': None, 'depth_list': None, 'n_start': 0, 'n_end': 1015, 'graph_generation_type': 'hog', 'singlet_injection': None, 'start_index_singlet': None, 'warm_start': None, 'warm_start_mode': None, 'lasserre_level': None, 'initial_solver_level_M': None, 'sdp_seed': None, 'warm_start_corr_strength': None, 'warm_start_corr_repeats': None, 'warm_start_correlations': None, 'compare_with_010101': None, 'init_QAOAparams_close_to_zero': None, 'use_correlations_as_initial_params': None, 'time_limit': 10800, 'failed_instance_termination_thrsh': 10, 'weighted': False, 'easiest_first': True, 'cpu_util_threshold': None, 'debug': False, 'save_circuit_svg': False, 'rerun_exclude_finished_instances': False, 'optimiser_debug_iterations': None, 'num_repeats': 1, 'relative_graph_adjList_path': 'HOG_graphs/random_graphs_8to15vertices_1094instances_20260625_144734_AdjacencyList.txt'}, Running QAOA with equal superposition
Benchmark run ID: 8a85020f
Benchmark repeat index: 1
SDP seed override: None
Processor: x86_64
Hostname: dacsgpu0003
Total RAM (GB): None
Physical cores: 64
Logical cores: 64
Python version: 3.11.15
Initialisation time: 0.00 seconds; started at stardate {'initialisation': 0.004294157028198242} and finished at stardate1782474869.9946506
Loaded HOG graph index 929 with 75 edges.
Instance generation for n=929 took 0.04 seconds; started at stardate 1782474869.9946597 and finished at stardate 1782474870.0351925
Running QAOA for n=15 nodes, m=75 edges...; Max iterations: 0
Edges: [(5, 11), (5, 14), (2, 3), (3, 8), (3, 5), (3, 11), (2, 9), (11, 12), (4, 12), (3, 14), (2, 12), (4, 9), (7, 8), (8, 13), (8, 10), (7, 14), (1, 10), (0, 2), (0, 8), (1, 7), (9, 11), (10, 13), (12, 13), (6, 9), (5, 7), (5, 13), (3, 4), (2, 8), (2, 5), (2, 11), (4, 8), (3, 10), (11, 14), (13, 14), (4, 11), (7, 10), (1, 3), (0, 1), (7, 13), (9, 10), (0, 4), (9, 13), (1, 9), (0, 7), (0, 13), (5, 6), (5, 12), (6, 11), (5, 9), (6, 14), (3, 6), (11, 13), (2, 10), (3, 9), (2, 7), (2, 13), (4, 10), (3, 12), (4, 7), (4, 13), (8, 11), (7, 9), (1, 2), (10, 11), (0, 6), (0, 12), (1, 5), (1, 11), (0, 9), (10, 14), (1, 14), (12, 14), (6, 10), (5, 8), (6, 7)], weights: [1.0, 1.0, 1.0, 1.0, 1.0, 1.0, 1.0, 1.0, 1.0, 1.0, 1.0, 1.0, 1.0, 1.0, 1.0, 1.0, 1.0, 1.0, 1.0, 1.0, 1.0, 1.0, 1.0, 1.0, 1.0, 1.0, 1.0, 1.0, 1.0, 1.0, 1.0, 1.0, 1.0, 1.0, 1.0, 1.0, 1.0, 1.0, 1.0, 1.0, 1.0, 1.0, 1.0, 1.0, 1.0, 1.0, 1.0, 1.0, 1.0, 1.0, 1.0, 1.0, 1.0, 1.0, 1.0, 1.0, 1.0, 1.0, 1.0, 1.0, 1.0, 1.0, 1.0, 1.0, 1.0, 1.0, 1.0, 1.0, 1.0, 1.0, 1.0, 1.0, 1.0, 1.0, 1.0], set of nodes: {0, 1, 2, 3, 4, 5, 6, 7, 8, 9, 10, 11, 12, 13, 14}, n: 15 nodes, p: 0 layers, N_bayes: 0 iterations
Solving for uuid: 2dadf7d5
No warm start: Default initial state is equal superposition
Building standard QAOA circuit with 2 parameter types (γ and β)
28.72439036517423
QAOA optimisation for n=929 took 0.84 seconds; started at stardate 1782474870.0352 and finished at stardate 1782474870.8782463
Finished QAOA for n=15 nodes, m=75 edges at 2026-06-26 13:54:30 on x86_64. Time taken: 0.84 seconds. Hours: 0.00 hours. Peak RAM: 0.3 MB.
Unknown graph type for approximation ratio calculation; checking misc CSV.
Checking optimal_results_misc.csv for matching edges and weights...
Found matching exact result in misc CSV: 28.72439036517423
CSV writing for n=929 took 0.01 seconds; started at stardate 1782474870.8782527 and finished at stardate 1782474870.887055
results: {929: 28.72439036517423}
durations: {15: 0.8430514335632324}
Results saved to: Results/logs/exact/qaoa_results_exact_20260626_134258_pid1463067.csv
Global end time: 1782474870.8870628
Finalisation time: 0.00 seconds; started at stardate 1782474870.8870573 and finished at stardate 1782474870.8870656
Sum of all section times: 0.90 seconds
run_id: 8a85020f
