Starting QAOA benchmark with global start time: 1782474881.6386607
Benchmark parameters: {'optimiser': 'exact', 'optimiser_use_heuristic': None, 'heuristic_optimiser_iterations': None, 'heuristic_optimiser_sampleSize': None, 'circuit_type': 'HOG', 'parameter_vector': None, 'iterations_list': None, 'learning_rate_adam': None, 'depth_list': None, 'n_start': 0, 'n_end': 1015, 'graph_generation_type': 'hog', 'singlet_injection': None, 'start_index_singlet': None, 'warm_start': None, 'warm_start_mode': None, 'lasserre_level': None, 'initial_solver_level_M': None, 'sdp_seed': None, 'warm_start_corr_strength': None, 'warm_start_corr_repeats': None, 'warm_start_correlations': None, 'compare_with_010101': None, 'init_QAOAparams_close_to_zero': None, 'use_correlations_as_initial_params': None, 'time_limit': 10800, 'failed_instance_termination_thrsh': 10, 'weighted': False, 'easiest_first': True, 'cpu_util_threshold': None, 'debug': False, 'save_circuit_svg': False, 'rerun_exclude_finished_instances': False, 'optimiser_debug_iterations': None, 'num_repeats': 1, 'relative_graph_adjList_path': 'HOG_graphs/random_graphs_8to15vertices_1094instances_20260625_144734_AdjacencyList.txt'}, Running QAOA with equal superposition
Benchmark run ID: 74ddb15e
Benchmark repeat index: 1
SDP seed override: None
Processor: x86_64
Hostname: dacsgpu0003
Total RAM (GB): None
Physical cores: 64
Logical cores: 64
Python version: 3.11.15
Initialisation time: 0.00 seconds; started at stardate {'initialisation': 0.0029866695404052734} and finished at stardate1782474881.6416562
Loaded HOG graph index 944 with 15 edges.
Instance generation for n=944 took 0.04 seconds; started at stardate 1782474881.641663 and finished at stardate 1782474881.6777682
Running QAOA for n=15 nodes, m=15 edges...; Max iterations: 0
Edges: [(3, 12), (4, 7), (5, 10), (9, 13), (0, 7), (4, 6), (8, 14), (5, 12), (2, 8), (1, 11), (0, 9), (1, 14), (3, 6), (11, 13), (2, 10)], weights: [1.0, 1.0, 1.0, 1.0, 1.0, 1.0, 1.0, 1.0, 1.0, 1.0, 1.0, 1.0, 1.0, 1.0, 1.0], set of nodes: {0, 1, 2, 3, 4, 5, 6, 7, 8, 9, 10, 11, 12, 13, 14}, n: 15 nodes, p: 0 layers, N_bayes: 0 iterations
Solving for uuid: 4d05ae4e
No warm start: Default initial state is equal superposition
Building standard QAOA circuit with 2 parameter types (γ and β)
10.283667572465747
QAOA optimisation for n=944 took 0.26 seconds; started at stardate 1782474881.6777737 and finished at stardate 1782474881.9351866
Finished QAOA for n=15 nodes, m=15 edges at 2026-06-26 13:54:41 on x86_64. Time taken: 0.26 seconds. Hours: 0.00 hours. Peak RAM: 0.23 MB.
Computing cycle approximation ratio
Error during approximation ratio calculation: can only convert an array of size 1 to a Python scalar. Checking misc CSV as fallback.
Checking optimal_results_misc.csv for matching edges and weights...
Found matching exact result in misc CSV: 10.283667572465747
CSV writing for n=944 took 0.01 seconds; started at stardate 1782474881.9351938 and finished at stardate 1782474881.945896
results: {944: 10.283667572465747}
durations: {15: 0.2574179172515869}
Results saved to: Results/logs/exact/qaoa_results_exact_20260626_134258_pid1463067.csv
Global end time: 1782474881.9459057
Finalisation time: 0.00 seconds; started at stardate 1782474881.9458997 and finished at stardate 1782474881.945909
Sum of all section times: 0.31 seconds
run_id: 74ddb15e
