Starting QAOA benchmark with global start time: 1782474511.38453
Benchmark parameters: {'optimiser': 'exact', 'optimiser_use_heuristic': None, 'heuristic_optimiser_iterations': None, 'heuristic_optimiser_sampleSize': None, 'circuit_type': 'HOG', 'parameter_vector': None, 'iterations_list': None, 'learning_rate_adam': None, 'depth_list': None, 'n_start': 0, 'n_end': 1015, 'graph_generation_type': 'hog', 'singlet_injection': None, 'start_index_singlet': None, 'warm_start': None, 'warm_start_mode': None, 'lasserre_level': None, 'initial_solver_level_M': None, 'sdp_seed': None, 'warm_start_corr_strength': None, 'warm_start_corr_repeats': None, 'warm_start_correlations': None, 'compare_with_010101': None, 'init_QAOAparams_close_to_zero': None, 'use_correlations_as_initial_params': None, 'time_limit': 10800, 'failed_instance_termination_thrsh': 10, 'weighted': False, 'easiest_first': True, 'cpu_util_threshold': None, 'debug': False, 'save_circuit_svg': False, 'rerun_exclude_finished_instances': False, 'optimiser_debug_iterations': None, 'num_repeats': 1, 'relative_graph_adjList_path': 'HOG_graphs/random_graphs_8to15vertices_1094instances_20260625_144734_AdjacencyList.txt'}, Running QAOA with equal superposition
Benchmark run ID: aaea9754
Benchmark repeat index: 1
SDP seed override: None
Processor: x86_64
Hostname: dacsgpu0003
Total RAM (GB): None
Physical cores: 64
Logical cores: 64
Python version: 3.11.15
Initialisation time: 0.00 seconds; started at stardate {'initialisation': 0.002020597457885742} and finished at stardate1782474511.386556
Loaded HOG graph index 445 with 18 edges.
Instance generation for n=445 took 0.02 seconds; started at stardate 1782474511.3865592 and finished at stardate 1782474511.410447
Running QAOA for n=11 nodes, m=18 edges...; Max iterations: 0
Edges: [(8, 9), (2, 7), (4, 10), (1, 6), (4, 7), (0, 10), (6, 9), (7, 9), (0, 3), (4, 6), (1, 2), (1, 8), (3, 4), (4, 9), (5, 6), (5, 9), (3, 7), (2, 5)], weights: [1.0, 1.0, 1.0, 1.0, 1.0, 1.0, 1.0, 1.0, 1.0, 1.0, 1.0, 1.0, 1.0, 1.0, 1.0, 1.0, 1.0, 1.0], set of nodes: {0, 1, 2, 3, 4, 5, 6, 7, 8, 9, 10}, n: 11 nodes, p: 0 layers, N_bayes: 0 iterations
Solving for uuid: b1fd958b
No warm start: Default initial state is equal superposition
Building standard QAOA circuit with 2 parameter types (γ and β)
10.065131819149974
QAOA optimisation for n=445 took 0.02 seconds; started at stardate 1782474511.4104502 and finished at stardate 1782474511.4334664
Finished QAOA for n=11 nodes, m=18 edges at 2026-06-26 13:48:31 on x86_64. Time taken: 0.02 seconds. Hours: 0.00 hours. Peak RAM: 0.21 MB.
Unknown graph type for approximation ratio calculation; checking misc CSV.
Checking optimal_results_misc.csv for matching edges and weights...
Found matching exact result in misc CSV: 10.065131819149974
CSV writing for n=445 took 0.01 seconds; started at stardate 1782474511.4334724 and finished at stardate 1782474511.4389942
results: {445: 10.065131819149974}
durations: {11: 0.023019790649414062}
Results saved to: Results/logs/exact/qaoa_results_exact_20260626_134258_pid1463067.csv
Global end time: 1782474511.4390006
Finalisation time: 0.00 seconds; started at stardate 1782474511.4389963 and finished at stardate 1782474511.4390035
Sum of all section times: 0.05 seconds
run_id: aaea9754
