Starting QAOA benchmark with global start time: 1782474887.2709124
Benchmark parameters: {'optimiser': 'exact', 'optimiser_use_heuristic': None, 'heuristic_optimiser_iterations': None, 'heuristic_optimiser_sampleSize': None, 'circuit_type': 'HOG', 'parameter_vector': None, 'iterations_list': None, 'learning_rate_adam': None, 'depth_list': None, 'n_start': 0, 'n_end': 1015, 'graph_generation_type': 'hog', 'singlet_injection': None, 'start_index_singlet': None, 'warm_start': None, 'warm_start_mode': None, 'lasserre_level': None, 'initial_solver_level_M': None, 'sdp_seed': None, 'warm_start_corr_strength': None, 'warm_start_corr_repeats': None, 'warm_start_correlations': None, 'compare_with_010101': None, 'init_QAOAparams_close_to_zero': None, 'use_correlations_as_initial_params': None, 'time_limit': 10800, 'failed_instance_termination_thrsh': 10, 'weighted': False, 'easiest_first': True, 'cpu_util_threshold': None, 'debug': False, 'save_circuit_svg': False, 'rerun_exclude_finished_instances': False, 'optimiser_debug_iterations': None, 'num_repeats': 1, 'relative_graph_adjList_path': 'HOG_graphs/random_graphs_8to15vertices_1094instances_20260625_144734_AdjacencyList.txt'}, Running QAOA with equal superposition
Benchmark run ID: 0f673c9e
Benchmark repeat index: 1
SDP seed override: None
Processor: x86_64
Hostname: dacsgpu0003
Total RAM (GB): None
Physical cores: 64
Logical cores: 64
Python version: 3.11.15
Initialisation time: 0.00 seconds; started at stardate {'initialisation': 0.003535747528076172} and finished at stardate1782474887.2744625
Loaded HOG graph index 949 with 26 edges.
Instance generation for n=949 took 0.03 seconds; started at stardate 1782474887.2744713 and finished at stardate 1782474887.3000255
Running QAOA for n=15 nodes, m=26 edges...; Max iterations: 0
Edges: [(3, 8), (3, 5), (2, 9), (4, 6), (0, 5), (8, 10), (1, 4), (0, 2), (1, 13), (0, 11), (0, 14), (2, 11), (1, 3), (0, 1), (8, 12), (0, 4), (0, 7), (6, 8), (5, 6), (4, 7), (4, 13), (0, 3), (0, 12), (0, 9), (1, 14), (6, 10)], weights: [1.0, 1.0, 1.0, 1.0, 1.0, 1.0, 1.0, 1.0, 1.0, 1.0, 1.0, 1.0, 1.0, 1.0, 1.0, 1.0, 1.0, 1.0, 1.0, 1.0, 1.0, 1.0, 1.0, 1.0, 1.0, 1.0], set of nodes: {0, 1, 2, 3, 4, 5, 6, 7, 8, 9, 10, 11, 12, 13, 14}, n: 15 nodes, p: 0 layers, N_bayes: 0 iterations
Solving for uuid: 61969628
No warm start: Default initial state is equal superposition
Building standard QAOA circuit with 2 parameter types (γ and β)
13.190682415311226
QAOA optimisation for n=949 took 0.47 seconds; started at stardate 1782474887.3000298 and finished at stardate 1782474887.771217
Finished QAOA for n=15 nodes, m=26 edges at 2026-06-26 13:54:47 on x86_64. Time taken: 0.47 seconds. Hours: 0.00 hours. Peak RAM: 0.24 MB.
Unknown graph type for approximation ratio calculation; checking misc CSV.
Checking optimal_results_misc.csv for matching edges and weights...
Found matching exact result in misc CSV: 13.190682415311226
CSV writing for n=949 took 0.01 seconds; started at stardate 1782474887.7712235 and finished at stardate 1782474887.7795484
results: {949: 13.190682415311226}
durations: {15: 0.4711916446685791}
Results saved to: Results/logs/exact/qaoa_results_exact_20260626_134258_pid1463067.csv
Global end time: 1782474887.7795577
Finalisation time: 0.00 seconds; started at stardate 1782474887.7795515 and finished at stardate 1782474887.7795606
Sum of all section times: 0.51 seconds
run_id: 0f673c9e
