Starting QAOA benchmark with global start time: 1782474905.1455872
Benchmark parameters: {'optimiser': 'exact', 'optimiser_use_heuristic': None, 'heuristic_optimiser_iterations': None, 'heuristic_optimiser_sampleSize': None, 'circuit_type': 'HOG', 'parameter_vector': None, 'iterations_list': None, 'learning_rate_adam': None, 'depth_list': None, 'n_start': 0, 'n_end': 1015, 'graph_generation_type': 'hog', 'singlet_injection': None, 'start_index_singlet': None, 'warm_start': None, 'warm_start_mode': None, 'lasserre_level': None, 'initial_solver_level_M': None, 'sdp_seed': None, 'warm_start_corr_strength': None, 'warm_start_corr_repeats': None, 'warm_start_correlations': None, 'compare_with_010101': None, 'init_QAOAparams_close_to_zero': None, 'use_correlations_as_initial_params': None, 'time_limit': 10800, 'failed_instance_termination_thrsh': 10, 'weighted': False, 'easiest_first': True, 'cpu_util_threshold': None, 'debug': False, 'save_circuit_svg': False, 'rerun_exclude_finished_instances': False, 'optimiser_debug_iterations': None, 'num_repeats': 1, 'relative_graph_adjList_path': 'HOG_graphs/random_graphs_8to15vertices_1094instances_20260625_144734_AdjacencyList.txt'}, Running QAOA with equal superposition
Benchmark run ID: 495f9510
Benchmark repeat index: 1
SDP seed override: None
Processor: x86_64
Hostname: dacsgpu0003
Total RAM (GB): None
Physical cores: 64
Logical cores: 64
Python version: 3.11.15
Initialisation time: 0.00 seconds; started at stardate {'initialisation': 0.0030901432037353516} and finished at stardate1782474905.1486895
Loaded HOG graph index 971 with 75 edges.
Instance generation for n=971 took 0.04 seconds; started at stardate 1782474905.1486964 and finished at stardate 1782474905.1889307
Running QAOA for n=15 nodes, m=75 edges...; Max iterations: 0
Edges: [(5, 14), (2, 3), (3, 8), (2, 6), (3, 5), (2, 9), (4, 12), (3, 14), (4, 9), (7, 8), (8, 10), (1, 4), (7, 14), (0, 8), (10, 13), (1, 13), (0, 11), (9, 14), (12, 13), (0, 14), (5, 10), (6, 9), (5, 7), (6, 12), (3, 4), (2, 8), (4, 5), (3, 7), (2, 5), (2, 11), (4, 8), (3, 10), (11, 14), (13, 14), (4, 11), (8, 9), (4, 14), (1, 3), (7, 13), (9, 10), (0, 4), (9, 13), (1, 9), (1, 12), (6, 8), (5, 6), (5, 12), (5, 9), (9, 12), (6, 14), (2, 4), (2, 10), (3, 9), (4, 10), (3, 12), (4, 7), (4, 13), (8, 11), (7, 9), (0, 3), (8, 14), (1, 2), (1, 8), (0, 6), (0, 12), (1, 5), (1, 11), (0, 9), (7, 12), (10, 11), (1, 14), (12, 14), (5, 8), (6, 7), (6, 13)], weights: [1.0, 1.0, 1.0, 1.0, 1.0, 1.0, 1.0, 1.0, 1.0, 1.0, 1.0, 1.0, 1.0, 1.0, 1.0, 1.0, 1.0, 1.0, 1.0, 1.0, 1.0, 1.0, 1.0, 1.0, 1.0, 1.0, 1.0, 1.0, 1.0, 1.0, 1.0, 1.0, 1.0, 1.0, 1.0, 1.0, 1.0, 1.0, 1.0, 1.0, 1.0, 1.0, 1.0, 1.0, 1.0, 1.0, 1.0, 1.0, 1.0, 1.0, 1.0, 1.0, 1.0, 1.0, 1.0, 1.0, 1.0, 1.0, 1.0, 1.0, 1.0, 1.0, 1.0, 1.0, 1.0, 1.0, 1.0, 1.0, 1.0, 1.0, 1.0, 1.0, 1.0, 1.0, 1.0], set of nodes: {0, 1, 2, 3, 4, 5, 6, 7, 8, 9, 10, 11, 12, 13, 14}, n: 15 nodes, p: 0 layers, N_bayes: 0 iterations
Solving for uuid: ae4744e7
No warm start: Default initial state is equal superposition
Building standard QAOA circuit with 2 parameter types (γ and β)
27.973440930322553
QAOA optimisation for n=971 took 1.26 seconds; started at stardate 1782474905.1889365 and finished at stardate 1782474906.448631
Finished QAOA for n=15 nodes, m=75 edges at 2026-06-26 13:55:06 on x86_64. Time taken: 1.26 seconds. Hours: 0.00 hours. Peak RAM: 0.3 MB.
Unknown graph type for approximation ratio calculation; checking misc CSV.
Checking optimal_results_misc.csv for matching edges and weights...
Found matching exact result in misc CSV: 27.973440930322553
CSV writing for n=971 took 0.01 seconds; started at stardate 1782474906.4486375 and finished at stardate 1782474906.4570851
results: {971: 27.973440930322553}
durations: {15: 1.2596995830535889}
Results saved to: Results/logs/exact/qaoa_results_exact_20260626_134258_pid1463067.csv
Global end time: 1782474906.4570937
Finalisation time: 0.00 seconds; started at stardate 1782474906.457088 and finished at stardate 1782474906.4570963
Sum of all section times: 1.31 seconds
run_id: 495f9510
