Starting QAOA benchmark with global start time: 1789053387.6206005
Benchmark parameters: {'optimiser': 'adam', 'optimiser_use_heuristic': True, 'heuristic_optimiser_iterations': 1, 'heuristic_optimiser_sampleSize': 25, 'circuit_type': 'hamqaoa', 'parameter_vector': [1, 1, 1], 'iterations_list': [75], 'learning_rate_adam': 0.05, 'depth_list': [6, 7, 8, 9, 10], 'n_start': None, 'n_end': None, 'singlet_injection': False, 'start_index_singlet': None, 'warm_start': True, 'warm_start_mode': 'entangled_king', 'lasserre_level': 2, 'initial_solver_level_M': 2, 'sdp_seed': 42, 'sdp_solver_mode': 'scs', 'sdp_scs_eps': 1e-06, 'sdp_scs_max_iters': 100000, 'warm_start_corr_strength': None, 'warm_start_corr_repeats': None, 'compare_with_010101': False, 'init_QAOAparams_close_to_zero': False, 'use_correlations_as_initial_params': False, 'time_limit': None, 'failed_instance_termination_thrsh': None, 'graph_generation_type': 'hog', 'weighted': False, 'easiest_first': False, 'cpu_util_threshold': None, 'debug': False, 'save_circuit_svg': False, 'rerun_exclude_finished_instances': False, 'warm_start_cache_producer_only': False, 'qaoa_only_from_existing_warm_start_cache': True, 'optimiser_debug_iterations': None, 'num_repeats': 1, 'relative_graph_adjList_path': 'HOG_graphs/triangleFree_connected_4to8vertices_176instances_AdjacencyList.txt', 'persistent_warm_start_cache': True, 'warm_start_cache_dir': 'Results/warm_start_cache', 'warm_start_cache_max_file_mb': 512, 'warm_start_cache_max_total_gb': 60, 'sdp_max_parallel': 0, 'qaoa_max_parallel': 16, 'sdp_threads': 1, 'qaoa_threads': 1, 'sdp_memory_limit_total_gb': 0, 'sdp_memory_limit_single_gb': 0, 'sdp_memory_poll_seconds': 5, 'sdp_max_retries': 0, 'queue_poll_interval_seconds': 5, 'max_graph_vertices': 10, 'completed_result_csv_paths': [], 'qaoa_seed': 42, 'initialise_standard_warm_start_with_zero_angles': False, 'result_name_suffix': '_FINAL_BENCHMARKS_KINGENTANGLED_BestPerformers', 'algorithm17_beta_mode': 'analytic_instance'}, Running QAOA with equal superposition
Benchmark run ID: b674ea7f
Benchmark repeat index: 1
Configured SDP rounding seed: 42
QAOA seed used: 42
Processor: x86_64
Hostname: dacsvm-cpunode01
Total RAM (GB): None
Physical cores: 32
Logical cores: 32
Python version: 3.11.15
Initialisation time: 0.01 seconds; started at stardate {'initialisation': 0.005094766616821289} and finished at stardate1789053387.6257086
Loaded HOG graph index 26 with 5 edges.
Instance generation for n=26 took 0.00 seconds; started at stardate 1789053387.6257186 and finished at stardate 1789053387.6300569
Running QAOA for n=6 nodes, m=5 edges...; Max iterations: 75
Warm-start cache: loading Results/warm_start_cache/triangleFree_connected_4to8vertices_176instances_AdjacencyList__filehash_279b7452/hog_idx000026_c1a8f5359efd_seed42_L2_M2_betaanalytic_instance_amplified.npz
Warm-start cache: loaded in 0.0032 seconds; effective compute time=90.04339051246643
Edges: [(1, 3), (3, 5), (4, 5), (0, 5), (2, 4)], weights: [1.0, 1.0, 1.0, 1.0, 1.0], set of nodes: {0, 1, 2, 3, 4, 5}, n: 6 nodes, p: 6 layers, N_bayes: 75 iterations
Solving for uuid: eba2b96b
Entangled King warm start: equal superposition; King rotations applied in each QAOA layer
Running ADAM optimization with a single iteration (no debug loop)
6.763300076469823
QAOA optimisation for n=26 took 90.84 seconds; started at stardate 1789053387.6300662 and finished at stardate 1789053478.4704843
Finished QAOA for n=6 nodes, m=5 edges at 2026-09-10 17:17:58 on x86_64. Time taken: 90.84 seconds. Hours: 0.03 hours. Peak RAM: 0.25 MB.
Unknown graph type for approximation ratio calculation; checking misc CSV.
Checking optimal_results_misc.csv for matching edges and weights...
Found matching exact result in misc CSV: 3.724744871391597
CSV writing for n=26 took 0.01 seconds; started at stardate 1789053478.470492 and finished at stardate 1789053478.4791672
results: {26: 6.763300076469823}
durations: {6: 90.84042525291443}
Results saved to: Results/logs/adam/qaoa_results_adam_20260910_152008_pid1581354_FINAL_BENCHMARKS_KINGENTANGLED_BestPerformers.csv
Global end time: 1789053478.4791777
Finalisation time: 0.00 seconds; started at stardate 1789053478.4791708 and finished at stardate 1789053478.4791822
Sum of all section times: 90.86 seconds
run_id: b674ea7f
