/home/i6408800/MasterThesis/QAOA/Code/Circuit.py:192: UserWarning: No classical warm-start cut provided for HAMQAOA; using random cut values for fourth HAMQAOA gate. This may lead to suboptimal performance and may be unintentional if a classical warm start was intended.
  warnings.warn(
Starting QAOA benchmark with global start time: 1787768360.6380906
Benchmark parameters: {'optimiser': 'adam', 'optimiser_use_heuristic': True, 'heuristic_optimiser_iterations': 1, 'heuristic_optimiser_sampleSize': 10, 'circuit_type': 'hamqaoa', 'parameter_vector': [1, 1, 1], 'iterations_list': [75], 'learning_rate_adam': 0.01, 'depth_list': [1, 2, 3, 4, 5], 'n_start': None, 'n_end': None, 'singlet_injection': False, 'start_index_singlet': None, 'warm_start': False, 'warm_start_mode': None, 'lasserre_level': None, 'initial_solver_level_M': None, 'sdp_seed': None, 'sdp_solver_mode': None, 'sdp_scs_eps': None, 'sdp_scs_max_iters': None, 'warm_start_corr_strength': None, 'warm_start_corr_repeats': None, 'compare_with_010101': False, 'init_QAOAparams_close_to_zero': False, 'use_correlations_as_initial_params': None, 'time_limit': None, 'failed_instance_termination_thrsh': None, 'graph_generation_type': 'hog', 'weighted': False, 'easiest_first': False, 'cpu_util_threshold': None, 'debug': False, 'save_circuit_svg': False, 'rerun_exclude_finished_instances': True, 'warm_start_cache_producer_only': False, 'qaoa_only_from_existing_warm_start_cache': False, 'optimiser_debug_iterations': None, 'num_repeats': 1, 'relative_graph_adjList_path': 'HOG_graphs/Exp5/list_193_graphs_adjacency_listhog_v04-12_planar_clawFree.txt', 'persistent_warm_start_cache': False, 'warm_start_cache_dir': None, 'warm_start_cache_max_file_mb': None, 'warm_start_cache_max_total_gb': None, 'sdp_max_parallel': 0, 'qaoa_max_parallel': 16, 'sdp_threads': 1, 'qaoa_threads': 1, 'sdp_memory_limit_total_gb': 0, 'sdp_memory_limit_single_gb': 0, 'sdp_memory_poll_seconds': None, 'sdp_max_retries': 0, 'queue_poll_interval_seconds': 5, 'max_graph_vertices': 10, 'completed_result_csv_paths': [], 'qaoa_seed': 42, 'initialise_standard_warm_start_with_zero_angles': False, 'result_name_suffix': '_Exp5_subexp4_standardWithHeuristic_rerun2508_03'}, Running QAOA with equal superposition
Benchmark run ID: ebf90e32
Benchmark repeat index: 1
SDP seed override: None
QAOA seed used: 42
Processor: x86_64
Hostname: dacsgpu0002
Total RAM (GB): None
Physical cores: 64
Logical cores: 64
Python version: 3.11.15
Initialisation time: 0.02 seconds; started at stardate {'initialisation': 0.01685190200805664} and finished at stardate1787768360.6549547
Loaded HOG graph index 70 with 21 edges.
Instance generation for n=70 took 0.00 seconds; started at stardate 1787768360.6549628 and finished at stardate 1787768360.6594214
Running QAOA for n=9 nodes, m=21 edges...; Max iterations: 75
Edges: [(2, 6), (3, 5), (4, 6), (7, 8), (0, 5), (1, 4), (1, 7), (5, 7), (3, 4), (2, 8), (3, 7), (2, 5), (4, 8), (1, 3), (0, 4), (6, 8), (5, 6), (2, 7), (0, 3), (1, 8), (0, 6)], weights: [1.0, 1.0, 1.0, 1.0, 1.0, 1.0, 1.0, 1.0, 1.0, 1.0, 1.0, 1.0, 1.0, 1.0, 1.0, 1.0, 1.0, 1.0, 1.0, 1.0, 1.0], set of nodes: {0, 1, 2, 3, 4, 5, 6, 7, 8}, n: 9 nodes, p: 5 layers, N_bayes: 75 iterations
Solving for uuid: 3433cdf2
No warm start: Default initial state is equal superposition
Running ADAM optimization with a single iteration (no debug loop)
5.916360561495613
QAOA optimisation for n=70 took 44.95 seconds; started at stardate 1787768360.6594272 and finished at stardate 1787768405.6087508
Finished QAOA for n=9 nodes, m=21 edges at 2026-08-26 20:20:05 on x86_64. Time taken: 44.95 seconds. Hours: 0.01 hours. Peak RAM: 0.24 MB.
Unknown graph type for approximation ratio calculation; checking misc CSV.
Checking optimal_results_misc.csv for matching edges and weights...
Found matching exact result in misc CSV: 9.266478447977926
CSV writing for n=70 took 0.01 seconds; started at stardate 1787768405.608759 and finished at stardate 1787768405.6194189
results: {70: 5.916360561495613}
durations: {9: 44.9493293762207}
Results saved to: Results/logs/adam/qaoa_results_adam_20260826_201916_pid295883_Exp5_subexp4_standardWithHeuristic_rerun2508_03.csv
Global end time: 1787768405.6194303
Finalisation time: 0.00 seconds; started at stardate 1787768405.6194227 and finished at stardate 1787768405.6194348
Sum of all section times: 44.98 seconds
run_id: ebf90e32
