Starting QAOA benchmark with global start time: 1788989714.1683588
Benchmark parameters: {'optimiser': 'adam', 'optimiser_use_heuristic': False, 'heuristic_optimiser_iterations': None, 'heuristic_optimiser_sampleSize': None, 'circuit_type': 'hamqaoa', 'parameter_vector': [1, 1, 1], 'iterations_list': [75], 'learning_rate_adam': 0.01, 'depth_list': [1, 2, 3, 4, 5], 'n_start': None, 'n_end': None, 'singlet_injection': False, 'start_index_singlet': None, 'warm_start': True, 'warm_start_mode': 'amplified_king', 'lasserre_level': 2, 'initial_solver_level_M': 2, 'sdp_seed': 42, 'sdp_solver_mode': 'scs', 'sdp_scs_eps': 1e-06, 'sdp_scs_max_iters': 100000, 'warm_start_corr_strength': None, 'warm_start_corr_repeats': None, 'compare_with_010101': False, 'init_QAOAparams_close_to_zero': False, 'use_correlations_as_initial_params': False, 'time_limit': None, 'failed_instance_termination_thrsh': None, 'graph_generation_type': 'hog', 'weighted': False, 'easiest_first': True, 'cpu_util_threshold': None, 'debug': False, 'save_circuit_svg': False, 'rerun_exclude_finished_instances': False, 'warm_start_cache_producer_only': False, 'qaoa_only_from_existing_warm_start_cache': True, 'optimiser_debug_iterations': None, 'num_repeats': 1, 'relative_graph_adjList_path': 'HOG_graphs/Exp5/list_454_graphs_adjacency_listhog_v04-12_bipartite.txt', 'persistent_warm_start_cache': True, 'warm_start_cache_dir': 'Results/warm_start_cache', 'warm_start_cache_max_file_mb': 512, 'warm_start_cache_max_total_gb': 60, 'sdp_max_parallel': 0, 'qaoa_max_parallel': 16, 'sdp_threads': 1, 'qaoa_threads': 1, 'sdp_memory_limit_total_gb': 0, 'sdp_memory_limit_single_gb': 0, 'sdp_memory_poll_seconds': 5, 'sdp_max_retries': 0, 'queue_poll_interval_seconds': 5, 'max_graph_vertices': 10, 'completed_result_csv_paths': [], 'qaoa_seed': 42, 'initialise_standard_warm_start_with_zero_angles': True, 'result_name_suffix': '_FINAL_BENCHMARKS_KINGAMPLIFIED', 'algorithm17_beta_mode': 'analytic_instance'}, Running QAOA with equal superposition
Benchmark run ID: dd897b14
Benchmark repeat index: 1
Configured SDP rounding seed: 42
QAOA seed used: 42
Processor: x86_64
Hostname: dacsgpu0003
Total RAM (GB): None
Physical cores: 64
Logical cores: 64
Python version: 3.11.15
Initialisation time: 0.00 seconds; started at stardate {'initialisation': 0.0045757293701171875} and finished at stardate1788989714.172942
Loaded HOG graph index 54 with 7 edges.
Instance generation for n=54 took 0.01 seconds; started at stardate 1788989714.1729476 and finished at stardate 1788989714.182164
Running QAOA for n=7 nodes, m=7 edges...; Max iterations: 75
Warm-start cache: loading Results/warm_start_cache/list_454_graphs_adjacency_listhog_v04-12_bipartite__filehash_0815e7e8/hog_idx000054_49803a9fe904_seed42_L2_M2_betaanalytic_instance_amplified.npz
Warm-start cache: loaded in 0.0029 seconds; effective compute time=345.816104888916
Edges: [(1, 6), (2, 6), (3, 5), (4, 6), (0, 6), (4, 5), (3, 6)], weights: [1.0, 1.0, 1.0, 1.0, 1.0, 1.0, 1.0], set of nodes: {0, 1, 2, 3, 4, 5, 6}, n: 7 nodes, p: 5 layers, N_bayes: 75 iterations
Solving for uuid: 3f8ff53d
Initial state injected as warm start
Running ADAM optimization with a single iteration (no debug loop)
7.1561902164939415
QAOA optimisation for n=54 took 25.56 seconds; started at stardate 1788989714.1821687 and finished at stardate 1788989739.739861
Finished QAOA for n=7 nodes, m=7 edges at 2026-09-09 23:35:39 on x86_64. Time taken: 25.56 seconds. Hours: 0.01 hours. Peak RAM: 0.27 MB.
Unknown graph type for approximation ratio calculation; checking misc CSV.
Checking optimal_results_misc.csv for matching edges and weights...
Found matching exact result in misc CSV: 4.4172315099641
CSV writing for n=54 took 0.01 seconds; started at stardate 1788989739.7398677 and finished at stardate 1788989739.745585
results: {54: 7.1561902164939415}
durations: {7: 25.55769634246826}
Results saved to: Results/logs/adam/qaoa_results_adam_20260909_230001_pid3193228_FINAL_BENCHMARKS_KINGAMPLIFIED.csv
Global end time: 1788989739.745596
Finalisation time: 0.00 seconds; started at stardate 1788989739.7455885 and finished at stardate 1788989739.7456005
Sum of all section times: 25.58 seconds
run_id: dd897b14
