Starting QAOA benchmark with global start time: 1788912550.3422265
Benchmark parameters: {'optimiser': 'adam', 'optimiser_use_heuristic': False, 'heuristic_optimiser_iterations': None, 'heuristic_optimiser_sampleSize': None, 'circuit_type': 'hamqaoa', 'parameter_vector': [1, 1, 1], 'iterations_list': [75], 'learning_rate_adam': 0.01, 'depth_list': [1, 2, 3, 4, 5], 'n_start': None, 'n_end': None, 'singlet_injection': False, 'start_index_singlet': None, 'warm_start': True, 'warm_start_mode': 'standard', 'lasserre_level': 2, 'initial_solver_level_M': 2, 'sdp_seed': 42, 'sdp_solver_mode': 'scs', 'sdp_scs_eps': 1e-06, 'sdp_scs_max_iters': 100000, 'warm_start_corr_strength': None, 'warm_start_corr_repeats': None, 'compare_with_010101': False, 'init_QAOAparams_close_to_zero': False, 'use_correlations_as_initial_params': False, 'time_limit': None, 'failed_instance_termination_thrsh': None, 'graph_generation_type': 'hog', 'weighted': False, 'easiest_first': True, 'cpu_util_threshold': None, 'debug': False, 'save_circuit_svg': False, 'rerun_exclude_finished_instances': False, 'warm_start_cache_producer_only': False, 'qaoa_only_from_existing_warm_start_cache': True, 'optimiser_debug_iterations': None, 'num_repeats': 1, 'relative_graph_adjList_path': 'HOG_graphs/Exp5/list_454_graphs_adjacency_listhog_v04-12_bipartite.txt', 'persistent_warm_start_cache': True, 'warm_start_cache_dir': 'Results/warm_start_cache', 'warm_start_cache_max_file_mb': 512, 'warm_start_cache_max_total_gb': 60, 'sdp_max_parallel': 0, 'qaoa_max_parallel': 16, 'sdp_threads': 1, 'qaoa_threads': 1, 'sdp_memory_limit_total_gb': 0, 'sdp_memory_limit_single_gb': 0, 'sdp_memory_poll_seconds': 5, 'sdp_max_retries': 0, 'queue_poll_interval_seconds': 5, 'max_graph_vertices': 10, 'completed_result_csv_paths': [], 'qaoa_seed': 42, 'initialise_standard_warm_start_with_zero_angles': True, 'result_name_suffix': '_FINAL_BENCHMARKS_STANDARD', 'algorithm17_beta_mode': 'analytic_instance'}, Running QAOA with equal superposition
Benchmark run ID: c4e5555f
Benchmark repeat index: 1
Configured SDP rounding seed: 42
QAOA seed used: 42
Processor: x86_64
Hostname: dacsvm-cpunode01
Total RAM (GB): None
Physical cores: 32
Logical cores: 32
Python version: 3.11.15
Initialisation time: 0.01 seconds; started at stardate {'initialisation': 0.005247354507446289} and finished at stardate1788912550.3474848
Loaded HOG graph index 448 with 10 edges.
Instance generation for n=448 took 0.01 seconds; started at stardate 1788912550.347494 and finished at stardate 1788912550.3623567
Running QAOA for n=8 nodes, m=10 edges...; Max iterations: 75
Warm-start cache: loading Results/warm_start_cache/list_454_graphs_adjacency_listhog_v04-12_bipartite__filehash_0815e7e8/hog_idx000448_2f3dc11a2b55_seed42_L2_M2_betaanalytic_instance_amplified.npz
Warm-start cache: loaded in 0.0044 seconds; effective compute time=1187.889393568039
Edges: [(2, 7), (0, 1), (3, 5), (4, 6), (5, 6), (0, 6), (3, 7), (6, 7), (2, 4), (1, 7)], weights: [1.0, 1.0, 1.0, 1.0, 1.0, 1.0, 1.0, 1.0, 1.0, 1.0], set of nodes: {0, 1, 2, 3, 4, 5, 6, 7}, n: 8 nodes, p: 1 layers, N_bayes: 75 iterations
Solving for uuid: c6dd6f80
Initial state injected as warm start
Running ADAM optimization with a single iteration (no debug loop)
8.460887967841273
QAOA optimisation for n=448 took 6.26 seconds; started at stardate 1788912550.3623648 and finished at stardate 1788912556.6181352
Finished QAOA for n=8 nodes, m=10 edges at 2026-09-09 02:09:16 on x86_64. Time taken: 6.26 seconds. Hours: 0.00 hours. Peak RAM: 0.25 MB.
Unknown graph type for approximation ratio calculation; checking misc CSV.
Checking optimal_results_misc.csv for matching edges and weights...
Found matching exact result in misc CSV: 6.707293268821677
CSV writing for n=448 took 0.01 seconds; started at stardate 1788912556.618146 and finished at stardate 1788912556.6258411
results: {448: 8.460887967841273}
durations: {8: 6.255778074264526}
Results saved to: Results/logs/adam/qaoa_results_adam_20260909_000559_pid900552_FINAL_BENCHMARKS_STANDARD.csv
Global end time: 1788912556.6258507
Finalisation time: 0.00 seconds; started at stardate 1788912556.6258447 and finished at stardate 1788912556.62591
Sum of all section times: 6.28 seconds
run_id: c4e5555f
