Starting QAOA benchmark with global start time: 1787125124.8608763
Benchmark parameters: {'optimiser': 'adam', 'optimiser_use_heuristic': True, 'heuristic_optimiser_iterations': 1, 'heuristic_optimiser_sampleSize': 50, 'circuit_type': 'hamqaoa', 'parameter_vector': [1, 1, 1], 'iterations_list': [50], 'learning_rate_adam': 0.001, 'depth_list': [1, 2, 3, 5], 'n_start': None, 'n_end': None, 'singlet_injection': False, 'start_index_singlet': None, 'warm_start': True, 'warm_start_mode': 'standard', 'lasserre_level': 2, 'initial_solver_level_M': 2, 'sdp_seed': None, 'sdp_solver_mode': 'scs', 'sdp_scs_eps': 1e-06, 'sdp_scs_max_iters': 100000, 'warm_start_corr_strength': None, 'warm_start_corr_repeats': None, 'compare_with_010101': False, 'init_QAOAparams_close_to_zero': False, 'use_correlations_as_initial_params': False, 'time_limit': None, 'failed_instance_termination_thrsh': None, 'graph_generation_type': 'hog', 'weighted': False, 'easiest_first': False, 'cpu_util_threshold': None, 'debug': False, 'save_circuit_svg': False, 'rerun_exclude_finished_instances': True, 'warm_start_cache_producer_only': False, 'qaoa_only_from_existing_warm_start_cache': True, 'optimiser_debug_iterations': None, 'num_repeats': 1, 'relative_graph_adjList_path': 'HOG_graphs/Exp5/list_193_graphs_adjacency_listhog_v04-12_planar_clawFree.txt', 'persistent_warm_start_cache': True, 'warm_start_cache_dir': 'Results/warm_start_cache', 'warm_start_cache_max_file_mb': 512, 'warm_start_cache_max_total_gb': 60, 'sdp_max_parallel': 0, 'qaoa_max_parallel': 16, 'sdp_threads': 1, 'qaoa_threads': 1, 'sdp_memory_limit_total_gb': 0, 'sdp_memory_limit_single_gb': 0, 'sdp_memory_poll_seconds': 5, 'sdp_max_retries': 0, 'queue_poll_interval_seconds': 5, 'max_graph_vertices': 11, 'completed_result_csv_paths': [], 'qaoa_seed': 1, 'initialise_standard_warm_start_with_zero_angles': False, 'result_name_suffix': '_Exp5_subexp4_standardWithHeuristic'}, Running QAOA with equal superposition
Benchmark run ID: cbaded20
Benchmark repeat index: 1
SDP seed override: None
QAOA seed: 5200201
Processor: x86_64
Hostname: dacsgpu0002
Total RAM (GB): None
Physical cores: 64
Logical cores: 64
Python version: 3.11.15
Initialisation time: 0.01 seconds; started at stardate {'initialisation': 0.005099296569824219} and finished at stardate1787125124.865983
Loaded HOG graph index 52 with 6 edges.
Instance generation for n=52 took 0.01 seconds; started at stardate 1787125124.8659892 and finished at stardate 1787125124.8729863
Running QAOA for n=5 nodes, m=6 edges...; Max iterations: 50
Warm-start cache: loading Results/warm_start_cache/list_193_graphs_adjacency_listhog_v04-12_planar_clawFree__filehash_62ae5075/hog_idx000052_09e737059c5c_noseed_L2_M2_amplified.npz
Warm-start cache: loaded in 0.0030 seconds; effective compute time=29.880883932113647
Edges: [(0, 1), (2, 3), (0, 4), (3, 4), (1, 4), (2, 4)], weights: [1.0, 1.0, 1.0, 1.0, 1.0, 1.0], set of nodes: {0, 1, 2, 3, 4}, n: 5 nodes, p: 3 layers, N_bayes: 50 iterations
Solving for uuid: afb97b73
Initial state injected as warm start
Running ADAM optimization with a single iteration (no debug loop)
4.283282066390177
QAOA optimisation for n=52 took 12.87 seconds; started at stardate 1787125124.8729916 and finished at stardate 1787125137.739254
Finished QAOA for n=5 nodes, m=6 edges at 2026-08-19 09:38:57 on x86_64. Time taken: 12.87 seconds. Hours: 0.00 hours. Peak RAM: 0.23 MB.
Unknown graph type for approximation ratio calculation; checking misc CSV.
Checking optimal_results_misc.csv for matching edges and weights...
Found matching exact result in misc CSV: 3.000000000000006
CSV writing for n=52 took 0.04 seconds; started at stardate 1787125137.7392626 and finished at stardate 1787125137.7769034
results: {52: 4.283282066390177}
durations: {5: 12.866267919540405}
Results saved to: Results/logs/adam/qaoa_results_adam_20260819_090237_pid2690497_Exp5_subexp4_standardWithHeuristic.csv
Global end time: 1787125137.7769184
Finalisation time: 0.00 seconds; started at stardate 1787125137.7769096 and finished at stardate 1787125137.7769234
Sum of all section times: 12.92 seconds
run_id: cbaded20
