/home/i6408800/MasterThesis/QAOA/Code/Circuit.py:182: UserWarning: No classical warm-start cut provided for HAMQAOA; using random cut values for fourth HAMQAOA gate. This may lead to suboptimal performance and may be unintentional if a classical warm start was intended.
  warnings.warn(
Starting QAOA benchmark with global start time: 1784468638.7257044
Benchmark parameters: {'optimiser': 'adam', 'optimiser_use_heuristic': True, 'heuristic_optimiser_iterations': 1, 'heuristic_optimiser_sampleSize': 10, 'circuit_type': 'hamqaoa', 'parameter_vector': [1, 1, 1], 'iterations_list': [5, 10, 25, 50], 'learning_rate_adam': 0.05, 'depth_list': [1, 2], 'n_start': None, 'n_end': None, 'singlet_injection': False, 'start_index_singlet': None, 'warm_start': False, 'warm_start_mode': None, 'lasserre_level': None, 'initial_solver_level_M': None, 'sdp_seed': None, 'sdp_solver_mode': None, 'sdp_scs_eps': None, 'sdp_scs_max_iters': None, 'warm_start_corr_strength': None, 'warm_start_corr_repeats': None, 'compare_with_010101': False, 'init_QAOAparams_close_to_zero': False, 'use_correlations_as_initial_params': None, 'time_limit': None, 'failed_instance_termination_thrsh': None, 'graph_generation_type': 'hog', 'weighted': False, 'easiest_first': True, 'cpu_util_threshold': None, 'debug': False, 'save_circuit_svg': False, 'rerun_exclude_finished_instances': False, 'warm_start_cache_producer_only': False, 'qaoa_only_from_existing_warm_start_cache': False, 'optimiser_debug_iterations': None, 'num_repeats': 1, 'relative_graph_adjList_path': 'HOG_graphs/random_graphs_8to14vertices_78instances_20260625_143415_AdjacencyList.txt', 'persistent_warm_start_cache': False, 'warm_start_cache_dir': None, 'warm_start_cache_max_file_mb': None, 'warm_start_cache_max_total_gb': None, 'sdp_max_parallel': 0, 'qaoa_max_parallel': 32, 'sdp_threads': None, 'qaoa_threads': 1, 'sdp_memory_limit_total_gb': None, 'sdp_memory_limit_single_gb': None, 'sdp_memory_poll_seconds': None, 'sdp_max_retries': None, 'queue_poll_interval_seconds': 5}, Running QAOA with equal superposition
Benchmark run ID: 8456e167
Benchmark repeat index: 1
SDP seed override: None
Processor: x86_64
Hostname: dacsgpu0003
Total RAM (GB): None
Physical cores: 64
Logical cores: 64
Python version: 3.11.15
Initialisation time: 0.00 seconds; started at stardate {'initialisation': 0.004927635192871094} and finished at stardate1784468638.7306414
Loaded HOG graph index 74 with 28 edges.
Instance generation for n=74 took 0.00 seconds; started at stardate 1784468638.7306473 and finished at stardate 1784468638.7339015
Running QAOA for n=14 nodes, m=28 edges...; Max iterations: 5
Edges: [(2, 3), (3, 5), (11, 12), (4, 6), (4, 12), (7, 8), (0, 5), (0, 2), (9, 11), (1, 13), (5, 7), (2, 8), (4, 5), (1, 3), (0, 1), (9, 10), (1, 6), (10, 12), (0, 13), (2, 4), (11, 13), (3, 12), (8, 11), (7, 9), (1, 2), (10, 11), (0, 12), (6, 7)], weights: [1.0, 1.0, 1.0, 1.0, 1.0, 1.0, 1.0, 1.0, 1.0, 1.0, 1.0, 1.0, 1.0, 1.0, 1.0, 1.0, 1.0, 1.0, 1.0, 1.0, 1.0, 1.0, 1.0, 1.0, 1.0, 1.0, 1.0, 1.0], set of nodes: {0, 1, 2, 3, 4, 5, 6, 7, 8, 9, 10, 11, 12, 13}, n: 14 nodes, p: 2 layers, N_bayes: 5 iterations
Solving for uuid: 9c4e40e4
No warm start: Default initial state is equal superposition
Running ADAM optimization with a single iteration (no debug loop)
7.516119859496205
QAOA optimisation for n=74 took 5.60 seconds; started at stardate 1784468638.7339063 and finished at stardate 1784468644.337269
Finished QAOA for n=14 nodes, m=28 edges at 2026-07-19 15:44:04 on x86_64. Time taken: 5.60 seconds. Hours: 0.00 hours. Peak RAM: 0.23 MB.
Unknown graph type for approximation ratio calculation; checking misc CSV.
Checking optimal_results_misc.csv for matching edges and weights...
Found matching exact result in misc CSV: 15.054658730907123
CSV writing for n=74 took 0.00 seconds; started at stardate 1784468644.3372808 and finished at stardate 1784468644.341894
results: {74: 7.516119859496205}
durations: {14: 5.603369235992432}
Results saved to: Results/logs/adam/qaoa_results_adam_20260719_152917_pid649304.csv
Global end time: 1784468644.3422377
Finalisation time: 0.00 seconds; started at stardate 1784468644.341902 and finished at stardate 1784468644.3422444
Sum of all section times: 5.62 seconds
run_id: 8456e167
