/home/i6408800/MasterThesis/QAOA/Code/Circuit.py:182: UserWarning: No classical warm-start cut provided for HAMQAOA; using random cut values for fourth HAMQAOA gate. This may lead to suboptimal performance and may be unintentional if a classical warm start was intended.
  warnings.warn(
Starting QAOA benchmark with global start time: 1784468217.1546643
Benchmark parameters: {'optimiser': 'adam', 'optimiser_use_heuristic': True, 'heuristic_optimiser_iterations': 1, 'heuristic_optimiser_sampleSize': 10, 'circuit_type': 'hamqaoa', 'parameter_vector': [1, 1, 1], 'iterations_list': [5, 10, 25, 50], 'learning_rate_adam': 0.05, 'depth_list': [1, 2], 'n_start': None, 'n_end': None, 'singlet_injection': False, 'start_index_singlet': None, 'warm_start': False, 'warm_start_mode': None, 'lasserre_level': None, 'initial_solver_level_M': None, 'sdp_seed': None, 'sdp_solver_mode': None, 'sdp_scs_eps': None, 'sdp_scs_max_iters': None, 'warm_start_corr_strength': None, 'warm_start_corr_repeats': None, 'compare_with_010101': False, 'init_QAOAparams_close_to_zero': False, 'use_correlations_as_initial_params': None, 'time_limit': None, 'failed_instance_termination_thrsh': None, 'graph_generation_type': 'hog', 'weighted': False, 'easiest_first': True, 'cpu_util_threshold': None, 'debug': False, 'save_circuit_svg': False, 'rerun_exclude_finished_instances': False, 'warm_start_cache_producer_only': False, 'qaoa_only_from_existing_warm_start_cache': False, 'optimiser_debug_iterations': None, 'num_repeats': 1, 'relative_graph_adjList_path': 'HOG_graphs/random_graphs_8to14vertices_78instances_20260625_143415_AdjacencyList.txt', 'persistent_warm_start_cache': False, 'warm_start_cache_dir': None, 'warm_start_cache_max_file_mb': None, 'warm_start_cache_max_total_gb': None, 'sdp_max_parallel': 0, 'qaoa_max_parallel': 32, 'sdp_threads': None, 'qaoa_threads': 1, 'sdp_memory_limit_total_gb': None, 'sdp_memory_limit_single_gb': None, 'sdp_memory_poll_seconds': None, 'sdp_max_retries': None, 'queue_poll_interval_seconds': 5}, Running QAOA with equal superposition
Benchmark run ID: 07a77ac9
Benchmark repeat index: 1
SDP seed override: None
Processor: x86_64
Hostname: dacsgpu0003
Total RAM (GB): None
Physical cores: 64
Logical cores: 64
Python version: 3.11.15
Initialisation time: 0.00 seconds; started at stardate {'initialisation': 0.00307464599609375} and finished at stardate1784468217.157747
Loaded HOG graph index 55 with 36 edges.
Instance generation for n=55 took 0.00 seconds; started at stardate 1784468217.157753 and finished at stardate 1784468217.160308
Running QAOA for n=12 nodes, m=36 edges...; Max iterations: 25
Edges: [(5, 11), (3, 8), (3, 11), (2, 9), (4, 6), (4, 9), (7, 8), (0, 5), (0, 2), (1, 10), (0, 11), (6, 9), (5, 7), (2, 5), (2, 11), (3, 10), (7, 10), (8, 9), (0, 1), (9, 10), (1, 6), (0, 4), (0, 10), (1, 9), (3, 6), (2, 4), (2, 7), (8, 11), (7, 9), (0, 3), (1, 2), (10, 11), (1, 5), (6, 10), (5, 8), (6, 7)], weights: [1.0, 1.0, 1.0, 1.0, 1.0, 1.0, 1.0, 1.0, 1.0, 1.0, 1.0, 1.0, 1.0, 1.0, 1.0, 1.0, 1.0, 1.0, 1.0, 1.0, 1.0, 1.0, 1.0, 1.0, 1.0, 1.0, 1.0, 1.0, 1.0, 1.0, 1.0, 1.0, 1.0, 1.0, 1.0, 1.0], set of nodes: {0, 1, 2, 3, 4, 5, 6, 7, 8, 9, 10, 11}, n: 12 nodes, p: 2 layers, N_bayes: 25 iterations
Solving for uuid: 0654fed1
No warm start: Default initial state is equal superposition
Running ADAM optimization with a single iteration (no debug loop)
12.770899553291695
QAOA optimisation for n=55 took 7.87 seconds; started at stardate 1784468217.1603127 and finished at stardate 1784468225.032649
Finished QAOA for n=12 nodes, m=36 edges at 2026-07-19 15:37:05 on x86_64. Time taken: 7.87 seconds. Hours: 0.00 hours. Peak RAM: 0.22 MB.
Unknown graph type for approximation ratio calculation; checking misc CSV.
Checking optimal_results_misc.csv for matching edges and weights...
Found matching exact result in misc CSV: 16.172400501172454
CSV writing for n=55 took 0.00 seconds; started at stardate 1784468225.0326557 and finished at stardate 1784468225.034784
results: {55: 12.770899553291695}
durations: {12: 7.872341156005859}
Results saved to: Results/logs/adam/qaoa_results_adam_20260719_152917_pid649304.csv
Global end time: 1784468225.0347943
Finalisation time: 0.00 seconds; started at stardate 1784468225.0347877 and finished at stardate 1784468225.0347967
Sum of all section times: 7.88 seconds
run_id: 07a77ac9
