Starting QAOA benchmark with global start time: 1787466937.9855592
Benchmark parameters: {'optimiser': 'adam', 'optimiser_use_heuristic': True, 'heuristic_optimiser_iterations': 1, 'heuristic_optimiser_sampleSize': 20, 'circuit_type': 'hamqaoa', 'parameter_vector': [1, 1, 1], 'iterations_list': [50], 'learning_rate_adam': 0.001, 'depth_list': [1, 2, 3, 4, 5], 'n_start': None, 'n_end': None, 'singlet_injection': False, 'start_index_singlet': None, 'warm_start': True, 'warm_start_mode': 'amplified', 'lasserre_level': 1, 'initial_solver_level_M': 1, 'sdp_seed': None, 'sdp_solver_mode': 'scs', 'sdp_scs_eps': 1e-06, 'sdp_scs_max_iters': 100000, 'warm_start_corr_strength': None, 'warm_start_corr_repeats': None, 'compare_with_010101': False, 'init_QAOAparams_close_to_zero': False, 'use_correlations_as_initial_params': False, 'time_limit': None, 'failed_instance_termination_thrsh': None, 'graph_generation_type': 'hog', 'weighted': False, 'easiest_first': False, 'cpu_util_threshold': None, 'debug': False, 'save_circuit_svg': False, 'rerun_exclude_finished_instances': True, 'warm_start_cache_producer_only': False, 'qaoa_only_from_existing_warm_start_cache': True, 'optimiser_debug_iterations': None, 'num_repeats': 1, 'relative_graph_adjList_path': 'HOG_graphs/Exp5/path_graphs_2to12vertices_11instances_AdjacencyList.txt', 'persistent_warm_start_cache': True, 'warm_start_cache_dir': 'Results/warm_start_cache', 'warm_start_cache_max_file_mb': 512, 'warm_start_cache_max_total_gb': 60, 'sdp_max_parallel': 0, 'qaoa_max_parallel': 16, 'sdp_threads': 1, 'qaoa_threads': 1, 'sdp_memory_limit_total_gb': 0, 'sdp_memory_limit_single_gb': 0, 'sdp_memory_poll_seconds': 5, 'sdp_max_retries': 0, 'queue_poll_interval_seconds': 5, 'max_graph_vertices': 11, 'completed_result_csv_paths': [], 'qaoa_seed': 1, 'initialise_standard_warm_start_with_zero_angles': False, 'result_name_suffix': '_Exp7_AmplifiedWithHeuristic'}, Running QAOA with equal superposition
Benchmark run ID: de1c0cd4
Benchmark repeat index: 1
SDP seed override: None
QAOA seed: 800301
Processor: x86_64
Hostname: dacsgpu0003
Total RAM (GB): None
Physical cores: 64
Logical cores: 64
Python version: 3.11.15
Initialisation time: 0.01 seconds; started at stardate {'initialisation': 0.0067369937896728516} and finished at stardate1787466937.9923067
Loaded HOG graph index 8 with 9 edges.
Instance generation for n=8 took 0.00 seconds; started at stardate 1787466937.9923127 and finished at stardate 1787466937.9928849
Running QAOA for n=10 nodes, m=9 edges...; Max iterations: 50
Warm-start cache: loading Results/warm_start_cache/path_graphs_2to12vertices_11instances_AdjacencyList__filehash_01292d61/hog_idx000008_1b5b4b14c875_noseed_L1_M1_amplified.npz
Warm-start cache: loaded in 0.0016 seconds; effective compute time=0.30118250846862793
Edges: [(8, 9), (0, 1), (2, 3), (1, 2), (5, 6), (3, 4), (7, 8), (4, 5), (6, 7)], weights: [1.0, 1.0, 1.0, 1.0, 1.0, 1.0, 1.0, 1.0, 1.0], set of nodes: {0, 1, 2, 3, 4, 5, 6, 7, 8, 9}, n: 10 nodes, p: 4 layers, N_bayes: 50 iterations
Solving for uuid: 4283261c
Initial state injected as warm start
Warm start correlations applied in the form of weak entanglement
Running ADAM optimization with a single iteration (no debug loop)
4.883280422491358
QAOA optimisation for n=8 took 228.16 seconds; started at stardate 1787466937.9928894 and finished at stardate 1787467166.155902
Finished QAOA for n=10 nodes, m=9 edges at 2026-08-23 08:39:26 on x86_64. Time taken: 228.16 seconds. Hours: 0.06 hours. Peak RAM: 1.24 MB.
Computing line approximation ratio
CSV writing for n=8 took 0.03 seconds; started at stardate 1787467166.155912 and finished at stardate 1787467166.1853147
results: {8: 4.883280422491358}
durations: {10: 228.16301846504211}
Results saved to: Results/logs/adam/qaoa_results_adam_20260823_083458_pid395004_Exp7_AmplifiedWithHeuristic.csv
Global end time: 1787467166.18534
Finalisation time: 0.00 seconds; started at stardate 1787467166.185324 and finished at stardate 1787467166.1853452
Sum of all section times: 228.20 seconds
run_id: de1c0cd4
