Starting QAOA benchmark with global start time: 1788351765.2525284
Benchmark parameters: {'optimiser': 'adam', 'optimiser_use_heuristic': None, 'heuristic_optimiser_iterations': None, 'heuristic_optimiser_sampleSize': None, 'circuit_type': 'hamqaoa', 'parameter_vector': [1, 1, 1], 'iterations_list': [75], 'learning_rate_adam': None, 'depth_list': [1], 'n_start': None, 'n_end': None, 'singlet_injection': False, 'start_index_singlet': None, 'warm_start': True, 'warm_start_mode': 'amplified', 'lasserre_level': 2, 'initial_solver_level_M': 2, 'sdp_seed': 42, 'algorithm17_num_seeds': 8, 'algorithm17_seed_start': 43, 'sdp_solver_mode': 'scs', 'sdp_scs_eps': 1e-07, 'sdp_scs_max_iters': 100000, 'warm_start_corr_strength': None, 'warm_start_corr_repeats': None, 'compare_with_010101': False, 'init_QAOAparams_close_to_zero': False, 'use_correlations_as_initial_params': False, 'time_limit': None, 'failed_instance_termination_thrsh': None, 'graph_generation_type': 'hog', 'weighted': False, 'easiest_first': False, 'cpu_util_threshold': None, 'debug': False, 'save_circuit_svg': False, 'rerun_exclude_finished_instances': True, 'warm_start_cache_producer_only': True, 'qaoa_only_from_existing_warm_start_cache': False, 'optimiser_debug_iterations': None, 'num_repeats': 1, 'relative_graph_adjList_path': 'HOG_graphs/triangleFree_connected_4to15vertices_829instances_AdjacencyList.txt', 'persistent_warm_start_cache': True, 'warm_start_cache_dir': 'Results/warm_start_cache_experiments/Exp4b_tf829_upto10_L2M2_kbest8_gpseed42_alg17start43', 'warm_start_cache_max_file_mb': 512, 'warm_start_cache_max_total_gb': 200, 'sdp_max_parallel': 32, 'qaoa_max_parallel': 0, 'sdp_threads': 1, 'qaoa_threads': 1, 'sdp_memory_limit_total_gb': 250, 'sdp_memory_limit_single_gb': 100, 'sdp_memory_poll_seconds': 5, 'sdp_max_retries': 3, 'queue_poll_interval_seconds': 5, 'max_graph_vertices': 10, 'completed_result_csv_paths': [], 'qaoa_seed': 1, 'initialise_standard_warm_start_with_zero_angles': False, 'result_name_suffix': '_Exp4b_tf829_upto10_L2M2_kbest8_gpseed42_alg17start43'}, Running QAOA with equal superposition
Benchmark run ID: e4e61360
Benchmark repeat index: 1
Configured SDP rounding seed: 42
QAOA seed used: 1
Processor: x86_64
Hostname: dacsvm-cpunode01
Total RAM (GB): None
Physical cores: 32
Logical cores: 32
Python version: 3.11.15
Initialisation time: 0.00 seconds; started at stardate {'initialisation': 0.0032663345336914062} and finished at stardate1788351765.2558007
Loaded HOG graph index 464 with 13 edges.
Instance generation for n=464 took 0.09 seconds; started at stardate 1788351765.2558067 and finished at stardate 1788351765.3440084
Running QAOA for n=10 nodes, m=13 edges...; Max iterations: 75
Warm-start: starting SDP solve for n_vertices=10
Warm-start: using configured sdp_seed=42
Using SCS solver for SDP with eps=1e-07, max_iters=100000.
SDP solver status: optimal
SDP solver name: SCS
SDP solver iterations: 5450
SDP solve time: 300.60580104300004
SDP extra stats: {'x': array([ 1.00000000e+00,  6.33549689e-13, -5.11758704e-12, ...,
        1.00000000e+00,  7.59538597e-18,  1.00000000e+00], shape=(95266,)), 'y': array([3.21605016e-02, 1.33213193e-02, 1.33213193e-02, ...,
       1.51717085e-02, 4.16793008e-12, 5.24956974e-02], shape=(265112,)), 's': array([0.00000000e+00, 0.00000000e+00, 0.00000000e+00, ...,
       1.00000000e+00, 1.76306506e-14, 9.99999998e-01], shape=(265112,)), 'info': {'status_val': 1, 'iter': 5450, 'scale_updates': 3, 'scale': 4.902723812853226, 'pobj': -10.416458982187123, 'dobj': -10.416458983653644, 'res_pri': 5.34359413835813e-08, 'res_dual': 1.4532526199328757e-07, 'gap': 1.46652112675838e-09, 'res_infeas': nan, 'res_unbdd_a': 0.09600191405841584, 'res_unbdd_p': 0.0, 'comp_slack': 9.197087535994797e-11, 'solve_time': 300605.801043, 'setup_time': 144.836163, 'lin_sys_time': 22059.400393000033, 'cone_time': 270470.19359699945, 'accel_time': 1639.8455549999983, 'rejected_accel_steps': 47, 'accepted_accel_steps': 4, 'status': 'solved'}}
Rounding...
Setting seed to 42
n_vertices: 10 for n = 30
Using seed 42 to generate random matrix for x.
Energy of rounded cut/product state: 10.066110214627969
Algorithm 17 lower-bound energy: 9.968834799872406
Algorithm 17 actual entangled-state energy: 11.063885745735604
SDP objective value: 16.916458982187123
9 in cut out of a total of 13 edges
Warm-start: SDP solve + rounding finished in 4482.12 seconds
Warm-start: using level-2 Algorithm 17 entangled statevector with shape (1024,)
Warm-start cache: moment matrix before save shape=(436, 436), dtype=float64, entries=190096, bytes=1520768 (1.45 MiB)
Warm-start cache: saved Results/warm_start_cache_experiments/Exp4b_tf829_upto10_L2M2_kbest8_gpseed42_alg17start43/triangleFree_connected_4to15vertices_829instances_AdjacencyList__filehash_af0e2099/hog_idx000464_8131f45552d3_seed42_L2_M2_amplified.npz in 0.0153 seconds
WARM_START_CACHE_PRODUCER_ONLY is set; warm-start cache has been produced/loaded. Exiting before QAOA optimisation.
