Starting QAOA benchmark with global start time: 1788291614.4361682
Benchmark parameters: {'optimiser': 'adam', 'optimiser_use_heuristic': None, 'heuristic_optimiser_iterations': None, 'heuristic_optimiser_sampleSize': None, 'circuit_type': 'hamqaoa', 'parameter_vector': [1, 1, 1], 'iterations_list': [75], 'learning_rate_adam': None, 'depth_list': [1], 'n_start': None, 'n_end': None, 'singlet_injection': False, 'start_index_singlet': None, 'warm_start': True, 'warm_start_mode': 'amplified', 'lasserre_level': 1, 'initial_solver_level_M': 1, 'sdp_seed': 43, 'sdp_solver_mode': 'scs', 'sdp_scs_eps': 1e-07, 'sdp_scs_max_iters': 100000, 'warm_start_corr_strength': None, 'warm_start_corr_repeats': None, 'compare_with_010101': False, 'init_QAOAparams_close_to_zero': False, 'use_correlations_as_initial_params': False, 'time_limit': None, 'failed_instance_termination_thrsh': None, 'graph_generation_type': 'hog', 'weighted': False, 'easiest_first': False, 'cpu_util_threshold': None, 'debug': False, 'save_circuit_svg': False, 'rerun_exclude_finished_instances': True, 'warm_start_cache_producer_only': True, 'qaoa_only_from_existing_warm_start_cache': False, 'optimiser_debug_iterations': None, 'num_repeats': 1, 'relative_graph_adjList_path': 'HOG_graphs/triangleFree_connected_4to15vertices_829instances_AdjacencyList.txt', 'persistent_warm_start_cache': True, 'warm_start_cache_dir': 'Results/warm_start_cache_experiments/Exp4a_tf829_L1M1_gpseed43', 'warm_start_cache_max_file_mb': 512, 'warm_start_cache_max_total_gb': 200, 'sdp_max_parallel': 64, 'qaoa_max_parallel': 0, 'sdp_threads': 1, 'qaoa_threads': 1, 'sdp_memory_limit_total_gb': 250, 'sdp_memory_limit_single_gb': 100, 'sdp_memory_poll_seconds': 5, 'sdp_max_retries': 3, 'queue_poll_interval_seconds': 5, 'max_graph_vertices': 15, 'completed_result_csv_paths': [], 'qaoa_seed': 1, 'initialise_standard_warm_start_with_zero_angles': False, 'result_name_suffix': '_Exp4a_tf829_L1M1_gpseed43'}, Running QAOA with equal superposition
Benchmark run ID: 0bcadee7
Benchmark repeat index: 1
Configured SDP rounding seed: 43
QAOA seed used: 1
Processor: x86_64
Hostname: dacsgpu0002
Total RAM (GB): None
Physical cores: 64
Logical cores: 64
Python version: 3.11.15
Initialisation time: 0.00 seconds; started at stardate {'initialisation': 0.002724885940551758} and finished at stardate1788291614.4389033
Loaded HOG graph index 782 with 27 edges.
Instance generation for n=782 took 0.06 seconds; started at stardate 1788291614.4389095 and finished at stardate 1788291614.4962358
Running QAOA for n=14 nodes, m=27 edges...; Max iterations: 75
Warm-start: starting SDP solve for n_vertices=14
Warm-start: using configured sdp_seed=43
Starting SCS SDP solve for n_vertices=14, matrix_dim=42, edges=27
Using SCS solver for SDP with eps=1e-07, max_iters=100000.
Finished SDP solve with SCS. status=optimal. elapsed_seconds=0.10
SDP solver name: SCS
SDP solver iterations: 100
SDP solve time: 0.013780968
Rounding...
Setting seed to 43
n_vertices: 14 for n = 42
Using seed 43 to generate random matrix for x.
Energy of rounded cut/product state: 13.499999988832089
SDP objective value: 27.000000009172766
27 in cut out of a total of 27 edges
Warm-start: SDP solve + rounding finished in 1.79 seconds
Warm-start: built level-1 GP/GW product statevector in 0.00 seconds
Warm-start cache: moment matrix before save shape=(42, 42), dtype=float64, entries=1764, bytes=14112 (0.01 MiB)
Warm-start cache: saved Results/warm_start_cache_experiments/Exp4a_tf829_L1M1_gpseed43/triangleFree_connected_4to15vertices_829instances_AdjacencyList__filehash_af0e2099/hog_idx000782_0cffb7ef19b1_seed43_L1_M1_amplified.npz in 0.0047 seconds
WARM_START_CACHE_PRODUCER_ONLY is set; warm-start cache has been produced/loaded. Exiting before QAOA optimisation.
