Starting QAOA benchmark with global start time: 1788258809.978427
Benchmark parameters: {'optimiser': 'adam', 'optimiser_use_heuristic': None, 'heuristic_optimiser_iterations': None, 'heuristic_optimiser_sampleSize': None, 'circuit_type': 'hamqaoa', 'parameter_vector': [1, 1, 1], 'iterations_list': [75], 'learning_rate_adam': None, 'depth_list': [1], 'n_start': None, 'n_end': None, 'singlet_injection': False, 'start_index_singlet': None, 'warm_start': True, 'warm_start_mode': 'amplified', 'lasserre_level': 2, 'initial_solver_level_M': 2, 'sdp_seed': 47, 'sdp_solver_mode': 'scs', 'sdp_scs_eps': 1e-07, 'sdp_scs_max_iters': 250000, 'warm_start_corr_strength': None, 'warm_start_corr_repeats': None, 'compare_with_010101': False, 'init_QAOAparams_close_to_zero': False, 'use_correlations_as_initial_params': False, 'time_limit': None, 'failed_instance_termination_thrsh': None, 'graph_generation_type': 'hog', 'weighted': False, 'easiest_first': False, 'cpu_util_threshold': None, 'debug': False, 'save_circuit_svg': False, 'rerun_exclude_finished_instances': True, 'warm_start_cache_producer_only': True, 'qaoa_only_from_existing_warm_start_cache': False, 'optimiser_debug_iterations': None, 'num_repeats': 1, 'relative_graph_adjList_path': 'HOG_graphs/triangleFree_connected_4to8vertices_176instances_AdjacencyList.txt', 'persistent_warm_start_cache': True, 'warm_start_cache_dir': 'Results/warm_start_cache_experiments/Exp4_v2_tf176_L2M2_scs_eps1e-7_gpseed47_alg17seed48', 'warm_start_cache_max_file_mb': 512, 'warm_start_cache_max_total_gb': 60, 'sdp_max_parallel': 32, 'qaoa_max_parallel': 0, 'sdp_threads': 1, 'qaoa_threads': 1, 'sdp_memory_limit_total_gb': 250, 'sdp_memory_limit_single_gb': 100, 'sdp_memory_poll_seconds': 5, 'sdp_max_retries': 3, 'queue_poll_interval_seconds': 5, 'max_graph_vertices': 10, 'completed_result_csv_paths': [], 'qaoa_seed': 1, 'initialise_standard_warm_start_with_zero_angles': False, 'result_name_suffix': '_Exp4_v2_tf176_L2M2_scs_eps1e-7_gpseed47_alg17seed48'}, Running QAOA with equal superposition
Benchmark run ID: 6f5dbc06
Benchmark repeat index: 1
Configured SDP rounding seed: 47
QAOA seed used: 1
Processor: x86_64
Hostname: dacsgpu0002
Total RAM (GB): None
Physical cores: 64
Logical cores: 64
Python version: 3.11.15
Initialisation time: 0.02 seconds; started at stardate {'initialisation': 0.015364885330200195} and finished at stardate1788258809.9938095
Loaded HOG graph index 88 with 7 edges.
Instance generation for n=88 took 0.00 seconds; started at stardate 1788258809.9938176 and finished at stardate 1788258809.9973278
Running QAOA for n=8 nodes, m=7 edges...; Max iterations: 75
Warm-start: starting SDP solve for n_vertices=8
Warm-start: using configured sdp_seed=47
Using SCS solver for SDP with eps=1e-07, max_iters=250000.
SDP solver status: optimal
SDP solver name: SCS
SDP solver iterations: 1775
SDP solve time: 26.188215972000002
SDP extra stats: {'x': array([ 1.00000000e+00, -1.19212201e-14, -3.97917476e-14, ...,
        1.00000000e+00, -1.82824647e-18,  1.00000000e+00], shape=(38503,)), 'y': array([3.38353828e-02, 1.40150754e-02, 1.40150754e-02, ...,
       1.25169309e-08, 6.27511661e-17, 3.17720091e-04], shape=(108050,)), 's': array([0.00000000e+00, 0.00000000e+00, 0.00000000e+00, ...,
       1.00000000e+00, 4.63279319e-16, 1.00000000e+00], shape=(108050,)), 'info': {'status_val': 1, 'iter': 1775, 'scale_updates': 4, 'scale': 0.27897332285136933, 'pobj': -5.435236822949738, 'dobj': -5.435236787588389, 'res_pri': 1.674268307731336e-07, 'res_dual': 1.3869954422488205e-08, 'gap': 3.5361349404183784e-08, 'res_infeas': nan, 'res_unbdd_a': 0.18398462341093516, 'res_unbdd_p': 0.0, 'comp_slack': 2.0001630586580267e-12, 'solve_time': 26188.215972, 'setup_time': 44.875493, 'lin_sys_time': 2437.559038000001, 'cone_time': 22995.22416300001, 'accel_time': 158.99048900000184, 'rejected_accel_steps': 12, 'accepted_accel_steps': 4, 'status': 'solved'}}
Rounding...
Setting seed to 47
n_vertices: 8 for n = 24
Using seed 47 to generate random matrix for x.
Energy of rounded cut/product state: 5.87216839667386
Algorithm 17 lower-bound energy: 5.213727820310352
Algorithm 17 actual entangled-state energy: 6.203733096236007
SDP objective value: 8.935236822949738
5 in cut out of a total of 7 edges
Warm-start: SDP solve + rounding finished in 702.83 seconds
Warm-start: using level-2 Algorithm 17 entangled statevector with shape (256,)
Warm-start cache: moment matrix before save shape=(277, 277), dtype=float64, entries=76729, bytes=613832 (0.59 MiB)
Warm-start cache: saved Results/warm_start_cache_experiments/Exp4_v2_tf176_L2M2_scs_eps1e-7_gpseed47_alg17seed48/triangleFree_connected_4to8vertices_176instances_AdjacencyList__filehash_279b7452/hog_idx000088_0e39869a0291_seed47_L2_M2_amplified.npz in 0.0076 seconds
WARM_START_CACHE_PRODUCER_ONLY is set; warm-start cache has been produced/loaded. Exiting before QAOA optimisation.
