Starting QAOA benchmark with global start time: 1787954312.362871
Benchmark parameters: {'optimiser': 'adam', 'optimiser_use_heuristic': None, 'heuristic_optimiser_iterations': None, 'heuristic_optimiser_sampleSize': None, 'circuit_type': 'hamqaoa', 'parameter_vector': [1, 1, 1], 'iterations_list': [75], 'learning_rate_adam': None, 'depth_list': [1], 'n_start': None, 'n_end': None, 'singlet_injection': False, 'start_index_singlet': None, 'warm_start': True, 'warm_start_mode': 'amplified', 'lasserre_level': 2, 'initial_solver_level_M': 2, 'sdp_seed': 42, 'sdp_solver_mode': 'scs', 'sdp_scs_eps': 1e-06, 'sdp_scs_max_iters': 100000, 'warm_start_corr_strength': None, 'warm_start_corr_repeats': None, 'compare_with_010101': False, 'init_QAOAparams_close_to_zero': False, 'use_correlations_as_initial_params': False, 'time_limit': None, 'failed_instance_termination_thrsh': None, 'graph_generation_type': 'hog', 'weighted': False, 'easiest_first': False, 'cpu_util_threshold': None, 'debug': False, 'save_circuit_svg': False, 'rerun_exclude_finished_instances': True, 'warm_start_cache_producer_only': True, 'qaoa_only_from_existing_warm_start_cache': False, 'optimiser_debug_iterations': None, 'num_repeats': 1, 'relative_graph_adjList_path': 'HOG_graphs/3regular_connected_74instances.txt', 'persistent_warm_start_cache': True, 'warm_start_cache_dir': 'Results/warm_start_cache/experiment_3', 'warm_start_cache_max_file_mb': 512, 'warm_start_cache_max_total_gb': 48, 'sdp_max_parallel': 32, 'qaoa_max_parallel': 0, 'sdp_threads': 1, 'qaoa_threads': 1, 'sdp_memory_limit_total_gb': 250, 'sdp_memory_limit_single_gb': 100, 'sdp_memory_poll_seconds': 5, 'sdp_max_retries': 3, 'queue_poll_interval_seconds': 5, 'max_graph_vertices': 10, 'completed_result_csv_paths': [], 'qaoa_seed': 42, 'initialise_standard_warm_start_with_zero_angles': False, 'result_name_suffix': '_Exp4_v2_standardZeroAngles'}, Running QAOA with equal superposition
Benchmark run ID: 7c481f66
Benchmark repeat index: 1
Configured SDP rounding seed: 42
QAOA seed used: 42
Processor: x86_64
Hostname: dacsgpu0003
Total RAM (GB): None
Physical cores: 64
Logical cores: 64
Python version: 3.11.15
Initialisation time: 0.00 seconds; started at stardate {'initialisation': 0.0038437843322753906} and finished at stardate1787954312.3667226
Loaded HOG graph index 55 with 15 edges.
Instance generation for n=55 took 0.00 seconds; started at stardate 1787954312.3667293 and finished at stardate 1787954312.36989
Running QAOA for n=7 nodes, m=15 edges...; Max iterations: 75
Warm-start: starting SDP solve for n_vertices=7
Warm-start: using configured sdp_seed=42
Using SCS solver for SDP with eps=1e-06, max_iters=100000.
SDP solver status: optimal
SDP solver name: SCS
SDP solver iterations: 1275
SDP solve time: 15.609377772
SDP extra stats: {'x': array([ 1.00000000e+00,  1.39228743e-13, -9.40175433e-13, ...,
        1.00000000e+00,  4.35325336e-18,  1.00000000e+00], shape=(22366,)), 'y': array([5.48792563e-02, 2.27317332e-02, 2.27317332e-02, ...,
       1.60158166e-02, 3.19577019e-14, 6.36477092e-02], shape=(63107,)), 's': array([0.00000000e+00, 0.00000000e+00, 0.00000000e+00, ...,
       1.00000000e+00, 2.45883240e-15, 1.00000001e+00], shape=(63107,)), 'info': {'status_val': 1, 'iter': 1275, 'scale_updates': 2, 'scale': 3.0794999957888307, 'pobj': -7.5202657413460114, 'dobj': -7.5202657346867445, 'res_pri': 1.4173660104108111e-06, 'res_dual': 1.1128717058832132e-06, 'gap': 6.6592669156761986e-09, 'res_infeas': nan, 'res_unbdd_a': 0.1329740244138458, 'res_unbdd_p': 0.0, 'comp_slack': 1.8646149304041222e-11, 'solve_time': 15609.377772, 'setup_time': 48.797972, 'lin_sys_time': 1506.2751589999987, 'cone_time': 13483.239534999992, 'accel_time': 118.96479799999956, 'rejected_accel_steps': 9, 'accepted_accel_steps': 2, 'status': 'solved'}}
Rounding...
Setting seed to 42
n_vertices: 7 for n = 21
Using seed 42 to generate random matrix for x.
Energy of rounded cut/product state: 11.192007564811332
Algorithm 17 analytical F-bound is not applicable because the graph is not triangle-free.
Algorithm 17 actual entangled-state energy: 11.555351016481529
SDP objective value: 15.02026574134601
12 in cut out of a total of 15 edges
Warm-start: SDP solve + rounding finished in 377.65 seconds
Warm-start: using level-2 Algorithm 17 entangled statevector with shape (128,)
Warm-start cache: moment matrix before save shape=(211, 211), dtype=float64, entries=44521, bytes=356168 (0.34 MiB)
Warm-start cache: saved Results/warm_start_cache/experiment_3/3regular_connected_74instances__filehash_688b5b4e/hog_idx000055_6bfee1de5e1f_seed42_L2_M2_amplified.npz in 0.0122 seconds
WARM_START_CACHE_PRODUCER_ONLY is set; warm-start cache has been produced/loaded. Exiting before QAOA optimisation.
