Starting QAOA benchmark with global start time: 1785846664.0584946
Benchmark parameters: {'optimiser': 'adam', 'optimiser_use_heuristic': True, 'heuristic_optimiser_iterations': 1, 'heuristic_optimiser_sampleSize': 10, 'circuit_type': 'hamqaoa', 'parameter_vector': [1, 1, 1], 'iterations_list': [50], 'learning_rate_adam': 0.05, 'depth_list': [1, 2, 3], 'n_start': None, 'n_end': None, 'singlet_injection': False, 'start_index_singlet': None, 'warm_start': True, 'warm_start_mode': 'standard', 'lasserre_level': 2, 'initial_solver_level_M': 2, 'sdp_seed': None, 'sdp_solver_mode': 'scs', 'sdp_scs_eps': 1e-06, 'sdp_scs_max_iters': 100000, 'warm_start_corr_strength': None, 'warm_start_corr_repeats': None, 'compare_with_010101': False, 'init_QAOAparams_close_to_zero': False, 'use_correlations_as_initial_params': False, 'time_limit': None, 'failed_instance_termination_thrsh': None, 'graph_generation_type': 'hog', 'weighted': False, 'easiest_first': False, 'cpu_util_threshold': None, 'debug': False, 'save_circuit_svg': False, 'rerun_exclude_finished_instances': True, 'warm_start_cache_producer_only': False, 'qaoa_only_from_existing_warm_start_cache': True, 'optimiser_debug_iterations': None, 'num_repeats': 1, 'relative_graph_adjList_path': 'HOG_graphs/Exp5/list_454_graphs_adjacency_listhog_v04-12_bipartite.txt', 'persistent_warm_start_cache': True, 'warm_start_cache_dir': 'Results/warm_start_cache', 'warm_start_cache_max_file_mb': 512, 'warm_start_cache_max_total_gb': 60, 'sdp_max_parallel': 0, 'qaoa_max_parallel': 32, 'sdp_threads': 1, 'qaoa_threads': 1, 'sdp_memory_limit_total_gb': 0, 'sdp_memory_limit_single_gb': 0, 'sdp_memory_poll_seconds': 5, 'sdp_max_retries': 0, 'queue_poll_interval_seconds': 5, 'completed_result_csv_paths': [], 'initialise_standard_warm_start_with_zero_angles': True, 'result_name_suffix': '_Exp5_subexp1_zeroAngles'}, Running QAOA with equal superposition
Benchmark run ID: 5baf27ff
Benchmark repeat index: 1
SDP seed override: None
Processor: x86_64
Hostname: dacsvm-cpunode01
Total RAM (GB): None
Physical cores: 32
Logical cores: 32
Python version: 3.11.15
Initialisation time: 0.01 seconds; started at stardate {'initialisation': 0.009358406066894531} and finished at stardate1785846664.0678642
Loaded HOG graph index 56 with 8 edges.
Instance generation for n=56 took 0.01 seconds; started at stardate 1785846664.0678713 and finished at stardate 1785846664.0807238
Running QAOA for n=8 nodes, m=8 edges...; Max iterations: 50
Warm-start cache: loading Results/warm_start_cache/list_454_graphs_adjacency_listhog_v04-12_bipartite__filehash_0815e7e8/hog_idx000056_4938ed1c5765_noseed_L2_M2_amplified.npz
Warm-start cache: loaded in 0.0061 seconds; effective compute time=1342.3730108737946
Edges: [(2, 7), (0, 1), (1, 6), (5, 7), (3, 5), (4, 6), (3, 4), (0, 2)], weights: [1.0, 1.0, 1.0, 1.0, 1.0, 1.0, 1.0, 1.0], set of nodes: {0, 1, 2, 3, 4, 5, 6, 7}, n: 8 nodes, p: 1 layers, N_bayes: 50 iterations
Solving for uuid: 0748924c
Initial state injected as warm start
Running ADAM optimization with a single iteration (no debug loop)
5.796549454394953
QAOA optimisation for n=56 took 6.04 seconds; started at stardate 1785846664.0807283 and finished at stardate 1785846670.1180902
Finished QAOA for n=8 nodes, m=8 edges at 2026-08-04 14:31:10 on x86_64. Time taken: 6.04 seconds. Hours: 0.00 hours. Peak RAM: 0.24 MB.
Computing cycle approximation ratio
CSV writing for n=56 took 0.03 seconds; started at stardate 1785846670.1180973 and finished at stardate 1785846670.1431458
results: {56: 5.796549454394953}
durations: {8: 6.037366628646851}
Results saved to: Results/logs/adam/qaoa_results_adam_20260804_105923_pid3326034_Exp5_subexp1_zeroAngles.csv
Global end time: 1785846670.1431599
Finalisation time: 0.00 seconds; started at stardate 1785846670.1431518 and finished at stardate 1785846670.1431637
Sum of all section times: 6.08 seconds
run_id: 5baf27ff
