Starting QAOA benchmark with global start time: 1785836197.527545
Benchmark parameters: {'optimiser': 'adam', 'optimiser_use_heuristic': True, 'heuristic_optimiser_iterations': 1, 'heuristic_optimiser_sampleSize': 10, 'circuit_type': 'hamqaoa', 'parameter_vector': [1, 1, 1], 'iterations_list': [50], 'learning_rate_adam': 0.05, 'depth_list': [1, 2, 3], 'n_start': None, 'n_end': None, 'singlet_injection': False, 'start_index_singlet': None, 'warm_start': True, 'warm_start_mode': 'standard', 'lasserre_level': 2, 'initial_solver_level_M': 2, 'sdp_seed': None, 'sdp_solver_mode': 'scs', 'sdp_scs_eps': 1e-06, 'sdp_scs_max_iters': 100000, 'warm_start_corr_strength': None, 'warm_start_corr_repeats': None, 'compare_with_010101': False, 'init_QAOAparams_close_to_zero': False, 'use_correlations_as_initial_params': False, 'time_limit': None, 'failed_instance_termination_thrsh': None, 'graph_generation_type': 'hog', 'weighted': False, 'easiest_first': False, 'cpu_util_threshold': None, 'debug': False, 'save_circuit_svg': False, 'rerun_exclude_finished_instances': True, 'warm_start_cache_producer_only': False, 'qaoa_only_from_existing_warm_start_cache': True, 'optimiser_debug_iterations': None, 'num_repeats': 1, 'relative_graph_adjList_path': 'HOG_graphs/Exp5/list_454_graphs_adjacency_listhog_v04-12_bipartite.txt', 'persistent_warm_start_cache': True, 'warm_start_cache_dir': 'Results/warm_start_cache', 'warm_start_cache_max_file_mb': 512, 'warm_start_cache_max_total_gb': 60, 'sdp_max_parallel': 0, 'qaoa_max_parallel': 32, 'sdp_threads': 1, 'qaoa_threads': 1, 'sdp_memory_limit_total_gb': 0, 'sdp_memory_limit_single_gb': 0, 'sdp_memory_poll_seconds': 5, 'sdp_max_retries': 0, 'queue_poll_interval_seconds': 5, 'completed_result_csv_paths': [], 'initialise_standard_warm_start_with_zero_angles': True, 'result_name_suffix': '_Exp5_subexp1_zeroAngles'}, Running QAOA with equal superposition
Benchmark run ID: 27df75e9
Benchmark repeat index: 1
SDP seed override: None
Processor: x86_64
Hostname: dacsvm-cpunode01
Total RAM (GB): None
Physical cores: 32
Logical cores: 32
Python version: 3.11.15
Initialisation time: 0.02 seconds; started at stardate {'initialisation': 0.02286052703857422} and finished at stardate1785836197.550417
Loaded HOG graph index 65 with 8 edges.
Instance generation for n=65 took 0.01 seconds; started at stardate 1785836197.550424 and finished at stardate 1785836197.5644057
Running QAOA for n=9 nodes, m=8 edges...; Max iterations: 50
Warm-start cache: loading Results/warm_start_cache/list_454_graphs_adjacency_listhog_v04-12_bipartite__filehash_0815e7e8/hog_idx000065_0d922ce1502d_noseed_L2_M2_standard.npz
Warm-start cache: loaded in 0.0080 seconds; effective compute time=3355.244422197342
Edges: [(3, 8), (0, 8), (5, 7), (5, 6), (4, 8), (3, 6), (2, 4), (1, 7)], weights: [1.0, 1.0, 1.0, 1.0, 1.0, 1.0, 1.0, 1.0], set of nodes: {0, 1, 2, 3, 4, 5, 6, 7, 8}, n: 9 nodes, p: 3 layers, N_bayes: 50 iterations
Solving for uuid: 12b44bf6
Initial state injected as warm start
Running ADAM optimization with a single iteration (no debug loop)
7.1005593615828735
QAOA optimisation for n=65 took 31.14 seconds; started at stardate 1785836197.5644119 and finished at stardate 1785836228.7049606
Finished QAOA for n=9 nodes, m=8 edges at 2026-08-04 11:37:08 on x86_64. Time taken: 31.14 seconds. Hours: 0.01 hours. Peak RAM: 0.43 MB.
Unknown graph type for approximation ratio calculation; checking misc CSV.
Checking optimal_results_misc.csv for matching edges and weights...
Found matching exact result in misc CSV: 5.694117923121957
CSV writing for n=65 took 0.04 seconds; started at stardate 1785836228.7049677 and finished at stardate 1785836228.7492115
results: {65: 7.1005593615828735}
durations: {9: 31.140554189682007}
Results saved to: Results/logs/adam/qaoa_results_adam_20260804_105923_pid3326034_Exp5_subexp1_zeroAngles.csv
Global end time: 1785836228.7492278
Finalisation time: 0.00 seconds; started at stardate 1785836228.7492185 and finished at stardate 1785836228.7492316
Sum of all section times: 31.22 seconds
run_id: 27df75e9
