Starting QAOA benchmark with global start time: 1788441766.6759079
Benchmark parameters: {'optimiser': 'adam', 'optimiser_use_heuristic': None, 'heuristic_optimiser_iterations': None, 'heuristic_optimiser_sampleSize': None, 'circuit_type': 'hamqaoa', 'parameter_vector': [1, 1, 1], 'iterations_list': [75], 'learning_rate_adam': None, 'depth_list': [1], 'n_start': None, 'n_end': None, 'singlet_injection': False, 'start_index_singlet': None, 'warm_start': True, 'warm_start_mode': 'amplified', 'lasserre_level': 2, 'initial_solver_level_M': 2, 'sdp_seed': 42, 'sdp_solver_mode': 'scs', 'sdp_scs_eps': 1e-06, 'sdp_scs_max_iters': 100000, 'warm_start_corr_strength': None, 'warm_start_corr_repeats': None, 'compare_with_010101': False, 'init_QAOAparams_close_to_zero': False, 'use_correlations_as_initial_params': False, 'time_limit': None, 'failed_instance_termination_thrsh': None, 'graph_generation_type': 'hog', 'weighted': False, 'easiest_first': False, 'cpu_util_threshold': None, 'debug': False, 'save_circuit_svg': False, 'rerun_exclude_finished_instances': True, 'warm_start_cache_producer_only': True, 'qaoa_only_from_existing_warm_start_cache': False, 'optimiser_debug_iterations': None, 'num_repeats': 1, 'relative_graph_adjList_path': 'HOG_graphs/Exp5/list_388_graphs_adjacency_list_hog_v04-12_regular.txt', 'persistent_warm_start_cache': True, 'warm_start_cache_dir': 'Results/warm_start_cache', 'warm_start_cache_max_file_mb': 512, 'warm_start_cache_max_total_gb': 60, 'sdp_max_parallel': 32, 'qaoa_max_parallel': 0, 'sdp_threads': 1, 'qaoa_threads': 1, 'sdp_memory_limit_total_gb': 250, 'sdp_memory_limit_single_gb': 100, 'sdp_memory_poll_seconds': 5, 'sdp_max_retries': 3, 'queue_poll_interval_seconds': 5, 'max_graph_vertices': 10, 'completed_result_csv_paths': [], 'qaoa_seed': 42, 'initialise_standard_warm_start_with_zero_angles': False, 'result_name_suffix': '_Exp8_standardZeroAngles_v3', 'algorithm17_beta_mode': 'analytic_instance'}, Running QAOA with equal superposition
Benchmark run ID: 27a3ac71
Benchmark repeat index: 1
Configured SDP rounding seed: 42
QAOA seed used: 42
Processor: x86_64
Hostname: dacsgpu0002
Total RAM (GB): None
Physical cores: 64
Logical cores: 64
Python version: 3.11.15
Initialisation time: 0.00 seconds; started at stardate {'initialisation': 0.002166748046875} and finished at stardate1788441766.6780791
Loaded HOG graph index 192 with 18 edges.
Instance generation for n=192 took 0.06 seconds; started at stardate 1788441766.6780827 and finished at stardate 1788441766.7411115
Running QAOA for n=9 nodes, m=18 edges...; Max iterations: 75
Warm-start: starting SDP solve for n_vertices=9
Warm-start: using configured sdp_seed=42
Using SCS solver for SDP with eps=1e-06, max_iters=100000.
SDP solver status: optimal
SDP solver name: SCS
SDP solver iterations: 1075
SDP solve time: 62.102418833
SDP extra stats: {'x': array([1.00000000e+00, 1.14651967e-14, 3.80701164e-13, ...,
       1.00000000e+00, 2.74033715e-18, 1.00000000e+00], shape=(62128,)), 'y': array([3.19792843e-02, 1.32462424e-02, 1.32462424e-02, ...,
       4.56632776e-03, 7.47616308e-14, 1.22341023e-02], shape=(173558,)), 's': array([0.00000000e+00, 0.00000000e+00, 0.00000000e+00, ...,
       1.00000000e+00, 9.33975468e-17, 1.00000001e+00], shape=(173558,)), 'info': {'status_val': 1, 'iter': 1075, 'scale_updates': 2, 'scale': 2.0324635854043365, 'pobj': -9.406619749501825, 'dobj': -9.406619876879569, 'res_pri': 1.5094986405519623e-06, 'res_dual': 5.036241318937028e-07, 'gap': 1.2737774390814138e-07, 'res_infeas': nan, 'res_unbdd_a': 0.10630811350284884, 'res_unbdd_p': 0.0, 'comp_slack': 1.0216730274150048e-10, 'solve_time': 62102.418833, 'setup_time': 162.725784, 'lin_sys_time': 4136.582015999997, 'cone_time': 56337.61492699998, 'accel_time': 340.90780299999994, 'rejected_accel_steps': 7, 'accepted_accel_steps': 3, 'status': 'solved'}}
Rounding...
Setting seed to 42
n_vertices: 9 for n = 27
Using seed 42 to generate random matrix for x.
Energy of rounded cut/product state: 11.721118389035325
Algorithm 17 instance beta optimisation selected beta_star=0.0432490522208 in 0.329958 seconds.
Algorithm 17 analytical F-bound is not applicable because the graph is not triangle-free.
Algorithm 17 actual entangled-state energy: 11.75574195420875
SDP objective value: 18.40661974950183
12 in cut out of a total of 18 edges
Warm-start: SDP solve + rounding finished in 3217.34 seconds
Warm-start: using level-2 Algorithm 17 entangled statevector with shape (512,)
Warm-start cache: moment matrix before save shape=(352, 352), dtype=float64, entries=123904, bytes=991232 (0.95 MiB)
Warm-start cache: saved Results/warm_start_cache/list_388_graphs_adjacency_list_hog_v04-12_regular__filehash_5b7f8d46/hog_idx000192_f739eace4762_seed42_L2_M2_betaanalytic_instance_amplified.npz in 0.0132 seconds
WARM_START_CACHE_PRODUCER_ONLY is set; warm-start cache has been produced/loaded. Exiting before QAOA optimisation.
