Starting QAOA benchmark with global start time: 1785543285.9345307
Benchmark parameters: {'optimiser': 'adam', 'optimiser_use_heuristic': None, 'heuristic_optimiser_iterations': None, 'heuristic_optimiser_sampleSize': None, 'circuit_type': 'hamqaoa', 'parameter_vector': [1, 1, 1], 'iterations_list': [10], 'learning_rate_adam': None, 'depth_list': [1], 'n_start': None, 'n_end': None, 'singlet_injection': False, 'start_index_singlet': None, 'warm_start': True, 'warm_start_mode': 'amplified', 'lasserre_level': 2, 'initial_solver_level_M': 2, 'sdp_seed': None, 'sdp_solver_mode': 'scs', 'sdp_scs_eps': 1e-06, 'sdp_scs_max_iters': 100000, 'warm_start_corr_strength': None, 'warm_start_corr_repeats': None, 'compare_with_010101': False, 'init_QAOAparams_close_to_zero': False, 'use_correlations_as_initial_params': False, 'time_limit': None, 'failed_instance_termination_thrsh': None, 'graph_generation_type': 'hog', 'weighted': False, 'easiest_first': False, 'cpu_util_threshold': None, 'debug': False, 'save_circuit_svg': False, 'rerun_exclude_finished_instances': True, 'warm_start_cache_producer_only': True, 'qaoa_only_from_existing_warm_start_cache': False, 'optimiser_debug_iterations': None, 'num_repeats': 1, 'relative_graph_adjList_path': 'HOG_graphs/Exp5/list_388_graphs_adjacency_list_hog_v04-12_regular.txt', 'persistent_warm_start_cache': True, 'warm_start_cache_dir': 'Results/warm_start_cache', 'warm_start_cache_max_file_mb': 512, 'warm_start_cache_max_total_gb': 60, 'sdp_max_parallel': 32, 'qaoa_max_parallel': 0, 'sdp_threads': 1, 'qaoa_threads': 1, 'sdp_memory_limit_total_gb': 250, 'sdp_memory_limit_single_gb': 100, 'sdp_memory_poll_seconds': 5, 'sdp_max_retries': 3, 'queue_poll_interval_seconds': 5, 'completed_result_csv_paths': []}, Running QAOA with equal superposition
Benchmark run ID: 716685cf
Benchmark repeat index: 1
SDP seed override: None
Processor: x86_64
Hostname: dacsvm-cpunode01
Total RAM (GB): None
Physical cores: 32
Logical cores: 32
Python version: 3.11.15
Initialisation time: 0.02 seconds; started at stardate {'initialisation': 0.016134023666381836} and finished at stardate1785543285.9506772
Loaded HOG graph index 372 with 25 edges.
Instance generation for n=372 took 0.15 seconds; started at stardate 1785543285.9506843 and finished at stardate 1785543286.1010566
Running QAOA for n=10 nodes, m=25 edges...; Max iterations: 10
Warm-start: starting SDP solve for n_vertices=10
Warm-start: no sdp_seed in config, generated fallback seed 13279324457140177858
Using SCS solver for SDP with eps=1e-06, max_iters=100000.
SDP solver status: optimal
SDP solver name: SCS
SDP solver iterations: 1100
SDP solve time: 61.09250123
SDP extra stats: {'x': array([1.00000000e+00, 2.12949524e-12, 2.99484170e-13, ...,
       1.00000000e+00, 1.84965034e-18, 1.00000000e+00], shape=(95266,)), 'y': array([ 2.86274598e-02,  1.18579524e-02,  1.18579524e-02, ...,
        8.53300744e-03, -5.03689534e-15,  2.60579409e-02], shape=(265112,)), 's': array([0.00000000e+00, 0.00000000e+00, 0.00000000e+00, ...,
       1.00000000e+00, 7.91099577e-16, 1.00000001e+00], shape=(265112,)), 'info': {'status_val': 1, 'iter': 1100, 'scale_updates': 3, 'scale': 4.735995197636076, 'pobj': -10.77372280333465, 'dobj': -10.773722434993397, 'res_pri': 1.7657453610425727e-06, 'res_dual': 7.936418465602791e-07, 'gap': 3.6834125261009376e-07, 'res_infeas': nan, 'res_unbdd_a': 0.09281842667214842, 'res_unbdd_p': 0.0, 'comp_slack': 1.1529943666488407e-11, 'solve_time': 61092.50123, 'setup_time': 156.156962, 'lin_sys_time': 4537.2240889999985, 'cone_time': 54767.865741000045, 'accel_time': 366.4833069999999, 'rejected_accel_steps': 7, 'accepted_accel_steps': 2, 'status': 'solved'}}
Rounding...
Setting seed to 13279324457140177858
n_vertices: 10 for n = 30
Using seed 13279324457140177858 to generate random matrix for x.
Energy of rounded cut/product state: 15.067728872642551
Algorithm 17 lower-bound energy: 14.283849382599884
Algorithm 17 actual entangled-state energy: 15.589130773067808
SDP objective value: 23.27372280333465
14 in cut out of a total of 25 edges
Warm-start: SDP solve + rounding finished in 4548.77 seconds
Warm-start: using level-2 Algorithm 17 entangled statevector with shape (1024,)
Warm-start cache: moment matrix before save shape=(436, 436), dtype=float64, entries=190096, bytes=1520768 (1.45 MiB)
Warm-start cache: saved Results/warm_start_cache/list_388_graphs_adjacency_list_hog_v04-12_regular__filehash_5b7f8d46/hog_idx000372_eba51d38b770_noseed_L2_M2_amplified.npz in 0.0146 seconds
WARM_START_CACHE_PRODUCER_ONLY is set; warm-start cache has been produced/loaded. Exiting before QAOA optimisation.
