Starting QAOA benchmark with global start time: 1785606588.5447392
Benchmark parameters: {'optimiser': 'adam', 'optimiser_use_heuristic': None, 'heuristic_optimiser_iterations': None, 'heuristic_optimiser_sampleSize': None, 'circuit_type': 'hamqaoa', 'parameter_vector': [1, 1, 1], 'iterations_list': [10], 'learning_rate_adam': None, 'depth_list': [1], 'n_start': None, 'n_end': None, 'singlet_injection': False, 'start_index_singlet': None, 'warm_start': True, 'warm_start_mode': 'amplified', 'lasserre_level': 2, 'initial_solver_level_M': 2, 'sdp_seed': None, 'sdp_solver_mode': 'scs', 'sdp_scs_eps': 1e-06, 'sdp_scs_max_iters': 100000, 'warm_start_corr_strength': None, 'warm_start_corr_repeats': None, 'compare_with_010101': False, 'init_QAOAparams_close_to_zero': False, 'use_correlations_as_initial_params': False, 'time_limit': None, 'failed_instance_termination_thrsh': None, 'graph_generation_type': 'hog', 'weighted': False, 'easiest_first': False, 'cpu_util_threshold': None, 'debug': False, 'save_circuit_svg': False, 'rerun_exclude_finished_instances': True, 'warm_start_cache_producer_only': True, 'qaoa_only_from_existing_warm_start_cache': False, 'optimiser_debug_iterations': None, 'num_repeats': 1, 'relative_graph_adjList_path': 'HOG_graphs/Exp5/list_388_graphs_adjacency_list_hog_v04-12_regular.txt', 'persistent_warm_start_cache': True, 'warm_start_cache_dir': 'Results/warm_start_cache', 'warm_start_cache_max_file_mb': 512, 'warm_start_cache_max_total_gb': 60, 'sdp_max_parallel': 32, 'qaoa_max_parallel': 0, 'sdp_threads': 1, 'qaoa_threads': 1, 'sdp_memory_limit_total_gb': 250, 'sdp_memory_limit_single_gb': 100, 'sdp_memory_poll_seconds': 5, 'sdp_max_retries': 3, 'queue_poll_interval_seconds': 5, 'completed_result_csv_paths': []}, Running QAOA with equal superposition
Benchmark run ID: 69711748
Benchmark repeat index: 1
SDP seed override: None
Processor: x86_64
Hostname: dacsvm-cpunode01
Total RAM (GB): None
Physical cores: 32
Logical cores: 32
Python version: 3.11.15
Initialisation time: 0.00 seconds; started at stardate {'initialisation': 0.004721641540527344} and finished at stardate1785606588.5494761
Loaded HOG graph index 238 with 27 edges.
Instance generation for n=238 took 0.13 seconds; started at stardate 1785606588.5495305 and finished at stardate 1785606588.6825006
Running QAOA for n=9 nodes, m=27 edges...; Max iterations: 10
Warm-start: starting SDP solve for n_vertices=9
Warm-start: no sdp_seed in config, generated fallback seed 12288716768802837793
Using SCS solver for SDP with eps=1e-06, max_iters=100000.
SDP solver status: optimal
SDP solver name: SCS
SDP solver iterations: 1575
SDP solve time: 43.476176857
SDP extra stats: {'x': array([ 1.00000000e+00, -1.07142219e-13, -6.56270591e-14, ...,
        1.00000000e+00, -2.12400720e-18,  1.00000000e+00], shape=(62128,)), 'y': array([4.35635257e-02, 1.80446146e-02, 1.80446146e-02, ...,
       3.73777303e-02, 4.17977546e-13, 6.01247647e-02], shape=(173558,)), 's': array([0.00000000e+00, 0.00000000e+00, 0.00000000e+00, ...,
       1.00000004e+00, 1.46393724e-15, 1.00000006e+00], shape=(173558,)), 'info': {'status_val': 1, 'iter': 1575, 'scale_updates': 3, 'scale': 8.805552516456737, 'pobj': -10.510733377384916, 'dobj': -10.510733344771529, 'res_pri': 6.217595576599306e-07, 'res_dual': 7.602039130066435e-07, 'gap': 3.2613387546120975e-08, 'res_infeas': nan, 'res_unbdd_a': 0.095140839760466, 'res_unbdd_p': 0.0, 'comp_slack': 1.6404441145549517e-12, 'solve_time': 43476.176857, 'setup_time': 89.237829, 'lin_sys_time': 3974.0422609999982, 'cone_time': 37989.253362999974, 'accel_time': 297.9967119999997, 'rejected_accel_steps': 12, 'accepted_accel_steps': 2, 'status': 'solved'}}
Rounding...
Setting seed to 12288716768802837793
n_vertices: 9 for n = 27
Using seed 12288716768802837793 to generate random matrix for x.
Energy of rounded cut/product state: 15.071076305371854
Algorithm 17 lower-bound energy: 15.216251764211648
Algorithm 17 actual entangled-state energy: 15.552630312190589
SDP objective value: 24.01073337738492
14 in cut out of a total of 27 edges
Warm-start: SDP solve + rounding finished in 1781.67 seconds
Warm-start: using level-2 Algorithm 17 entangled statevector with shape (512,)
Warm-start cache: moment matrix before save shape=(352, 352), dtype=float64, entries=123904, bytes=991232 (0.95 MiB)
Warm-start cache: saved Results/warm_start_cache/list_388_graphs_adjacency_list_hog_v04-12_regular__filehash_5b7f8d46/hog_idx000238_3bbe4e85c86b_noseed_L2_M2_amplified.npz in 0.0134 seconds
WARM_START_CACHE_PRODUCER_ONLY is set; warm-start cache has been produced/loaded. Exiting before QAOA optimisation.
