Starting QAOA benchmark with global start time: 1785614240.352447
Benchmark parameters: {'optimiser': 'adam', 'optimiser_use_heuristic': None, 'heuristic_optimiser_iterations': None, 'heuristic_optimiser_sampleSize': None, 'circuit_type': 'hamqaoa', 'parameter_vector': [1, 1, 1], 'iterations_list': [10], 'learning_rate_adam': None, 'depth_list': [1], 'n_start': None, 'n_end': None, 'singlet_injection': False, 'start_index_singlet': None, 'warm_start': True, 'warm_start_mode': 'amplified', 'lasserre_level': 2, 'initial_solver_level_M': 2, 'sdp_seed': None, 'sdp_solver_mode': 'scs', 'sdp_scs_eps': 1e-06, 'sdp_scs_max_iters': 100000, 'warm_start_corr_strength': None, 'warm_start_corr_repeats': None, 'compare_with_010101': False, 'init_QAOAparams_close_to_zero': False, 'use_correlations_as_initial_params': False, 'time_limit': None, 'failed_instance_termination_thrsh': None, 'graph_generation_type': 'hog', 'weighted': False, 'easiest_first': False, 'cpu_util_threshold': None, 'debug': False, 'save_circuit_svg': False, 'rerun_exclude_finished_instances': True, 'warm_start_cache_producer_only': True, 'qaoa_only_from_existing_warm_start_cache': False, 'optimiser_debug_iterations': None, 'num_repeats': 1, 'relative_graph_adjList_path': 'HOG_graphs/Exp5/list_388_graphs_adjacency_list_hog_v04-12_regular.txt', 'persistent_warm_start_cache': True, 'warm_start_cache_dir': 'Results/warm_start_cache', 'warm_start_cache_max_file_mb': 512, 'warm_start_cache_max_total_gb': 60, 'sdp_max_parallel': 32, 'qaoa_max_parallel': 0, 'sdp_threads': 1, 'qaoa_threads': 1, 'sdp_memory_limit_total_gb': 250, 'sdp_memory_limit_single_gb': 100, 'sdp_memory_poll_seconds': 5, 'sdp_max_retries': 3, 'queue_poll_interval_seconds': 5, 'completed_result_csv_paths': []}, Running QAOA with equal superposition
Benchmark run ID: 220f07bc
Benchmark repeat index: 1
SDP seed override: None
Processor: x86_64
Hostname: dacsvm-cpunode01
Total RAM (GB): None
Physical cores: 32
Logical cores: 32
Python version: 3.11.15
Initialisation time: 0.00 seconds; started at stardate {'initialisation': 0.004157543182373047} and finished at stardate1785614240.3566158
Loaded HOG graph index 118 with 30 edges.
Instance generation for n=118 took 0.09 seconds; started at stardate 1785614240.356623 and finished at stardate 1785614240.4513674
Running QAOA for n=12 nodes, m=30 edges...; Max iterations: 10
Warm-start: starting SDP solve for n_vertices=12
Warm-start: no sdp_seed in config, generated fallback seed 8170993107071513206
Using SCS solver for SDP with eps=1e-06, max_iters=100000.
SDP solver status: optimal
SDP solver name: SCS
SDP solver iterations: 2325
SDP solve time: 321.08683361
SDP extra stats: {'x': array([ 1.00000000e+00,  1.01884752e-14, -4.27925632e-14, ...,
        1.00000000e+00,  1.59646472e-18,  1.00000000e+00], shape=(199396,)), 'y': array([ 2.59693836e-02,  1.07568297e-02,  1.07568297e-02, ...,
        1.51716072e-02, -4.84985093e-13,  9.48475358e-02], shape=(551522,)), 's': array([0.00000000e+00, 0.00000000e+00, 0.00000000e+00, ...,
       1.00000001e+00, 8.20571213e-16, 1.00000010e+00], shape=(551522,)), 'info': {'status_val': 1, 'iter': 2325, 'scale_updates': 3, 'scale': 3.4022894089812072, 'pobj': -14.727386397443686, 'dobj': -14.727386701644056, 'res_pri': 1.8833671178550358e-06, 'res_dual': 1.2376094842781685e-06, 'gap': 3.042003697828477e-07, 'res_infeas': nan, 'res_unbdd_a': 0.0679007104900622, 'res_unbdd_p': 0.0, 'comp_slack': 9.959938932081954e-11, 'solve_time': 321086.83361, 'setup_time': 292.529661, 'lin_sys_time': 18537.332321000034, 'cone_time': 295926.1880310005, 'accel_time': 1349.2355289999978, 'rejected_accel_steps': 19, 'accepted_accel_steps': 1, 'status': 'solved'}}
Rounding...
Setting seed to 8170993107071513206
n_vertices: 12 for n = 36
Using seed 8170993107071513206 to generate random matrix for x.
Energy of rounded cut/product state: 18.504117174558143
Algorithm 17 lower-bound energy: 18.15078649064331
Algorithm 17 actual entangled-state energy: 19.221510780025927
SDP objective value: 29.727386397443684
18 in cut out of a total of 30 edges
Warm-start: SDP solve + rounding finished in 21363.87 seconds
Warm-start: using level-2 Algorithm 17 entangled statevector with shape (4096,)
Warm-start cache: moment matrix before save shape=(631, 631), dtype=float64, entries=398161, bytes=3185288 (3.04 MiB)
Warm-start cache: saved Results/warm_start_cache/list_388_graphs_adjacency_list_hog_v04-12_regular__filehash_5b7f8d46/hog_idx000118_5518c8bbdfe6_noseed_L2_M2_amplified.npz in 0.0293 seconds
WARM_START_CACHE_PRODUCER_ONLY is set; warm-start cache has been produced/loaded. Exiting before QAOA optimisation.
