Starting QAOA benchmark with global start time: 1785563124.3552604
Benchmark parameters: {'optimiser': 'adam', 'optimiser_use_heuristic': None, 'heuristic_optimiser_iterations': None, 'heuristic_optimiser_sampleSize': None, 'circuit_type': 'hamqaoa', 'parameter_vector': [1, 1, 1], 'iterations_list': [10], 'learning_rate_adam': None, 'depth_list': [1], 'n_start': None, 'n_end': None, 'singlet_injection': False, 'start_index_singlet': None, 'warm_start': True, 'warm_start_mode': 'amplified', 'lasserre_level': 2, 'initial_solver_level_M': 2, 'sdp_seed': None, 'sdp_solver_mode': 'scs', 'sdp_scs_eps': 1e-06, 'sdp_scs_max_iters': 100000, 'warm_start_corr_strength': None, 'warm_start_corr_repeats': None, 'compare_with_010101': False, 'init_QAOAparams_close_to_zero': False, 'use_correlations_as_initial_params': False, 'time_limit': None, 'failed_instance_termination_thrsh': None, 'graph_generation_type': 'hog', 'weighted': False, 'easiest_first': False, 'cpu_util_threshold': None, 'debug': False, 'save_circuit_svg': False, 'rerun_exclude_finished_instances': True, 'warm_start_cache_producer_only': True, 'qaoa_only_from_existing_warm_start_cache': False, 'optimiser_debug_iterations': None, 'num_repeats': 1, 'relative_graph_adjList_path': 'HOG_graphs/Exp5/list_388_graphs_adjacency_list_hog_v04-12_regular.txt', 'persistent_warm_start_cache': True, 'warm_start_cache_dir': 'Results/warm_start_cache', 'warm_start_cache_max_file_mb': 512, 'warm_start_cache_max_total_gb': 60, 'sdp_max_parallel': 32, 'qaoa_max_parallel': 0, 'sdp_threads': 1, 'qaoa_threads': 1, 'sdp_memory_limit_total_gb': 250, 'sdp_memory_limit_single_gb': 100, 'sdp_memory_poll_seconds': 5, 'sdp_max_retries': 3, 'queue_poll_interval_seconds': 5, 'completed_result_csv_paths': []}, Running QAOA with equal superposition
Benchmark run ID: 0404fe20
Benchmark repeat index: 1
SDP seed override: None
Processor: x86_64
Hostname: dacsvm-cpunode01
Total RAM (GB): None
Physical cores: 32
Logical cores: 32
Python version: 3.11.15
Initialisation time: 0.01 seconds; started at stardate {'initialisation': 0.006566047668457031} and finished at stardate1785563124.3618345
Loaded HOG graph index 384 with 30 edges.
Instance generation for n=384 took 0.10 seconds; started at stardate 1785563124.361841 and finished at stardate 1785563124.4654217
Running QAOA for n=10 nodes, m=30 edges...; Max iterations: 10
Warm-start: starting SDP solve for n_vertices=10
Warm-start: no sdp_seed in config, generated fallback seed 13050863009405124222
Using SCS solver for SDP with eps=1e-06, max_iters=100000.
SDP solver status: optimal
SDP solver name: SCS
SDP solver iterations: 1325
SDP solve time: 73.36934881500001
SDP extra stats: {'x': array([ 1.00000000e+00, -2.89845263e-12, -1.24442246e-12, ...,
        1.00000000e+00,  6.68127274e-18,  1.00000000e+00], shape=(95266,)), 'y': array([ 3.02097020e-02,  1.25132675e-02,  1.25132675e-02, ...,
        1.26362342e-02, -2.74009825e-13,  2.23867275e-02], shape=(265112,)), 's': array([0.00000000e+00, 0.00000000e+00, 0.00000000e+00, ...,
       9.99999979e-01, 1.79416866e-14, 1.00000000e+00], shape=(265112,)), 'info': {'status_val': 1, 'iter': 1325, 'scale_updates': 3, 'scale': 4.3100852491679085, 'pobj': -11.709521592664869, 'dobj': -11.709521600975865, 'res_pri': 1.1566450526229515e-06, 'res_dual': 1.396508240277279e-06, 'gap': 8.310996335580967e-09, 'res_infeas': nan, 'res_unbdd_a': 0.08540058551428703, 'res_unbdd_p': 0.0, 'comp_slack': 3.154421168716226e-12, 'solve_time': 73369.348815, 'setup_time': 158.266545, 'lin_sys_time': 5455.424433999998, 'cone_time': 65785.168865, 'accel_time': 423.7504780000004, 'rejected_accel_steps': 9, 'accepted_accel_steps': 2, 'status': 'solved'}}
Rounding...
Setting seed to 13050863009405124222
n_vertices: 10 for n = 30
Using seed 13050863009405124222 to generate random matrix for x.
Energy of rounded cut/product state: 17.78659022082128
Algorithm 17 lower-bound energy: 16.343236531409662
Algorithm 17 actual entangled-state energy: 18.156803080589235
SDP objective value: 26.709521592664863
16 in cut out of a total of 30 edges
Warm-start: SDP solve + rounding finished in 4601.35 seconds
Warm-start: using level-2 Algorithm 17 entangled statevector with shape (1024,)
Warm-start cache: moment matrix before save shape=(436, 436), dtype=float64, entries=190096, bytes=1520768 (1.45 MiB)
Warm-start cache: saved Results/warm_start_cache/list_388_graphs_adjacency_list_hog_v04-12_regular__filehash_5b7f8d46/hog_idx000384_d1f0a982a9d1_noseed_L2_M2_amplified.npz in 0.0151 seconds
WARM_START_CACHE_PRODUCER_ONLY is set; warm-start cache has been produced/loaded. Exiting before QAOA optimisation.
