Starting QAOA benchmark with global start time: 1785541178.3849509
Benchmark parameters: {'optimiser': 'adam', 'optimiser_use_heuristic': None, 'heuristic_optimiser_iterations': None, 'heuristic_optimiser_sampleSize': None, 'circuit_type': 'hamqaoa', 'parameter_vector': [1, 1, 1], 'iterations_list': [10], 'learning_rate_adam': None, 'depth_list': [1], 'n_start': None, 'n_end': None, 'singlet_injection': False, 'start_index_singlet': None, 'warm_start': True, 'warm_start_mode': 'amplified', 'lasserre_level': 2, 'initial_solver_level_M': 2, 'sdp_seed': None, 'sdp_solver_mode': 'scs', 'sdp_scs_eps': 1e-06, 'sdp_scs_max_iters': 100000, 'warm_start_corr_strength': None, 'warm_start_corr_repeats': None, 'compare_with_010101': False, 'init_QAOAparams_close_to_zero': False, 'use_correlations_as_initial_params': False, 'time_limit': None, 'failed_instance_termination_thrsh': None, 'graph_generation_type': 'hog', 'weighted': False, 'easiest_first': False, 'cpu_util_threshold': None, 'debug': False, 'save_circuit_svg': False, 'rerun_exclude_finished_instances': True, 'warm_start_cache_producer_only': True, 'qaoa_only_from_existing_warm_start_cache': False, 'optimiser_debug_iterations': None, 'num_repeats': 1, 'relative_graph_adjList_path': 'HOG_graphs/Exp5/list_388_graphs_adjacency_list_hog_v04-12_regular.txt', 'persistent_warm_start_cache': True, 'warm_start_cache_dir': 'Results/warm_start_cache', 'warm_start_cache_max_file_mb': 512, 'warm_start_cache_max_total_gb': 60, 'sdp_max_parallel': 32, 'qaoa_max_parallel': 0, 'sdp_threads': 1, 'qaoa_threads': 1, 'sdp_memory_limit_total_gb': 250, 'sdp_memory_limit_single_gb': 100, 'sdp_memory_poll_seconds': 5, 'sdp_max_retries': 3, 'queue_poll_interval_seconds': 5, 'completed_result_csv_paths': []}, Running QAOA with equal superposition
Benchmark run ID: b377bbff
Benchmark repeat index: 1
SDP seed override: None
Processor: x86_64
Hostname: dacsvm-cpunode01
Total RAM (GB): None
Physical cores: 32
Logical cores: 32
Python version: 3.11.15
Initialisation time: 0.00 seconds; started at stardate {'initialisation': 0.0026679039001464844} and finished at stardate1785541178.3876252
Loaded HOG graph index 10 with 15 edges.
Instance generation for n=10 took 0.07 seconds; started at stardate 1785541178.387629 and finished at stardate 1785541178.4526541
Running QAOA for n=6 nodes, m=15 edges...; Max iterations: 10
Warm-start: starting SDP solve for n_vertices=6
Warm-start: no sdp_seed in config, generated fallback seed 5334978968380762978
Using SCS solver for SDP with eps=1e-06, max_iters=100000.
SDP solver status: optimal
SDP solver name: SCS
SDP solver iterations: 50
SDP solve time: 0.14413018
SDP extra stats: {'x': array([ 1.00000000e+00,  1.45486247e-16, -3.15335861e-18, ...,
        1.00000000e+00,  1.30634828e-18,  1.00000000e+00], shape=(11935,)), 'y': array([ 3.07637698e-02,  2.26008622e-02,  2.26008622e-02, ...,
        2.29066876e-02, -5.31516654e-18,  4.30376121e-02], shape=(33896,)), 's': array([0.00000000e+00, 0.00000000e+00, 0.00000000e+00, ...,
       1.00000000e+00, 8.92633902e-16, 1.00000000e+00], shape=(33896,)), 'info': {'status_val': 1, 'iter': 50, 'scale_updates': 0, 'scale': 0.1, 'pobj': -4.500000017305183, 'dobj': -4.49999998858185, 'res_pri': 3.1840649994265415e-09, 'res_dual': 2.0295590651931765e-10, 'gap': 2.872333304537733e-08, 'res_infeas': nan, 'res_unbdd_a': 0.2222222213685338, 'res_unbdd_p': 0.0, 'comp_slack': 8.748557434046234e-13, 'solve_time': 144.13018, 'setup_time': 13.328646, 'lin_sys_time': 20.510845, 'cone_time': 117.36429100000002, 'accel_time': 0.9290919999999998, 'rejected_accel_steps': 0, 'accepted_accel_steps': 0, 'status': 'solved'}}
Rounding...
Setting seed to 5334978968380762978
n_vertices: 6 for n = 18
Using seed 5334978968380762978 to generate random matrix for x.
Energy of rounded cut/product state: 8.974565638823314
Algorithm 17 lower-bound energy: 7.422576448967277
Algorithm 17 actual entangled-state energy: 8.974565638823314
SDP objective value: 12.000000017305183
9 in cut out of a total of 15 edges
Warm-start: SDP solve + rounding finished in 57.94 seconds
Warm-start: using level-2 Algorithm 17 entangled statevector with shape (64,)
Warm-start cache: moment matrix before save shape=(154, 154), dtype=float64, entries=23716, bytes=189728 (0.18 MiB)
Warm-start cache: saved Results/warm_start_cache/list_388_graphs_adjacency_list_hog_v04-12_regular__filehash_5b7f8d46/hog_idx000010_3fc9dba75719_noseed_L2_M2_amplified.npz in 0.0069 seconds
WARM_START_CACHE_PRODUCER_ONLY is set; warm-start cache has been produced/loaded. Exiting before QAOA optimisation.
