Starting QAOA benchmark with global start time: 1788891907.583934
Benchmark parameters: {'optimiser': 'adam', 'optimiser_use_heuristic': False, 'heuristic_optimiser_iterations': None, 'heuristic_optimiser_sampleSize': None, 'circuit_type': 'hamqaoa', 'parameter_vector': [1, 1, 1], 'iterations_list': [75], 'learning_rate_adam': 0.05, 'depth_list': [1, 2, 3, 4, 5], 'n_start': None, 'n_end': None, 'singlet_injection': False, 'start_index_singlet': None, 'warm_start': True, 'warm_start_mode': 'amplified', 'lasserre_level': 2, 'initial_solver_level_M': 1, 'sdp_seed': 42, 'sdp_solver_mode': 'scs', 'sdp_scs_eps': 1e-06, 'sdp_scs_max_iters': 100000, 'warm_start_corr_strength': None, 'warm_start_corr_repeats': None, 'compare_with_010101': False, 'init_QAOAparams_close_to_zero': False, 'use_correlations_as_initial_params': False, 'time_limit': None, 'failed_instance_termination_thrsh': None, 'graph_generation_type': 'hog', 'weighted': False, 'easiest_first': False, 'cpu_util_threshold': None, 'debug': False, 'save_circuit_svg': False, 'rerun_exclude_finished_instances': False, 'warm_start_cache_producer_only': False, 'qaoa_only_from_existing_warm_start_cache': True, 'optimiser_debug_iterations': None, 'num_repeats': 1, 'relative_graph_adjList_path': 'HOG_graphs/triangleFree_connected_4to8vertices_176instances_AdjacencyList.txt', 'persistent_warm_start_cache': True, 'warm_start_cache_dir': 'Results/warm_start_cache', 'warm_start_cache_max_file_mb': 512, 'warm_start_cache_max_total_gb': 60, 'sdp_max_parallel': 0, 'qaoa_max_parallel': 16, 'sdp_threads': 1, 'qaoa_threads': 1, 'sdp_memory_limit_total_gb': 0, 'sdp_memory_limit_single_gb': 0, 'sdp_memory_poll_seconds': 5, 'sdp_max_retries': 0, 'queue_poll_interval_seconds': 5, 'max_graph_vertices': 10, 'completed_result_csv_paths': [], 'qaoa_seed': 42, 'initialise_standard_warm_start_with_zero_angles': True, 'result_name_suffix': '_FINAL_BENCHMARKS_AMPLIFIED', 'algorithm17_beta_mode': 'analytic_instance'}, Running QAOA with equal superposition
Benchmark run ID: 3d6ede2e
Benchmark repeat index: 1
Configured SDP rounding seed: 42
QAOA seed used: 42
Processor: x86_64
Hostname: dacsgpu0002
Total RAM (GB): None
Physical cores: 64
Logical cores: 64
Python version: 3.11.15
Initialisation time: 0.00 seconds; started at stardate {'initialisation': 0.004708766937255859} and finished at stardate1788891907.5886526
Loaded HOG graph index 160 with 8 edges.
Instance generation for n=160 took 0.00 seconds; started at stardate 1788891907.588659 and finished at stardate 1788891907.5918267
Running QAOA for n=8 nodes, m=8 edges...; Max iterations: 75
Warm-start cache: loading Results/warm_start_cache/triangleFree_connected_4to8vertices_176instances_AdjacencyList__filehash_279b7452/hog_idx000160_db77eaba59a6_seed42_L2_M1_betaanalytic_instance_amplified.npz
Warm-start cache: loaded in 0.0022 seconds; effective compute time=0.1251542568206787
Edges: [(2, 7), (2, 3), (0, 4), (5, 7), (4, 6), (1, 5), (3, 6), (6, 7)], weights: [1.0, 1.0, 1.0, 1.0, 1.0, 1.0, 1.0, 1.0], set of nodes: {0, 1, 2, 3, 4, 5, 6, 7}, n: 8 nodes, p: 4 layers, N_bayes: 75 iterations
Solving for uuid: 651453c2
Initial state injected as warm start
Warm start correlations applied in the form of weak entanglement
Ignoring zero_angle_warm_start because no active standard warm start is available; using the normal Adam initialization.
Running ADAM optimization with a single iteration (no debug loop)
5.966631811548933
QAOA optimisation for n=160 took 17.40 seconds; started at stardate 1788891907.5918376 and finished at stardate 1788891924.9897487
Finished QAOA for n=8 nodes, m=8 edges at 2026-09-08 20:25:24 on x86_64. Time taken: 17.40 seconds. Hours: 0.00 hours. Peak RAM: 0.28 MB.
Unknown graph type for approximation ratio calculation; checking misc CSV.
Checking optimal_results_misc.csv for matching edges and weights...
Found matching exact result in misc CSV: 5.705927430393908
CSV writing for n=160 took 0.01 seconds; started at stardate 1788891924.9897552 and finished at stardate 1788891924.995155
results: {160: 5.966631811548933}
durations: {8: 17.39791488647461}
Results saved to: Results/logs/adam/qaoa_results_adam_20260908_182910_pid574190_FINAL_BENCHMARKS_AMPLIFIED.csv
Global end time: 1788891924.9951634
Finalisation time: 0.00 seconds; started at stardate 1788891924.995158 and finished at stardate 1788891924.9951663
Sum of all section times: 17.41 seconds
run_id: 3d6ede2e
