2026-04-19 15:49:59.873 system_profiler[2296:12247107] hw.cpufamily: 0x6f5129ac
Starting QAOA benchmark with global start time: 1776606599.806495
Benchmark parameters: {'optimiser': 'ADAM', 'parameter_vector': [1, 1, 1], 'iterations_list': [50, 100, 200], 'learning_rate_adam': 0.01, 'depth_list': [1, 2, 3, 4, 5, 10, 15, 20], 'n_start': 3, 'n_end': 14, 'singlet_injection': True, 'start_index_singlet': 0, 'warm_start': False, 'compare_with_010101': False, 'warm_start_correlations': False, 'init_QAOAparams_close_to_zero': True, 'use_correlations_as_initial_params': False, 'time_limit': 10800, 'failed_instance_termination_thrsh': 10, 'graph_generation_type': 'line', 'weighted': False, 'easiest_first': True, 'cpu_util_threshold': 90, 'debug': False, 'rerun_exclude_finished_instances': True}, Running QAOA with equal superposition
Benchmark run ID: 3d47b432
Processor: Apple M4
Hostname: Julians-MacBook-Air-2.local
Total RAM (GB): 16.0
Physical cores: 10
Logical cores: 10
Python version: 3.13.1
Initialisation time: 0.08 seconds; started at {'initialisation': 0.0825510025024414} and finished at 1776606599.889054
Generating line graph with 3 nodes...
Instance generation for n=3 took 0.00 seconds; started at 1776606599.889058 and finished at 1776606599.889065
Running QAOA for n=3 nodes, m=2 edges...; Max iterations: 50
warm_start_correlations: None
Edges: [(0, 1), (1, 2)], weights: [1.0, 1.0], set of nodes: {0, 1, 2}, n: 3 nodes, p: 2 layers, N_bayes: 50 iterations
Line graph state preparation: Singlet injection
Singlets induced on ODD parity edges
Layer 0: Added Cost and Mixer unitaries with gamma=γ[0] and beta=β[0]
.rz and .ry mixer terms added in addition to classical .rx mixer
Layer 1: Added Cost and Mixer unitaries with gamma=γ[1] and beta=β[1]
.rz and .ry mixer terms added in addition to classical .rx mixer
Using random initial parameters with gamma [0.06666233 0.09056622] and beta [0.08834932 0.08681554]
Energies observed during COBYLA optimization: [1.2476365541138492, 1.2476365541113628, 1.2476365541104772, 1.247636554113848, 1.247636554113847, 1.2481855290530601, 1.248185529050944, 1.248185529050055, 1.2481855290530595, 1.2481855290530588, 1.2486581853522496, 1.2486581853505025, 1.2486581853496113, 1.2486581853522492, 1.2486581853522487, 1.2490536794756206, 1.2490536794742397, 1.249053679473348, 1.249053679475619, 1.2490536794756193, 1.2493723599125033, 1.2493723599114774, 1.249372359910594, 1.2493723599125037, 1.2493723599125048, 1.2496162444818775, 1.2496162444811993, 1.2496162444803267, 1.249616244481878, 1.2496162444818797, 1.249789451168831, 1.2497894511684744, 1.2497894511676249, 1.2497894511688306, 1.2497894511688308, 1.2498987341874073, 1.2498987341873538, 1.2498987341865382, 1.2498987341874086, 1.2498987341874086, 1.2499534716136829, 1.2499534716138956, 1.2499534716131337, 1.2499534716136846, 1.2499534716136849, 1.2499653840833096, 1.2499653840837524, 1.2499653840830574, 1.2499653840833096, 1.2499653840833103, 1.249947517781798, 1.2499475177824244, 1.2499475177818216, 1.249947517781797, 1.2499475177817985, 1.2499127831634234, 1.2499127831641856, 1.2499127831636916, 1.249912783163423, 1.2499127831634214, 1.2498725472104633, 1.2498725472113137, 1.2498725472109458, 1.2498725472104635, 1.2498725472104646, 1.249835658513181, 1.2498356585140735, 1.2498356585138404, 1.2498356585131813, 1.249835658513181, 1.249808031222761, 1.2498080312236528, 1.2498080312235624, 1.24980803122276, 1.2498080312227586, 1.2497927389464336, 1.2497927389472896, 1.2497927389473416, 1.2497927389464332, 1.2497927389464352, 1.2497904472356303, 1.2497904472364179, 1.2497904472366042, 1.2497904472356307, 1.2497904472356325, 1.2497998828348127, 1.2497998828355106, 1.2497998828358206, 1.2497998828348127, 1.2497998828348131, 1.24981854413739, 1.2498185441379766, 1.2498185441383975, 1.2498185441373868, 1.2498185441373897, 1.249843220568687, 1.24984322056915, 1.2498432205696663, 1.249843220568688, 1.2498432205686867, 1.2498705930377185, 1.2498705930380507, 1.249870593038646, 1.2498705930377185, 1.2498705930377172, 1.2498976725614308, 1.249897672561631, 1.2498976725622828, 1.24989767256143, 1.249897672561433, 1.2499220933728619, 1.2499220933729307, 1.2499220933736233, 1.2499220933728605, 1.2499220933728623, 1.2499423127733997, 1.2499423127733502, 1.2499423127740568, 1.2499423127734006, 1.2499423127734004, 1.2499576268595463, 1.2499576268593877, 1.2499576268600872, 1.2499576268595454, 1.249957626859548, 1.2499680655653256, 1.2499680655650756, 1.2499680655657484, 1.249968065565327, 1.2499680655653247, 1.249974233098612, 1.24997423309829, 1.24997423309891, 1.2499742330986132, 1.2499742330986134, 1.2499770502835064, 1.2499770502831304, 1.2499770502836827, 1.2499770502835046, 1.2499770502835061, 1.2499775745020278, 1.2499775745016222, 1.24997757450209, 1.2499775745020267, 1.249977574502028, 1.2499767941346063, 1.2499767941341928, 1.2499767941345603, 1.249976794134607, 1.2499767941346054, 1.2499755169077782, 1.2499755169073747, 1.249975516907636, 1.2499755169077802, 1.2499755169077762, 1.249974337272578, 1.2499743372722025, 1.2499743372723522, 1.2499743372725778, 1.2499743372725782, 1.2499736192734636, 1.2499736192731317, 1.2499736192731683, 1.2499736192734643, 1.249973619273464, 1.2499735258287337, 1.2499735258284568, 1.2499735258283853, 1.2499735258287343, 1.2499735258287332, 1.249974067701907, 1.2499740677016953, 1.2499740677015216, 1.2499740677019069, 1.249974067701906, 1.2499751576951983, 1.2499751576950529, 1.2499751576947926, 1.2499751576951965, 1.2499751576951974, 1.249976674305651, 1.2499766743055751, 1.2499766743052403, 1.2499766743056526, 1.2499766743056493, 1.2499784936174758, 1.2499784936174678, 1.2499784936170741, 1.2499784936174763, 1.249978493617475, 1.2499805220269462, 1.2499805220269995, 1.2499805220265678, 1.249980522026946, 1.2499805220269453, 1.249982694726352, 1.2499826947264585, 1.2499826947260084, 1.2499826947263522, 1.249982694726353, 1.2499849650732744, 1.2499849650734258, 1.2499849650729744, 1.2499849650732757, 1.2499849650732764, 1.2499872907149583, 1.2499872907151386, 1.2499872907147096, 1.2499872907149583, 1.2499872907149585, 1.249989594867689, 1.2499895948678907, 1.249989594867496, 1.2499895948676878, 1.2499895948676887, 1.2499917853134697, 1.2499917853136773, 1.2499917853133324, 1.2499917853134694, 1.2499917853134703, 1.2499937392662754, 1.249993739266476, 1.2499937392661962, 1.2499937392662746, 1.2499937392662739, 1.2499953227887641, 1.24999532278895, 1.249995322788742, 1.2499953227887657, 1.2499953227887635, 1.2499964380630495, 1.2499964380632105, 1.2499964380630777, 1.24999643806305, 1.24999643806305, 1.2499970351402887, 1.2499970351404173, 1.2499970351403638, 1.2499970351402878, 1.2499970351402903, 1.2499971320452987, 1.2499971320453922, 1.2499971320454137, 1.2499971320452996, 1.2499971320453007, 1.249996823617767, 1.2499968236178207, 1.249996823617913, 1.249996823617766, 1.249996823617768, 1.249996259880812]
Total optimisation time observed during ADAM optimization: 0.142162 seconds
Median time per evaluation during ADAM optimization: 0.002804 seconds
1.249996259880812
QAOA optimisation for n=3 took 0.18 seconds; started at 1776606599.889067 and finished at 1776606600.0701718
Finished QAOA for n=3 nodes, m=2 edges at 2026-04-19 15:50:00 on Apple M4. Time taken: 0.18 seconds. Hours: 0.00 hours. Peak RAM: 202.38 MB.
Computing line approximation ratio
CSV writing for n=3 took 0.01 seconds; started at 1776606600.070173 and finished at 1776606600.075587
results: {3: 1.249996259880812}
durations: {3: 0.1811070442199707}
Results saved to: logs/ADAM/qaoa_results_ADAM_20260419_154910.csv
Global end time: 1776606600.075592
Finalisation time: 0.00 seconds; started at 1776606600.075588 and finished at 1776606600.075593
Sum of all section times: 0.27 seconds
