2026-04-19 15:52:15.973 system_profiler[9714:12263132] hw.cpufamily: 0x6f5129ac
Starting QAOA benchmark with global start time: 1776606735.896152
Benchmark parameters: {'optimiser': 'ADAM', 'parameter_vector': [1, 1, 1], 'iterations_list': [50, 100, 200], 'learning_rate_adam': 0.01, 'depth_list': [1, 2, 3, 4, 5, 10, 15, 20], 'n_start': 3, 'n_end': 14, 'singlet_injection': True, 'start_index_singlet': 0, 'warm_start': False, 'compare_with_010101': False, 'warm_start_correlations': False, 'init_QAOAparams_close_to_zero': True, 'use_correlations_as_initial_params': False, 'time_limit': 10800, 'failed_instance_termination_thrsh': 10, 'graph_generation_type': 'line', 'weighted': False, 'easiest_first': True, 'cpu_util_threshold': 90, 'debug': False, 'rerun_exclude_finished_instances': True}, Running QAOA with equal superposition
Benchmark run ID: b7bfce04
Processor: Apple M4
Hostname: Julians-MacBook-Air-2.local
Total RAM (GB): 16.0
Physical cores: 10
Logical cores: 10
Python version: 3.13.1
Initialisation time: 0.09 seconds; started at {'initialisation': 0.09472799301147461} and finished at 1776606735.990887
Generating line graph with 7 nodes...
Instance generation for n=7 took 0.00 seconds; started at 1776606735.990891 and finished at 1776606735.990898
Running QAOA for n=7 nodes, m=6 edges...; Max iterations: 50
warm_start_correlations: None
Edges: [(0, 1), (1, 2), (2, 3), (3, 4), (4, 5), (5, 6)], weights: [1.0, 1.0, 1.0, 1.0, 1.0, 1.0], set of nodes: {0, 1, 2, 3, 4, 5, 6}, n: 7 nodes, p: 3 layers, N_bayes: 50 iterations
Line graph state preparation: Singlet injection
Singlets induced on ODD parity edges
Layer 0: Added Cost and Mixer unitaries with gamma=γ[0] and beta=β[0]
.rz and .ry mixer terms added in addition to classical .rx mixer
Layer 1: Added Cost and Mixer unitaries with gamma=γ[1] and beta=β[1]
.rz and .ry mixer terms added in addition to classical .rx mixer
Layer 2: Added Cost and Mixer unitaries with gamma=γ[2] and beta=β[2]
.rz and .ry mixer terms added in addition to classical .rx mixer
Using random initial parameters with gamma [0.04397953 0.07518135 0.05127429] and beta [0.0745847  0.07954881 0.08916546]
Energies observed during COBYLA optimization: [3.748091564218732, 3.7480915642170873, 3.74809156421593, 3.7480915642168338, 3.7480915642187256, 3.7480915642187442, 3.7480915642187247, 3.74867071822055, 3.7486707182192784, 3.7486707182181167, 3.7486707182190036, 3.7486707182205605, 3.748670718220556, 3.7486707182205303, 3.7491354716914933, 3.7491354716905883, 3.7491354716894163, 3.7491354716903222, 3.749135471691489, 3.7491354716914915, 3.7491354716914853, 3.7494856796055474, 3.749485679605011, 3.7494856796038527, 3.749485679604736, 3.7494856796055585, 3.7494856796055496, 3.7494856796055616, 3.7497254254700496, 3.7497254254698325, 3.74972542546871, 3.7497254254695807, 3.749725425470044, 3.7497254254700483, 3.7497254254700523, 3.7498655933432947, 3.749865593343386, 3.749865593342313, 3.7498655933431593, 3.749865593343299, 3.7498655933433094, 3.749865593343292, 3.749924327441656, 3.7499243274419904, 3.7499243274409992, 3.749924327441798, 3.7499243274416694, 3.749924327441652, 3.74992432744165, 3.749926060545545, 3.7499260605460827, 3.749926060545211, 3.7499260605459463, 3.7499260605455405, 3.749926060545552, 3.749926060545548, 3.749896928846728, 3.7498969288473964, 3.7498969288466952, 3.749896928847306, 3.7498969288467205, 3.7498969288467423, 3.7498969288467294, 3.7498588006998643, 3.749858800700577, 3.7498588007000766, 3.7498588007005558, 3.7498588006998728, 3.749858800699855, 3.7498588006998697, 3.7498257836125117, 3.749825783613241, 3.7498257836129447, 3.749825783613285, 3.7498257836125166, 3.7498257836125037, 3.7498257836125046, 3.7498056181325063, 3.749805618133184, 3.7498056181331423, 3.749805618133291, 3.749805618132516, 3.7498056181324984, 3.7498056181325192, 3.7498002703359483, 3.749800270336538, 3.7498002703367246, 3.7498002703366957, 3.749800270335935, 3.749800270335958, 3.749800270335942, 3.7498080458135474, 3.7498080458140026, 3.749808045814428, 3.749808045814227, 3.749808045813546, 3.7498080458135354, 3.7498080458135403, 3.74982525616941, 3.7498252561697445, 3.749825256170334, 3.749825256169983, 3.7498252561694234, 3.7498252561694225, 3.749825256169411, 3.749847425268973, 3.749847425269149, 3.7498474252699254, 3.7498474252694454, 3.749847425268961, 3.7498474252689724, 3.749847425268973, 3.7498706224917164, 3.7498706224917684, 3.749870622492642, 3.7498706224920473, 3.7498706224917324, 3.7498706224917098, 3.74987062249171, 3.749891674192953, 3.7498916741928814, 3.749891674193821, 3.749891674193138, 3.7498916741929547, 3.749891674192953, 3.7498916741929618, 3.749908879794707, 3.7499088797945146, 3.749908879795509, 3.74990887979476, 3.749908879794706, 3.749908879794697, 3.7499088797947064, 3.749922206649293, 3.749922206649008, 3.749922206649991, 3.74992220664922, 3.7499222066492934, 3.749922206649288, 3.7499222066492974, 3.7499325216238595, 3.749932521623517, 3.749932521624461, 3.7499325216236743, 3.749932521623866, 3.7499325216238715, 3.749932521623853, 3.7499411611230684, 3.7499411611226963, 3.749941161123531, 3.7499411611227984, 3.749941161123068, 3.749941161123057, 3.7499411611230684, 3.7499490643243676, 3.749949064323982, 3.7499490643247193, 3.7499490643240225, 3.749949064324365, 3.7499490643243663, 3.7499490643243565, 3.749956917654126, 3.749956917653753, 3.749956917654335, 3.749956917653743, 3.7499569176541234, 3.749956917654128, 3.749956917654112, 3.749964591792299, 3.749964591791986, 3.7499645917923945, 3.7499645917919167, 3.7499645917923017, 3.7499645917922995, 3.7499645917923026, 3.7499713110700106, 3.7499713110697517, 3.749971311069988, 3.749971311069628, 3.7499713110700053, 3.7499713110700075, 3.7499713110700257, 3.7499764385166654, 3.749976438516475, 3.7499764385165393, 3.7499764385163084, 3.749976438516658, 3.7499764385166703, 3.7499764385166774, 3.7499794237566357, 3.7499794237565314, 3.7499794237564026, 3.7499794237563258, 3.749979423756637, 3.749979423756634, 3.7499794237566406, 3.7499800942022463, 3.74998009420222, 3.7499800942019426, 3.749980094201996, 3.749980094202244, 3.7499800942022423, 3.7499800942022437, 3.749978761965728, 3.7499787619657763, 3.7499787619653695, 3.7499787619655534, 3.749978761965737, 3.749978761965739, 3.7499787619657203, 3.7499761421447166, 3.749976142144835, 3.749976142144325, 3.749976142144616, 3.7499761421447304, 3.7499761421447237, 3.749976142144721, 3.749973248334139, 3.7499732483343133, 3.7499732483337205, 3.7499732483341197, 3.7499732483341246, 3.7499732483341366, 3.7499732483341432, 3.7499711872772137, 3.7499711872774246, 3.7499711872767985, 3.749971187277275, 3.749971187277202, 3.749971187277214, 3.7499711872772155, 3.7499708031418706, 3.749970803142095, 3.7499708031414674, 3.74997080314199, 3.7499708031418586, 3.749970803141872, 3.7499708031418875, 3.7499725063873197, 3.7499725063875378, 3.7499725063869462, 3.7499725063875005, 3.7499725063873366, 3.7499725063873206, 3.7499725063873304, 3.7499762043163134, 3.749976204316508, 3.7499762043159888, 3.749976204316504, 3.7499762043162974, 3.7499762043163147, 3.74997620431631, 3.749981192874881, 3.7499811928750466, 3.7499811928746283, 3.7499811928750995, 3.7499811928748756, 3.7499811928748796, 3.749981192874865, 3.749986614182284, 3.7499866141824065, 3.749986614182088, 3.7499866141825033, 3.7499866141822955, 3.749986614182295, 3.7499866141822817, 3.7499915744737833, 3.749991574473857, 3.7499915744736474, 3.749991574473978, 3.7499915744737726, 3.749991574473783, 3.7499915744737793, 3.7499952895741453, 3.7499952895741613, 3.7499952895740822, 3.7499952895743247, 3.7499952895741515, 3.7499952895741475, 3.7499952895741506, 3.7499973772917436, 3.749997377291707, 3.7499973772917277, 3.7499973772918875, 3.7499973772917445, 3.749997377291752, 3.7499973772917468, 3.749997829567404, 3.7499978295673206, 3.749997829567455, 3.7499978295674956, 3.7499978295674032, 3.7499978295674032, 3.749997829567403, 3.7499969784320664, 3.7499969784319624, 3.7499969784321654, 3.7499969784321197, 3.749996978432078, 3.749996978432063, 3.7499969784320717, 3.7499953742073413, 3.7499953742072227, 3.7499953742074794, 3.74999537420735, 3.749995374207352, 3.749995374207337, 3.7499953742073466, 3.7499936011727932, 3.749993601172665, 3.749993601172953, 3.7499936011727377, 3.7499936011727963, 3.749993601172797, 3.7499936011727906, 3.7499922032669963, 3.7499922032668693, 3.7499922032671877, 3.7499922032669093, 3.7499922032669923, 3.749992203266987, 3.749992203266999, 3.749991583960031, 3.7499915839599205, 3.7499915839602336, 3.7499915839599383, 3.74999158396002, 3.7499915839600484, 3.7499915839600293, 3.749991805810084, 3.7499918058099935, 3.7499918058102732, 3.749991805809961, 3.7499918058100823, 3.749991805810084, 3.749991805810098, 3.7499927540771143, 3.749992754077057, 3.749992754077298, 3.7499927540769833, 3.749992754077123, 3.749992754077122, 3.749992754077115, 3.7499941752335535, 3.7499941752335286, 3.7499941752337294, 3.7499941752334385, 3.7499941752335584, 3.749994175233558, 3.7499941752335535, 3.7499957384937654]
Total optimisation time observed during ADAM optimization: 0.745342 seconds
Median time per evaluation during ADAM optimization: 0.014855 seconds
3.7499957384937654
QAOA optimisation for n=7 took 0.88 seconds; started at 1776606735.9909 and finished at 1776606736.865988
Finished QAOA for n=7 nodes, m=6 edges at 2026-04-19 15:52:16 on Apple M4. Time taken: 0.88 seconds. Hours: 0.00 hours. Peak RAM: 200.81 MB.
Computing line approximation ratio
CSV writing for n=7 took 0.01 seconds; started at 1776606736.8659892 and finished at 1776606736.871657
results: {7: 3.7499957384937654}
durations: {7: 0.8750903606414795}
Results saved to: logs/ADAM/qaoa_results_ADAM_20260419_154910.csv
Global end time: 1776606736.8716621
Finalisation time: 0.00 seconds; started at 1776606736.871659 and finished at 1776606736.871664
Sum of all section times: 0.98 seconds
