2026-04-19 15:49:26.975 system_profiler[99916:12243414] hw.cpufamily: 0x6f5129ac
Starting QAOA benchmark with global start time: 1776606566.8454971
Benchmark parameters: {'optimiser': 'ADAM', 'parameter_vector': [1, 1, 1], 'iterations_list': [50, 100, 200], 'learning_rate_adam': 0.01, 'depth_list': [1, 2, 3, 4, 5, 10, 15, 20], 'n_start': 3, 'n_end': 14, 'singlet_injection': True, 'start_index_singlet': 0, 'warm_start': False, 'compare_with_010101': False, 'warm_start_correlations': False, 'init_QAOAparams_close_to_zero': True, 'use_correlations_as_initial_params': False, 'time_limit': 10800, 'failed_instance_termination_thrsh': 10, 'graph_generation_type': 'line', 'weighted': False, 'easiest_first': True, 'cpu_util_threshold': 90, 'debug': False, 'rerun_exclude_finished_instances': True}, Running QAOA with equal superposition
Benchmark run ID: 57a85608
Processor: Apple M4
Hostname: Julians-MacBook-Air-2.local
Total RAM (GB): 16.0
Physical cores: 10
Logical cores: 10
Python version: 3.13.1
Initialisation time: 0.15 seconds; started at {'initialisation': 0.14995193481445312} and finished at 1776606566.9954581
Generating line graph with 6 nodes...
Instance generation for n=6 took 0.00 seconds; started at 1776606566.995462 and finished at 1776606566.99547
Running QAOA for n=6 nodes, m=5 edges...; Max iterations: 50
warm_start_correlations: None
Edges: [(0, 1), (1, 2), (2, 3), (3, 4), (4, 5)], weights: [1.0, 1.0, 1.0, 1.0, 1.0], set of nodes: {0, 1, 2, 3, 4, 5}, n: 6 nodes, p: 1 layers, N_bayes: 50 iterations
Line graph state preparation: Singlet injection
Singlets induced on ODD parity edges
Layer 0: Added Cost and Mixer unitaries with gamma=γ[0] and beta=β[0]
.rz and .ry mixer terms added in addition to classical .rx mixer
Using random initial parameters with gamma [0.08414499] and beta [0.04699408]
Energies observed during COBYLA optimization: [3.4999976528448906, 3.4999976528448697, 3.4999976528448866, 3.4999985842625847, 3.499998584262581, 3.499998584262574, 3.4999990959260803, 3.499999095926076, 3.4999990959260785, 3.4999994322813963, 3.4999994322813945, 3.499999432281397, 3.499999642283633, 3.499999642283632, 3.4999996422836395, 3.499999773431279, 3.499999773431276, 3.4999997734312775, 3.499999862509386, 3.499999862509385, 3.499999862509393, 3.4999999180561723, 3.4999999180561674, 3.4999999180561767, 3.499999957039876, 3.499999957039889, 3.4999999570398765, 3.4999999656777434, 3.4999999656777385, 3.499999965677745, 3.4999999755978437, 3.4999999755978455, 3.499999975597846, 3.4999999815506997, 3.4999999815506984, 3.499999981550693, 3.4999999864946045, 3.4999999864945948, 3.499999986494603, 3.4999999926625684, 3.4999999926625627, 3.499999992662569, 3.4999999969248443, 3.499999996924845, 3.4999999969248488, 3.4999999988060835, 3.499999998806085, 3.499999998806083, 3.4999999995667066, 3.4999999995667057, 3.4999999995667133, 3.499999999882242, 3.4999999998822378, 3.4999999998822404, 3.499999999989636, 3.499999999989639, 3.4999999999896403, 3.499999999999776, 3.499999999999769, 3.4999999999997793, 3.4999999999994746, 3.4999999999994738, 3.499999999999473, 3.4999999999705116, 3.499999999970512, 3.499999999970506, 3.49999999982398, 3.4999999998239733, 3.4999999998239866, 3.499999999182554, 3.4999999991825557, 3.499999999182552, 3.4999999979187506, 3.499999997918761, 3.4999999979187506, 3.4999999973674676, 3.4999999973674605, 3.499999997367458, 3.4999999957466525, 3.499999995746652, 3.4999999957466414, 3.4999999936004844, 3.4999999936004866, 3.499999993600496, 3.4999999916518205, 3.499999991651825, 3.4999999916518294, 3.499999990926423, 3.49999999092643, 3.4999999909264328, 3.499999992263183, 3.499999992263185, 3.4999999922631786, 3.4999999937562665, 3.4999999937562625, 3.4999999937562545, 3.4999999940922066, 3.4999999940921986, 3.4999999940922057, 3.49999999254905, 3.4999999925490615, 3.4999999925490406, 3.4999999938107997, 3.4999999938107997, 3.4999999938108006, 3.4999999948161014, 3.4999999948160925, 3.4999999948161014, 3.4999999939686965, 3.499999993968703, 3.4999999939686903, 3.4999999945097273, 3.499999994509733, 3.499999994509722, 3.4999999959210357, 3.499999995921036, 3.499999995921046, 3.499999997008337, 3.4999999970083393, 3.4999999970083304, 3.499999998005782, 3.4999999980057876, 3.4999999980057934, 3.4999999990184034, 3.499999999018401, 3.4999999990184034, 3.499999999477138, 3.499999999477128, 3.499999999477131, 3.4999999994664814, 3.4999999994664774, 3.4999999994664814, 3.499999999305641, 3.499999999305643, 3.4999999993056465, 3.4999999992145296, 3.499999999214535, 3.4999999992145283, 3.499999999361866, 3.499999999361867, 3.4999999993618744, 3.4999999995069273, 3.4999999995069246, 3.499999999506929, 3.499999999537237, 3.4999999995372346, 3.4999999995372413, 3.499999999491604, 3.49999999949161, 3.499999999491604, 3.499999999630061]
Total optimisation time observed during ADAM optimization: 0.093742 seconds
Median time per evaluation during ADAM optimization: 0.001837 seconds
3.499999999630061
QAOA optimisation for n=6 took 0.14 seconds; started at 1776606566.995472 and finished at 1776606567.1396449
Finished QAOA for n=6 nodes, m=5 edges at 2026-04-19 15:49:27 on Apple M4. Time taken: 0.14 seconds. Hours: 0.00 hours. Peak RAM: 201.91 MB.
Computing line approximation ratio
CSV writing for n=6 took 0.01 seconds; started at 1776606567.139647 and finished at 1776606567.144758
results: {6: 3.499999999630061}
durations: {6: 0.14417505264282227}
Results saved to: logs/ADAM/qaoa_results_ADAM_20260419_154910.csv
Global end time: 1776606567.144762
Finalisation time: 0.00 seconds; started at 1776606567.144759 and finished at 1776606567.144763
Sum of all section times: 0.30 seconds
