2026-04-19 15:51:15.456 system_profiler[6410:12255922] hw.cpufamily: 0x6f5129ac
Starting QAOA benchmark with global start time: 1776606675.3202891
Benchmark parameters: {'optimiser': 'ADAM', 'parameter_vector': [1, 1, 1], 'iterations_list': [50, 100, 200], 'learning_rate_adam': 0.01, 'depth_list': [1, 2, 3, 4, 5, 10, 15, 20], 'n_start': 3, 'n_end': 14, 'singlet_injection': True, 'start_index_singlet': 0, 'warm_start': False, 'compare_with_010101': False, 'warm_start_correlations': False, 'init_QAOAparams_close_to_zero': True, 'use_correlations_as_initial_params': False, 'time_limit': 10800, 'failed_instance_termination_thrsh': 10, 'graph_generation_type': 'line', 'weighted': False, 'easiest_first': True, 'cpu_util_threshold': 90, 'debug': False, 'rerun_exclude_finished_instances': True}, Running QAOA with equal superposition
Benchmark run ID: 6969088a
Processor: Apple M4
Hostname: Julians-MacBook-Air-2.local
Total RAM (GB): 16.0
Physical cores: 10
Logical cores: 10
Python version: 3.13.1
Initialisation time: 0.15 seconds; started at {'initialisation': 0.1549077033996582} and finished at 1776606675.4752052
Generating line graph with 9 nodes...
Instance generation for n=9 took 0.00 seconds; started at 1776606675.47521 and finished at 1776606675.4752178
Running QAOA for n=9 nodes, m=8 edges...; Max iterations: 50
warm_start_correlations: None
Edges: [(0, 1), (1, 2), (2, 3), (3, 4), (4, 5), (5, 6), (6, 7), (7, 8)], weights: [1.0, 1.0, 1.0, 1.0, 1.0, 1.0, 1.0, 1.0], set of nodes: {0, 1, 2, 3, 4, 5, 6, 7, 8}, n: 9 nodes, p: 2 layers, N_bayes: 50 iterations
Line graph state preparation: Singlet injection
Singlets induced on ODD parity edges
Layer 0: Added Cost and Mixer unitaries with gamma=γ[0] and beta=β[0]
.rz and .ry mixer terms added in addition to classical .rx mixer
Layer 1: Added Cost and Mixer unitaries with gamma=γ[1] and beta=β[1]
.rz and .ry mixer terms added in addition to classical .rx mixer
Using random initial parameters with gamma [0.02079477 0.06563465] and beta [0.03017336 0.02106368]
Energies observed during COBYLA optimization: [4.99911211800312, 4.99911211800233, 4.999112118000682, 4.999112118003108, 4.999112118003091, 4.999398137921236, 4.999398137920819, 4.999398137919146, 4.999398137921218, 4.99939813792124, 4.999608123313017, 4.999608123312958, 4.999608123311293, 4.999608123313013, 4.999608123312994, 4.999750807836894, 4.999750807837117, 4.99975080783553, 4.9997508078369, 4.999750807836904, 4.999847097317345, 4.999847097317736, 4.999847097316376, 4.999847097317349, 4.999847097317344, 4.999915222938976, 4.99991522293945, 4.999915222938332, 4.9999152229389585, 4.999915222938959, 4.999961638441141, 4.9999616384415795, 4.999961638440808, 4.999961638441163, 4.99996163844112, 4.999985503784515, 4.9999855037848455, 4.9999855037844885, 4.999985503784502, 4.999985503784543, 4.999987035011807, 4.99998703501201, 4.999987035012063, 4.999987035011802, 4.9999870350118325, 4.999970381848031, 4.999970381848064, 4.999970381848507, 4.999970381848033, 4.999970381848033, 4.999942959113154, 4.999942959113067, 4.9999429591138, 4.999942959113162, 4.99994295911313, 4.999913994714208, 4.999913994713979, 4.999913994714977, 4.9999139947142, 4.999913994714184, 4.999892243279973, 4.999892243279689, 4.999892243280832, 4.999892243279974, 4.99989224327998, 4.999882862513203, 4.999882862512913, 4.9998828625141085, 4.999882862513203, 4.9998828625132035, 4.999886456181482, 4.999886456181213, 4.999886456182376, 4.99988645618148, 4.999886456181459, 4.999900211210444, 4.999900211210222, 4.999900211211282, 4.999900211210444, 4.99990021121046, 4.999919633464149, 4.999919633464034, 4.999919633464894, 4.99991963346414, 4.999919633464152, 4.99994008299442, 4.999940082994364, 4.999940082995076, 4.99994008299442, 4.999940082994431, 4.999958529853227, 4.999958529853264, 4.999958529853807, 4.999958529853224, 4.9999585298532185, 4.999973376992372, 4.999973376992473, 4.999973376992777, 4.99997337699237, 4.999973376992382, 4.999983910080989, 4.999983910081166, 4.999983910081287, 4.999983910080981, 4.9999839100809975, 4.999990835839943, 4.999990835840153, 4.999990835840109, 4.999990835839955, 4.999990835839931, 4.999994717961594, 4.99999471796179, 4.999994717961633, 4.999994717961581, 4.999994717961607, 4.999995729934309, 4.999995729934485, 4.999995729934226, 4.999995729934292, 4.999995729934315, 4.999994101489063, 4.999994101489155, 4.999994101488872, 4.9999941014890625, 4.999994101489054, 4.99999015840045, 4.999990158400481, 4.999990158400159, 4.999990158400444, 4.999990158400437, 4.999985035448395, 4.999985035448353, 4.999985035448052, 4.9999850354484, 4.999985035448386, 4.999980167039907, 4.99998016703982, 4.999980167039511, 4.999980167039897, 4.999980167039905, 4.999977041228906, 4.999977041228803, 4.999977041228518, 4.9999770412289095, 4.999977041228922, 4.999976326498787, 4.999976326498667, 4.999976326498383, 4.999976326498791, 4.9999763264987775, 4.999978230912153, 4.999978230912019, 4.999978230911739, 4.999978230912139, 4.999978230912162, 4.9999823413955315, 4.999982341395438, 4.99998234139518, 4.99998234139553, 4.999982341395519, 4.999987298893394, 4.999987298893317, 4.999987298893079, 4.999987298893418, 4.999987298893371, 4.9999920240352775, 4.999992024035273, 4.9999920240350315, 4.999992024035282, 4.999992024035275, 4.999995607555929, 4.999995607555974, 4.999995607555747, 4.999995607555943, 4.999995607555928, 4.999997844694413, 4.999997844694468, 4.999997844694304, 4.999997844694396, 4.9999978446944375, 4.999998819144128, 4.9999988191442135, 4.9999988191441025, 4.9999988191441265, 4.999998819144125, 4.999998881361557, 4.999998881361634, 4.999998881361566, 4.999998881361558, 4.999998881361559, 4.9999982956502915, 4.999998295650369, 4.99999829565037, 4.999998295650288, 4.9999982956502835, 4.9999973322188005, 4.999997332218857, 4.99999733221893, 4.999997332218798, 4.999997332218803, 4.999996189937229, 4.999996189937266, 4.999996189937387, 4.999996189937231, 4.999996189937238, 4.99999505627972, 4.999995056279715, 4.999995056279922, 4.999995056279717, 4.999995056279744, 4.999994230632918, 4.999994230632874, 4.9999942306331295, 4.999994230632922, 4.999994230632925, 4.9999940120752555, 4.999994012075198, 4.999994012075455, 4.999994012075276, 4.9999940120752475, 4.999994504619075, 4.99999450461899, 4.999994504619265, 4.999994504619076, 4.999994504619075, 4.999995669954919, 4.999995669954884, 4.999995669955074, 4.999995669954914, 4.9999956699549015, 4.9999970312105555, 4.9999970312104995, 4.999997031210687, 4.99999703121054, 4.999997031210557, 4.999998324177904, 4.999998324177883, 4.999998324178017, 4.9999983241779145, 4.999998324177906, 4.999999239064891, 4.999999239064906, 4.999999239064968, 4.999999239064915, 4.9999992390649055, 4.999999677687335, 4.999999677687356, 4.999999677687366, 4.999999677687338, 4.999999677687322, 4.999999697572286]
Total optimisation time observed during ADAM optimization: 0.506681 seconds
Median time per evaluation during ADAM optimization: 0.010060 seconds
4.999999697572286
QAOA optimisation for n=9 took 0.64 seconds; started at 1776606675.475221 and finished at 1776606676.114659
Finished QAOA for n=9 nodes, m=8 edges at 2026-04-19 15:51:16 on Apple M4. Time taken: 0.64 seconds. Hours: 0.00 hours. Peak RAM: 202.53 MB.
Computing line approximation ratio
CSV writing for n=9 took 0.01 seconds; started at 1776606676.1146612 and finished at 1776606676.12022
results: {9: 4.999999697572286}
durations: {9: 0.6394412517547607}
Results saved to: logs/ADAM/qaoa_results_ADAM_20260419_154910.csv
Global end time: 1776606676.120225
Finalisation time: 0.00 seconds; started at 1776606676.120221 and finished at 1776606676.120227
Sum of all section times: 0.80 seconds
