Starting QAOA benchmark with global start time: 1788294613.4249134
Benchmark parameters: {'optimiser': 'adam', 'optimiser_use_heuristic': None, 'heuristic_optimiser_iterations': None, 'heuristic_optimiser_sampleSize': None, 'circuit_type': 'hamqaoa', 'parameter_vector': [1, 1, 1], 'iterations_list': [75], 'learning_rate_adam': None, 'depth_list': [1], 'n_start': None, 'n_end': None, 'singlet_injection': False, 'start_index_singlet': None, 'warm_start': True, 'warm_start_mode': 'amplified', 'lasserre_level': 2, 'initial_solver_level_M': 2, 'sdp_seed': 42, 'sdp_solver_mode': 'scs', 'sdp_scs_eps': 1e-07, 'sdp_scs_max_iters': 100000, 'warm_start_corr_strength': None, 'warm_start_corr_repeats': None, 'compare_with_010101': False, 'init_QAOAparams_close_to_zero': False, 'use_correlations_as_initial_params': False, 'time_limit': None, 'failed_instance_termination_thrsh': None, 'graph_generation_type': 'hog', 'weighted': False, 'easiest_first': False, 'cpu_util_threshold': None, 'debug': False, 'save_circuit_svg': False, 'rerun_exclude_finished_instances': True, 'warm_start_cache_producer_only': True, 'qaoa_only_from_existing_warm_start_cache': False, 'optimiser_debug_iterations': None, 'num_repeats': 1, 'relative_graph_adjList_path': 'HOG_graphs/triangleFree_connected_4to15vertices_829instances_AdjacencyList.txt', 'persistent_warm_start_cache': True, 'warm_start_cache_dir': 'Results/warm_start_cache_experiments/Exp4a_tf829_L2M2_gpseed42_alg17seed43', 'warm_start_cache_max_file_mb': 512, 'warm_start_cache_max_total_gb': 200, 'sdp_max_parallel': 64, 'qaoa_max_parallel': 0, 'sdp_threads': 1, 'qaoa_threads': 1, 'sdp_memory_limit_total_gb': 250, 'sdp_memory_limit_single_gb': 100, 'sdp_memory_poll_seconds': 5, 'sdp_max_retries': 3, 'queue_poll_interval_seconds': 5, 'max_graph_vertices': 15, 'completed_result_csv_paths': [], 'qaoa_seed': 1, 'initialise_standard_warm_start_with_zero_angles': False, 'result_name_suffix': '_Exp4a_tf829_L2M2_gpseed42_alg17seed43'}, Running QAOA with equal superposition
Benchmark run ID: 14ccac15
Benchmark repeat index: 1
Configured SDP rounding seed: 42
QAOA seed used: 1
Processor: x86_64
Hostname: dacsgpu0003
Total RAM (GB): None
Physical cores: 64
Logical cores: 64
Python version: 3.11.15
Initialisation time: 0.01 seconds; started at stardate {'initialisation': 0.014558792114257812} and finished at stardate1788294613.4394886
Loaded HOG graph index 471 with 12 edges.
Instance generation for n=471 took 0.17 seconds; started at stardate 1788294613.4395 and finished at stardate 1788294613.6141653
Running QAOA for n=12 nodes, m=12 edges...; Max iterations: 75
Warm-start: starting SDP solve for n_vertices=12
Warm-start: using configured sdp_seed=42
Using SCS solver for SDP with eps=1e-07, max_iters=100000.
SDP solver status: optimal
SDP solver name: SCS
SDP solver iterations: 12875
SDP solve time: 3208.549266309
SDP extra stats: {'x': array([ 1.00000000e+00,  1.32608482e-11, -1.15496303e-12, ...,
        1.00000000e+00,  1.61598509e-14,  1.00000000e+00], shape=(199396,)), 'y': array([2.39454266e-02, 9.91852661e-03, 9.91852661e-03, ...,
       7.69110886e-03, 1.10679454e-12, 9.17151057e-03], shape=(551522,)), 's': array([ 0.00000000e+00,  0.00000000e+00,  0.00000000e+00, ...,
        9.99999979e-01, -4.52434870e-13,  9.99999997e-01], shape=(551522,)), 'info': {'status_val': 1, 'iter': 12875, 'scale_updates': 5, 'scale': 0.6533808277349756, 'pobj': -10.357063151814161, 'dobj': -10.357063151192392, 'res_pri': 1.7194618043239382e-07, 'res_dual': 4.470286670607753e-08, 'gap': 6.217693027110727e-10, 'res_infeas': nan, 'res_unbdd_a': 0.09655246717729113, 'res_unbdd_p': 0.0, 'comp_slack': 1.4224489171237376e-10, 'solve_time': 3208549.266309, 'setup_time': 660.625474, 'lin_sys_time': 225786.89525700052, 'cone_time': 2894346.2750189938, 'accel_time': 16774.56064299969, 'rejected_accel_steps': 112, 'accepted_accel_steps': 2, 'status': 'solved'}}
Rounding...
Setting seed to 42
n_vertices: 12 for n = 36
Using seed 42 to generate random matrix for x.
Energy of rounded cut/product state: 9.420434168810935
Algorithm 17 lower-bound energy: 9.762899588668379
Algorithm 17 actual entangled-state energy: 9.99750756440764
SDP objective value: 16.35706315181416
7 in cut out of a total of 12 edges
Warm-start: SDP solve + rounding finished in 46575.03 seconds
Warm-start: using level-2 Algorithm 17 entangled statevector with shape (4096,)
Warm-start cache: moment matrix before save shape=(631, 631), dtype=float64, entries=398161, bytes=3185288 (3.04 MiB)
Warm-start cache: saved Results/warm_start_cache_experiments/Exp4a_tf829_L2M2_gpseed42_alg17seed43/triangleFree_connected_4to15vertices_829instances_AdjacencyList__filehash_af0e2099/hog_idx000471_329bdf0841ba_seed42_L2_M2_amplified.npz in 0.0377 seconds
WARM_START_CACHE_PRODUCER_ONLY is set; warm-start cache has been produced/loaded. Exiting before QAOA optimisation.
