Starting QAOA benchmark with global start time: 1788309921.2581081
Benchmark parameters: {'optimiser': 'adam', 'optimiser_use_heuristic': None, 'heuristic_optimiser_iterations': None, 'heuristic_optimiser_sampleSize': None, 'circuit_type': 'hamqaoa', 'parameter_vector': [1, 1, 1], 'iterations_list': [75], 'learning_rate_adam': None, 'depth_list': [1], 'n_start': None, 'n_end': None, 'singlet_injection': False, 'start_index_singlet': None, 'warm_start': True, 'warm_start_mode': 'amplified', 'lasserre_level': 2, 'initial_solver_level_M': 2, 'sdp_seed': 42, 'sdp_solver_mode': 'scs', 'sdp_scs_eps': 1e-07, 'sdp_scs_max_iters': 100000, 'warm_start_corr_strength': None, 'warm_start_corr_repeats': None, 'compare_with_010101': False, 'init_QAOAparams_close_to_zero': False, 'use_correlations_as_initial_params': False, 'time_limit': None, 'failed_instance_termination_thrsh': None, 'graph_generation_type': 'hog', 'weighted': False, 'easiest_first': False, 'cpu_util_threshold': None, 'debug': False, 'save_circuit_svg': False, 'rerun_exclude_finished_instances': True, 'warm_start_cache_producer_only': True, 'qaoa_only_from_existing_warm_start_cache': False, 'optimiser_debug_iterations': None, 'num_repeats': 1, 'relative_graph_adjList_path': 'HOG_graphs/triangleFree_connected_4to15vertices_829instances_AdjacencyList.txt', 'persistent_warm_start_cache': True, 'warm_start_cache_dir': 'Results/warm_start_cache_experiments/Exp4a_tf829_L2M2_gpseed42_alg17seed43', 'warm_start_cache_max_file_mb': 512, 'warm_start_cache_max_total_gb': 200, 'sdp_max_parallel': 64, 'qaoa_max_parallel': 0, 'sdp_threads': 1, 'qaoa_threads': 1, 'sdp_memory_limit_total_gb': 250, 'sdp_memory_limit_single_gb': 100, 'sdp_memory_poll_seconds': 5, 'sdp_max_retries': 3, 'queue_poll_interval_seconds': 5, 'max_graph_vertices': 15, 'completed_result_csv_paths': [], 'qaoa_seed': 1, 'initialise_standard_warm_start_with_zero_angles': False, 'result_name_suffix': '_Exp4a_tf829_L2M2_gpseed42_alg17seed43'}, Running QAOA with equal superposition
Benchmark run ID: b42c591b
Benchmark repeat index: 1
Configured SDP rounding seed: 42
QAOA seed used: 1
Processor: x86_64
Hostname: dacsgpu0003
Total RAM (GB): None
Physical cores: 64
Logical cores: 64
Python version: 3.11.15
Initialisation time: 0.01 seconds; started at stardate {'initialisation': 0.011856555938720703} and finished at stardate1788309921.2699943
Loaded HOG graph index 106 with 11 edges.
Instance generation for n=106 took 0.17 seconds; started at stardate 1788309921.2700078 and finished at stardate 1788309921.4381814
Running QAOA for n=12 nodes, m=11 edges...; Max iterations: 75
Warm-start: starting SDP solve for n_vertices=12
Warm-start: using configured sdp_seed=42
Using SCS solver for SDP with eps=1e-07, max_iters=100000.
SDP solver status: optimal
SDP solver name: SCS
SDP solver iterations: 17850
SDP solve time: 4991.399551943
SDP extra stats: {'x': array([ 1.00000000e+00, -1.16661420e-12, -1.01705656e-12, ...,
        1.00000000e+00, -1.09697231e-16,  1.00000000e+00], shape=(199396,)), 'y': array([2.10470443e-02, 8.71797561e-03, 8.71797561e-03, ...,
       2.30027265e-02, 1.30691106e-12, 6.53455430e-02], shape=(551522,)), 's': array([ 0.00000000e+00,  0.00000000e+00,  0.00000000e+00, ...,
        1.00000002e+00, -3.25518741e-13,  1.00000002e+00], shape=(551522,)), 'info': {'status_val': 1, 'iter': 17850, 'scale_updates': 4, 'scale': 0.3352903179495926, 'pobj': -9.07010664378652, 'dobj': -9.070106643793032, 'res_pri': 1.290240004147093e-07, 'res_dual': 1.5973926630336612e-08, 'gap': 6.512124173241318e-12, 'res_infeas': nan, 'res_unbdd_a': 0.11025228691301645, 'res_unbdd_p': 0.0, 'comp_slack': 1.6463899673390062e-10, 'solve_time': 4991399.551943, 'setup_time': 688.650158, 'lin_sys_time': 315468.88812999916, 'cone_time': 4552932.10165498, 'accel_time': 23565.490345996644, 'rejected_accel_steps': 158, 'accepted_accel_steps': 6, 'status': 'solved'}}
Rounding...
Setting seed to 42
n_vertices: 12 for n = 36
Using seed 42 to generate random matrix for x.
Energy of rounded cut/product state: 7.877190697952376
Algorithm 17 lower-bound energy: 8.52901383540725
Algorithm 17 actual entangled-state energy: 8.424267021740935
SDP objective value: 14.570106643786518
4 in cut out of a total of 11 edges
Warm-start: SDP solve + rounding finished in 47534.13 seconds
Warm-start: using level-2 Algorithm 17 entangled statevector with shape (4096,)
Warm-start cache: moment matrix before save shape=(631, 631), dtype=float64, entries=398161, bytes=3185288 (3.04 MiB)
Warm-start cache: saved Results/warm_start_cache_experiments/Exp4a_tf829_L2M2_gpseed42_alg17seed43/triangleFree_connected_4to15vertices_829instances_AdjacencyList__filehash_af0e2099/hog_idx000106_3acb777e65fd_seed42_L2_M2_amplified.npz in 0.0829 seconds
WARM_START_CACHE_PRODUCER_ONLY is set; warm-start cache has been produced/loaded. Exiting before QAOA optimisation.
