Starting QAOA benchmark with global start time: 1784755340.0031917
Benchmark parameters: {'optimiser': 'adam', 'optimiser_use_heuristic': True, 'heuristic_optimiser_iterations': 2, 'heuristic_optimiser_sampleSize': 20, 'circuit_type': 'hamqaoa', 'parameter_vector': [1, 1, 1], 'iterations_list': [5, 10, 25, 50], 'learning_rate_adam': 0.01, 'depth_list': [1, 2], 'n_start': None, 'n_end': None, 'singlet_injection': False, 'start_index_singlet': None, 'warm_start': True, 'warm_start_mode': 'standard', 'lasserre_level': 2, 'initial_solver_level_M': 1, 'sdp_seed': 42, 'sdp_solver_mode': 'scs', 'sdp_scs_eps': 1e-06, 'sdp_scs_max_iters': 100000, 'warm_start_corr_strength': None, 'warm_start_corr_repeats': None, 'compare_with_010101': False, 'init_QAOAparams_close_to_zero': False, 'use_correlations_as_initial_params': False, 'time_limit': None, 'failed_instance_termination_thrsh': None, 'graph_generation_type': 'hog', 'weighted': False, 'easiest_first': True, 'cpu_util_threshold': None, 'debug': False, 'save_circuit_svg': False, 'rerun_exclude_finished_instances': False, 'warm_start_cache_producer_only': False, 'qaoa_only_from_existing_warm_start_cache': True, 'optimiser_debug_iterations': None, 'num_repeats': 1, 'relative_graph_adjList_path': 'HOG_graphs/triangleFree_connected_4to8vertices_176instances_AdjacencyList.txt', 'persistent_warm_start_cache': True, 'warm_start_cache_dir': 'Results/warm_start_cache', 'warm_start_cache_max_file_mb': 512, 'warm_start_cache_max_total_gb': 60, 'sdp_max_parallel': 0, 'qaoa_max_parallel': 32, 'sdp_threads': 1, 'qaoa_threads': 1, 'sdp_memory_limit_total_gb': 250, 'sdp_memory_limit_single_gb': 250, 'sdp_memory_poll_seconds': 5, 'sdp_max_retries': 3, 'queue_poll_interval_seconds': 5}, Running QAOA with equal superposition
Benchmark run ID: fc78240c
Benchmark repeat index: 1
SDP seed override: 42
Processor: x86_64
Hostname: dacsgpu0002
Total RAM (GB): None
Physical cores: 64
Logical cores: 64
Python version: 3.11.15
Initialisation time: 0.01 seconds; started at stardate {'initialisation': 0.005380153656005859} and finished at stardate1784755340.0085833
Loaded HOG graph index 4 with 5 edges.
Instance generation for n=4 took 0.00 seconds; started at stardate 1784755340.0085902 and finished at stardate 1784755340.0112586
Running QAOA for n=5 nodes, m=5 edges...; Max iterations: 5
Warm-start cache: loading Results/warm_start_cache/triangleFree_connected_4to8vertices_176instances_AdjacencyList__filehash_279b7452/hog_idx000004_f3b409b7058e_seed42_L2_M1_standard.npz
Warm-start cache: loaded in 0.0017 seconds; effective compute time=129.9526765346527
Edges: [(1, 3), (2, 3), (0, 4), (1, 4), (2, 4)], weights: [1.0, 1.0, 1.0, 1.0, 1.0], set of nodes: {0, 1, 2, 3, 4}, n: 5 nodes, p: 1 layers, N_bayes: 5 iterations
Solving for uuid: 0547bc07
Initial state injected as warm start
Running ADAM optimization with a single iteration (no debug loop)
3.2668386132857745
QAOA optimisation for n=4 took 1.23 seconds; started at stardate 1784755340.011263 and finished at stardate 1784755341.2422426
Finished QAOA for n=5 nodes, m=5 edges at 2026-07-22 23:22:21 on x86_64. Time taken: 1.23 seconds. Hours: 0.00 hours. Peak RAM: 0.2 MB.
Unknown graph type for approximation ratio calculation; checking misc CSV.
Checking optimal_results_misc.csv for matching edges and weights...
Found matching exact result in misc CSV: 3.4516059629557834
CSV writing for n=4 took 0.00 seconds; started at stardate 1784755341.2422519 and finished at stardate 1784755341.245193
results: {4: 3.2668386132857745}
durations: {5: 1.2309844493865967}
Results saved to: Results/logs/adam/qaoa_results_adam_20260722_232205_pid1542207.csv
Global end time: 1784755341.2452037
Finalisation time: 0.00 seconds; started at stardate 1784755341.245196 and finished at stardate 1784755341.245208
Sum of all section times: 1.24 seconds
run_id: fc78240c
