Starting QAOA benchmark with global start time: 1785784260.1394625
Benchmark parameters: {'optimiser': 'adam', 'optimiser_use_heuristic': False, 'heuristic_optimiser_iterations': None, 'heuristic_optimiser_sampleSize': None, 'circuit_type': 'hamqaoa', 'parameter_vector': [1, 1, 1], 'iterations_list': [50], 'learning_rate_adam': 0.005, 'depth_list': [1, 2, 3], 'n_start': None, 'n_end': None, 'singlet_injection': False, 'start_index_singlet': None, 'warm_start': True, 'warm_start_mode': 'standard', 'lasserre_level': 2, 'initial_solver_level_M': 1, 'sdp_seed': None, 'sdp_solver_mode': 'scs', 'sdp_scs_eps': 1e-06, 'sdp_scs_max_iters': 100000, 'warm_start_corr_strength': None, 'warm_start_corr_repeats': None, 'compare_with_010101': False, 'init_QAOAparams_close_to_zero': False, 'use_correlations_as_initial_params': False, 'time_limit': None, 'failed_instance_termination_thrsh': None, 'graph_generation_type': 'hog', 'weighted': False, 'easiest_first': False, 'cpu_util_threshold': None, 'debug': False, 'save_circuit_svg': False, 'rerun_exclude_finished_instances': True, 'warm_start_cache_producer_only': False, 'qaoa_only_from_existing_warm_start_cache': True, 'optimiser_debug_iterations': None, 'num_repeats': 1, 'relative_graph_adjList_path': 'HOG_graphs/Exp5/list_454_graphs_adjacency_listhog_v04-12_bipartite.txt', 'persistent_warm_start_cache': True, 'warm_start_cache_dir': 'Results/warm_start_cache', 'warm_start_cache_max_file_mb': 512, 'warm_start_cache_max_total_gb': 60, 'sdp_max_parallel': 0, 'qaoa_max_parallel': 32, 'sdp_threads': 1, 'qaoa_threads': 1, 'sdp_memory_limit_total_gb': 0, 'sdp_memory_limit_single_gb': 0, 'sdp_memory_poll_seconds': 5, 'sdp_max_retries': 0, 'queue_poll_interval_seconds': 5, 'completed_result_csv_paths': [], 'initialise_standard_warm_start_with_zero_angles': True, 'result_name_suffix': '_Exp5_subexp1_zeroAngles'}, Running QAOA with equal superposition
Benchmark run ID: 5e85374f
Benchmark repeat index: 1
SDP seed override: None
Processor: x86_64
Hostname: dacsvm-cpunode01
Total RAM (GB): None
Physical cores: 32
Logical cores: 32
Python version: 3.11.15
Initialisation time: 0.02 seconds; started at stardate {'initialisation': 0.023779869079589844} and finished at stardate1785784260.1632557
Loaded HOG graph index 40 with 11 edges.
Instance generation for n=40 took 0.01 seconds; started at stardate 1785784260.1632617 and finished at stardate 1785784260.1696882
Running QAOA for n=12 nodes, m=11 edges...; Max iterations: 50
Warm-start cache: loading Results/warm_start_cache/list_454_graphs_adjacency_listhog_v04-12_bipartite__filehash_0815e7e8/hog_idx000040_6c33cd728dcb_noseed_L2_M1_standard.npz
Warm-start cache: loaded in 0.3473 seconds; effective compute time=0.3098127841949463
Edges: [(5, 11), (1, 9), (7, 8), (6, 11), (5, 9), (0, 9), (7, 11), (4, 8), (3, 10), (6, 10), (2, 10)], weights: [1.0, 1.0, 1.0, 1.0, 1.0, 1.0, 1.0, 1.0, 1.0, 1.0, 1.0], set of nodes: {0, 1, 2, 3, 4, 5, 6, 7, 8, 9, 10, 11}, n: 12 nodes, p: 1 layers, N_bayes: 50 iterations
Solving for uuid: 5b6e8deb
Initial state injected as warm start
Running ADAM optimization with a single iteration (no debug loop)
5.2926637737334765
QAOA optimisation for n=40 took 4608.73 seconds; started at stardate 1785784260.1696932 and finished at stardate 1785788868.8986373
Finished QAOA for n=12 nodes, m=11 edges at 2026-08-03 22:27:48 on x86_64. Time taken: 4608.73 seconds. Hours: 1.28 hours. Peak RAM: 3.76 MB.
Unknown graph type for approximation ratio calculation; checking misc CSV.
Checking optimal_results_misc.csv for matching edges and weights...
Found matching exact result in misc CSV: 7.329213958518704
CSV writing for n=40 took 0.03 seconds; started at stardate 1785788868.898645 and finished at stardate 1785788868.9301014
results: {40: 5.2926637737334765}
durations: {12: 4608.728949546814}
Results saved to: Results/logs/adam/qaoa_results_adam_20260803_120227_pid1792112_Exp5_subexp1_zeroAngles.csv
Global end time: 1785788868.9301152
Finalisation time: 0.00 seconds; started at stardate 1785788868.9301076 and finished at stardate 1785788868.9301188
Sum of all section times: 4608.79 seconds
run_id: 5e85374f
