Starting QAOA benchmark with global start time: 1785802090.0295808
Benchmark parameters: {'optimiser': 'adam', 'optimiser_use_heuristic': False, 'heuristic_optimiser_iterations': None, 'heuristic_optimiser_sampleSize': None, 'circuit_type': 'hamqaoa', 'parameter_vector': [1, 1, 1], 'iterations_list': [50], 'learning_rate_adam': 0.005, 'depth_list': [1, 2, 3], 'n_start': None, 'n_end': None, 'singlet_injection': False, 'start_index_singlet': None, 'warm_start': True, 'warm_start_mode': 'standard', 'lasserre_level': 2, 'initial_solver_level_M': 1, 'sdp_seed': None, 'sdp_solver_mode': 'scs', 'sdp_scs_eps': 1e-06, 'sdp_scs_max_iters': 100000, 'warm_start_corr_strength': None, 'warm_start_corr_repeats': None, 'compare_with_010101': False, 'init_QAOAparams_close_to_zero': False, 'use_correlations_as_initial_params': False, 'time_limit': None, 'failed_instance_termination_thrsh': None, 'graph_generation_type': 'hog', 'weighted': False, 'easiest_first': False, 'cpu_util_threshold': None, 'debug': False, 'save_circuit_svg': False, 'rerun_exclude_finished_instances': True, 'warm_start_cache_producer_only': False, 'qaoa_only_from_existing_warm_start_cache': True, 'optimiser_debug_iterations': None, 'num_repeats': 1, 'relative_graph_adjList_path': 'HOG_graphs/Exp5/list_454_graphs_adjacency_listhog_v04-12_bipartite.txt', 'persistent_warm_start_cache': True, 'warm_start_cache_dir': 'Results/warm_start_cache', 'warm_start_cache_max_file_mb': 512, 'warm_start_cache_max_total_gb': 60, 'sdp_max_parallel': 0, 'qaoa_max_parallel': 32, 'sdp_threads': 1, 'qaoa_threads': 1, 'sdp_memory_limit_total_gb': 0, 'sdp_memory_limit_single_gb': 0, 'sdp_memory_poll_seconds': 5, 'sdp_max_retries': 0, 'queue_poll_interval_seconds': 5, 'completed_result_csv_paths': [], 'initialise_standard_warm_start_with_zero_angles': True, 'result_name_suffix': '_Exp5_subexp1_zeroAngles'}, Running QAOA with equal superposition
Benchmark run ID: 32e086cd
Benchmark repeat index: 1
SDP seed override: None
Processor: x86_64
Hostname: dacsvm-cpunode01
Total RAM (GB): None
Physical cores: 32
Logical cores: 32
Python version: 3.11.15
Initialisation time: 0.04 seconds; started at stardate {'initialisation': 0.037628173828125} and finished at stardate1785802090.0672207
Loaded HOG graph index 447 with 11 edges.
Instance generation for n=447 took 0.01 seconds; started at stardate 1785802090.067228 and finished at stardate 1785802090.0768168
Running QAOA for n=8 nodes, m=11 edges...; Max iterations: 50
Warm-start cache: loading Results/warm_start_cache/list_454_graphs_adjacency_listhog_v04-12_bipartite__filehash_0815e7e8/hog_idx000447_557bb77b4182_noseed_L2_M1_standard.npz
Warm-start cache: loaded in 0.0073 seconds; effective compute time=0.15607857704162598
Edges: [(1, 3), (4, 7), (5, 7), (0, 7), (4, 6), (0, 6), (1, 5), (3, 7), (2, 5), (3, 6), (2, 4)], weights: [1.0, 1.0, 1.0, 1.0, 1.0, 1.0, 1.0, 1.0, 1.0, 1.0, 1.0], set of nodes: {0, 1, 2, 3, 4, 5, 6, 7}, n: 8 nodes, p: 3 layers, N_bayes: 50 iterations
Solving for uuid: 4b571045
Initial state injected as warm start
Running ADAM optimization with a single iteration (no debug loop)
6.510128619075775
QAOA optimisation for n=447 took 20.35 seconds; started at stardate 1785802090.0768223 and finished at stardate 1785802110.4316075
Finished QAOA for n=8 nodes, m=11 edges at 2026-08-04 02:08:30 on x86_64. Time taken: 20.35 seconds. Hours: 0.01 hours. Peak RAM: 0.27 MB.
Unknown graph type for approximation ratio calculation; checking misc CSV.
Checking optimal_results_misc.csv for matching edges and weights...
Found matching exact result in misc CSV: 7.21499102416468
CSV writing for n=447 took 0.03 seconds; started at stardate 1785802110.4316163 and finished at stardate 1785802110.4573746
results: {447: 6.510128619075775}
durations: {8: 20.354790687561035}
Results saved to: Results/logs/adam/qaoa_results_adam_20260803_120227_pid1792112_Exp5_subexp1_zeroAngles.csv
Global end time: 1785802110.4573963
Finalisation time: 0.00 seconds; started at stardate 1785802110.4573839 and finished at stardate 1785802110.4574006
Sum of all section times: 20.43 seconds
run_id: 32e086cd
