Starting QAOA benchmark with global start time: 1785757324.101341
Benchmark parameters: {'optimiser': 'adam', 'optimiser_use_heuristic': False, 'heuristic_optimiser_iterations': None, 'heuristic_optimiser_sampleSize': None, 'circuit_type': 'hamqaoa', 'parameter_vector': [1, 1, 1], 'iterations_list': [50], 'learning_rate_adam': 0.005, 'depth_list': [1, 2, 3], 'n_start': None, 'n_end': None, 'singlet_injection': False, 'start_index_singlet': None, 'warm_start': True, 'warm_start_mode': 'standard', 'lasserre_level': 2, 'initial_solver_level_M': 1, 'sdp_seed': None, 'sdp_solver_mode': 'scs', 'sdp_scs_eps': 1e-06, 'sdp_scs_max_iters': 100000, 'warm_start_corr_strength': None, 'warm_start_corr_repeats': None, 'compare_with_010101': False, 'init_QAOAparams_close_to_zero': False, 'use_correlations_as_initial_params': False, 'time_limit': None, 'failed_instance_termination_thrsh': None, 'graph_generation_type': 'hog', 'weighted': False, 'easiest_first': False, 'cpu_util_threshold': None, 'debug': False, 'save_circuit_svg': False, 'rerun_exclude_finished_instances': True, 'warm_start_cache_producer_only': False, 'qaoa_only_from_existing_warm_start_cache': True, 'optimiser_debug_iterations': None, 'num_repeats': 1, 'relative_graph_adjList_path': 'HOG_graphs/Exp5/list_454_graphs_adjacency_listhog_v04-12_bipartite.txt', 'persistent_warm_start_cache': True, 'warm_start_cache_dir': 'Results/warm_start_cache', 'warm_start_cache_max_file_mb': 512, 'warm_start_cache_max_total_gb': 60, 'sdp_max_parallel': 0, 'qaoa_max_parallel': 32, 'sdp_threads': 1, 'qaoa_threads': 1, 'sdp_memory_limit_total_gb': 0, 'sdp_memory_limit_single_gb': 0, 'sdp_memory_poll_seconds': 5, 'sdp_max_retries': 0, 'queue_poll_interval_seconds': 5, 'completed_result_csv_paths': [], 'initialise_standard_warm_start_with_zero_angles': True, 'result_name_suffix': '_Exp5_subexp1_zeroAngles'}, Running QAOA with equal superposition
Benchmark run ID: 59952521
Benchmark repeat index: 1
SDP seed override: None
Processor: x86_64
Hostname: dacsvm-cpunode01
Total RAM (GB): None
Physical cores: 32
Logical cores: 32
Python version: 3.11.15
Initialisation time: 0.01 seconds; started at stardate {'initialisation': 0.010893583297729492} and finished at stardate1785757324.1122448
Loaded HOG graph index 384 with 18 edges.
Instance generation for n=384 took 0.01 seconds; started at stardate 1785757324.112251 and finished at stardate 1785757324.1178226
Running QAOA for n=12 nodes, m=18 edges...; Max iterations: 50
Warm-start cache: loading Results/warm_start_cache/list_454_graphs_adjacency_listhog_v04-12_bipartite__filehash_0815e7e8/hog_idx000384_67cd9d450a83_noseed_L2_M1_standard.npz
Warm-start cache: loaded in 0.1711 seconds; effective compute time=0.32366132736206055
Edges: [(5, 11), (8, 9), (4, 10), (0, 10), (6, 9), (1, 9), (3, 11), (7, 9), (6, 11), (1, 11), (0, 9), (5, 9), (2, 11), (8, 10), (3, 10), (4, 11), (7, 10), (2, 10)], weights: [1.0, 1.0, 1.0, 1.0, 1.0, 1.0, 1.0, 1.0, 1.0, 1.0, 1.0, 1.0, 1.0, 1.0, 1.0, 1.0, 1.0, 1.0], set of nodes: {0, 1, 2, 3, 4, 5, 6, 7, 8, 9, 10, 11}, n: 12 nodes, p: 2 layers, N_bayes: 50 iterations
Solving for uuid: b7303281
Initial state injected as warm start
Running ADAM optimization with a single iteration (no debug loop)
11.744128884024509
QAOA optimisation for n=384 took 5209.34 seconds; started at stardate 1785757324.1178267 and finished at stardate 1785762533.462597
Finished QAOA for n=12 nodes, m=18 edges at 2026-08-03 15:08:53 on x86_64. Time taken: 5209.34 seconds. Hours: 1.45 hours. Peak RAM: 7.29 MB.
Unknown graph type for approximation ratio calculation; checking misc CSV.
Checking optimal_results_misc.csv for matching edges and weights...
Found matching exact result in misc CSV: 10.414645545260942
CSV writing for n=384 took 0.07 seconds; started at stardate 1785762533.4626043 and finished at stardate 1785762533.5310485
results: {384: 11.744128884024509}
durations: {12: 5209.344774723053}
Results saved to: Results/logs/adam/qaoa_results_adam_20260803_120227_pid1792112_Exp5_subexp1_zeroAngles.csv
Global end time: 1785762533.531066
Finalisation time: 0.00 seconds; started at stardate 1785762533.5310557 and finished at stardate 1785762533.5310698
Sum of all section times: 5209.43 seconds
run_id: 59952521
