Starting QAOA benchmark with global start time: 1788895589.9695017
Benchmark parameters: {'optimiser': 'adam', 'optimiser_use_heuristic': False, 'heuristic_optimiser_iterations': None, 'heuristic_optimiser_sampleSize': None, 'circuit_type': 'hamqaoa', 'parameter_vector': [1, 1, 1], 'iterations_list': [75], 'learning_rate_adam': 0.001, 'depth_list': [1, 2, 3, 4, 5], 'n_start': None, 'n_end': None, 'singlet_injection': False, 'start_index_singlet': None, 'warm_start': True, 'warm_start_mode': 'amplified_king', 'lasserre_level': 2, 'initial_solver_level_M': 2, 'sdp_seed': 42, 'sdp_solver_mode': 'scs', 'sdp_scs_eps': 1e-06, 'sdp_scs_max_iters': 100000, 'warm_start_corr_strength': None, 'warm_start_corr_repeats': None, 'compare_with_010101': False, 'init_QAOAparams_close_to_zero': False, 'use_correlations_as_initial_params': False, 'time_limit': None, 'failed_instance_termination_thrsh': None, 'graph_generation_type': 'hog', 'weighted': False, 'easiest_first': False, 'cpu_util_threshold': None, 'debug': False, 'save_circuit_svg': False, 'rerun_exclude_finished_instances': False, 'warm_start_cache_producer_only': False, 'qaoa_only_from_existing_warm_start_cache': True, 'optimiser_debug_iterations': None, 'num_repeats': 1, 'relative_graph_adjList_path': 'HOG_graphs/Exp5/list_388_graphs_adjacency_list_hog_v04-12_regular.txt', 'persistent_warm_start_cache': True, 'warm_start_cache_dir': 'Results/warm_start_cache', 'warm_start_cache_max_file_mb': 512, 'warm_start_cache_max_total_gb': 60, 'sdp_max_parallel': 0, 'qaoa_max_parallel': 16, 'sdp_threads': 1, 'qaoa_threads': 1, 'sdp_memory_limit_total_gb': 0, 'sdp_memory_limit_single_gb': 0, 'sdp_memory_poll_seconds': 5, 'sdp_max_retries': 0, 'queue_poll_interval_seconds': 5, 'max_graph_vertices': 10, 'completed_result_csv_paths': [], 'qaoa_seed': 42, 'initialise_standard_warm_start_with_zero_angles': True, 'result_name_suffix': '_FINAL_BENCHMARKS_KINGAMPLIFIED', 'algorithm17_beta_mode': 'analytic_instance'}, Running QAOA with equal superposition
Benchmark run ID: 698d8e95
Benchmark repeat index: 1
Configured SDP rounding seed: 42
QAOA seed used: 42
Processor: x86_64
Hostname: dacsvm-cpunode01
Total RAM (GB): None
Physical cores: 32
Logical cores: 32
Python version: 3.11.15
Initialisation time: 0.01 seconds; started at stardate {'initialisation': 0.005288600921630859} and finished at stardate1788895589.9747992
Loaded HOG graph index 233 with 18 edges.
Instance generation for n=233 took 0.12 seconds; started at stardate 1788895589.974807 and finished at stardate 1788895590.0997207
Running QAOA for n=9 nodes, m=18 edges...; Max iterations: 75
Warm-start cache: loading Results/warm_start_cache/list_388_graphs_adjacency_list_hog_v04-12_regular__filehash_5b7f8d46/hog_idx000233_4a66f34298e0_seed42_L2_M2_betaanalytic_instance_amplified.npz
Warm-start cache: loaded in 0.0031 seconds; effective compute time=2879.069953918457
Edges: [(2, 7), (0, 1), (2, 3), (0, 4), (3, 8), (5, 8), (5, 7), (0, 3), (4, 6), (1, 2), (6, 8), (7, 8), (1, 5), (4, 5), (1, 4), (0, 2), (3, 6), (6, 7)], weights: [1.0, 1.0, 1.0, 1.0, 1.0, 1.0, 1.0, 1.0, 1.0, 1.0, 1.0, 1.0, 1.0, 1.0, 1.0, 1.0, 1.0, 1.0], set of nodes: {0, 1, 2, 3, 4, 5, 6, 7, 8}, n: 9 nodes, p: 2 layers, N_bayes: 75 iterations
Solving for uuid: 29ab9724
Initial state injected as warm start
Running ADAM optimization with a single iteration (no debug loop)
12.15699242057448
QAOA optimisation for n=233 took 39.81 seconds; started at stardate 1788895590.0997264 and finished at stardate 1788895629.9099777
Finished QAOA for n=9 nodes, m=18 edges at 2026-09-08 21:27:09 on x86_64. Time taken: 39.81 seconds. Hours: 0.01 hours. Peak RAM: 0.38 MB.
Unknown graph type for approximation ratio calculation; checking misc CSV.
Checking optimal_results_misc.csv for matching edges and weights...
Found matching exact result in misc CSV: 9.06122595882443
CSV writing for n=233 took 0.03 seconds; started at stardate 1788895629.9099858 and finished at stardate 1788895629.9413035
results: {233: 12.15699242057448}
durations: {9: 39.81025767326355}
Results saved to: Results/logs/adam/qaoa_results_adam_20260908_153459_pid1261333_FINAL_BENCHMARKS_KINGAMPLIFIED.csv
Global end time: 1788895629.9413152
Finalisation time: 0.00 seconds; started at stardate 1788895629.9413083 and finished at stardate 1788895629.9413195
Sum of all section times: 39.97 seconds
run_id: 698d8e95
