Starting QAOA benchmark with global start time: 1785427749.622924
Benchmark parameters: {'optimiser': 'adam', 'optimiser_use_heuristic': False, 'heuristic_optimiser_iterations': None, 'heuristic_optimiser_sampleSize': None, 'circuit_type': 'hamqaoa', 'parameter_vector': [1, 1, 1], 'iterations_list': [5, 10], 'learning_rate_adam': 0.01, 'depth_list': [1, 2, 3], 'n_start': None, 'n_end': None, 'singlet_injection': False, 'start_index_singlet': None, 'warm_start': True, 'warm_start_mode': 'standard', 'lasserre_level': 1, 'initial_solver_level_M': 1, 'sdp_seed': None, 'sdp_solver_mode': 'scs', 'sdp_scs_eps': 1e-06, 'sdp_scs_max_iters': 100000, 'warm_start_corr_strength': None, 'warm_start_corr_repeats': None, 'compare_with_010101': False, 'init_QAOAparams_close_to_zero': False, 'use_correlations_as_initial_params': False, 'time_limit': None, 'failed_instance_termination_thrsh': None, 'graph_generation_type': 'hog', 'weighted': False, 'easiest_first': False, 'cpu_util_threshold': None, 'debug': False, 'save_circuit_svg': False, 'rerun_exclude_finished_instances': True, 'warm_start_cache_producer_only': False, 'qaoa_only_from_existing_warm_start_cache': True, 'optimiser_debug_iterations': None, 'num_repeats': 1, 'relative_graph_adjList_path': 'HOG_graphs/Exp5/list_454_graphs_adjacency_listhog_v04-12_bipartite.txt', 'persistent_warm_start_cache': True, 'warm_start_cache_dir': 'Results/warm_start_cache', 'warm_start_cache_max_file_mb': 512, 'warm_start_cache_max_total_gb': 60, 'sdp_max_parallel': 0, 'qaoa_max_parallel': 32, 'sdp_threads': 1, 'qaoa_threads': 1, 'sdp_memory_limit_total_gb': 0, 'sdp_memory_limit_single_gb': 0, 'sdp_memory_poll_seconds': 5, 'sdp_max_retries': 0, 'queue_poll_interval_seconds': 5, 'completed_result_csv_paths': []}, Running QAOA with equal superposition
Benchmark run ID: 834f845d
Benchmark repeat index: 1
SDP seed override: None
Processor: x86_64
Hostname: dacsgpu0002
Total RAM (GB): None
Physical cores: 64
Logical cores: 64
Python version: 3.11.15
Initialisation time: 0.03 seconds; started at stardate {'initialisation': 0.02670454978942871} and finished at stardate1785427749.6496441
Loaded HOG graph index 13 with 10 edges.
Instance generation for n=13 took 0.02 seconds; started at stardate 1785427749.6496546 and finished at stardate 1785427749.6688082
Running QAOA for n=11 nodes, m=10 edges...; Max iterations: 10
Warm-start cache: loading Results/warm_start_cache/list_454_graphs_adjacency_listhog_v04-12_bipartite__filehash_0815e7e8/hog_idx000013_8c344c52aaca_noseed_L1_M1_standard.npz
Warm-start cache: loaded in 0.0083 seconds; effective compute time=0.27155280113220215
Edges: [(8, 9), (4, 10), (5, 10), (0, 10), (7, 9), (6, 8), (3, 10), (1, 10), (7, 10), (2, 10)], weights: [1.0, 1.0, 1.0, 1.0, 1.0, 1.0, 1.0, 1.0, 1.0, 1.0], set of nodes: {0, 1, 2, 3, 4, 5, 6, 7, 8, 9, 10}, n: 11 nodes, p: 2 layers, N_bayes: 10 iterations
Solving for uuid: ba5faef5
Initial state injected as warm start
Running ADAM optimization with a single iteration (no debug loop)
3.5602380947580317
QAOA optimisation for n=13 took 209.67 seconds; started at stardate 1785427749.6688144 and finished at stardate 1785427959.3352714
Finished QAOA for n=11 nodes, m=10 edges at 2026-07-30 18:12:39 on x86_64. Time taken: 209.67 seconds. Hours: 0.06 hours. Peak RAM: 2.0 MB.
Unknown graph type for approximation ratio calculation; checking misc CSV.
Checking optimal_results_misc.csv for matching edges and weights...
Found matching exact result in misc CSV: 6.211289923128821
CSV writing for n=13 took 0.03 seconds; started at stardate 1785427959.3352807 and finished at stardate 1785427959.3674822
results: {13: 3.5602380947580317}
durations: {11: 209.66646313667297}
Results saved to: Results/logs/adam/qaoa_results_adam_20260730_173259_pid3896940.csv
Global end time: 1785427959.367497
Finalisation time: 0.00 seconds; started at stardate 1785427959.3674877 and finished at stardate 1785427959.3675013
Sum of all section times: 209.74 seconds
run_id: 834f845d
