Starting QAOA benchmark with global start time: 1785430843.1207824
Benchmark parameters: {'optimiser': 'adam', 'optimiser_use_heuristic': False, 'heuristic_optimiser_iterations': None, 'heuristic_optimiser_sampleSize': None, 'circuit_type': 'hamqaoa', 'parameter_vector': [1, 1, 1], 'iterations_list': [5, 10], 'learning_rate_adam': 0.01, 'depth_list': [1, 2, 3], 'n_start': None, 'n_end': None, 'singlet_injection': False, 'start_index_singlet': None, 'warm_start': True, 'warm_start_mode': 'standard', 'lasserre_level': 1, 'initial_solver_level_M': 1, 'sdp_seed': None, 'sdp_solver_mode': 'scs', 'sdp_scs_eps': 1e-06, 'sdp_scs_max_iters': 100000, 'warm_start_corr_strength': None, 'warm_start_corr_repeats': None, 'compare_with_010101': False, 'init_QAOAparams_close_to_zero': False, 'use_correlations_as_initial_params': False, 'time_limit': None, 'failed_instance_termination_thrsh': None, 'graph_generation_type': 'hog', 'weighted': False, 'easiest_first': False, 'cpu_util_threshold': None, 'debug': False, 'save_circuit_svg': False, 'rerun_exclude_finished_instances': True, 'warm_start_cache_producer_only': False, 'qaoa_only_from_existing_warm_start_cache': True, 'optimiser_debug_iterations': None, 'num_repeats': 1, 'relative_graph_adjList_path': 'HOG_graphs/Exp5/list_454_graphs_adjacency_listhog_v04-12_bipartite.txt', 'persistent_warm_start_cache': True, 'warm_start_cache_dir': 'Results/warm_start_cache', 'warm_start_cache_max_file_mb': 512, 'warm_start_cache_max_total_gb': 60, 'sdp_max_parallel': 0, 'qaoa_max_parallel': 32, 'sdp_threads': 1, 'qaoa_threads': 1, 'sdp_memory_limit_total_gb': 0, 'sdp_memory_limit_single_gb': 0, 'sdp_memory_poll_seconds': 5, 'sdp_max_retries': 0, 'queue_poll_interval_seconds': 5, 'completed_result_csv_paths': []}, Running QAOA with equal superposition
Benchmark run ID: e68eb2de
Benchmark repeat index: 1
SDP seed override: None
Processor: x86_64
Hostname: dacsgpu0002
Total RAM (GB): None
Physical cores: 64
Logical cores: 64
Python version: 3.11.15
Initialisation time: 0.03 seconds; started at stardate {'initialisation': 0.029245376586914062} and finished at stardate1785430843.1500425
Loaded HOG graph index 340 with 20 edges.
Instance generation for n=340 took 0.02 seconds; started at stardate 1785430843.150052 and finished at stardate 1785430843.1724827
Running QAOA for n=12 nodes, m=20 edges...; Max iterations: 10
Warm-start cache: loading Results/warm_start_cache/list_454_graphs_adjacency_listhog_v04-12_bipartite__filehash_0815e7e8/hog_idx000340_35ea60bb2e21_noseed_L1_M1_standard.npz
Warm-start cache: loaded in 0.0102 seconds; effective compute time=0.3271603584289551
Edges: [(5, 11), (3, 11), (7, 11), (8, 10), (1, 10), (9, 11), (0, 11), (5, 10), (2, 11), (3, 10), (4, 11), (7, 10), (9, 10), (0, 10), (6, 11), (2, 10), (4, 10), (8, 11), (1, 11), (6, 10)], weights: [1.0, 1.0, 1.0, 1.0, 1.0, 1.0, 1.0, 1.0, 1.0, 1.0, 1.0, 1.0, 1.0, 1.0, 1.0, 1.0, 1.0, 1.0, 1.0, 1.0], set of nodes: {0, 1, 2, 3, 4, 5, 6, 7, 8, 9, 10, 11}, n: 12 nodes, p: 3 layers, N_bayes: 10 iterations
Solving for uuid: e6785fbf
Initial state injected as warm start
Running ADAM optimization with a single iteration (no debug loop)
5.985820149750259
QAOA optimisation for n=340 took 1913.77 seconds; started at stardate 1785430843.1724887 and finished at stardate 1785432756.9462192
Finished QAOA for n=12 nodes, m=20 edges at 2026-07-30 19:32:36 on x86_64. Time taken: 1913.77 seconds. Hours: 0.53 hours. Peak RAM: 10.83 MB.
Unknown graph type for approximation ratio calculation; checking misc CSV.
Checking optimal_results_misc.csv for matching edges and weights...
Found matching exact result in misc CSV: 11.000000000000021
CSV writing for n=340 took 0.06 seconds; started at stardate 1785432756.9462295 and finished at stardate 1785432757.0032814
results: {340: 5.985820149750259}
durations: {12: 1913.7737369537354}
Results saved to: Results/logs/adam/qaoa_results_adam_20260730_173259_pid3896940.csv
Global end time: 1785432757.0033002
Finalisation time: 0.00 seconds; started at stardate 1785432757.0032887 and finished at stardate 1785432757.0033047
Sum of all section times: 1913.88 seconds
run_id: e68eb2de
