Starting QAOA benchmark with global start time: 1785447021.569827
Benchmark parameters: {'optimiser': 'adam', 'optimiser_use_heuristic': False, 'heuristic_optimiser_iterations': None, 'heuristic_optimiser_sampleSize': None, 'circuit_type': 'hamqaoa', 'parameter_vector': [1, 1, 1], 'iterations_list': [5, 10], 'learning_rate_adam': 0.01, 'depth_list': [1, 2, 3], 'n_start': None, 'n_end': None, 'singlet_injection': False, 'start_index_singlet': None, 'warm_start': True, 'warm_start_mode': 'standard', 'lasserre_level': 1, 'initial_solver_level_M': 1, 'sdp_seed': None, 'sdp_solver_mode': 'scs', 'sdp_scs_eps': 1e-06, 'sdp_scs_max_iters': 100000, 'warm_start_corr_strength': None, 'warm_start_corr_repeats': None, 'compare_with_010101': False, 'init_QAOAparams_close_to_zero': False, 'use_correlations_as_initial_params': False, 'time_limit': None, 'failed_instance_termination_thrsh': None, 'graph_generation_type': 'hog', 'weighted': False, 'easiest_first': False, 'cpu_util_threshold': None, 'debug': False, 'save_circuit_svg': False, 'rerun_exclude_finished_instances': True, 'warm_start_cache_producer_only': False, 'qaoa_only_from_existing_warm_start_cache': True, 'optimiser_debug_iterations': None, 'num_repeats': 1, 'relative_graph_adjList_path': 'HOG_graphs/Exp5/list_454_graphs_adjacency_listhog_v04-12_bipartite.txt', 'persistent_warm_start_cache': True, 'warm_start_cache_dir': 'Results/warm_start_cache', 'warm_start_cache_max_file_mb': 512, 'warm_start_cache_max_total_gb': 60, 'sdp_max_parallel': 0, 'qaoa_max_parallel': 32, 'sdp_threads': 1, 'qaoa_threads': 1, 'sdp_memory_limit_total_gb': 0, 'sdp_memory_limit_single_gb': 0, 'sdp_memory_poll_seconds': 5, 'sdp_max_retries': 0, 'queue_poll_interval_seconds': 5, 'completed_result_csv_paths': []}, Running QAOA with equal superposition
Benchmark run ID: 1e29379a
Benchmark repeat index: 1
SDP seed override: None
Processor: x86_64
Hostname: dacsgpu0002
Total RAM (GB): None
Physical cores: 64
Logical cores: 64
Python version: 3.11.15
Initialisation time: 0.01 seconds; started at stardate {'initialisation': 0.011774778366088867} and finished at stardate1785447021.5816207
Loaded HOG graph index 277 with 11 edges.
Instance generation for n=277 took 0.02 seconds; started at stardate 1785447021.5816293 and finished at stardate 1785447021.5968902
Running QAOA for n=12 nodes, m=11 edges...; Max iterations: 10
Warm-start cache: loading Results/warm_start_cache/list_454_graphs_adjacency_listhog_v04-12_bipartite__filehash_0815e7e8/hog_idx000277_a79af2f095ac_noseed_L1_M1_standard.npz
Warm-start cache: loaded in 0.0097 seconds; effective compute time=0.31407880783081055
Edges: [(8, 9), (0, 11), (3, 9), (5, 10), (3, 11), (5, 6), (7, 8), (6, 7), (1, 10), (4, 11), (2, 4)], weights: [1.0, 1.0, 1.0, 1.0, 1.0, 1.0, 1.0, 1.0, 1.0, 1.0, 1.0], set of nodes: {0, 1, 2, 3, 4, 5, 6, 7, 8, 9, 10, 11}, n: 12 nodes, p: 2 layers, N_bayes: 10 iterations
Solving for uuid: 8e6dfa85
Initial state injected as warm start
Running ADAM optimization with a single iteration (no debug loop)
Warm-start fallback: optimiser result was below the SDP warm-start energy; using the warm-start energy instead.
3.999999999999867
QAOA optimisation for n=277 took 769.24 seconds; started at stardate 1785447021.596896 and finished at stardate 1785447790.8369389
Finished QAOA for n=12 nodes, m=11 edges at 2026-07-30 23:43:10 on x86_64. Time taken: 769.24 seconds. Hours: 0.21 hours. Peak RAM: 7.28 MB.
Unknown graph type for approximation ratio calculation; checking misc CSV.
Checking optimal_results_misc.csv for matching edges and weights...
Found matching exact result in misc CSV: 7.865856384423181
CSV writing for n=277 took 0.01 seconds; started at stardate 1785447790.8369458 and finished at stardate 1785447790.8471434
results: {277: 3.999999999999867}
durations: {12: 769.2400479316711}
Results saved to: Results/logs/adam/qaoa_results_adam_20260730_173259_pid3896940.csv
Global end time: 1785447790.8471527
Finalisation time: 0.00 seconds; started at stardate 1785447790.847147 and finished at stardate 1785447790.8471563
Sum of all section times: 769.28 seconds
run_id: 1e29379a
