Starting QAOA benchmark with global start time: 1785453520.404799
Benchmark parameters: {'optimiser': 'adam', 'optimiser_use_heuristic': False, 'heuristic_optimiser_iterations': None, 'heuristic_optimiser_sampleSize': None, 'circuit_type': 'hamqaoa', 'parameter_vector': [1, 1, 1], 'iterations_list': [5, 10], 'learning_rate_adam': 0.01, 'depth_list': [1, 2, 3], 'n_start': None, 'n_end': None, 'singlet_injection': False, 'start_index_singlet': None, 'warm_start': True, 'warm_start_mode': 'standard', 'lasserre_level': 1, 'initial_solver_level_M': 1, 'sdp_seed': None, 'sdp_solver_mode': 'scs', 'sdp_scs_eps': 1e-06, 'sdp_scs_max_iters': 100000, 'warm_start_corr_strength': None, 'warm_start_corr_repeats': None, 'compare_with_010101': False, 'init_QAOAparams_close_to_zero': False, 'use_correlations_as_initial_params': False, 'time_limit': None, 'failed_instance_termination_thrsh': None, 'graph_generation_type': 'hog', 'weighted': False, 'easiest_first': False, 'cpu_util_threshold': None, 'debug': False, 'save_circuit_svg': False, 'rerun_exclude_finished_instances': True, 'warm_start_cache_producer_only': False, 'qaoa_only_from_existing_warm_start_cache': True, 'optimiser_debug_iterations': None, 'num_repeats': 1, 'relative_graph_adjList_path': 'HOG_graphs/Exp5/list_454_graphs_adjacency_listhog_v04-12_bipartite.txt', 'persistent_warm_start_cache': True, 'warm_start_cache_dir': 'Results/warm_start_cache', 'warm_start_cache_max_file_mb': 512, 'warm_start_cache_max_total_gb': 60, 'sdp_max_parallel': 0, 'qaoa_max_parallel': 32, 'sdp_threads': 1, 'qaoa_threads': 1, 'sdp_memory_limit_total_gb': 0, 'sdp_memory_limit_single_gb': 0, 'sdp_memory_poll_seconds': 5, 'sdp_max_retries': 0, 'queue_poll_interval_seconds': 5, 'completed_result_csv_paths': []}, Running QAOA with equal superposition
Benchmark run ID: 0ed6e6b2
Benchmark repeat index: 1
SDP seed override: None
Processor: x86_64
Hostname: dacsgpu0002
Total RAM (GB): None
Physical cores: 64
Logical cores: 64
Python version: 3.11.15
Initialisation time: 0.03 seconds; started at stardate {'initialisation': 0.03325033187866211} and finished at stardate1785453520.4380648
Loaded HOG graph index 59 with 8 edges.
Instance generation for n=59 took 0.01 seconds; started at stardate 1785453520.4380736 and finished at stardate 1785453520.4520817
Running QAOA for n=8 nodes, m=8 edges...; Max iterations: 5
Warm-start cache: loading Results/warm_start_cache/list_454_graphs_adjacency_listhog_v04-12_bipartite__filehash_0815e7e8/hog_idx000059_51036ad3abfa_noseed_L1_M1_standard.npz
Warm-start cache: loaded in 0.0064 seconds; effective compute time=0.13943982124328613
Edges: [(2, 7), (0, 7), (4, 6), (4, 5), (3, 7), (2, 5), (3, 6), (1, 7)], weights: [1.0, 1.0, 1.0, 1.0, 1.0, 1.0, 1.0, 1.0], set of nodes: {0, 1, 2, 3, 4, 5, 6, 7}, n: 8 nodes, p: 3 layers, N_bayes: 5 iterations
Solving for uuid: 38dba5d0
Initial state injected as warm start
Running ADAM optimization with a single iteration (no debug loop)
2.812731919473574
QAOA optimisation for n=59 took 2.07 seconds; started at stardate 1785453520.4520874 and finished at stardate 1785453522.5254326
Finished QAOA for n=8 nodes, m=8 edges at 2026-07-31 01:18:42 on x86_64. Time taken: 2.07 seconds. Hours: 0.00 hours. Peak RAM: 0.26 MB.
Unknown graph type for approximation ratio calculation; checking misc CSV.
Checking optimal_results_misc.csv for matching edges and weights...
Found matching exact result in misc CSV: 5.287483449836824
CSV writing for n=59 took 0.03 seconds; started at stardate 1785453522.5254433 and finished at stardate 1785453522.5549624
results: {59: 2.812731919473574}
durations: {8: 2.0733518600463867}
Results saved to: Results/logs/adam/qaoa_results_adam_20260730_173259_pid3896940.csv
Global end time: 1785453522.5549793
Finalisation time: 0.00 seconds; started at stardate 1785453522.5549686 and finished at stardate 1785453522.5549836
Sum of all section times: 2.15 seconds
run_id: 0ed6e6b2
