Starting QAOA benchmark with global start time: 1782234671.3061984
Benchmark parameters: {'optimiser': 'adam', 'optimiser_use_heuristic': True, 'heuristic_optimiser_iterations': 2, 'heuristic_optimiser_sampleSize': 1000, 'circuit_type': 'hamqaoa', 'parameter_vector': [1, 1, 1], 'iterations_list': [50], 'learning_rate_adam': 0.05, 'depth_list': [1, 3, 5], 'n_start': None, 'n_end': 60, 'singlet_injection': False, 'start_index_singlet': None, 'warm_start': True, 'warm_start_mode': 'standard', 'lasserre_level': 2, 'initial_solver_level_M': 1, 'sdp_seed': 8000042, 'warm_start_corr_strength': None, 'warm_start_corr_repeats': None, 'compare_with_010101': False, 'init_QAOAparams_close_to_zero': False, 'use_correlations_as_initial_params': False, 'time_limit': 10800, 'failed_instance_termination_thrsh': None, 'graph_generation_type': 'hog', 'weighted': False, 'easiest_first': True, 'cpu_util_threshold': None, 'debug': False, 'save_circuit_svg': False, 'rerun_exclude_finished_instances': False, 'warm_start_cache_producer_only': False, 'qaoa_only_from_existing_warm_start_cache': True, 'optimiser_debug_iterations': None, 'num_repeats': 10, 'relative_graph_adjList_path': 'HOG_graphs/triangleFree_connected_4to8vertices_176instances_AdjacencyList.txt', 'persistent_warm_start_cache': True, 'warm_start_cache_dir': 'Results/warm_start_cache', 'warm_start_cache_max_file_mb': 512, 'warm_start_cache_max_total_gb': 60, 'sdp_max_parallel': 0, 'qaoa_max_parallel': 26, 'sdp_threads': 1, 'qaoa_threads': 1, 'sdp_memory_limit_total_gb': 40, 'sdp_memory_limit_single_gb': 40, 'sdp_memory_poll_seconds': 5, 'sdp_max_retries': 3, 'queue_poll_interval_seconds': 5}, Running QAOA with equal superposition
Benchmark run ID: 4ddadc18
Benchmark repeat index: 9
SDP seed override: 8000042
Processor: x86_64
Hostname: dacsgpu0002
Total RAM (GB): None
Physical cores: 64
Logical cores: 64
Python version: 3.11.15
Initialisation time: 0.01 seconds; started at stardate {'initialisation': 0.012579917907714844} and finished at stardate1782234671.3187897
Loaded HOG graph index 4 with 5 edges.
Instance generation for n=4 took 0.00 seconds; started at stardate 1782234671.3187957 and finished at stardate 1782234671.3228567
Running QAOA for n=5 nodes, m=5 edges...; Max iterations: 50
Warm-start cache: loading Results/warm_start_cache/triangleFree_connected_4to8vertices_176instances_AdjacencyList__filehash_279b7452/hog_idx000004_f3b409b7058e_seed8000042_L2_M1_standard.npz
Warm-start cache: loaded in 0.0015 seconds; effective compute time=107.42660689353943
Edges: [(1, 3), (2, 3), (0, 4), (1, 4), (2, 4)], weights: [1.0, 1.0, 1.0, 1.0, 1.0], set of nodes: {0, 1, 2, 3, 4}, n: 5 nodes, p: 5 layers, N_bayes: 50 iterations
Solving for uuid: 5aa1e24a
Initial state injected as warm start
Running ADAM optimization with a single iteration (no debug loop)
4.703516499321676
QAOA optimisation for n=4 took 401.94 seconds; started at stardate 1782234671.322861 and finished at stardate 1782235073.2599506
Finished QAOA for n=5 nodes, m=5 edges at 2026-06-23 19:17:53 on x86_64. Time taken: 401.94 seconds. Hours: 0.11 hours. Peak RAM: 0.24 MB.
Unknown graph type for approximation ratio calculation; checking misc CSV.
Checking optimal_results_misc.csv for matching edges and weights...
Found matching exact result in misc CSV: 3.4516059629557834
CSV writing for n=4 took 0.01 seconds; started at stardate 1782235073.2599578 and finished at stardate 1782235073.26618
results: {4: 4.703516499321676}
durations: {5: 401.9370946884155}
Results saved to: Results/logs/adam/qaoa_results_adam_20260623_184243_pid1750282.csv
Global end time: 1782235073.2661898
Finalisation time: 0.00 seconds; started at stardate 1782235073.266183 and finished at stardate 1782235073.266194
Sum of all section times: 401.96 seconds
run_id: 4ddadc18
