Starting QAOA benchmark with global start time: 1782249024.7041209
Benchmark parameters: {'optimiser': 'adam', 'optimiser_use_heuristic': True, 'heuristic_optimiser_iterations': 2, 'heuristic_optimiser_sampleSize': 1000, 'circuit_type': 'hamqaoa', 'parameter_vector': [1, 1, 1], 'iterations_list': [50], 'learning_rate_adam': 0.05, 'depth_list': [1, 3, 5], 'n_start': None, 'n_end': 60, 'singlet_injection': False, 'start_index_singlet': None, 'warm_start': True, 'warm_start_mode': 'standard', 'lasserre_level': 2, 'initial_solver_level_M': 1, 'sdp_seed': 7000042, 'warm_start_corr_strength': None, 'warm_start_corr_repeats': None, 'compare_with_010101': False, 'init_QAOAparams_close_to_zero': False, 'use_correlations_as_initial_params': False, 'time_limit': 10800, 'failed_instance_termination_thrsh': None, 'graph_generation_type': 'hog', 'weighted': False, 'easiest_first': True, 'cpu_util_threshold': None, 'debug': False, 'save_circuit_svg': False, 'rerun_exclude_finished_instances': False, 'warm_start_cache_producer_only': False, 'qaoa_only_from_existing_warm_start_cache': True, 'optimiser_debug_iterations': None, 'num_repeats': 10, 'relative_graph_adjList_path': 'HOG_graphs/triangleFree_connected_4to8vertices_176instances_AdjacencyList.txt', 'persistent_warm_start_cache': True, 'warm_start_cache_dir': 'Results/warm_start_cache', 'warm_start_cache_max_file_mb': 512, 'warm_start_cache_max_total_gb': 60, 'sdp_max_parallel': 0, 'qaoa_max_parallel': 26, 'sdp_threads': 1, 'qaoa_threads': 1, 'sdp_memory_limit_total_gb': 40, 'sdp_memory_limit_single_gb': 40, 'sdp_memory_poll_seconds': 5, 'sdp_max_retries': 3, 'queue_poll_interval_seconds': 5}, Running QAOA with equal superposition
Benchmark run ID: 1001bdf1
Benchmark repeat index: 8
SDP seed override: 7000042
Processor: x86_64
Hostname: dacsgpu0002
Total RAM (GB): None
Physical cores: 64
Logical cores: 64
Python version: 3.11.15
Initialisation time: 0.00 seconds; started at stardate {'initialisation': 0.003920793533325195} and finished at stardate1782249024.7080479
Loaded HOG graph index 40 with 3 edges.
Instance generation for n=40 took 0.00 seconds; started at stardate 1782249024.7080522 and finished at stardate 1782249024.7108572
Running QAOA for n=4 nodes, m=3 edges...; Max iterations: 50
Warm-start cache: loading Results/warm_start_cache/triangleFree_connected_4to8vertices_176instances_AdjacencyList__filehash_279b7452/hog_idx000040_8f3d1be6e598_seed7000042_L2_M1_standard.npz
Warm-start cache: loaded in 0.0042 seconds; effective compute time=13.778719425201416
Edges: [(1, 3), (0, 2), (2, 3)], weights: [1.0, 1.0, 1.0], set of nodes: {0, 1, 2, 3}, n: 4 nodes, p: 1 layers, N_bayes: 50 iterations
Solving for uuid: fa2a1eb3
Initial state injected as warm start
Running ADAM optimization with a single iteration (no debug loop)
3.2132497040450074
QAOA optimisation for n=40 took 53.46 seconds; started at stardate 1782249024.7108624 and finished at stardate 1782249078.175335
Finished QAOA for n=4 nodes, m=3 edges at 2026-06-23 23:11:18 on x86_64. Time taken: 53.46 seconds. Hours: 0.01 hours. Peak RAM: 0.21 MB.
Computing line approximation ratio
CSV writing for n=40 took 0.02 seconds; started at stardate 1782249078.175344 and finished at stardate 1782249078.1942198
results: {40: 3.2132497040450074}
durations: {4: 53.46447777748108}
Results saved to: Results/logs/adam/qaoa_results_adam_20260623_184243_pid1750282.csv
Global end time: 1782249078.1942363
Finalisation time: 0.00 seconds; started at stardate 1782249078.1942265 and finished at stardate 1782249078.1942408
Sum of all section times: 53.49 seconds
run_id: 1001bdf1
