Starting QAOA benchmark with global start time: 1782246889.459659
Benchmark parameters: {'optimiser': 'adam', 'optimiser_use_heuristic': True, 'heuristic_optimiser_iterations': 2, 'heuristic_optimiser_sampleSize': 1000, 'circuit_type': 'hamqaoa', 'parameter_vector': [1, 1, 1], 'iterations_list': [50], 'learning_rate_adam': 0.05, 'depth_list': [1, 3, 5], 'n_start': None, 'n_end': 60, 'singlet_injection': False, 'start_index_singlet': None, 'warm_start': True, 'warm_start_mode': 'standard', 'lasserre_level': 2, 'initial_solver_level_M': 1, 'sdp_seed': 4000042, 'warm_start_corr_strength': None, 'warm_start_corr_repeats': None, 'compare_with_010101': False, 'init_QAOAparams_close_to_zero': False, 'use_correlations_as_initial_params': False, 'time_limit': 10800, 'failed_instance_termination_thrsh': None, 'graph_generation_type': 'hog', 'weighted': False, 'easiest_first': True, 'cpu_util_threshold': None, 'debug': False, 'save_circuit_svg': False, 'rerun_exclude_finished_instances': False, 'warm_start_cache_producer_only': False, 'qaoa_only_from_existing_warm_start_cache': True, 'optimiser_debug_iterations': None, 'num_repeats': 10, 'relative_graph_adjList_path': 'HOG_graphs/triangleFree_connected_4to8vertices_176instances_AdjacencyList.txt', 'persistent_warm_start_cache': True, 'warm_start_cache_dir': 'Results/warm_start_cache', 'warm_start_cache_max_file_mb': 512, 'warm_start_cache_max_total_gb': 60, 'sdp_max_parallel': 0, 'qaoa_max_parallel': 26, 'sdp_threads': 1, 'qaoa_threads': 1, 'sdp_memory_limit_total_gb': 40, 'sdp_memory_limit_single_gb': 40, 'sdp_memory_poll_seconds': 5, 'sdp_max_retries': 3, 'queue_poll_interval_seconds': 5}, Running QAOA with equal superposition
Benchmark run ID: 9fb24fa1
Benchmark repeat index: 5
SDP seed override: 4000042
Processor: x86_64
Hostname: dacsgpu0002
Total RAM (GB): None
Physical cores: 64
Logical cores: 64
Python version: 3.11.15
Initialisation time: 0.02 seconds; started at stardate {'initialisation': 0.015535354614257812} and finished at stardate1782246889.4752057
Loaded HOG graph index 36 with 5 edges.
Instance generation for n=36 took 0.00 seconds; started at stardate 1782246889.4752126 and finished at stardate 1782246889.4775398
Running QAOA for n=6 nodes, m=5 edges...; Max iterations: 50
Warm-start cache: loading Results/warm_start_cache/triangleFree_connected_4to8vertices_176instances_AdjacencyList__filehash_279b7452/hog_idx000036_de880e1481de_seed4000042_L2_M1_standard.npz
Warm-start cache: loaded in 0.0048 seconds; effective compute time=207.32361555099487
Edges: [(2, 3), (0, 4), (3, 5), (1, 5), (2, 4)], weights: [1.0, 1.0, 1.0, 1.0, 1.0], set of nodes: {0, 1, 2, 3, 4, 5}, n: 6 nodes, p: 1 layers, N_bayes: 50 iterations
Solving for uuid: 8dbff101
Initial state injected as warm start
Running ADAM optimization with a single iteration (no debug loop)
3.789800215553758
QAOA optimisation for n=36 took 69.97 seconds; started at stardate 1782246889.4775438 and finished at stardate 1782246959.4482925
Finished QAOA for n=6 nodes, m=5 edges at 2026-06-23 22:35:59 on x86_64. Time taken: 69.97 seconds. Hours: 0.02 hours. Peak RAM: 0.22 MB.
Computing line approximation ratio
CSV writing for n=36 took 0.01 seconds; started at stardate 1782246959.4483016 and finished at stardate 1782246959.4547248
results: {36: 3.789800215553758}
durations: {6: 69.97075366973877}
Results saved to: Results/logs/adam/qaoa_results_adam_20260623_184243_pid1750282.csv
Global end time: 1782246959.4547396
Finalisation time: 0.00 seconds; started at stardate 1782246959.45473 and finished at stardate 1782246959.4547439
Sum of all section times: 70.00 seconds
run_id: 9fb24fa1
