Starting QAOA benchmark with global start time: 1782243665.898737
Benchmark parameters: {'optimiser': 'adam', 'optimiser_use_heuristic': True, 'heuristic_optimiser_iterations': 2, 'heuristic_optimiser_sampleSize': 1000, 'circuit_type': 'hamqaoa', 'parameter_vector': [1, 1, 1], 'iterations_list': [50], 'learning_rate_adam': 0.05, 'depth_list': [1, 3, 5], 'n_start': None, 'n_end': 60, 'singlet_injection': False, 'start_index_singlet': None, 'warm_start': True, 'warm_start_mode': 'standard', 'lasserre_level': 2, 'initial_solver_level_M': 1, 'sdp_seed': 8000042, 'warm_start_corr_strength': None, 'warm_start_corr_repeats': None, 'compare_with_010101': False, 'init_QAOAparams_close_to_zero': False, 'use_correlations_as_initial_params': False, 'time_limit': 10800, 'failed_instance_termination_thrsh': None, 'graph_generation_type': 'hog', 'weighted': False, 'easiest_first': True, 'cpu_util_threshold': None, 'debug': False, 'save_circuit_svg': False, 'rerun_exclude_finished_instances': False, 'warm_start_cache_producer_only': False, 'qaoa_only_from_existing_warm_start_cache': True, 'optimiser_debug_iterations': None, 'num_repeats': 10, 'relative_graph_adjList_path': 'HOG_graphs/triangleFree_connected_4to8vertices_176instances_AdjacencyList.txt', 'persistent_warm_start_cache': True, 'warm_start_cache_dir': 'Results/warm_start_cache', 'warm_start_cache_max_file_mb': 512, 'warm_start_cache_max_total_gb': 60, 'sdp_max_parallel': 0, 'qaoa_max_parallel': 26, 'sdp_threads': 1, 'qaoa_threads': 1, 'sdp_memory_limit_total_gb': 40, 'sdp_memory_limit_single_gb': 40, 'sdp_memory_poll_seconds': 5, 'sdp_max_retries': 3, 'queue_poll_interval_seconds': 5}, Running QAOA with equal superposition
Benchmark run ID: e010947e
Benchmark repeat index: 9
SDP seed override: 8000042
Processor: x86_64
Hostname: dacsgpu0002
Total RAM (GB): None
Physical cores: 64
Logical cores: 64
Python version: 3.11.15
Initialisation time: 0.00 seconds; started at stardate {'initialisation': 0.004832744598388672} and finished at stardate1782243665.9035778
Loaded HOG graph index 28 with 3 edges.
Instance generation for n=28 took 0.00 seconds; started at stardate 1782243665.9035838 and finished at stardate 1782243665.906484
Running QAOA for n=4 nodes, m=3 edges...; Max iterations: 50
Warm-start cache: loading Results/warm_start_cache/triangleFree_connected_4to8vertices_176instances_AdjacencyList__filehash_279b7452/hog_idx000028_aa31b41fdb35_seed8000042_L2_M1_standard.npz
Warm-start cache: loaded in 0.0050 seconds; effective compute time=18.337581634521484
Edges: [(1, 3), (2, 3), (0, 3)], weights: [1.0, 1.0, 1.0], set of nodes: {0, 1, 2, 3}, n: 4 nodes, p: 1 layers, N_bayes: 50 iterations
Solving for uuid: 1c48e9ab
Initial state injected as warm start
Running ADAM optimization with a single iteration (no debug loop)
2.2036362203706745
QAOA optimisation for n=28 took 46.39 seconds; started at stardate 1782243665.9064882 and finished at stardate 1782243712.2973392
Finished QAOA for n=4 nodes, m=3 edges at 2026-06-23 21:41:52 on x86_64. Time taken: 46.39 seconds. Hours: 0.01 hours. Peak RAM: 0.22 MB.
Unknown graph type for approximation ratio calculation; checking misc CSV.
Checking optimal_results_misc.csv for matching edges and weights...
Found matching exact result in misc CSV: 2.000000000000001
CSV writing for n=28 took 0.01 seconds; started at stardate 1782243712.2973475 and finished at stardate 1782243712.309111
results: {28: 2.2036362203706745}
durations: {4: 46.39085507392883}
Results saved to: Results/logs/adam/qaoa_results_adam_20260623_184243_pid1750282.csv
Global end time: 1782243712.3091252
Finalisation time: 0.00 seconds; started at stardate 1782243712.309116 and finished at stardate 1782243712.3091295
Sum of all section times: 46.41 seconds
run_id: e010947e
