Starting QAOA benchmark with global start time: 1782241388.8361928
Benchmark parameters: {'optimiser': 'adam', 'optimiser_use_heuristic': True, 'heuristic_optimiser_iterations': 2, 'heuristic_optimiser_sampleSize': 1000, 'circuit_type': 'hamqaoa', 'parameter_vector': [1, 1, 1], 'iterations_list': [50], 'learning_rate_adam': 0.05, 'depth_list': [1, 3, 5], 'n_start': None, 'n_end': 60, 'singlet_injection': False, 'start_index_singlet': None, 'warm_start': True, 'warm_start_mode': 'standard', 'lasserre_level': 2, 'initial_solver_level_M': 1, 'sdp_seed': 4000042, 'warm_start_corr_strength': None, 'warm_start_corr_repeats': None, 'compare_with_010101': False, 'init_QAOAparams_close_to_zero': False, 'use_correlations_as_initial_params': False, 'time_limit': 10800, 'failed_instance_termination_thrsh': None, 'graph_generation_type': 'hog', 'weighted': False, 'easiest_first': True, 'cpu_util_threshold': None, 'debug': False, 'save_circuit_svg': False, 'rerun_exclude_finished_instances': False, 'warm_start_cache_producer_only': False, 'qaoa_only_from_existing_warm_start_cache': True, 'optimiser_debug_iterations': None, 'num_repeats': 10, 'relative_graph_adjList_path': 'HOG_graphs/triangleFree_connected_4to8vertices_176instances_AdjacencyList.txt', 'persistent_warm_start_cache': True, 'warm_start_cache_dir': 'Results/warm_start_cache', 'warm_start_cache_max_file_mb': 512, 'warm_start_cache_max_total_gb': 60, 'sdp_max_parallel': 0, 'qaoa_max_parallel': 26, 'sdp_threads': 1, 'qaoa_threads': 1, 'sdp_memory_limit_total_gb': 40, 'sdp_memory_limit_single_gb': 40, 'sdp_memory_poll_seconds': 5, 'sdp_max_retries': 3, 'queue_poll_interval_seconds': 5}, Running QAOA with equal superposition
Benchmark run ID: 7fa09d4f
Benchmark repeat index: 5
SDP seed override: 4000042
Processor: x86_64
Hostname: dacsgpu0002
Total RAM (GB): None
Physical cores: 64
Logical cores: 64
Python version: 3.11.15
Initialisation time: 0.01 seconds; started at stardate {'initialisation': 0.007905006408691406} and finished at stardate1782241388.8441103
Loaded HOG graph index 23 with 6 edges.
Instance generation for n=23 took 0.00 seconds; started at stardate 1782241388.8441174 and finished at stardate 1782241388.8470275
Running QAOA for n=7 nodes, m=6 edges...; Max iterations: 50
Warm-start cache: loading Results/warm_start_cache/triangleFree_connected_4to8vertices_176instances_AdjacencyList__filehash_279b7452/hog_idx000023_200b1bb8a9fa_seed4000042_L2_M1_standard.npz
Warm-start cache: loaded in 0.0074 seconds; effective compute time=866.9468729496002
Edges: [(2, 3), (1, 6), (3, 5), (4, 6), (0, 5), (2, 4)], weights: [1.0, 1.0, 1.0, 1.0, 1.0, 1.0], set of nodes: {0, 1, 2, 3, 4, 5, 6}, n: 7 nodes, p: 1 layers, N_bayes: 50 iterations
Solving for uuid: 0d1deb80
Initial state injected as warm start
Running ADAM optimization with a single iteration (no debug loop)
5.12572033546797
QAOA optimisation for n=23 took 82.58 seconds; started at stardate 1782241388.8470309 and finished at stardate 1782241471.423998
Finished QAOA for n=7 nodes, m=6 edges at 2026-06-23 21:04:31 on x86_64. Time taken: 82.58 seconds. Hours: 0.02 hours. Peak RAM: 0.23 MB.
Computing line approximation ratio
CSV writing for n=23 took 0.01 seconds; started at stardate 1782241471.424005 and finished at stardate 1782241471.4291794
results: {23: 5.12572033546797}
durations: {7: 82.57697129249573}
Results saved to: Results/logs/adam/qaoa_results_adam_20260623_184243_pid1750282.csv
Global end time: 1782241471.4291906
Finalisation time: 0.00 seconds; started at stardate 1782241471.429183 and finished at stardate 1782241471.4291952
Sum of all section times: 82.59 seconds
run_id: 7fa09d4f
