/home/i6408800/MasterThesis/QAOA/Code/Circuit.py:192: UserWarning: No classical warm-start cut provided for HAMQAOA; using random cut values for fourth HAMQAOA gate. This may lead to suboptimal performance and may be unintentional if a classical warm start was intended.
  warnings.warn(
Starting QAOA benchmark with global start time: 1786903643.6026285
Benchmark parameters: {'optimiser': 'adam', 'optimiser_use_heuristic': True, 'heuristic_optimiser_iterations': 1, 'heuristic_optimiser_sampleSize': 20, 'circuit_type': 'hamqaoa', 'parameter_vector': [1, 1, 1], 'iterations_list': [50], 'learning_rate_adam': 0.01, 'depth_list': [1, 2, 3, 5], 'n_start': None, 'n_end': None, 'singlet_injection': False, 'start_index_singlet': None, 'warm_start': False, 'warm_start_mode': None, 'lasserre_level': None, 'initial_solver_level_M': None, 'sdp_seed': None, 'sdp_solver_mode': None, 'sdp_scs_eps': None, 'sdp_scs_max_iters': None, 'warm_start_corr_strength': None, 'warm_start_corr_repeats': None, 'compare_with_010101': False, 'init_QAOAparams_close_to_zero': False, 'use_correlations_as_initial_params': None, 'time_limit': None, 'failed_instance_termination_thrsh': None, 'graph_generation_type': 'hog', 'weighted': False, 'easiest_first': False, 'cpu_util_threshold': None, 'debug': False, 'save_circuit_svg': False, 'rerun_exclude_finished_instances': True, 'warm_start_cache_producer_only': False, 'qaoa_only_from_existing_warm_start_cache': False, 'optimiser_debug_iterations': None, 'num_repeats': 1, 'relative_graph_adjList_path': 'HOG_graphs/Exp5/list_193_graphs_adjacency_listhog_v04-12_planar_clawFree.txt', 'persistent_warm_start_cache': False, 'warm_start_cache_dir': None, 'warm_start_cache_max_file_mb': None, 'warm_start_cache_max_total_gb': None, 'sdp_max_parallel': 0, 'qaoa_max_parallel': 16, 'sdp_threads': 1, 'qaoa_threads': 1, 'sdp_memory_limit_total_gb': 0, 'sdp_memory_limit_single_gb': 0, 'sdp_memory_poll_seconds': None, 'sdp_max_retries': 0, 'queue_poll_interval_seconds': 5, 'max_graph_vertices': 11, 'completed_result_csv_paths': [], 'qaoa_seed': 1, 'initialise_standard_warm_start_with_zero_angles': False, 'result_name_suffix': '_Exp5_subexp4_standardWithHeuristic'}, Running QAOA with equal superposition
Benchmark run ID: f88c55ee
Benchmark repeat index: 1
SDP seed override: None
QAOA seed: 8200401
Processor: x86_64
Hostname: dacsgpu0002
Total RAM (GB): None
Physical cores: 64
Logical cores: 64
Python version: 3.11.15
Initialisation time: 0.00 seconds; started at stardate {'initialisation': 0.0034799575805664062} and finished at stardate1786903643.606119
Loaded HOG graph index 82 with 13 edges.
Instance generation for n=82 took 0.00 seconds; started at stardate 1786903643.6061256 and finished at stardate 1786903643.610254
Running QAOA for n=7 nodes, m=13 edges...; Max iterations: 50
Edges: [(0, 1), (2, 3), (1, 6), (0, 4), (2, 6), (3, 5), (0, 3), (4, 6), (5, 6), (3, 4), (1, 5), (2, 5), (2, 4)], weights: [1.0, 1.0, 1.0, 1.0, 1.0, 1.0, 1.0, 1.0, 1.0, 1.0, 1.0, 1.0, 1.0], set of nodes: {0, 1, 2, 3, 4, 5, 6}, n: 7 nodes, p: 5 layers, N_bayes: 50 iterations
Solving for uuid: a4beafc1
No warm start: Default initial state is equal superposition
Running ADAM optimization with a single iteration (no debug loop)
4.853461077636498
QAOA optimisation for n=82 took 22.95 seconds; started at stardate 1786903643.6102598 and finished at stardate 1786903666.564682
Finished QAOA for n=7 nodes, m=13 edges at 2026-08-16 20:07:46 on x86_64. Time taken: 22.95 seconds. Hours: 0.01 hours. Peak RAM: 0.24 MB.
Unknown graph type for approximation ratio calculation; checking misc CSV.
Checking optimal_results_misc.csv for matching edges and weights...
Found matching exact result in misc CSV: 6.337429897903175
CSV writing for n=82 took 0.01 seconds; started at stardate 1786903666.564692 and finished at stardate 1786903666.5778263
results: {82: 4.853461077636498}
durations: {7: 22.95442843437195}
Results saved to: Results/logs/adam/qaoa_results_adam_20260816_195946_pid1478746_Exp5_subexp4_standardWithHeuristic.csv
Global end time: 1786903666.577842
Finalisation time: 0.00 seconds; started at stardate 1786903666.5778317 and finished at stardate 1786903666.5778472
Sum of all section times: 22.98 seconds
run_id: f88c55ee
