Starting QAOA benchmark with global start time: 1785433168.551425
Benchmark parameters: {'optimiser': 'adam', 'optimiser_use_heuristic': None, 'heuristic_optimiser_iterations': None, 'heuristic_optimiser_sampleSize': None, 'circuit_type': 'hamqaoa', 'parameter_vector': [1, 1, 1], 'iterations_list': [10], 'learning_rate_adam': None, 'depth_list': [1], 'n_start': None, 'n_end': None, 'singlet_injection': False, 'start_index_singlet': None, 'warm_start': True, 'warm_start_mode': 'standard', 'lasserre_level': 2, 'initial_solver_level_M': 2, 'sdp_seed': None, 'sdp_solver_mode': 'scs', 'sdp_scs_eps': 1e-06, 'sdp_scs_max_iters': 100000, 'warm_start_corr_strength': None, 'warm_start_corr_repeats': None, 'compare_with_010101': False, 'init_QAOAparams_close_to_zero': False, 'use_correlations_as_initial_params': False, 'time_limit': None, 'failed_instance_termination_thrsh': None, 'graph_generation_type': 'hog', 'weighted': False, 'easiest_first': False, 'cpu_util_threshold': None, 'debug': False, 'save_circuit_svg': False, 'rerun_exclude_finished_instances': True, 'warm_start_cache_producer_only': True, 'qaoa_only_from_existing_warm_start_cache': False, 'optimiser_debug_iterations': None, 'num_repeats': 1, 'relative_graph_adjList_path': 'HOG_graphs/Exp5/list_388_graphs_adjacency_list_hog_v04-12_regular.txt', 'persistent_warm_start_cache': True, 'warm_start_cache_dir': 'Results/warm_start_cache', 'warm_start_cache_max_file_mb': 512, 'warm_start_cache_max_total_gb': 60, 'sdp_max_parallel': 32, 'qaoa_max_parallel': 0, 'sdp_threads': 1, 'qaoa_threads': 1, 'sdp_memory_limit_total_gb': 250, 'sdp_memory_limit_single_gb': 100, 'sdp_memory_poll_seconds': 5, 'sdp_max_retries': 3, 'queue_poll_interval_seconds': 5, 'completed_result_csv_paths': []}, Running QAOA with equal superposition
Benchmark run ID: d58634a5
Benchmark repeat index: 1
SDP seed override: None
Processor: x86_64
Hostname: dacsgpu0003
Total RAM (GB): None
Physical cores: 64
Logical cores: 64
Python version: 3.11.15
Initialisation time: 0.02 seconds; started at stardate {'initialisation': 0.015218496322631836} and finished at stardate1785433168.5666587
Loaded HOG graph index 73 with 42 edges.
Instance generation for n=73 took 0.14 seconds; started at stardate 1785433168.566669 and finished at stardate 1785433168.708964
Running QAOA for n=12 nodes, m=42 edges...; Max iterations: 10
Warm-start: starting SDP solve for n_vertices=12
Warm-start: no sdp_seed in config, generated fallback seed 14760277481376505542
Using SCS solver for SDP with eps=1e-06, max_iters=100000.
SDP solver status: optimal
SDP solver name: SCS
SDP solver iterations: 4475
SDP solve time: 1136.031657288
SDP extra stats: {'x': array([ 1.00000000e+00, -2.37081564e-12,  5.04174027e-13, ...,
        1.00000000e+00,  1.37030901e-18,  1.00000000e+00], shape=(199396,)), 'y': array([2.97983792e-02, 1.23428686e-02, 1.23428686e-02, ...,
       4.40759071e-03, 1.18700540e-12, 3.31548766e-02], shape=(551522,)), 's': array([ 0.00000000e+00,  0.00000000e+00,  0.00000000e+00, ...,
        9.99999992e-01, -2.97986940e-16,  1.00000000e+00], shape=(551522,)), 'info': {'status_val': 1, 'iter': 4475, 'scale_updates': 3, 'scale': 5.536239131516732, 'pobj': -15.50212823623277, 'dobj': -15.502128382793988, 'res_pri': 1.762730894856637e-06, 'res_dual': 1.1287413207324945e-06, 'gap': 1.4656121827272273e-07, 'res_infeas': nan, 'res_unbdd_a': 0.06450727182542867, 'res_unbdd_p': 0.0, 'comp_slack': 1.644837738584288e-11, 'solve_time': 1136031.657288, 'setup_time': 589.107418, 'lin_sys_time': 74248.79954999995, 'cone_time': 1033577.085532, 'accel_time': 5378.694780000057, 'rejected_accel_steps': 37, 'accepted_accel_steps': 1, 'status': 'solved'}}
Rounding...
Setting seed to 14760277481376505542
n_vertices: 12 for n = 36
Using seed 14760277481376505542 to generate random matrix for x.
Energy of rounded cut/product state: 26.26252286879665
Algorithm 17 lower-bound energy: 22.315488086049864
Algorithm 17 actual entangled-state energy: 26.400224141463738
SDP objective value: 36.50212823623277
20 in cut out of a total of 42 edges
Warm-start: SDP solve + rounding finished in 40195.36 seconds
Warm-start: using level-2 Algorithm 17 entangled statevector with shape (4096,)
Warm-start cache: moment matrix not saved for this configuration.
Warm-start cache: saved Results/warm_start_cache/list_388_graphs_adjacency_list_hog_v04-12_regular__filehash_5b7f8d46/hog_idx000073_09858b4370c3_noseed_L2_M2_standard.npz in 0.0227 seconds
WARM_START_CACHE_PRODUCER_ONLY is set; warm-start cache has been produced/loaded. Exiting before QAOA optimisation.
