Starting QAOA benchmark with global start time: 1785505361.5768733
Benchmark parameters: {'optimiser': 'adam', 'optimiser_use_heuristic': None, 'heuristic_optimiser_iterations': None, 'heuristic_optimiser_sampleSize': None, 'circuit_type': 'hamqaoa', 'parameter_vector': [1, 1, 1], 'iterations_list': [10], 'learning_rate_adam': None, 'depth_list': [1], 'n_start': None, 'n_end': None, 'singlet_injection': False, 'start_index_singlet': None, 'warm_start': True, 'warm_start_mode': 'standard', 'lasserre_level': 2, 'initial_solver_level_M': 2, 'sdp_seed': None, 'sdp_solver_mode': 'scs', 'sdp_scs_eps': 1e-06, 'sdp_scs_max_iters': 100000, 'warm_start_corr_strength': None, 'warm_start_corr_repeats': None, 'compare_with_010101': False, 'init_QAOAparams_close_to_zero': False, 'use_correlations_as_initial_params': False, 'time_limit': None, 'failed_instance_termination_thrsh': None, 'graph_generation_type': 'hog', 'weighted': False, 'easiest_first': False, 'cpu_util_threshold': None, 'debug': False, 'save_circuit_svg': False, 'rerun_exclude_finished_instances': True, 'warm_start_cache_producer_only': True, 'qaoa_only_from_existing_warm_start_cache': False, 'optimiser_debug_iterations': None, 'num_repeats': 1, 'relative_graph_adjList_path': 'HOG_graphs/Exp5/list_388_graphs_adjacency_list_hog_v04-12_regular.txt', 'persistent_warm_start_cache': True, 'warm_start_cache_dir': 'Results/warm_start_cache', 'warm_start_cache_max_file_mb': 512, 'warm_start_cache_max_total_gb': 60, 'sdp_max_parallel': 32, 'qaoa_max_parallel': 0, 'sdp_threads': 1, 'qaoa_threads': 1, 'sdp_memory_limit_total_gb': 250, 'sdp_memory_limit_single_gb': 100, 'sdp_memory_poll_seconds': 5, 'sdp_max_retries': 3, 'queue_poll_interval_seconds': 5, 'completed_result_csv_paths': []}, Running QAOA with equal superposition
Benchmark run ID: 17d6067f
Benchmark repeat index: 1
SDP seed override: None
Processor: x86_64
Hostname: dacsgpu0003
Total RAM (GB): None
Physical cores: 64
Logical cores: 64
Python version: 3.11.15
Initialisation time: 0.01 seconds; started at stardate {'initialisation': 0.013108253479003906} and finished at stardate1785505361.589997
Loaded HOG graph index 320 with 25 edges.
Instance generation for n=320 took 0.12 seconds; started at stardate 1785505361.5900052 and finished at stardate 1785505361.7102973
Running QAOA for n=10 nodes, m=25 edges...; Max iterations: 10
Warm-start: starting SDP solve for n_vertices=10
Warm-start: no sdp_seed in config, generated fallback seed 10143544802107513261
Using SCS solver for SDP with eps=1e-06, max_iters=100000.
SDP solver status: optimal
SDP solver name: SCS
SDP solver iterations: 9400
SDP solve time: 740.418980134
SDP extra stats: {'x': array([ 1.00000000e+00, -1.78291053e-14,  3.36034119e-14, ...,
        1.00000000e+00,  2.41346275e-19,  1.00000000e+00], shape=(95266,)), 'y': array([3.97056099e-02, 1.64465852e-02, 1.64465852e-02, ...,
       2.84632392e-02, 1.03587351e-14, 3.76872174e-02], shape=(265112,)), 's': array([ 0.00000000e+00,  0.00000000e+00,  0.00000000e+00, ...,
        1.00000000e+00, -9.90440406e-17,  1.00000000e+00], shape=(265112,)), 'info': {'status_val': 1, 'iter': 9400, 'scale_updates': 5, 'scale': 63.849204935405005, 'pobj': -14.195151019510979, 'dobj': -14.195151096296879, 'res_pri': 6.550475118695823e-07, 'res_dual': 1.4867871667084756e-06, 'gap': 7.678590030479882e-08, 'res_infeas': nan, 'res_unbdd_a': 0.07044659113726581, 'res_unbdd_p': 0.0, 'comp_slack': 1.9144408280880043e-14, 'solve_time': 740418.980134, 'setup_time': 240.507743, 'lin_sys_time': 58107.48555000009, 'cone_time': 657253.9314250001, 'accel_time': 4940.100703999989, 'rejected_accel_steps': 81, 'accepted_accel_steps': 0, 'status': 'solved'}}
Rounding...
Setting seed to 10143544802107513261
n_vertices: 10 for n = 30
Using seed 10143544802107513261 to generate random matrix for x.
Energy of rounded cut/product state: 15.094982280392916
Algorithm 17 lower-bound energy: 15.936788942977753
Algorithm 17 actual entangled-state energy: 15.58545970731532
SDP objective value: 26.695151019510984
18 in cut out of a total of 25 edges
Warm-start: SDP solve + rounding finished in 8074.90 seconds
Warm-start: using level-2 Algorithm 17 entangled statevector with shape (1024,)
Warm-start cache: moment matrix not saved for this configuration.
Warm-start cache: saved Results/warm_start_cache/list_388_graphs_adjacency_list_hog_v04-12_regular__filehash_5b7f8d46/hog_idx000320_bc0fb368673e_noseed_L2_M2_standard.npz in 0.0103 seconds
WARM_START_CACHE_PRODUCER_ONLY is set; warm-start cache has been produced/loaded. Exiting before QAOA optimisation.
