Starting QAOA benchmark with global start time: 1785456774.5879126
Benchmark parameters: {'optimiser': 'adam', 'optimiser_use_heuristic': None, 'heuristic_optimiser_iterations': None, 'heuristic_optimiser_sampleSize': None, 'circuit_type': 'hamqaoa', 'parameter_vector': [1, 1, 1], 'iterations_list': [10], 'learning_rate_adam': None, 'depth_list': [1], 'n_start': None, 'n_end': None, 'singlet_injection': False, 'start_index_singlet': None, 'warm_start': True, 'warm_start_mode': 'standard', 'lasserre_level': 2, 'initial_solver_level_M': 2, 'sdp_seed': None, 'sdp_solver_mode': 'scs', 'sdp_scs_eps': 1e-06, 'sdp_scs_max_iters': 100000, 'warm_start_corr_strength': None, 'warm_start_corr_repeats': None, 'compare_with_010101': False, 'init_QAOAparams_close_to_zero': False, 'use_correlations_as_initial_params': False, 'time_limit': None, 'failed_instance_termination_thrsh': None, 'graph_generation_type': 'hog', 'weighted': False, 'easiest_first': False, 'cpu_util_threshold': None, 'debug': False, 'save_circuit_svg': False, 'rerun_exclude_finished_instances': True, 'warm_start_cache_producer_only': True, 'qaoa_only_from_existing_warm_start_cache': False, 'optimiser_debug_iterations': None, 'num_repeats': 1, 'relative_graph_adjList_path': 'HOG_graphs/Exp5/list_388_graphs_adjacency_list_hog_v04-12_regular.txt', 'persistent_warm_start_cache': True, 'warm_start_cache_dir': 'Results/warm_start_cache', 'warm_start_cache_max_file_mb': 512, 'warm_start_cache_max_total_gb': 60, 'sdp_max_parallel': 32, 'qaoa_max_parallel': 0, 'sdp_threads': 1, 'qaoa_threads': 1, 'sdp_memory_limit_total_gb': 250, 'sdp_memory_limit_single_gb': 100, 'sdp_memory_poll_seconds': 5, 'sdp_max_retries': 3, 'queue_poll_interval_seconds': 5, 'completed_result_csv_paths': []}, Running QAOA with equal superposition
Benchmark run ID: e0854b98
Benchmark repeat index: 1
SDP seed override: None
Processor: x86_64
Hostname: dacsgpu0003
Total RAM (GB): None
Physical cores: 64
Logical cores: 64
Python version: 3.11.15
Initialisation time: 0.01 seconds; started at stardate {'initialisation': 0.014043331146240234} and finished at stardate1785456774.6019776
Loaded HOG graph index 48 with 24 edges.
Instance generation for n=48 took 0.13 seconds; started at stardate 1785456774.6019883 and finished at stardate 1785456774.7315705
Running QAOA for n=12 nodes, m=24 edges...; Max iterations: 10
Warm-start: starting SDP solve for n_vertices=12
Warm-start: no sdp_seed in config, generated fallback seed 2977236633594508211
Using SCS solver for SDP with eps=1e-06, max_iters=100000.
SDP solver status: optimal
SDP solver name: SCS
SDP solver iterations: 2950
SDP solve time: 739.767679735
SDP extra stats: {'x': array([ 1.00000000e+00, -8.33046547e-14, -2.58813529e-13, ...,
        1.00000000e+00, -5.45030245e-18,  1.00000000e+00], shape=(199396,)), 'y': array([2.44184347e-02, 1.01144773e-02, 1.01144773e-02, ...,
       1.43500385e-02, 2.68475776e-14, 5.74269338e-02], shape=(551522,)), 's': array([0.00000000e+00, 0.00000000e+00, 0.00000000e+00, ...,
       1.00000003e+00, 9.41768554e-16, 1.00000003e+00], shape=(551522,)), 'info': {'status_val': 1, 'iter': 2950, 'scale_updates': 2, 'scale': 2.5112208991966694, 'pobj': -11.94342181788695, 'dobj': -11.94342152666054, 'res_pri': 2.070615313632477e-06, 'res_dual': 9.708930025490952e-07, 'gap': 2.912264100984885e-07, 'res_infeas': nan, 'res_unbdd_a': 0.08372809863843339, 'res_unbdd_p': 0.0, 'comp_slack': 5.7500097193897055e-11, 'solve_time': 739767.679735, 'setup_time': 495.702812, 'lin_sys_time': 35047.664171, 'cone_time': 691070.9623779994, 'accel_time': 2646.3131109999695, 'rejected_accel_steps': 24, 'accepted_accel_steps': 1, 'status': 'solved'}}
Rounding...
Setting seed to 2977236633594508211
n_vertices: 12 for n = 36
Using seed 2977236633594508211 to generate random matrix for x.
Energy of rounded cut/product state: 14.175960335904339
Algorithm 17 lower-bound energy: 14.405835135099652
Algorithm 17 actual entangled-state energy: 14.516014605372625
SDP objective value: 23.94342181788695
12 in cut out of a total of 24 edges
Warm-start: SDP solve + rounding finished in 38660.77 seconds
Warm-start: using level-2 Algorithm 17 entangled statevector with shape (4096,)
Warm-start cache: moment matrix not saved for this configuration.
Warm-start cache: saved Results/warm_start_cache/list_388_graphs_adjacency_list_hog_v04-12_regular__filehash_5b7f8d46/hog_idx000048_25a93088a5ae_noseed_L2_M2_standard.npz in 0.0245 seconds
WARM_START_CACHE_PRODUCER_ONLY is set; warm-start cache has been produced/loaded. Exiting before QAOA optimisation.
