Starting QAOA benchmark with global start time: 1785514189.5065787
Benchmark parameters: {'optimiser': 'adam', 'optimiser_use_heuristic': None, 'heuristic_optimiser_iterations': None, 'heuristic_optimiser_sampleSize': None, 'circuit_type': 'hamqaoa', 'parameter_vector': [1, 1, 1], 'iterations_list': [10], 'learning_rate_adam': None, 'depth_list': [1], 'n_start': None, 'n_end': None, 'singlet_injection': False, 'start_index_singlet': None, 'warm_start': True, 'warm_start_mode': 'standard', 'lasserre_level': 2, 'initial_solver_level_M': 2, 'sdp_seed': None, 'sdp_solver_mode': 'scs', 'sdp_scs_eps': 1e-06, 'sdp_scs_max_iters': 100000, 'warm_start_corr_strength': None, 'warm_start_corr_repeats': None, 'compare_with_010101': False, 'init_QAOAparams_close_to_zero': False, 'use_correlations_as_initial_params': False, 'time_limit': None, 'failed_instance_termination_thrsh': None, 'graph_generation_type': 'hog', 'weighted': False, 'easiest_first': False, 'cpu_util_threshold': None, 'debug': False, 'save_circuit_svg': False, 'rerun_exclude_finished_instances': True, 'warm_start_cache_producer_only': True, 'qaoa_only_from_existing_warm_start_cache': False, 'optimiser_debug_iterations': None, 'num_repeats': 1, 'relative_graph_adjList_path': 'HOG_graphs/Exp5/list_388_graphs_adjacency_list_hog_v04-12_regular.txt', 'persistent_warm_start_cache': True, 'warm_start_cache_dir': 'Results/warm_start_cache', 'warm_start_cache_max_file_mb': 512, 'warm_start_cache_max_total_gb': 60, 'sdp_max_parallel': 32, 'qaoa_max_parallel': 0, 'sdp_threads': 1, 'qaoa_threads': 1, 'sdp_memory_limit_total_gb': 250, 'sdp_memory_limit_single_gb': 100, 'sdp_memory_poll_seconds': 5, 'sdp_max_retries': 3, 'queue_poll_interval_seconds': 5, 'completed_result_csv_paths': []}, Running QAOA with equal superposition
Benchmark run ID: d900490e
Benchmark repeat index: 1
SDP seed override: None
Processor: x86_64
Hostname: dacsgpu0003
Total RAM (GB): None
Physical cores: 64
Logical cores: 64
Python version: 3.11.15
Initialisation time: 0.01 seconds; started at stardate {'initialisation': 0.010221719741821289} and finished at stardate1785514189.516842
Loaded HOG graph index 299 with 20 edges.
Instance generation for n=299 took 0.22 seconds; started at stardate 1785514189.5168543 and finished at stardate 1785514189.732625
Running QAOA for n=10 nodes, m=20 edges...; Max iterations: 10
Warm-start: starting SDP solve for n_vertices=10
Warm-start: no sdp_seed in config, generated fallback seed 12557798169923603857
Using SCS solver for SDP with eps=1e-06, max_iters=100000.
SDP solver status: optimal
SDP solver name: SCS
SDP solver iterations: 1000
SDP solve time: 92.29197560799999
SDP extra stats: {'x': array([ 1.00000000e+00, -3.74318244e-13, -1.46631126e-13, ...,
        1.00000000e+00,  2.20755382e-18,  1.00000000e+00], shape=(95266,)), 'y': array([3.08441760e-02, 1.27760785e-02, 1.27760785e-02, ...,
       1.09479599e-02, 8.26546589e-14, 2.48457162e-02], shape=(265112,)), 's': array([ 0.00000000e+00,  0.00000000e+00,  0.00000000e+00, ...,
        9.99999988e-01, -1.74201891e-14,  9.99999979e-01], shape=(265112,)), 'info': {'status_val': 1, 'iter': 1000, 'scale_updates': 2, 'scale': 1.9564754193598812, 'pobj': -11.580093160433947, 'dobj': -11.580093131607576, 'res_pri': 9.85432211521877e-07, 'res_dual': 2.0689373673936711e-07, 'gap': 2.8826370623846742e-08, 'res_infeas': nan, 'res_unbdd_a': 0.08635509111892072, 'res_unbdd_p': 0.0, 'comp_slack': 5.521871848657156e-11, 'solve_time': 92291.975608, 'setup_time': 259.37376, 'lin_sys_time': 6060.614946999992, 'cone_time': 83468.98357299996, 'accel_time': 570.4829200000013, 'rejected_accel_steps': 7, 'accepted_accel_steps': 2, 'status': 'solved'}}
Rounding...
Setting seed to 12557798169923603857
n_vertices: 10 for n = 30
Using seed 12557798169923603857 to generate random matrix for x.
Energy of rounded cut/product state: 13.16460050799201
Algorithm 17 lower-bound energy: 12.89739747480178
Algorithm 17 actual entangled-state energy: 13.666853283377204
SDP objective value: 21.580093160433947
14 in cut out of a total of 20 edges
Warm-start: SDP solve + rounding finished in 7574.05 seconds
Warm-start: using level-2 Algorithm 17 entangled statevector with shape (1024,)
Warm-start cache: moment matrix not saved for this configuration.
Warm-start cache: saved Results/warm_start_cache/list_388_graphs_adjacency_list_hog_v04-12_regular__filehash_5b7f8d46/hog_idx000299_2a064bb93e14_noseed_L2_M2_standard.npz in 0.0102 seconds
WARM_START_CACHE_PRODUCER_ONLY is set; warm-start cache has been produced/loaded. Exiting before QAOA optimisation.
