Starting QAOA benchmark with global start time: 1785417008.7625651
Benchmark parameters: {'optimiser': 'adam', 'optimiser_use_heuristic': None, 'heuristic_optimiser_iterations': None, 'heuristic_optimiser_sampleSize': None, 'circuit_type': 'hamqaoa', 'parameter_vector': [1, 1, 1], 'iterations_list': [10], 'learning_rate_adam': None, 'depth_list': [1], 'n_start': None, 'n_end': None, 'singlet_injection': False, 'start_index_singlet': None, 'warm_start': True, 'warm_start_mode': 'standard', 'lasserre_level': 2, 'initial_solver_level_M': 2, 'sdp_seed': None, 'sdp_solver_mode': 'scs', 'sdp_scs_eps': 1e-06, 'sdp_scs_max_iters': 100000, 'warm_start_corr_strength': None, 'warm_start_corr_repeats': None, 'compare_with_010101': False, 'init_QAOAparams_close_to_zero': False, 'use_correlations_as_initial_params': False, 'time_limit': None, 'failed_instance_termination_thrsh': None, 'graph_generation_type': 'hog', 'weighted': False, 'easiest_first': False, 'cpu_util_threshold': None, 'debug': False, 'save_circuit_svg': False, 'rerun_exclude_finished_instances': True, 'warm_start_cache_producer_only': True, 'qaoa_only_from_existing_warm_start_cache': False, 'optimiser_debug_iterations': None, 'num_repeats': 1, 'relative_graph_adjList_path': 'HOG_graphs/Exp5/list_388_graphs_adjacency_list_hog_v04-12_regular.txt', 'persistent_warm_start_cache': True, 'warm_start_cache_dir': 'Results/warm_start_cache', 'warm_start_cache_max_file_mb': 512, 'warm_start_cache_max_total_gb': 60, 'sdp_max_parallel': 32, 'qaoa_max_parallel': 0, 'sdp_threads': 1, 'qaoa_threads': 1, 'sdp_memory_limit_total_gb': 250, 'sdp_memory_limit_single_gb': 100, 'sdp_memory_poll_seconds': 5, 'sdp_max_retries': 3, 'queue_poll_interval_seconds': 5, 'completed_result_csv_paths': []}, Running QAOA with equal superposition
Benchmark run ID: a0acac62
Benchmark repeat index: 1
SDP seed override: None
Processor: x86_64
Hostname: dacsgpu0003
Total RAM (GB): None
Physical cores: 64
Logical cores: 64
Python version: 3.11.15
Initialisation time: 0.01 seconds; started at stardate {'initialisation': 0.006921291351318359} and finished at stardate1785417008.769503
Loaded HOG graph index 197 with 22 edges.
Instance generation for n=197 took 0.13 seconds; started at stardate 1785417008.7695134 and finished at stardate 1785417008.897709
Running QAOA for n=11 nodes, m=22 edges...; Max iterations: 10
Warm-start: starting SDP solve for n_vertices=11
Warm-start: no sdp_seed in config, generated fallback seed 12506156898202724754
Using SCS solver for SDP with eps=1e-06, max_iters=100000.
SDP solver status: optimal
SDP solver name: SCS
SDP solver iterations: 750
SDP solve time: 114.361134882
SDP extra stats: {'x': array([1.00000000e+00, 2.05616972e-13, 2.05025103e-13, ...,
       1.00000000e+00, 1.06870668e-18, 1.00000000e+00], shape=(140185,)), 'y': array([ 3.22724549e-02,  1.33676638e-02,  1.33676638e-02, ...,
        2.74080925e-03, -5.21489653e-14,  1.11214494e-01], shape=(388841,)), 's': array([0.00000000e+00, 0.00000000e+00, 0.00000000e+00, ...,
       1.00000000e+00, 1.78310035e-15, 9.99999973e-01], shape=(388841,)), 'info': {'status_val': 1, 'iter': 750, 'scale_updates': 2, 'scale': 3.889614888176858, 'pobj': -12.934672771774329, 'dobj': -12.934672922279336, 'res_pri': 3.953451525812761e-07, 'res_dual': 1.4710107759076163e-06, 'gap': 1.5050500756785823e-07, 'res_infeas': nan, 'res_unbdd_a': 0.07731158086915578, 'res_unbdd_p': 0.0, 'comp_slack': 2.000334708885018e-10, 'solve_time': 114361.134882, 'setup_time': 431.5844, 'lin_sys_time': 8220.477198999992, 'cone_time': 102550.82830800001, 'accel_time': 657.746941000001, 'rejected_accel_steps': 4, 'accepted_accel_steps': 1, 'status': 'solved'}}
Rounding...
Setting seed to 12506156898202724754
n_vertices: 11 for n = 33
Using seed 12506156898202724754 to generate random matrix for x.
Energy of rounded cut/product state: 17.02382434486868
Algorithm 17 lower-bound energy: 14.114048535517814
Algorithm 17 actual entangled-state energy: 17.31990706700379
SDP objective value: 23.93467277177433
16 in cut out of a total of 22 edges
Warm-start: SDP solve + rounding finished in 18671.61 seconds
Warm-start: using level-2 Algorithm 17 entangled statevector with shape (2048,)
Warm-start cache: moment matrix not saved for this configuration.
Warm-start cache: saved Results/warm_start_cache/list_388_graphs_adjacency_list_hog_v04-12_regular__filehash_5b7f8d46/hog_idx000197_6851dcb0f0f4_noseed_L2_M2_standard.npz in 0.0162 seconds
WARM_START_CACHE_PRODUCER_ONLY is set; warm-start cache has been produced/loaded. Exiting before QAOA optimisation.
