Starting QAOA benchmark with global start time: 1785466548.4128768
Benchmark parameters: {'optimiser': 'adam', 'optimiser_use_heuristic': None, 'heuristic_optimiser_iterations': None, 'heuristic_optimiser_sampleSize': None, 'circuit_type': 'hamqaoa', 'parameter_vector': [1, 1, 1], 'iterations_list': [10], 'learning_rate_adam': None, 'depth_list': [1], 'n_start': None, 'n_end': None, 'singlet_injection': False, 'start_index_singlet': None, 'warm_start': True, 'warm_start_mode': 'standard', 'lasserre_level': 2, 'initial_solver_level_M': 2, 'sdp_seed': None, 'sdp_solver_mode': 'scs', 'sdp_scs_eps': 1e-06, 'sdp_scs_max_iters': 100000, 'warm_start_corr_strength': None, 'warm_start_corr_repeats': None, 'compare_with_010101': False, 'init_QAOAparams_close_to_zero': False, 'use_correlations_as_initial_params': False, 'time_limit': None, 'failed_instance_termination_thrsh': None, 'graph_generation_type': 'hog', 'weighted': False, 'easiest_first': False, 'cpu_util_threshold': None, 'debug': False, 'save_circuit_svg': False, 'rerun_exclude_finished_instances': True, 'warm_start_cache_producer_only': True, 'qaoa_only_from_existing_warm_start_cache': False, 'optimiser_debug_iterations': None, 'num_repeats': 1, 'relative_graph_adjList_path': 'HOG_graphs/Exp5/list_388_graphs_adjacency_list_hog_v04-12_regular.txt', 'persistent_warm_start_cache': True, 'warm_start_cache_dir': 'Results/warm_start_cache', 'warm_start_cache_max_file_mb': 512, 'warm_start_cache_max_total_gb': 60, 'sdp_max_parallel': 32, 'qaoa_max_parallel': 0, 'sdp_threads': 1, 'qaoa_threads': 1, 'sdp_memory_limit_total_gb': 250, 'sdp_memory_limit_single_gb': 100, 'sdp_memory_poll_seconds': 5, 'sdp_max_retries': 3, 'queue_poll_interval_seconds': 5, 'completed_result_csv_paths': []}, Running QAOA with equal superposition
Benchmark run ID: 4cbdd04a
Benchmark repeat index: 1
SDP seed override: None
Processor: x86_64
Hostname: dacsgpu0003
Total RAM (GB): None
Physical cores: 64
Logical cores: 64
Python version: 3.11.15
Initialisation time: 0.01 seconds; started at stardate {'initialisation': 0.012659072875976562} and finished at stardate1785466548.4255533
Loaded HOG graph index 107 with 30 edges.
Instance generation for n=107 took 0.20 seconds; started at stardate 1785466548.4255624 and finished at stardate 1785466548.6212223
Running QAOA for n=12 nodes, m=30 edges...; Max iterations: 10
Warm-start: starting SDP solve for n_vertices=12
Warm-start: no sdp_seed in config, generated fallback seed 5678171506009937603
Using SCS solver for SDP with eps=1e-06, max_iters=100000.
SDP solver status: optimal
SDP solver name: SCS
SDP solver iterations: 1000
SDP solve time: 239.006897469
SDP extra stats: {'x': array([ 1.00000000e+00, -6.41387352e-13, -4.30088934e-14, ...,
        1.00000000e+00, -4.83087200e-16,  1.00000000e+00], shape=(199396,)), 'y': array([2.86201112e-02, 1.18548381e-02, 1.18548381e-02, ...,
       1.52843348e-02, 3.02491911e-13, 1.29920787e-01], shape=(551522,)), 's': array([ 0.00000000e+00,  0.00000000e+00,  0.00000000e+00, ...,
        1.00000001e+00, -2.03620662e-13,  9.99999966e-01], shape=(551522,)), 'info': {'status_val': 1, 'iter': 1000, 'scale_updates': 1, 'scale': 0.5671477699647317, 'pobj': -15.896364318291143, 'dobj': -15.896364324566946, 'res_pri': 9.900938138688287e-08, 'res_dual': 4.6669940661598504e-08, 'gap': 6.275802988398027e-09, 'res_infeas': nan, 'res_unbdd_a': 0.06290746613426379, 'res_unbdd_p': 0.0, 'comp_slack': 7.747628002380038e-11, 'solve_time': 239006.897469, 'setup_time': 547.691563, 'lin_sys_time': 15659.518442999984, 'cone_time': 217244.84077200014, 'accel_time': 1166.938103000002, 'rejected_accel_steps': 7, 'accepted_accel_steps': 2, 'status': 'solved'}}
Rounding...
Setting seed to 5678171506009937603
n_vertices: 12 for n = 36
Using seed 5678171506009937603 to generate random matrix for x.
Energy of rounded cut/product state: 20.762692115491134
Algorithm 17 lower-bound energy: 18.388885961346702
Algorithm 17 actual entangled-state energy: 21.128963751050833
SDP objective value: 30.89636431829114
21 in cut out of a total of 30 edges
Warm-start: SDP solve + rounding finished in 37237.47 seconds
Warm-start: using level-2 Algorithm 17 entangled statevector with shape (4096,)
Warm-start cache: moment matrix not saved for this configuration.
Warm-start cache: saved Results/warm_start_cache/list_388_graphs_adjacency_list_hog_v04-12_regular__filehash_5b7f8d46/hog_idx000107_9e3e2283bca8_noseed_L2_M2_standard.npz in 0.0218 seconds
WARM_START_CACHE_PRODUCER_ONLY is set; warm-start cache has been produced/loaded. Exiting before QAOA optimisation.
