Starting QAOA benchmark with global start time: 1785496068.9779074
Benchmark parameters: {'optimiser': 'adam', 'optimiser_use_heuristic': None, 'heuristic_optimiser_iterations': None, 'heuristic_optimiser_sampleSize': None, 'circuit_type': 'hamqaoa', 'parameter_vector': [1, 1, 1], 'iterations_list': [10], 'learning_rate_adam': None, 'depth_list': [1], 'n_start': None, 'n_end': None, 'singlet_injection': False, 'start_index_singlet': None, 'warm_start': True, 'warm_start_mode': 'standard', 'lasserre_level': 2, 'initial_solver_level_M': 2, 'sdp_seed': None, 'sdp_solver_mode': 'scs', 'sdp_scs_eps': 1e-06, 'sdp_scs_max_iters': 100000, 'warm_start_corr_strength': None, 'warm_start_corr_repeats': None, 'compare_with_010101': False, 'init_QAOAparams_close_to_zero': False, 'use_correlations_as_initial_params': False, 'time_limit': None, 'failed_instance_termination_thrsh': None, 'graph_generation_type': 'hog', 'weighted': False, 'easiest_first': False, 'cpu_util_threshold': None, 'debug': False, 'save_circuit_svg': False, 'rerun_exclude_finished_instances': True, 'warm_start_cache_producer_only': True, 'qaoa_only_from_existing_warm_start_cache': False, 'optimiser_debug_iterations': None, 'num_repeats': 1, 'relative_graph_adjList_path': 'HOG_graphs/Exp5/list_388_graphs_adjacency_list_hog_v04-12_regular.txt', 'persistent_warm_start_cache': True, 'warm_start_cache_dir': 'Results/warm_start_cache', 'warm_start_cache_max_file_mb': 512, 'warm_start_cache_max_total_gb': 60, 'sdp_max_parallel': 32, 'qaoa_max_parallel': 0, 'sdp_threads': 1, 'qaoa_threads': 1, 'sdp_memory_limit_total_gb': 250, 'sdp_memory_limit_single_gb': 100, 'sdp_memory_poll_seconds': 5, 'sdp_max_retries': 3, 'queue_poll_interval_seconds': 5, 'completed_result_csv_paths': []}, Running QAOA with equal superposition
Benchmark run ID: 8f8e9398
Benchmark repeat index: 1
SDP seed override: None
Processor: x86_64
Hostname: dacsgpu0003
Total RAM (GB): None
Physical cores: 64
Logical cores: 64
Python version: 3.11.15
Initialisation time: 0.01 seconds; started at stardate {'initialisation': 0.007542848587036133} and finished at stardate1785496068.985464
Loaded HOG graph index 78 with 36 edges.
Instance generation for n=78 took 0.13 seconds; started at stardate 1785496068.985473 and finished at stardate 1785496069.1169965
Running QAOA for n=12 nodes, m=36 edges...; Max iterations: 10
Warm-start: starting SDP solve for n_vertices=12
Warm-start: no sdp_seed in config, generated fallback seed 830209410596617782
Using SCS solver for SDP with eps=1e-06, max_iters=100000.
SDP solver status: optimal
SDP solver name: SCS
SDP solver iterations: 1025
SDP solve time: 249.81979512200002
SDP extra stats: {'x': array([ 1.00000000e+00, -8.31569721e-14,  3.20961393e-14, ...,
        1.00000000e+00, -1.57905675e-16,  1.00000000e+00], shape=(199396,)), 'y': array([2.54551298e-02, 1.05438035e-02, 1.05438035e-02, ...,
       1.10183071e-02, 2.28149033e-14, 6.61296906e-02], shape=(551522,)), 's': array([ 0.00000000e+00,  0.00000000e+00,  0.00000000e+00, ...,
        9.99999990e-01, -1.27826984e-14,  9.99999966e-01], shape=(551522,)), 'info': {'status_val': 1, 'iter': 1025, 'scale_updates': 5, 'scale': 13.12602599990325, 'pobj': -15.146408852010868, 'dobj': -15.146408945643227, 'res_pri': 7.088955390143922e-08, 'res_dual': 3.899023267512419e-07, 'gap': 9.363235875525788e-08, 'res_infeas': nan, 'res_unbdd_a': 0.06602225054019017, 'res_unbdd_p': 0.0, 'comp_slack': 3.543963936284513e-11, 'solve_time': 249819.795122, 'setup_time': 579.703117, 'lin_sys_time': 15675.064721999996, 'cone_time': 227978.865751, 'accel_time': 1091.8721990000042, 'rejected_accel_steps': 5, 'accepted_accel_steps': 2, 'status': 'solved'}}
Rounding...
Setting seed to 830209410596617782
n_vertices: 12 for n = 36
Using seed 830209410596617782 to generate random matrix for x.
Energy of rounded cut/product state: 20.97480627111866
Algorithm 17 lower-bound energy: 19.94121484174574
Algorithm 17 actual entangled-state energy: 20.974806271118656
SDP objective value: 33.146408852010865
24 in cut out of a total of 36 edges
Warm-start: SDP solve + rounding finished in 35785.04 seconds
Warm-start: using level-2 Algorithm 17 entangled statevector with shape (4096,)
Warm-start cache: moment matrix not saved for this configuration.
Warm-start cache: saved Results/warm_start_cache/list_388_graphs_adjacency_list_hog_v04-12_regular__filehash_5b7f8d46/hog_idx000078_47c39074cf78_noseed_L2_M2_standard.npz in 0.0220 seconds
WARM_START_CACHE_PRODUCER_ONLY is set; warm-start cache has been produced/loaded. Exiting before QAOA optimisation.
