Starting QAOA benchmark with global start time: 1785407807.6785276
Benchmark parameters: {'optimiser': 'adam', 'optimiser_use_heuristic': None, 'heuristic_optimiser_iterations': None, 'heuristic_optimiser_sampleSize': None, 'circuit_type': 'hamqaoa', 'parameter_vector': [1, 1, 1], 'iterations_list': [10], 'learning_rate_adam': None, 'depth_list': [1], 'n_start': None, 'n_end': None, 'singlet_injection': False, 'start_index_singlet': None, 'warm_start': True, 'warm_start_mode': 'standard', 'lasserre_level': 2, 'initial_solver_level_M': 2, 'sdp_seed': None, 'sdp_solver_mode': 'scs', 'sdp_scs_eps': 1e-06, 'sdp_scs_max_iters': 100000, 'warm_start_corr_strength': None, 'warm_start_corr_repeats': None, 'compare_with_010101': False, 'init_QAOAparams_close_to_zero': False, 'use_correlations_as_initial_params': False, 'time_limit': None, 'failed_instance_termination_thrsh': None, 'graph_generation_type': 'hog', 'weighted': False, 'easiest_first': False, 'cpu_util_threshold': None, 'debug': False, 'save_circuit_svg': False, 'rerun_exclude_finished_instances': True, 'warm_start_cache_producer_only': True, 'qaoa_only_from_existing_warm_start_cache': False, 'optimiser_debug_iterations': None, 'num_repeats': 1, 'relative_graph_adjList_path': 'HOG_graphs/Exp5/list_388_graphs_adjacency_list_hog_v04-12_regular.txt', 'persistent_warm_start_cache': True, 'warm_start_cache_dir': 'Results/warm_start_cache', 'warm_start_cache_max_file_mb': 512, 'warm_start_cache_max_total_gb': 60, 'sdp_max_parallel': 32, 'qaoa_max_parallel': 0, 'sdp_threads': 1, 'qaoa_threads': 1, 'sdp_memory_limit_total_gb': 250, 'sdp_memory_limit_single_gb': 100, 'sdp_memory_poll_seconds': 5, 'sdp_max_retries': 3, 'queue_poll_interval_seconds': 5, 'completed_result_csv_paths': []}, Running QAOA with equal superposition
Benchmark run ID: 8824ce76
Benchmark repeat index: 1
SDP seed override: None
Processor: x86_64
Hostname: dacsgpu0003
Total RAM (GB): None
Physical cores: 64
Logical cores: 64
Python version: 3.11.15
Initialisation time: 0.00 seconds; started at stardate {'initialisation': 0.0019588470458984375} and finished at stardate1785407807.6804912
Loaded HOG graph index 351 with 25 edges.
Instance generation for n=351 took 0.06 seconds; started at stardate 1785407807.6804953 and finished at stardate 1785407807.7420678
Running QAOA for n=10 nodes, m=25 edges...; Max iterations: 10
Warm-start: starting SDP solve for n_vertices=10
Warm-start: no sdp_seed in config, generated fallback seed 18405041687520471920
Using SCS solver for SDP with eps=1e-06, max_iters=100000.
SDP solver status: optimal
SDP solver name: SCS
SDP solver iterations: 1375
SDP solve time: 144.350524315
SDP extra stats: {'x': array([ 1.00000000e+00,  2.65128499e-13, -3.82450629e-13, ...,
        1.00000000e+00, -3.43548257e-18,  1.00000000e+00], shape=(95266,)), 'y': array([3.32483860e-02, 1.37719614e-02, 1.37719614e-02, ...,
       1.22923785e-02, 3.47897435e-13, 3.93221217e-02], shape=(265112,)), 's': array([ 0.00000000e+00,  0.00000000e+00,  0.00000000e+00, ...,
        1.00000001e+00, -2.94325339e-15,  9.99999994e-01], shape=(265112,)), 'info': {'status_val': 1, 'iter': 1375, 'scale_updates': 3, 'scale': 4.716078645801682, 'pobj': -12.707901033608287, 'dobj': -12.707900894124087, 'res_pri': 1.1029266337477092e-06, 'res_dual': 1.3467059239547204e-06, 'gap': 1.3948420019005425e-07, 'res_infeas': nan, 'res_unbdd_a': 0.07869120143352354, 'res_unbdd_p': 0.0, 'comp_slack': 2.6398883079536972e-12, 'solve_time': 144350.524315, 'setup_time': 247.118673, 'lin_sys_time': 8041.842141000003, 'cone_time': 133060.78257700006, 'accel_time': 635.8085950000013, 'rejected_accel_steps': 10, 'accepted_accel_steps': 1, 'status': 'solved'}}
Rounding...
Setting seed to 18405041687520471920
n_vertices: 10 for n = 30
Using seed 18405041687520471920 to generate random matrix for x.
Energy of rounded cut/product state: 18.508639708394668
Algorithm 17 lower-bound energy: 15.165378320197068
Algorithm 17 actual entangled-state energy: 18.99842307109448
SDP objective value: 25.207901033608287
19 in cut out of a total of 25 edges
Warm-start: SDP solve + rounding finished in 8235.66 seconds
Warm-start: using level-2 Algorithm 17 entangled statevector with shape (1024,)
Warm-start cache: moment matrix not saved for this configuration.
Warm-start cache: saved Results/warm_start_cache/list_388_graphs_adjacency_list_hog_v04-12_regular__filehash_5b7f8d46/hog_idx000351_1c4868c93b70_noseed_L2_M2_standard.npz in 0.0109 seconds
WARM_START_CACHE_PRODUCER_ONLY is set; warm-start cache has been produced/loaded. Exiting before QAOA optimisation.
