Starting QAOA benchmark with global start time: 1785489740.2007487
Benchmark parameters: {'optimiser': 'adam', 'optimiser_use_heuristic': None, 'heuristic_optimiser_iterations': None, 'heuristic_optimiser_sampleSize': None, 'circuit_type': 'hamqaoa', 'parameter_vector': [1, 1, 1], 'iterations_list': [10], 'learning_rate_adam': None, 'depth_list': [1], 'n_start': None, 'n_end': None, 'singlet_injection': False, 'start_index_singlet': None, 'warm_start': True, 'warm_start_mode': 'standard', 'lasserre_level': 2, 'initial_solver_level_M': 2, 'sdp_seed': None, 'sdp_solver_mode': 'scs', 'sdp_scs_eps': 1e-06, 'sdp_scs_max_iters': 100000, 'warm_start_corr_strength': None, 'warm_start_corr_repeats': None, 'compare_with_010101': False, 'init_QAOAparams_close_to_zero': False, 'use_correlations_as_initial_params': False, 'time_limit': None, 'failed_instance_termination_thrsh': None, 'graph_generation_type': 'hog', 'weighted': False, 'easiest_first': False, 'cpu_util_threshold': None, 'debug': False, 'save_circuit_svg': False, 'rerun_exclude_finished_instances': True, 'warm_start_cache_producer_only': True, 'qaoa_only_from_existing_warm_start_cache': False, 'optimiser_debug_iterations': None, 'num_repeats': 1, 'relative_graph_adjList_path': 'HOG_graphs/Exp5/list_388_graphs_adjacency_list_hog_v04-12_regular.txt', 'persistent_warm_start_cache': True, 'warm_start_cache_dir': 'Results/warm_start_cache', 'warm_start_cache_max_file_mb': 512, 'warm_start_cache_max_total_gb': 60, 'sdp_max_parallel': 32, 'qaoa_max_parallel': 0, 'sdp_threads': 1, 'qaoa_threads': 1, 'sdp_memory_limit_total_gb': 250, 'sdp_memory_limit_single_gb': 100, 'sdp_memory_poll_seconds': 5, 'sdp_max_retries': 3, 'queue_poll_interval_seconds': 5, 'completed_result_csv_paths': []}, Running QAOA with equal superposition
Benchmark run ID: 28708a7a
Benchmark repeat index: 1
SDP seed override: None
Processor: x86_64
Hostname: dacsgpu0003
Total RAM (GB): None
Physical cores: 64
Logical cores: 64
Python version: 3.11.15
Initialisation time: 0.00 seconds; started at stardate {'initialisation': 0.004534244537353516} and finished at stardate1785489740.2052975
Loaded HOG graph index 183 with 36 edges.
Instance generation for n=183 took 0.13 seconds; started at stardate 1785489740.2053077 and finished at stardate 1785489740.3312514
Running QAOA for n=12 nodes, m=36 edges...; Max iterations: 10
Warm-start: starting SDP solve for n_vertices=12
Warm-start: no sdp_seed in config, generated fallback seed 16339434740143090029
Using SCS solver for SDP with eps=1e-06, max_iters=100000.
SDP solver status: optimal
SDP solver name: SCS
SDP solver iterations: 4750
SDP solve time: 1076.877004661
SDP extra stats: {'x': array([ 1.00000000e+00,  3.44275190e-13,  3.51705449e-13, ...,
        1.00000000e+00, -5.53149180e-16,  1.00000000e+00], shape=(199396,)), 'y': array([2.76846039e-02, 1.14673174e-02, 1.14673175e-02, ...,
       9.53695256e-03, 3.67318897e-13, 2.22789033e-02], shape=(551522,)), 's': array([ 0.00000000e+00,  0.00000000e+00,  0.00000000e+00, ...,
        1.00000000e+00, -2.11649789e-14,  9.99999970e-01], shape=(551522,)), 'info': {'status_val': 1, 'iter': 4750, 'scale_updates': 3, 'scale': 6.479183304229645, 'pobj': -15.25560338362284, 'dobj': -15.255603491583004, 'res_pri': 3.5103458698279534e-07, 'res_dual': 3.597556156643713e-07, 'gap': 1.0796016347569548e-07, 'res_infeas': nan, 'res_unbdd_a': 0.06554968524505168, 'res_unbdd_p': 0.0, 'comp_slack': 1.1580197400772706e-10, 'solve_time': 1076877.004661, 'setup_time': 547.36999, 'lin_sys_time': 73467.02496400004, 'cone_time': 975163.2965019974, 'accel_time': 5331.022041999997, 'rejected_accel_steps': 40, 'accepted_accel_steps': 1, 'status': 'solved'}}
Rounding...
Setting seed to 16339434740143090029
n_vertices: 12 for n = 36
Using seed 16339434740143090029 to generate random matrix for x.
Energy of rounded cut/product state: 23.358202398616683
Algorithm 17 lower-bound energy: 20.360756991933766
Algorithm 17 actual entangled-state energy: 23.967843378039838
SDP objective value: 33.25560338362283
18 in cut out of a total of 36 edges
Warm-start: SDP solve + rounding finished in 36416.31 seconds
Warm-start: using level-2 Algorithm 17 entangled statevector with shape (4096,)
Warm-start cache: moment matrix not saved for this configuration.
Warm-start cache: saved Results/warm_start_cache/list_388_graphs_adjacency_list_hog_v04-12_regular__filehash_5b7f8d46/hog_idx000183_4a3a2e169c09_noseed_L2_M2_standard.npz in 0.0238 seconds
WARM_START_CACHE_PRODUCER_ONLY is set; warm-start cache has been produced/loaded. Exiting before QAOA optimisation.
