Starting QAOA benchmark with global start time: 1788753143.8533902
Benchmark parameters: {'optimiser': 'adam', 'optimiser_use_heuristic': None, 'heuristic_optimiser_iterations': None, 'heuristic_optimiser_sampleSize': None, 'circuit_type': 'hamqaoa', 'parameter_vector': [1, 1, 1], 'iterations_list': [75], 'learning_rate_adam': None, 'depth_list': [1], 'n_start': None, 'n_end': None, 'singlet_injection': False, 'start_index_singlet': None, 'warm_start': True, 'warm_start_mode': 'amplified', 'lasserre_level': 2, 'initial_solver_level_M': 2, 'sdp_seed': 42, 'sdp_solver_mode': 'scs', 'sdp_scs_eps': 1e-06, 'sdp_scs_max_iters': 100000, 'warm_start_corr_strength': None, 'warm_start_corr_repeats': None, 'compare_with_010101': False, 'init_QAOAparams_close_to_zero': False, 'use_correlations_as_initial_params': False, 'time_limit': None, 'failed_instance_termination_thrsh': None, 'graph_generation_type': 'hog', 'weighted': False, 'easiest_first': False, 'cpu_util_threshold': None, 'debug': False, 'save_circuit_svg': False, 'rerun_exclude_finished_instances': True, 'warm_start_cache_producer_only': True, 'qaoa_only_from_existing_warm_start_cache': False, 'optimiser_debug_iterations': None, 'num_repeats': 1, 'relative_graph_adjList_path': 'HOG_graphs/Exp5/list_388_graphs_adjacency_list_hog_v04-12_regular.txt', 'persistent_warm_start_cache': True, 'warm_start_cache_dir': 'Results/warm_start_cache', 'warm_start_cache_max_file_mb': 512, 'warm_start_cache_max_total_gb': 60, 'sdp_max_parallel': 32, 'qaoa_max_parallel': 0, 'sdp_threads': 1, 'qaoa_threads': 1, 'sdp_memory_limit_total_gb': 250, 'sdp_memory_limit_single_gb': 100, 'sdp_memory_poll_seconds': 5, 'sdp_max_retries': 3, 'queue_poll_interval_seconds': 5, 'max_graph_vertices': 10, 'completed_result_csv_paths': [], 'qaoa_seed': 42, 'initialise_standard_warm_start_with_zero_angles': False, 'result_name_suffix': '_FINAL_BENCHMARKS_AMPLIFIED', 'algorithm17_beta_mode': 'analytic_instance'}, Running QAOA with equal superposition
Benchmark run ID: ab0ea39b
Benchmark repeat index: 1
Configured SDP rounding seed: 42
QAOA seed used: 42
Processor: x86_64
Hostname: dacsgpu0002
Total RAM (GB): None
Physical cores: 64
Logical cores: 64
Python version: 3.11.15
Initialisation time: 0.01 seconds; started at stardate {'initialisation': 0.007154941558837891} and finished at stardate1788753143.8605587
Loaded HOG graph index 60 with 30 edges.
Instance generation for n=60 took 0.11 seconds; started at stardate 1788753143.8605673 and finished at stardate 1788753143.9703214
Running QAOA for n=10 nodes, m=30 edges...; Max iterations: 75
Warm-start: starting SDP solve for n_vertices=10
Warm-start: using configured sdp_seed=42
Using SCS solver for SDP with eps=1e-06, max_iters=100000.
SDP solver status: optimal
SDP solver name: SCS
SDP solver iterations: 1225
SDP solve time: 63.874969358
SDP extra stats: {'x': array([ 1.00000000e+00, -2.74620072e-14, -4.15284346e-13, ...,
        1.00000000e+00,  1.59597627e-17,  1.00000000e+00], shape=(95266,)), 'y': array([ 3.08828766e-02,  1.27921011e-02,  1.27921011e-02, ...,
        8.35670114e-03, -4.02926978e-13,  2.60746535e-02], shape=(265112,)), 's': array([0.00000000e+00, 0.00000000e+00, 0.00000000e+00, ...,
       1.00000001e+00, 4.84620628e-14, 9.99999956e-01], shape=(265112,)), 'info': {'status_val': 1, 'iter': 1225, 'scale_updates': 2, 'scale': 2.879070620913664, 'pobj': -11.456838689642227, 'dobj': -11.456838737264938, 'res_pri': 1.803835925027466e-06, 'res_dual': 6.488542659089378e-07, 'gap': 4.762271110791971e-08, 'res_infeas': nan, 'res_unbdd_a': 0.08728411276668757, 'res_unbdd_p': 0.0, 'comp_slack': 4.454969726452873e-11, 'solve_time': 63874.969358, 'setup_time': 140.924016, 'lin_sys_time': 4577.065047000004, 'cone_time': 57584.21378100001, 'accel_time': 341.45200700000277, 'rejected_accel_steps': 9, 'accepted_accel_steps': 2, 'status': 'solved'}}
Rounding...
Setting seed to 42
n_vertices: 10 for n = 30
Using seed 42 to generate random matrix for x.
Energy of rounded cut/product state: 18.693955524918046
Algorithm 17 instance beta optimisation selected beta_star=0 in 0.030396 seconds.
Algorithm 17 analytical F-bound is not applicable because the graph is not triangle-free.
Algorithm 17 actual entangled-state energy: 18.693955524918046
SDP objective value: 26.456838689642222
18 in cut out of a total of 30 edges
Warm-start: SDP solve + rounding finished in 5975.99 seconds
Warm-start: using level-2 Algorithm 17 entangled statevector with shape (1024,)
Warm-start cache: moment matrix before save shape=(436, 436), dtype=float64, entries=190096, bytes=1520768 (1.45 MiB)
Warm-start cache: saved Results/warm_start_cache/list_388_graphs_adjacency_list_hog_v04-12_regular__filehash_5b7f8d46/hog_idx000060_faba8408686b_seed42_L2_M2_betaanalytic_instance_amplified.npz in 0.0143 seconds
WARM_START_CACHE_PRODUCER_ONLY is set; warm-start cache has been produced/loaded. Exiting before QAOA optimisation.
