Starting QAOA benchmark with global start time: 1785775922.189662
Benchmark parameters: {'optimiser': 'adam', 'optimiser_use_heuristic': False, 'heuristic_optimiser_iterations': None, 'heuristic_optimiser_sampleSize': None, 'circuit_type': 'hamqaoa', 'parameter_vector': [1, 1, 1], 'iterations_list': [50], 'learning_rate_adam': 0.005, 'depth_list': [1, 2, 3], 'n_start': None, 'n_end': None, 'singlet_injection': False, 'start_index_singlet': None, 'warm_start': True, 'warm_start_mode': 'standard', 'lasserre_level': 1, 'initial_solver_level_M': 1, 'sdp_seed': None, 'sdp_solver_mode': 'scs', 'sdp_scs_eps': 1e-06, 'sdp_scs_max_iters': 100000, 'warm_start_corr_strength': None, 'warm_start_corr_repeats': None, 'compare_with_010101': False, 'init_QAOAparams_close_to_zero': False, 'use_correlations_as_initial_params': False, 'time_limit': None, 'failed_instance_termination_thrsh': None, 'graph_generation_type': 'hog', 'weighted': False, 'easiest_first': False, 'cpu_util_threshold': None, 'debug': False, 'save_circuit_svg': False, 'rerun_exclude_finished_instances': True, 'warm_start_cache_producer_only': False, 'qaoa_only_from_existing_warm_start_cache': True, 'optimiser_debug_iterations': None, 'num_repeats': 1, 'relative_graph_adjList_path': 'HOG_graphs/Exp5/list_454_graphs_adjacency_listhog_v04-12_bipartite.txt', 'persistent_warm_start_cache': True, 'warm_start_cache_dir': 'Results/warm_start_cache', 'warm_start_cache_max_file_mb': 512, 'warm_start_cache_max_total_gb': 60, 'sdp_max_parallel': 0, 'qaoa_max_parallel': 32, 'sdp_threads': 1, 'qaoa_threads': 1, 'sdp_memory_limit_total_gb': 0, 'sdp_memory_limit_single_gb': 0, 'sdp_memory_poll_seconds': 5, 'sdp_max_retries': 0, 'queue_poll_interval_seconds': 5, 'completed_result_csv_paths': [], 'initialise_standard_warm_start_with_zero_angles': True, 'result_name_suffix': '_Exp5_subexp1_zeroAngles'}, Running QAOA with equal superposition
Benchmark run ID: 6a5a84fe
Benchmark repeat index: 1
SDP seed override: None
Processor: x86_64
Hostname: dacsgpu0002
Total RAM (GB): None
Physical cores: 64
Logical cores: 64
Python version: 3.11.15
Initialisation time: 0.02 seconds; started at stardate {'initialisation': 0.024434804916381836} and finished at stardate1785775922.214111
Loaded HOG graph index 13 with 10 edges.
Instance generation for n=13 took 0.03 seconds; started at stardate 1785775922.21412 and finished at stardate 1785775922.2435014
Running QAOA for n=11 nodes, m=10 edges...; Max iterations: 50
Warm-start cache: loading Results/warm_start_cache/list_454_graphs_adjacency_listhog_v04-12_bipartite__filehash_0815e7e8/hog_idx000013_8c344c52aaca_noseed_L1_M1_standard.npz
Warm-start cache: loaded in 0.0073 seconds; effective compute time=0.27155280113220215
Edges: [(8, 9), (4, 10), (5, 10), (0, 10), (7, 9), (6, 8), (3, 10), (1, 10), (7, 10), (2, 10)], weights: [1.0, 1.0, 1.0, 1.0, 1.0, 1.0, 1.0, 1.0, 1.0, 1.0], set of nodes: {0, 1, 2, 3, 4, 5, 6, 7, 8, 9, 10}, n: 11 nodes, p: 1 layers, N_bayes: 50 iterations
Solving for uuid: 6299561d
Initial state injected as warm start
Running ADAM optimization with a single iteration (no debug loop)
2.4319495552350916
QAOA optimisation for n=13 took 1143.44 seconds; started at stardate 1785775922.2435076 and finished at stardate 1785777065.6856565
Finished QAOA for n=11 nodes, m=10 edges at 2026-08-03 19:11:05 on x86_64. Time taken: 1143.44 seconds. Hours: 0.32 hours. Peak RAM: 1.11 MB.
Unknown graph type for approximation ratio calculation; checking misc CSV.
Checking optimal_results_misc.csv for matching edges and weights...
Found matching exact result in misc CSV: 6.211289923128821
CSV writing for n=13 took 0.03 seconds; started at stardate 1785777065.6856663 and finished at stardate 1785777065.7173522
results: {13: 2.4319495552350916}
durations: {11: 1143.4421548843384}
Results saved to: Results/logs/adam/qaoa_results_adam_20260803_113516_pid4155951_Exp5_subexp1_zeroAngles.csv
Global end time: 1785777065.7173693
Finalisation time: 0.00 seconds; started at stardate 1785777065.717358 and finished at stardate 1785777065.7173734
Sum of all section times: 1143.53 seconds
run_id: 6a5a84fe
