Starting QAOA benchmark with global start time: 1785750146.0521398
Benchmark parameters: {'optimiser': 'adam', 'optimiser_use_heuristic': False, 'heuristic_optimiser_iterations': None, 'heuristic_optimiser_sampleSize': None, 'circuit_type': 'hamqaoa', 'parameter_vector': [1, 1, 1], 'iterations_list': [50], 'learning_rate_adam': 0.005, 'depth_list': [1, 2, 3], 'n_start': None, 'n_end': None, 'singlet_injection': False, 'start_index_singlet': None, 'warm_start': True, 'warm_start_mode': 'standard', 'lasserre_level': 1, 'initial_solver_level_M': 1, 'sdp_seed': None, 'sdp_solver_mode': 'scs', 'sdp_scs_eps': 1e-06, 'sdp_scs_max_iters': 100000, 'warm_start_corr_strength': None, 'warm_start_corr_repeats': None, 'compare_with_010101': False, 'init_QAOAparams_close_to_zero': False, 'use_correlations_as_initial_params': False, 'time_limit': None, 'failed_instance_termination_thrsh': None, 'graph_generation_type': 'hog', 'weighted': False, 'easiest_first': False, 'cpu_util_threshold': None, 'debug': False, 'save_circuit_svg': False, 'rerun_exclude_finished_instances': True, 'warm_start_cache_producer_only': False, 'qaoa_only_from_existing_warm_start_cache': True, 'optimiser_debug_iterations': None, 'num_repeats': 1, 'relative_graph_adjList_path': 'HOG_graphs/Exp5/list_454_graphs_adjacency_listhog_v04-12_bipartite.txt', 'persistent_warm_start_cache': True, 'warm_start_cache_dir': 'Results/warm_start_cache', 'warm_start_cache_max_file_mb': 512, 'warm_start_cache_max_total_gb': 60, 'sdp_max_parallel': 0, 'qaoa_max_parallel': 32, 'sdp_threads': 1, 'qaoa_threads': 1, 'sdp_memory_limit_total_gb': 0, 'sdp_memory_limit_single_gb': 0, 'sdp_memory_poll_seconds': 5, 'sdp_max_retries': 0, 'queue_poll_interval_seconds': 5, 'completed_result_csv_paths': [], 'initialise_standard_warm_start_with_zero_angles': True, 'result_name_suffix': '_Exp5_subexp1_zeroAngles'}, Running QAOA with equal superposition
Benchmark run ID: c6363d8d
Benchmark repeat index: 1
SDP seed override: None
Processor: x86_64
Hostname: dacsgpu0002
Total RAM (GB): None
Physical cores: 64
Logical cores: 64
Python version: 3.11.15
Initialisation time: 0.02 seconds; started at stardate {'initialisation': 0.022357463836669922} and finished at stardate1785750146.0745108
Loaded HOG graph index 154 with 14 edges.
Instance generation for n=154 took 0.02 seconds; started at stardate 1785750146.0745194 and finished at stardate 1785750146.0965421
Running QAOA for n=11 nodes, m=14 edges...; Max iterations: 50
Warm-start cache: loading Results/warm_start_cache/list_454_graphs_adjacency_listhog_v04-12_bipartite__filehash_0815e7e8/hog_idx000154_be4893a60249_noseed_L1_M1_standard.npz
Warm-start cache: loaded in 0.0074 seconds; effective compute time=0.2262427806854248
Edges: [(8, 9), (4, 10), (1, 6), (5, 10), (7, 9), (2, 9), (6, 8), (4, 9), (5, 9), (7, 10), (8, 10), (3, 10), (0, 8), (6, 7)], weights: [1.0, 1.0, 1.0, 1.0, 1.0, 1.0, 1.0, 1.0, 1.0, 1.0, 1.0, 1.0, 1.0, 1.0], set of nodes: {0, 1, 2, 3, 4, 5, 6, 7, 8, 9, 10}, n: 11 nodes, p: 2 layers, N_bayes: 50 iterations
Solving for uuid: e9a91645
Initial state injected as warm start
Running ADAM optimization with a single iteration (no debug loop)
3.86010877593302
QAOA optimisation for n=154 took 988.97 seconds; started at stardate 1785750146.096548 and finished at stardate 1785751135.0692391
Finished QAOA for n=11 nodes, m=14 edges at 2026-08-03 11:58:55 on x86_64. Time taken: 988.97 seconds. Hours: 0.27 hours. Peak RAM: 2.01 MB.
Unknown graph type for approximation ratio calculation; checking misc CSV.
Checking optimal_results_misc.csv for matching edges and weights...
Found matching exact result in misc CSV: 8.5539168132721
CSV writing for n=154 took 0.03 seconds; started at stardate 1785751135.069249 and finished at stardate 1785751135.1003368
results: {154: 3.86010877593302}
durations: {11: 988.9726979732513}
Results saved to: Results/logs/adam/qaoa_results_adam_20260803_113516_pid4155951_Exp5_subexp1_zeroAngles.csv
Global end time: 1785751135.100356
Finalisation time: 0.00 seconds; started at stardate 1785751135.100345 and finished at stardate 1785751135.1003616
Sum of all section times: 989.05 seconds
run_id: c6363d8d
