Starting QAOA benchmark with global start time: 1786778193.3173754
Benchmark parameters: {'optimiser': 'adam', 'optimiser_use_heuristic': False, 'heuristic_optimiser_iterations': None, 'heuristic_optimiser_sampleSize': None, 'circuit_type': 'hamqaoa', 'parameter_vector': [1, 1, 1], 'iterations_list': [50], 'learning_rate_adam': 0.05, 'depth_list': [1, 2, 3, 4, 5], 'n_start': None, 'n_end': None, 'singlet_injection': False, 'start_index_singlet': None, 'warm_start': True, 'warm_start_mode': 'amplified_king', 'lasserre_level': 2, 'initial_solver_level_M': 2, 'sdp_seed': None, 'sdp_solver_mode': 'scs', 'sdp_scs_eps': 1e-06, 'sdp_scs_max_iters': 100000, 'warm_start_corr_strength': None, 'warm_start_corr_repeats': None, 'compare_with_010101': False, 'init_QAOAparams_close_to_zero': False, 'use_correlations_as_initial_params': False, 'time_limit': None, 'failed_instance_termination_thrsh': None, 'graph_generation_type': 'hog', 'weighted': False, 'easiest_first': False, 'cpu_util_threshold': None, 'debug': False, 'save_circuit_svg': False, 'rerun_exclude_finished_instances': True, 'warm_start_cache_producer_only': False, 'qaoa_only_from_existing_warm_start_cache': True, 'optimiser_debug_iterations': None, 'num_repeats': 1, 'relative_graph_adjList_path': 'HOG_graphs/Exp5/path_graphs_2to12vertices_11instances_AdjacencyList.txt', 'persistent_warm_start_cache': True, 'warm_start_cache_dir': 'Results/warm_start_cache', 'warm_start_cache_max_file_mb': 512, 'warm_start_cache_max_total_gb': 60, 'sdp_max_parallel': 0, 'qaoa_max_parallel': 16, 'sdp_threads': 1, 'qaoa_threads': 1, 'sdp_memory_limit_total_gb': 0, 'sdp_memory_limit_single_gb': 0, 'sdp_memory_poll_seconds': 5, 'sdp_max_retries': 0, 'queue_poll_interval_seconds': 5, 'max_graph_vertices': 11, 'completed_result_csv_paths': [], 'qaoa_seed': 1, 'initialise_standard_warm_start_with_zero_angles': False, 'result_name_suffix': '_Exp6_KingAmplifiedWithHeuristic'}, Running QAOA with equal superposition
Benchmark run ID: 73160799
Benchmark repeat index: 1
SDP seed override: None
QAOA seed: 600301
Processor: x86_64
Hostname: dacsgpu0003
Total RAM (GB): None
Physical cores: 64
Logical cores: 64
Python version: 3.11.15
Initialisation time: 0.04 seconds; started at stardate {'initialisation': 0.040048837661743164} and finished at stardate1786778193.3574386
Loaded HOG graph index 6 with 7 edges.
Instance generation for n=6 took 0.00 seconds; started at stardate 1786778193.357446 and finished at stardate 1786778193.3581107
Running QAOA for n=8 nodes, m=7 edges...; Max iterations: 50
Warm-start cache: loading Results/warm_start_cache/path_graphs_2to12vertices_11instances_AdjacencyList__filehash_01292d61/hog_idx000006_749a375e0266_noseed_L2_M2_amplified.npz
Warm-start cache: loaded in 0.0082 seconds; effective compute time=679.6791460514069
Edges: [(0, 1), (2, 3), (1, 2), (5, 6), (3, 4), (4, 5), (6, 7)], weights: [1.0, 1.0, 1.0, 1.0, 1.0, 1.0, 1.0], set of nodes: {0, 1, 2, 3, 4, 5, 6, 7}, n: 8 nodes, p: 4 layers, N_bayes: 50 iterations
Solving for uuid: 8c08850d
Initial state injected as warm start
Running ADAM optimization with a single iteration (no debug loop)
6.908106775834055
QAOA optimisation for n=6 took 28.26 seconds; started at stardate 1786778193.3581157 and finished at stardate 1786778221.6227205
Finished QAOA for n=8 nodes, m=7 edges at 2026-08-15 09:17:01 on x86_64. Time taken: 28.26 seconds. Hours: 0.01 hours. Peak RAM: 0.29 MB.
Computing line approximation ratio
CSV writing for n=6 took 0.03 seconds; started at stardate 1786778221.6227286 and finished at stardate 1786778221.6492205
results: {6: 6.908106775834055}
durations: {8: 28.264610290527344}
Results saved to: Results/logs/adam/qaoa_results_adam_20260815_091600_pid1491441_Exp6_KingAmplifiedWithHeuristic.csv
Global end time: 1786778221.649242
Finalisation time: 0.00 seconds; started at stardate 1786778221.6492286 and finished at stardate 1786778221.6492467
Sum of all section times: 28.33 seconds
run_id: 73160799
