Starting QAOA benchmark with global start time: 1789068451.03313
Benchmark parameters: {'optimiser': 'adam', 'optimiser_use_heuristic': False, 'heuristic_optimiser_iterations': None, 'heuristic_optimiser_sampleSize': None, 'circuit_type': 'hamqaoa', 'parameter_vector': [1, 1, 1], 'iterations_list': [75], 'learning_rate_adam': 0.05, 'depth_list': [6, 7, 8, 9, 10], 'n_start': None, 'n_end': None, 'singlet_injection': False, 'start_index_singlet': None, 'warm_start': True, 'warm_start_mode': 'amplified', 'lasserre_level': 1, 'initial_solver_level_M': 1, 'sdp_seed': 42, 'sdp_solver_mode': 'scs', 'sdp_scs_eps': 1e-06, 'sdp_scs_max_iters': 100000, 'warm_start_corr_strength': None, 'warm_start_corr_repeats': None, 'compare_with_010101': False, 'init_QAOAparams_close_to_zero': False, 'use_correlations_as_initial_params': False, 'time_limit': None, 'failed_instance_termination_thrsh': None, 'graph_generation_type': 'hog', 'weighted': False, 'easiest_first': True, 'cpu_util_threshold': None, 'debug': False, 'save_circuit_svg': False, 'rerun_exclude_finished_instances': False, 'warm_start_cache_producer_only': False, 'qaoa_only_from_existing_warm_start_cache': True, 'optimiser_debug_iterations': None, 'num_repeats': 1, 'relative_graph_adjList_path': 'HOG_graphs/Exp5/list_454_graphs_adjacency_listhog_v04-12_bipartite.txt', 'persistent_warm_start_cache': True, 'warm_start_cache_dir': 'Results/warm_start_cache', 'warm_start_cache_max_file_mb': 512, 'warm_start_cache_max_total_gb': 60, 'sdp_max_parallel': 0, 'qaoa_max_parallel': 16, 'sdp_threads': 1, 'qaoa_threads': 1, 'sdp_memory_limit_total_gb': 0, 'sdp_memory_limit_single_gb': 0, 'sdp_memory_poll_seconds': 5, 'sdp_max_retries': 0, 'queue_poll_interval_seconds': 5, 'max_graph_vertices': 10, 'completed_result_csv_paths': [], 'qaoa_seed': 42, 'initialise_standard_warm_start_with_zero_angles': True, 'result_name_suffix': '_FINAL_BENCHMARKS_AMPLIFIED_BestPerformers', 'algorithm17_beta_mode': 'fixed'}, Running QAOA with equal superposition
Benchmark run ID: 4ca52441
Benchmark repeat index: 1
Configured SDP rounding seed: 42
QAOA seed used: 42
Processor: x86_64
Hostname: dacsgpu0003
Total RAM (GB): None
Physical cores: 64
Logical cores: 64
Python version: 3.11.15
Initialisation time: 0.00 seconds; started at stardate {'initialisation': 0.003831624984741211} and finished at stardate1789068451.0369682
Loaded HOG graph index 37 with 5 edges.
Instance generation for n=37 took 0.01 seconds; started at stardate 1789068451.0369744 and finished at stardate 1789068451.0462556
Running QAOA for n=6 nodes, m=5 edges...; Max iterations: 75
Warm-start cache: loading Results/warm_start_cache/list_454_graphs_adjacency_listhog_v04-12_bipartite__filehash_0815e7e8/hog_idx000037_cdeb91b53894_seed42_L1_M1_amplified.npz
Warm-start cache: loaded in 0.0013 seconds; effective compute time=0.08433151245117188
Edges: [(0, 4), (3, 4), (1, 5), (4, 5), (2, 5)], weights: [1.0, 1.0, 1.0, 1.0, 1.0], set of nodes: {0, 1, 2, 3, 4, 5}, n: 6 nodes, p: 9 layers, N_bayes: 75 iterations
Solving for uuid: 51ae8ebe
Initial state injected as warm start
Warm start correlations applied in the form of weak entanglement
Running ADAM optimization with a single iteration (no debug loop)
3.297381109225561
QAOA optimisation for n=37 took 53.28 seconds; started at stardate 1789068451.0462606 and finished at stardate 1789068504.3221667
Finished QAOA for n=6 nodes, m=5 edges at 2026-09-10 21:28:24 on x86_64. Time taken: 53.28 seconds. Hours: 0.01 hours. Peak RAM: 0.28 MB.
Unknown graph type for approximation ratio calculation; checking misc CSV.
Checking optimal_results_misc.csv for matching edges and weights...
Found matching exact result in misc CSV: 3.4142135623730967
CSV writing for n=37 took 0.01 seconds; started at stardate 1789068504.3221755 and finished at stardate 1789068504.3307316
results: {37: 3.297381109225561}
durations: {6: 53.275911808013916}
Results saved to: Results/logs/adam/qaoa_results_adam_20260910_210547_pid197213_FINAL_BENCHMARKS_AMPLIFIED_BestPerformers.csv
Global end time: 1789068504.3307438
Finalisation time: 0.00 seconds; started at stardate 1789068504.330736 and finished at stardate 1789068504.330748
Sum of all section times: 53.30 seconds
run_id: 4ca52441
