Starting QAOA benchmark with global start time: 1789088209.2125146
Benchmark parameters: {'optimiser': 'adam', 'optimiser_use_heuristic': False, 'heuristic_optimiser_iterations': None, 'heuristic_optimiser_sampleSize': None, 'circuit_type': 'hamqaoa', 'parameter_vector': [1, 1, 1], 'iterations_list': [75], 'learning_rate_adam': 0.05, 'depth_list': [6, 7, 8, 9, 10], 'n_start': None, 'n_end': None, 'singlet_injection': False, 'start_index_singlet': None, 'warm_start': True, 'warm_start_mode': 'amplified', 'lasserre_level': 1, 'initial_solver_level_M': 1, 'sdp_seed': 42, 'sdp_solver_mode': 'scs', 'sdp_scs_eps': 1e-06, 'sdp_scs_max_iters': 100000, 'warm_start_corr_strength': None, 'warm_start_corr_repeats': None, 'compare_with_010101': False, 'init_QAOAparams_close_to_zero': False, 'use_correlations_as_initial_params': False, 'time_limit': None, 'failed_instance_termination_thrsh': None, 'graph_generation_type': 'hog', 'weighted': False, 'easiest_first': True, 'cpu_util_threshold': None, 'debug': False, 'save_circuit_svg': False, 'rerun_exclude_finished_instances': False, 'warm_start_cache_producer_only': False, 'qaoa_only_from_existing_warm_start_cache': True, 'optimiser_debug_iterations': None, 'num_repeats': 1, 'relative_graph_adjList_path': 'HOG_graphs/Exp5/list_454_graphs_adjacency_listhog_v04-12_bipartite.txt', 'persistent_warm_start_cache': True, 'warm_start_cache_dir': 'Results/warm_start_cache', 'warm_start_cache_max_file_mb': 512, 'warm_start_cache_max_total_gb': 60, 'sdp_max_parallel': 0, 'qaoa_max_parallel': 16, 'sdp_threads': 1, 'qaoa_threads': 1, 'sdp_memory_limit_total_gb': 0, 'sdp_memory_limit_single_gb': 0, 'sdp_memory_poll_seconds': 5, 'sdp_max_retries': 0, 'queue_poll_interval_seconds': 5, 'max_graph_vertices': 10, 'completed_result_csv_paths': [], 'qaoa_seed': 42, 'initialise_standard_warm_start_with_zero_angles': True, 'result_name_suffix': '_FINAL_BENCHMARKS_AMPLIFIED_BestPerformers', 'algorithm17_beta_mode': 'fixed'}, Running QAOA with equal superposition
Benchmark run ID: 85c254ef
Benchmark repeat index: 1
Configured SDP rounding seed: 42
QAOA seed used: 42
Processor: x86_64
Hostname: dacsgpu0003
Total RAM (GB): None
Physical cores: 64
Logical cores: 64
Python version: 3.11.15
Initialisation time: 0.00 seconds; started at stardate {'initialisation': 0.0031523704528808594} and finished at stardate1789088209.2156742
Loaded HOG graph index 372 with 8 edges.
Instance generation for n=372 took 0.01 seconds; started at stardate 1789088209.2156796 and finished at stardate 1789088209.2249787
Running QAOA for n=9 nodes, m=8 edges...; Max iterations: 75
Warm-start cache: loading Results/warm_start_cache/list_454_graphs_adjacency_listhog_v04-12_bipartite__filehash_0815e7e8/hog_idx000372_d432e482b8ea_seed42_L1_M1_amplified.npz
Warm-start cache: loaded in 0.0013 seconds; effective compute time=0.10686349868774414
Edges: [(5, 7), (4, 6), (6, 8), (1, 8), (2, 8), (3, 7), (5, 8), (0, 8)], weights: [1.0, 1.0, 1.0, 1.0, 1.0, 1.0, 1.0, 1.0], set of nodes: {0, 1, 2, 3, 4, 5, 6, 7, 8}, n: 9 nodes, p: 10 layers, N_bayes: 75 iterations
Solving for uuid: 9b087f93
Initial state injected as warm start
Warm start correlations applied in the form of weak entanglement
Running ADAM optimization with a single iteration (no debug loop)
5.00010616273373
QAOA optimisation for n=372 took 168.95 seconds; started at stardate 1789088209.2249827 and finished at stardate 1789088378.1724288
Finished QAOA for n=9 nodes, m=8 edges at 2026-09-11 02:59:38 on x86_64. Time taken: 168.95 seconds. Hours: 0.05 hours. Peak RAM: 0.73 MB.
Unknown graph type for approximation ratio calculation; checking misc CSV.
Checking optimal_results_misc.csv for matching edges and weights...
Found matching exact result in misc CSV: 5.283339196990052
CSV writing for n=372 took 0.01 seconds; started at stardate 1789088378.172437 and finished at stardate 1789088378.1847813
results: {372: 5.00010616273373}
durations: {9: 168.94745111465454}
Results saved to: Results/logs/adam/qaoa_results_adam_20260910_210547_pid197213_FINAL_BENCHMARKS_AMPLIFIED_BestPerformers.csv
Global end time: 1789088378.1847901
Finalisation time: 0.00 seconds; started at stardate 1789088378.1847844 and finished at stardate 1789088378.1847928
Sum of all section times: 168.97 seconds
run_id: 85c254ef
