Starting QAOA benchmark with global start time: 1785919531.3813148
Benchmark parameters: {'optimiser': 'adam', 'optimiser_use_heuristic': True, 'heuristic_optimiser_iterations': 1, 'heuristic_optimiser_sampleSize': 50, 'circuit_type': 'hamqaoa', 'parameter_vector': [1, 1, 1], 'iterations_list': [50], 'learning_rate_adam': 0.05, 'depth_list': [1, 2, 3, 5], 'n_start': None, 'n_end': None, 'singlet_injection': False, 'start_index_singlet': None, 'warm_start': True, 'warm_start_mode': 'amplified_king', 'lasserre_level': 2, 'initial_solver_level_M': 2, 'sdp_seed': None, 'sdp_solver_mode': 'scs', 'sdp_scs_eps': 1e-06, 'sdp_scs_max_iters': 100000, 'warm_start_corr_strength': None, 'warm_start_corr_repeats': None, 'compare_with_010101': False, 'init_QAOAparams_close_to_zero': False, 'use_correlations_as_initial_params': False, 'time_limit': None, 'failed_instance_termination_thrsh': None, 'graph_generation_type': 'hog', 'weighted': False, 'easiest_first': False, 'cpu_util_threshold': None, 'debug': False, 'save_circuit_svg': False, 'rerun_exclude_finished_instances': True, 'warm_start_cache_producer_only': False, 'qaoa_only_from_existing_warm_start_cache': True, 'optimiser_debug_iterations': None, 'num_repeats': 1, 'relative_graph_adjList_path': 'HOG_graphs/Exp5/complete_graphs_2to12vertices_11instances_AdjacencyList.txt', 'persistent_warm_start_cache': True, 'warm_start_cache_dir': 'Results/warm_start_cache', 'warm_start_cache_max_file_mb': 512, 'warm_start_cache_max_total_gb': 60, 'sdp_max_parallel': 0, 'qaoa_max_parallel': 32, 'sdp_threads': 1, 'qaoa_threads': 1, 'sdp_memory_limit_total_gb': 0, 'sdp_memory_limit_single_gb': 0, 'sdp_memory_poll_seconds': 5, 'sdp_max_retries': 0, 'queue_poll_interval_seconds': 5, 'completed_result_csv_paths': [], 'initialise_standard_warm_start_with_zero_angles': False, 'result_name_suffix': '_Exp5_subexp3_KingAmplified'}, Running QAOA with equal superposition
Benchmark run ID: 3c484eb9
Benchmark repeat index: 1
SDP seed override: None
Processor: x86_64
Hostname: dacsvm-cpunode01
Total RAM (GB): None
Physical cores: 32
Logical cores: 32
Python version: 3.11.15
Initialisation time: 0.00 seconds; started at stardate {'initialisation': 0.003490447998046875} and finished at stardate1785919531.384812
Loaded HOG graph index 2 with 6 edges.
Instance generation for n=2 took 0.00 seconds; started at stardate 1785919531.3848166 and finished at stardate 1785919531.3853834
Running QAOA for n=4 nodes, m=6 edges...; Max iterations: 50
Warm-start cache: loading Results/warm_start_cache/complete_graphs_2to12vertices_11instances_AdjacencyList__filehash_1c7be33d/hog_idx000002_488e446e6a19_noseed_L2_M2_amplified.npz
Warm-start cache: loaded in 0.0011 seconds; effective compute time=3.734250545501709
Edges: [(1, 3), (0, 1), (2, 3), (0, 3), (1, 2), (0, 2)], weights: [1.0, 1.0, 1.0, 1.0, 1.0, 1.0], set of nodes: {0, 1, 2, 3}, n: 4 nodes, p: 5 layers, N_bayes: 50 iterations
Solving for uuid: 05ab40a6
Initial state injected as warm start
Running ADAM optimization with a single iteration (no debug loop)
5.447675420726877
QAOA optimisation for n=2 took 62.23 seconds; started at stardate 1785919531.3853874 and finished at stardate 1785919593.616809
Finished QAOA for n=4 nodes, m=6 edges at 2026-08-05 10:46:33 on x86_64. Time taken: 62.23 seconds. Hours: 0.02 hours. Peak RAM: 0.25 MB.
Computing complete graph approximation ratio
CSV writing for n=2 took 0.01 seconds; started at stardate 1785919593.616817 and finished at stardate 1785919593.6262789
results: {2: 5.447675420726877}
durations: {4: 62.23142623901367}
Results saved to: Results/logs/adam/qaoa_results_adam_20260805_104452_pid1070458_Exp5_subexp3_KingAmplified.csv
Global end time: 1785919593.626289
Finalisation time: 0.00 seconds; started at stardate 1785919593.6262827 and finished at stardate 1785919593.6262922
Sum of all section times: 62.24 seconds
run_id: 3c484eb9
