Starting QAOA benchmark with global start time: 1782896757.6910484
Benchmark parameters: {'optimiser': 'exact', 'optimiser_use_heuristic': False, 'heuristic_optimiser_iterations': 0, 'heuristic_optimiser_sampleSize': 0, 'circuit_type': 'standard', 'parameter_vector': [1, 1, 1], 'iterations_list': [1], 'learning_rate_adam': 0.05, 'depth_list': [1], 'n_start': None, 'n_end': None, 'singlet_injection': False, 'start_index_singlet': None, 'warm_start': False, 'warm_start_mode': 'standard', 'lasserre_level': 2, 'initial_solver_level_M': 2, 'sdp_seed': None, 'sdp_solver_mode': 'scs', 'sdp_scs_eps': 0.001, 'sdp_scs_max_iters': 20000, 'warm_start_corr_strength': None, 'warm_start_corr_repeats': None, 'compare_with_010101': False, 'init_QAOAparams_close_to_zero': False, 'use_correlations_as_initial_params': False, 'time_limit': None, 'failed_instance_termination_thrsh': None, 'graph_generation_type': 'hog', 'weighted': False, 'easiest_first': True, 'cpu_util_threshold': None, 'debug': False, 'save_circuit_svg': False, 'rerun_exclude_finished_instances': True, 'warm_start_cache_producer_only': False, 'qaoa_only_from_existing_warm_start_cache': False, 'optimiser_debug_iterations': None, 'num_repeats': 1, 'relative_graph_adjList_path': 'HOG_graphs/stress_test.txt', 'persistent_warm_start_cache': False, 'warm_start_cache_dir': 'Results/warm_start_cache/unused_exact', 'warm_start_cache_max_file_mb': 512, 'warm_start_cache_max_total_gb': 60, 'sdp_max_parallel': 0, 'qaoa_max_parallel': 8, 'sdp_threads': 1, 'qaoa_threads': 1, 'sdp_memory_limit_total_gb': 50, 'sdp_memory_limit_single_gb': 50, 'sdp_memory_poll_seconds': 5, 'sdp_max_retries': 0, 'queue_poll_interval_seconds': 5}, Running QAOA with equal superposition
Benchmark run ID: bcb620ce
Benchmark repeat index: 1
SDP seed override: None
Processor: x86_64
Hostname: dacsgpu0002
Total RAM (GB): None
Physical cores: 64
Logical cores: 64
Python version: 3.11.15
Initialisation time: 0.00 seconds; started at stardate {'initialisation': 0.002552509307861328} and finished at stardate1782896757.6936057
Loaded HOG graph index 88 with 18 edges.
Instance generation for n=88 took 0.00 seconds; started at stardate 1782896757.6936097 and finished at stardate 1782896757.696285
Running QAOA for n=8 nodes, m=18 edges...; Max iterations: 0
Edges: [(1, 3), (0, 1), (2, 7), (2, 3), (1, 6), (0, 4), (4, 7), (2, 6), (3, 5), (1, 2), (5, 6), (0, 6), (3, 4), (1, 5), (4, 5), (0, 2), (3, 6), (6, 7)], weights: [1.0, 1.0, 1.0, 1.0, 1.0, 1.0, 1.0, 1.0, 1.0, 1.0, 1.0, 1.0, 1.0, 1.0, 1.0, 1.0, 1.0, 1.0], set of nodes: {0, 1, 2, 3, 4, 5, 6, 7}, n: 8 nodes, p: 0 layers, N_bayes: 0 iterations
Solving for uuid: fb2559d6
No warm start: Default initial state is equal superposition
Building standard QAOA circuit with 2 parameter types (γ and β)
18.045293146812337
QAOA optimisation for n=88 took 0.01 seconds; started at stardate 1782896757.6962876 and finished at stardate 1782896757.7035136
Finished QAOA for n=8 nodes, m=18 edges at 2026-07-01 11:05:57 on x86_64. Time taken: 0.01 seconds. Hours: 0.00 hours. Peak RAM: 0.21 MB.
Unknown graph type for approximation ratio calculation; checking misc CSV.
Checking optimal_results_misc.csv for matching edges and weights...
Found matching exact result in misc CSV: 18.045293146812337
CSV writing for n=88 took 0.00 seconds; started at stardate 1782896757.7035196 and finished at stardate 1782896757.705472
results: {88: 18.045293146812337}
durations: {8: 0.0072290897369384766}
Results saved to: Results/logs/exact/qaoa_results_exact_20260701_110449_pid3003373.csv
Global end time: 1782896757.705479
Finalisation time: 0.00 seconds; started at stardate 1782896757.7054741 and finished at stardate 1782896757.7054815
Sum of all section times: 0.01 seconds
run_id: bcb620ce
