2026-04-30 21:47:39.588 system_profiler[38357:1351805] hw.cpufamily: 0x6f5129ac
Starting QAOA benchmark with global start time: 1777578459.512809
Benchmark parameters: {'optimiser': 'adam', 'circuit_type': 'hamqaoa', 'parameter_vector': [1, 1, 1], 'iterations_list': [50, 100, 200, 500], 'learning_rate_adam': 0.05, 'depth_list': [1, 2, 5, 10], 'n_start': 0, 'n_end': 30, 'singlet_injection': False, 'start_index_singlet': 0, 'warm_start': True, 'compare_with_010101': False, 'warm_start_correlations': False, 'init_QAOAparams_close_to_zero': False, 'use_correlations_as_initial_params': False, 'time_limit': 10800, 'failed_instance_termination_thrsh': 10, 'graph_generation_type': 'HOG', 'weighted': False, 'easiest_first': True, 'cpu_util_threshold': 90, 'debug': False, 'save_circuit_svg': False, 'rerun_exclude_finished_instances': False, 'optimiser_debug_iterations': 1, 'relative_graph_adjList_path': '/Users/julian_dev/Projects/MasterThesis/QAOA/HOG_graphs/list_27_graphs_adjacency_list.txt'}, Running QAOA with equal superposition
Benchmark run ID: 0b5d63d4
Processor: Apple M4
Hostname: Mac-mini-som-tillhor-Julian.local
Total RAM (GB): 16.0
Physical cores: 10
Logical cores: 10
Python version: 3.13.1
Initialisation time: 0.09 seconds; started at {'initialisation': 0.09227991104125977} and finished at 1777578459.605097
Loaded HOG graph index 16 with 15 edges.
Instance generation for n=16 took 0.00 seconds; started at 1777578459.605102 and finished at 1777578459.605385
Running QAOA for n=10 nodes, m=15 edges...; Max iterations: 500
Warm-start: using parameter_vector=[1, 1, 1]
Warm-start: starting SDP solve for n_vertices=10
Starting SDP solve (solver preference: MOSEK, fallback: SCS) for n_vertices=10, matrix_dim=30, edges=15
Finished SDP solve with MOSEK. status=optimal. elapsed_seconds=0.06
Rounding...
n_vertices: 10 for n = 30
Using seed None to generate random matrix for x.
r_0: [-0.01350575  0.37092926  0.92856291]
Product state qubit 0: [[ 0.96428146+0.j         -0.00675287-0.18546463j]
 [-0.00675287+0.18546463j  0.03571854+0.j        ]]
Diagonal entries of product state 0: [0.96428146 0.03571854]
r_1: [ 0.01351429 -0.37092131 -0.92856596]
Product state qubit 1: [[0.03571702+0.j         0.00675714+0.18546066j]
 [0.00675714-0.18546066j 0.96428298+0.j        ]]
Diagonal entries of product state 1: [0.03571702 0.96428298]
r_2: [ 0.00362167  0.89396238 -0.44812737]
Product state qubit 2: [[0.27593631+0.j         0.00181083-0.44698119j]
 [0.00181083+0.44698119j 0.72406369+0.j        ]]
Diagonal entries of product state 2: [0.27593631 0.72406369]
r_3: [ 0.00450084 -0.99067242 -0.1361907 ]
Product state qubit 3: [[0.43190465+0.j         0.00225042+0.49533621j]
 [0.00225042-0.49533621j 0.56809535+0.j        ]]
Diagonal entries of product state 3: [0.43190465 0.56809535]
r_4: [ 0.00295701 -0.99980704 -0.01941996]
Product state qubit 4: [[0.49029002+0.j         0.0014785 +0.49990352j]
 [0.0014785 -0.49990352j 0.50970998+0.j        ]]
Diagonal entries of product state 4: [0.49029002 0.50970998]
r_5: [-0.00160919  0.99675902 -0.08042931]
Product state qubit 5: [[ 0.45978535+0.j         -0.00080459-0.49837951j]
 [-0.00080459+0.49837951j  0.54021465+0.j        ]]
Diagonal entries of product state 5: [0.45978535 0.54021465]
r_6: [-0.00295733  0.99980703  0.01942033]
Product state qubit 6: [[ 0.50971016+0.j         -0.00147866-0.49990352j]
 [-0.00147866+0.49990352j  0.49028984+0.j        ]]
Diagonal entries of product state 6: [0.50971016 0.49028984]
r_7: [ 0.00161175 -0.99675902  0.08042921]
Product state qubit 7: [[0.5402146 +0.j         0.00080587+0.49837951j]
 [0.00080587-0.49837951j 0.4597854 +0.j        ]]
Diagonal entries of product state 7: [0.5402146 0.4597854]
r_8: [-0.00450484  0.99067238  0.13619082]
Product state qubit 8: [[ 0.56809541+0.j         -0.00225242-0.49533619j]
 [-0.00225242+0.49533619j  0.43190459+0.j        ]]
Diagonal entries of product state 8: [0.56809541 0.43190459]
r_9: [-0.0036257  -0.89396325  0.4481256 ]
Product state qubit 9: [[ 0.7240628 +0.j         -0.00181285+0.44698163j]
 [-0.00181285-0.44698163j  0.2759372 +0.j        ]]
Diagonal entries of product state 9: [0.7240628 0.2759372]
y_scalar: False
[1, -1, -1, -1, -1, -1, 1, 1, 1, 1]
Hamiltonian equals product state? [[False False False False]
 [False False False False]
 [False False False False]
 [False False False False]]
Hamiltonian: [[ 0. +0.j  0. +0.j  0. +0.j  0. +0.j]
 [ 0. +0.j  0.5+0.j -0.5+0.j  0. +0.j]
 [ 0. +0.j -0.5+0.j  0.5+0.j  0. +0.j]
 [ 0. +0.j  0. +0.j  0. +0.j  0. +0.j]], product state: [[ 1.49064826e-01+0.j          2.22369608e-04+0.137521j
   9.78239399e-04-0.24146577j  2.22767726e-01+0.00054227j]
 [ 2.22369608e-04-0.137521j    1.26871487e-01+0.j
  -2.22764808e-01-0.00126269j  8.32595392e-04-0.20551542j]
 [ 9.78239399e-04+0.24146577j -2.22764808e-01+0.00126269j
   3.91149778e-01+0.j          5.83503331e-04+0.36085851j]
 [ 2.22767726e-01-0.00054227j  8.32595392e-04+0.20551542j
   5.83503331e-04-0.36085851j  3.32913909e-01+0.j        ]]
Hamiltonian equals product state? [[False False False False]
 [False False False False]
 [False False False False]
 [False False False False]]
Hamiltonian: [[ 0. +0.j  0. +0.j  0. +0.j  0. +0.j]
 [ 0. +0.j  0.5+0.j -0.5+0.j  0. +0.j]
 [ 0. +0.j -0.5+0.j  0.5+0.j  0. +0.j]
 [ 0. +0.j  0. +0.j  0. +0.j  0. +0.j]], product state: [[ 3.44412599e-02+0.00000000e+00j  6.51578724e-03+1.78836272e-01j
  -2.41192505e-04-6.62424378e-03j  3.43507616e-02-2.50560322e-03j]
 [ 6.51578724e-03-1.78836272e-01j  9.29840196e-01+0.00000000e+00j
  -3.44420218e-02-8.18624955e-07j -6.51168068e-03-1.78840384e-01j]
 [-2.41192505e-04+6.62424378e-03j -3.44420218e-02+8.18624955e-07j
   1.27575993e-03+0.00000000e+00j  2.41355291e-04+6.62438460e-03j]
 [ 3.43507616e-02+2.50560322e-03j -6.51168068e-03+1.78840384e-01j
   2.41355291e-04-6.62438460e-03j  3.44427838e-02+0.00000000e+00j]]
Hamiltonian equals product state? [[False False False False]
 [False False False False]
 [False False False False]
 [False False False False]]
Hamiltonian: [[ 0. +0.j  0. +0.j  0. +0.j  0. +0.j]
 [ 0. +0.j  0.5+0.j -0.5+0.j  0. +0.j]
 [ 0. +0.j -0.5+0.j  0.5+0.j  0. +0.j]
 [ 0. +0.j  0. +0.j  0. +0.j  0. +0.j]], product state: [[ 2.58613654e-02+0.j         -6.47496116e-05+0.01596485j
   4.89259555e-03+0.13428516j -8.29097559e-02+0.00268411j]
 [-6.47496116e-05-0.01596485j  9.85565441e-03+0.j
   8.28852566e-02-0.00335653j  1.86454698e-03+0.05117549j]
 [ 4.89259555e-03-0.13428516j  8.28852566e-02+0.00335653j
   6.98201435e-01+0.j         -1.74810073e-03+0.43101678j]
 [-8.29097559e-02-0.00268411j  1.86454698e-03-0.05117549j
  -1.74810073e-03-0.43101678j  2.66081545e-01+0.j        ]]
Hamiltonian equals product state? [[False False False False]
 [False False False False]
 [False False False False]
 [False False False False]]
Hamiltonian: [[ 0. +0.j  0. +0.j  0. +0.j  0. +0.j]
 [ 0. +0.j  0.5+0.j -0.5+0.j  0. +0.j]
 [ 0. +0.j -0.5+0.j  0.5+0.j  0. +0.j]
 [ 0. +0.j  0. +0.j  0. +0.j  0. +0.j]], product state: [[ 0.19858343+0.j         -0.00034751-0.21525243j  0.00103471+0.22774833j
   0.24686361-0.00152011j]
 [-0.00034751+0.21525243j  0.23332122+0.j         -0.24686723+0.00072302j
   0.00121571+0.26758788j]
 [ 0.00103471-0.22774833j -0.24686723-0.00072302j  0.26120192+0.j
  -0.00045709-0.28312708j]
 [ 0.24686361+0.00152011j  0.00121571-0.26758788j -0.00045709+0.28312708j
   0.30689343+0.j        ]]
Hamiltonian equals product state? [[False False False False]
 [False False False False]
 [False False False False]
 [False False False False]]
Hamiltonian: [[ 0. +0.j  0. +0.j  0. +0.j  0. +0.j]
 [ 0. +0.j  0.5+0.j -0.5+0.j  0. +0.j]
 [ 0. +0.j -0.5+0.j  0.5+0.j  0. +0.j]
 [ 0. +0.j  0. +0.j  0. +0.j  0. +0.j]], product state: [[ 1.99795220e-01+0.00000000e+00j -5.00231240e-04+1.23338462e-01j
   1.31115811e-03-3.23642453e-01j  1.99789097e-01+1.61971989e-03j]
 [-5.00231240e-04-1.23338462e-01j  7.61410934e-02+0.00000000e+00j
  -1.99795663e-01+9.00124842e-07j  4.99676680e-04-1.23338738e-01j]
 [ 1.31115811e-03+3.23642453e-01j -1.99795663e-01-9.00124842e-07j
   5.24267581e-01+0.00000000e+00j -1.31261910e-03+3.23643165e-01j]
 [ 1.99789097e-01-1.61971989e-03j  4.99676680e-04+1.23338738e-01j
  -1.31261910e-03-3.23643165e-01j  1.99796106e-01+0.00000000e+00j]]
Hamiltonian equals product state? [[False False False False]
 [False False False False]
 [False False False False]
 [False False False False]]
Hamiltonian: [[ 0. +0.j  0. +0.j  0. +0.j  0. +0.j]
 [ 0. +0.j  0.5+0.j -0.5+0.j  0. +0.j]
 [ 0. +0.j -0.5+0.j  0.5+0.j  0. +0.j]
 [ 0. +0.j  0. +0.j  0. +0.j  0. +0.j]], product state: [[ 4.16477644e-01+0.j          2.17003951e-03+0.47764352j
  -2.91659733e-03-0.08010303j  9.18521485e-02-0.00376232j]
 [ 2.17003951e-03-0.47764352j  5.47803812e-01+0.j
  -9.18825421e-02+0.00292757j -3.83627586e-03-0.10536159j]
 [-2.91659733e-03+0.08010303j -9.18825421e-02-0.00292757j
   1.54270051e-02+0.j          8.03817709e-05+0.01769269j]
 [ 9.18521485e-02+0.00376232j -3.83627586e-03+0.10536159j
   8.03817709e-05-0.01769269j  2.02915387e-02+0.j        ]]
Hamiltonian equals product state? [[False False False False]
 [False False False False]
 [False False False False]
 [False False False False]]
Hamiltonian: [[ 0. +0.j  0. +0.j  0. +0.j  0. +0.j]
 [ 0. +0.j  0.5+0.j -0.5+0.j  0. +0.j]
 [ 0. +0.j -0.5+0.j  0.5+0.j  0. +0.j]
 [ 0. +0.j  0. +0.j  0. +0.j  0. +0.j]], product state: [[ 0.24990581+0.00000000e+00j -0.00072497-2.45097706e-01j
   0.00075361+2.54805905e-01j  0.24990134-1.47829802e-03j]
 [-0.00072497+2.45097706e-01j  0.24038421+0.00000000e+00j
  -0.24990571-7.93617114e-08j  0.0007249 +2.45097616e-01j]
 [ 0.00075361-2.54805905e-01j -0.24990571+7.93617114e-08j
   0.25980436+0.00000000e+00j -0.00075369-2.54805811e-01j]
 [ 0.24990134+1.47829802e-03j  0.0007249 -2.45097616e-01j
  -0.00075369+2.54805811e-01j  0.24990562+0.00000000e+00j]]
Hamiltonian equals product state? [[False False False False]
 [False False False False]
 [False False False False]
 [False False False False]]
Hamiltonian: [[ 0. +0.j  0. +0.j  0. +0.j  0. +0.j]
 [ 0. +0.j  0.5+0.j -0.5+0.j  0. +0.j]
 [ 0. +0.j -0.5+0.j  0.5+0.j  0. +0.j]
 [ 0. +0.j  0. +0.j  0. +0.j  0. +0.j]], product state: [[ 2.02906751e-02+0.j         -8.04496597e-05-0.01769193j
   3.83870167e-03+0.10535935j  9.18501554e-02-0.00376479j]
 [-8.04496597e-05+0.01769193j  1.54263447e-02+0.j
  -9.18805952e-02+0.00292932j  2.91844086e-03+0.08010131j]
 [ 3.83870167e-03-0.10535935j -9.18805952e-02-0.00292932j
   5.47804737e-01+0.j         -2.17196838e-03-0.47764426j]
 [ 9.18501554e-02+0.00376479j  2.91844086e-03-0.08010131j
  -2.17196838e-03+0.47764426j  4.16478243e-01+0.j        ]]
Hamiltonian equals product state? [[False False False False]
 [False False False False]
 [False False False False]
 [False False False False]]
Hamiltonian: [[ 0. +0.j  0. +0.j  0. +0.j  0. +0.j]
 [ 0. +0.j  0.5+0.j -0.5+0.j  0. +0.j]
 [ 0. +0.j -0.5+0.j  0.5+0.j  0. +0.j]
 [ 0. +0.j  0. +0.j  0. +0.j  0. +0.j]], product state: [[ 0.30689344+0.j         -0.00121679-0.26758784j  0.00045781+0.28312711j
   0.24686359-0.00152174j]
 [-0.00121679+0.26758784j  0.23332117+0.j         -0.24686722-0.00072338j
   0.00034806+0.2152524j ]
 [ 0.00045781-0.28312711j -0.24686722+0.00072338j  0.26120197+0.j
  -0.00103563-0.22774835j]
 [ 0.24686359+0.00152174j  0.00034806-0.2152524j  -0.00103563+0.22774835j
   0.19858342+0.j        ]]
Hamiltonian equals product state? [[False False False False]
 [False False False False]
 [False False False False]
 [False False False False]]
Hamiltonian: [[ 0. +0.j  0. +0.j  0. +0.j  0. +0.j]
 [ 0. +0.j  0.5+0.j -0.5+0.j  0. +0.j]
 [ 0. +0.j -0.5+0.j  0.5+0.j  0. +0.j]
 [ 0. +0.j  0. +0.j  0. +0.j  0. +0.j]], product state: [[ 0.22542817+0.j         -0.00039448-0.2443505j   0.00067979+0.22984831j
   0.24914048-0.00113908j]
 [-0.00039448+0.2443505j   0.26486185+0.j         -0.24914286+0.00033464j
   0.00079871+0.27005521j]
 [ 0.00067979-0.22984831j -0.24914286-0.00033464j  0.23435718+0.j
  -0.00041011-0.25402901j]
 [ 0.24914048+0.00113908j  0.00079871-0.27005521j -0.00041011+0.25402901j
   0.2753528 +0.j        ]]
Hamiltonian equals product state? [[False False False False]
 [False False False False]
 [False False False False]
 [False False False False]]
Hamiltonian: [[ 0. +0.j  0. +0.j  0. +0.j  0. +0.j]
 [ 0. +0.j  0.5+0.j -0.5+0.j  0. +0.j]
 [ 0. +0.j -0.5+0.j  0.5+0.j  0. +0.j]
 [ 0. +0.j  0. +0.j  0. +0.j  0. +0.j]], product state: [[ 3.32913466e-01+0.j         -8.33522025e-04+0.2055156j
  -5.82576806e-04-0.36085806j  2.22767942e-01+0.00054385j]
 [-8.33522025e-04-0.2055156j   1.26871881e-01+0.j
  -2.22765025e-01+0.00126313j -2.22017499e-04-0.13752145j]
 [-5.82576806e-04+0.36085806j -2.22765025e-01-0.00126313j
   3.91149334e-01+0.j         -9.79328319e-04+0.24146602j]
 [ 2.22767942e-01-0.00054385j -2.22017499e-04+0.13752145j
  -9.79328319e-04-0.24146602j  1.49065318e-01+0.j        ]]
Hamiltonian equals product state? [[False False False False]
 [False False False False]
 [False False False False]
 [False False False False]]
Hamiltonian: [[ 0. +0.j  0. +0.j  0. +0.j  0. +0.j]
 [ 0. +0.j  0.5+0.j -0.5+0.j  0. +0.j]
 [ 0. +0.j -0.5+0.j  0.5+0.j  0. +0.j]
 [ 0. +0.j  0. +0.j  0. +0.j  0. +0.j]], product state: [[ 0.27853151+0.j         -0.00110434-0.24285839j  0.00083993+0.2839929j
   0.24761698-0.00185835j]
 [-0.00110434+0.24285839j  0.21175851+0.j         -0.24762364-0.00039364j
   0.00063857+0.21591062j]
 [ 0.00083993-0.2839929j  -0.24762364+0.00039364j  0.2895639 +0.j
  -0.00114808-0.2524778j ]
 [ 0.24761698+0.00185835j  0.00063857-0.21591062j -0.00114808+0.2524778j
   0.22014608+0.j        ]]
Hamiltonian equals product state? [[False False False False]
 [False False False False]
 [False False False False]
 [False False False False]]
Hamiltonian: [[ 0. +0.j  0. +0.j  0. +0.j  0. +0.j]
 [ 0. +0.j  0.5+0.j -0.5+0.j  0. +0.j]
 [ 0. +0.j -0.5+0.j  0.5+0.j  0. +0.j]
 [ 0. +0.j  0. +0.j  0. +0.j  0. +0.j]], product state: [[ 2.66080270e-01+0.j          1.74615441e-03-0.43101567j
  -1.86336293e-03-0.05117643j -8.29114285e-02+0.00268256j]
 [ 1.74615441e-03+0.43101567j  6.98201186e-01+0.j
   8.28869718e-02-0.00335425j -4.88951026e-03-0.1342882j ]
 [-1.86336293e-03+0.05117643j  8.28869718e-02+0.00335425j
   9.85604328e-03+0.j          6.46803817e-05-0.01596552j]
 [-8.29114285e-02-0.00268256j -4.88951026e-03+0.1342882j
   6.46803817e-05+0.01596552j  2.58625005e-02+0.j        ]]
Hamiltonian equals product state? [[False False False False]
 [False False False False]
 [False False False False]
 [False False False False]]
Hamiltonian: [[ 0. +0.j  0. +0.j  0. +0.j  0. +0.j]
 [ 0. +0.j  0.5+0.j -0.5+0.j  0. +0.j]
 [ 0. +0.j -0.5+0.j  0.5+0.j  0. +0.j]
 [ 0. +0.j  0. +0.j  0. +0.j  0. +0.j]], product state: [[ 0.22014619+0.j         -0.00063864-0.21591065j  0.00114706+0.2524779j
   0.24761698-0.00185743j]
 [-0.00063864+0.21591065j  0.21175846+0.j         -0.24762364+0.00039256j
   0.00110336+0.24285831j]
 [ 0.00114706-0.2524779j  -0.24762364-0.00039256j  0.28956397+0.j
  -0.00084002-0.28399286j]
 [ 0.24761698+0.00185743j  0.00110336-0.24285831j -0.00084002+0.28399286j
   0.27853138+0.j        ]]
Hamiltonian equals product state? [[False False False False]
 [False False False False]
 [False False False False]
 [False False False False]]
Hamiltonian: [[ 0. +0.j  0. +0.j  0. +0.j  0. +0.j]
 [ 0. +0.j  0.5+0.j -0.5+0.j  0. +0.j]
 [ 0. +0.j -0.5+0.j  0.5+0.j  0. +0.j]
 [ 0. +0.j  0. +0.j  0. +0.j  0. +0.j]], product state: [[ 0.27535287+0.j          0.00041076+0.2540291j  -0.0007988 -0.27005518j
   0.24914048-0.00113979j]
 [ 0.00041076-0.2540291j   0.23435729+0.j         -0.24914286+0.00033408j
  -0.00067987-0.22984834j]
 [-0.0007988 +0.27005518j -0.24914286-0.00033408j  0.26486173+0.j
   0.00039511+0.24435041j]
 [ 0.24914048+0.00113979j -0.00067987+0.22984834j  0.00039511-0.24435041j
   0.22542811+0.j        ]]
Energy of rounded cut: 6.735162125859797
Check the cut: [1, -1, -1, -1, -1, -1, 1, 1, 1, 1]
11 in cut out of a total of 15 edges
Warm-start: SDP solve + rounding finished in 0.08 seconds
Warm-start: statevector build finished in 0.00 seconds
warm_start_correlations: None
Edges: [(2, 7), (0, 1), (1, 9), (3, 5), (2, 9), (0, 3), (4, 6), (1, 8), (7, 8), (4, 5), (5, 9), (4, 8), (0, 2), (3, 6), (6, 7)], weights: [1.0, 1.0, 1.0, 1.0, 1.0, 1.0, 1.0, 1.0, 1.0, 1.0, 1.0, 1.0, 1.0, 1.0, 1.0], set of nodes: {0, 1, 2, 3, 4, 5, 6, 7, 8, 9}, n: 10 nodes, p: 1 layers, N_bayes: 500 iterations
Initial state injected as warm start
Initial state energy for vector-normalised SDP solution used as warm start: 5.598341325380693
Running ADAM optimization with a single iteration (no debug loop)
ADAM optimizer configured with maxiter=500 and learning_rate=0.05
Generated 4 random initial parameter sets for ADAM optimization
Using random initial parameters with:
Param_type 1:  [0.44999946]
Param_type 2:  [-2.39950114]
Param_type 3:  [-0.0833979]
Param_type 4:  [1.1213233]
Energies observed during ADAM optimization: [3.4110309870956605, 3.4110309868952777, 3.4110309871314968, 3.4110309870956605, 3.4110309869999895, 3.6206032161309585, 3.6206032158011228, 3.6206032161564914, 3.6206032161309585, 3.6206032159901076, 3.8880610305500767, 3.8880610301299594, 3.8880610305344483, 3.888061030550074, 3.8880610303832333, 4.183993689608506, 4.18399368913686, 4.183993689529007, 4.183993689608498, 4.1839936894327625, 4.534200275187093, 4.534200274677952, 4.5342002750519015, 4.534200275187084, 4.534200275005613, 4.925289101619629, 4.9252891011141005, 4.925289101451166, 4.925289101619624, 4.9252891014436715, 5.310118921574769, 5.310118921136408, 5.310118921409113, 5.3101189215747695, 5.310118921423442, 5.622747257519089, 5.622747257218853, 5.62274725739844, 5.622747257519094, 5.6227472574134145, 5.797735906945588, 5.797735906838458, 5.797735906903505, 5.797735906945577, 5.797735906899438, 5.80705236665687, 5.8070523667568095, 5.807052366701606, 5.807052366656871, 5.807052366668663, 5.695281350866927, 5.695281351140331, 5.695281350976423, 5.69528135086693, 5.695281350920406, 5.554510172946314, 5.554510173336492, 5.554510173086604, 5.554510172946306, 5.55451017302215, 5.453247983527251, 5.453247983983122, 5.453247983672732, 5.453247983527244, 5.453247983611883, 5.414400851855821, 5.414400852340107, 5.414400851991835, 5.4144008518558175, 5.414400851941968, 5.433665520923858, 5.433665521408628, 5.433665521041562, 5.4336655209238565, 5.4336655210076845, 5.495709548434191, 5.4957095488953644, 5.495709548526767, 5.495709548434188, 5.495709548512843, 5.581312305835955, 5.581312306250716, 5.581312305897287, 5.581312305835964, 5.581312305906187, 5.670688910985973, 5.670688911333208, 5.670688911011214, 5.670688910985966, 5.6706889110438885, 5.7465787984472545, 5.746578798710089, 5.74657879843461, 5.746578798447251, 5.746578798488868, 5.797701014229928, 5.797701014398465, 5.797701014182246, 5.797701014229925, 5.797701014252242, 5.820984209097261, 5.820984209169922, 5.8209842090225035, 5.8209842090972685, 5.820984209099152, 5.820785031914668, 5.820785031897783, 5.820785031824351, 5.820785031914663, 5.820785031897186, 5.805589512821326, 5.805589512726895, 5.8055895127278525, 5.805589512821325, 5.805589512787268, 5.784532742263023, 5.784532742106361, 5.784532742177249, 5.784532742263028, 5.784532742216259, 5.765196766702358, 5.76519676650007, 5.765196766632174, 5.765196766702358, 5.765196766647231, 5.752632865933634, 5.752632865702423, 5.752632865883874, 5.7526328659336246, 5.7526328658745856, 5.749169952934764, 5.74916995269065, 5.74916995290744, 5.749169952934759, 5.749169952875978, 5.75475363093589, 5.754753630693899, 5.754753630930684, 5.754753630935887, 5.754753630881091, 5.767576363360756, 5.767576363134567, 5.767576363375457, 5.767576363360767, 5.767576363313037, 5.784786415000147, 5.78478641480171, 5.78478641503102, 5.784786415000141, 5.784786414961814, 5.803129432708476, 5.803129432547492, 5.803129432750713, 5.803129432708468, 5.803129432681027, 5.819498209719222, 5.8194982096026235, 5.819498209767506, 5.8194982097192165, 5.81949820970332, 5.831438570980488, 5.8314385709120025, 5.83143857102966, 5.8314385709804855, 5.831438570975944, 5.83760073175571, 5.837600731735655, 5.837600731801221, 5.837600731755709, 5.837600731761577, 5.838000830710538, 5.838000830735759, 5.83800083074887, 5.8380008307105475, 5.838000830725326, 5.833946605425749, 5.833946605490163, 5.8339466054544955, 5.8339466054257505, 5.833946605447588, 5.827596156270054, 5.827596156365288, 5.827596156287987, 5.827596156270054, 5.827596156296963, 5.821306946546018, 5.821306946662275, 5.821306946552772, 5.821306946546021, 5.821306946576136, 5.817011648901172, 5.817011649028122, 5.817011648897202, 5.81701164890117, 5.817011648932825, 5.81581860695737, 5.815818607084973, 5.815818606943795, 5.815818606957371, 5.815818606989122, 5.817900993952955, 5.817900994072086, 5.817900993931503, 5.817900993952959, 5.81790099398362, 5.822626663425334, 5.822626663528283, 5.822626663398291, 5.82262666342533, 5.822626663453907, 5.828830431429506, 5.828830431510271, 5.8288304313995924, 5.828830431429516, 5.828830431455081, 5.835139800807842, 5.835139800862451, 5.835139800778061, 5.835139800807844, 5.835139800829631, 5.840298088715556, 5.840298088742131, 5.840298088688936, 5.840298088715562, 5.84029808873282, 5.843437799525846, 5.843437799524647, 5.843437799505083, 5.843437799525845, 5.843437799537985, 5.8442668710809675, 5.844266871054291, 5.8442668710681485, 5.8442668710809755, 5.844266871087613, 5.843119223666137, 5.843119223617927, 5.843119223662359, 5.843119223666142, 5.8431192236673, 5.84084290919317, 5.840842909128746, 5.840842909198428, 5.840842909193177, 5.840842909189309, 5.8385327448198625, 5.83853274474536, 5.83853274483305, 5.838532744819867, 5.838532744811884, 5.837179601303473, 5.837179601225344, 5.837179601322498, 5.837179601303481, 5.837179601292661, 5.8373508889288, 5.837350888853334, 5.837350888950947, 5.8373508889288015, 5.837350888916657, 5.839022235706248, 5.839022235639133, 5.839022235728531, 5.839022235706258, 5.839022235694297, 5.841627389820225, 5.841627389766139, 5.841627389839797, 5.841627389820224, 5.841627389809763, 5.844307138027961, 5.844307137990208, 5.844307138042531, 5.844307138027966, 5.844307138019957, 5.846253408443239, 5.846253408423676, 5.846253408451341, 5.846253408443247, 5.846253408438228, 5.847005317414283, 5.847005317413049, 5.847005317415411, 5.847005317414276, 5.847005317412348, 5.846584222172377, 5.846584222188056, 5.846584222167001, 5.8465842221723765, 5.846584222173267, 5.845425151393012, 5.845425151422812, 5.845425151382447, 5.845425151393007, 5.84542515139622, 5.844155637344352, 5.8441556373845005, 5.844155637330484, 5.844155637344356, 5.844155637349161, 5.8433311461244495, 5.843331146170502, 5.843331146109433, 5.843331146124442, 5.843331146130087, 5.843238345685184, 5.843238345732587, 5.843238345671158, 5.8432383456851875, 5.843238345690858, 5.843833915415675, 5.843833915460075, 5.843833915404494, 5.84383391541567, 5.84383391542063, 5.8448191594603776, 5.844819159498069, 5.844819159453311, 5.844819159460382, 5.844819159463911, 5.84580183068497, 5.845801830713152, 5.845801830682646, 5.845801830684965, 5.845801830686571, 5.84646576256066, 5.84646576257762, 5.846465762562964, 5.846465762560653, 5.8464657625599985, 5.8466804307504505, 5.84668043075577, 5.846680430756608, 5.846680430750456, 5.846680430747498, 5.846515340465564, 5.8465153404599475, 5.846515340474301, 5.846515340465562, 5.846515340460526, 5.8461693426955685, 5.846169342680744, 5.846169342705283, 5.846169342695566, 5.846169342688912, 5.8458618698595926, 5.845861869838041, 5.845861869868699, 5.845861869859597, 5.8458618698519755, 5.8457413664614934, 5.8457413664361, 5.845741366468624, 5.845741366461494, 5.845741366453601, 5.845845875093983, 5.8458458750678055, 5.8458458750982105, 5.845845875093984, 5.845845875086548, 5.846116888910756, 5.846116888886673, 5.846116888911726, 5.846116888910762, 5.846116888904369, 5.846446972906363, 5.846446972886773, 5.846446972904242, 5.846446972906359, 5.84644697290149, 5.846731107969698, 5.846731107956258, 5.8467311079651605, 5.846731107969689, 5.846731107966605, 5.8469020562404515, 5.846902056234114, 5.846902056234515, 5.846902056240453, 5.8469020562392515, 5.84694178915843, 5.846941789159218, 5.84694178915218, 5.8469417891584285, 5.8469417891590325, 5.846876314834715, 5.8468763148418965, 5.846876314829216, 5.846876314834709, 5.846876314836861, 5.846758627773715, 5.8467586277859755, 5.846758627769775, 5.846758627773717, 5.846758627777073, 5.8466489155808485, 5.846648915596296, 5.846648915578944, 5.846648915580849, 5.846648915584996, 5.846594777630061, 5.846594777646655, 5.8465947776302905, 5.846594777630063, 5.846594777634558, 5.846617362442494, 5.846617362458212, 5.846617362444598, 5.846617362442492, 5.846617362446903, 5.846706433795898, 5.846706433808938, 5.846706433799313, 5.846706433795897, 5.846706433799858, 5.846826462628468, 5.846826462637488, 5.846826462632501, 5.846826462628464, 5.846826462631712, 5.84693252088806, 5.846932520892277, 5.846932520891953, 5.846932520888054, 5.846932520890426, 5.846989316061906, 5.846989316061181, 5.846989316065008, 5.846989316061907, 5.846989316063315, 5.846985798725039, 5.846985798719806, 5.846985798726881, 5.846985798725039, 5.846985798725551, 5.846938614628699, 5.846938614619871, 5.846938614629084, 5.8469386146287015, 5.8469386146284545, 5.84688276349384, 5.846882763482741, 5.846882763492861, 5.846882763493842, 5.846882763493052, 5.846853605929278, 5.846853605917382, 5.846853605927254, 5.846853605929283, 5.846853605928171, 5.846869697233169, 5.846869697221952, 5.846869697230572, 5.846869697233181, 5.846869697232003, 5.846924927991137, 5.846924927981816, 5.846924927988521, 5.846924927991143, 5.846924927990108, 5.846993870513675, 5.846993870507256, 5.846993870511548, 5.846993870513672, 5.846993870512971, 5.847046154732002, 5.847046154728986, 5.847046154730732, 5.847046154732007, 5.847046154731717, 5.847062863134256, 5.847062863134703, 5.847062863134003, 5.847062863134254, 5.847062863134401, 5.847044957366572, 5.847044957370097, 5.84704495736731, 5.847044957366573, 5.847044957367112, 5.847010297548786, 5.847010297554651, 5.847010297550253, 5.847010297548792, 5.847010297549593, 5.8469819384517985, 5.846981938459052, 5.846981938453638, 5.846981938451795, 5.846981938452721, 5.8469753404619365, 5.846975340469524, 5.8469753404637475, 5.846975340461943, 5.846975340462833, 5.846991591682821, 5.846991591689734, 5.8469915916842226, 5.8469915916828175, 5.846991591683503, 5.847019348369161, 5.847019348374554, 5.847019348369915, 5.847019348369148, 5.84701934836953, 5.847043347358113, 5.8470433473614625, 5.847043347358106, 5.847043347358113, 5.847043347358083, 5.847053417079422, 5.847053417080527, 5.8470534170787065, 5.847053417079426, 5.8470534170789765, 5.847048917525733, 5.847048917524675, 5.84704891752453, 5.847048917525735, 5.847048917524907, 5.84703700972122, 5.84703700971841, 5.8470370097198145, 5.8470370097212285, 5.847037009720093, 5.847027116153058, 5.847027116149093, 5.847027116151767, 5.8470271161530585, 5.847027116151756, 5.847025366152476, 5.847025366148077, 5.847025366151553, 5.847025366152464, 5.847025366151144, 5.847032150373966, 5.847032150369785, 5.847032150373585, 5.847032150373968, 5.847032150372744, 5.847043399417287, 5.847043399413947, 5.847043399417473, 5.847043399417292, 5.847043399416293, 5.847053688422172, 5.847053688420091, 5.8470536884228554, 5.847053688422177, 5.847053688421505, 5.847059285980622, 5.847059285979985, 5.8470592859816035, 5.847059285980631, 5.847059285980322, 5.847059491948645, 5.847059491949422, 5.84705949194968, 5.847059491948655, 5.847059491948683, 5.847056113364559, 5.847056113366468, 5.847056113365405, 5.84705611336457, 5.847056113364907, 5.847051981167283, 5.847051981169974, 5.847051981167783, 5.847051981167283, 5.847051981167867, 5.847049600780697, 5.847049600783678, 5.847049600780792, 5.847049600780688, 5.847049600781415, 5.8470501228680725, 5.847050122870853, 5.847050122867741, 5.847050122868069, 5.847050122868824, 5.847053112363276, 5.847053112365441, 5.847053112362643, 5.847053112363273, 5.847053112363971, 5.847057010104773, 5.847057010106084, 5.847057010103998, 5.847057010104771, 5.847057010105318, 5.8470599825215785, 5.8470599825218885, 5.8470599825208485, 5.847059982521588, 5.847059982521963, 5.847060821479074, 5.847060821478382, 5.847060821478552, 5.847060821479081, 5.8470608214792605, 5.847059554374695, 5.8470595543732085, 5.847059554374485, 5.847059554374697, 5.847059554374715, 5.84705740883256, 5.847057408830575, 5.847057408832683, 5.847057408832557, 5.8470574088324385, 5.847056033528249, 5.847056033526072, 5.847056033528671, 5.847056033528251, 5.84705603352805, 5.847056534512008, 5.847056534510008, 5.847056534512588, 5.847056534512011, 5.847056534511805, 5.847058735211166, 5.8470587352095995, 5.847058735211762, 5.847058735211164, 5.847058735211014, 5.847061403191979, 5.8470614031910575, 5.847061403192469, 5.847061403191982, 5.8470614031919075, 5.847063097416408, 5.847063097416164, 5.847063097416643, 5.847063097416401, 5.847063097416433, 5.847063105786536, 5.847063105786989, 5.847063105786525, 5.847063105786542, 5.847063105786666, 5.847061872344138, 5.847061872345109, 5.847061872343902, 5.847061872344141, 5.847061872344337, 5.84706053517585, 5.84706053517715, 5.847060535175451, 5.8470605351758485, 5.847060535176082, 5.84706010351837, 5.84706010351976, 5.847060103517916, 5.847060103518372, 5.847060103518596, 5.847060808656392, 5.847060808657628, 5.847060808655995, 5.847060808656382, 5.847060808656556, 5.847062053878773, 5.847062053879701, 5.847062053878541, 5.847062053878778, 5.847062053878847, 5.8470629795858455, 5.847062979586319, 5.847062979585824, 5.8470629795858455, 5.84706297958582, 5.847063097877012, 5.847063097877017, 5.847063097877162, 5.847063097877005, 5.847063097876889, 5.847062563819962, 5.847062563819537, 5.847062563820238, 5.8470625638199625, 5.847062563819737, 5.847061942533916, 5.847061942533214, 5.847061942534247, 5.847061942533925, 5.847061942533642, 5.847061730250015, 5.8470617302491785, 5.847061730250285, 5.847061730250012, 5.847061730249721, 5.8470620328440654, 5.8470620328432465, 5.847062032844246, 5.847062032844063, 5.847062032843796, 5.847062610596985, 5.8470626105963275, 5.847062610597008, 5.847062610596995, 5.847062610596776, 5.847063098923341, 5.847063098922974, 5.847063098923227, 5.847063098923327, 5.847063098923199, 5.847063283588174, 5.847063283588124, 5.847063283587961, 5.847063283588169, 5.847063283588124, 5.847063187719391, 5.847063187719664, 5.847063187719164, 5.847063187719388, 5.847063187719412, 5.847062979328876, 5.847062979329351, 5.847062979328681, 5.847062979328875, 5.8470629793289675, 5.847062833062438, 5.847062833063047, 5.84706283306233, 5.84706283306244, 5.847062833062576, 5.847062840412218, 5.847062840412866, 5.847062840412213, 5.847062840412216, 5.847062840412364, 5.847062991525782, 5.847062991526304, 5.847062991525876, 5.847062991525793, 5.847062991525917, 5.847063186609812, 5.847063186610127, 5.8470631866099545, 5.84706318660981, 5.847063186609921, 5.847063313502839, 5.847063313502913, 5.847063313502985, 5.847063313502844, 5.847063313502893, 5.847063310879126, 5.8470633108789425, 5.847063310879255, 5.847063310879125, 5.847063310879141, 5.847063212291769, 5.847063212291394, 5.847063212291835, 5.84706321229177, 5.847063212291761, 5.847063107060562, 5.847063107060083, 5.847063107060553, 5.847063107060555, 5.847063107060538, 5.847063081458623, 5.847063081458128, 5.847063081458551, 5.84706308145862, 5.847063081458586, 5.847063164865793, 5.847063164865391, 5.84706316486569, 5.847063164865805, 5.847063164865764, 5.847063302905029, 5.84706330290477, 5.847063302904924, 5.8470633029050285, 5.847063302905019, 5.847063409856389, 5.8470634098562835, 5.847063409856307, 5.84706340985639, 5.847063409856402, 5.847063428019568, 5.847063428019655, 5.847063428019553, 5.84706342801957, 5.847063428019614, 5.847063367834789, 5.847063367835026, 5.847063367834812, 5.847063367834794, 5.847063367834856, 5.8470633010791575, 5.847063301079462, 5.847063301079217, 5.847063301079155, 5.847063301079216, 5.8470632865498136, 5.847063286550133, 5.847063286549906, 5.847063286549823, 5.847063286549867, 5.847063337053259, 5.847063337053537, 5.847063337053342, 5.847063337053265, 5.847063337053302, 5.847063408281245, 5.847063408281422, 5.84706340828128, 5.847063408281246, 5.847063408281257, 5.847063440656651, 5.847063440656686, 5.847063440656634, 5.847063440656662, 5.8470634406566315, 5.847063418455389, 5.8470634184553125, 5.847063418455355, 5.847063418455401, 5.847063418455352, 5.847063371087112, 5.847063371086945, 5.847063371087061, 5.847063371087107, 5.847063371087057, 5.847063340695261, 5.847063340695042, 5.8470633406952, 5.847063340695253, 5.847063340695176, 5.847063354166058, 5.847063354165844, 5.8470633541660035, 5.847063354166057, 5.847063354165985, 5.847063396594861, 5.847063396594698, 5.847063396594854, 5.847063396594862, 5.847063396594809, 5.847063432892103, 5.84706343289203, 5.847063432892121, 5.8470634328921, 5.847063432892063, 5.847063442544308, 5.847063442544356, 5.8470634425443455, 5.8470634425443, 5.847063442544293, 5.847063429951942, 5.847063429952053, 5.847063429951991, 5.847063429951939, 5.847063429951941, 5.847063414641195, 5.8470634146413705, 5.847063414641229, 5.847063414641192, 5.847063414641212, 5.847063412499494, 5.847063412499635, 5.847063412499503, 5.847063412499496, 5.847063412499527, 5.847063421595611, 5.847063421595757, 5.8470634215956165, 5.847063421595607, 5.847063421595643, 5.84706343595656, 5.847063435956642, 5.847063435956526, 5.847063435956558, 5.847063435956584, 5.8470634451094385, 5.847063445109444, 5.847063445109388, 5.847063445109434, 5.847063445109457, 5.847063446291181, 5.847063446291139, 5.847063446291156, 5.847063446291187, 5.847063446291184, 5.847063440238827, 5.847063440238748, 5.847063440238811, 5.847063440238821, 5.8470634402388235, 5.847063432724437, 5.847063432724318, 5.847063432724452, 5.847063432724438, 5.8470634327244415, 5.847063431013821, 5.847063431013699, 5.847063431013856, 5.847063431013819, 5.847063431013812, 5.847063437846229, 5.847063437846126, 5.847063437846261, 5.847063437846235, 5.847063437846234, 5.847063447369149, 5.847063447369099, 5.84706344736917, 5.84706344736916, 5.8470634473691545, 5.847063451516322, 5.8470634515163376, 5.847063451516333, 5.84706345151632, 5.847063451516326, 5.8470634486310695, 5.847063448631098, 5.847063448631057, 5.847063448631061, 5.847063448631087, 5.847063443169835, 5.847063443169914, 5.847063443169812, 5.8470634431698425, 5.84706344316986, 5.847063442027731, 5.847063442027808, 5.847063442027698, 5.847063442027729, 5.847063442027748, 5.847063446071868, 5.847063446071936, 5.84706344607185, 5.847063446071863, 5.847063446071876, 5.8470634507602055, 5.847063450760236, 5.847063450760192, 5.847063450760219, 5.847063450760208, 5.847063451649355, 5.847063451649368, 5.84706345164936, 5.847063451649349, 5.847063451649351, 5.847063448409732, 5.847063448409713, 5.8470634484097594, 5.847063448409734, 5.847063448409721, 5.84706344500467, 5.84706344500462, 5.847063445004697, 5.847063445004664, 5.847063445004648, 5.8470634450059995, 5.847063445005949, 5.8470634450060075, 5.847063445006008, 5.847063445005979, 5.8470634473086305, 5.847063447308577, 5.847063447308653, 5.847063447308635, 5.847063447308606, 5.8470634505622305, 5.847063450562205, 5.847063450562218, 5.847063450562231, 5.847063450562216, 5.847063451489709, 5.847063451489716, 5.847063451489695, 5.847063451489701, 5.847063451489701, 5.847063450597004, 5.847063450597037, 5.847063450596981, 5.847063450597002, 5.847063450596995, 5.847063449894571, 5.84706344989462, 5.847063449894549, 5.847063449894566, 5.847063449894581, 5.847063450443121, 5.847063450443165, 5.84706345044311, 5.847063450443133, 5.847063450443129, 5.847063451070273, 5.847063451070323, 5.84706345107029, 5.847063451070276, 5.847063451070281, 5.847063451790285, 5.847063451790299, 5.847063451790317, 5.847063451790281, 5.8470634517903015, 5.847063452493194, 5.847063452493185, 5.84706345249321, 5.847063452493187, 5.847063452493198, 5.847063451841935, 5.847063451841898, 5.8470634518419375, 5.847063451841933, 5.847063451841934, 5.8470634506161705, 5.847063450616107, 5.847063450616157, 5.847063450616165, 5.847063450616167, 5.847063450947547, 5.8470634509475, 5.847063450947531, 5.847063450947542, 5.847063450947548, 5.84706345234806, 5.847063452348045, 5.847063452348034, 5.847063452348053, 5.847063452348049, 5.8470634531326775, 5.847063453132673, 5.847063453132666, 5.847063453132676, 5.84706345313268, 5.847063451686555, 5.84706345168656, 5.847063451686572, 5.847063451686555, 5.847063451686559, 5.84706344949037, 5.847063449490394, 5.847063449490396, 5.84706344949036, 5.8470634494903715, 5.847063449045605, 5.847063449045646, 5.84706344904562, 5.847063449045607, 5.847063449045617, 5.847063450516363, 5.847063450516396, 5.847063450516375, 5.847063450516365, 5.847063450516371, 5.847063452091736, 5.847063452091771, 5.847063452091727, 5.84706345209173, 5.847063452091737, 5.847063452708522, 5.847063452708529, 5.847063452708497, 5.847063452708513, 5.847063452708527, 5.847063452733752, 5.8470634527337255, 5.847063452733731, 5.847063452733755, 5.847063452733746, 5.8470634524917635, 5.847063452491751, 5.847063452491753, 5.84706345249176, 5.847063452491759, 5.847063451380702, 5.847063451380657, 5.847063451380723, 5.847063451380712, 5.84706345138071, 5.847063451186306, 5.847063451186275, 5.847063451186322, 5.847063451186308, 5.8470634511862976, 5.847063452120664, 5.847063452120635, 5.847063452120671, 5.847063452120665, 5.847063452120657, 5.84706345273403, 5.847063452734029, 5.847063452734045, 5.847063452734026, 5.84706345273403, 5.847063452218518, 5.847063452218549, 5.847063452218523, 5.8470634522185305, 5.84706345221853, 5.847063450960378, 5.847063450960404, 5.847063450960361, 5.847063450960378, 5.8470634509603805, 5.847063450460181, 5.8470634504602, 5.847063450460175, 5.8470634504601815, 5.847063450460184, 5.847063450560093, 5.847063450560103, 5.847063450560072, 5.847063450560091, 5.8470634505600945, 5.847063451540974, 5.847063451540994, 5.847063451540953, 5.847063451540968, 5.847063451540968, 5.847063452239087, 5.8470634522390785, 5.847063452239095, 5.847063452239074, 5.847063452239088, 5.8470634515932955, 5.847063451593293, 5.847063451593303, 5.847063451593306, 5.84706345159329, 5.847063450816768, 5.847063450816749, 5.847063450816781, 5.847063450816768, 5.847063450816764, 5.84706345086957, 5.847063450869555, 5.847063450869584, 5.847063450869573, 5.847063450869568, 5.84706345170055, 5.847063451700549, 5.847063451700564, 5.847063451700564, 5.847063451700545, 5.84706345253988, 5.847063452539867, 5.847063452539878, 5.847063452539885, 5.847063452539867, 5.8470634526557586, 5.847063452655764, 5.847063452655743, 5.847063452655768, 5.847063452655758, 5.847063452586624, 5.847063452586634, 5.847063452586617, 5.847063452586615, 5.847063452586622, 5.847063452627, 5.847063452627029, 5.847063452626992, 5.847063452627001, 5.847063452627007, 5.847063453078569, 5.847063453078569, 5.8470634530785555, 5.847063453078566, 5.84706345307857, 5.847063453163048, 5.847063453163052, 5.847063453163057, 5.8470634531630425, 5.847063453163045, 5.8470634529518835, 5.847063452951879, 5.847063452951901, 5.847063452951882, 5.84706345295187, 5.847063453065947, 5.847063453065944, 5.847063453065953, 5.84706345306596, 5.847063453065955, 5.847063453119685, 5.847063453119687, 5.847063453119697, 5.847063453119687, 5.847063453119692, 5.847063452771916, 5.847063452771908, 5.8470634527719, 5.847063452771917, 5.847063452771919, 5.847063452590247, 5.847063452590241, 5.847063452590242, 5.847063452590247, 5.847063452590253, 5.84706345267664, 5.847063452676634, 5.847063452676623, 5.847063452676638, 5.847063452676634, 5.847063453054123, 5.847063453054133, 5.847063453054114, 5.847063453054131, 5.847063453054124, 5.847063452800328, 5.847063452800323, 5.847063452800342, 5.8470634528003345, 5.84706345280033, 5.847063452515797, 5.847063452515779, 5.847063452515807, 5.847063452515805, 5.847063452515805, 5.847063452728726, 5.8470634527287375, 5.847063452728737, 5.847063452728726, 5.847063452728722, 5.847063453136538, 5.847063453136542, 5.84706345313654, 5.847063453136547, 5.847063453136544, 5.847063453322571, 5.847063453322558, 5.8470634533225745, 5.847063453322565, 5.8470634533225585, 5.847063453120603, 5.847063453120605, 5.847063453120614, 5.847063453120602, 5.847063453120606, 5.847063452016229, 5.847063452016227, 5.847063452016199, 5.847063452016216, 5.847063452016237, 5.8470634524194285, 5.847063452419435, 5.84706345241941, 5.847063452419428, 5.8470634524194285, 5.8470634532061, 5.847063453206102, 5.847063453206093, 5.847063453206093, 5.8470634532061085, 5.847063452897308, 5.84706345289731, 5.847063452897317, 5.847063452897307, 5.847063452897314, 5.84706345203249, 5.847063452032509, 5.8470634520325095, 5.847063452032491, 5.847063452032483, 5.847063452178822, 5.8470634521788165, 5.847063452178832, 5.847063452178821, 5.847063452178818, 5.847063452585191, 5.84706345258519, 5.8470634525851946, 5.847063452585204, 5.84706345258519, 5.84706345265561, 5.847063452655593, 5.847063452655617, 5.847063452655607, 5.847063452655611, 5.8470634523094995, 5.847063452309499, 5.847063452309487, 5.847063452309507, 5.8470634523094915, 5.847063452175996, 5.847063452175976, 5.84706345217597, 5.847063452175996, 5.8470634521759965, 5.847063452864401, 5.847063452864417, 5.847063452864396, 5.847063452864396, 5.847063452864384, 5.847063452926102, 5.847063452926111, 5.8470634529261165, 5.8470634529261, 5.847063452926094, 5.847063452853878, 5.847063452853899, 5.847063452853888, 5.84706345285387, 5.847063452853879, 5.847063453073411, 5.847063453073425, 5.8470634530734324, 5.847063453073413, 5.847063453073421, 5.847063453177221, 5.847063453177202, 5.847063453177227, 5.84706345317722, 5.84706345317721, 5.847063451743576, 5.847063451743562, 5.847063451743555, 5.847063451743571, 5.84706345174357, 5.847063451008552, 5.8470634510085615, 5.847063451008523, 5.8470634510085615, 5.847063451008557, 5.847063451912196, 5.847063451912203, 5.847063451912192, 5.8470634519122, 5.847063451912202, 5.847063451866534, 5.847063451866522, 5.847063451866533, 5.847063451866542, 5.847063451866543, 5.847063450890133, 5.847063450890128, 5.847063450890148, 5.847063450890135, 5.847063450890148, 5.847063450770834, 5.847063450770829, 5.847063450770862, 5.847063450770838, 5.847063450770841, 5.847063452435152, 5.847063452435149, 5.847063452435172, 5.8470634524351555, 5.847063452435152, 5.847063452873514, 5.847063452873505, 5.84706345287349, 5.847063452873513, 5.84706345287352, 5.847063452603123, 5.847063452603122, 5.847063452603113, 5.847063452603127, 5.847063452603115, 5.847063452644171, 5.847063452644184, 5.847063452644154, 5.847063452644174, 5.847063452644177, 5.847063453221387, 5.847063453221394, 5.84706345322138, 5.84706345322139, 5.84706345322138, 5.847063452964893, 5.847063452964882, 5.8470634529649015, 5.84706345296489, 5.847063452964886, 5.847063452384625, 5.847063452384626, 5.847063452384643, 5.847063452384634, 5.847063452384621, 5.847063452726652, 5.847063452726664, 5.847063452726665, 5.847063452726646, 5.847063452726659, 5.84706345318787, 5.847063453187867, 5.847063453187873, 5.8470634531878725, 5.847063453187871, 5.847063452779935, 5.847063452779942, 5.847063452779919, 5.84706345277993, 5.8470634527799294, 5.84706345265605, 5.8470634526560445, 5.847063452656039, 5.847063452656042, 5.84706345265604, 5.847063453065448, 5.847063453065458, 5.847063453065438, 5.8470634530654415, 5.847063453065435, 5.847063453343181, 5.847063453343171, 5.847063453343182, 5.847063453343181, 5.84706345334317, 5.847063452863838, 5.847063452863835, 5.847063452863857, 5.847063452863829, 5.847063452863838, 5.84706345244826, 5.847063452448279, 5.847063452448272, 5.847063452448251, 5.847063452448265, 5.847063451966147, 5.847063451966157, 5.8470634519661475, 5.847063451966146, 5.847063451966143, 5.84706345053265, 5.847063450532649, 5.847063450532621, 5.847063450532658, 5.847063450532659, 5.847063450539826, 5.847063450539823, 5.847063450539832, 5.84706345053983, 5.847063450539832, 5.847063450302488, 5.847063450302472, 5.847063450302477, 5.847063450302489, 5.847063450302494, 5.847063450309324, 5.847063450309308, 5.847063450309338, 5.8470634503093075, 5.847063450309334, 5.847063450908198, 5.847063450908194, 5.847063450908201, 5.847063450908197, 5.847063450908205, 5.847063451698146, 5.84706345169814, 5.847063451698159, 5.847063451698141, 5.847063451698157, 5.847063452724373, 5.847063452724371, 5.847063452724382, 5.847063452724372, 5.847063452724369, 5.847063452528001, 5.847063452527997, 5.8470634525279825, 5.84706345252799, 5.847063452527996, 5.847063452572763, 5.847063452572759, 5.847063452572745, 5.847063452572755, 5.847063452572765, 5.847063453010093, 5.847063453010121, 5.847063453010094, 5.847063453010108, 5.847063453010104, 5.847063453058114, 5.84706345305812, 5.847063453058111, 5.847063453058114, 5.847063453058113, 5.847063452147752, 5.847063452147749, 5.847063452147765, 5.847063452147753, 5.847063452147743, 5.8470634518469105, 5.847063451846897, 5.847063451846933, 5.84706345184691, 5.847063451846904, 5.847063452668829, 5.847063452668823, 5.847063452668827, 5.847063452668836, 5.847063452668822, 5.847063452601553, 5.847063452601559, 5.847063452601564, 5.84706345260156, 5.847063452601545, 5.847063450958655, 5.847063450958664, 5.847063450958635, 5.847063450958649, 5.847063450958661, 5.847063450554292, 5.847063450554288, 5.84706345055426, 5.847063450554286, 5.847063450554294, 5.847063452784936, 5.847063452784932, 5.84706345278493, 5.847063452784938, 5.84706345278493, 5.847063452764744, 5.847063452764764, 5.847063452764758, 5.847063452764747, 5.847063452764746, 5.847063451985031, 5.8470634519850355, 5.847063451985037, 5.847063451985035, 5.847063451985029, 5.847063451406466, 5.847063451406463, 5.847063451406492, 5.847063451406463, 5.847063451406459, 5.847063452900298, 5.847063452900302, 5.847063452900313, 5.847063452900299, 5.847063452900302, 5.847063452879975, 5.847063452879973, 5.84706345287996, 5.847063452879978, 5.847063452879975, 5.847063451792343, 5.8470634517923346, 5.847063451792328, 5.847063451792349, 5.847063451792349, 5.847063451951524, 5.84706345195151, 5.847063451951509, 5.847063451951525, 5.847063451951533, 5.84706345305638, 5.847063453056377, 5.8470634530563705, 5.847063453056383, 5.847063453056388, 5.8470634528843295, 5.847063452884318, 5.847063452884335, 5.8470634528843295, 5.847063452884334, 5.8470634514574105, 5.847063451457414, 5.847063451457441, 5.847063451457409, 5.847063451457414, 5.847063452284477, 5.847063452284491, 5.847063452284486, 5.847063452284492, 5.84706345228447, 5.847063452676966, 5.8470634526769665, 5.847063452676958, 5.8470634526769585, 5.847063452676953, 5.847063452496007, 5.847063452495996, 5.847063452495993, 5.847063452495999, 5.847063452496, 5.847063452721895, 5.847063452721916, 5.847063452721886, 5.847063452721898, 5.847063452721885, 5.8470634531339, 5.8470634531339165, 5.847063453133905, 5.847063453133911, 5.8470634531339005, 5.847063453262931, 5.847063453262942, 5.84706345326294, 5.847063453262931, 5.847063453262925, 5.847063453147788, 5.847063453147784, 5.847063453147792, 5.847063453147789, 5.847063453147784, 5.847063452487097, 5.847063452487084, 5.847063452487088, 5.847063452487096, 5.847063452487107, 5.8470634521366565, 5.8470634521366325, 5.847063452136658, 5.847063452136665, 5.847063452136662, 5.84706345234955, 5.847063452349536, 5.847063452349541, 5.847063452349541, 5.84706345234955, 5.84706345247415, 5.847063452474173, 5.847063452474155, 5.847063452474149, 5.847063452474152, 5.847063452389342, 5.84706345238934, 5.847063452389345, 5.847063452389342, 5.847063452389351, 5.847063452635769, 5.8470634526357745, 5.847063452635773, 5.847063452635769, 5.847063452635774, 5.847063452974538, 5.847063452974526, 5.847063452974543, 5.847063452974531, 5.847063452974542, 5.847063453199645, 5.847063453199649, 5.847063453199632, 5.847063453199648, 5.847063453199637, 5.847063453281142, 5.847063453281127, 5.847063453281129, 5.847063453281132, 5.847063453281135, 5.847063452373325, 5.8470634523733365, 5.847063452373328, 5.847063452373312, 5.8470634523733205, 5.847063450791948, 5.847063450791966, 5.847063450791969, 5.847063450791945, 5.847063450791952, 5.847063451889715, 5.847063451889726, 5.847063451889745, 5.847063451889718, 5.847063451889721, 5.847063452800401, 5.847063452800409, 5.847063452800394, 5.847063452800413, 5.84706345280041, 5.847063449930122, 5.847063449930111, 5.847063449930084, 5.847063449930112, 5.847063449930114, 5.8470634513442015, 5.847063451344177, 5.84706345134419, 5.847063451344211, 5.847063451344185, 5.847063452906487, 5.847063452906486, 5.847063452906488, 5.847063452906487, 5.847063452906496, 5.847063452298893, 5.847063452298896, 5.847063452298917, 5.847063452298904, 5.847063452298897, 5.847063452662621, 5.847063452662627, 5.84706345266263, 5.84706345266262, 5.847063452662622, 5.847063453089067, 5.847063453089067, 5.84706345308906, 5.847063453089065, 5.84706345308907, 5.847063453098723, 5.847063453098711, 5.847063453098711, 5.847063453098718, 5.847063453098711, 5.847063452945167, 5.84706345294518, 5.847063452945176, 5.847063452945165, 5.8470634529451715, 5.847063452869703, 5.8470634528697145, 5.847063452869691, 5.8470634528697, 5.847063452869696, 5.847063452519622, 5.847063452519616, 5.847063452519629, 5.847063452519625, 5.847063452519633, 5.847063452544997, 5.847063452545001, 5.84706345254501, 5.8470634525449885, 5.847063452544996, 5.847063452680091, 5.84706345268008, 5.84706345268008, 5.84706345268009, 5.847063452680095, 5.847063452795938, 5.847063452795916, 5.84706345279592, 5.847063452795925, 5.847063452795946, 5.847063452389286, 5.84706345238929, 5.847063452389297, 5.847063452389296, 5.847063452389286, 5.847063451805733, 5.847063451805734, 5.847063451805743, 5.847063451805734, 5.847063451805728, 5.847063451970897, 5.847063451970934, 5.847063451970923, 5.84706345197089, 5.8470634519709055, 5.847063452912572, 5.847063452912586, 5.84706345291256, 5.847063452912568, 5.847063452912575, 5.847063450860496, 5.847063450860476, 5.847063450860467, 5.847063450860488, 5.8470634508604835, 5.8470634519651545, 5.847063451965138, 5.847063451965143, 5.847063451965147, 5.847063451965153, 5.847063452611618, 5.8470634526116045, 5.847063452611619, 5.847063452611623, 5.847063452611606, 5.847063451376074, 5.84706345137607, 5.847063451376096, 5.84706345137606, 5.8470634513760755, 5.847063451736543, 5.847063451736554, 5.84706345173656, 5.847063451736536, 5.8470634517365445, 5.84706345297694, 5.84706345297696, 5.847063452976943, 5.847063452976947, 5.847063452976941, 5.847063452561027, 5.847063452561033, 5.847063452561008, 5.847063452561018, 5.8470634525610246, 5.84706345250794, 5.847063452507931, 5.847063452507933, 5.847063452507946, 5.847063452507951, 5.847063452972244, 5.847063452972235, 5.847063452972236, 5.847063452972247, 5.847063452972255, 5.847063453143515, 5.847063453143495, 5.847063453143522, 5.84706345314352, 5.84706345314351, 5.847063452966503, 5.8470634529665135, 5.8470634529665135, 5.847063452966502, 5.8470634529665135, 5.8470634530089685, 5.847063453008961, 5.847063453008971, 5.847063453008967, 5.847063453008971, 5.847063452629303, 5.847063452629314, 5.8470634526293, 5.847063452629307, 5.8470634526292935, 5.847063452353917, 5.847063452353919, 5.847063452353913, 5.847063452353925, 5.847063452353907, 5.847063452522226, 5.84706345252225, 5.8470634525222325, 5.847063452522224, 5.847063452522232, 5.847063452342475, 5.84706345234246, 5.847063452342466, 5.847063452342469, 5.8470634523424705, 5.84706345248253, 5.847063452482528, 5.84706345248252, 5.84706345248252, 5.84706345248252, 5.847063452496565, 5.84706345249656, 5.847063452496573, 5.847063452496565, 5.847063452496567, 5.847063452422866, 5.847063452422876, 5.847063452422878, 5.847063452422859, 5.847063452422873, 5.847063452949636, 5.847063452949628, 5.847063452949656, 5.8470634529496355, 5.847063452949641, 5.847063452144969, 5.84706345214496, 5.847063452144956, 5.8470634521449725, 5.847063452144956, 5.847063450932852, 5.8470634509328425, 5.847063450932821, 5.847063450932856, 5.8470634509328505, 5.8470634529432175, 5.847063452943233, 5.847063452943208, 5.847063452943215, 5.847063452943226, 5.847063451892898, 5.847063451892902, 5.847063451892917, 5.847063451892906, 5.847063451892897, 5.847063451081606, 5.847063451081625, 5.847063451081629, 5.847063451081604, 5.847063451081606, 5.847063453083903, 5.8470634530839165, 5.8470634530839085, 5.847063453083902, 5.847063453083909, 5.8470634523132565, 5.84706345231322, 5.847063452313239, 5.847063452313256, 5.847063452313248, 5.8470634524724066, 5.847063452472404, 5.847063452472399, 5.84706345247242, 5.847063452472408, 5.847063453055329, 5.847063453055319, 5.847063453055316, 5.8470634530553305, 5.847063453055326, 5.847063452710367, 5.847063452710381, 5.847063452710381, 5.847063452710355, 5.847063452710378, 5.847063452477174, 5.847063452477173, 5.84706345247719, 5.847063452477173, 5.847063452477167, 5.847063453210204, 5.8470634532101995, 5.847063453210202, 5.847063453210201, 5.8470634532102, 5.8470634529200725, 5.847063452920097, 5.847063452920061, 5.8470634529200645, 5.84706345292008, 5.847063453210151, 5.847063453210156, 5.847063453210146, 5.847063453210157, 5.847063453210151, 5.847063452929146, 5.847063452929148, 5.847063452929144, 5.84706345292914, 5.847063452929142, 5.84706345180204, 5.847063451802006, 5.847063451802053, 5.847063451802034, 5.847063451802033, 5.847063452638081, 5.847063452638076, 5.8470634526380785, 5.847063452638072, 5.847063452638089, 5.84706345301178, 5.847063453011769, 5.847063453011791, 5.8470634530117875, 5.847063453011784, 5.84706345255222, 5.847063452552244, 5.847063452552209, 5.847063452552235, 5.847063452552219, 5.847063452508701, 5.847063452508711, 5.847063452508683, 5.8470634525087, 5.8470634525086975, 5.847063452987051, 5.847063452987072, 5.847063452987062, 5.847063452987041, 5.84706345298706, 5.847063452813403, 5.847063452813373, 5.847063452813407, 5.84706345281341, 5.847063452813402, 5.847063452913467, 5.847063452913445, 5.847063452913481, 5.847063452913471, 5.847063452913478, 5.847063453161813, 5.847063453161793, 5.847063453161802, 5.8470634531618115, 5.847063453161802, 5.847063452128818, 5.847063452128842, 5.847063452128815, 5.847063452128813, 5.847063452128823, 5.847063451446905, 5.84706345144693, 5.847063451446905, 5.847063451446914, 5.847063451446897, 5.847063452099485, 5.847063452099522, 5.847063452099486, 5.847063452099485, 5.847063452099493, 5.847063452919629, 5.847063452919626, 5.847063452919632, 5.847063452919638, 5.847063452919622, 5.847063451660487, 5.847063451660454, 5.847063451660488, 5.8470634516604845, 5.847063451660485, 5.847063451621706, 5.847063451621666, 5.8470634516216915, 5.847063451621699, 5.847063451621688, 5.847063453284339, 5.847063453284349, 5.8470634532843455, 5.847063453284334, 5.84706345328434, 5.847063451946913, 5.847063451946948, 5.847063451946929, 5.847063451946924, 5.8470634519469185, 5.847063452130572, 5.847063452130594, 5.847063452130578, 5.847063452130582, 5.84706345213058, 5.847063451157984, 5.847063451157991, 5.847063451157954, 5.84706345115798, 5.847063451157978, 5.8470634515730024, 5.847063451572977, 5.847063451572998, 5.847063451572996, 5.847063451573005, 5.84706345054505, 5.847063450545031, 5.847063450545064, 5.847063450545064, 5.847063450545056, 5.8470634508490535, 5.847063450849029, 5.847063450849068, 5.8470634508490615, 5.847063450849067, 5.847063452896331, 5.84706345289633, 5.847063452896345, 5.847063452896331, 5.847063452896352, 5.847063451574756, 5.847063451574769, 5.847063451574739, 5.847063451574758, 5.847063451574749, 5.8470634497183696, 5.84706344971838, 5.847063449718331, 5.847063449718373, 5.847063449718366, 5.847063450472406, 5.847063450472417, 5.8470634504724215, 5.847063450472404, 5.847063450472393, 5.847063448207484, 5.847063448207472, 5.847063448207513, 5.847063448207486, 5.8470634482074715, 5.847063451000809, 5.847063451000825, 5.847063451000817, 5.8470634510008175, 5.847063451000805, 5.847063451275174, 5.847063451275163, 5.847063451275156, 5.847063451275171, 5.847063451275171, 5.847063451352494, 5.8470634513525, 5.847063451352471, 5.8470634513524855, 5.847063451352489, 5.847063452843417, 5.847063452843451, 5.847063452843423, 5.847063452843417, 5.847063452843422, 5.847063452177946, 5.847063452177931, 5.847063452177951, 5.847063452177945, 5.847063452177939, 5.847063450577716, 5.847063450577709, 5.847063450577742, 5.847063450577722, 5.847063450577717, 5.847063451966355, 5.847063451966343, 5.84706345196637, 5.847063451966351, 5.847063451966365, 5.847063447871651, 5.847063447871646, 5.847063447871619, 5.847063447871654, 5.847063447871658, 5.847063449125336, 5.847063449125329, 5.847063449125298, 5.84706344912533, 5.84706344912534, 5.847063451632376, 5.847063451632384, 5.8470634516324, 5.847063451632386, 5.847063451632389, 5.847063449453594, 5.847063449453597, 5.8470634494536275, 5.847063449453601, 5.847063449453597, 5.847063452904708, 5.847063452904701, 5.847063452904718, 5.847063452904702, 5.8470634529047185, 5.8470634494094496, 5.84706344940944, 5.847063449409417, 5.847063449409453, 5.8470634494094345, 5.847063449924116, 5.847063449924116, 5.847063449924104, 5.847063449924123, 5.847063449924108, 5.847063450748453, 5.8470634507484585, 5.8470634507484585, 5.8470634507484505, 5.847063450748437, 5.847063450595217, 5.847063450595248, 5.847063450595242, 5.847063450595208, 5.847063450595215, 5.847063452752422, 5.847063452752426, 5.847063452752423, 5.847063452752421, 5.847063452752418, 5.847063451531524, 5.847063451531504, 5.847063451531496, 5.8470634515315165, 5.847063451531508, 5.847063452738059, 5.8470634527380545, 5.847063452738047, 5.847063452738056, 5.847063452738067, 5.847063449791801, 5.847063449791823, 5.847063449791815, 5.847063449791813, 5.847063449791811, 5.847063447774612, 5.847063447774607, 5.847063447774651, 5.847063447774608, 5.847063447774619, 5.847063450572472, 5.847063450572462, 5.847063450572459, 5.847063450572483, 5.847063450572484, 5.847063449031402, 5.847063449031378, 5.847063449031374, 5.847063449031403, 5.847063449031415, 5.847063452732356, 5.847063452732333, 5.84706345273235, 5.847063452732356, 5.847063452732361, 5.84706345208068, 5.847063452080692, 5.847063452080713, 5.847063452080684, 5.847063452080673, 5.847063451648071, 5.84706345164809, 5.847063451648074, 5.847063451648072, 5.847063451648069, 5.847063449023849, 5.847063449023862, 5.847063449023826, 5.847063449023851, 5.847063449023837, 5.847063450700896, 5.847063450700903, 5.847063450700886, 5.847063450700894, 5.8470634507008885, 5.847063452031029, 5.8470634520310405, 5.847063452031034, 5.847063452031019, 5.847063452031014, 5.847063452024281, 5.847063452024273, 5.847063452024309, 5.847063452024283, 5.847063452024279, 5.847063452980133, 5.847063452980116, 5.847063452980115, 5.847063452980124, 5.847063452980128, 5.847063451873584, 5.847063451873591, 5.8470634518735825, 5.847063451873588, 5.847063451873593, 5.847063450873061, 5.847063450873071, 5.847063450873051, 5.847063450873065, 5.847063450873066, 5.847063450213714, 5.847063450213731, 5.8470634502137155, 5.847063450213716, 5.847063450213736, 5.847063449247036, 5.847063449247007, 5.847063449247066, 5.847063449247034, 5.847063449247041, 5.8470634508725885, 5.84706345087255, 5.847063450872572, 5.847063450872589, 5.847063450872584, 5.847063452875895, 5.8470634528758945, 5.847063452875884, 5.847063452875887, 5.847063452875902, 5.847063452687449, 5.847063452687469, 5.847063452687457, 5.847063452687447, 5.847063452687453, 5.847063451300981, 5.847063451301005, 5.847063451300977, 5.847063451300981, 5.847063451300968, 5.847063451017277, 5.847063451017278, 5.847063451017283, 5.847063451017277, 5.847063451017271, 5.847063451387478, 5.847063451387475, 5.84706345138748, 5.847063451387471, 5.847063451387474, 5.8470634518338604, 5.847063451833843, 5.847063451833856, 5.847063451833865, 5.847063451833847, 5.8470634528539485, 5.847063452853969, 5.847063452853947, 5.847063452853953, 5.847063452853951, 5.84706345325639, 5.847063453256389, 5.847063453256387, 5.8470634532563945, 5.847063453256398, 5.847063453111643, 5.847063453111655, 5.847063453111667, 5.847063453111639, 5.847063453111638, 5.847063451747037, 5.847063451747025, 5.847063451747023, 5.847063451747041, 5.8470634517470454, 5.84706345049389, 5.84706345049387, 5.847063450493862, 5.847063450493882, 5.847063450493886, 5.8470634530313745, 5.847063453031358, 5.847063453031382, 5.847063453031379, 5.847063453031379, 5.847063450167161, 5.847063450167174, 5.847063450167189, 5.847063450167161, 5.84706345016716, 5.847063452021877, 5.847063452021903, 5.847063452021881, 5.847063452021884, 5.847063452021876, 5.8470634516801185, 5.84706345168014, 5.847063451680093, 5.847063451680118, 5.84706345168012, 5.847063452871708, 5.8470634528716925, 5.847063452871713, 5.847063452871717, 5.847063452871706, 5.847063452044145, 5.847063452044104, 5.847063452044147, 5.84706345204414, 5.847063452044145, 5.847063453315489, 5.847063453315468, 5.847063453315485, 5.847063453315486, 5.847063453315494, 5.847063451631597, 5.847063451631651, 5.847063451631601, 5.84706345163161, 5.847063451631608, 5.847063452379376, 5.8470634523793885, 5.847063452379386, 5.84706345237938, 5.847063452379366, 5.847063452156497, 5.847063452156498, 5.84706345215647, 5.8470634521564975, 5.847063452156488, 5.847063450308139, 5.847063450308117, 5.847063450308162, 5.84706345030815, 5.847063450308125, 5.847063452453764, 5.847063452453748, 5.847063452453776, 5.847063452453762, 5.847063452453754, 5.847063450974514, 5.847063450974528, 5.8470634509744865, 5.847063450974512, 5.847063450974519, 5.8470634504985854, 5.84706345049859, 5.847063450498576, 5.847063450498589, 5.847063450498599, 5.8470634485102835, 5.847063448510308, 5.847063448510316, 5.847063448510291, 5.847063448510291, 5.847063450633384, 5.84706345063336, 5.847063450633402, 5.847063450633392, 5.8470634506333905, 5.847063443196591, 5.84706344319656, 5.847063443196536, 5.847063443196592, 5.847063443196599, 5.847063452973947, 5.847063452973956, 5.8470634529739245, 5.847063452973953, 5.847063452973951, 5.8470634385605535, 5.84706343856055, 5.847063438560624, 5.847063438560553, 5.847063438560547, 5.847063450798179, 5.847063450798205, 5.847063450798202, 5.847063450798179, 5.847063450798174, 5.847063442341951, 5.847063442341951, 5.847063442341904, 5.847063442341952, 5.847063442341944, 5.847063444073174, 5.847063444073166, 5.847063444073128, 5.8470634440731795, 5.847063444073168, 5.847063450397594, 5.847063450397612, 5.847063450397642, 5.8470634503976, 5.8470634503976, 5.847063451155049, 5.847063451155038, 5.84706345115508, 5.8470634511550585, 5.847063451155038, 5.847063448888926, 5.847063448888894, 5.847063448888888, 5.847063448888918, 5.847063448888928, 5.847063451030314, 5.847063451030335, 5.847063451030288, 5.847063451030309, 5.8470634510303245, 5.8470634500223895, 5.847063450022416, 5.847063450022413, 5.847063450022391, 5.847063450022386, 5.847063448547238, 5.8470634485472335, 5.847063448547289, 5.847063448547226, 5.847063448547241, 5.847063447727368, 5.847063447727364, 5.847063447727332, 5.847063447727373, 5.847063447727375, 5.847063444015121, 5.847063444015083, 5.847063444015074, 5.847063444015114, 5.847063444015115, 5.847063451370418, 5.847063451370421, 5.8470634513704445, 5.847063451370421, 5.8470634513704205, 5.847063446667214, 5.8470634466672395, 5.8470634466672555, 5.847063446667225, 5.847063446667217, 5.847063452710298, 5.847063452710307, 5.847063452710293, 5.847063452710301, 5.847063452710304, 5.847063444256454, 5.847063444256442, 5.84706344425641, 5.8470634442564515, 5.847063444256459, 5.84706344936297, 5.84706344936294, 5.847063449362965, 5.847063449362975, 5.847063449362952, 5.84706344584764, 5.847063445847653, 5.847063445847679, 5.8470634458476445, 5.847063445847632, 5.847063450419827, 5.8470634504198555, 5.8470634504198395, 5.847063450419819, 5.847063450419824, 5.847063449063625, 5.847063449063651, 5.847063449063599, 5.847063449063637, 5.84706344906363, 5.847063450063793, 5.847063450063779, 5.847063450063766, 5.847063450063789, 5.847063450063776, 5.847063450066183, 5.847063450066159, 5.847063450066201, 5.8470634500661856, 5.847063450066184, 5.847063446088591, 5.8470634460885735, 5.847063446088623, 5.8470634460885815, 5.847063446088601, 5.847063447482051, 5.847063447482073, 5.847063447482053, 5.847063447482052, 5.847063447482071, 5.847063441264958]
Total optimisation time observed during ADAM optimization: 103.604760 seconds
Median time per evaluation during ADAM optimization: 0.199937 seconds
5.847063441264958
QAOA optimisation for n=16 took 129.69 seconds; started at 1777578459.605387 and finished at 1777578589.3001149
Finished QAOA for n=10 nodes, m=15 edges at 2026-04-30 21:49:49 on Apple M4. Time taken: 129.69 seconds. Hours: 0.04 hours. Peak RAM: 369.0 MB.
Unknown graph type for approximation ratio calculation; skipping approx ratio computation.
CSV writing for n=16 took 0.00 seconds; started at 1777578589.300116 and finished at 1777578589.3005838
results: {16: 5.847063441264958}
durations: {10: 129.69473004341125}
Results saved to: logs/adam/qaoa_results_adam_20260430_200911.csv
Global end time: 1777578589.3005881
Finalisation time: 0.00 seconds; started at 1777578589.300585 and finished at 1777578589.30059
Sum of all section times: 129.79 seconds
