2026-04-30 20:22:27.769 system_profiler[26446:1115111] hw.cpufamily: 0x6f5129ac
Starting QAOA benchmark with global start time: 1777573347.637271
Benchmark parameters: {'optimiser': 'adam', 'circuit_type': 'hamqaoa', 'parameter_vector': [1, 1, 1], 'iterations_list': [50, 100, 200, 500], 'learning_rate_adam': 0.05, 'depth_list': [1, 2, 5, 10], 'n_start': 0, 'n_end': 30, 'singlet_injection': False, 'start_index_singlet': 0, 'warm_start': True, 'compare_with_010101': False, 'warm_start_correlations': False, 'init_QAOAparams_close_to_zero': False, 'use_correlations_as_initial_params': False, 'time_limit': 10800, 'failed_instance_termination_thrsh': 10, 'graph_generation_type': 'HOG', 'weighted': False, 'easiest_first': True, 'cpu_util_threshold': 90, 'debug': False, 'save_circuit_svg': False, 'rerun_exclude_finished_instances': False, 'optimiser_debug_iterations': 1, 'relative_graph_adjList_path': '/Users/julian_dev/Projects/MasterThesis/QAOA/HOG_graphs/list_27_graphs_adjacency_list.txt'}, Running QAOA with equal superposition
Benchmark run ID: b21bf029
Processor: Apple M4
Hostname: Mac-mini-som-tillhor-Julian.local
Total RAM (GB): 16.0
Physical cores: 10
Logical cores: 10
Python version: 3.13.1
Initialisation time: 0.15 seconds; started at {'initialisation': 0.15236115455627441} and finished at 1777573347.789641
Loaded HOG graph index 11 with 12 edges.
Instance generation for n=11 took 0.00 seconds; started at 1777573347.7896461 and finished at 1777573347.789991
Running QAOA for n=8 nodes, m=12 edges...; Max iterations: 100
Warm-start: using parameter_vector=[1, 1, 1]
Warm-start: starting SDP solve for n_vertices=8
Starting SDP solve (solver preference: MOSEK, fallback: SCS) for n_vertices=8, matrix_dim=24, edges=12
Finished SDP solve with MOSEK. status=optimal. elapsed_seconds=0.05
Rounding...
n_vertices: 8 for n = 24
Using seed None to generate random matrix for x.
r_0: [-0.62658021 -0.59694972 -0.50104717]
Product state qubit 0: [[ 0.24947642+0.j         -0.31329011+0.29847486j]
 [-0.31329011-0.29847486j  0.75052358+0.j        ]]
Diagonal entries of product state 0: [0.24947642 0.75052358]
r_1: [0.64029522 0.59607668 0.48447356]
Product state qubit 1: [[0.74223678+0.j         0.32014761-0.29803834j]
 [0.32014761+0.29803834j 0.25776322+0.j        ]]
Diagonal entries of product state 1: [0.74223678 0.25776322]
r_2: [0.64029482 0.59607696 0.48447374]
Product state qubit 2: [[0.74223687+0.j         0.32014741-0.29803848j]
 [0.32014741+0.29803848j 0.25776313+0.j        ]]
Diagonal entries of product state 2: [0.74223687 0.25776313]
r_3: [-0.65360937 -0.59493914 -0.46780574]
Product state qubit 3: [[ 0.26609713+0.j         -0.32680469+0.29746957j]
 [-0.32680469-0.29746957j  0.73390287+0.j        ]]
Diagonal entries of product state 3: [0.26609713 0.73390287]
r_4: [0.65894145 0.57492037 0.4850389 ]
Product state qubit 4: [[0.74251945+0.j         0.32947072-0.28746018j]
 [0.32947072+0.28746018j 0.25748055+0.j        ]]
Diagonal entries of product state 4: [0.74251945 0.25748055]
r_5: [0.62148124 0.61639863 0.48354295]
Product state qubit 5: [[0.74177148+0.j         0.31074062-0.30819932j]
 [0.31074062+0.30819932j 0.25822852+0.j        ]]
Diagonal entries of product state 5: [0.74177148 0.25822852]
r_6: [-0.64029496 -0.59607714 -0.48447333]
Product state qubit 6: [[ 0.25776334+0.j         -0.32014748+0.29803857j]
 [-0.32014748-0.29803857j  0.74223666+0.j        ]]
Diagonal entries of product state 6: [0.25776334 0.74223666]
r_7: [-0.64029442 -0.59607723 -0.48447393]
Product state qubit 7: [[ 0.25776304+0.j         -0.32014721+0.29803862j]
 [-0.32014721-0.29803862j  0.74223696+0.j        ]]
Diagonal entries of product state 7: [0.25776304 0.74223696]
y_scalar: False
[-1, 1, 1, -1, 1, 1, -1, -1]
Hamiltonian equals product state? [[False False False False]
 [False False False False]
 [False False False False]
 [False False False False]]
Hamiltonian: [[ 0. +0.j  0. +0.j  0. +0.j  0. +0.j]
 [ 0. +0.j  0.5+0.j -0.5+0.j  0. +0.j]
 [ 0. +0.j -0.5+0.j  0.5+0.j  0. +0.j]
 [ 0. +0.j  0. +0.j  0. +0.j  0. +0.j]], product state: [[ 0.19750708+0.j         -0.24256646+0.22079286j  0.08519036-0.07930715j
  -0.0159684 +0.1926345j ]
 [-0.24256646-0.22079286j  0.5447297 +0.j         -0.19328308+0.00216615j
   0.23495725-0.21873119j]
 [ 0.08519036+0.07930715j -0.19328308-0.00216615j  0.06859005+0.j
  -0.08423823+0.07667671j]
 [-0.0159684 -0.1926345j   0.23495725+0.21873119j -0.08423823-0.07667671j
   0.18917317+0.j        ]]
Hamiltonian equals product state? [[False False False False]
 [False False False False]
 [False False False False]
 [False False False False]]
Hamiltonian: [[ 0. +0.j  0. +0.j  0. +0.j  0. +0.j]
 [ 0. +0.j  0.5+0.j -0.5+0.j  0. +0.j]
 [ 0. +0.j -0.5+0.j  0.5+0.j  0. +0.j]
 [ 0. +0.j  0. +0.j  0. +0.j  0. +0.j]], product state: [[ 0.18517057+0.j          0.07986928-0.07435354j -0.23253544+0.22153902j
  -0.01134213+0.18892848j]
 [ 0.07986928+0.07435354j  0.06430584+0.j         -0.18925603+0.00218355j
  -0.08075467+0.07693584j]
 [-0.23253544-0.22153902j -0.18925603-0.00218355j  0.55706621+0.j
   0.24027833-0.2236848j ]
 [-0.01134213-0.18892848j -0.08075467-0.07693584j  0.24027833+0.2236848j
   0.19345738+0.j        ]]
Hamiltonian equals product state? [[False False False False]
 [False False False False]
 [False False False False]
 [False False False False]]
Hamiltonian: [[ 0. +0.j  0. +0.j  0. +0.j  0. +0.j]
 [ 0. +0.j  0.5+0.j -0.5+0.j  0. +0.j]
 [ 0. +0.j -0.5+0.j  0.5+0.j  0. +0.j]
 [ 0. +0.j  0. +0.j  0. +0.j  0. +0.j]], product state: [[ 0.19132123+0.00000000e+00j -0.23762506+2.21215249e-01j
   0.08252217-7.68233033e-02j -0.01366732+1.90832478e-01j]
 [-0.23762506-2.21215249e-01j  0.55091564+0.00000000e+00j
  -0.19132128-1.01815005e-07j  0.23762524-2.21215177e-01j]
 [ 0.08252217+7.68233033e-02j -0.19132128+1.01815005e-07j
   0.06644181+0.00000000e+00j -0.08252215+7.68233662e-02j]
 [-0.01366732-1.90832478e-01j  0.23762524+2.21215177e-01j
  -0.08252215-7.68233662e-02j  0.19132132+0.00000000e+00j]]
Hamiltonian equals product state? [[False False False False]
 [False False False False]
 [False False False False]
 [False False False False]]
Hamiltonian: [[ 0. +0.j  0. +0.j  0. +0.j  0. +0.j]
 [ 0. +0.j  0.5+0.j -0.5+0.j  0. +0.j]
 [ 0. +0.j -0.5+0.j  0.5+0.j  0. +0.j]
 [ 0. +0.j  0. +0.j  0. +0.j  0. +0.j]], product state: [[ 0.1975071 +0.j         -0.24256649+0.22079288j  0.08519031-0.07930718j
  -0.01596829+0.19263448j]
 [-0.24256649-0.22079288j  0.54472977+0.j         -0.19328305+0.00216626j
   0.2349571 -0.2187313j ]
 [ 0.08519031+0.07930718j -0.19328305-0.00216626j  0.06859003+0.j
  -0.0842382 +0.07667669j]
 [-0.01596829-0.19263448j  0.2349571 +0.2187313j  -0.0842382 -0.07667669j
   0.1891731 +0.j        ]]
Hamiltonian equals product state? [[False False False False]
 [False False False False]
 [False False False False]
 [False False False False]]
Hamiltonian: [[ 0. +0.j  0. +0.j  0. +0.j  0. +0.j]
 [ 0. +0.j  0.5+0.j -0.5+0.j  0. +0.j]
 [ 0. +0.j -0.5+0.j  0.5+0.j  0. +0.j]
 [ 0. +0.j  0. +0.j  0. +0.j  0. +0.j]], product state: [[ 0.19132143+0.00000000e+00j -0.23762523+2.21215190e-01j
   0.08252232-7.68233568e-02j -0.01366753+1.90832559e-01j]
 [-0.23762523-2.21215190e-01j  0.55091535+0.00000000e+00j
  -0.19132137-1.12874965e-07j  0.23762529-2.21214984e-01j]
 [ 0.08252232+7.68233568e-02j -0.19132137+1.12874965e-07j
   0.06644191+0.00000000e+00j -0.08252225+7.68233824e-02j]
 [-0.01366753-1.90832559e-01j  0.23762529+2.21214984e-01j
  -0.08252225-7.68233824e-02j  0.19132131+0.00000000e+00j]]
Hamiltonian equals product state? [[False False False False]
 [False False False False]
 [False False False False]
 [False False False False]]
Hamiltonian: [[ 0. +0.j  0. +0.j  0. +0.j  0. +0.j]
 [ 0. +0.j  0.5+0.j -0.5+0.j  0. +0.j]
 [ 0. +0.j -0.5+0.j  0.5+0.j  0. +0.j]
 [ 0. +0.j  0. +0.j  0. +0.j  0. +0.j]], product state: [[ 0.19139407+0.j         -0.23771553+0.22129947j  0.08492537-0.07409661j
  -0.0198049 +0.19022457j]
 [-0.23771553-0.22129947j  0.55112538+0.j         -0.19115337-0.00616542j
   0.24454535-0.21336357j]
 [ 0.08492537+0.07409661j -0.19115337+0.00616542j  0.06636897+0.j
  -0.08243168+0.07673915j]
 [-0.0198049 -0.19022457j  0.24454535+0.21336357j -0.08243168-0.07673915j
   0.19111158+0.j        ]]
Hamiltonian equals product state? [[False False False False]
 [False False False False]
 [False False False False]
 [False False False False]]
Hamiltonian: [[ 0. +0.j  0. +0.j  0. +0.j  0. +0.j]
 [ 0. +0.j  0.5+0.j -0.5+0.j  0. +0.j]
 [ 0. +0.j -0.5+0.j  0.5+0.j  0. +0.j]
 [ 0. +0.j  0. +0.j  0. +0.j  0. +0.j]], product state: [[ 0.19120127+0.j         -0.23747607+0.22107654j  0.08009745-0.07944239j
  -0.00762745+0.19128186j]
 [-0.23747607-0.22107654j  0.55057021+0.j         -0.19133804+0.00605645j
   0.23064318-0.22875693j]
 [ 0.08009745+0.07944239j -0.19133804-0.00605645j  0.06656177+0.j
  -0.08267114+0.07696207j]
 [-0.00762745-0.19128186j  0.23064318+0.22875693j -0.08267114-0.07696207j
   0.19166676+0.j        ]]
Hamiltonian equals product state? [[False False False False]
 [False False False False]
 [False False False False]
 [False False False False]]
Hamiltonian: [[ 0. +0.j  0. +0.j  0. +0.j  0. +0.j]
 [ 0. +0.j  0.5+0.j -0.5+0.j  0. +0.j]
 [ 0. +0.j -0.5+0.j  0.5+0.j  0. +0.j]
 [ 0. +0.j  0. +0.j  0. +0.j  0. +0.j]], product state: [[ 0.06638496+0.j         -0.08153006+0.07421164j -0.0833656 +0.0794233j
   0.01359749-0.19073726j]
 [-0.08153006-0.07421164j  0.18309146+0.j          0.19117186-0.00434871j
  -0.22992451+0.21905156j]
 [-0.0833656 -0.0794233j   0.19117186+0.00434871j  0.19971217+0.j
  -0.24527462+0.22325793j]
 [ 0.01359749+0.19073726j -0.22992451-0.21905156j -0.24527462-0.22325793j
   0.55081141+0.j        ]]
Hamiltonian equals product state? [[False False False False]
 [False False False False]
 [False False False False]
 [False False False False]]
Hamiltonian: [[ 0. +0.j  0. +0.j  0. +0.j  0. +0.j]
 [ 0. +0.j  0.5+0.j -0.5+0.j  0. +0.j]
 [ 0. +0.j -0.5+0.j  0.5+0.j  0. +0.j]
 [ 0. +0.j  0. +0.j  0. +0.j  0. +0.j]], product state: [[ 0.19139429+0.j         -0.23771573+0.22129944j  0.08492547-0.0740967j
  -0.019805  +0.19022464j]
 [-0.23771573-0.22129944j  0.55112516+0.j         -0.19115344-0.00616533j
   0.24454525-0.21336349j]
 [ 0.08492547+0.0740967j  -0.19115344+0.00616533j  0.06636904+0.j
  -0.08243175+0.07673913j]
 [-0.019805  -0.19022464j  0.24454525+0.21336349j -0.08243175-0.07673913j
   0.1911115 +0.j        ]]
Hamiltonian equals product state? [[False False False False]
 [False False False False]
 [False False False False]
 [False False False False]]
Hamiltonian: [[ 0. +0.j  0. +0.j  0. +0.j  0. +0.j]
 [ 0. +0.j  0.5+0.j -0.5+0.j  0. +0.j]
 [ 0. +0.j -0.5+0.j  0.5+0.j  0. +0.j]
 [ 0. +0.j  0. +0.j  0. +0.j  0. +0.j]], product state: [[ 0.19120149+0.j         -0.23747627+0.22107651j  0.08009754-0.07944248j
  -0.00762754+0.19128193j]
 [-0.23747627-0.22107651j  0.55056999+0.j         -0.19133811+0.00605654j
   0.23064308-0.22875683j]
 [ 0.08009754+0.07944248j -0.19133811-0.00605654j  0.06656185+0.j
  -0.08267121+0.07696206j]
 [-0.00762754-0.19128193j  0.23064308+0.22875683j -0.08267121-0.07696206j
   0.19166668+0.j        ]]
Hamiltonian equals product state? [[False False False False]
 [False False False False]
 [False False False False]
 [False False False False]]
Hamiltonian: [[ 0. +0.j  0. +0.j  0. +0.j  0. +0.j]
 [ 0. +0.j  0.5+0.j -0.5+0.j  0. +0.j]
 [ 0. +0.j -0.5+0.j  0.5+0.j  0. +0.j]
 [ 0. +0.j  0. +0.j  0. +0.j  0. +0.j]], product state: [[0.55077975+0.j         0.23073096-0.22884399j 0.24439199-0.21322977j
  0.01378491-0.19086821j]
 [0.23073096+0.22884399j 0.1917397 +0.j         0.19097497+0.0122171j
  0.08507874-0.07423042j]
 [0.24439199+0.21322977j 0.19097497-0.0122171j  0.19099173+0.j
  0.08000967-0.07935533j]
 [0.01378491+0.19086821j 0.08507874+0.07423042j 0.08000967+0.07935533j
  0.06648882+0.j        ]]
Hamiltonian equals product state? [[False False False False]
 [False False False False]
 [False False False False]
 [False False False False]]
Hamiltonian: [[ 0. +0.j  0. +0.j  0. +0.j  0. +0.j]
 [ 0. +0.j  0.5+0.j -0.5+0.j  0. +0.j]
 [ 0. +0.j -0.5+0.j  0.5+0.j  0. +0.j]
 [ 0. +0.j  0. +0.j  0. +0.j  0. +0.j]], product state: [[ 0.18517059+0.j          0.07986923-0.07435357j -0.23253547+0.22153905j
  -0.01134202+0.18892846j]
 [ 0.07986923+0.07435357j  0.06430582+0.j         -0.18925601+0.00218345j
  -0.08075464+0.07693581j]
 [-0.23253547-0.22153905j -0.18925601-0.00218345j  0.55706628+0.j
   0.24027818-0.22368491j]
 [-0.01134202-0.18892846j -0.08075464-0.07693581j  0.24027818+0.22368491j
   0.19345731+0.j        ]]
Energy of rounded cut: 4.999999862683886
Check the cut: [-1, 1, 1, -1, 1, 1, -1, -1]
10 in cut out of a total of 12 edges
Warm-start: SDP solve + rounding finished in 0.06 seconds
Warm-start: statevector build finished in 0.00 seconds
warm_start_correlations: None
Edges: [(1, 3), (0, 1), (2, 7), (2, 3), (1, 6), (4, 7), (5, 7), (0, 3), (4, 6), (5, 6), (4, 5), (0, 2)], weights: [1.0, 1.0, 1.0, 1.0, 1.0, 1.0, 1.0, 1.0, 1.0, 1.0, 1.0, 1.0], set of nodes: {0, 1, 2, 3, 4, 5, 6, 7}, n: 8 nodes, p: 1 layers, N_bayes: 100 iterations
Initial state injected as warm start
Initial state energy for vector-normalised SDP solution used as warm start: 4.000064947093337
Running ADAM optimization with a single iteration (no debug loop)
ADAM optimizer configured with maxiter=100 and learning_rate=0.05
Generated 4 random initial parameter sets for ADAM optimization
Using random initial parameters with:
Param_type 1:  [-0.84123948]
Param_type 2:  [-1.50225546]
Param_type 3:  [1.85133865]
Param_type 4:  [0.75413823]
Energies observed during ADAM optimization: [3.6172383138712325, 3.6172383138359736, 3.6172383138936057, 3.6172383138712374, 3.6172383138705384, 3.653519198270032, 3.653519198224186, 3.653519198306353, 3.653519198270033, 3.653519198270587, 3.6946432334952166, 3.6946432334565893, 3.694643233535415, 3.694643233495217, 3.69464323349837, 3.727898251435754, 3.7278982514235053, 3.7278982514692447, 3.7278982514357537, 3.727898251439365, 3.7392071656447183, 3.739207165670801, 3.739207165661941, 3.7392071656447143, 3.739207165647074, 3.7332183691352734, 3.733218369186338, 3.7332183691326035, 3.7332183691352765, 3.7332183691366767, 3.7269746769520946, 3.7269746770035304, 3.7269746769322514, 3.7269746769520933, 3.726974676952908, 3.724391883972715, 3.7243918840096097, 3.7243918839417485, 3.7243918839727144, 3.724391883972405, 3.7243532402001334, 3.7243532402171415, 3.724353240164529, 3.7243532402001356, 3.7243532401979595, 3.7253148387516615, 3.7253148387498367, 3.7253148387161286, 3.7253148387516593, 3.725314838747559, 3.727215531001149, 3.727215530984887, 3.7272155309685835, 3.727215531001145, 3.7272155309958293, 3.730719505671535, 3.730719505646674, 3.7307195056441724, 3.730719505671537, 3.730719505665891, 3.7358428890852697, 3.7358428890584907, 3.735842889065229, 3.7358428890852666, 3.7358428890801405, 3.741199726827922, 3.741199726805678, 3.7411997268171238, 3.7411997268279205, 3.741199726824071, 3.744569473728184, 3.7445694737152877, 3.744569473727756, 3.744569473728185, 3.7445694737262243, 3.7445149509059674, 3.7445149509044153, 3.744514950915633, 3.744514950905968, 3.744514950906048, 3.7416652728241724, 3.741665272832718, 3.741665272841981, 3.741665272824171, 3.7416652728259434, 3.7382874764873986, 3.738287476502423, 3.7382874765103233, 3.738287476487403, 3.7382874764902754, 3.7364920235684376, 3.7364920235854937, 3.7364920235932253, 3.7364920235684376, 3.7364920235719574, 3.736986715899346, 3.7369867159142833, 3.7369867159230843, 3.736986715899346, 3.7369867159032233, 3.739142651050773, 3.7391426510603405, 3.7391426510710573, 3.7391426510507735, 3.7391426510547348, 3.741712570337543, 3.7417125703397205, 3.741712570352554, 3.741712570337543, 3.7417125703412535, 3.7436029420312456, 3.743602942025687, 3.7436029420399084, 3.74360294203125, 3.743602942034308, 3.7443947920195986, 3.74439479200783, 3.7443947920216987, 3.7443947920195932, 3.7443947920217022, 3.744364228413513, 3.74436422839856, 3.744364228409668, 3.744364228413508, 3.7443642284145118, 3.7440386644417747, 3.7440386644274257, 3.7440386644332566, 3.7440386644417765, 3.7440386644417143, 3.743735988315144, 3.7437359883048624, 3.74373598830357, 3.7437359883151426, 3.7437359883142247, 3.7434740624386587, 3.7434740624347524, 3.7434740624256966, 3.74347406243866, 3.743474062437136, 3.7431962078353154, 3.743196207838426, 3.7431962078225056, 3.74319620783531, 3.74319620783348, 3.7429995955992212, 3.7429995956082855, 3.7429995955878277, 3.742999595599221, 3.7429995955972712, 3.743117772727097, 3.7431177727396623, 3.743117772718029, 3.7431177727270986, 3.7431177727251455, 3.743674500433572, 3.743674500446508, 3.743674500427382, 3.743674500433573, 3.7436745004316516, 3.744493752590617, 3.744493752600944, 3.7444937525874975, 3.744493752590614, 3.744493752588795, 3.745184954100494, 3.7451849541060582, 3.7451849541003326, 3.745184954100494, 3.74518495409888, 3.745426556486628, 3.745426556486582, 3.7454265564890346, 3.7454265564866343, 3.7454265564853966, 3.7451972644503173, 3.7451972644451867, 3.745197264454747, 3.7451972644503173, 3.7451972644496125, 3.744768718174082, 3.74476871816557, 3.7447687181799165, 3.7447687181740843, 3.7447687181740075, 3.7444783660958425, 3.7444783660862746, 3.7444783661024617, 3.74447836609584, 3.744478366096397, 3.744490282547827, 3.7444902825395574, 3.744490282554624, 3.7444902825478334, 3.744490282548938, 3.7447316754335627, 3.744731675428429, 3.7447316754399003, 3.7447316754335636, 3.7447316754350712, 3.7450120758857754, 3.745012075884691, 3.745012075891033, 3.745012075885771, 3.7450120758874914, 3.7451949241433287, 3.7451949241461433, 3.7451949241469547, 3.745194924143329, 3.745194924145042, 3.7452761648766897, 3.7452761648821755, 3.7452761648782746, 3.745276164876686, 3.745276164878201, 3.745323057336163, 3.7453230573424663, 3.745323057335556, 3.7453230573361633, 3.7453230573373166, 3.745364697974899, 3.7453646979800754, 3.745364697972256, 3.745364697974902, 3.745364697975575, 3.7453647449845633, 3.745364744987207, 3.7453647449803085, 3.7453647449845655, 3.7453647449846823, 3.745297197792282, 3.7452971977919147, 3.745297197787077, 3.7452971977922846, 3.745297197791852, 3.7452134213803543, 3.7452134213774846, 3.7452134213749972, 3.7452134213803534, 3.745213421379464, 3.7452059346960027, 3.7452059346919224, 3.745205934691298, 3.7452059346960023, 3.745205934694814, 3.7453084545315805, 3.7453084545278292, 3.745308454528201, 3.745308454531582, 3.745308454530285, 3.7454538168194236, 3.7454538168172853, 3.745453816817813, 3.745453816819425, 3.7454538168182188, 3.745539639643383, 3.7455396396435026, 3.7455396396436518, 3.7455396396433835, 3.7455396396424288, 3.7455280292791113, 3.7455280292812883, 3.7455280292810538, 3.7455280292791087, 3.745528029278505, 3.745470999321831, 3.7454709993251623, 3.745470999324958, 3.745470999321834, 3.7454709993215958, 3.745442571526788, 3.7454425715299995, 3.745442571530444, 3.74544257152679, 3.745442571526915, 3.745462887795628, 3.7454628877975624, 3.7454628877991234, 3.745462887795627, 3.7454628877960454, 3.745496787646359, 3.745496787646359, 3.745496787649137, 3.745496787646355, 3.7454967876469882, 3.7455115847738107, 3.7455115847719402, 3.7455115847755027, 3.745511584773813, 3.745511584774544, 3.7455142545985494, 3.745514254595523, 3.7455142545990587, 3.7455142545985516, 3.7455142545993, 3.7455298779009727, 3.7455298778978867, 3.7455298779004322, 3.745529877900971, 3.7455298779016477, 3.7455595783436078, 3.745559578341517, 3.74555957834228, 3.7455595783436055, 3.7455595783441367, 3.7455781834667645, 3.7455781834663497, 3.745578183465008, 3.745578183466759, 3.745578183467095, 3.745569902849915, 3.745569902851199, 3.745569902848052, 3.7455699028499123, 3.745569902850023, 3.7455511322890365, 3.7455511322914563, 3.7455511322873476, 3.7455511322890396, 3.7455511322889254, 3.7455489808555185, 3.745548980858131, 3.7455489808541937, 3.74554898085552, 3.7455489808552, 3.7455674473065326, 3.7455674473084413, 3.7455674473056852, 3.7455674473065317, 3.745567447306054, 3.7455864018134286, 3.7455864018140352, 3.745586401813088, 3.7455864018134273, 3.74558640181285, 3.7455899604497365, 3.7455899604490024, 3.7455899604498835, 3.7455899604497382, 3.7455899604491494, 3.745584411000769, 3.745584410999117, 3.745584411001355, 3.7455844110007672, 3.745584411000269, 3.745585084563445, 3.7455850845615855, 3.7455850845643823, 3.7455850845634484, 3.745585084563128, 3.7455946617296014, 3.7455946617282563, 3.7455946617307414, 3.745594661729602, 3.745594661729504, 3.745602269511276, 3.7456022695108624, 3.745602269512452, 3.745602269511277, 3.7456022695113984, 3.745600646300625, 3.7456006463011904, 3.745600646301632, 3.7456006463006224, 3.7456006463009412, 3.7455956653713973, 3.7455956653725675, 3.745595665372051, 3.7455956653713973, 3.7455956653718308, 3.74559661415745, 3.7455966141586585, 3.7455966141576376, 3.7455966141574497, 3.7455966141579164, 3.7456033200743826, 3.745603320075108, 3.745603320074072, 3.745603320074386, 3.7456033200748, 3.7456083275515852, 3.7456083275515777, 3.74560832755086, 3.7456083275515875, 3.7456083275518828, 3.745608456720578, 3.745608456719904, 3.7456084567196197, 3.7456084567205807, 3.7456084567207166, 3.74560801409385, 3.7456080140928822, 3.745608014092879, 3.7456080140938512, 3.7456080140938233, 3.745610570671331, 3.7456105706705345, 3.745610570670571, 3.7456105706713263, 3.7456105706711567, 3.7456133643972036, 3.7456133643969287, 3.745613364396802, 3.7456133643972076, 3.7456133643969394, 3.745612456961486, 3.745612456961838, 3.7456124569614992, 3.7456124569614904, 3.745612456961188, 3.745609583139839, 3.7456095831406233, 3.7456095831401983, 3.7456095831398346, 3.7456095831395504, 3.745609872810749, 3.745609872811605, 3.745609872811345, 3.745609872810754, 3.7456098728105234, 3.7456142130809105, 3.7456142130814416, 3.7456142130815464, 3.7456142130809083, 3.745614213080765, 3.7456181054657387, 3.745618105465723, 3.745618105466268, 3.7456181054657374, 3.7456181054656925, 3.745618194275662, 3.745618194275147, 3.7456181942759965, 3.7456181942756674, 3.7456181942757154, 3.7456162430968143, 3.745616243096045, 3.7456162430969093, 3.7456162430968094, 3.7456162430969444, 3.7456154470659873, 3.7456154470653256, 3.745615447065884, 3.74561544706599, 3.7456154470661884, 3.7456161178001137, 3.7456161177998477, 3.7456161177998744, 3.745616117800108, 3.7456161178003424, 3.7456167226703507, 3.7456167226705537, 3.7456167226700563, 3.7456167226703423, 3.7456167226705546, 3.7456171889354732, 3.7456171889360266, 3.7456171889351872, 3.745617188935476, 3.745617188935622, 3.7456185945150757, 3.7456185945156717, 3.7456185945148355, 3.7456185945150686, 3.745618594515142, 3.745620233271882, 3.7456202332722475, 3.745620233271714, 3.7456202332718784, 3.745620233271857, 3.7456202034942505, 3.7456202034942314, 3.745620203494167, 3.7456202034942483, 3.745620203494137, 3.745618583419955, 3.7456185834196267, 3.7456185834199642, 3.7456185834199522, 3.7456185834197906, 3.7456175665862372, 3.745617566585784, 3.745617566586344, 3.7456175665862412, 3.745617566586049, 3.7456184572934736, 3.745618457293144, 3.745618457293662, 3.745618457293471, 3.745618457293315, 3.7456200267487096, 3.7456200267486537, 3.7456200267489406, 3.7456200267487088, 3.745620026748607, 3.7456207366957814, 3.745620736695996, 3.745620736695992, 3.745620736695786, 3.7456207366957495, 3.7456205653587045]
Total optimisation time observed during ADAM optimization: 1.416508 seconds
Median time per evaluation during ADAM optimization: 0.013310 seconds
Warm-start fallback: optimiser result was below the SDP warm-start energy; using the warm-start energy instead.
4.000064947093337
QAOA optimisation for n=11 took 1.84 seconds; started at 1777573347.789994 and finished at 1777573349.6273139
Finished QAOA for n=8 nodes, m=12 edges at 2026-04-30 20:22:29 on Apple M4. Time taken: 1.84 seconds. Hours: 0.00 hours. Peak RAM: 268.23 MB.
Unknown graph type for approximation ratio calculation; skipping approx ratio computation.
CSV writing for n=11 took 0.00 seconds; started at 1777573349.627316 and finished at 1777573349.627811
results: {11: 4.000064947093337}
durations: {8: 1.8373231887817383}
Results saved to: logs/adam/qaoa_results_adam_20260430_200911.csv
Global end time: 1777573349.627815
Finalisation time: 0.00 seconds; started at 1777573349.6278121 and finished at 1777573349.627817
Sum of all section times: 1.99 seconds
