2026-04-30 20:27:30.029 system_profiler[33837:1131303] hw.cpufamily: 0x6f5129ac
Starting QAOA benchmark with global start time: 1777573649.892662
Benchmark parameters: {'optimiser': 'adam', 'circuit_type': 'hamqaoa', 'parameter_vector': [1, 1, 1], 'iterations_list': [50, 100, 200, 500], 'learning_rate_adam': 0.05, 'depth_list': [1, 2, 5, 10], 'n_start': 0, 'n_end': 30, 'singlet_injection': False, 'start_index_singlet': 0, 'warm_start': True, 'compare_with_010101': False, 'warm_start_correlations': False, 'init_QAOAparams_close_to_zero': False, 'use_correlations_as_initial_params': False, 'time_limit': 10800, 'failed_instance_termination_thrsh': 10, 'graph_generation_type': 'HOG', 'weighted': False, 'easiest_first': True, 'cpu_util_threshold': 90, 'debug': False, 'save_circuit_svg': False, 'rerun_exclude_finished_instances': False, 'optimiser_debug_iterations': 1, 'relative_graph_adjList_path': '/Users/julian_dev/Projects/MasterThesis/QAOA/HOG_graphs/list_27_graphs_adjacency_list.txt'}, Running QAOA with equal superposition
Benchmark run ID: b6201557
Processor: Apple M4
Hostname: Mac-mini-som-tillhor-Julian.local
Total RAM (GB): 16.0
Physical cores: 10
Logical cores: 10
Python version: 3.13.1
Initialisation time: 0.16 seconds; started at {'initialisation': 0.1569840908050537} and finished at 1777573650.049655
Loaded HOG graph index 7 with 15 edges.
Instance generation for n=7 took 0.00 seconds; started at 1777573650.049661 and finished at 1777573650.050017
Running QAOA for n=10 nodes, m=15 edges...; Max iterations: 200
Warm-start: using parameter_vector=[1, 1, 1]
Warm-start: starting SDP solve for n_vertices=10
Starting SDP solve (solver preference: MOSEK, fallback: SCS) for n_vertices=10, matrix_dim=30, edges=15
Finished SDP solve with MOSEK. status=optimal. elapsed_seconds=0.08
Rounding...
n_vertices: 10 for n = 30
Using seed None to generate random matrix for x.
r_0: [ 0.17640409 -0.21458802  0.96064227]
Product state qubit 0: [[0.98032114+0.j         0.08820205+0.10729401j]
 [0.08820205-0.10729401j 0.01967886+0.j        ]]
Diagonal entries of product state 0: [0.98032114 0.01967886]
r_1: [-0.20363736  0.22138286 -0.95368834]
Product state qubit 1: [[ 0.02315583+0.j         -0.10181868-0.11069143j]
 [-0.10181868+0.11069143j  0.97684417+0.j        ]]
Diagonal entries of product state 1: [0.02315583 0.97684417]
r_2: [-0.20363657  0.22138568 -0.95368786]
Product state qubit 2: [[ 0.02315607+0.j         -0.10181829-0.11069284j]
 [-0.10181829+0.11069284j  0.97684393+0.j        ]]
Diagonal entries of product state 2: [0.02315607 0.97684393]
r_3: [ 0.23208564 -0.2283266   0.94551743]
Product state qubit 3: [[0.97275872+0.j        0.11604282+0.1141633j]
 [0.11604282-0.1141633j 0.02724128+0.j       ]]
Diagonal entries of product state 3: [0.97275872 0.02724128]
r_4: [-0.20351841  0.22134501 -0.95372252]
Product state qubit 4: [[ 0.02313874+0.j        -0.1017592 -0.1106725j]
 [-0.1017592 +0.1106725j  0.97686126+0.j       ]]
Diagonal entries of product state 4: [0.02313874 0.97686126]
r_5: [ 0.20362874 -0.22137729  0.95369148]
Product state qubit 5: [[0.97684574+0.j         0.10181437+0.11068864j]
 [0.10181437-0.11068864j 0.02315426+0.j        ]]
Diagonal entries of product state 5: [0.97684574 0.02315426]
r_6: [ 0.2036315  -0.22137904  0.95369048]
Product state qubit 6: [[0.97684524+0.j         0.10181575+0.11068952j]
 [0.10181575-0.11068952j 0.02315476+0.j        ]]
Diagonal entries of product state 6: [0.97684524 0.02315476]
r_7: [-0.21425036  0.25826271 -0.9420176 ]
Product state qubit 7: [[ 0.0289912 +0.j         -0.10712518-0.12913136j]
 [-0.10712518+0.12913136j  0.9710088 +0.j        ]]
Diagonal entries of product state 7: [0.0289912 0.9710088]
r_8: [-0.19271977  0.1843406  -0.96378298]
Product state qubit 8: [[ 0.01810851+0.j        -0.09635989-0.0921703j]
 [-0.09635989+0.0921703j  0.98189149+0.j       ]]
Diagonal entries of product state 8: [0.01810851 0.98189149]
r_9: [ 0.20352255 -0.22134645  0.9537213 ]
Product state qubit 9: [[0.97686065+0.j         0.10176128+0.11067322j]
 [0.10176128-0.11067322j 0.02313935+0.j        ]]
Diagonal entries of product state 9: [0.97686065 0.02313935]
y_scalar: False
[1, -1, -1, 1, -1, 1, 1, -1, -1, 1]
Hamiltonian equals product state? [[False False False False]
 [False False False False]
 [False False False False]
 [False False False False]]
Hamiltonian: [[ 0. +0.j  0. +0.j  0. +0.j  0. +0.j]
 [ 0. +0.j  0.5+0.j -0.5+0.j  0. +0.j]
 [ 0. +0.j -0.5+0.j  0.5+0.j  0. +0.j]
 [ 0. +0.j  0. +0.j  0. +0.j  0. +0.j]], product state: [[ 2.25250342e-02+0.j          2.68706768e-03+0.00264355j
  -9.90450084e-02-0.10767605j  8.21572141e-04-0.0244689j ]
 [ 2.68706768e-03-0.00264355j  6.30794480e-04+0.j
  -2.44522258e-02-0.00122099j -2.77367146e-03-0.00301538j]
 [-9.90450084e-02+0.10767605j -2.44522258e-02+0.00122099j
   9.50233683e-01+0.j          1.13355753e-01+0.11151975j]
 [ 8.21572141e-04+0.0244689j  -2.77367146e-03+0.00301538j
   1.13355753e-01-0.11151975j  2.66104884e-02+0.j        ]]
Hamiltonian equals product state? [[False False False False]
 [False False False False]
 [False False False False]
 [False False False False]]
Hamiltonian: [[ 0. +0.j  0. +0.j  0. +0.j  0. +0.j]
 [ 0. +0.j  0.5+0.j -0.5+0.j  0. +0.j]
 [ 0. +0.j -0.5+0.j  0.5+0.j  0. +0.j]
 [ 0. +0.j  0. +0.j  0. +0.j  0. +0.j]], product state: [[ 2.27001483e-02+0.j         -9.98150040e-02-0.10851315j
   2.04239149e-03+0.00248448j  2.89591122e-03-0.02068775j]
 [-9.98150040e-02+0.10851315j  9.57620989e-01+0.j
  -2.08571432e-02-0.00116132j  8.61596556e-02+0.10480953j]
 [ 2.04239149e-03-0.00248448j -2.08571432e-02+0.00116132j
   4.55680379e-04+0.j         -2.00367585e-03-0.00217828j]
 [ 2.89591122e-03+0.02068775j  8.61596556e-02-0.10480953j
  -2.00367585e-03+0.00217828j  1.92231826e-02+0.j        ]]
Hamiltonian equals product state? [[False False False False]
 [False False False False]
 [False False False False]
 [False False False False]]
Hamiltonian: [[ 0. +0.j  0. +0.j  0. +0.j  0. +0.j]
 [ 0. +0.j  0.5+0.j -0.5+0.j  0. +0.j]
 [ 0. +0.j -0.5+0.j  0.5+0.j  0. +0.j]
 [ 0. +0.j  0. +0.j  0. +0.j  0. +0.j]], product state: [[ 2.25252704e-02+0.j          2.68709586e-03+0.00264357j
  -9.90446245e-02-0.10767742j  8.21778825e-04-0.02446902j]
 [ 2.68709586e-03-0.00264357j  6.30801096e-04+0.j
  -2.44523409e-02-0.0012212j  -2.77366071e-03-0.00301541j]
 [-9.90446245e-02+0.10767742j -2.44523409e-02+0.0012212j
   9.50233447e-01+0.j          1.13355725e-01+0.11151973j]
 [ 8.21778825e-04+0.02446902j -2.77366071e-03+0.00301541j
   1.13355725e-01-0.11151973j  2.66104818e-02+0.j        ]]
Hamiltonian equals product state? [[False False False False]
 [False False False False]
 [False False False False]
 [False False False False]]
Hamiltonian: [[ 0. +0.j  0. +0.j  0. +0.j  0. +0.j]
 [ 0. +0.j  0.5+0.j -0.5+0.j  0. +0.j]
 [ 0. +0.j -0.5+0.j  0.5+0.j  0. +0.j]
 [ 0. +0.j  0. +0.j  0. +0.j  0. +0.j]], product state: [[ 1.76892212e-02+0.j         -9.41287451e-02-0.09003617j
   1.84370653e-03+0.00200441j  3.91384543e-04-0.02005021j]
 [-9.41287451e-02+0.09003617j  9.59156518e-01+0.j
  -2.00130265e-02-0.00128168j  9.99706612e-02+0.10868424j]
 [ 1.84370653e-03-0.00200441j -2.00130265e-02+0.00128168j
   4.19289175e-04+0.j         -2.23114198e-03-0.00213414j]
 [ 3.91384543e-04+0.02005021j  9.99706612e-02-0.10868424j
  -2.23114198e-03+0.00213414j  2.27349718e-02+0.j        ]]
Hamiltonian equals product state? [[False False False False]
 [False False False False]
 [False False False False]
 [False False False False]]
Hamiltonian: [[ 0. +0.j  0. +0.j  0. +0.j  0. +0.j]
 [ 0. +0.j  0.5+0.j -0.5+0.j  0. +0.j]
 [ 0. +0.j -0.5+0.j  0.5+0.j  0. +0.j]
 [ 0. +0.j  0. +0.j  0. +0.j  0. +0.j]], product state: [[ 2.26200179e-02+0.00000000e+00j  2.35636670e-03+2.56273018e-03j
  -9.94626619e-02-1.08130103e-01j  1.88937840e-03-2.25327027e-02j]
 [ 2.35636670e-03-2.56273018e-03j  5.35810806e-04+0.00000000e+00j
  -2.26117762e-02+4.50011627e-06j -2.35601799e-03-2.56132766e-03j]
 [-9.94626619e-02+1.08130103e-01j -2.26117762e-02-4.50011627e-06j
   9.54240633e-01+0.00000000e+00j  9.94049104e-02+1.08110492e-01j]
 [ 1.88937840e-03+2.25327027e-02j -2.35601799e-03+2.56132766e-03j
   9.94049104e-02-1.08110492e-01j  2.26035384e-02+0.00000000e+00j]]
Hamiltonian equals product state? [[False False False False]
 [False False False False]
 [False False False False]
 [False False False False]]
Hamiltonian: [[ 0. +0.j  0. +0.j  0. +0.j  0. +0.j]
 [ 0. +0.j  0.5+0.j -0.5+0.j  0. +0.j]
 [ 0. +0.j -0.5+0.j  0.5+0.j  0. +0.j]
 [ 0. +0.j  0. +0.j  0. +0.j  0. +0.j]], product state: [[ 2.83199309e-02+0.j         -1.04644773e-01-0.12614142j
   2.95172077e-03+0.003209j    3.38649242e-03-0.02500497j]
 [-1.04644773e-01+0.12614142j  9.48525808e-01+0.j
  -2.52002569e-02+0.00128989j  9.88626470e-02+0.10747965j]
 [ 2.95172077e-03-0.003209j   -2.52002569e-02-0.00128989j
   6.71269829e-04+0.j         -2.48040433e-03-0.00298994j]
 [ 3.38649242e-03+0.02500497j  9.88626470e-02-0.10747965j
  -2.48040433e-03+0.00298994j  2.24829912e-02+0.j        ]]
Hamiltonian equals product state? [[False False False False]
 [False False False False]
 [False False False False]
 [False False False False]]
Hamiltonian: [[ 0. +0.j  0. +0.j  0. +0.j  0. +0.j]
 [ 0. +0.j  0.5+0.j -0.5+0.j  0. +0.j]
 [ 0. +0.j -0.5+0.j  0.5+0.j  0. +0.j]
 [ 0. +0.j  0. +0.j  0. +0.j  0. +0.j]], product state: [[ 2.26202551e-02+0.00000000e+00j  2.35639141e-03+2.56275706e-03j
  -9.94622763e-02-1.08131479e-01j  1.88957452e-03-2.25328024e-02j]
 [ 2.35639141e-03-2.56275706e-03j  5.35816425e-04+0.00000000e+00j
  -2.26118920e-02+4.31302893e-06j -2.35600885e-03-2.56136026e-03j]
 [-9.94622763e-02+1.08131479e-01j -2.26118920e-02-4.31302893e-06j
   9.54240396e-01+0.00000000e+00j  9.94048857e-02+1.08110466e-01j]
 [ 1.88957452e-03+2.25328024e-02j -2.35600885e-03+2.56136026e-03j
   9.94048857e-02-1.08110466e-01j  2.26035328e-02+0.00000000e+00j]]
Hamiltonian equals product state? [[False False False False]
 [False False False False]
 [False False False False]
 [False False False False]]
Hamiltonian: [[ 0. +0.j  0. +0.j  0. +0.j  0. +0.j]
 [ 0. +0.j  0.5+0.j -0.5+0.j  0. +0.j]
 [ 0. +0.j -0.5+0.j  0.5+0.j  0. +0.j]
 [ 0. +0.j  0. +0.j  0. +0.j  0. +0.j]], product state: [[ 9.53615932e-01+0.j          1.13759230e-01+0.1119167j
   8.57993102e-02+0.10437118j -2.01382370e-03+0.02252014j]
 [ 1.13759230e-01-0.1119167j   2.67052054e-02+0.j
   2.24842524e-02+0.00238126j  2.40273692e-03+0.00292283j]
 [ 8.57993102e-02-0.10437118j  2.24842524e-02-0.00238126j
   1.91427855e-02+0.j          2.28359077e-03+0.0022466j ]
 [-2.01382370e-03-0.02252014j  2.40273692e-03-0.00292283j
   2.28359077e-03-0.0022466j   5.36077473e-04+0.j        ]]
Hamiltonian equals product state? [[False False False False]
 [False False False False]
 [False False False False]
 [False False False False]]
Hamiltonian: [[ 0. +0.j  0. +0.j  0. +0.j  0. +0.j]
 [ 0. +0.j  0.5+0.j -0.5+0.j  0. +0.j]
 [ 0. +0.j -0.5+0.j  0.5+0.j  0. +0.j]
 [ 0. +0.j  0. +0.j  0. +0.j  0. +0.j]], product state: [[ 2.26029678e-02+0.00000000e+00j  2.35588813e-03+2.56121597e-03j
  -9.94029941e-02-1.08109908e-01j  1.88959645e-03-2.25318811e-02j]
 [ 2.35588813e-03-2.56121597e-03j  5.35771948e-04+0.00000000e+00j
  -2.26109757e-02-4.52651963e-06j -2.35620987e-03-2.56259516e-03j]
 [-9.94029941e-02+1.08109908e-01j -2.26109757e-02+4.52651963e-06j
   9.54242273e-01+0.00000000e+00j  9.94598613e-02+1.08128303e-01j]
 [ 1.88959645e-03+2.25318811e-02j -2.35620987e-03+2.56259516e-03j
   9.94598613e-02-1.08128303e-01j  2.26189873e-02+0.00000000e+00j]]
Hamiltonian equals product state? [[False False False False]
 [False False False False]
 [False False False False]
 [False False False False]]
Hamiltonian: [[ 0. +0.j  0. +0.j  0. +0.j  0. +0.j]
 [ 0. +0.j  0.5+0.j -0.5+0.j  0. +0.j]
 [ 0. +0.j -0.5+0.j  0.5+0.j  0. +0.j]
 [ 0. +0.j  0. +0.j  0. +0.j  0. +0.j]], product state: [[ 1.76892121e-02+0.j         -9.41286971e-02-0.09003612j
   1.84373155e-03+0.00200442j  3.91332101e-04-0.02005042j]
 [-9.41286971e-02+0.09003612j  9.59156029e-01+0.j
  -2.00132403e-02-0.00128164j  9.99720179e-02+0.1086851j ]
 [ 1.84373155e-03-0.00200442j -2.00132403e-02+0.00128164j
   4.19298197e-04+0.j         -2.23118999e-03-0.00213418j]
 [ 3.91332101e-04+0.02005042j  9.99720179e-02-0.1086851j
  -2.23118999e-03+0.00213418j  2.27354610e-02+0.j        ]]
Hamiltonian equals product state? [[False False False False]
 [False False False False]
 [False False False False]
 [False False False False]]
Hamiltonian: [[ 0. +0.j  0. +0.j  0. +0.j  0. +0.j]
 [ 0. +0.j  0.5+0.j -0.5+0.j  0. +0.j]
 [ 0. +0.j -0.5+0.j  0.5+0.j  0. +0.j]
 [ 0. +0.j  0. +0.j  0. +0.j  0. +0.j]], product state: [[ 2.26033244e-02+0.00000000e+00j  2.35462771e-03+2.56083890e-03j
  -9.94045622e-02-1.08111613e-01j  1.89333599e-03-2.25241943e-02j]
 [ 2.35462771e-03-2.56083890e-03j  5.35415379e-04+0.00000000e+00j
  -2.26036291e-02-1.56202926e-07j -2.35464175e-03-2.56088969e-03j]
 [-9.94045622e-02+1.08111613e-01j -2.26036291e-02+1.56202926e-07j
   9.54257326e-01+0.00000000e+00j  9.94066494e-02+1.08112384e-01j]
 [ 1.89333599e-03+2.25241943e-02j -2.35464175e-03+2.56088969e-03j
   9.94066494e-02-1.08112384e-01j  2.26039338e-02+0.00000000e+00j]]
Hamiltonian equals product state? [[False False False False]
 [False False False False]
 [False False False False]
 [False False False False]]
Hamiltonian: [[ 0. +0.j  0. +0.j  0. +0.j  0. +0.j]
 [ 0. +0.j  0.5+0.j -0.5+0.j  0. +0.j]
 [ 0. +0.j -0.5+0.j  0.5+0.j  0. +0.j]
 [ 0. +0.j  0. +0.j  0. +0.j  0. +0.j]], product state: [[ 5.24987458e-04+0.j         -2.79358883e-03-0.00267213j
  -1.93987739e-03-0.00233838j -1.57950596e-03+0.02231684j]
 [-2.79358883e-03+0.00267213j  2.84662133e-02+0.j
   2.22246460e-02+0.00256932j -1.05185300e-01-0.12679298j]
 [-1.93987739e-03+0.00233838j  2.22246460e-02-0.00256932j
   1.75835229e-02+0.j         -9.35662983e-02-0.08949817j]
 [-1.57950596e-03-0.02231684j -1.05185300e-01+0.12679298j
  -9.35662983e-02+0.08949817j  9.53425276e-01+0.j        ]]
Hamiltonian equals product state? [[False False False False]
 [False False False False]
 [False False False False]
 [False False False False]]
Hamiltonian: [[ 0. +0.j  0. +0.j  0. +0.j  0. +0.j]
 [ 0. +0.j  0.5+0.j -0.5+0.j  0. +0.j]
 [ 0. +0.j -0.5+0.j  0.5+0.j  0. +0.j]
 [ 0. +0.j  0. +0.j  0. +0.j  0. +0.j]], product state: [[ 2.26029793e-02+0.00000000e+00j  2.35585616e-03+2.56119571e-03j
  -9.94030448e-02-1.08109963e-01j  1.88964015e-03-2.25316391e-02j]
 [ 2.35585616e-03-2.56119571e-03j  5.35760420e-04+0.00000000e+00j
  -2.26107382e-02-4.46269755e-06j -2.35615917e-03-2.56254002e-03j]
 [-9.94030448e-02+1.08109963e-01j -2.26107382e-02+4.46269755e-06j
   9.54242760e-01+0.00000000e+00j  9.94585116e-02+1.08127447e-01j]
 [ 1.88964015e-03+2.25316391e-02j -2.35615917e-03+2.56254002e-03j
   9.94585116e-02-1.08127447e-01j  2.26185006e-02+0.00000000e+00j]]
Hamiltonian equals product state? [[False False False False]
 [False False False False]
 [False False False False]
 [False False False False]]
Hamiltonian: [[ 0. +0.j  0. +0.j  0. +0.j  0. +0.j]
 [ 0. +0.j  0.5+0.j -0.5+0.j  0. +0.j]
 [ 0. +0.j -0.5+0.j  0.5+0.j  0. +0.j]
 [ 0. +0.j  0. +0.j  0. +0.j  0. +0.j]], product state: [[ 2.27003864e-02+0.j         -9.98146171e-02-0.10851453j
   2.04241291e-03+0.00248451j  2.89609723e-03-0.02068783j]
 [-9.98146171e-02+0.10851453j  9.57620751e-01+0.j
  -2.08572596e-02-0.00116116j  8.61596342e-02+0.1048095j ]
 [ 2.04241291e-03-0.00248451j -2.08572596e-02+0.00116116j
   4.55685158e-04+0.j         -2.00366808e-03-0.00217831j]
 [ 2.89609723e-03+0.02068783j  8.61596342e-02-0.1048095j
  -2.00366808e-03+0.00217831j  1.92231778e-02+0.j        ]]
Hamiltonian equals product state? [[False False False False]
 [False False False False]
 [False False False False]
 [False False False False]]
Hamiltonian: [[ 0. +0.j  0. +0.j  0. +0.j  0. +0.j]
 [ 0. +0.j  0.5+0.j -0.5+0.j  0. +0.j]
 [ 0. +0.j -0.5+0.j  0.5+0.j  0. +0.j]
 [ 0. +0.j  0. +0.j  0. +0.j  0. +0.j]], product state: [[ 2.83199165e-02+0.j         -1.04644720e-01-0.12614135j
   2.95176083e-03+0.00320902j  3.38645746e-03-0.02500524j]
 [-1.04644720e-01+0.12614135j  9.48525324e-01+0.j
  -2.52005180e-02+0.00128997j  9.88639886e-02+0.1074805j ]
 [ 2.95176083e-03-0.00320902j -2.52005180e-02-0.00128997j
   6.71284274e-04+0.j         -2.48045770e-03-0.00299001j]
 [ 3.38645746e-03+0.02500524j  9.88639886e-02-0.1074805j
  -2.48045770e-03+0.00299001j  2.24834750e-02+0.j        ]]
Energy of rounded cut: 6.4999992939803155
Check the cut: [1, -1, -1, 1, -1, 1, 1, -1, -1, 1]
13 in cut out of a total of 15 edges
Warm-start: SDP solve + rounding finished in 0.09 seconds
Warm-start: statevector build finished in 0.00 seconds
warm_start_correlations: None
Edges: [(1, 3), (0, 1), (2, 3), (5, 8), (1, 9), (5, 7), (2, 9), (0, 3), (4, 6), (6, 8), (4, 9), (7, 8), (4, 5), (0, 2), (6, 7)], weights: [1.0, 1.0, 1.0, 1.0, 1.0, 1.0, 1.0, 1.0, 1.0, 1.0, 1.0, 1.0, 1.0, 1.0, 1.0], set of nodes: {0, 1, 2, 3, 4, 5, 6, 7, 8, 9}, n: 10 nodes, p: 1 layers, N_bayes: 200 iterations
Initial state injected as warm start
Initial state energy for vector-normalised SDP solution used as warm start: 4.498578731991363
Running ADAM optimization with a single iteration (no debug loop)
ADAM optimizer configured with maxiter=200 and learning_rate=0.05
Generated 4 random initial parameter sets for ADAM optimization
Using random initial parameters with:
Param_type 1:  [1.9472256]
Param_type 2:  [2.75617784]
Param_type 3:  [-2.98122335]
Param_type 4:  [-3.10400166]
Energies observed during ADAM optimization: [4.333778041278591, 4.333778041204915, 4.333778041281561, 4.333778041278598, 4.333778041268119, 4.365131439437379, 4.36513143937349, 4.365131439437069, 4.365131439437382, 4.36513143940249, 4.412605358013095, 4.412605357940491, 4.412605358013596, 4.4126053580131, 4.412605357993468, 4.450036352412742, 4.450036352355937, 4.4500363524180395, 4.450036352412747, 4.450036352419339, 4.467400923021685, 4.467400922997988, 4.4674009230328995, 4.467400923021678, 4.467400923051975, 4.474403249449054, 4.474403249451801, 4.474403249461697, 4.474403249449062, 4.474403249488405, 4.480103786848841, 4.480103786862398, 4.480103786859287, 4.480103786848847, 4.4801037868854054, 4.486339074163678, 4.486339074176634, 4.486339074170527, 4.486339074163676, 4.486339074191484, 4.491891097306341, 4.491891097314267, 4.491891097309979, 4.491891097306336, 4.491891097324507, 4.49575992179929, 4.4957599218028985, 4.495759921801001, 4.495759921799297, 4.495759921809735, 4.497867764815342, 4.497867764817774, 4.497867764816146, 4.497867764815339, 4.497867764820309, 4.498266087831616, 4.498266087836522, 4.498266087831679, 4.4982660878316185, 4.498266087832437, 4.4973833149696505, 4.4973833149779034, 4.497383314971323, 4.497383314969657, 4.4973833149690385, 4.497524346111013, 4.497524346118184, 4.497524346115081, 4.497524346111005, 4.49752434611269, 4.499426611595274, 4.499426611597394, 4.499426611601303, 4.499426611595277, 4.4994266115999775, 4.503034966054564, 4.503034966047876, 4.503034966061363, 4.5030349660545665, 4.50303496606166, 4.50795383689854, 4.507953836879621, 4.507953836904431, 4.507953836898545, 4.507953836906267, 4.513981077528088, 4.513981077494348, 4.513981077531304, 4.513981077528091, 4.5139810775341065, 4.521764770660117, 4.52176477061093, 4.5217647706594235, 4.521764770660116, 4.5217647706625295, 4.532941626926477, 4.532941626864924, 4.5329416269220095, 4.532941626926472, 4.532941626924967, 4.548844680443555, 4.548844680377407, 4.5488446804371625, 4.548844680443551, 4.548844680439831, 4.56818254169309, 4.568182541633239, 4.568182541687523, 4.568182541693084, 4.568182541689345, 4.586283253482784, 4.586283253440308, 4.5862832534801115, 4.586283253482778, 4.586283253479104, 4.597210187857149, 4.597210187840779, 4.597210187857643, 4.597210187857147, 4.597210187850527, 4.597266763742923, 4.597266763756759, 4.597266763745453, 4.597266763742927, 4.597266763729395, 4.588518377828723, 4.588518377870193, 4.588518377832335, 4.588518377828714, 4.588518377807587, 4.578808820994098, 4.578808821054024, 4.578808820999331, 4.578808820994098, 4.578808820970631, 4.5749973269232616, 4.574997326989821, 4.574997326931213, 4.574997326923271, 4.5749973269062005, 4.577745787014989, 4.577745787078221, 4.577745787025659, 4.577745787014992, 4.577745787011565, 4.5841037842523455, 4.584103784305922, 4.584103784264106, 4.584103784252347, 4.584103784264156, 4.591943648886295, 4.591943648926586, 4.5919436488966126, 4.591943648886298, 4.591943648906715, 4.599710310374064, 4.599710310397886, 4.599710310380557, 4.5997103103740535, 4.599710310390463, 4.603930537305613, 4.603930537309881, 4.6039305373069315, 4.603930537305611, 4.603930537306531, 4.602420678191121, 4.602420678175467, 4.602420678187731, 4.602420678191125, 4.602420678174326, 4.598662290588494, 4.598662290558326, 4.598662290582958, 4.598662290588493, 4.59866229056458, 4.596782970082048, 4.596782970046904, 4.596782970077165, 4.5967829700820415, 4.596782970067444, 4.595816883783021, 4.595816883751161, 4.595816883780078, 4.595816883783024, 4.595816883788952, 4.594407806612591, 4.594407806586724, 4.594407806611146, 4.5944078066125975, 4.594407806637283, 4.594969278686468, 4.594969278663999, 4.5949692786853396, 4.594969278686465, 4.594969278715787, 4.598172084962492, 4.598172084940464, 4.5981720849607965, 4.598172084962488, 4.598172084980808, 4.60114017302303, 4.601140173001636, 4.6011401730204495, 4.6011401730230315, 4.601140173022102, 4.602321666199484, 4.602321666182583, 4.602321666196625, 4.602321666199481, 4.602321666182418, 4.603037427309589, 4.603037427302219, 4.603037427307617, 4.603037427309586, 4.603037427288659, 4.603584288638467, 4.603584288643367, 4.603584288638258, 4.603584288638472, 4.603584288626383, 4.6027130521548765, 4.602713052170976, 4.602713052156425, 4.602713052154876, 4.602713052157218, 4.600872809076849, 4.600872809100399, 4.6008728090795294, 4.600872809076837, 4.600872809089854, 4.600044094424089, 4.600044094450437, 4.600044094427063, 4.600044094424088, 4.600044094437777, 4.600685747307316, 4.6006857473320135, 4.600685747309853, 4.600685747307317, 4.600685747312288, 4.6016485147109725, 4.601648514730416, 4.601648514712612, 4.601648514710979, 4.601648514703979, 4.602467946103267, 4.602467946115433, 4.602467946103921, 4.602467946103269, 4.602467946088918, 4.603419148306056, 4.6034191483110805, 4.603419148305946, 4.6034191483060605, 4.603419148293385, 4.60403833654583, 4.604038336545348, 4.604038336545246, 4.604038336545834, 4.604038336542192, 4.603725820741751, 4.603725820737394, 4.603725820740866, 4.603725820741757, 4.603725820748436, 4.602994211176825, 4.602994211169129, 4.6029942111756235, 4.60299421117683, 4.602994211188588, 4.60262075812818, 4.602620758116922, 4.602620758126548, 4.602620758128176, 4.602620758137224, 4.602539206640323, 4.602539206625956, 4.60253920663827, 4.602539206640325, 4.602539206641763, 4.6025845771139995, 4.6025845770985825, 4.6025845771117515, 4.602584577113994, 4.602584577108769, 4.602994966885151, 4.602994966871886, 4.602994966883121, 4.60299496688515, 4.6029949668787005, 4.603634780988318, 4.603634780979959, 4.603634780986892, 4.60363478098832, 4.603634780986199, 4.603989574841748, 4.603989574839362, 4.603989574841094, 4.603989574841749, 4.603989574845517, 4.603990835907807, 4.603990835910717, 4.603990835907819, 4.603990835907806, 4.6039908359143045, 4.60387524377257, 4.603875243779226, 4.603875243772983, 4.603875243772563, 4.603875243776644, 4.603662497749809, 4.603662497758594, 4.603662497750366, 4.603662497749818, 4.603662497748331, 4.603429083997504, 4.60342908400715, 4.603429083998043, 4.6034290839975, 4.603429083991562, 4.603443150362437, 4.6034431503719615, 4.603443150362964, 4.603443150362441, 4.603443150356228, 4.6036997149758685, 4.603699714984416, 4.6036997149763845, 4.603699714975863, 4.60369971497344, 4.603942435935053, 4.603942435941675, 4.603942435935515, 4.603942435935055, 4.603942435937322, 4.604096160426949, 4.604096160430634, 4.604096160427163, 4.604096160426948, 4.604096160431342, 4.60417928004345, 4.604179280043396, 4.6041792800431995, 4.604179280043451, 4.604179280046179, 4.604117652435658, 4.604117652431908, 4.604117652434896, 4.604117652435661, 4.604117652434815, 4.603969090474522, 4.603969090468151, 4.603969090473394, 4.603969090474524, 4.6039690904713515, 4.603911894140681, 4.603911894133506, 4.603911894139515, 4.603911894140686, 4.603911894138394, 4.6039555344685095, 4.603955534462183, 4.603955534467572, 4.603955534468515, 4.603955534469422, 4.604028404257227, 4.604028404252626, 4.604028404256628, 4.60402840425722, 4.604028404260923, 4.604142078747915, 4.604142078745123, 4.6041420787475404, 4.60414207874791, 4.604142078751684, 4.604250001884665, 4.604250001883556, 4.604250001884398, 4.604250001884661, 4.6042500018858, 4.604258480688643, 4.6042584806891975, 4.6042584806884115, 4.604258480688643, 4.604258480686603, 4.6042057608894655, 4.6042057608918, 4.604205760889373, 4.604205760889462, 4.60420576088615, 4.604169370667852, 4.6041693706718245, 4.604169370668037, 4.6041693706678455, 4.604169370665886, 4.604147354151754, 4.604147354156747, 4.60414735415222, 4.604147354151757, 4.604147354152324, 4.604155704513399, 4.604155704518327, 4.604155704513957, 4.604155704513402, 4.604155704515464, 4.604217878932158, 4.6042178789359, 4.604217878932566, 4.604217878932167, 4.604217878933539, 4.604276919155463, 4.604276919157234, 4.604276919155527, 4.604276919155456, 4.6042769191548, 4.60428920200801, 4.604289202007796, 4.604289202007762, 4.604289202008009, 4.604289202005919, 4.604281836196784, 4.604281836195097, 4.6042818361964235, 4.604281836196783, 4.604281836195156, 4.604263236894271, 4.604263236891814, 4.604263236893967, 4.604263236894269, 4.604263236894584, 4.60423558093489, 4.6042355809321895, 4.6042355809346756, 4.604235580934901, 4.604235580936918, 4.604235116642488, 4.604235116639792, 4.6042351166423, 4.604235116642499, 4.604235116644603, 4.60426259115551, 4.604262591153016, 4.604262591155255, 4.6042625911555115, 4.6042625911561466, 4.604284937020022, 4.604284937018144, 4.604284937019733, 4.604284937020023, 4.6042849370190355, 4.604298479561931, 4.604298479561151, 4.60429847956174, 4.604298479561932, 4.604298479560484, 4.604302403495205, 4.604302403495772, 4.60430240349524, 4.604302403495206, 4.604302403494673, 4.6042872422193195, 4.604287242221087, 4.604287242219598, 4.604287242219324, 4.60428724222002, 4.604271897131014, 4.60427189713337, 4.604271897131385, 4.604271897131015, 4.604271897132034, 4.604273109839925, 4.604273109842218, 4.60427310984024, 4.604273109839933, 4.604273109840118, 4.604281225611444, 4.6042812256131525, 4.604281225611609, 4.604281225611452, 4.604281225610497, 4.604292061035001, 4.604292061035951, 4.6042920610350615, 4.6042920610349976, 4.604292061033718, 4.6043028464328986, 4.604302846433112, 4.6043028464329305, 4.6043028464328986, 4.604302846432366, 4.6043016877331215, 4.6043016877327165, 4.604301687733166, 4.604301687733132, 4.604301687733725, 4.604293013440705, 4.604293013439716, 4.6042930134407305, 4.604293013440694, 4.604293013441786, 4.604288500224245, 4.604288500222788, 4.6042885002241825, 4.604288500224243, 4.6042885002248495, 4.604287566402586, 4.604287566400901, 4.6042875664024265, 4.604287566402586, 4.60428756640231, 4.604291389620487, 4.60429138961901, 4.604291389620319, 4.604291389620493, 4.604291389619834, 4.604299544432663, 4.604299544431793, 4.604299544432605, 4.604299544432659, 4.60429954443243, 4.604303102837327, 4.60430310283721, 4.604303102837395, 4.604303102837334, 4.604303102837749, 4.604301354557233, 4.604301354557759, 4.6043013545573945, 4.60430135455723, 4.604301354557858, 4.60429877240532, 4.6042987724062066, 4.60429877240548, 4.6042987724053255, 4.604298772405428, 4.604295724132739, 4.604295724133743, 4.60429572413286, 4.604295724132737, 4.604295724132181, 4.604295846352009, 4.604295846352932, 4.604295846352109, 4.604295846352004, 4.604295846351269, 4.604300025212761, 4.6043000252135196, 4.604300025212863, 4.60430002521275, 4.604300025212494, 4.60430306184419, 4.604303061844668, 4.604303061844311, 4.60430306184419, 4.6043030618445275, 4.604304144864011, 4.604304144864038, 4.604304144864093, 4.604304144864009, 4.604304144864502, 4.604303681913524, 4.604303681913059, 4.60430368191352, 4.604303681913527, 4.604303681913624, 4.604301396609756, 4.604301396608933, 4.604301396609666, 4.604301396609762, 4.604301396609441, 4.604300722755971, 4.604300722755062, 4.604300722755868, 4.604300722755975, 4.604300722755696, 4.604302208979769, 4.604302208979057, 4.604302208979722, 4.604302208979772, 4.604302208979901, 4.604303797280979, 4.604303797280591, 4.604303797280985, 4.604303797280974, 4.604303797281417, 4.604305320162394, 4.604305320162299, 4.604305320162425, 4.604305320162397, 4.604305320162681, 4.604305412808731, 4.604305412808891, 4.604305412808761, 4.604305412808739, 4.604305412808581, 4.604304137610548, 4.604304137610898, 4.604304137610568, 4.604304137610551, 4.604304137610116, 4.60430363866214, 4.6043036386626826, 4.604303638662194, 4.604303638662136, 4.604303638661898, 4.60430378150257, 4.604303781503152, 4.604303781502658, 4.604303781502559, 4.604303781502695, 4.604304567437647, 4.604304567438101, 4.604304567437725, 4.6043045674376435, 4.604304567437897, 4.604305693099372, 4.604305693099573, 4.604305693099399, 4.604305693099369, 4.60430569309941, 4.604305766624579, 4.604305766624458, 4.604305766624556, 4.604305766624578, 4.6043057666243525, 4.604305322767352, 4.604305322767032, 4.604305322767309, 4.604305322767352, 4.60430532276716, 4.604304925595611, 4.604304925595235, 4.604304925595574, 4.604304925595607, 4.604304925595697, 4.6043046771431095, 4.604304677142745, 4.60430467714309, 4.604304677143109, 4.604304677143387, 4.604305139897404, 4.604305139897099, 4.604305139897382, 4.604305139897409, 4.604305139897596, 4.604305663919418, 4.604305663919218, 4.604305663919395, 4.604305663919418, 4.6043056639193365, 4.604305774994851, 4.604305774994795, 4.604305774994818, 4.604305774994848, 4.604305774994623, 4.604305706556274, 4.604305706556434, 4.604305706556278, 4.60430570655627, 4.604305706556218, 4.60430529280725, 4.604305292807557, 4.604305292807282, 4.604305292807257, 4.604305292807396, 4.604305160806707, 4.604305160807054, 4.604305160806734, 4.604305160806706, 4.60430516080681, 4.60430536966177, 4.604305369662044, 4.604305369661785, 4.6043053696617635, 4.604305369661686, 4.604305614098175, 4.60430561409832, 4.604305614098155, 4.604305614098179, 4.604305614097983, 4.604305854433001, 4.6043058544330355, 4.604305854432992, 4.604305854432994, 4.604305854432942, 4.60430574511252, 4.604305745112446, 4.6043057451125184, 4.60430574511252, 4.604305745112667, 4.604305550002957, 4.604305550002763, 4.604305550002932, 4.604305550002946, 4.6043055500030965, 4.604305498360764, 4.604305498360521, 4.604305498360737, 4.604305498360764, 4.604305498360768, 4.604305562650393, 4.604305562650174, 4.604305562650353, 4.604305562650391, 4.604305562650286, 4.604305784392057, 4.60430578439193, 4.604305784392021, 4.604305784392046, 4.604305784392032, 4.604305868773635, 4.604305868773645, 4.604305868773626, 4.604305868773631, 4.604305868773731, 4.604305815937906, 4.604305815938026, 4.604305815937913, 4.6043058159379, 4.604305815937999, 4.6043057292938405, 4.604305729293997, 4.604305729293849, 4.604305729293839, 4.6043057292937934, 4.604305659222573, 4.604305659222741, 4.604305659222565, 4.604305659222573, 4.604305659222441, 4.604305757544189, 4.604305757544357, 4.604305757544205, 4.604305757544195, 4.604305757544142, 4.604305865756871, 4.604305865756977, 4.604305865756875, 4.60430586575687, 4.604305865756937, 4.604305922733956, 4.6043059227339755, 4.604305922733959, 4.604305922733957, 4.604305922734035, 4.604305891827831, 4.604305891827742, 4.6043058918278135, 4.604305891827834, 4.604305891827805, 4.604305808993129, 4.604305808992973, 4.60430580899311, 4.604305808993123, 4.604305808993045, 4.6043058162211, 4.604305816220955, 4.604305816221073, 4.604305816221108, 4.604305816221131, 4.6043058575113935, 4.604305857511303, 4.604305857511384, 4.6043058575113855, 4.604305857511477, 4.604305924452864, 4.604305924452833, 4.604305924452869, 4.604305924452861, 4.604305924452917, 4.604305926823637, 4.604305926823654, 4.604305926823644, 4.604305926823638, 4.604305926823587, 4.604305877485973, 4.604305877486042, 4.6043058774859755, 4.604305877485971, 4.604305877485885, 4.604305858499633, 4.60430585849975, 4.604305858499656, 4.6043058584996315, 4.6043058584996235, 4.60430585885848, 4.60430585885859, 4.604305858858501, 4.60430585885848, 4.604305858858557, 4.6043059133121425, 4.604305913312191, 4.604305913312144, 4.6043059133121425, 4.604305913312146, 4.604305920589131, 4.604305920589118, 4.604305920589134, 4.60430592058912, 4.604305920589067, 4.604305912856872, 4.604305912856827, 4.604305912856868, 4.60430591285688, 4.604305912856847, 4.604305890208959, 4.604305890208893, 4.604305890208974, 4.6043058902089635, 4.604305890208995, 4.604305878859666, 4.604305878859589, 4.604305878859662, 4.6043058788596705, 4.60430587885971, 4.604305898980644, 4.604305898980561, 4.604305898980632, 4.604305898980644, 4.604305898980639, 4.604305924778915, 4.604305924778872, 4.604305924778915, 4.604305924778915, 4.6043059247789015, 4.604305932729423, 4.604305932729429, 4.604305932729425, 4.604305932729414, 4.604305932729405, 4.604305917074277, 4.604305917074338, 4.604305917074291, 4.604305917074278, 4.604305917074291, 4.604305907307104, 4.604305907307169, 4.60430590730712, 4.6043059073071095, 4.604305907307112, 4.604305914849926, 4.604305914849988, 4.60430591484993, 4.604305914849932, 4.604305914849906, 4.60430593059391, 4.604305930593938, 4.604305930593913, 4.604305930593906, 4.604305930593881, 4.604305940680701, 4.6043059406807085, 4.6043059406807085, 4.604305940680694, 4.604305940680705, 4.604305932545162, 4.604305932545131, 4.604305932545163, 4.604305932545165, 4.604305932545182, 4.604305920443696, 4.604305920443628, 4.6043059204436965, 4.604305920443702, 4.60430592044371, 4.604305920060454, 4.6043059200604, 4.604305920060453, 4.6043059200604475, 4.604305920060433, 4.60430593125282, 4.604305931252785, 4.60430593125281, 4.604305931252817, 4.6043059312528145, 4.604305938659915, 4.60430593865992, 4.6043059386599205, 4.604305938659915, 4.604305938659952, 4.60430594101936, 4.60430594101938, 4.60430594101936, 4.604305941019366, 4.604305941019356, 4.604305935726502, 4.604305935726522, 4.604305935726495, 4.6043059357265, 4.604305935726479, 4.604305933946053, 4.604305933946085, 4.604305933946051, 4.604305933946056, 4.6043059339460415, 4.604305933797047, 4.604305933797073, 4.604305933797043, 4.604305933797046, 4.604305933797067, 4.604305937224036, 4.604305937224066, 4.604305937224033, 4.604305937224037, 4.6043059372240425, 4.604305940336071, 4.604305940336064, 4.60430594033608, 4.60430594033606, 4.60430594033606, 4.604305939462109, 4.60430593946209, 4.604305939462103, 4.604305939462107, 4.604305939462104, 4.6043059384683795, 4.604305938468371, 4.60430593846838, 4.604305938468379, 4.604305938468388, 4.604305937874153, 4.604305937874133, 4.604305937874142, 4.604305937874152, 4.604305937874153, 4.604305939423325, 4.604305939423307, 4.604305939423315, 4.604305939423313, 4.6043059394233365, 4.604305941365529, 4.604305941365539, 4.604305941365527, 4.604305941365534, 4.604305941365536, 4.604305940460204, 4.604305940460216, 4.604305940460199, 4.604305940460206, 4.604305940460192, 4.6043059401280555, 4.604305940128076, 4.604305940128049, 4.604305940128056, 4.604305940128043, 4.604305940039881, 4.604305940039907, 4.604305940039895, 4.604305940039884, 4.604305940039895, 4.604305942276401, 4.604305942276417, 4.604305942276412, 4.604305942276402, 4.604305942276413, 4.604305938226587, 4.604305938226554, 4.6043059382265685, 4.604305938226581, 4.6043059382265525, 4.6043059409366185, 4.604305940936601, 4.604305940936622, 4.604305940936622, 4.6043059409366185, 4.604305937672676, 4.604305937672683, 4.604305937672685, 4.604305937672663, 4.60430593767271, 4.604305941165878, 4.604305941165862, 4.604305941165875, 4.604305941165877, 4.604305941165872, 4.604305941232011, 4.604305941231992, 4.604305941232003, 4.60430594123201, 4.604305941232, 4.604305941597363, 4.6043059415973575, 4.6043059415973575, 4.6043059415973575, 4.6043059415973495, 4.604305936637331, 4.604305936637353, 4.6043059366373384, 4.604305936637339, 4.604305936637358, 4.6043059372150035, 4.604305937215023, 4.604305937215004, 4.604305937215008, 4.604305937215012, 4.604305935356633, 4.604305935356653, 4.604305935356638, 4.604305935356642, 4.604305935356598, 4.604305940089377]
Total optimisation time observed during ADAM optimization: 42.386104 seconds
Median time per evaluation during ADAM optimization: 0.202365 seconds
4.604305940089377
QAOA optimisation for n=7 took 53.04 seconds; started at 1777573650.05002 and finished at 1777573703.0896199
Finished QAOA for n=10 nodes, m=15 edges at 2026-04-30 20:28:23 on Apple M4. Time taken: 53.04 seconds. Hours: 0.01 hours. Peak RAM: 366.42 MB.
Unknown graph type for approximation ratio calculation; skipping approx ratio computation.
CSV writing for n=7 took 0.00 seconds; started at 1777573703.089622 and finished at 1777573703.090118
results: {7: 4.604305940089377}
durations: {10: 53.03960394859314}
Results saved to: logs/adam/qaoa_results_adam_20260430_200911.csv
Global end time: 1777573703.090121
Finalisation time: 0.00 seconds; started at 1777573703.090119 and finished at 1777573703.090123
Sum of all section times: 53.20 seconds
