2026-04-30 21:17:05.496 system_profiler[99569:1271476] hw.cpufamily: 0x6f5129ac
Starting QAOA benchmark with global start time: 1777576625.422108
Benchmark parameters: {'optimiser': 'adam', 'circuit_type': 'hamqaoa', 'parameter_vector': [1, 1, 1], 'iterations_list': [50, 100, 200, 500], 'learning_rate_adam': 0.05, 'depth_list': [1, 2, 5, 10], 'n_start': 0, 'n_end': 30, 'singlet_injection': False, 'start_index_singlet': 0, 'warm_start': True, 'compare_with_010101': False, 'warm_start_correlations': False, 'init_QAOAparams_close_to_zero': False, 'use_correlations_as_initial_params': False, 'time_limit': 10800, 'failed_instance_termination_thrsh': 10, 'graph_generation_type': 'HOG', 'weighted': False, 'easiest_first': True, 'cpu_util_threshold': 90, 'debug': False, 'save_circuit_svg': False, 'rerun_exclude_finished_instances': False, 'optimiser_debug_iterations': 1, 'relative_graph_adjList_path': '/Users/julian_dev/Projects/MasterThesis/QAOA/HOG_graphs/list_27_graphs_adjacency_list.txt'}, Running QAOA with equal superposition
Benchmark run ID: 6d91bb2d
Processor: Apple M4
Hostname: Mac-mini-som-tillhor-Julian.local
Total RAM (GB): 16.0
Physical cores: 10
Logical cores: 10
Python version: 3.13.1
Initialisation time: 0.09 seconds; started at {'initialisation': 0.09218931198120117} and finished at 1777576625.514305
Loaded HOG graph index 24 with 15 edges.
Instance generation for n=24 took 0.00 seconds; started at 1777576625.51431 and finished at 1777576625.514603
Running QAOA for n=10 nodes, m=15 edges...; Max iterations: 50
Warm-start: using parameter_vector=[1, 1, 1]
Warm-start: starting SDP solve for n_vertices=10
Starting SDP solve (solver preference: MOSEK, fallback: SCS) for n_vertices=10, matrix_dim=30, edges=15
Finished SDP solve with MOSEK. status=optimal. elapsed_seconds=0.07
Rounding...
n_vertices: 10 for n = 30
Using seed None to generate random matrix for x.
r_0: [-0.47222724  0.27398304  0.83781545]
Product state qubit 0: [[ 0.91890772+0.j         -0.23611362-0.13699152j]
 [-0.23611362+0.13699152j  0.08109228+0.j        ]]
Diagonal entries of product state 0: [0.91890772 0.08109228]
r_1: [ 0.47222912 -0.27398119 -0.83781499]
Product state qubit 1: [[0.0810925 +0.j        0.23611456+0.1369906j]
 [0.23611456-0.1369906j 0.9189075 +0.j       ]]
Diagonal entries of product state 1: [0.0810925 0.9189075]
r_2: [ 0.02455602  0.03710351 -0.99900968]
Product state qubit 2: [[4.95162244e-04+0.j         1.22780091e-02-0.01855175j]
 [1.22780091e-02+0.01855175j 9.99504838e-01+0.j        ]]
Diagonal entries of product state 2: [4.95162244e-04 9.99504838e-01]
r_3: [ 0.80524205 -0.5296526  -0.26655837]
Product state qubit 3: [[0.36672082+0.j        0.40262103+0.2648263j]
 [0.40262103-0.2648263j 0.63327918+0.j       ]]
Diagonal entries of product state 3: [0.36672082 0.63327918]
r_4: [-0.41577941  0.32649823 -0.84883826]
Product state qubit 4: [[ 0.07558087+0.j         -0.2078897 -0.16324912j]
 [-0.2078897 +0.16324912j  0.92441913+0.j        ]]
Diagonal entries of product state 4: [0.07558087 0.92441913]
r_5: [ 0.70891852 -0.50535114  0.49199061]
Product state qubit 5: [[0.7459953 +0.j         0.35445926+0.25267557j]
 [0.35445926-0.25267557j 0.2540047 +0.j        ]]
Diagonal entries of product state 5: [0.7459953 0.2540047]
r_6: [ 0.43643256 -0.33960573  0.8331834 ]
Product state qubit 6: [[0.9165917 +0.j         0.21821628+0.16980286j]
 [0.21821628-0.16980286j 0.0834083 +0.j        ]]
Diagonal entries of product state 6: [0.9165917 0.0834083]
r_7: [-0.69347799  0.49653691 -0.52205304]
Product state qubit 7: [[ 0.23897348+0.j         -0.346739  -0.24826845j]
 [-0.346739  +0.24826845j  0.76102652+0.j        ]]
Diagonal entries of product state 7: [0.23897348 0.76102652]
r_8: [-0.47222431  0.27397348  0.83782023]
Product state qubit 8: [[ 0.91891011+0.j         -0.23611216-0.13698674j]
 [-0.23611216+0.13698674j  0.08108989+0.j        ]]
Diagonal entries of product state 8: [0.91891011 0.08108989]
r_9: [-0.4722276   0.27398118  0.83781585]
Product state qubit 9: [[ 0.91890793+0.j         -0.2361138 -0.13699059j]
 [-0.2361138 +0.13699059j  0.08109207+0.j        ]]
Diagonal entries of product state 9: [0.91890793 0.08109207]
y_scalar: False
[1, -1, -1, -1, -1, 1, 1, -1, 1, 1]
Hamiltonian equals product state? [[False False False False]
 [False False False False]
 [False False False False]
 [False False False False]]
Hamiltonian: [[ 0. +0.j  0. +0.j  0. +0.j  0. +0.j]
 [ 0. +0.j  0.5+0.j -0.5+0.j  0. +0.j]
 [ 0. +0.j -0.5+0.j  0.5+0.j  0. +0.j]
 [ 0. +0.j  0. +0.j  0. +0.j  0. +0.j]], product state: [[ 0.33698267+0.j         -0.08658785-0.0502373j   0.36997165+0.24335099j
  -0.05878567-0.11768444j]
 [-0.08658785+0.0502373j   0.02973815+0.j         -0.13134309-0.00737385j
   0.03264937+0.02147531j]
 [ 0.36997165-0.24335099j -0.13134309+0.00737385j  0.58192526+0.j
  -0.14952596-0.08675329j]
 [-0.05878567+0.11768444j  0.03264937-0.02147531j -0.14952596+0.08675329j
   0.05135392+0.j        ]]
Hamiltonian equals product state? [[False False False False]
 [False False False False]
 [False False False False]
 [False False False False]]
Hamiltonian: [[ 0. +0.j  0. +0.j  0. +0.j  0. +0.j]
 [ 0. +0.j  0.5+0.j -0.5+0.j  0. +0.j]
 [ 0. +0.j -0.5+0.j  0.5+0.j  0. +0.j]
 [ 0. +0.j  0. +0.j  0. +0.j  0. +0.j]], product state: [[ 0.07451653+0.00000000e+00j  0.21696749+1.25881717e-01j
  -0.01914704-1.11089853e-02j -0.03698331-6.46910385e-02j]
 [ 0.21696749-1.25881717e-01j  0.8443912 +0.00000000e+00j
  -0.07451641-3.47078984e-07j -0.21696658-1.25882536e-01j]
 [-0.01914704+1.11089853e-02j -0.07451641+3.47078984e-07j
   0.00657598+0.00000000e+00j  0.01914707+1.11088793e-02j]
 [-0.03698331+6.46910385e-02j -0.21696658+1.25882536e-01j
   0.01914707-1.11088793e-02j  0.0745163 +0.00000000e+00j]]
Hamiltonian equals product state? [[False False False False]
 [False False False False]
 [False False False False]
 [False False False False]]
Hamiltonian: [[ 0. +0.j  0. +0.j  0. +0.j  0. +0.j]
 [ 0. +0.j  0.5+0.j -0.5+0.j  0. +0.j]
 [ 0. +0.j -0.5+0.j  0.5+0.j  0. +0.j]
 [ 0. +0.j  0. +0.j  0. +0.j  0. +0.j]], product state: [[ 0.68550263+0.j         -0.17613856-0.10219147j  0.3257162 +0.23218614j
  -0.04907894-0.10821599j]
 [-0.17613856+0.10219147j  0.06049267+0.j         -0.11830534-0.01110355j
   0.02874306+0.02048943j]
 [ 0.3257162 -0.23218614j -0.11830534+0.01110355j  0.23340748+0.j
  -0.0599736 -0.03479528j]
 [-0.04907894+0.10821599j  0.02874306-0.02048943j -0.0599736 +0.03479528j
   0.02059721+0.j        ]]
Hamiltonian equals product state? [[False False False False]
 [False False False False]
 [False False False False]
 [False False False False]]
Hamiltonian: [[ 0. +0.j  0. +0.j  0. +0.j  0. +0.j]
 [ 0. +0.j  0.5+0.j -0.5+0.j  0. +0.j]
 [ 0. +0.j -0.5+0.j  0.5+0.j  0. +0.j]
 [ 0. +0.j  0. +0.j  0. +0.j  0. +0.j]], product state: [[ 4.53861602e-04+0.00000000e+00j  1.08052463e-04+8.40799668e-05j
   1.12539212e-02-1.70043831e-02j  5.82940230e-03-1.96345352e-03j]
 [ 1.08052463e-04-8.40799668e-05j  4.13006421e-05+0.00000000e+00j
  -4.70879366e-04-6.13313570e-03j  1.02408789e-03-1.54737025e-03j]
 [ 1.12539212e-02+1.70043831e-02j -4.70879366e-04+6.13313570e-03j
   9.16137836e-01+0.00000000e+00j  2.18108228e-01+1.69718783e-01j]
 [ 5.82940230e-03+1.96345352e-03j  1.02408789e-03+1.54737025e-03j
   2.18108228e-01-1.69718783e-01j  8.33670017e-02+0.00000000e+00j]]
Hamiltonian equals product state? [[False False False False]
 [False False False False]
 [False False False False]
 [False False False False]]
Hamiltonian: [[ 0. +0.j  0. +0.j  0. +0.j  0. +0.j]
 [ 0. +0.j  0.5+0.j -0.5+0.j  0. +0.j]
 [ 0. +0.j -0.5+0.j  0.5+0.j  0. +0.j]
 [ 0. +0.j  0. +0.j  0. +0.j  0. +0.j]], product state: [[ 0.07451654+0.00000000e+00j -0.01914706-1.11089098e-02j
   0.21696754+1.25881745e-01j -0.03698348-6.46908433e-02j]
 [-0.01914706+1.11089098e-02j  0.00657596+0.00000000e+00j
  -0.07451633+1.02349250e-07j  0.01914702+1.11088515e-02j]
 [ 0.21696754-1.25881745e-01j -0.07451633-1.02349250e-07j
   0.84439138+0.00000000e+00j -0.21696674-1.25881680e-01j]
 [-0.03698348+6.46908433e-02j  0.01914702-1.11088515e-02j
  -0.21696674+1.25881680e-01j  0.07451611+0.00000000e+00j]]
Hamiltonian equals product state? [[False False False False]
 [False False False False]
 [False False False False]
 [False False False False]]
Hamiltonian: [[ 0. +0.j  0. +0.j  0. +0.j  0. +0.j]
 [ 0. +0.j  0.5+0.j -0.5+0.j  0. +0.j]
 [ 0. +0.j -0.5+0.j  0.5+0.j  0. +0.j]
 [ 0. +0.j  0. +0.j  0. +0.j  0. +0.j]], product state: [[ 0.17827309+0.j         -0.25866566-0.1852071j   0.08470636+0.06038276j
  -0.06017347-0.17561353j]
 [-0.25866566+0.1852071j   0.56772221+0.j         -0.18563622+0.00038858j
   0.2697529 +0.19229281j]
 [ 0.08470636-0.06038276j -0.18563622-0.00038858j  0.06070039+0.j
  -0.08807333-0.06306135j]
 [-0.06017347+0.17561353j  0.2697529 -0.19229281j -0.08807333+0.06306135j
   0.19330431+0.j        ]]
Hamiltonian equals product state? [[False False False False]
 [False False False False]
 [False False False False]
 [False False False False]]
Hamiltonian: [[ 0. +0.j  0. +0.j  0. +0.j  0. +0.j]
 [ 0. +0.j  0.5+0.j -0.5+0.j  0. +0.j]
 [ 0. +0.j -0.5+0.j  0.5+0.j  0. +0.j]
 [ 0. +0.j  0. +0.j  0. +0.j  0. +0.j]], product state: [[ 4.55008511e-04+0.00000000e+00j -1.16914640e-04-6.78325679e-05j
   1.12823598e-02-1.70473532e-02j -5.44042303e-03+2.69835332e-03j]
 [-1.16914640e-04+6.78325679e-05j  4.01537332e-05+0.00000000e+00j
  -3.57591765e-04+6.06229672e-03j  9.95649215e-04-1.50440015e-03j]
 [ 1.12823598e-02+1.70473532e-02j -3.57591765e-04-6.06229672e-03j
   9.18452918e-01+0.00000000e+00j -2.35996887e-01-1.36922757e-01j]
 [-5.44042303e-03-2.69835332e-03j  9.95649215e-04+1.50440015e-03j
  -2.35996887e-01+1.36922757e-01j  8.10519200e-02+0.00000000e+00j]]
Hamiltonian equals product state? [[False False False False]
 [False False False False]
 [False False False False]
 [False False False False]]
Hamiltonian: [[ 0. +0.j  0. +0.j  0. +0.j  0. +0.j]
 [ 0. +0.j  0.5+0.j -0.5+0.j  0. +0.j]
 [ 0. +0.j -0.5+0.j  0.5+0.j  0. +0.j]
 [ 0. +0.j  0. +0.j  0. +0.j  0. +0.j]], product state: [[ 0.33698259+0.j          0.36997157+0.24335093j -0.08658778-0.05023764j
  -0.05878535-0.11768476j]
 [ 0.36997157-0.24335093j  0.58192513+0.j         -0.13134327+0.00737343j
  -0.14952584-0.08675388j]
 [-0.08658778+0.05023764j -0.13134327-0.00737343j  0.02973823+0.j
   0.03264946+0.02147537j]
 [-0.05878535+0.11768476j -0.14952584+0.08675388j  0.03264946-0.02147537j
   0.05135405+0.j        ]]
Hamiltonian equals product state? [[False False False False]
 [False False False False]
 [False False False False]
 [False False False False]]
Hamiltonian: [[ 0. +0.j  0. +0.j  0. +0.j  0. +0.j]
 [ 0. +0.j  0.5+0.j -0.5+0.j  0. +0.j]
 [ 0. +0.j -0.5+0.j  0.5+0.j  0. +0.j]
 [ 0. +0.j  0. +0.j  0. +0.j  0. +0.j]], product state: [[ 0.0692768 +0.j          0.01649298+0.01283385j -0.19054998-0.14963278j
  -0.01764475-0.07092388j]
 [ 0.01649298-0.01283385j  0.00630407+0.j         -0.07308509-0.00032335j
  -0.01733973-0.01361633j]
 [-0.19054998+0.14963278j -0.07308509+0.00032335j  0.8473149 +0.j
   0.2017233 +0.15696901j]
 [-0.01764475+0.07092388j -0.01733973+0.01361633j  0.2017233 -0.15696901j
   0.07710423+0.j        ]]
Hamiltonian equals product state? [[False False False False]
 [False False False False]
 [False False False False]
 [False False False False]]
Hamiltonian: [[ 0. +0.j  0. +0.j  0. +0.j  0. +0.j]
 [ 0. +0.j  0.5+0.j -0.5+0.j  0. +0.j]
 [ 0. +0.j -0.5+0.j  0.5+0.j  0. +0.j]
 [ 0. +0.j  0. +0.j  0. +0.j  0. +0.j]], product state: [[ 0.07451672+0.00000000e+00j -0.01914693-1.11085977e-02j
   0.21696806+1.25882044e-01j -0.03698362-6.46897090e-02j]
 [-0.01914693+1.11085977e-02j  0.00657578+0.00000000e+00j
  -0.07451541-5.80785093e-07j  0.0191465 +1.11085519e-02j]
 [ 0.21696806-1.25882044e-01j -0.07451541+5.80785093e-07j
   0.84439339+0.00000000e+00j -0.21696523-1.25878144e-01j]
 [-0.03698362+6.46897090e-02j  0.0191465 -1.11085519e-02j
  -0.21696523+1.25878144e-01j  0.07451411+0.00000000e+00j]]
Hamiltonian equals product state? [[False False False False]
 [False False False False]
 [False False False False]
 [False False False False]]
Hamiltonian: [[ 0. +0.j  0. +0.j  0. +0.j  0. +0.j]
 [ 0. +0.j  0.5+0.j -0.5+0.j  0. +0.j]
 [ 0. +0.j -0.5+0.j  0.5+0.j  0. +0.j]
 [ 0. +0.j  0. +0.j  0. +0.j  0. +0.j]], product state: [[ 0.05638297+0.j          0.02679034+0.01909744j -0.15508474-0.12178307j
  -0.03243937-0.11039381j]
 [ 0.02679034-0.01909744j  0.0191979 +0.j         -0.11493749-0.00533651j
  -0.05280496-0.04146604j]
 [-0.15508474+0.12178307j -0.11493749+0.00533651j  0.68961233+0.j
   0.32766892+0.23357813j]
 [-0.03243937+0.11039381j -0.05280496+0.04146604j  0.32766892-0.23357813j
   0.2348068 +0.j        ]]
Hamiltonian equals product state? [[False False False False]
 [False False False False]
 [False False False False]
 [False False False False]]
Hamiltonian: [[ 0. +0.j  0. +0.j  0. +0.j  0. +0.j]
 [ 0. +0.j  0.5+0.j -0.5+0.j  0. +0.j]
 [ 0. +0.j -0.5+0.j  0.5+0.j  0. +0.j]
 [ 0. +0.j  0. +0.j  0. +0.j  0. +0.j]], product state: [[ 0.08763655+0.j         -0.12715641-0.09104521j  0.09621575+0.06328646j
  -0.07385639-0.1917837j ]
 [-0.12715641+0.09104521j  0.27908427+0.j         -0.20535243+0.00813249j
   0.30640528+0.20153984j]
 [ 0.09621575-0.06328646j -0.20535243-0.00813249j  0.15133693+0.j
  -0.21958259-0.15722324j]
 [-0.07385639+0.1917837j   0.30640528-0.20153984j -0.21958259+0.15722324j
   0.48194225+0.j        ]]
Hamiltonian equals product state? [[False False False False]
 [False False False False]
 [False False False False]
 [False False False False]]
Hamiltonian: [[ 0. +0.j  0. +0.j  0. +0.j  0. +0.j]
 [ 0. +0.j  0.5+0.j -0.5+0.j  0. +0.j]
 [ 0. +0.j -0.5+0.j  0.5+0.j  0. +0.j]
 [ 0. +0.j  0. +0.j  0. +0.j  0. +0.j]], product state: [[ 0.06945203+0.j         -0.01784556-0.01035358j -0.19103195-0.15001126j
   0.02672232+0.06702323j]
 [-0.01784556+0.01035358j  0.00612884+0.j          0.07144825+0.01006697j
  -0.01685775-0.01323785j]
 [-0.19103195+0.15001126j  0.07144825-0.01006697j  0.84945809+0.j
  -0.21826659-0.12663316j]
 [ 0.02672232-0.06702323j -0.01685775+0.01323785j -0.21826659+0.12663316j
   0.07496104+0.j        ]]
Hamiltonian equals product state? [[False False False False]
 [False False False False]
 [False False False False]
 [False False False False]]
Hamiltonian: [[ 0. +0.j  0. +0.j  0. +0.j  0. +0.j]
 [ 0. +0.j  0.5+0.j -0.5+0.j  0. +0.j]
 [ 0. +0.j -0.5+0.j  0.5+0.j  0. +0.j]
 [ 0. +0.j  0. +0.j  0. +0.j  0. +0.j]], product state: [[ 4.55008411e-04+0.00000000e+00j  1.12823573e-02-1.70473494e-02j
  -1.16914551e-04-6.78330292e-05j -5.44043809e-03+2.69833852e-03j]
 [ 1.12823573e-02+1.70473494e-02j  9.18452715e-01+0.00000000e+00j
  -3.57572263e-04-6.06230480e-03j -2.35996707e-01-1.36923688e-01j]
 [-1.16914551e-04+6.78330292e-05j -3.57572263e-04+6.06230480e-03j
   4.01538335e-05+0.00000000e+00j  9.95651703e-04-1.50440391e-03j]
 [-5.44043809e-03-2.69833852e-03j -2.35996707e-01+1.36923688e-01j
   9.95651703e-04+1.50440391e-03j  8.10521225e-02+0.00000000e+00j]]
Hamiltonian equals product state? [[False False False False]
 [False False False False]
 [False False False False]
 [False False False False]]
Hamiltonian: [[ 0. +0.j  0. +0.j  0. +0.j  0. +0.j]
 [ 0. +0.j  0.5+0.j -0.5+0.j  0. +0.j]
 [ 0. +0.j -0.5+0.j  0.5+0.j  0. +0.j]
 [ 0. +0.j  0. +0.j  0. +0.j  0. +0.j]], product state: [[ 0.21904111+0.j         -0.31781808-0.2275608j   0.0521479 +0.04057838j
  -0.0335074 -0.11305349j]
 [-0.31781808+0.2275608j   0.69755059+0.j         -0.11782079-0.00470106j
   0.16606838+0.12922448j]
 [ 0.0521479 -0.04057838j -0.11782079+0.00470106j  0.01993237+0.j
  -0.02892091-0.02070765j]
 [-0.0335074 +0.11305349j  0.16606838-0.12922448j -0.02892091+0.02070765j
   0.06347593+0.j        ]]
Energy of rounded cut: 6.739928952195497
Check the cut: [1, -1, -1, -1, -1, 1, 1, -1, 1, 1]
13 in cut out of a total of 15 edges
Warm-start: SDP solve + rounding finished in 0.08 seconds
Warm-start: statevector build finished in 0.00 seconds
warm_start_correlations: None
Edges: [(3, 9), (0, 1), (5, 8), (2, 6), (1, 9), (5, 7), (2, 9), (0, 3), (4, 6), (1, 8), (4, 5), (3, 7), (4, 8), (0, 2), (6, 7)], weights: [1.0, 1.0, 1.0, 1.0, 1.0, 1.0, 1.0, 1.0, 1.0, 1.0, 1.0, 1.0, 1.0, 1.0, 1.0], set of nodes: {0, 1, 2, 3, 4, 5, 6, 7, 8, 9}, n: 10 nodes, p: 2 layers, N_bayes: 50 iterations
Initial state injected as warm start
Initial state energy for vector-normalised SDP solution used as warm start: 3.308418836572999
Running ADAM optimization with a single iteration (no debug loop)
ADAM optimizer configured with maxiter=50 and learning_rate=0.05
Generated 4 random initial parameter sets for ADAM optimization
Using random initial parameters with:
Param_type 1:  [-0.11015488  1.80903273]
Param_type 2:  [2.3224498  0.50117761]
Param_type 3:  [1.12651268 0.59263172]
Param_type 4:  [-1.19541812  3.06797878]
Energies observed during ADAM optimization: [3.140329439017129, 3.1403294391114662, 3.140329438994659, 3.140329439141637, 3.140329439025505, 3.140329439025796, 3.1403294390171235, 3.140329439082226, 3.140329439049661, 3.391539409280916, 3.3915394093960862, 3.391539409200515, 3.3915394094564624, 3.39153940928776, 3.3915394092861093, 3.391539409280913, 3.3915394094382103, 3.3915394093430935, 3.687219679580606, 3.6872196796722165, 3.6872196794942536, 3.6872196797924928, 3.687219679570097, 3.6872196795730683, 3.6872196795806063, 3.687219679783303, 3.6872196795954064, 3.9631137489312227, 3.9631137489808634, 3.963113748861389, 3.963113749155627, 3.9631137488994352, 3.963113748908379, 3.963113748931223, 3.9631137491374617, 3.9631137489001893, 4.209040705662334, 4.209040705660498, 4.209040705621676, 4.209040705853276, 4.209040705626483, 4.209040705635138, 4.209040705662331, 4.209040705833489, 4.209040705633308, 4.367109278825778, 4.367109278744316, 4.367109278831478, 4.3671092789462875, 4.36710927880212, 4.367109278806453, 4.367109278825781, 4.367109278932347, 4.367109278822806, 4.41875583571162, 4.418755835547265, 4.41875583576279, 4.418755835763764, 4.418755835704357, 4.418755835704396, 4.418755835711623, 4.418755835749139, 4.418755835725821, 4.428058342047056, 4.428058341829764, 4.428058342124135, 4.428058342054103, 4.428058342054069, 4.42805834204926, 4.428058342047054, 4.428058342030062, 4.428058342061599, 4.441500911675737, 4.441500911439134, 4.4415009117612785, 4.4415009116549085, 4.441500911695164, 4.441500911683478, 4.4415009116757345, 4.441500911620806, 4.441500911684942, 4.472634780843864, 4.472634780616062, 4.472634780928715, 4.472634780804342, 4.472634780874255, 4.472634780853817, 4.47263478084386, 4.472634780766177, 4.472634780852211, 4.521571150196402, 4.521571149999631, 4.521571150277187, 4.52157115014356, 4.521571150236197, 4.521571150206136, 4.5215711501964035, 4.521571150108122, 4.521571150210954, 4.582223537476882, 4.5822235373266365, 4.5822235375533475, 4.582223537415898, 4.582223537524428, 4.582223537484788, 4.582223537476876, 4.5822235373857385, 4.582223537500901, 4.647005117135759, 4.6470051170397495, 4.647005117208862, 4.647005117073582, 4.647005117189282, 4.647005117140956, 4.6470051171357625, 4.647005117045614, 4.647005117166869, 4.709652980564256, 4.7096529805214065, 4.709652980634054, 4.709652980509158, 4.709652980621455, 4.709652980566517, 4.709652980564255, 4.709652980477173, 4.70965298059652, 4.766083874772567, 4.766083874772723, 4.766083874836406, 4.766083874732524, 4.766083874830205, 4.766083874772242, 4.766083874772573, 4.766083874690987, 4.766083874799401, 4.813774380895734, 4.813774380921877, 4.813774380947914, 4.8137743808772715, 4.8137743809492575, 4.813774380893209, 4.813774380895737, 4.813774380823612, 4.813774380911666, 4.849859868710412, 4.84985986874431, 4.849859868744668, 4.849859868718103, 4.849859868754048, 4.84985986870517, 4.8498598687104195, 4.849859868653166, 4.849859868712259, 4.871376202978631, 4.8713762030074745, 4.871376202992673, 4.871376203014527, 4.871376203006498, 4.871376202968914, 4.871376202978633, 4.871376202941884, 4.871376202967242, 4.879167164301602, 4.879167164321497, 4.879167164299769, 4.879167164364294, 4.8791671643100445, 4.879167164285636, 4.8791671643016, 4.879167164288588, 4.8791671642831185, 4.879963932418923, 4.87996393243168, 4.879963932410049, 4.879963932503081, 4.8799639324084305, 4.879963932396564, 4.879963932418921, 4.879963932428047, 4.879963932402802, 4.882843435216389, 4.882843435223131, 4.8828434352080645, 4.8828434353128936, 4.882843435191603, 4.882843435189852, 4.882843435216389, 4.882843435241086, 4.882843435211266, 4.894028186580075, 4.894028186577716, 4.894028186574702, 4.894028186676831, 4.894028186547873, 4.894028186553298, 4.894028186580077, 4.894028186611237, 4.894028186590375, 4.914302372081082, 4.914302372063699, 4.914302372076371, 4.914302372164478, 4.914302372048465, 4.914302372058362, 4.914302372081085, 4.914302372110195, 4.9143023721055465, 4.93935070909894, 4.939350709062229, 4.939350709091434, 4.939350709155549, 4.9393507090716495, 4.939350709083924, 4.939350709098947, 4.939350709120456, 4.939350709130969, 4.9616914567824555, 4.96169145672799, 4.961691456771386, 4.9616914568011445, 4.9616914567641475, 4.961691456777254, 4.961691456782458, 4.961691456794641, 4.961691456812304, 4.974342040968499, 4.974342040904994, 4.974342040957896, 4.974342040943223, 4.97434204096006, 4.97434204097275, 4.974342040968496, 4.974342040973058, 4.97434204098606, 4.975008163362927, 4.975008163302823, 4.975008163360101, 4.975008163294701, 4.975008163362482, 4.975008163373549, 4.97500816336292, 4.975008163363382, 4.975008163360958, 4.968146113298512, 4.968146113251965, 4.968146113309643, 4.968146113195258, 4.968146113302611, 4.96814611331162, 4.9681461132985145, 4.968146113298111, 4.968146113276343, 4.963510704689904, 4.963510704660153, 4.963510704715975, 4.9635107045645785, 4.963510704695228, 4.963510704703707, 4.963510704689896, 4.963510704690269, 4.963510704655018, 4.969849435432108, 4.969849435415673, 4.96984943546863, 4.96984943529979, 4.969849435436567, 4.969849435447095, 4.969849435432107, 4.969849435433224, 4.969849435396344, 4.988667418209811, 4.988667418199415, 4.988667418248795, 4.9886674180850505, 4.988667418212627, 4.988667418226893, 4.988667418209812, 4.988667418210986, 4.988667418183803, 5.0146979781399095, 5.014697978127708, 5.014697978172318, 5.014697978035077, 5.014697978140944, 5.014697978158616, 5.014697978139917, 5.014697978140407, 5.0146979781299885, 5.0402157927829805, 5.040215792763566, 5.040215792801729, 5.04021579270717, 5.040215792782098, 5.040215792800835, 5.04021579278298, 5.0402157927826785, 5.04021579278998, 5.059290466695601, 5.059290466668213, 5.0592904666984015, 5.059290466653685, 5.059290466692496, 5.059290466708851, 5.059290466695601, 5.059290466695099, 5.059290466714966, 5.0696911803294915, 5.06969118029817, 5.069691180319566, 5.069691180321813, 5.069691180324044, 5.069691180334737, 5.069691180329494, 5.06969118032979, 5.069691180352939, 5.071969898381871, 5.07196989835331, 5.071969898365723, 5.07196989840485, 5.071969898374659, 5.0719698983778185, 5.071969898381872, 5.071969898383654, 5.071969898400723, 5.068137053111586, 5.068137053092243, 5.068137053095262, 5.068137053158682, 5.068137053104009, 5.068137053099747, 5.068137053111583, 5.068137053114747, 5.0681370531197105, 5.061100120538335, 5.061100120532627, 5.061100120524977, 5.061100120601729, 5.061100120532301, 5.061100120522338, 5.061100120538328, 5.061100120542006, 5.0611001205339035, 5.053992165316203, 5.053992165326, 5.053992165305989, 5.053992165388296, 5.053992165313366, 5.053992165300464, 5.053992165316207, 5.053992165319224, 5.053992165301745, 5.049184634156819, 5.049184634181767, 5.049184634148541, 5.049184634231026, 5.049184634157887, 5.049184634145132, 5.049184634156819, 5.049184634158225, 5.049184634137951, 5.047540870342393, 5.0475408703803515, 5.04754087033491, 5.047540870413153, 5.047540870346883, 5.047540870337218, 5.047540870342393, 5.047540870341751, 5.047540870325576, 5.048553678002152, 5.0485536780496485, 5.048553677994921, 5.048553678064723, 5.0485536780085365, 5.048553678004285, 5.048553678002152, 5.048553677999768, 5.048553677992427, 5.051302582630681, 5.051302582683335, 5.051302582623691, 5.051302582681184, 5.051302582636909, 5.0513025826392415, 5.051302582630677, 5.051302582627416, 5.0513025826300755, 5.055233203139222, 5.055233203192345, 5.055233203132516, 5.055233203174835, 5.0552332031433735, 5.05523320315195, 5.055233203139215, 5.055233203136266, 5.055233203146227, 5.059994977592614, 5.059994977641774, 5.059994977585873, 5.059994977611696, 5.05999497759352, 5.059994977606457, 5.059994977592616, 5.059994977591092, 5.059994977602877, 5.064770395343351, 5.064770395384704, 5.064770395335804, 5.064770395345604, 5.064770395340828, 5.0647703953552545, 5.06477039534336, 5.0647703953439445, 5.064770395351542, 5.068291784368154, 5.068291784398922, 5.068291784359005, 5.068291784354872, 5.068291784363022, 5.06829178437592, 5.068291784368155, 5.068291784370847, 5.068291784370203, 5.069800581994807, 5.069800582013634, 5.0698005819836425, 5.069800581968994, 5.069800581988543, 5.069800581997506, 5.069800581994809, 5.0698005819988685, 5.069800581989656, 5.069761095067746, 5.069761095074886, 5.069761095054957, 5.069761095033874, 5.0697610950619865, 5.0697610950657666, 5.06976109506775, 5.069761095071995, 5.069761095057717, 5.0693365809257305, 5.069336580923126, 5.069336580912703, 5.069336580888972, 5.06933658092178, 5.0693365809203454, 5.069336580925729, 5.06933658092896, 5.069336580915435, 5.069233633028719]
Total optimisation time observed during ADAM optimization: 21.471230 seconds
Median time per evaluation during ADAM optimization: 0.419272 seconds
5.069233633028719
QAOA optimisation for n=24 took 24.34 seconds; started at 1777576625.514605 and finished at 1777576649.84966
Finished QAOA for n=10 nodes, m=15 edges at 2026-04-30 21:17:29 on Apple M4. Time taken: 24.34 seconds. Hours: 0.01 hours. Peak RAM: 365.88 MB.
Unknown graph type for approximation ratio calculation; skipping approx ratio computation.
CSV writing for n=24 took 0.00 seconds; started at 1777576649.849662 and finished at 1777576649.850137
results: {24: 5.069233633028719}
durations: {10: 24.335057973861694}
Results saved to: logs/adam/qaoa_results_adam_20260430_200911.csv
Global end time: 1777576649.8501408
Finalisation time: 0.00 seconds; started at 1777576649.8501382 and finished at 1777576649.850143
Sum of all section times: 24.43 seconds
