2026-04-30 20:09:17.177 system_profiler[3510:1065490] hw.cpufamily: 0x6f5129ac
Starting QAOA benchmark with global start time: 1777572557.111768
Benchmark parameters: {'optimiser': 'adam', 'circuit_type': 'hamqaoa', 'parameter_vector': [1, 1, 1], 'iterations_list': [50, 100, 200, 500], 'learning_rate_adam': 0.05, 'depth_list': [1, 2, 5, 10], 'n_start': 0, 'n_end': 30, 'singlet_injection': False, 'start_index_singlet': 0, 'warm_start': True, 'compare_with_010101': False, 'warm_start_correlations': False, 'init_QAOAparams_close_to_zero': False, 'use_correlations_as_initial_params': False, 'time_limit': 10800, 'failed_instance_termination_thrsh': 10, 'graph_generation_type': 'HOG', 'weighted': False, 'easiest_first': True, 'cpu_util_threshold': 90, 'debug': False, 'save_circuit_svg': False, 'rerun_exclude_finished_instances': False, 'optimiser_debug_iterations': 1, 'relative_graph_adjList_path': '/Users/julian_dev/Projects/MasterThesis/QAOA/HOG_graphs/list_27_graphs_adjacency_list.txt'}, Running QAOA with equal superposition
Benchmark run ID: 53ddc9f7
Processor: Apple M4
Hostname: Mac-mini-som-tillhor-Julian.local
Total RAM (GB): 16.0
Physical cores: 10
Logical cores: 10
Python version: 3.13.1
Initialisation time: 0.08 seconds; started at {'initialisation': 0.08371806144714355} and finished at 1777572557.195494
Loaded HOG graph index 0 with 6 edges.
Instance generation for n=0 took 0.00 seconds; started at 1777572557.195498 and finished at 1777572557.195764
Running QAOA for n=4 nodes, m=6 edges...; Max iterations: 100
Warm-start: using parameter_vector=[1, 1, 1]
Warm-start: starting SDP solve for n_vertices=4
Starting SDP solve (solver preference: MOSEK, fallback: SCS) for n_vertices=4, matrix_dim=12, edges=6
Finished SDP solve with MOSEK. status=optimal. elapsed_seconds=0.02
Rounding...
n_vertices: 4 for n = 12
Using seed None to generate random matrix for x.
r_0: [-0.46403709 -0.46561649  0.75357207]
Product state qubit 0: [[ 0.87678603+0.j         -0.23201855+0.23280825j]
 [-0.23201855-0.23280825j  0.12321397+0.j        ]]
Diagonal entries of product state 0: [0.87678603 0.12321397]
r_1: [ 0.82241386 -0.3688326  -0.4331258 ]
Product state qubit 1: [[0.2834371 +0.j        0.41120693+0.1844163j]
 [0.41120693-0.1844163j 0.7165629 +0.j       ]]
Diagonal entries of product state 1: [0.2834371 0.7165629]
r_2: [ 0.02959282  0.98835506 -0.14925995]
Product state qubit 2: [[0.42537002+0.j         0.01479641-0.49417753j]
 [0.01479641+0.49417753j 0.57462998+0.j        ]]
Diagonal entries of product state 2: [0.42537002 0.57462998]
r_3: [-0.2529484   0.03054802 -0.96699738]
Product state qubit 3: [[ 0.01650131+0.j         -0.1264742 -0.01527401j]
 [-0.1264742 +0.01527401j  0.98349869+0.j        ]]
Diagonal entries of product state 3: [0.01650131 0.98349869]
y_scalar: False
[1, -1, -1, -1]
Hamiltonian equals product state? [[False False False False]
 [False False False False]
 [False False False False]
 [False False False False]]
Hamiltonian: [[ 0. +0.j  0. +0.j  0. +0.j  0. +0.j]
 [ 0. +0.j  0.5+0.j -0.5+0.j  0. +0.j]
 [ 0. +0.j -0.5+0.j  0.5+0.j  0. +0.j]
 [ 0. +0.j  0. +0.j  0. +0.j  0. +0.j]], product state: [[ 0.00467708+0.j         -0.03584748-0.00432922j  0.00678545+0.00304311j
  -0.04919029-0.02960468j]
 [-0.03584748+0.00432922j  0.27876001+0.j         -0.05482384-0.01704313j
   0.40442147+0.18137319j]
 [ 0.00678545-0.00304311j -0.05482384+0.01704313j  0.01182423+0.j
  -0.09062672-0.01094479j]
 [-0.04919029+0.02960468j  0.40442147-0.18137319j -0.09062672+0.01094479j
   0.70473867+0.j        ]]
Hamiltonian equals product state? [[False False False False]
 [False False False False]
 [False False False False]
 [False False False False]]
Hamiltonian: [[ 0. +0.j  0. +0.j  0. +0.j  0. +0.j]
 [ 0. +0.j  0.5+0.j -0.5+0.j  0. +0.j]
 [ 0. +0.j -0.5+0.j  0.5+0.j  0. +0.j]
 [ 0. +0.j  0. +0.j  0. +0.j  0. +0.j]], product state: [[ 0.24851369+0.j          0.36054049+0.16169363j -0.06576266+0.06598649j
  -0.13834127+0.05294436j]
 [ 0.36054049-0.16169363j  0.62827234+0.j         -0.052474  +0.13852037j
  -0.16625588+0.16682175j]
 [-0.06576266-0.06598649j -0.052474  -0.13852037j  0.03492341+0.j
   0.05066644+0.02272266j]
 [-0.13834127-0.05294436j -0.16625588-0.16682175j  0.05066644-0.02272266j
   0.08829056+0.j        ]]
Hamiltonian equals product state? [[False False False False]
 [False False False False]
 [False False False False]
 [False False False False]]
Hamiltonian: [[ 0. +0.j  0. +0.j  0. +0.j  0. +0.j]
 [ 0. +0.j  0.5+0.j -0.5+0.j  0. +0.j]
 [ 0. +0.j -0.5+0.j  0.5+0.j  0. +0.j]
 [ 0. +0.j  0. +0.j  0. +0.j  0. +0.j]], product state: [[ 7.01916357e-03+0.j         -5.37983339e-02-0.00649711j
   2.44160210e-04-0.00815458j -9.41943685e-03+0.06227471j]
 [-5.37983339e-02+0.00649711j  4.18350860e-01+0.j
   5.67670815e-03+0.06272671j  1.45522515e-02-0.48602295j]
 [ 2.44160210e-04+0.00815458j  5.67670815e-03-0.06272671j
   9.48214866e-03+0.j         -7.26758672e-02-0.0087769j ]
 [-9.41943685e-03-0.06227471j  1.45522515e-02+0.48602295j
  -7.26758672e-02+0.0087769j   5.65147828e-01+0.j        ]]
Hamiltonian equals product state? [[False False False False]
 [False False False False]
 [False False False False]
 [False False False False]]
Hamiltonian: [[ 0. +0.j  0. +0.j  0. +0.j  0. +0.j]
 [ 0. +0.j  0.5+0.j -0.5+0.j  0. +0.j]
 [ 0. +0.j -0.5+0.j  0.5+0.j  0. +0.j]
 [ 0. +0.j  0. +0.j  0. +0.j  0. +0.j]], product state: [[ 0.01446812+0.j         -0.11089081-0.01339204j -0.00382861+0.00384164j
   0.03290028-0.02590038j]
 [-0.11089081+0.01339204j  0.86231791+0.j          0.02578844-0.03298809j
  -0.22818994+0.2289666j ]
 [-0.00382861-0.00384164j  0.02578844+0.03298809j  0.00203319+0.j
  -0.01558339-0.00188197j]
 [ 0.03290028+0.02590038j -0.22818994-0.2289666j  -0.01558339+0.00188197j
   0.12118078+0.j        ]]
Hamiltonian equals product state? [[False False False False]
 [False False False False]
 [False False False False]
 [False False False False]]
Hamiltonian: [[ 0. +0.j  0. +0.j  0. +0.j  0. +0.j]
 [ 0. +0.j  0.5+0.j -0.5+0.j  0. +0.j]
 [ 0. +0.j -0.5+0.j  0.5+0.j  0. +0.j]
 [ 0. +0.j  0. +0.j  0. +0.j  0. +0.j]], product state: [[ 0.12056565+0.j          0.00419385-0.14006825j  0.1749151 +0.07844517j
   0.09721878-0.20048053j]
 [ 0.00419385+0.14006825j  0.16287145+0.j         -0.08505   +0.20593792j
   0.23629183+0.10597113j]
 [ 0.1749151 -0.07844517j -0.08505   -0.20593792j  0.30480438+0.j
   0.01060256-0.35410929j]
 [ 0.09721878+0.20048053j  0.23629183-0.10597113j  0.01060256+0.35410929j
   0.41175852+0.j        ]]
Hamiltonian equals product state? [[False False False False]
 [False False False False]
 [False False False False]
 [False False False False]]
Hamiltonian: [[ 0. +0.j  0. +0.j  0. +0.j  0. +0.j]
 [ 0. +0.j  0.5+0.j -0.5+0.j  0. +0.j]
 [ 0. +0.j -0.5+0.j  0.5+0.j  0. +0.j]
 [ 0. +0.j  0. +0.j  0. +0.j  0. +0.j]], product state: [[ 0.3729585 +0.j          0.01297329-0.43328796j -0.09869373+0.09902965j
   0.11161556+0.11810308j]
 [ 0.01297329+0.43328796j  0.50382754+0.j         -0.11848165-0.11121363j
  -0.13332481+0.1337786j ]
 [-0.09869373-0.09902965j -0.11848165+0.11121363j  0.05241153+0.j
   0.00182312-0.06088957j]
 [ 0.11161556-0.11810308j -0.13332481-0.1337786j   0.00182312+0.06088957j
   0.07080244+0.j        ]]
Energy of rounded cut: 1.9143038436678022
Check the cut: [1, -1, -1, -1]
3 in cut out of a total of 6 edges
Warm-start: SDP solve + rounding finished in 0.03 seconds
Warm-start: statevector build finished in 0.00 seconds
warm_start_correlations: None
Edges: [(1, 3), (0, 1), (2, 3), (0, 3), (1, 2), (0, 2)], weights: [1.0, 1.0, 1.0, 1.0, 1.0, 1.0], set of nodes: {0, 1, 2, 3}, n: 4 nodes, p: 10 layers, N_bayes: 100 iterations
Initial state injected as warm start
Initial state energy for vector-normalised SDP solution used as warm start: 1.9143038436678026
Running ADAM optimization with a single iteration (no debug loop)
ADAM optimizer configured with maxiter=100 and learning_rate=0.05
Generated 4 random initial parameter sets for ADAM optimization
Using random initial parameters with:
Param_type 1:  [-1.36452348  2.86655809 -0.97063544 -3.08244399 -0.68938678  2.28546652
 -0.71100724 -2.81260333 -2.37913934  0.90520265]
Param_type 2:  [-2.16506888  2.958121    2.64123464  2.85908314 -0.51007835  1.53134909
  0.02222709  1.63154301  1.63666735 -2.46778981]
Param_type 3:  [ 1.8422353   0.23500253  0.29773253  2.93294371  1.3004744  -2.46871438
  0.13354986  0.75632476  2.44488281  0.94627375]
Param_type 4:  [ 2.17442228 -0.31306337  2.8373093  -2.31752836  1.21361324  0.52811763
  1.88691959 -0.28063468 -2.88121404 -2.63718833]
Energies observed during ADAM optimization: [1.788153005915643, 1.7881530058912904, 1.7881530059325128, 1.7881530059249462, 1.788153005965934, 1.7881530059742792, 1.7881530058920836, 1.7881530058901685, 1.7881530058868476, 1.788153005889241, 1.788153005893185, 1.7881530059235435, 1.788153005903735, 1.7881530059340993, 1.7881530059325135, 1.7881530059282227, 1.788153005880463, 1.7881530058717423, 1.7881530058952777, 1.7881530059382795, 1.788153005896043, 1.7881530058987078, 1.7881530059130397, 1.7881530058900976, 1.7881530059030248, 1.7881530059095696, 1.7881530059261397, 1.7881530059253397, 1.7881530059061588, 1.7881530059264683, 1.7881530059156439, 1.7881530059103576, 1.7881530058984012, 1.7881530059201247, 1.788153005920253, 1.788153005907276, 1.7881530059209485, 1.788153005921194, 1.7881530059081645, 1.788153005924195, 1.7881530058998993, 2.1562228482964034, 2.156222848322781, 2.1562228482814843, 2.1562228483249233, 2.156222848312429, 2.1562228483028543, 2.1562228482654047, 2.156222848269278, 2.1562228482665815, 2.1562228482644246, 2.156222848274238, 2.1562228483012507, 2.15622284832303, 2.156222848292591, 2.1562228482722654, 2.1562228482189307, 2.1562228482760757, 2.156222848326045, 2.1562228482776153, 2.156222848304699, 2.1562228482194423, 2.156222848334941, 2.156222848335245, 2.156222848307455, 2.1562228482962094, 2.156222848297557, 2.156222848297089, 2.156222848296872, 2.1562228482953514, 2.1562228482939183, 2.1562228482964025, 2.156222848272541, 2.1562228482637713, 2.1562228482346177, 2.1562228482409402, 2.1562228482467836, 2.156222848344685, 2.156222848345375, 2.1562228482465113, 2.1562228483501467, 2.1562228482865557, 2.124169435592364, 2.124169435554236, 2.1241694356141303, 2.124169435581108, 2.1241694355403653, 2.124169435561249, 2.1241694356716696, 2.1241694356784286, 2.124169435682122, 2.1241694356832235, 2.1241694356636085, 2.1241694355514964, 2.124169435559628, 2.124169435612357, 2.1241694355692973, 2.1241694356092893, 2.1241694356171155, 2.124169435599942, 2.1241694355926364, 2.124169435593796, 2.124169435606263, 2.1241694356154417, 2.124169435618359, 2.124169435613116, 2.124169435607078, 2.12416943559371, 2.1241694355822625, 2.1241694355814413, 2.1241694356027683, 2.124169435590993, 2.1241694355923637, 2.1241694355590743, 2.1241694355447485, 2.1241694355725955, 2.1241694355962912, 2.1241694356003262, 2.1241694355889167, 2.1241694355896144, 2.124169435593904, 2.124169435582495, 2.1241694355978513, 2.097118111516666, 2.097118111451927, 2.097118111504037, 2.097118111487461, 2.097118111491503, 2.097118111488016, 2.0971181115148583, 2.097118111528047, 2.0971181115329327, 2.097118111527895, 2.0971181115054174, 2.0971181114793973, 2.0971181115003277, 2.0971181115464046, 2.097118111504389, 2.0971181115474034, 2.0971181115111723, 2.0971181115318243, 2.0971181115450186, 2.0971181115406785, 2.0971181115886246, 2.09711811149965, 2.0971181115095154, 2.097118111496354, 2.097118111498258, 2.097118111513825, 2.097118111520957, 2.0971181115237654, 2.0971181115154702, 2.097118111510679, 2.0971181115166666, 2.097118111555581, 2.0971181115440833, 2.097118111587847, 2.097118111594937, 2.0971181115740123, 2.097118111451381, 2.097118111446532, 2.097118111574979, 2.097118111460476, 2.0971181115421573, 2.1685225989402044, 2.168522598897881, 2.1685225989310113, 2.168522598932028, 2.1685225989518986, 2.1685225989315997, 2.168522598889037, 2.1685225989134955, 2.1685225989164123, 2.1685225989164807, 2.168522598905253, 2.168522598922341, 2.168522598951364, 2.168522598913585, 2.168522598912511, 2.1685225989485017, 2.1685225989325883, 2.168522598950915, 2.168522598964779, 2.1685225989903976, 2.1685225989997, 2.168522598927029, 2.168522598926763, 2.1685225989093544, 2.168522598921191, 2.168522598967209, 2.168522598916516, 2.16852259891862, 2.1685225989692047, 2.1685225989022525, 2.168522598940205, 2.16852259899654, 2.1685225989958847, 2.1685225990110086, 2.1685225989867734, 2.1685225989803243, 2.168522598887246, 2.168522598882906, 2.168522598990034, 2.1685225988926593, 2.168522598954406, 2.2920595148523937, 2.2920595148593494, 2.29205951484711, 2.2920595148693406, 2.292059514884134, 2.2920595148670824, 2.2920595148389125, 2.292059514857857, 2.292059514858854, 2.2920595148587903, 2.2920595148365956, 2.2920595148567164, 2.2920595148758887, 2.2920595147899734, 2.2920595148312244, 2.2920595148501284, 2.2920595148310237, 2.2920595148503913, 2.2920595148656284, 2.292059514864625, 2.2920595148744884, 2.2920595148638876, 2.2920595148559255, 2.2920595148513794, 2.2920595148700156, 2.2920595148685186, 2.2920595148290506, 2.2920595148286016, 2.2920595148773453, 2.2920595148259784, 2.292059514852393, 2.292059514885473, 2.2920595148872485, 2.292059514868926, 2.2920595148191465, 2.2920595148518395, 2.292059514845957, 2.2920595148451373, 2.292059514861513, 2.2920595148438, 2.2920595148767213, 2.29798535800758, 2.2979853580377303, 2.2979853579803975, 2.2979853580281855, 2.297985358029882, 2.2979853580194725, 2.297985358051905, 2.297985358057328, 2.2979853580574576, 2.297985358059516, 2.297985358021176, 2.2979853580209304, 2.297985358011442, 2.297985357954841, 2.2979853580026135, 2.297985357996859, 2.2979853579809606, 2.2979853580106604, 2.2979853579945866, 2.297985357991931, 2.297985357973488, 2.297985358034763, 2.2979853580290195, 2.2979853580411294, 2.297985358055853, 2.2979853579842144, 2.2979853580228116, 2.297985358022064, 2.2979853579919887, 2.297985358026685, 2.2979853580075797, 2.297985358003806, 2.297985358001026, 2.297985357961715, 2.2979853579159415, 2.2979853579699965, 2.2979853580372858, 2.2979853580379506, 2.29798535798132, 2.297985358039634, 2.297985358022218, 2.3275332387961267, 2.327533238806082, 2.3275332387664975, 2.327533238804368, 2.3275332388144587, 2.3275332388111, 2.3275332388235275, 2.3275332388277317, 2.327533238827747, 2.327533238830105, 2.327533238779612, 2.327533238809738, 2.327533238784873, 2.3275332387650187, 2.327533238804134, 2.3275332387854113, 2.3275332387714, 2.3275332388000365, 2.3275332387871273, 2.3275332387921606, 2.3275332387539556, 2.3275332388115544, 2.3275332388080114, 2.327533238823349, 2.3275332388315753, 2.327533238765071, 2.327533238822418, 2.3275332388224683, 2.3275332387696333, 2.3275332388345826, 2.327533238796125, 2.327533238783192, 2.327533238782249, 2.3275332387418977, 2.3275332387184133, 2.3275332387557826, 2.3275332388256027, 2.3275332388255174, 2.3275332387688574, 2.327533238830295, 2.3275332388103838, 2.3729785724997474, 2.3729785724810135, 2.3729785724929155, 2.372978572478052, 2.3729785725143113, 2.3729785725199917, 2.3729785724774928, 2.3729785724705166, 2.3729785724710815, 2.3729785724714123, 2.372978572451473, 2.372978572501733, 2.3729785724915353, 2.372978572505303, 2.372978572533863, 2.372978572491329, 2.372978572485839, 2.372978572495648, 2.3729785725082717, 2.3729785725022463, 2.372978572482295, 2.3729785724849988, 2.3729785724800623, 2.372978572487795, 2.3729785724935275, 2.372978572488081, 2.372978572508517, 2.3729785725080403, 2.3729785724923977, 2.37297857252777, 2.3729785724997456, 2.3729785724954096, 2.3729785725031607, 2.3729785724830372, 2.3729785724890204, 2.3729785724784476, 2.372978572516933, 2.372978572516865, 2.3729785724825088, 2.372978572516051, 2.372978572515644, 2.353275899784613, 2.3532758997650065, 2.3532758998040766, 2.3532758997572603, 2.3532758997917966, 2.3532758997975414, 2.353275899745947, 2.35327589971983, 2.353275899720816, 2.353275899719469, 2.3532758997594145, 2.353275899777952, 2.3532758997847605, 2.3532758998200265, 2.353275899829349, 2.3532758997823717, 2.353275899795173, 2.353275899777463, 2.353275899790076, 2.3532758997753844, 2.3532758997852623, 2.353275899757076, 2.353275899749977, 2.3532758997382253, 2.3532758997472123, 2.353275899794033, 2.3532758997793377, 2.3532758997779606, 2.353275899792536, 2.3532758997942587, 2.353275899784612, 2.3532758997881817, 2.3532758998017655, 2.353275899819146, 2.3532758998333994, 2.3532758997815653, 2.3532758997850176, 2.3532758997854843, 2.353275899782465, 2.353275899782634, 2.3532758997803196, 2.3391470307777382, 2.339147030789762, 2.3391470307961706, 2.339147030771452, 2.3391470307690616, 2.3391470307762336, 2.33914703077501, 2.3391470307422386, 2.3391470307425375, 2.3391470307404383, 2.339147030799743, 2.3391470307742255, 2.3391470307722426, 2.339147030830664, 2.339147030807585, 2.339147030781762, 2.339147030816091, 2.339147030769355, 2.339147030763729, 2.3391470307607047, 2.3391470307829114, 2.339147030773973, 2.3391470307634035, 2.33914703073058, 2.3391470307271476, 2.3391470307915108, 2.33914703077473, 2.3391470307736117, 2.3391470307828097, 2.339147030780252, 2.3391470307777387, 2.3391470307697855, 2.339147030781335, 2.3391470308259104, 2.33914703084433, 2.339147030787191, 2.3391470307608215, 2.339147030761336, 2.3391470307929576, 2.3391470307628954, 2.339147030745487, 2.336949910661749, 2.336949910705201, 2.336949910671275, 2.3369499106801723, 2.3369499106435248, 2.3369499106456035, 2.3369499106989466, 2.336949910672, 2.3369499106716085, 2.336949910668632, 2.3369499107112577, 2.3369499106627285, 2.3369499106485496, 2.3369499107145812, 2.3369499106688756, 2.336949910667453, 2.3369499107086265, 2.336949910646864, 2.336949910633199, 2.3369499106466036, 2.3369499106605263, 2.3369499106803477, 2.3369499106680576, 2.3369499106345524, 2.336949910617758, 2.3369499106742104, 2.3369499106582867, 2.336949910658113, 2.3369499106657825, 2.336949910658645, 2.336949910661749, 2.3369499106361245, 2.3369499106437237, 2.3369499106916702, 2.3369499107132228, 2.3369499106757936, 2.3369499106448237, 2.3369499106449787, 2.336949910677731, 2.336949910646514, 2.3369499106220384, 2.359740031040982, 2.359740031095556, 2.359740031046627, 2.359740031073217, 2.359740031025586, 2.3597400310200602, 2.3597400310902565, 2.3597400310751038, 2.3597400310749124, 2.3597400310700496, 2.3597400310914596, 2.3597400310472123, 2.359740031030319, 2.3597400310757584, 2.35974003103244, 2.359740031048789, 2.359740031071983, 2.359740031022887, 2.3597400310139305, 2.3597400310280667, 2.359740031033732, 2.3597400310589287, 2.3597400310485925, 2.3597400310339536, 2.359740031020558, 2.3597400310531076, 2.359740031030721, 2.359740031031052, 2.3597400310504875, 2.359740031031975, 2.3597400310409826, 2.3597400310083025, 2.3597400310130285, 2.359740031046258, 2.3597400310587227, 2.359740031048556, 2.3597400310397036, 2.359740031039554, 2.3597400310422234, 2.3597400310350816, 2.3597400310186947, 2.3940140064972892, 2.394014006541905, 2.3940140065057425, 2.3940140065318833, 2.39401400649098, 2.394014006481831, 2.39401400652481, 2.3940140065232773, 2.3940140065232764, 2.3940140065176365, 2.394014006530442, 2.394014006512066, 2.3940140064974167, 2.394014006504093, 2.3940140064816093, 2.3940140065088453, 2.3940140065030566, 2.394014006484629, 2.3940140064877258, 2.3940140064912185, 2.3940140064923736, 2.394014006496616, 2.3940140064925486, 2.3940140065008326, 2.3940140065029762, 2.394014006504051, 2.3940140064865587, 2.3940140064865587, 2.3940140065063944, 2.3940140064889603, 2.3940140064972892, 2.3940140064752296, 2.3940140064780233, 2.394014006486912, 2.394014006479338, 2.394014006493027, 2.3940140065081232, 2.3940140065081255, 2.3940140064872844, 2.3940140065003153, 2.3940140064993725, 2.4054075891730267, 2.405407589193996, 2.405407589180803, 2.4054075891947138, 2.4054075891777016, 2.4054075891674365, 2.405407589163645, 2.4054075891728615, 2.4054075891720013, 2.4054075891684463, 2.405407589183269, 2.4054075891925297, 2.405407589183058, 2.4054075891591253, 2.40540758916229, 2.405407589183963, 2.4054075891618854, 2.4054075891723343, 2.4054075891805886, 2.405407589182569, 2.4054075891725093, 2.4054075891513467, 2.405407589155183, 2.40540758918001, 2.4054075891952236, 2.405407589170759, 2.4054075891693585, 2.4054075891693163, 2.4054075891746702, 2.405407589170269, 2.4054075891730253, 2.40540758917072, 2.405407589171672, 2.4054075891562543, 2.4054075891360314, 2.4054075891598203, 2.4054075891840436, 2.4054075891839184, 2.4054075891633437, 2.405407589180524, 2.405407589190574, 2.396547304917148, 2.396547304916439, 2.396547304910381, 2.3965473049150563, 2.396547304927409, 2.3965473049159707, 2.3965473048859205, 2.396547304902311, 2.396547304900811, 2.396547304900185, 2.396547304914199, 2.396547304931517, 2.3965473049300337, 2.396547304898407, 2.396547304918121, 2.3965473049204014, 2.396547304903163, 2.3965473049287525, 2.396547304923989, 2.396547304939105, 2.3965473049178008, 2.3965473048901753, 2.39654730489827, 2.396547304927928, 2.396547304945779, 2.396547304908241, 2.396547304919429, 2.3965473049205057, 2.3965473049125774, 2.396547304918681, 2.396547304917146, 2.3965473049278843, 2.3965473049268224, 2.396547304898583, 2.3965473048801536, 2.3965473049025254, 2.3965473049225934, 2.3965473049215986, 2.396547304913546, 2.396547304925046, 2.3965473049366754, 2.3898526920215573, 2.3898526920078, 2.3898526919964787, 2.389852692000319, 2.3898526920297734, 2.3898526920192844, 2.3898526919885694, 2.389852692009522, 2.389852692009185, 2.3898526920103116, 2.3898526920138785, 2.389852692024844, 2.3898526920314236, 2.3898526920044065, 2.389852692029383, 2.389852692016601, 2.3898526920118623, 2.3898526920411807, 2.3898526920143315, 2.389852692046717, 2.389852692022408, 2.389852692004398, 2.389852692012396, 2.3898526920362593, 2.389852692050945, 2.389852692007163, 2.3898526920283714, 2.3898526920306002, 2.389852692012938, 2.389852692027137, 2.3898526920215595, 2.3898526920359844, 2.3898526920342626, 2.389852692005791, 2.389852691992535, 2.3898526920128886, 2.3898526920204293, 2.389852692018703, 2.3898526920247423, 2.3898526920257344, 2.389852692032293, 2.3944389676084934, 2.39443896758954, 2.3944389675781235, 2.394438967582796, 2.3944389676129, 2.394438967605927, 2.394438967582284, 2.3944389676038065, 2.394438967605284, 2.394438967607395, 2.394438967596867, 2.394438967601833, 2.3944389676144637, 2.3944389675944393, 2.3944389676160935, 2.3944389676000557, 2.394438967600323, 2.394438967629284, 2.3944389675895894, 2.3944389676288558, 2.3944389676090223, 2.39443896760479, 2.394438967610188, 2.394438967623134, 2.394438967633205, 2.3944389675903768, 2.3944389676180897, 2.3944389676201645, 2.3944389675987856, 2.3944389676164146, 2.394438967608493, 2.3944389676215025, 2.3944389676209594, 2.394438967599737, 2.394438967589887, 2.3944389676085707, 2.394438967602785, 2.3944389676012037, 2.3944389676157583, 2.3944389676073414, 2.3944389676063733, 2.4077261550974853, 2.4077261550793656, 2.4077261550802214, 2.4077261550810154, 2.4077261551002667, 2.4077261550971083, 2.407726155077271, 2.4077261550956144, 2.4077261550974547, 2.407726155101171, 2.4077261550841054, 2.4077261550853692, 2.407726155102369, 2.407726155088787, 2.40772615510099, 2.407726155091079, 2.4077261550843403, 2.407726155112323, 2.407726155080249, 2.407726155105333, 2.4077261550987092, 2.4077261551034064, 2.407726155104901, 2.4077261551065994, 2.40772615511138, 2.407726155081777, 2.4077261551042928, 2.4077261551052596, 2.407726155092364, 2.407726155101877, 2.407726155097486, 2.407726155107675, 2.407726155109123, 2.4077261550990467, 2.407726155091659, 2.4077261551043074, 2.4077261550918903, 2.407726155090989, 2.4077261551042284, 2.4077261550918854, 2.4077261550858617, 2.4150272129796324, 2.4150272129664336, 2.415027212986345, 2.4150272129806742, 2.4150272129819186, 2.4150272129818156, 2.4150272129633654, 2.415027212976786, 2.4150272129776305, 2.415027212984054, 2.4150272129699233, 2.4150272129672206, 2.415027212985404, 2.415027212978887, 2.415027212977412, 2.4150272129802004, 2.4150272129583685, 2.4150272129839196, 2.4150272129765717, 2.4150272129711374, 2.4150272129841053, 2.4150272129900108, 2.415027212987749, 2.4150272129806507, 2.415027212979583, 2.415027212973284, 2.4150272129781807, 2.415027212978151, 2.415027212983175, 2.4150272129744796, 2.4150272129796324, 2.4150272129869634, 2.4150272129895938, 2.415027212992025, 2.4150272129870425, 2.415027212989337, 2.41502721297864, 2.4150272129783623, 2.41502721298243, 2.4150272129722112, 2.415027212967183, 2.4105242780540035, 2.41052427804556, 2.410524278078538, 2.4105242780710077, 2.4105242780534963, 2.410524278055474, 2.4105242780452953, 2.4105242780532214, 2.410524278053283, 2.410524278061336, 2.410524278050663, 2.4105242780437126, 2.4105242780567453, 2.410524278061761, 2.4105242780461245, 2.4105242780632374, 2.410524278029236, 2.4105242780483565, 2.4105242780657954, 2.4105242780336544, 2.4105242780606093, 2.410524278066028, 2.4105242780619665, 2.410524278050091, 2.410524278043312, 2.4105242780578857, 2.41052427804609, 2.4105242780457963, 2.4105242780628697, 2.410524278040989, 2.4105242780540057, 2.41052427805767, 2.410524278059421, 2.4105242780712164, 2.4105242780690226, 2.410524278062607, 2.4105242780581198, 2.4105242780581277, 2.410524278052992, 2.4105242780484804, 2.4105242780481393, 2.4075193115257556, 2.4075193115178224, 2.407519311550929, 2.4075193115472815, 2.407519311519481, 2.4075193115220292, 2.407519311529163, 2.407519311531007, 2.4075193115309714, 2.4075193115374596, 2.407519311526218, 2.4075193115168143, 2.4075193115183424, 2.407519311539319, 2.4075193115150086, 2.4075193115404985, 2.4075193115063076, 2.407519311514293, 2.4075193115433526, 2.407519311502963, 2.4075193115290885, 2.4075193115384077, 2.4075193115344664, 2.4075193115217615, 2.4075193115109013, 2.4075193115349336, 2.4075193115193616, 2.407519311519279, 2.407519311531814, 2.407519311513742, 2.4075193115257543, 2.4075193115249975, 2.4075193115244606, 2.4075193115387714, 2.40751931153997, 2.407519311529678, 2.4075193115311517, 2.4075193115311695, 2.407519311523908, 2.4075193115246822, 2.4075193115267735, 2.411458764871718, 2.4114587648613552, 2.4114587648853396, 2.411458764885644, 2.4114587648602623, 2.411458764862234, 2.4114587648842627, 2.4114587648797934, 2.411458764879827, 2.4114587648832706, 2.4114587648708836, 2.4114587648651127, 2.4114587648528025, 2.4114587648869095, 2.411458764862749, 2.4114587648862127, 2.411458764862616, 2.411458764858257, 2.4114587648869605, 2.4114587648551753, 2.4114587648688697, 2.411458764883044, 2.4114587648796824, 2.411458764868758, 2.4114587648567842, 2.4114587648814187, 2.4114587648733052, 2.411458764873346, 2.4114587648699457, 2.411458764866808, 2.411458764871717, 2.411458764867887, 2.4114587648653374, 2.4114587648760164, 2.4114587648810804, 2.411458764869396, 2.4114587648739665, 2.411458764873952, 2.41145876487204, 2.4114587648755856, 2.411458764877517, 2.4181414461179362, 2.418141446106616, 2.4181414461192396, 2.4181414461193715, 2.4181414461064152, 2.418141446107372, 2.4181414461310062, 2.4181414461206248, 2.418141446120625, 2.418141446122354, 2.418141446112223, 2.418141446117601, 2.418141446095368, 2.418141446131302, 2.4181414461152015, 2.4181414461270387, 2.4181414461178554, 2.418141446105698, 2.4181414461278385, 2.418141446111537, 2.418141446111408, 2.418141446125276, 2.4181414461218984, 2.4181414461147464, 2.4181414461050807, 2.418141446126161, 2.418141446126989, 2.4181414461269903, 2.418141446110283, 2.418141446119406, 2.418141446117936, 2.4181414461142223, 2.418141446110768, 2.4181414461147783, 2.418141446123171, 2.4181414461110116, 2.4181414461164255, 2.4181414461164246, 2.4181414461206403, 2.4181414461255644, 2.4181414461283515, 2.424116882213117, 2.42411688220528, 2.424116882208616, 2.4241168822055075, 2.424116882208233, 2.4241168822074997, 2.4241168822208907, 2.4241168822052233, 2.424116882205076, 2.424116882207434, 2.42411688220316, 2.4241168822221244, 2.4241168821985033, 2.424116882222047, 2.424116882217406, 2.4241168822139514, 2.42411688221765, 2.424116882205648, 2.4241168822171457, 2.4241168822146246, 2.4241168822067136, 2.4241168822157784, 2.4241168822123584, 2.4241168822099026, 2.424116882205084, 2.424116882219614, 2.4241168822228336, 2.424116882222934, 2.424116882206209, 2.4241168822166816, 2.424116882213115, 2.4241168822125303, 2.4241168822085566, 2.4241168822064867, 2.42411688221578, 2.4241168822054413, 2.424116882211024, 2.4241168822110217, 2.4241168822159143, 2.4241168822215355, 2.4241168822254866, 2.426146109778049, 2.42614610977742, 2.4261461097727652, 2.4261461097677905, 2.4261461097827475, 2.4261461097799524, 2.4261461097815338, 2.426146109763671, 2.426146109763405, 2.426146109767388, 2.4261461097683332, 2.426146109794221, 2.4261461097777675, 2.4261461097799706, 2.426146109784778, 2.4261461097701496, 2.4261461097845674, 2.42614610977816, 2.4261461097747477, 2.4261461097827546, 2.4261461097736285, 2.4261461097791543, 2.4261461097767842, 2.4261461097771857, 2.426146109777251, 2.4261461097815964, 2.426146109782567, 2.426146109782933, 2.4261461097766537, 2.4261461097800634, 2.426146109778047, 2.4261461097810817, 2.4261461097762034, 2.426146109771165, 2.4261461097786503, 2.4261461097738968, 2.426146109776941, 2.426146109776963, 2.4261461097800656, 2.426146109783126, 2.4261461097849866, 2.4234170489154545, 2.423417048921999, 2.4234170489097244, 2.423417048906264, 2.423417048926934, 2.4234170489226954, 2.4234170489186946, 2.4234170489048603, 2.4234170489049185, 2.4234170489091125, 2.4234170489131928, 2.423417048931618, 2.423417048927595, 2.4234170489095783, 2.4234170489192124, 2.4234170489017335, 2.42341704892397, 2.4234170489229134, 2.4234170489042604, 2.4234170489198616, 2.423417048913805, 2.423417048919248, 2.4234170489181412, 2.423417048918792, 2.423417048921758, 2.423417048914442, 2.423417048914054, 2.4234170489145583, 2.423417048919268, 2.423417048914399, 2.4234170489154536, 2.4234170489194082, 2.4234170489142115, 2.4234170489091573, 2.4234170489140974, 2.423417048916806, 2.4234170489137035, 2.4234170489138935, 2.4234170489181555, 2.4234170489143416, 2.423417048911366, 2.4200915103118326, 2.420091510322059, 2.4200915103059506, 2.4200915103039495, 2.4200915103251504, 2.420091510320026, 2.420091510316719, 2.4200915103108276, 2.4200915103114493, 2.4200915103131075, 2.420091510321988, 2.420091510321595, 2.420091510330792, 2.420091510300526, 2.420091510311032, 2.4200915102978398, 2.4200915103225755, 2.420091510322634, 2.420091510296324, 2.4200915103154923, 2.420091510313628, 2.4200915103182146, 2.420091510317395, 2.4200915103176524, 2.4200915103216616, 2.420091510306849, 2.4200915103077136, 2.420091510308128, 2.4200915103169276, 2.4200915103080654, 2.420091510311833, 2.4200915103136165, 2.4200915103099185, 2.42009151030597, 2.4200915103094616, 2.420091510316884, 2.4200915103074583, 2.4200915103077856, 2.42009151031687, 2.420091510305524, 2.4200915102995957, 2.4216060775368287, 2.421606077546596, 2.421606077534183, 2.4216060775295976, 2.42160607754822, 2.421606077542787, 2.4216060775423442, 2.4216060775425143, 2.4216060775432386, 2.421606077540879, 2.4216060775561554, 2.4216060775389296, 2.421606077557734, 2.4216060775244435, 2.421606077533325, 2.421606077527459, 2.421606077547839, 2.4216060775454444, 2.4216060775240575, 2.4216060775416306, 2.421606077541621, 2.4216060775409485, 2.4216060775399617, 2.4216060775406985, 2.421606077544726, 2.4216060775307935, 2.421606077534063, 2.421606077534311, 2.4216060775390393, 2.4216060775323083, 2.42160607753683, 2.421606077535065, 2.4216060775340402, 2.421606077531152, 2.4216060775349075, 2.4216060775414854, 2.421606077529642, 2.4216060775299075, 2.42160607754421, 2.42160607752967, 2.4216060775255857, 2.4271431066364637, 2.4271431066431512, 2.427143106640288, 2.42714310663039, 2.427143106643845, 2.427143106639341, 2.4271431066411093, 2.4271431066421787, 2.427143106642465, 2.4271431066376854, 2.42714310665445, 2.4271431066344213, 2.427143106655329, 2.4271431066279368, 2.427143106633464, 2.4271431066333506, 2.4271431066436486, 2.4271431066393045, 2.4271431066325118, 2.427143106643282, 2.427143106642076, 2.4271431066342064, 2.427143106633532, 2.427143106635639, 2.4271431066387157, 2.4271431066328453, 2.427143106636852, 2.4271431066369877, 2.4271431066348135, 2.427143106633799, 2.4271431066364633, 2.4271431066311866, 2.427143106631994, 2.427143106630138, 2.4271431066353557, 2.4271431066371147, 2.4271431066290403, 2.4271431066291593, 2.427143106643641, 2.427143106632944, 2.427143106634021, 2.431503828160582, 2.431503828163017, 2.431503828169159, 2.431503828157294, 2.4315038281632484, 2.4315038281608126, 2.431503828164673, 2.4315038281620995, 2.4315038281619286, 2.431503828158543, 2.431503828166909, 2.4315038281588297, 2.43150382817261, 2.4315038281600274, 2.43150382816123, 2.431503828162221, 2.4315038281609267, 2.431503828158269, 2.4315038281657273, 2.4315038281667993, 2.431503828163909, 2.431503828153426, 2.4315038281536863, 2.431503828157162, 2.4315038281581236, 2.431503828161576, 2.431503828162683, 2.431503828162739, 2.43150382815787, 2.431503828161272, 2.431503828160582, 2.4315038281530694, 2.431503828153454, 2.4315038281527297, 2.4315038281588013, 2.431503828156036, 2.4315038281573838, 2.4315038281574193, 2.4315038281635974, 2.4315038281624615, 2.431503828167825, 2.432430677859189, 2.4324306778563036, 2.4324306778660634, 2.4324306778588904, 2.4324306778574374, 2.432430677857074, 2.4324306778641653, 2.4324306778574507, 2.432430677857115, 2.4324306778574956, 2.4324306778519396, 2.432430677858378, 2.432430677859796, 2.4324306778670333, 2.4324306778647427, 2.4324306778635165, 2.4324306778542413, 2.4324306778551095, 2.432430677867774, 2.4324306778599696, 2.4324306778581226, 2.432430677852909, 2.432430677854098, 2.432430677857561, 2.4324306778559257, 2.4324306778645504, 2.4324306778601725, 2.432430677860148, 2.432430677859003, 2.4324306778624796, 2.4324306778591906, 2.4324306778520546, 2.432430677850543, 2.432430677850943, 2.4324306778555522, 2.432430677851085, 2.43243067786296, 2.4324306778629814, 2.4324306778558893, 2.43243067786474, 2.4324306778702995, 2.4313028031354262, 2.4313028031271675, 2.431302803135588, 2.431302803135789, 2.4313028031303436, 2.431302803131166, 2.4313028031405195, 2.4313028031340824, 2.431302803133793, 2.4313028031366564, 2.4313028031226582, 2.4313028031326978, 2.431302803124416, 2.4313028031469086, 2.4313028031434842, 2.4313028031416257, 2.4313028031307535, 2.4313028031321022, 2.431302803141588, 2.4313028031285975, 2.43130280313116, 2.431302803134306, 2.4313028031353623, 2.4313028031364547, 2.4313028031331085, 2.4313028031423705, 2.431302803133901, 2.4313028031338195, 2.4313028031386024, 2.431302803138935, 2.4313028031354262, 2.431302803131462, 2.431302803129113, 2.431302803130764, 2.4313028031321844, 2.4313028031278514, 2.4313028031438315, 2.4313028031438377, 2.4313028031278168, 2.4313028031409796, 2.4313028031435566, 2.4305254526140443, 2.4305254526036735, 2.430525452608661, 2.4305254526134092, 2.430525452607478, 2.4305254526087094, 2.4305254526157, 2.4305254526149884, 2.4305254526148543, 2.430525452617397, 2.4305254526065485, 2.430525452607805, 2.4305254525973505, 2.4305254526224247, 2.430525452619248, 2.4305254526210547, 2.430525452614758, 2.430525452611842, 2.4305254526161746, 2.4305254526030895, 2.4305254526107345, 2.4305254526178923, 2.430525452617449, 2.430525452614317, 2.4305254526108784, 2.43052545261852, 2.4305254526113256, 2.4305254526112177, 2.4305254526179008, 2.4305254526156697, 2.4305254526140456, 2.4305254526145794, 2.4305254526138653, 2.430525452617209, 2.430525452615776, 2.4305254526120605, 2.43052545262072, 2.4305254526206954, 2.4305254526072457, 2.4305254526163376, 2.4305254526160227, 2.430243422552102, 2.4302434225447613, 2.4302434225464897, 2.43024342255196, 2.4302434225464657, 2.43024342254773, 2.43024342254747, 2.430243422554001, 2.4302434225540486, 2.4302434225546716, 2.430243422554616, 2.430243422544736, 2.4302434225379295, 2.4302434225534126, 2.4302434225502614, 2.4302434225573872, 2.430243422558609, 2.4302434225504332, 2.4302434225521283, 2.4302434225425027, 2.4302434225527603, 2.4302434225578384, 2.4302434225555953, 2.430243422548801, 2.4302434225467233, 2.4302434225517047, 2.4302434225501544, 2.4302434225500553, 2.4302434225534264, 2.430243422550958, 2.4302434225521017, 2.4302434225566367, 2.430243422558878, 2.4302434225639074, 2.4302434225606677, 2.4302434225582115, 2.430243422552548, 2.4302434225524823, 2.4302434225500202, 2.43024342255035, 2.430243422548869, 2.430036869135118, 2.430036869133765, 2.4300368691334984, 2.430036869138476, 2.430036869132685, 2.430036869133794, 2.430036869124356, 2.4300368691355754, 2.430036869135745, 2.4300368691348844, 2.430036869142763, 2.430036869131256, 2.4300368691282346, 2.43003686913023, 2.43003686912725, 2.4300368691365515, 2.430036869143019, 2.4300368691337706, 2.4300368691354803, 2.430036869130276, 2.4300368691387475, 2.4300368691393315, 2.430036869136518, 2.4300368691295025, 2.430036869129598, 2.430036869130914, 2.430036869133874, 2.4300368691337852, 2.4300368691338274, 2.4300368691317407, 2.430036869135119, 2.430036869141636, 2.430036869145781, 2.430036869151107, 2.4300368691465306, 2.430036869146628, 2.4300368691312815, 2.4300368691311744, 2.4300368691366967, 2.430036869131272, 2.430036869129902, 2.4307507626907903, 2.4307507626946556, 2.430750762693197, 2.4307507626990654, 2.4307507626925293, 2.430750762693763, 2.4307507626771225, 2.430750762689348, 2.4307507626895157, 2.4307507626888456, 2.4307507626936973, 2.430750762693279, 2.430750762690251, 2.430750762683941, 2.4307507626821288, 2.4307507626885827, 2.430750762695057, 2.430750762690609, 2.430750762691956, 2.4307507626917295, 2.430750762694128, 2.4307507626917055, 2.430750762690223, 2.4307507626869898, 2.4307507626892026, 2.4307507626852365, 2.4307507626894, 2.4307507626892924, 2.4307507626888682, 2.4307507626879192, 2.430750762690791, 2.4307507626958333, 2.430750762699378, 2.4307507627027047, 2.4307507626973712, 2.430750762701452, 2.4307507626882057, 2.430750762688106, 2.430750762691798, 2.430750762687559, 2.4307507626866247, 2.4312893086497587, 2.4312893086554426, 2.431289308652778, 2.4312893086605905, 2.4312893086542653, 2.4312893086561003, 2.4312893086384806, 2.4312893086486134, 2.431289308648681, 2.4312893086490837, 2.4312893086428375, 2.4312893086564853, 2.4312893086511065, 2.431289308644803, 2.431289308644973, 2.431289308645815, 2.4312893086487413, 2.431289308651781, 2.4312893086506255, 2.4312893086552076, 2.4312893086500584, 2.4312893086477234, 2.4312893086487506, 2.431289308650954, 2.431289308654386, 2.431289308644343, 2.4312893086490583, 2.431289308648914, 2.4312893086476515, 2.431289308650983, 2.4312893086497596, 2.431289308650167, 2.4312893086513476, 2.4312893086509795, 2.431289308646051, 2.4312893086541734, 2.4312893086510674, 2.431289308651058, 2.4312893086478984, 2.431289308648512, 2.4312893086473024, 2.431065376026513, 2.4310653760297747, 2.4310653760265173, 2.43106537603408, 2.4310653760303245, 2.431065376032464, 2.4310653760215053, 2.4310653760278673, 2.431065376027802, 2.431065376028069, 2.431065376013869, 2.431065376031473, 2.431065376026214, 2.4310653760239602, 2.4310653760266248, 2.4310653760227803, 2.4310653760223757, 2.4310653760298777, 2.4310653760266487, 2.4310653760341125, 2.4310653760231564, 2.4310653760222136, 2.4310653760252916, 2.431065376031655, 2.4310653760349616, 2.431065376021993, 2.4310653760280085, 2.431065376027874, 2.4310653760230556, 2.4310653760324135, 2.4310653760265133, 2.431065376022446, 2.431065376021828, 2.4310653760177194, 2.4310653760141316, 2.4310653760237266, 2.431065376029274, 2.4310653760293692, 2.4310653760234824, 2.4310653760268615, 2.4310653760243808, 2.43159063426406, 2.4315906342631197, 2.4315906342608975, 2.4315906342638156, 2.4315906342645714, 2.4315906342662417, 2.431590634264653, 2.4315906342665325, 2.431590634266397, 2.431590634264473, 2.431590634253421, 2.4315906342630123, 2.4315906342626277, 2.431590634261674, 2.4315906342671445, 2.4315906342616644, 2.431590634260294, 2.4315906342658993, 2.4315906342641407, 2.4315906342720117, 2.4315906342588987, 2.4315906342578484, 2.431590634261224, 2.4315906342688924, 2.431590634271028, 2.4315906342613167, 2.4315906342673443, 2.431590634267282, 2.4315906342593556, 2.431590634270911, 2.431590634264059, 2.4315906342589777, 2.431590634258574, 2.4315906342524483, 2.4315906342501847, 2.4315906342574034, 2.4315906342645537, 2.431590634264668, 2.4315906342628097, 2.4315906342649125, 2.4315906342614393, 2.432940475611443, 2.4329404756083526, 2.4329404756087247, 2.432940475605204, 2.4329404756093624, 2.4329404756101165, 2.432940475613683, 2.432940475610708, 2.4329404756105637, 2.4329404756060096, 2.4329404756073063, 2.432940475605742, 2.4329404756120887, 2.432940475607582, 2.4329404756147173, 2.4329404756105286, 2.432940475610048, 2.4329404756094455, 2.432940475612229, 2.4329404756178605, 2.432940475606977, 2.4329404756047284, 2.432940475606893, 2.4329404756129756, 2.4329404756136217, 2.4329404756114075, 2.432940475613833, 2.4329404756138384, 2.4329404756078543, 2.4329404756142545, 2.4329404756114412, 2.4329404756090796, 2.4329404756099344, 2.432940475604675, 2.4329404756027695, 2.4329404756053914, 2.432940475609031, 2.4329404756091066, 2.432940475612743, 2.4329404756121593, 2.432940475609094, 2.433730704850463, 2.4337307048483163, 2.4337307048508423, 2.4337307048446553, 2.433730704847715, 2.433730704847915, 2.433730704852153, 2.4337307048459436, 2.4337307048458143, 2.4337307048400425, 2.433730704852748, 2.4337307048444767, 2.4337307048545904, 2.4337307048464263, 2.433730704851712, 2.433730704850858, 2.4337307048512637, 2.433730704845353, 2.433730704851709, 2.4337307048528745, 2.433730704847871, 2.4337307048463312, 2.4337307048471755, 2.4337307048496104, 2.433730704848791, 2.4337307048530277, 2.433730704849495, 2.433730704849489, 2.4337307048503773, 2.4337307048471755, 2.4337307048504653, 2.433730704851977, 2.4337307048531525, 2.4337307048513837, 2.433730704848848, 2.4337307048479753, 2.4337307048477657, 2.4337307048478047, 2.43373070485255, 2.4337307048509427, 2.4337307048492187, 2.4335886140743006, 2.4335886140746177, 2.433588614076374, 2.4335886140736878, 2.433588614071356, 2.433588614072141, 2.4335886140771548, 2.4335886140720264, 2.433588614071925, 2.4335886140668634, 2.433588614080541, 2.4335886140705814, 2.4335886140795715, 2.43358861407326, 2.4335886140728764, 2.433588614076002, 2.4335886140762066, 2.4335886140696497, 2.4335886140746337, 2.4335886140708674, 2.4335886140737073, 2.4335886140756875, 2.433588614075991, 2.4335886140742384, 2.4335886140719154, 2.4335886140775833, 2.433588614070148, 2.4335886140700698, 2.4335886140776686, 2.4335886140676015, 2.4335886140743, 2.433588614077236, 2.4335886140773844, 2.4335886140797705, 2.4335886140772915, 2.433588614075784, 2.4335886140741945, 2.433588614074247, 2.4335886140748957, 2.4335886140745098, 2.433588614074222, 2.432971614739009, 2.432971614741062, 2.4329716147404996, 2.432971614742876, 2.432971614735703, 2.432971614737592, 2.4329716147443, 2.4329716147434985, 2.4329716147434195, 2.4329716147408074, 2.432971614746337, 2.432971614737388, 2.432971614742528, 2.4329716147428004, 2.4329716147363514, 2.4329716147416165, 2.4329716147411076, 2.4329716147379794, 2.4329716147380895, 2.4329716147306764, 2.4329716147406137, 2.432971614744737, 2.4329716147452185, 2.4329716147407208, 2.4329716147371947, 2.4329716147407696, 2.432971614734544, 2.4329716147343827, 2.432971614743252, 2.432971614734007, 2.4329716147390097, 2.4329716147402833, 2.4329716147395337, 2.432971614744424, 2.432971614744285, 2.432971614742876, 2.432971614741588, 2.4329716147416685, 2.432971614737613, 2.432971614738753, 2.4329716147398885, 2.4329387008815275, 2.4329387008832097, 2.432938700882191, 2.432938700884965, 2.4329387008782044, 2.432938700880311, 2.432938700886852, 2.4329387008892356, 2.432938700889019, 2.4329387008899213, 2.4329387008866377, 2.432938700881387, 2.432938700882937, 2.432938700889047, 2.4329387008803796, 2.4329387008839443, 2.432938700883425, 2.4329387008841454, 2.4329387008812464, 2.432938700872626, 2.4329387008855394, 2.4329387008858134, 2.4329387008867434, 2.4329387008822474, 2.4329387008783945, 2.4329387008810732, 2.432938700880065, 2.432938700880009, 2.4329387008836507, 2.4329387008817864, 2.432938700881528, 2.4329387008809378, 2.432938700880594, 2.432938700885166, 2.43293870088898, 2.4329387008854826, 2.43293870088431, 2.4329387008843257, 2.4329387008795202, 2.432938700880802, 2.4329387008835646, 2.433445238733948, 2.433445238734069, 2.433445238734246, 2.433445238733408, 2.43344523873168, 2.4334452387327126, 2.4334452387362098, 2.433445238737785, 2.4334452387372707, 2.433445238741363, 2.4334452387343695, 2.4334452387358074, 2.4334452387344747, 2.433445238742535, 2.433445238736413, 2.433445238734773, 2.4334452387355667, 2.4334452387382615, 2.433445238735768, 2.4334452387288215, 2.433445238739036, 2.433445238732416, 2.4334452387336962, 2.4334452387317698, 2.433445238728527, 2.433445238732777, 2.4334452387360375, 2.433445238736298, 2.4334452387334427, 2.433445238738788, 2.433445238733947, 2.433445238733226, 2.433445238733759, 2.4334452387357572, 2.43344523874246, 2.433445238735792, 2.433445238735521, 2.4334452387353576, 2.4334452387322143, 2.433445238733597, 2.4334452387377405, 2.433831934013245, 2.433831934012603, 2.433831934012416, 2.433831934010087, 2.433831934012914, 2.4338319340125, 2.433831934012551, 2.4338319340108, 2.4338319340101173, 2.433831934015435, 2.4338319340102332, 2.4338319340173946, 2.433831934013348, 2.43383193401984, 2.4338319340185026, 2.4338319340117427, 2.433831934014679, 2.43383193401773, 2.433831934015777, 2.4338319340129546, 2.4338319340164754, 2.433831934007516, 2.4338319340089454, 2.4338319340106143, 2.4338319340086563, 2.433831934013565, 2.4338319340163452, 2.4338319340168213, 2.4338319340121384, 2.4338319340185413, 2.4338319340132464, 2.4338319340136545, 2.433831934014081, 2.4338319340128, 2.4338319340185866, 2.433831934011804, 2.4338319340141803, 2.433831934013936, 2.4338319340117343, 2.433831934014031, 2.4338319340177628, 2.434306463320698, 2.4343064633209437, 2.4343064633171396, 2.4343064633183276, 2.434306463321616, 2.434306463320614, 2.4343064633200693, 2.434306463316281, 2.4343064633157985, 2.4343064633195732, 2.434306463318579, 2.4343064633253437, 2.434306463319858, 2.4343064633224794, 2.434306463325133, 2.4343064633175917, 2.4343064633223546, 2.4343064633248, 2.4343064633211156, 2.4343064633235363, 2.4343064633201887, 2.434306463315925, 2.4343064633171303, 2.434306463321407, 2.434306463321018, 2.4343064633229536, 2.4343064633221827, 2.4343064633225624, 2.4343064633206306, 2.434306463322683, 2.4343064633206977, 2.4343064633220535, 2.434306463321504, 2.434306463317763, 2.4343064633188667, 2.4343064633167586, 2.4343064633213167, 2.4343064633211973, 2.4343064633198694, 2.434306463321944, 2.434306463322871, 2.4344313536564073, 2.4344313536584985, 2.4344313536505036, 2.4344313536561795, 2.434431353657263, 2.434431353656503, 2.4344313536576703, 2.434431353655029, 2.43443135365493, 2.434431353655337, 2.4344313536586317, 2.434431353659038, 2.4344313536551843, 2.4344313536526925, 2.434431353657015, 2.434431353653459, 2.4344313536585696, 2.4344313536596025, 2.434431353654037, 2.4344313536603397, 2.4344313536534963, 2.4344313536555133, 2.434431353655945, 2.4344313536608007, 2.4344313536617648, 2.434431353659095, 2.434431353655786, 2.434431353655903, 2.4344313536570574, 2.434431353654194, 2.434431353656407, 2.434431353657695, 2.4344313536566946, 2.4344313536522333, 2.4344313536483773, 2.434431353652372, 2.4344313536559197, 2.434431353655966, 2.4344313536572524, 2.434431353656835, 2.4344313536547504, 2.4345174944120163, 2.434517494415357, 2.434517494407768, 2.434517494413252, 2.4345174944126575, 2.4345174944120433, 2.4345174944132877, 2.4345174944134644, 2.4345174944135772, 2.4345174944109695, 2.434517494417796, 2.434517494411912, 2.4345174944126504, 2.434517494405224, 2.4345174944089267, 2.434517494410808, 2.4345174944138597, 2.434517494413238, 2.4345174944096417, 2.4345174944158563, 2.4345174944101986, 2.4345174944130648, 2.434517494412631, 2.434517494416416, 2.4345174944181265, 2.4345174944136767, 2.434517494410478, 2.434517494410439, 2.434517494412187, 2.434517494407319, 2.4345174944120145, 2.434517494412898, 2.434517494412707, 2.434517494409427, 2.434517494403718, 2.434517494410237, 2.434517494409625, 2.4345174944096932, 2.434517494414775, 2.4345174944112693, 2.434517494408856, 2.4349509481846763, 2.4349509481876033, 2.434950948185796, 2.434950948186406, 2.434950948185684, 2.434950948185034, 2.4349509481836127, 2.434950948185772, 2.4349509481858753, 2.4349509481823577, 2.434950948189391, 2.4349509481829865, 2.4349509481884115, 2.434950948178825, 2.4349509481806253, 2.434950948185649, 2.4349509481844387, 2.43495094818342, 2.4349509481851315, 2.4349509481875065, 2.434950948186062, 2.434950948184491, 2.434950948183843, 2.434950948185871, 2.434950948187659, 2.4349509481851217, 2.4349509481834453, 2.434950948183389, 2.4349509481839338, 2.4349509481804517, 2.434950948184676, 2.4349509481852314, 2.4349509481862643, 2.4349509481853078, 2.4349509481811578, 2.434950948185597, 2.434950948181223, 2.434950948181232, 2.4349509481879625, 2.434950948183455, 2.4349509481833, 2.435196018331216, 2.4351960183319994, 2.435196018336275, 2.4351960183325665, 2.4351960183323094, 2.4351960183320056, 2.435196018328866, 2.4351960183312316, 2.4351960183312817, 2.4351960183290777, 2.435196018330118, 2.4351960183289654, 2.435196018335729, 2.435196018329508, 2.435196018329452, 2.435196018333613, 2.435196018328133, 2.4351960183288397, 2.435196018333642, 2.4351960183319266, 2.435196018334526, 2.435196018329663, 2.4351960183295467, 2.4351960183300556, 2.4351960183314736, 2.4351960183308177, 2.4351960183308132, 2.435196018330777, 2.4351960183300165, 2.435196018330288, 2.4351960183312147, 2.43519601833098, 2.435196018332325, 2.435196018333403, 2.435196018332077, 2.4351960183332393, 2.435196018329019, 2.435196018329005, 2.435196018332797, 2.4351960183302532, 2.4351960183320536, 2.4350732240753126, 2.435073224073138, 2.4350732240795123, 2.435073224075576, 2.4350732240753765, 2.435073224075916, 2.4350732240745563, 2.4350732240759645, 2.4350732240759982, 2.435073224075926, 2.4350732240677178, 2.4350732240725477, 2.435073224076684, 2.4350732240780344, 2.435073224077083, 2.435073224077888, 2.4350732240707527, 2.435073224073851, 2.4350732240766195, 2.4350732240732516, 2.435073224077633, 2.435073224074557, 2.4350732240750923, 2.4350732240746815, 2.4350732240755404, 2.4350732240743582, 2.4350732240756954, 2.4350732240756647, 2.4350732240742468, 2.4350732240784536, 2.4350732240753126, 2.4350732240741686, 2.4350732240747597, 2.435073224076574, 2.435073224077048, 2.4350732240766457, 2.435073224075827, 2.4350732240758255, 2.4350732240741535, 2.4350732240747366, 2.4350732240761177, 2.4348817692883546, 2.434881769284368, 2.4348817692892513, 2.434881769287565, 2.4348817692869953, 2.434881769288277, 2.434881769289657, 2.4348817692899116, 2.4348817692899325, 2.4348817692911404, 2.4348817692786904, 2.4348817692853744, 2.4348817692855, 2.4348817692927, 2.4348817692918723, 2.4348817692901483, 2.434881769284679, 2.434881769288198, 2.434881769287351, 2.4348817692844156, 2.4348817692882023, 2.4348817692895457, 2.4348817692900973, 2.4348817692890563, 2.4348817692893316, 2.434881769287336, 2.434881769288984, 2.434881769288962, 2.4348817692877436, 2.434881769293123, 2.4348817692883538, 2.4348817692873954, 2.4348817692872182, 2.434881769288828, 2.4348817692893348, 2.4348817692886904, 2.4348817692906914, 2.4348817692906985, 2.4348817692856244, 2.434881769288082, 2.434881769287638, 2.4351919685838905, 2.4351919685808068, 2.435191968583123, 2.4351919685830015, 2.435191968582098, 2.4351919685834136, 2.4351919685846735, 2.4351919685842063, 2.4351919685842134, 2.435191968585232, 2.4351919685781653, 2.4351919685819996, 2.435191968579524, 2.435191968586339, 2.435191968585994, 2.4351919685846477, 2.435191968582785, 2.435191968583709, 2.4351919685824384, 2.4351919685802756, 2.4351919685821564, 2.4351919685860017, 2.4351919685857095, 2.435191968584061, 2.4351919685837675, 2.435191968583417, 2.435191968584167, 2.435191968584156, 2.43519196858374, 2.4351919685865058, 2.435191968583893, 2.435191968584543, 2.435191968584483, 2.4351919685857912, 2.4351919685853423, 2.4351919685842143, 2.435191968585844, 2.4351919685858463, 2.4351919685818206, 2.4351919685840326, 2.4351919685826617, 2.435377401678963, 2.435377401678818, 2.4353774016786987, 2.4353774016790997, 2.435377401677791, 2.4353774016786023, 2.4353774016773846, 2.4353774016769854, 2.4353774016769782, 2.4353774016768734, 2.4353774016801317, 2.435377401679147, 2.435377401675928, 2.4353774016778784, 2.435377401677669, 2.435377401678993, 2.435377401680511, 2.4353774016777607, 2.4353774016792347, 2.435377401677278, 2.4353774016770444, 2.4353774016806176, 2.435377401679171, 2.4353774016772043, 2.435377401676438, 2.435377401679138, 2.4353774016787466, 2.43537740167875, 2.4353774016789407, 2.4353774016776635, 2.4353774016789624, 2.4353774016811722, 2.4353774016818392, 2.435377401682918, 2.4353774016815724, 2.435377401679856, 2.435377401679165, 2.4353774016791663, 2.4353774016788385, 2.435377401679627, 2.435377401678687, 2.4352296274124696, 2.4352296274150698, 2.435229627412352, 2.4352296274140546, 2.435229627411998, 2.435229627412436, 2.4352296274101204, 2.435229627410542, 2.4352296274105374, 2.4352296274095506, 2.4352296274184617, 2.435229627414287, 2.435229627410683, 2.435229627408991, 2.4352296274084084, 2.4352296274121397, 2.435229627415405, 2.43522962741118, 2.435229627414065, 2.435229627412795, 2.43522962741065, 2.435229627413827, 2.4352296274118066, 2.4352296274102607, 2.4352296274093206, 2.435229627412745, 2.4352296274121388, 2.4352296274121423, 2.4352296274121943, 2.4352296274090266, 2.435229627412469, 2.4352296274142495, 2.4352296274151763, 2.4352296274157283, 2.4352296274141088, 2.4352296274131646, 2.435229627411606, 2.4352296274116045, 2.4352296274136567, 2.435229627413459, 2.4352296274129808, 2.435323998605653, 2.4353239986089537, 2.4353239986043853, 2.4353239986079336, 2.4353239986055875, 2.4353239986058672, 2.4353239986048725, 2.435323998606022, 2.435323998606016, 2.4353239986053308, 2.435323998611277, 2.4353239986080304, 2.4353239986038147, 2.4353239986024637, 2.435323998601515, 2.4353239986048036, 2.4353239986082142, 2.435323998605782, 2.435323998606642, 2.4353239986072888, 2.435323998603717, 2.435323998607152, 2.435323998605614, 2.4353239986052344, 2.4353239986045767, 2.4353239986054795, 2.4353239986056203, 2.4353239986056208, 2.4353239986051434, 2.435323998603308, 2.435323998605653, 2.4353239986052118, 2.435323998605393, 2.435323998605111, 2.4353239986041566, 2.4353239986051043, 2.435323998605286, 2.4353239986052855, 2.435323998606525, 2.43532399860658, 2.435323998605921, 2.4354271625195643, 2.435427162521265, 2.4354271625177875, 2.4354271625207566, 2.43542716251997, 2.43542716251985, 2.4354271625199955, 2.435427162520871, 2.4354271625208677, 2.4354271625213038, 2.4354271625206274, 2.435427162521937, 2.435427162518323, 2.435427162518735, 2.4354271625180686, 2.4354271625178603, 2.4354271625204724, 2.4354271625208384, 2.435427162519475, 2.435427162521839, 2.435427162518125, 2.435427162520055, 2.435427162519699, 2.435427162520521, 2.435427162520479, 2.4354271625189563, 2.4354271625199724, 2.435427162519974, 2.4354271625192427, 2.4354271625199235, 2.435427162519565, 2.435427162517369, 2.4354271625165116, 2.4354271625156674, 2.435427162516421, 2.435427162518106, 2.435427162520071, 2.4354271625200745, 2.435427162519289, 2.4354271625200767, 2.4354271625193857, 2.435357660592235, 2.4353576605914244, 2.435357660591737, 2.4353576605908676, 2.435357660593178, 2.4353576605923655, 2.4353576605921448, 2.435357660592022, 2.4353576605920244, 2.435357660593158, 2.435357660588695, 2.435357660594094, 2.4353576605933704, 2.4353576605938625, 2.4353576605940503, 2.4353576605899385, 2.4353576605915572, 2.4353576605931133, 2.4353576605918694, 2.4353576605946516, 2.4353576605924205, 2.4353576605904705, 2.4353576605911242, 2.4353576605923157, 2.4353576605928544, 2.4353576605914546, 2.435357660592906, 2.4353576605929104, 2.4353576605924503, 2.4353576605944305, 2.4353576605922362, 2.435357660590062, 2.4353576605888723, 2.435357660588223, 2.4353576605910456, 2.4353576605914014, 2.4353576605926173, 2.435357660592619, 2.435357660591397, 2.435357660592041, 2.4353576605919844, 2.4352839678080427, 2.435283967805755, 2.4352839678091547, 2.4352839678048466, 2.435283967809167, 2.435283967807901, 2.435283967807537, 2.435283967806816, 2.4352839678068197, 2.435283967807548, 2.435283967803814, 2.4352839678085147, 2.4352839678114715, 2.4352839678105047, 2.4352839678112037, 2.4352839678059794, 2.435283967806986, 2.4352839678078677, 2.435283967807345, 2.4352839678098324, 2.43528396780978, 2.4352839678054172, 2.435283967806302, 2.4352839678067606, 2.4352839678075657, 2.435283967807333, 2.435283967808428, 2.4352839678084317, 2.4352839678088385, 2.4352839678099727, 2.4352839678080436, 2.4352839678068254, 2.4352839678059834, 2.435283967806185, 2.4352839678098728, 2.435283967808793, 2.4352839678074787, 2.4352839678074787, 2.435283967807694, 2.4352839678070324, 2.435283967807423, 2.4354080437125436, 2.435408043710712, 2.435408043714049, 2.4354080437100727, 2.435408043713354, 2.435408043712253, 2.435408043713295, 2.43540804371282, 2.4354080437128145, 2.4354080437124868, 2.435408043711547, 2.435408043711258, 2.4354080437160737, 2.4354080437140806, 2.4354080437143653, 2.4354080437115435, 2.4354080437121817, 2.435408043711912, 2.435408043710896, 2.4354080437128913, 2.4354080437143244, 2.4354080437119547, 2.4354080437123575, 2.4354080437116146, 2.4354080437122536, 2.4354080437121843, 2.4354080437120667, 2.435408043712066, 2.435408043713788, 2.4354080437126484, 2.435408043712544, 2.435408043711894, 2.4354080437114076, 2.4354080437124734, 2.435408043715028, 2.4354080437142946, 2.4354080437114756, 2.4354080437114773, 2.4354080437129912, 2.4354080437111567, 2.435408043711171, 2.435479003951293, 2.4354790039510377, 2.435479003952549, 2.435479003951212, 2.435479003951756, 2.435479003951129, 2.435479003953585, 2.435479003953316, 2.435479003953304, 2.4354790039523, 2.43547900395401, 2.435479003949234, 2.4354790039531524, 2.435479003951392, 2.435479003950937, 2.4354790039517002, 2.43547900395164, 2.435479003950685, 2.4354790039494194, 2.4354790039502254, 2.435479003951777, 2.4354790039533736, 2.4354790039530934, 2.4354790039516163, 2.435479003951783, 2.4354790039516514, 2.4354790039500047, 2.435479003950007, 2.43547900395271, 2.4354790039495158, 2.4354790039512935, 2.4354790039507552, 2.435479003950397, 2.435479003951728, 2.4354790039522247, 2.4354790039525867, 2.4354790039508045, 2.435479003950802, 2.4354790039519663, 2.435479003950568, 2.435479003950186, 2.435527676037211, 2.4355276760378737, 2.4355276760385682, 2.4355276760385243, 2.435527676037604, 2.435527676037229, 2.4355276760392375, 2.435527676038308, 2.435527676038301, 2.4355276760375717, 2.4355276760411737, 2.4355276760358255, 2.4355276760372515, 2.435527676036513, 2.4355276760360223, 2.435527676038685, 2.435527676037643, 2.435527676036407, 2.4355276760369264, 2.435527676035743, 2.4355276760364415, 2.4355276760394937, 2.435527676038819, 2.435527676037475, 2.435527676037142, 2.4355276760383213, 2.435527676036148, 2.4355276760361493, 2.4355276760381623, 2.435527676034895, 2.435527676037212, 2.4355276760370095, 2.4355276760368927, 2.435527676037703, 2.435527676036944, 2.435527676036976, 2.435527676037526, 2.435527676037526, 2.435527676037667, 2.4355276760378946, 2.435527676037974, 2.4355592410733933, 2.4355592410734968, 2.435559241074494, 2.4355592410739355, 2.4355592410737503, 2.435559241073333, 2.4355592410739106, 2.435559241072115, 2.435559241072116, 2.435559241072331, 2.435559241075996, 2.4355592410730913, 2.435559241071858, 2.435559241072838, 2.435559241073145, 2.4355592410750955, 2.4355592410736118, 2.435559241072543, 2.43555924107495, 2.435559241072452, 2.4355592410721485, 2.4355592410738334, 2.4355592410731712, 2.435559241072505, 2.4355592410719575, 2.4355592410746185, 2.4355592410736695, 2.4355592410736686, 2.4355592410732525, 2.435559241072312, 2.4355592410733937, 2.4355592410737303, 2.435559241073995, 2.4355592410737485, 2.4355592410730935, 2.435559241071623, 2.435559241073922, 2.435559241073923, 2.4355592410736344, 2.4355592410751106, 2.4355592410759237, 2.4355389728625636, 2.4355389728615604, 2.4355389728621883, 2.4355389728616745, 2.435538972862766, 2.435538972862318, 2.4355389728622523, 2.4355389728607055, 2.435538972860698, 2.435538972861943, 2.435538972862859, 2.4355389728628216, 2.4355389728595664, 2.43553897286256, 2.435538972863646, 2.4355389728636214, 2.4355389728626755, 2.4355389728626315, 2.4355389728639993, 2.435538972862155, 2.4355389728614076, 2.435538972861971, 2.4355389728616, 2.4355389728615155, 2.4355389728611705, 2.4355389728630255, 2.4355389728640553, 2.435538972864058, 2.4355389728615537, 2.435538972863474, 2.435538972862563, 2.435538972863124, 2.4355389728634895, 2.4355389728623, 2.435538972862153, 2.4355389728602566, 2.4355389728630317, 2.4355389728630286, 2.435538972862574, 2.435538972864137, 2.435538972864859, 2.4355794497874825, 2.435579449786227, 2.4355794497856835, 2.435579449786431, 2.435579449787847, 2.4355794497874856, 2.4355794497869154, 2.4355794497868426, 2.435579449786839, 2.4355794497886536, 2.4355794497860983, 2.435579449788162, 2.435579449784239, 2.435579449787607, 2.435579449788842, 2.4355794497874954, 2.435579449787439, 2.4355794497888303, 2.4355794497872734, 2.435579449787129, 2.435579449786955, 2.435579449787586, 2.435579449787529, 2.435579449787552, 2.4355794497877117, 2.4355794497869088, 2.4355794497888636, 2.435579449788869, 2.4355794497866783, 2.4355794497892953, 2.4355794497874825, 2.43557944978813, 2.435579449788242, 2.435579449786874, 2.4355794497867036, 2.435579449786122, 2.435579449788005, 2.435579449788002, 2.435579449787203, 2.4355794497879697, 2.4355794497880487, 2.435630719404685, 2.435630719404327, 2.4356307194032976, 2.4356307194046845, 2.435630719405779, 2.4356307194053386, 2.4356307194031395, 2.435630719404769, 2.4356307194047724, 2.43563071940637, 2.435630719403026, 2.4356307194060642, 2.435630719403409, 2.435630719404279, 2.435630719405083, 2.435630719403984, 2.435630719404238, 2.435630719406262, 2.4356307194035933, 2.435630719404331, 2.4356307194055558, 2.435630719405608, 2.4356307194056575, 2.4356307194054057, 2.4356307194060443, 2.4356307194035303, 2.4356307194048585, 2.435630719404861, 2.4356307194048616, 2.4356307194055673, 2.435630719404686, 2.435630719405684, 2.4356307194056344, 2.4356307194049056, 2.4356307194044224, 2.435630719405277, 2.435630719405038, 2.4356307194050366, 2.4356307194043914, 2.435630719404034, 2.4356307194040707, 2.435629322555022, 2.4356293225556325, 2.435629322555242, 2.4356293225557333, 2.435629322556551, 2.4356293225559096, 2.435629322552401, 2.435629322555098, 2.435629322555095, 2.4356293225556915, 2.435629322554421, 2.4356293225564642, 2.435629322556435, 2.4356293225538974, 2.4356293225540444, 2.4356293225545156, 2.4356293225541874, 2.435629322555564, 2.435629322554594, 2.435629322555162, 2.435629322557355, 2.4356293225557235, 2.435629322555667, 2.4356293225551586, 2.4356293225559855, 2.435629322553752, 2.4356293225543433, 2.4356293225543424, 2.4356293225556405, 2.4356293225544303, 2.4356293225550223, 2.435629322556177, 2.4356293225563563, 2.435629322556416, 2.435629322555948, 2.4356293225571934, 2.435629322554545, 2.435629322554545, 2.4356293225553194, 2.4356293225537526, 2.435629322554379, 2.4356748958099064, 2.4356748958105343, 2.4356748958107652, 2.435674895810242, 2.4356748958108057, 2.435674895810193, 2.435674895807944, 2.4356748958105117, 2.4356748958105054, 2.43567489580993, 2.4356748958104397, 2.4356748958101475, 2.435674895812139, 2.43567489580858, 2.435674895808314, 2.4356748958102306, 2.4356748958089423, 2.4356748958093175, 2.4356748958103243, 2.4356748958107493, 2.435674895812275, 2.435674895810023, 2.4356748958099033, 2.435674895809591, 2.435674895810302, 2.435674895808837, 2.435674895809447, 2.4356748958094467, 2.435674895809952, 2.4356748958089214, 2.435674895809907, 2.4356748958103682, 2.435674895810722, 2.4356748958109704, 2.435674895810756, 2.4356748958119225, 2.4356748958086514, 2.435674895808654, 2.4356748958108607, 2.435674895808726, 2.4356748958094743, 2.4357475793846213, 2.435747579384511, 2.43574757938477, 2.435747579384274, 2.435747579384438, 2.435747579384164, 2.4357475793848553, 2.435747579385737, 2.435747579385732, 2.435747579384647, 2.435747579384725, 2.4357475793836243, 2.435747579385545, 2.435747579383923, 2.4357475793837597, 2.4357475793854695, 2.435747579383541, 2.4357475793835537, 2.43574757938507, 2.435747579385725, 2.4357475793851773, 2.4357475793844885, 2.435747579384618, 2.4357475793849845, 2.4357475793853953, 2.4357475793843, 2.4357475793846404, 2.4357475793846475, 2.4357475793841425, 2.435747579384253, 2.435747579384619, 2.4357475793840333, 2.435747579383981, 2.435747579383793, 2.4357475793836034, 2.4357475793847714, 2.4357475793838437, 2.435747579383843, 2.435747579385322, 2.4357475793842482, 2.4357475793843184, 2.4357188761203963, 2.4357188761196977, 2.4357188761201196, 2.4357188761197777, 2.4357188761197204, 2.4357188761197612, 2.435718876122207, 2.4357188761205597, 2.4357188761205624, 2.4357188761197, 2.4357188761190263, 2.435718876119374, 2.4357188761199775, 2.4357188761206983, 2.4357188761209088, 2.4357188761210398, 2.4357188761192705, 2.4357188761192052, 2.4357188761206086, 2.435718876121214, 2.4357188761188393, 2.4357188761199895, 2.4357188761204744, 2.435718876121416, 2.435718876121488, 2.435718876121198, 2.43571887612045, 2.4357188761204562, 2.43571887612015, 2.4357188761205397, 2.4357188761203967, 2.4357188761195183, 2.4357188761188673, 2.4357188761183166, 2.4357188761180657, 2.435718876118692, 2.4357188761209243, 2.435718876120919, 2.4357188761201543, 2.435718876121083, 2.435718876120496, 2.4357157300970003, 2.4357157300964256, 2.4357157300972334, 2.43571573009635, 2.4357157300964176, 2.435715730096591, 2.4357157300988415, 2.4357157300957795, 2.4357157300957826, 2.4357157300951755, 2.435715730095611, 2.435715730096565, 2.4357157300964793, 2.4357157300978862, 2.435715730098111, 2.4357157300972334, 2.4357157300965913, 2.435715730095869, 2.4357157300971166, 2.4357157300973453, 2.435715730094826, 2.4357157300961987, 2.435715730096729, 2.4357157300974257, 2.435715730097225, 2.435715730098283, 2.4357157300970704, 2.435715730097071, 2.4357157300970123, 2.4357157300971846, 2.4357157300970025, 2.4357157300967205, 2.4357157300960974, 2.435715730095802, 2.435715730095884, 2.435715730095196, 2.435715730097917, 2.4357157300979155, 2.4357157300964625, 2.4357157300980616, 2.4357157300973586, 2.435752047516959, 2.43575204751714, 2.4357520475176178, 2.435752047516555, 2.435752047516465, 2.4357520475167536, 2.4357520475183128, 2.4357520475160683, 2.4357520475160626, 2.4357520475154444, 2.435752047517669, 2.4357520475167855, 2.435752047516853, 2.435752047517831, 2.4357520475173318, 2.435752047516966, 2.43575204751793, 2.435752047516404, 2.4357520475166923, 2.4357520475167527, 2.4357520475156536, 2.4357520475164183, 2.435752047516652, 2.435752047516375, 2.4357520475159986, 2.4357520475176, 2.435752047517304, 2.4357520475173033, 2.4357520475167136, 2.4357520475170658, 2.4357520475169583, 2.435752047517257, 2.4357520475172127, 2.435752047517623, 2.435752047518305, 2.4357520475166408, 2.4357520475170484, 2.4357520475170493, 2.4357520475170795, 2.4357520475173886, 2.4357520475167345, 2.435725917856825, 2.4357259178579107, 2.4357259178573565, 2.435725917857388, 2.4357259178565016, 2.4357259178569293, 2.4357259178577957, 2.4357259178573503, 2.4357259178573476, 2.43572591785699, 2.4357259178591195, 2.435725917857128, 2.4357259178569035, 2.43572591785766, 2.4357259178561397, 2.4357259178565602, 2.435725917858498, 2.435725917857236, 2.4357259178559847, 2.4357259178559993, 2.4357259178566113, 2.435725917857217, 2.435725917857267, 2.435725917856216, 2.435725917855758, 2.4357259178566366, 2.4357259178570905, 2.4357259178570922, 2.4357259178565998, 2.4357259178568387, 2.435725917856825, 2.435725917857213, 2.4357259178574395, 2.4357259178584014, 2.435725917859355, 2.43572591785794, 2.435725917856518, 2.4357259178565203, 2.435725917857268, 2.4357259178564536, 2.435725917855853, 2.435725994508735, 2.4357259945100944, 2.4357259945089944, 2.4357259945102436, 2.4357259945087737, 2.435725994509189, 2.435725994508918, 2.435725994509546, 2.4357259945095415, 2.4357259945099616, 2.435725994510162, 2.435725994510087, 2.435725994508874, 2.435725994509841, 2.435725994507907, 2.4357259945080334, 2.4357259945096974, 2.435725994509693, 2.4357259945079925, 2.435725994507705, 2.435725994509103, 2.435725994509466, 2.435725994509644, 2.4357259945087235, 2.435725994508237, 2.4357259945084153, 2.4357259945084726, 2.435725994508471, 2.4357259945091525, 2.4357259945086582, 2.4357259945087364, 2.4357259945089913, 2.435725994508927, 2.4357259945098293, 2.4357259945106935, 2.435725994510044, 2.435725994509086, 2.43572599450909, 2.4357259945085734, 2.4357259945082155, 2.435725994507954, 2.4357771503271155, 2.4357771503276986, 2.4357771503268872, 2.435777150328042, 2.435777150327105, 2.435777150327329, 2.435777150326348, 2.435777150327148, 2.4357771503271377, 2.435777150328097, 2.43577715032673, 2.435777150328802, 2.4357771503271683, 2.435777150328344, 2.435777150327006, 2.435777150326269, 2.4357771503269126, 2.4357771503277634, 2.435777150327291, 2.435777150326722, 2.435777150327701, 2.435777150326985, 2.4357771503273202, 2.435777150327174, 2.435777150326663, 2.4357771503269805, 2.4357771503268513, 2.4357771503268566, 2.435777150327713, 2.4357771503272754, 2.4357771503271164, 2.4357771503271515, 2.4357771503269103, 2.4357771503271186, 2.435777150327977, 2.4357771503276444, 2.4357771503277674, 2.435777150327768, 2.435777150326541, 2.4357771503268446, 2.435777150327054, 2.4357902036432493, 2.43579020364273, 2.4357902036421963, 2.4357902036425036, 2.4357902036426453, 2.435790203642682, 2.4357902036422847, 2.435790203643011, 2.4357902036429953, 2.4357902036436503, 2.4357902036422843, 2.4357902036438324, 2.435790203642975, 2.435790203643971, 2.4357902036437613, 2.4357902036427417, 2.435790203642517, 2.4357902036432204, 2.435790203644149, 2.4357902036438364, 2.4357902036437613, 2.4357902036421923, 2.435790203642454, 2.435790203643039, 2.4357902036425627, 2.435790203643113, 2.435790203643611, 2.435790203643619, 2.4357902036432115, 2.435790203643759, 2.4357902036432493, 2.435790203642966, 2.4357902036429384, 2.4357902036422874, 2.4357902036430517, 2.4357902036428767, 2.4357902036432315, 2.4357902036432284, 2.4357902036431036, 2.4357902036431223, 2.4357902036434274, 2.4357847729383346, 2.4357847729376103, 2.435784772936951, 2.4357847729370987, 2.435784772937511, 2.4357847729374953, 2.43578477293785, 2.4357847729383417, 2.435784772938335, 2.435784772938238, 2.4357847729378803, 2.4357847729377258, 2.435784772937996, 2.4357847729380557, 2.4357847729387454, 2.4357847729382014, 2.435784772937575, 2.435784772937847, 2.435784772939073, 2.435784772939241, 2.435784772938388, 2.435784772937481, 2.435784772937557, 2.435784772938419, 2.4357847729381628, 2.4357847729383, 2.4357847729387507, 2.4357847729387565, 2.4357847729379976, 2.435784772938509, 2.435784772938336, 2.435784772937933, 2.4357847729380704, 2.435784772937039, 2.435784772936989, 2.4357847729374855, 2.435784772937889, 2.435784772937889, 2.4357847729386224, 2.4357847729383106, 2.4357847729383324, 2.435792717303713, 2.4357927173038307, 2.435792717303168, 2.4357927173036944, 2.435792717303532, 2.435792717303533, 2.4357927173035603, 2.435792717303655, 2.4357927173036575, 2.435792717303001, 2.4357927173037934, 2.4357927173028884, 2.435792717303988, 2.4357927173025633, 2.4357927173035843, 2.4357927173037215, 2.4357927173030065, 2.435792717303104, 2.4357927173038254, 2.435792717304098, 2.4357927173033507, 2.435792717303791, 2.4357927173037432, 2.435792717304413, 2.4357927173045044, 2.4357927173039613, 2.4357927173033755, 2.4357927173033724, 2.435792717303828, 2.4357927173030056, 2.4357927173037144, 2.435792717303583, 2.435792717303704, 2.435792717302978, 2.435792717301774, 2.4357927173030203, 2.435792717303646, 2.435792717303647, 2.4357927173038934, 2.4357927173038685, 2.43579271730372, 2.43578296606402, 2.435782966064873, 2.435782966064694, 2.4357829660649823, 2.4357829660645023, 2.4357829660645134, 2.4357829660639303, 2.4357829660639223, 2.435782966063931, 2.4357829660630435, 2.4357829660645374, 2.435782966063181, 2.4357829660649704, 2.4357829660626864, 2.4357829660635577, 2.435782966064215, 2.435782966063651, 2.4357829660635972, 2.4357829660636807, 2.435782966063757, 2.4357829660638464, 2.435782966064611, 2.4357829660644827, 2.4357829660646404, 2.435782966065033, 2.4357829660641546, 2.4357829660634245, 2.4357829660634165, 2.4357829660642176, 2.4357829660631567, 2.4357829660640213, 2.435782966064173, 2.4357829660644703, 2.4357829660643664, 2.435782966062844, 2.4357829660639925, 2.435782966064067, 2.4357829660640684, 2.4357829660641754, 2.4357829660641346, 2.4357829660641075, 2.435790141946386, 2.435790141947015, 2.4357901419474848, 2.4357901419469776, 2.4357901419468937, 2.435790141946912, 2.4357901419463994, 2.4357901419465633, 2.435790141946579, 2.4357901419458745, 2.4357901419469505, 2.43579014194527, 2.435790141947214, 2.4357901419456645, 2.4357901419462493, 2.4357901419468426, 2.435790141946554, 2.435790141946403, 2.4357901419459065, 2.4357901419458043, 2.435790141946733, 2.43579014194673, 2.4357901419466095, 2.4357901419463373, 2.435790141946812, 2.4357901419460197, 2.4357901419464816, 2.435790141946475, 2.4357901419459664, 2.4357901419465118, 2.4357901419463865, 2.435790141946533, 2.4357901419471437, 2.435790141947431, 2.435790141946633, 2.4357901419468906, 2.435790141946015, 2.4357901419460126, 2.4357901419467476, 2.4357901419462347, 2.4357901419463683, 2.4358006782020567, 2.4358006782019563, 2.435800678202721, 2.4358006782020607, 2.4358006782023622, 2.4358006782023858, 2.435800678202069, 2.4358006782021473, 2.435800678202157, 2.435800678202179, 2.4358006782016353, 2.4358006782012565, 2.4358006782020314, 2.435800678202341, 2.435800678202734, 2.4358006782024613, 2.435800678202322, 2.4358006782025208, 2.435800678201652, 2.4358006782013595, 2.435800678202507, 2.4358006782019777, 2.435800678202024, 2.435800678201753, 2.4358006782021, 2.43580067820163, 2.4358006782026, 2.435800678202601, 2.4358006782014865, 2.435800678203109, 2.4358006782020554, 2.4358006782021344, 2.4358006782026287, 2.4358006782029062, 2.4358006782028503, 2.4358006782024244, 2.435800678201834, 2.4358006782018258, 2.4358006782021144, 2.435800678201879, 2.43580067820208, 2.4358081621380023, 2.4358081621375107, 2.4358081621379584, 2.435808162138065, 2.4358081621382097, 2.435808162138212, 2.4358081621377865, 2.4358081621376284, 2.4358081621376204, 2.435808162138415, 2.4358081621366097, 2.4358081621382013, 2.435808162137154, 2.4358081621388794, 2.4358081621391054, 2.435808162138109, 2.4358081621380014, 2.435808162138599, 2.435808162137894, 2.43580816213735, 2.4358081621381373, 2.435808162137832, 2.435808162138016, 2.435808162138032, 2.43580816213812, 2.4358081621381227, 2.4358081621381853, 2.4358081621381915, 2.435808162138074, 2.43580816213889, 2.435808162138002, 2.4358081621381373, 2.4358081621381364, 2.4358081621382226, 2.435808162138288, 2.435808162137878, 2.4358081621384815, 2.435808162138474, 2.4358081621374112, 2.4358081621380907, 2.435808162138306, 2.435815464741599, 2.435815464741232, 2.4358154647409194, 2.435815464741734, 2.4358154647415065, 2.435815464741484, 2.4358154647412125, 2.4358154647413435, 2.435815464741333, 2.4358154647421233, 2.4358154647410237, 2.435815464742266, 2.4358154647404846, 2.435815464742154, 2.435815464742091, 2.435815464741679, 2.4358154647417276, 2.435815464741946, 2.43581546474195, 2.4358154647413803, 2.435815464741649, 2.435815464741562, 2.4358154647415873, 2.435815464741731, 2.435815464741552, 2.4358154647420647, 2.4358154647414367, 2.4358154647414403, 2.435815464742003, 2.4358154647416153, 2.4358154647415975, 2.4358154647417223, 2.4358154647415238, 2.435815464741492, 2.4358154647414465, 2.4358154647413643, 2.435815464741998, 2.4358154647419887, 2.4358154647411228, 2.4358154647417427, 2.4358154647419448, 2.4358102916573316, 2.435810291657332, 2.4358102916564452, 2.435810291657257, 2.435810291656892, 2.435810291656839, 2.435810291656951, 2.4358102916576465, 2.4358102916576345, 2.435810291657787, 2.4358102916585445, 2.4358102916577287, 2.4358102916566415, 2.435810291657118, 2.4358102916567863, 2.4358102916576105, 2.435810291657944, 2.4358102916572872, 2.4358102916580493, 2.435810291657752, 2.4358102916576314, 2.4358102916573623, 2.4358102916570905, 2.435810291657144, 2.4358102916568405, 2.4358102916576643, 2.435810291657204, 2.4358102916572046, 2.4358102916574818, 2.4358102916566073, 2.4358102916573316, 2.435810291657333, 2.4358102916573188, 2.435810291657314, 2.435810291657299, 2.435810291657422, 2.4358102916569138, 2.435810291656906, 2.4358102916575928, 2.4358102916572717, 2.4358102916574724, 2.4358124944606603, 2.4358124944609463, 2.435812494460189, 2.4358124944606443, 2.4358124944603516, 2.435812494460283, 2.4358124944604214, 2.435812494460991, 2.435812494460984, 2.435812494460724, 2.4358124944621484, 2.435812494460958, 2.435812494460766, 2.435812494460127, 2.435812494459795, 2.435812494460806, 2.4358124944613113, 2.4358124944604382, 2.435812494461264, 2.4358124944613255, 2.43581249446096, 2.435812494460665, 2.4358124944603876, 2.4358124944604342, 2.435812494460232, 2.4358124944608526, 2.435812494460439, 2.4358124944604396, 2.4358124944607678, 2.4358124944597606, 2.435812494460661, 2.4358124944605817, 2.4358124944605697, 2.435812494460659, 2.435812494460654, 2.4358124944609036, 2.435812494460122, 2.4358124944601194, 2.4358124944610537, 2.4358124944605763, 2.435812494460749, 2.435825953818036, 2.4358259538182367, 2.4358259538181133, 2.435825953818171, 2.4358259538181284, 2.435825953818108, 2.4358259538182163, 2.435825953818011, 2.4358259538180134, 2.4358259538178024, 2.4358259538180635, 2.4358259538183944, 2.4358259538186946, 2.4358259538178593, 2.4358259538177967, 2.4358259538177363, 2.4358259538182754, 2.4358259538180036, 2.4358259538179987, 2.4358259538184677, 2.435825953817945, 2.435825953817988, 2.435825953818027, 2.435825953818199, 2.4358259538182354, 2.4358259538181373, 2.4358259538176994, 2.4358259538176936, 2.435825953818311, 2.4358259538177167, 2.4358259538180347, 2.435825953817878, 2.4358259538176026, 2.4358259538177247, 2.4358259538177647, 2.4358259538180693, 2.4358259538181626, 2.4358259538181675, 2.435825953817861, 2.435825953818104, 2.4358259538181013, 2.435814209628813, 2.4358142096285746, 2.435814209629153, 2.43581420962854, 2.4358142096289668, 2.435814209629035, 2.4358142096295174, 2.435814209628813, 2.4358142096288176, 2.4358142096286364, 2.4358142096277313, 2.435814209628707, 2.4358142096295827, 2.4358142096290902, 2.435814209629292, 2.435814209628347, 2.4358142096288824, 2.4358142096290423, 2.4358142096281936, 2.4358142096289885, 2.4358142096284725, 2.435814209628602, 2.435814209628876, 2.4358142096290427, 2.435814209629256, 2.435814209628579, 2.4358142096288287, 2.4358142096288264, 2.435814209628786, 2.435814209629477, 2.4358142096288127, 2.435814209628516, 2.435814209628227, 2.4358142096283415, 2.435814209628666, 2.435814209628708, 2.4358142096291613, 2.435814209629169, 2.4358142096283997, 2.435814209628872, 2.4358142096286386, 2.435811373471359, 2.435811373470904, 2.4358113734718745, 2.4358113734707048, 2.435811373471352, 2.4358113734714766, 2.4358113734721236, 2.435811373471452, 2.4358113734714593, 2.435811373471154, 2.4358113734704663, 2.4358113734707585, 2.4358113734721085, 2.435811373471651, 2.4358113734718727, 2.4358113734711027, 2.4358113734715303, 2.4358113734715348, 2.435811373470759, 2.4358113734714104, 2.4358113734710987, 2.435811373471021, 2.435811373471231, 2.4358113734712123, 2.4358113734714086, 2.4358113734708766, 2.4358113734717177, 2.435811373471715, 2.4358113734709392, 2.43581137347234, 2.4358113734713585, 2.4358113734711018, 2.4358113734710525, 2.435811373471229, 2.435811373471746, 2.43581137347139, 2.435811373471397, 2.435811373471406, 2.4358113734711897, 2.435811373471336, 2.4358113734710827, 2.4358307252066616, 2.435830725206509, 2.435830725207301, 2.4358307252065097, 2.435830725206649, 2.435830725206812, 2.4358307252069933, 2.4358307252065807, 2.4358307252065794, 2.435830725206286, 2.435830725206482, 2.4358307252062907, 2.4358307252072606, 2.435830725206614, 2.435830725206606, 2.435830725206651, 2.4358307252067877, 2.4358307252065803, 2.435830725206504, 2.4358307252065394, 2.4358307252064284, 2.435830725206591, 2.4358307252065967, 2.4358307252064115, 2.4358307252064413, 2.4358307252064537, 2.435830725206692, 2.4358307252066855, 2.435830725206484, 2.435830725206867, 2.4358307252066633, 2.4358307252066695, 2.4358307252067015, 2.43583072520697, 2.435830725207128, 2.4358307252068006, 2.435830725206711, 2.4358307252067166, 2.435830725206597, 2.435830725206741, 2.4358307252066247, 2.4358319094230647, 2.4358319094231966, 2.4358319094233027, 2.435831909423536, 2.435831909422962, 2.435831909423179, 2.435831909423065, 2.4358319094230816, 2.4358319094230803, 2.43583190942297, 2.4358319094235306, 2.4358319094230865, 2.4358319094230465, 2.435831909422681, 2.4358319094224203, 2.435831909423233, 2.4358319094230896, 2.435831909422899, 2.435831909423264, 2.4358319094227956, 2.4358319094227254, 2.4358319094234804, 2.4358319094233023, 2.435831909423092, 2.435831909422913, 2.43583190942323, 2.4358319094226575, 2.4358319094226526, 2.4358319094232677, 2.4358319094224195, 2.435831909423065, 2.4358319094232224, 2.4358319094231793, 2.435831909423378, 2.435831909423035, 2.4358319094231047, 2.4358319094232694, 2.435831909423271, 2.4358319094229954, 2.4358319094232455, 2.4358319094231464, 2.435827608602269, 2.435827608602166, 2.435827608601854, 2.4358276086025032, 2.435827608601908, 2.435827608602119, 2.435827608602091, 2.4358276086025414, 2.435827608602541, 2.4358276086026804, 2.435827608602921, 2.435827608602298, 2.4358276086015014, 2.4358276086018775, 2.4358276086016053, 2.4358276086025628, 2.4358276086022923, 2.435827608602214, 2.435827608602692, 2.4358276086021116, 2.435827608602014, 2.435827608602671, 2.4358276086024166, 2.435827608602302, 2.435827608602016, 2.435827608602452, 2.4358276086020445, 2.43582760860204, 2.4358276086023407, 2.4358276086016457, 2.4358276086022705, 2.4358276086023842, 2.435827608602386, 2.4358276086023465, 2.435827608602017, 2.4358276086021733, 2.4358276086022626, 2.435827608602264, 2.4358276086023656, 2.435827608602359, 2.435827608602232, 2.435829617573894, 2.4358296175734173, 2.4358296175733587, 2.435829617573628, 2.4358296175735803, 2.435829617573669, 2.4358296175733782, 2.435829617573848, 2.4358296175738396, 2.4358296175742895, 2.4358296175738605, 2.4358296175740466, 2.435829617572981, 2.4358296175738245, 2.435829617573768, 2.435829617574073, 2.4358296175737886, 2.4358296175739755, 2.435829617574452, 2.4358296175739396, 2.435829617573905, 2.4358296175737437, 2.4358296175735927, 2.4358296175736607, 2.435829617573453, 2.4358296175739613, 2.4358296175740235, 2.4358296175740257, 2.4358296175737646, 2.4358296175738126, 2.4358296175738943, 2.435829617574024, 2.435829617574092, 2.4358296175738636, 2.435829617573881, 2.435829617573728, 2.435829617573733, 2.435829617573728, 2.435829617574001, 2.4358296175738983, 2.43582961757391, 2.43583405792221, 2.435834057921805, 2.435834057922049, 2.4358340579220625, 2.4358340579223183, 2.4358340579222935, 2.435834057921592, 2.435834057921811, 2.4358340579218076, 2.4358340579224196, 2.4358340579213316, 2.4358340579226376, 2.4358340579216926, 2.4358340579223983, 2.4358340579225333, 2.4358340579221127, 2.4358340579219093, 2.435834057922491, 2.4358340579225004, 2.435834057922236, 2.4358340579223596, 2.4358340579218543, 2.4358340579218747, 2.4358340579220656, 2.4358340579220807, 2.4358340579222224, 2.435834057922333, 2.435834057922337, 2.43583405792218, 2.4358340579224977, 2.4358340579222095, 2.435834057922357, 2.4358340579223485, 2.4358340579221505, 2.4358340579222637, 2.4358340579220887, 2.43583405792226, 2.435834057922259, 2.4358340579220723, 2.4358340579221944, 2.435834057922305, 2.435839163446591, 2.435839163446611, 2.4358391634467127, 2.4358391634467935, 2.43583916344695, 2.4358391634469143, 2.4358391634464347, 2.4358391634465986, 2.435839163446606, 2.4358391634469085, 2.435839163445929, 2.435839163446814, 2.4358391634465413, 2.435839163446637, 2.435839163446782, 2.4358391634464143, 2.435839163446429, 2.4358391634470324, 2.4358391634463064, 2.4358391634464973, 2.435839163446767, 2.435839163446607, 2.4358391634466545, 2.4358391634467638, 2.4358391634470014, 2.4358391634464533, 2.435839163446627, 2.4358391634466297, 2.4358391634465586, 2.4358391634469276, 2.435839163446593, 2.4358391634466052, 2.4358391634465897, 2.4358391634465533, 2.4358391634465026, 2.4358391634466745, 2.435839163446651, 2.435839163446649, 2.435839163446489, 2.4358391634464565, 2.4358391634464587, 2.435837886642253, 2.435837886642616, 2.435837886642607, 2.435837886642468, 2.435837886642578, 2.4358378866425205, 2.435837886642471, 2.4358378866425774, 2.435837886642587, 2.4358378866423456, 2.43583788664246, 2.435837886642024, 2.4358378866426857, 2.4358378866419446, 2.4358378866420947, 2.435837886642223, 2.435837886642383, 2.435837886642488, 2.435837886641781, 2.435837886642206, 2.4358378866424806, 2.4358378866424952, 2.435837886642418, 2.4358378866423886, 2.4358378866426973, 2.435837886642054, 2.435837886642291, 2.4358378866422896, 2.4358378866420907, 2.435837886642331, 2.435837886642255, 2.4358378866422044, 2.4358378866423207, 2.4358378866424415, 2.435837886642254, 2.4358378866425423, 2.4358378866419925, 2.435837886641995, 2.4358378866424775, 2.4358378866420485, 2.4358378866420214, 2.435837691243736, 2.435837691244099, 2.4358376912442075, 2.435837691243748, 2.4358376912439375, 2.4358376912438198, 2.4358376912439463, 2.43583769124367, 2.435837691243675, 2.435837691243205, 2.4358376912441577, 2.435837691243417, 2.435837691244417, 2.4358376912433344, 2.4358376912435906, 2.4358376912438024, 2.435837691243849, 2.435837691243524, 2.4358376912435524, 2.435837691243815, 2.435837691243868, 2.435837691243818, 2.4358376912436768, 2.4358376912436825, 2.435837691243891, 2.435837691243796, 2.435837691243681, 2.4358376912436834, 2.4358376912436728, 2.435837691243478, 2.435837691243736, 2.435837691243755, 2.435837691243883, 2.4358376912440045, 2.435837691243767, 2.435837691243882, 2.4358376912434343, 2.4358376912434347, 2.4358376912440125, 2.4358376912437154, 2.4358376912438073, 2.435839619973978, 2.4358396199740437, 2.4358396199740606, 2.4358396199737684, 2.435839619973912, 2.435839619973822, 2.435839619974332, 2.4358396199737626, 2.435839619973762, 2.4358396199734664, 2.435839619973997, 2.4358396199737364, 2.435839619974246, 2.4358396199738674, 2.435839619974143, 2.435839619974046, 2.4358396199738985, 2.4358396199736254, 2.435839619973975, 2.4358396199740486, 2.435839619973829, 2.4358396199740073, 2.4358396199739154, 2.4358396199740646, 2.435839619974095, 2.4358396199742978, 2.4358396199738874, 2.4358396199738888, 2.435839619974073, 2.435839619973749, 2.4358396199739785, 2.4358396199739114, 2.4358396199738634, 2.4358396199738337, 2.4358396199736374, 2.4358396199737054, 2.4358396199739696, 2.4358396199739696, 2.4358396199740033, 2.4358396199741694, 2.4358396199742494, 2.4358388241551046, 2.4358388241549087, 2.4358388241546987, 2.4358388241547373, 2.4358388241547684, 2.435838824154754, 2.435838824155579, 2.435838824155193, 2.435838824155193, 2.4358388241551747, 2.4358388241549065, 2.4358388241549265, 2.435838824154833, 2.4358388241553697, 2.4358388241554416, 2.4358388241551654, 2.43583882415498, 2.435838824154926, 2.4358388241551343, 2.435838824155099, 2.43583882415491, 2.435838824155184, 2.4358388241551463, 2.4358388241552995, 2.4358388241551694, 2.4358388241553746, 2.4358388241551587, 2.4358388241551587, 2.435838824155166, 2.4358388241551783, 2.4358388241551054, 2.435838824154882, 2.4358388241547435, 2.435838824154628, 2.435838824154651, 2.4358388241546844, 2.43583882415523, 2.43583882415523, 2.4358388241549953, 2.4358388241552844, 2.4358388241553133, 2.4358415965831712]
Total optimisation time observed during ADAM optimization: 13.219213 seconds
Median time per evaluation during ADAM optimization: 0.129511 seconds
2.4358415965831712
QAOA optimisation for n=0 took 13.58 seconds; started at 1777572557.195766 and finished at 1777572570.778956
Finished QAOA for n=4 nodes, m=6 edges at 2026-04-30 20:09:30 on Apple M4. Time taken: 13.58 seconds. Hours: 0.00 hours. Peak RAM: 217.66 MB.
Computing complete graph approximation ratio
CSV writing for n=0 took 0.01 seconds; started at 1777572570.778958 and finished at 1777572570.784107
results: {0: 2.4358415965831712}
durations: {4: 13.583192110061646}
Results saved to: logs/adam/qaoa_results_adam_20260430_200911.csv
Global end time: 1777572570.784111
Finalisation time: 0.00 seconds; started at 1777572570.784108 and finished at 1777572570.7841122
Sum of all section times: 13.67 seconds
