2026-04-30 21:20:28.359 system_profiler[5109:1281609] hw.cpufamily: 0x6f5129ac
Starting QAOA benchmark with global start time: 1777576828.213481
Benchmark parameters: {'optimiser': 'adam', 'circuit_type': 'hamqaoa', 'parameter_vector': [1, 1, 1], 'iterations_list': [50, 100, 200, 500], 'learning_rate_adam': 0.05, 'depth_list': [1, 2, 5, 10], 'n_start': 0, 'n_end': 30, 'singlet_injection': False, 'start_index_singlet': 0, 'warm_start': True, 'compare_with_010101': False, 'warm_start_correlations': False, 'init_QAOAparams_close_to_zero': False, 'use_correlations_as_initial_params': False, 'time_limit': 10800, 'failed_instance_termination_thrsh': 10, 'graph_generation_type': 'HOG', 'weighted': False, 'easiest_first': True, 'cpu_util_threshold': 90, 'debug': False, 'save_circuit_svg': False, 'rerun_exclude_finished_instances': False, 'optimiser_debug_iterations': 1, 'relative_graph_adjList_path': '/Users/julian_dev/Projects/MasterThesis/QAOA/HOG_graphs/list_27_graphs_adjacency_list.txt'}, Running QAOA with equal superposition
Benchmark run ID: 2023cd8f
Processor: Apple M4
Hostname: Mac-mini-som-tillhor-Julian.local
Total RAM (GB): 16.0
Physical cores: 10
Logical cores: 10
Python version: 3.13.1
Initialisation time: 0.16 seconds; started at {'initialisation': 0.16356301307678223} and finished at 1777576828.377054
Loaded HOG graph index 13 with 15 edges.
Instance generation for n=13 took 0.00 seconds; started at 1777576828.377059 and finished at 1777576828.3774168
Running QAOA for n=10 nodes, m=15 edges...; Max iterations: 100
Warm-start: using parameter_vector=[1, 1, 1]
Warm-start: starting SDP solve for n_vertices=10
Starting SDP solve (solver preference: MOSEK, fallback: SCS) for n_vertices=10, matrix_dim=30, edges=15
Finished SDP solve with MOSEK. status=optimal. elapsed_seconds=0.07
Rounding...
n_vertices: 10 for n = 30
Using seed None to generate random matrix for x.
r_0: [-0.24678622  0.96756816 -0.05392965]
Product state qubit 0: [[ 0.47303517+0.j         -0.12339311-0.48378408j]
 [-0.12339311+0.48378408j  0.52696483+0.j        ]]
Diagonal entries of product state 0: [0.47303517 0.52696483]
r_1: [ 0.24678745 -0.96756788  0.05392907]
Product state qubit 1: [[0.52696453+0.j         0.12339373+0.48378394j]
 [0.12339373-0.48378394j 0.47303547+0.j        ]]
Diagonal entries of product state 1: [0.52696453 0.47303547]
r_2: [ 0.24678761 -0.96756791  0.05392783]
Product state qubit 2: [[0.52696391+0.j         0.12339381+0.48378396j]
 [0.12339381-0.48378396j 0.47303609+0.j        ]]
Diagonal entries of product state 2: [0.52696391 0.47303609]
r_3: [ 0.24678691 -0.96756798  0.0539298 ]
Product state qubit 3: [[0.5269649 +0.j         0.12339346+0.48378399j]
 [0.12339346-0.48378399j 0.4730351 +0.j        ]]
Diagonal entries of product state 3: [0.5269649 0.4730351]
r_4: [ 0.24678814 -0.96756774  0.05392846]
Product state qubit 4: [[0.52696423+0.j         0.12339407+0.48378387j]
 [0.12339407-0.48378387j 0.47303577+0.j        ]]
Diagonal entries of product state 4: [0.52696423 0.47303577]
r_5: [ 0.24678646 -0.96756819  0.05392802]
Product state qubit 5: [[0.52696401+0.j        0.12339323+0.4837841j]
 [0.12339323-0.4837841j 0.47303599+0.j       ]]
Diagonal entries of product state 5: [0.52696401 0.47303599]
r_6: [-0.2467872   0.96756802 -0.05392777]
Product state qubit 6: [[ 0.47303612+0.j         -0.1233936 -0.48378401j]
 [-0.1233936 +0.48378401j  0.52696388+0.j        ]]
Diagonal entries of product state 6: [0.47303612 0.52696388]
r_7: [-0.2467877   0.96756785 -0.05392858]
Product state qubit 7: [[ 0.47303571+0.j         -0.12339385-0.48378392j]
 [-0.12339385+0.48378392j  0.52696429+0.j        ]]
Diagonal entries of product state 7: [0.47303571 0.52696429]
r_8: [-0.24678748  0.96756793 -0.05392804]
Product state qubit 8: [[ 0.47303598+0.j         -0.12339374-0.48378397j]
 [-0.12339374+0.48378397j  0.52696402+0.j        ]]
Diagonal entries of product state 8: [0.47303598 0.52696402]
r_9: [-0.24678701  0.96756796 -0.05392972]
Product state qubit 9: [[ 0.47303514+0.j         -0.1233935 -0.48378398j]
 [-0.1233935 +0.48378398j  0.52696486+0.j        ]]
Diagonal entries of product state 9: [0.47303514 0.52696486]
y_scalar: False
[-1, 1, 1, 1, 1, 1, -1, -1, -1, -1]
Hamiltonian equals product state? [[False False False False]
 [False False False False]
 [False False False False]
 [False False False False]]
Hamiltonian: [[ 0. +0.j  0. +0.j  0. +0.j  0. +0.j]
 [ 0. +0.j  0.5+0.j -0.5+0.j  0. +0.j]
 [ 0. +0.j -0.5+0.j  0.5+0.j  0. +0.j]
 [ 0. +0.j  0. +0.j  0. +0.j  0. +0.j]], product state: [[ 0.24927292+0.00000000e+00j -0.06502405-2.54937177e-01j
   0.05836944+2.28846828e-01j  0.21882099-1.19391579e-01j]
 [-0.06502405+2.54937177e-01j  0.27769198+0.00000000e+00j
  -0.2492729 -2.38853617e-08j  0.06502402+2.54937161e-01j]
 [ 0.05836944-2.28846828e-01j -0.2492729 +2.38853617e-08j
   0.22376223+0.00000000e+00j -0.05836946-2.28846803e-01j]
 [ 0.21882099+1.19391579e-01j  0.06502402-2.54937161e-01j
  -0.05836946+2.28846803e-01j  0.24927287+0.00000000e+00j]]
Hamiltonian equals product state? [[False False False False]
 [False False False False]
 [False False False False]
 [False False False False]]
Hamiltonian: [[ 0. +0.j  0. +0.j  0. +0.j  0. +0.j]
 [ 0. +0.j  0.5+0.j -0.5+0.j  0. +0.j]
 [ 0. +0.j -0.5+0.j  0.5+0.j  0. +0.j]
 [ 0. +0.j  0. +0.j  0. +0.j  0. +0.j]], product state: [[ 0.24927276+0.00000000e+00j  0.05836957+2.28846820e-01j
  -0.06502379-2.54937054e-01j  0.21882103-1.19391527e-01j]
 [ 0.05836957-2.28846820e-01j  0.22376241+0.00000000e+00j
  -0.24927291-3.15203701e-07j -0.05836932-2.28847028e-01j]
 [-0.06502379+2.54937054e-01j -0.24927291+3.15203701e-07j
   0.27769177+0.00000000e+00j  0.06502415+2.54937121e-01j]
 [ 0.21882103+1.19391527e-01j -0.05836932+2.28847028e-01j
   0.06502415-2.54937121e-01j  0.24927305+0.00000000e+00j]]
Hamiltonian equals product state? [[False False False False]
 [False False False False]
 [False False False False]
 [False False False False]]
Hamiltonian: [[ 0. +0.j  0. +0.j  0. +0.j  0. +0.j]
 [ 0. +0.j  0.5+0.j -0.5+0.j  0. +0.j]
 [ 0. +0.j -0.5+0.j  0.5+0.j  0. +0.j]
 [ 0. +0.j  0. +0.j  0. +0.j  0. +0.j]], product state: [[ 0.2492729 +0.00000000e+00j -0.06502414-2.54936824e-01j
   0.0583698 +2.28847047e-01j  0.21882079-1.19392022e-01j]
 [-0.06502414+2.54936824e-01j  0.27769133+0.00000000e+00j
  -0.24927293+1.15055091e-07j  0.06502427+2.54936823e-01j]
 [ 0.0583698 -2.28847047e-01j -0.24927293-1.15055091e-07j
   0.22376281+0.00000000e+00j -0.0583697 -2.28847100e-01j]
 [ 0.21882079+1.19392022e-01j  0.06502427-2.54936823e-01j
  -0.0583697 +2.28847100e-01j  0.24927296+0.00000000e+00j]]
Hamiltonian equals product state? [[False False False False]
 [False False False False]
 [False False False False]
 [False False False False]]
Hamiltonian: [[ 0. +0.j  0. +0.j  0. +0.j  0. +0.j]
 [ 0. +0.j  0.5+0.j -0.5+0.j  0. +0.j]
 [ 0. +0.j -0.5+0.j  0.5+0.j  0. +0.j]
 [ 0. +0.j  0. +0.j  0. +0.j  0. +0.j]], product state: [[ 0.24927294+0.00000000e+00j -0.06502406-2.54936738e-01j
   0.05836944+2.28847284e-01j  0.21882104-1.19391597e-01j]
 [-0.06502406+2.54936738e-01j  0.27769107+0.00000000e+00j
  -0.24927294-2.62377048e-07j  0.06502379+2.54936813e-01j]
 [ 0.05836944-2.28847284e-01j -0.24927294+2.62377048e-07j
   0.22376304+0.00000000e+00j -0.05836968-2.28847228e-01j]
 [ 0.21882104+1.19391597e-01j  0.06502379-2.54936813e-01j
  -0.05836968+2.28847228e-01j  0.24927295+0.00000000e+00j]]
Hamiltonian equals product state? [[False False False False]
 [False False False False]
 [False False False False]
 [False False False False]]
Hamiltonian: [[ 0. +0.j  0. +0.j  0. +0.j  0. +0.j]
 [ 0. +0.j  0.5+0.j -0.5+0.j  0. +0.j]
 [ 0. +0.j -0.5+0.j  0.5+0.j  0. +0.j]
 [ 0. +0.j  0. +0.j  0. +0.j  0. +0.j]], product state: [[ 0.24927296+0.00000000e+00j -0.06502398-2.54936715e-01j
   0.05836973+2.28847283e-01j  0.21882094-1.19391795e-01j]
 [-0.06502398+2.54936715e-01j  0.27769095+0.00000000e+00j
  -0.24927295+1.05596753e-07j  0.06502408+2.54936673e-01j]
 [ 0.05836973-2.28847283e-01j -0.24927295-1.05596753e-07j
   0.22376315+0.00000000e+00j -0.05836963-2.28847295e-01j]
 [ 0.21882094+1.19391795e-01j  0.06502408-2.54936673e-01j
  -0.05836963+2.28847295e-01j  0.24927293+0.00000000e+00j]]
Hamiltonian equals product state? [[False False False False]
 [False False False False]
 [False False False False]
 [False False False False]]
Hamiltonian: [[ 0. +0.j  0. +0.j  0. +0.j  0. +0.j]
 [ 0. +0.j  0.5+0.j -0.5+0.j  0. +0.j]
 [ 0. +0.j -0.5+0.j  0.5+0.j  0. +0.j]
 [ 0. +0.j  0. +0.j  0. +0.j  0. +0.j]], product state: [[ 0.24927274+0.00000000e+00j -0.065024  -2.54937000e-01j
   0.05836957+2.28846806e-01j  0.21882094-1.19391704e-01j]
 [-0.065024  +2.54937000e-01j  0.27769179+0.00000000e+00j
  -0.24927291+1.12726826e-07j  0.06502416+2.54937136e-01j]
 [ 0.05836957-2.28846806e-01j -0.24927291-1.12726826e-07j
   0.2237624 +0.00000000e+00j -0.0583695 -2.28846980e-01j]
 [ 0.21882094+1.19391704e-01j  0.06502416-2.54937136e-01j
  -0.0583695 +2.28846980e-01j  0.24927307+0.00000000e+00j]]
Hamiltonian equals product state? [[False False False False]
 [False False False False]
 [False False False False]
 [False False False False]]
Hamiltonian: [[ 0. +0.j  0. +0.j  0. +0.j  0. +0.j]
 [ 0. +0.j  0.5+0.j -0.5+0.j  0. +0.j]
 [ 0. +0.j -0.5+0.j  0.5+0.j  0. +0.j]
 [ 0. +0.j  0. +0.j  0. +0.j  0. +0.j]], product state: [[ 0.24927279+0.00000000e+00j -0.06502412-2.54936716e-01j
   0.05836941+2.28847154e-01j  0.218821  -1.19391644e-01j]
 [-0.06502412+2.54936716e-01j  0.27769121+0.00000000e+00j
  -0.24927293-3.19328033e-07j  0.06502383+2.54936943e-01j]
 [ 0.05836941-2.28847154e-01j -0.24927293+3.19328033e-07j
   0.22376292+0.00000000e+00j -0.05836973-2.28847208e-01j]
 [ 0.218821  +1.19391644e-01j  0.06502383-2.54936943e-01j
  -0.05836973+2.28847208e-01j  0.24927308+0.00000000e+00j]]
Hamiltonian equals product state? [[False False False False]
 [False False False False]
 [False False False False]
 [False False False False]]
Hamiltonian: [[ 0. +0.j  0. +0.j  0. +0.j  0. +0.j]
 [ 0. +0.j  0.5+0.j -0.5+0.j  0. +0.j]
 [ 0. +0.j -0.5+0.j  0.5+0.j  0. +0.j]
 [ 0. +0.j  0. +0.j  0. +0.j  0. +0.j]], product state: [[ 0.24927293+0.00000000e+00j  0.05836945+2.28846843e-01j
  -0.06502384-2.54937231e-01j  0.21882109-1.19391402e-01j]
 [ 0.05836945-2.28846843e-01j  0.22376224+0.00000000e+00j
  -0.2492729 -1.78591505e-07j -0.05836927-2.28846851e-01j]
 [-0.06502384+2.54937231e-01j -0.2492729 +1.78591505e-07j
   0.27769197+0.00000000e+00j  0.06502401+2.54937147e-01j]
 [ 0.21882109+1.19391402e-01j -0.05836927+2.28846851e-01j
   0.06502401-2.54937147e-01j  0.24927286+0.00000000e+00j]]
Hamiltonian equals product state? [[False False False False]
 [False False False False]
 [False False False False]
 [False False False False]]
Hamiltonian: [[ 0. +0.j  0. +0.j  0. +0.j  0. +0.j]
 [ 0. +0.j  0.5+0.j -0.5+0.j  0. +0.j]
 [ 0. +0.j -0.5+0.j  0.5+0.j  0. +0.j]
 [ 0. +0.j  0. +0.j  0. +0.j  0. +0.j]], product state: [[ 0.24927311+0.00000000e+00j -0.06502401-2.54936869e-01j
   0.05836985+2.28847243e-01j  0.21882086-1.19391913e-01j]
 [-0.06502401+2.54936869e-01j  0.27769112+0.00000000e+00j
  -0.24927294+2.44869178e-07j  0.06502422+2.54936627e-01j]
 [ 0.05836985-2.28847243e-01j -0.24927294-2.44869178e-07j
   0.223763  +0.00000000e+00j -0.05836959-2.28847141e-01j]
 [ 0.21882086+1.19391913e-01j  0.06502422-2.54936627e-01j
  -0.05836959+2.28847141e-01j  0.24927277+0.00000000e+00j]]
Hamiltonian equals product state? [[False False False False]
 [False False False False]
 [False False False False]
 [False False False False]]
Hamiltonian: [[ 0. +0.j  0. +0.j  0. +0.j  0. +0.j]
 [ 0. +0.j  0.5+0.j -0.5+0.j  0. +0.j]
 [ 0. +0.j -0.5+0.j  0.5+0.j  0. +0.j]
 [ 0. +0.j  0. +0.j  0. +0.j  0. +0.j]], product state: [[ 0.24927318+0.00000000e+00j -0.06502413-2.54936993e-01j
   0.05836967+2.28847210e-01j  0.2188209 -1.19391817e-01j]
 [-0.06502413+2.54936993e-01j  0.27769135+0.00000000e+00j
  -0.24927293-3.77238219e-09j  0.06502405+2.54936731e-01j]
 [ 0.05836967-2.28847210e-01j -0.24927293+3.77238219e-09j
   0.22376279+0.00000000e+00j -0.05836962-2.28846974e-01j]
 [ 0.2188209 +1.19391817e-01j  0.06502405-2.54936731e-01j
  -0.05836962+2.28846974e-01j  0.24927267+0.00000000e+00j]]
Hamiltonian equals product state? [[False False False False]
 [False False False False]
 [False False False False]
 [False False False False]]
Hamiltonian: [[ 0. +0.j  0. +0.j  0. +0.j  0. +0.j]
 [ 0. +0.j  0.5+0.j -0.5+0.j  0. +0.j]
 [ 0. +0.j -0.5+0.j  0.5+0.j  0. +0.j]
 [ 0. +0.j  0. +0.j  0. +0.j  0. +0.j]], product state: [[ 0.2492726 +0.00000000e+00j -0.06502396-2.54936854e-01j
   0.05836973+2.28846772e-01j  0.21882086-1.19391862e-01j]
 [-0.06502396+2.54936854e-01j  0.27769163+0.00000000e+00j
  -0.24927291+2.88505283e-07j  0.06502434+2.54937098e-01j]
 [ 0.05836973-2.28846772e-01j -0.24927291-2.88505283e-07j
   0.22376254+0.00000000e+00j -0.05836954-2.28847127e-01j]
 [ 0.21882086+1.19391862e-01j  0.06502434-2.54937098e-01j
  -0.05836954+2.28847127e-01j  0.24927323+0.00000000e+00j]]
Hamiltonian equals product state? [[False False False False]
 [False False False False]
 [False False False False]
 [False False False False]]
Hamiltonian: [[ 0. +0.j  0. +0.j  0. +0.j  0. +0.j]
 [ 0. +0.j  0.5+0.j -0.5+0.j  0. +0.j]
 [ 0. +0.j -0.5+0.j  0.5+0.j  0. +0.j]
 [ 0. +0.j  0. +0.j  0. +0.j  0. +0.j]], product state: [[ 0.24927301+0.00000000e+00j -0.06502399-2.54936761e-01j
   0.05836946+2.28847350e-01j  0.21882107-1.19391535e-01j]
 [-0.06502399+2.54936761e-01j  0.277691  +0.00000000e+00j
  -0.24927295-1.89513963e-07j  0.06502378+2.54936747e-01j]
 [ 0.05836946-2.28847350e-01j -0.24927295+1.89513963e-07j
   0.22376311+0.00000000e+00j -0.05836961-2.28847249e-01j]
 [ 0.21882107+1.19391535e-01j  0.06502378-2.54936747e-01j
  -0.05836961+2.28847249e-01j  0.24927288+0.00000000e+00j]]
Hamiltonian equals product state? [[False False False False]
 [False False False False]
 [False False False False]
 [False False False False]]
Hamiltonian: [[ 0. +0.j  0. +0.j  0. +0.j  0. +0.j]
 [ 0. +0.j  0.5+0.j -0.5+0.j  0. +0.j]
 [ 0. +0.j -0.5+0.j  0.5+0.j  0. +0.j]
 [ 0. +0.j  0. +0.j  0. +0.j  0. +0.j]], product state: [[ 0.24927289+0.00000000e+00j -0.06502405-2.54936692e-01j
   0.05836971+2.28847217e-01j  0.2188209 -1.19391857e-01j]
 [-0.06502405+2.54936692e-01j  0.27769102+0.00000000e+00j
  -0.24927294+3.27336621e-08j  0.0650241 +2.54936739e-01j]
 [ 0.05836971-2.28847217e-01j -0.24927294-3.27336621e-08j
   0.22376309+0.00000000e+00j -0.05836969-2.28847274e-01j]
 [ 0.2188209 +1.19391857e-01j  0.0650241 -2.54936739e-01j
  -0.05836969+2.28847274e-01j  0.249273  +0.00000000e+00j]]
Hamiltonian equals product state? [[False False False False]
 [False False False False]
 [False False False False]
 [False False False False]]
Hamiltonian: [[ 0. +0.j  0. +0.j  0. +0.j  0. +0.j]
 [ 0. +0.j  0.5+0.j -0.5+0.j  0. +0.j]
 [ 0. +0.j -0.5+0.j  0.5+0.j  0. +0.j]
 [ 0. +0.j  0. +0.j  0. +0.j  0. +0.j]], product state: [[ 0.24927322+0.00000000e+00j -0.06502423-2.54937147e-01j
   0.05836951+2.28847104e-01j  0.21882092-1.19391739e-01j]
 [-0.06502423+2.54937147e-01j  0.27769168+0.00000000e+00j
  -0.24927291-1.97335561e-07j  0.06502395+2.54936886e-01j]
 [ 0.05836951-2.28847104e-01j -0.24927291+1.97335561e-07j
   0.22376249+0.00000000e+00j -0.05836962-2.28846777e-01j]
 [ 0.21882092+1.19391739e-01j  0.06502395-2.54936886e-01j
  -0.05836962+2.28846777e-01j  0.2492726 +0.00000000e+00j]]
Hamiltonian equals product state? [[False False False False]
 [False False False False]
 [False False False False]
 [False False False False]]
Hamiltonian: [[ 0. +0.j  0. +0.j  0. +0.j  0. +0.j]
 [ 0. +0.j  0.5+0.j -0.5+0.j  0. +0.j]
 [ 0. +0.j -0.5+0.j  0.5+0.j  0. +0.j]
 [ 0. +0.j  0. +0.j  0. +0.j  0. +0.j]], product state: [[ 0.24927247+0.00000000e+00j  0.05836961+2.28846827e-01j
  -0.06502372-2.54936753e-01j  0.21882103-1.19391567e-01j]
 [ 0.05836961-2.28846827e-01j  0.22376271+0.00000000e+00j
  -0.24927292-3.51709764e-07j -0.05836939-2.28847329e-01j]
 [-0.06502372+2.54936753e-01j -0.24927292+3.51709764e-07j
   0.27769145+0.00000000e+00j  0.0650242 +2.54937129e-01j]
 [ 0.21882103+1.19391567e-01j -0.05836939+2.28847329e-01j
   0.0650242 -2.54937129e-01j  0.24927338+0.00000000e+00j]]
Energy of rounded cut: 7.499999999997481
Check the cut: [-1, 1, 1, 1, 1, 1, -1, -1, -1, -1]
15 in cut out of a total of 15 edges
Warm-start: SDP solve + rounding finished in 0.08 seconds
Warm-start: statevector build finished in 0.00 seconds
warm_start_correlations: None
Edges: [(3, 9), (0, 1), (4, 7), (5, 8), (2, 6), (1, 9), (5, 7), (0, 3), (4, 6), (1, 8), (4, 9), (5, 6), (2, 8), (3, 7), (0, 2)], weights: [1.0, 1.0, 1.0, 1.0, 1.0, 1.0, 1.0, 1.0, 1.0, 1.0, 1.0, 1.0, 1.0, 1.0, 1.0], set of nodes: {0, 1, 2, 3, 4, 5, 6, 7, 8, 9}, n: 10 nodes, p: 2 layers, N_bayes: 100 iterations
Initial state injected as warm start
Initial state energy for vector-normalised SDP solution used as warm start: 2.5000000000025997
Running ADAM optimization with a single iteration (no debug loop)
ADAM optimizer configured with maxiter=100 and learning_rate=0.05
Generated 4 random initial parameter sets for ADAM optimization
Using random initial parameters with:
Param_type 1:  [ 0.87686187 -0.29124648]
Param_type 2:  [-0.95725077 -0.09403079]
Param_type 3:  [-0.49640006  0.11918192]
Param_type 4:  [-1.79005041  2.55006084]
Energies observed during ADAM optimization: [3.7555687772063098, 3.7555687772603967, 3.755568777208507, 3.7555687772149557, 3.7555687772090898, 3.755568777206284, 3.7555687772063058, 3.7555687771908643, 3.7555687771907977, 3.8211620631741376, 3.821162063283248, 3.8211620631854766, 3.8211620631785395, 3.821162063179656, 3.8211620631741816, 3.8211620631741363, 3.8211620631557115, 3.821162063155781, 3.911002075572278, 3.911002075720614, 3.9110020755915405, 3.911002075573322, 3.9110020755809702, 3.9110020755722754, 3.9110020755722825, 3.9110020755655124, 3.9110020755654906, 3.986342613229069, 3.986342613355577, 3.986342613252348, 3.986342613223897, 3.986342613241829, 3.9863426132294473, 3.9863426132290716, 3.986342613255519, 3.986342613255528, 4.0460446676321205, 4.046044667706753, 4.046044667632783, 4.0460446676256385, 4.046044667643405, 4.046044667633363, 4.046044667632122, 4.046044667658423, 4.046044667658748, 4.061605495570437, 4.061605495564843, 4.061605495519177, 4.0616054955598075, 4.061605495575334, 4.061605495573612, 4.061605495570437, 4.061605495559288, 4.06160549555861, 4.052105095115461, 4.05210509504876, 4.052105095055461, 4.052105095106839, 4.052105095119679, 4.052105095117635, 4.0521050951154605, 4.0521050951010364, 4.052105095099664, 4.042373304419005, 4.042373304335248, 4.042373304398954, 4.042373304422029, 4.042373304426394, 4.042373304414473, 4.042373304419003, 4.042373304428268, 4.042373304429017, 4.033447586126014, 4.033447586056959, 4.033447586138557, 4.033447586143591, 4.033447586136249, 4.033447586110173, 4.033447586126015, 4.033447586146269, 4.03344758614931, 4.042015183125378, 4.042015183080088, 4.042015183128966, 4.042015183150814, 4.042015183139045, 4.042015183098174, 4.0420151831253825, 4.042015183130787, 4.042015183130794, 4.064130182092752, 4.06413018207616, 4.0641301820664575, 4.064130182121996, 4.064130182110029, 4.064130182054076, 4.064130182092757, 4.064130182078779, 4.064130182070855, 4.106033460785165, 4.106033460807341, 4.106033460732243, 4.1060334608186935, 4.106033460809238, 4.106033460732885, 4.106033460785174, 4.106033460767168, 4.106033460753104, 4.176680867239778, 4.17668086731443, 4.176680867171685, 4.1766808672730145, 4.176680867275951, 4.176680867174164, 4.176680867239772, 4.176680867231506, 4.176680867218118, 4.272781432951294, 4.272781433086842, 4.2727814328792135, 4.272781432969639, 4.272781433004619, 4.272781432877932, 4.272781432951291, 4.272781432956082, 4.272781432950731, 4.389592768562328, 4.389592768757512, 4.3895927684968195, 4.389592768545597, 4.389592768632828, 4.389592768490093, 4.389592768562327, 4.389592768575183, 4.389592768581375, 4.526333202373497, 4.5263332026193535, 4.526333202324989, 4.526333202308561, 4.526333202453459, 4.526333202309363, 4.526333202373502, 4.526333202386665, 4.5263332023991785, 4.695200765737512, 4.69520076601721, 4.69520076571314, 4.695200765631219, 4.695200765814865, 4.695200765684543, 4.695200765737515, 4.695200765746442, 4.695200765753691, 4.881178231592488, 4.881178231866188, 4.881178231598781, 4.881178231465694, 4.881178231643636, 4.881178231557669, 4.881178231592482, 4.881178231596194, 4.8811782315878265, 5.028850356383834, 5.028850356585984, 5.0288503564271645, 5.02885035627166, 5.028850356374063, 5.028850356374881, 5.028850356383834, 5.028850356382346, 5.0288503563597144, 5.0800679788514245, 5.080067978922567, 5.080067978927236, 5.08006797879036, 5.080067978758498, 5.08006797886854, 5.0800679788514165, 5.0800679788450935, 5.080067978823038, 5.046292965769061, 5.0462929657051765, 5.046292965853288, 5.04629296576897, 5.0462929656175985, 5.046292965802362, 5.046292965769061, 5.046292965760795, 5.046292965752735, 4.988687106674073, 4.988687106519394, 4.988687106743253, 4.988687106716127, 4.988687106508882, 4.988687106709925, 4.988687106674071, 4.988687106667175, 4.988687106679106, 4.947035761541274, 4.947035761341902, 4.947035761585344, 4.947035761603282, 4.9470357613983795, 4.947035761571773, 4.947035761541272, 4.94703576153688, 4.947035761566937, 4.932096885038124, 4.9320968848214335, 4.932096885054914, 4.932096885106875, 4.932096884941506, 4.932096885062789, 4.9320968850381135, 4.932096885035811, 4.93209688507184, 4.935219690335273, 4.935219690115411, 4.935219690324631, 4.935219690404125, 4.935219690297591, 4.935219690357585, 4.935219690335271, 4.935219690334746, 4.935219690360795, 4.943854390576921, 4.943854390363727, 4.943854390541369, 4.943854390641807, 4.943854390598662, 4.943854390601433, 4.94385439057692, 4.943854390578354, 4.943854390582814, 4.955441686351972, 4.9554416861557815, 4.955441686299862, 4.9554416864094835, 4.955441686421401, 4.955441686382789, 4.955441686351978, 4.955441686355298, 4.955441686336676, 4.977585364434571, 4.977585364267993, 4.977585364379179, 4.977585364481418, 4.977585364532405, 4.977585364474636, 4.977585364434573, 4.9775853644392685, 4.97758536440764, 5.0136624463727895, 5.013662446249841, 5.013662446327551, 5.013662446405503, 5.013662446479273, 5.013662446422872, 5.013662446372789, 5.0136624463782935, 5.013662446348812, 5.054359649723671, 5.0543596496568375, 5.054359649698304, 5.054359649738483, 5.0543596498222465, 5.0543596497810395, 5.054359649723661, 5.054359649729485, 5.054359649713661, 5.08530372541561, 5.085303725411826, 5.0853037254151925, 5.085303725409514, 5.085303725493735, 5.085303725473636, 5.085303725415611, 5.0853037254210225, 5.085303725422223, 5.098356435379327, 5.09835643543648, 5.0983564354046225, 5.098356435352084, 5.0983564354290225, 5.098356435429554, 5.098356435379328, 5.098356435383434, 5.098356435396168, 5.096133409174631, 5.096133409280679, 5.096133409222258, 5.096133409129843, 5.096133409193268, 5.096133409209876, 5.096133409174634, 5.096133409176724, 5.096133409191183, 5.08813020856783, 5.0881302087041425, 5.088130208630517, 5.088130208512087, 5.088130208558213, 5.0881302085841185, 5.088130208567822, 5.088130208567706, 5.088130208576289, 5.084008922515933, 5.084008922662494, 5.084008922584041, 5.08400892245703, 5.084008922484967, 5.084008922512558, 5.084008922515935, 5.084008922513975, 5.0840089225142595, 5.088955155734003, 5.088955155873473, 5.088955155797349, 5.088955155679485, 5.088955155691264, 5.08895515571298, 5.088955155733998, 5.088955155730966, 5.088955155725352, 5.102313763976184, 5.102313764094995, 5.102313764025937, 5.102313763932521, 5.102313763932472, 5.102313763941782, 5.102313763976182, 5.1023137639730525, 5.102313763966354, 5.118616901116506, 5.1186169012047085, 5.118616901146775, 5.118616901088206, 5.118616901082145, 5.1186169010747165, 5.118616901116503, 5.118616901114127, 5.11861690111045, 5.130818693372562, 5.130818693424113, 5.130818693381465, 5.13081869336126, 5.1308186933549225, 5.130818693330064, 5.130818693372559, 5.130818693371376, 5.130818693371968, 5.134531044080429, 5.134531044093929, 5.134531044070034, 5.134531044084829, 5.134531044082178, 5.13453104404296, 5.134531044080425, 5.134531044080504, 5.134531044083407, 5.130236984560005, 5.130236984538693, 5.130236984535102, 5.130236984576954, 5.13023698457879, 5.130236984531087, 5.130236984560007, 5.130236984561084, 5.130236984563079, 5.122069091978364, 5.1220690919288865, 5.122069091944908, 5.122069092004445, 5.122069092008033, 5.122069091958935, 5.12206909197836, 5.122069091980073, 5.122069091979208, 5.114897472572943, 5.11489747250367, 5.114897472536761, 5.114897472605321, 5.114897472605608, 5.114897472562031, 5.114897472572941, 5.11489747257484, 5.11489747257184, 5.111946721966955, 5.111946721886753, 5.111946721932827, 5.11194672200335, 5.111946721994675, 5.111946721962608, 5.111946721966953, 5.111946721968537, 5.111946721965935, 5.113910013545257, 5.113910013462915, 5.113910013516611, 5.113910013583431, 5.11391001356146, 5.113910013545408, 5.113910013545265, 5.11391001354611, 5.11391001354617, 5.119493418327262, 5.119493418251155, 5.119493418305917, 5.119493418364573, 5.119493418327815, 5.119493418330088, 5.119493418327262, 5.119493418327138, 5.119493418330214, 5.1265857024414485, 5.126585702379217, 5.126585702427618, 5.126585702474652, 5.126585702425368, 5.126585702445563, 5.1265857024414485, 5.126585702440346, 5.126585702444672, 5.133172666004746, 5.133172665962752, 5.133172665997436, 5.133172666030185, 5.133172665974392, 5.133172666009092, 5.133172666004752, 5.133172666002905, 5.133172666006015, 5.137820808120802, 5.137820808103284, 5.137820808118253, 5.13782080813514, 5.137820808081196, 5.137820808124606, 5.137820808120807, 5.13782080811849, 5.1378208081193195, 5.139946540537073, 5.139946540545261, 5.13994654053724, 5.139946540538166, 5.13994654049463, 5.139946540539993, 5.1399465405370774, 5.139946540534608, 5.139946540534092, 5.13989225900128, 5.139892259032747, 5.139892259002239, 5.139892258988965, 5.1398922589623925, 5.139892259003328, 5.139892259001283, 5.139892258998951, 5.1398922589991995, 5.138766912166466, 5.138766912215392, 5.138766912166519, 5.138766912142859, 5.138766912136342, 5.1387669121680535, 5.1387669121664725, 5.138766912164572, 5.138766912166975, 5.137990909244408, 5.137990909302651, 5.137990909242282, 5.1379909092134515, 5.1379909092264695, 5.137990909246115, 5.137990909244419, 5.137990909243217, 5.137990909247242, 5.13856366809729, 5.138563668155811, 5.138563668092355, 5.138563668063859, 5.138563668092942, 5.138563668099632, 5.138563668097285, 5.138563668096998, 5.138563668100501, 5.140511310603099, 5.1405113106535785, 5.140511310595595, 5.1405113105720215, 5.140511310611736, 5.140511310606396, 5.140511310603099, 5.140511310603681, 5.140511310604459, 5.1430498778406335, 5.143049877876783, 5.143049877831726, 5.143049877815828, 5.143049877859747, 5.143049877844936, 5.143049877840636, 5.143049877841923, 5.143049877839185, 5.145247738130249, 5.145247738148658, 5.145247738121809, 5.145247738114316, 5.145247738155759, 5.145247738135412, 5.14524773813024, 5.145247738131962, 5.1452477381269235, 5.1464883564508, 5.146488356451211, 5.146488356444952, 5.146488356444733, 5.146488356477688, 5.146488356456572, 5.1464883564508, 5.146488356452598, 5.1464883564475885, 5.14655577601677, 5.146555776001678, 5.146555776015292, 5.146555776020165, 5.146555776040055, 5.146555776022792, 5.146555776016772, 5.146555776018337, 5.146555776015376, 5.145635416690398, 5.14563541666399, 5.1456354166943905, 5.145635416701649, 5.145635416706281, 5.145635416696236, 5.145635416690399, 5.145635416691485, 5.145635416691118, 5.144298417242347, 5.144298417209544, 5.14429841725208, 5.144298417259069, 5.144298417249031, 5.1442984172474375, 5.144298417242345, 5.144298417242837, 5.144298417244165, 5.143308902187403, 5.143308902153127, 5.143308902202113, 5.143308902206749, 5.143308902185463, 5.143308902191102, 5.1433089021874006, 5.143308902187315, 5.143308902188963, 5.143280099297002, 5.143280099265704, 5.143280099314976, 5.143280099316047, 5.143280099289004, 5.143280099298606, 5.143280099297005, 5.143280099296508, 5.143280099297644, 5.144348796922545, 5.14434879689788, 5.144348796941348, 5.144348796938651, 5.144348796912193, 5.144348796921519, 5.144348796922554, 5.144348796921868, 5.144348796922563, 5.1460611174081015, 5.14606111739256, 5.146061117425075, 5.146061117419268, 5.146061117399155, 5.146061117404206, 5.146061117408101, 5.146061117407511, 5.146061117408128, 5.147624956011232, 5.147624956005933, 5.147624956024042, 5.14762495601641, 5.147624956006591, 5.147624956004669, 5.147624956011232, 5.147624956010936, 5.147624956011526, 5.14841312885037, 5.148413128854932, 5.148413128857456, 5.148413128849505, 5.148413128851413, 5.148413128841864, 5.14841312885036, 5.148413128850451, 5.148413128850584, 5.148338104771102, 5.148338104783845, 5.148338104771975, 5.148338104765141, 5.148338104777615, 5.148338104761791, 5.148338104771111, 5.148338104771552, 5.148338104770731, 5.147834640636008, 5.147834640654353, 5.147834640631318, 5.147834640626621, 5.147834640646375, 5.147834640627224, 5.147834640635997, 5.147834640636708, 5.147834640634969, 5.147497953003717, 5.1474979530245895, 5.147497952995093, 5.147497952992948, 5.147497953015412, 5.14749795299674, 5.147497953003717, 5.147497953004511, 5.14749795300263, 5.14764816193743, 5.14764816195771, 5.1476481619270675, 5.147648161927292, 5.147648161947624, 5.1476481619332635, 5.147648161937431, 5.147648161938115, 5.147648161937037, 5.148147807483893, 5.148147807500716, 5.148147807474001, 5.1481478074760565, 5.148147807490021, 5.148147807483058, 5.148147807483889, 5.148147807484293, 5.148147807484446, 5.148586603956572, 5.148586603967755, 5.148586603948837, 5.1485866039521, 5.148586603956932, 5.148586603959077, 5.148586603956582, 5.148586603956591, 5.148586603957514, 5.148642897419705, 5.148642897423951, 5.148642897414933, 5.1486428974188785, 5.148642897413863, 5.148642897425049, 5.148642897419704, 5.1486428974193155, 5.148642897420238, 5.148336609829573, 5.1483366098267105, 5.148336609827659, 5.148336609831956, 5.148336609818613, 5.148336609836834, 5.148336609829573, 5.148336609828837, 5.148336609829324, 5.147994272039417, 5.1479942720304495, 5.147994272039528, 5.1479942720440155, 5.147994272025604, 5.1479942720474625, 5.1479942720394085, 5.14799427203851, 5.147994272038822, 5.147958633702401, 5.147958633689262, 5.147958633703216, 5.147958633707901, 5.147958633688654, 5.147958633710022, 5.147958633702398, 5.147958633701487, 5.147958633702201, 5.148309571705859, 5.148309571691025, 5.148309571706122, 5.148309571710927, 5.14830957169489, 5.14830957171203, 5.148309571705852, 5.148309571705131, 5.148309571706337, 5.148842443623998, 5.148842443610159, 5.148842443622907, 5.148842443627617, 5.148842443617722, 5.148842443627951, 5.148842443623996, 5.148842443623584, 5.148842443624784, 5.1492605721951925, 5.149260572184655, 5.149260572192592, 5.149260572196781, 5.149260572194214, 5.149260572196535, 5.149260572195193, 5.149260572195122, 5.149260572195594, 5.149393357211102, 5.149393357205546, 5.149393357207545, 5.1493933572105695, 5.149393357214779, 5.149393357209858, 5.1493933572111, 5.14939335721135, 5.149393357210796, 5.149279395206686, 5.14927939520681, 5.149279395203146, 5.149279395204414, 5.149279395213442, 5.1492793952032585, 5.1492793952066815, 5.1492793952071265, 5.149279395206015, 5.149081702731624, 5.149081702737087, 5.149081702729198, 5.149081702728305, 5.14908170273945, 5.149081702726714, 5.149081702731619, 5.149081702732147, 5.14908170273119, 5.148947001071482, 5.148947001081003, 5.148947001071053, 5.148947001067973, 5.148947001078485, 5.148947001065977, 5.148947001071486, 5.148947001071966, 5.1489470010715594, 5.148934194941846, 5.148934194953364, 5.1489341949437595, 5.148934194939006, 5.148934194946653, 5.148934194936654, 5.1489341949418534, 5.148934194942178, 5.148934194942159, 5.149019838097461, 5.149019838108605, 5.14901983810152, 5.149019838095907, 5.1490198380994885, 5.149019838093335, 5.14901983809746, 5.1490198380975984, 5.149019838097549, 5.149143457906359, 5.149143457914927, 5.149143457911826, 5.149143457906399, 5.1491434579058994, 5.149143457903803, 5.149143457906354, 5.149143457906317, 5.149143457906115, 5.149252006067842, 5.149252006072287, 5.149252006073673, 5.149252006069428, 5.149252006065852, 5.149252006067014, 5.149252006067839, 5.149252006067699, 5.149252006067576, 5.149315688792098, 5.149315688791787, 5.149315688797159, 5.149315688794834, 5.149315688789787, 5.149315688792858, 5.149315688792092, 5.149315688791939, 5.149315688792156, 5.149329148867995, 5.149329148863245, 5.149329148871475, 5.149329148871236, 5.149329148866522, 5.149329148869963, 5.149329148867999, 5.1493291488679045, 5.149329148868355, 5.149312793909452, 5.149312793901499, 5.149312793910893, 5.149312793912482, 5.149312793909498, 5.1493127939121335, 5.149312793909453, 5.149312793909449, 5.149312793909747, 5.149301361546333, 5.149301361537027, 5.149301361545787, 5.149301361548543, 5.1493013615479155, 5.149301361549213, 5.149301361546337, 5.149301361546439, 5.149301361546262, 5.149322900871306, 5.149322900862628, 5.149322900869255, 5.149322900872252, 5.149322900873898, 5.14932290087394, 5.149322900871298, 5.149322900871484, 5.149322900870958, 5.149376396736617, 5.149376396730313, 5.149376396733796, 5.149376396736134, 5.149376396739305, 5.14937639673869, 5.149376396736616, 5.1493763967368045, 5.149376396736359, 5.14942762739667, 5.149427627393906, 5.149427627393871, 5.149427627394884, 5.149427627398494, 5.149427627397971, 5.149427627396669, 5.149427627396782, 5.149427627396766, 5.149439636995804, 5.149439636996885, 5.14943963699365, 5.149439636993103, 5.149439636996093, 5.149439636996304, 5.1494396369958, 5.149439636995815, 5.14943963699608, 5.149409475291168, 5.149409475295592, 5.149409475289928, 5.149409475288125, 5.149409475289722, 5.149409475290969, 5.149409475291177, 5.149409475291072, 5.1494094752913, 5.149371761435104, 5.149371761441663, 5.149371761434724, 5.1493717614323495, 5.149371761432248, 5.149371761434369, 5.149371761435101, 5.149371761434906, 5.149371761434959, 5.149367989609629, 5.149367989616778, 5.149367989609789, 5.1493679896077, 5.149367989606122, 5.149367989608612, 5.149367989609634, 5.1493679896093925, 5.149367989609438, 5.149407612916313, 5.149407612922458, 5.14940761291654, 5.149407612915528, 5.1494076129130475, 5.149407612915202, 5.149407612916306, 5.149407612916098, 5.149407612916329, 5.149460706366265]
Total optimisation time observed during ADAM optimization: 42.970653 seconds
Median time per evaluation during ADAM optimization: 0.420097 seconds
5.149460706366265
QAOA optimisation for n=13 took 48.49 seconds; started at 1777576828.377419 and finished at 1777576876.868117
Finished QAOA for n=10 nodes, m=15 edges at 2026-04-30 21:21:16 on Apple M4. Time taken: 48.49 seconds. Hours: 0.01 hours. Peak RAM: 369.91 MB.
Unknown graph type for approximation ratio calculation; skipping approx ratio computation.
CSV writing for n=13 took 0.00 seconds; started at 1777576876.868118 and finished at 1777576876.8686101
results: {13: 5.149460706366265}
durations: {10: 48.490700006484985}
Results saved to: logs/adam/qaoa_results_adam_20260430_200911.csv
Global end time: 1777576876.868614
Finalisation time: 0.00 seconds; started at 1777576876.868611 and finished at 1777576876.8686159
Sum of all section times: 48.66 seconds
