2026-04-30 20:33:29.653 system_profiler[41702:1148072] hw.cpufamily: 0x6f5129ac
Starting QAOA benchmark with global start time: 1777574009.592507
Benchmark parameters: {'optimiser': 'adam', 'circuit_type': 'hamqaoa', 'parameter_vector': [1, 1, 1], 'iterations_list': [50, 100, 200, 500], 'learning_rate_adam': 0.05, 'depth_list': [1, 2, 5, 10], 'n_start': 0, 'n_end': 30, 'singlet_injection': False, 'start_index_singlet': 0, 'warm_start': True, 'compare_with_010101': False, 'warm_start_correlations': False, 'init_QAOAparams_close_to_zero': False, 'use_correlations_as_initial_params': False, 'time_limit': 10800, 'failed_instance_termination_thrsh': 10, 'graph_generation_type': 'HOG', 'weighted': False, 'easiest_first': True, 'cpu_util_threshold': 90, 'debug': False, 'save_circuit_svg': False, 'rerun_exclude_finished_instances': False, 'optimiser_debug_iterations': 1, 'relative_graph_adjList_path': '/Users/julian_dev/Projects/MasterThesis/QAOA/HOG_graphs/list_27_graphs_adjacency_list.txt'}, Running QAOA with equal superposition
Benchmark run ID: 5bddd668
Processor: Apple M4
Hostname: Mac-mini-som-tillhor-Julian.local
Total RAM (GB): 16.0
Physical cores: 10
Logical cores: 10
Python version: 3.13.1
Initialisation time: 0.08 seconds; started at {'initialisation': 0.07874417304992676} and finished at 1777574009.671259
Loaded HOG graph index 8 with 15 edges.
Instance generation for n=8 took 0.00 seconds; started at 1777574009.671263 and finished at 1777574009.6715672
Running QAOA for n=10 nodes, m=15 edges...; Max iterations: 50
Warm-start: using parameter_vector=[1, 1, 1]
Warm-start: starting SDP solve for n_vertices=10
Starting SDP solve (solver preference: MOSEK, fallback: SCS) for n_vertices=10, matrix_dim=30, edges=15
Finished SDP solve with MOSEK. status=optimal. elapsed_seconds=0.06
Rounding...
n_vertices: 10 for n = 30
Using seed None to generate random matrix for x.
r_0: [-0.83005826  0.37991614 -0.40824871]
Product state qubit 0: [[ 0.29587565+0.j         -0.41502913-0.18995807j]
 [-0.41502913+0.18995807j  0.70412435+0.j        ]]
Diagonal entries of product state 0: [0.29587565 0.70412435]
r_1: [ 0.68074563 -0.73237962  0.01433449]
Product state qubit 1: [[0.50716724+0.j         0.34037282+0.36618981j]
 [0.34037282-0.36618981j 0.49283276+0.j        ]]
Diagonal entries of product state 1: [0.50716724 0.49283276]
r_2: [ 0.68075159 -0.73237408  0.01433449]
Product state qubit 2: [[0.50716724+0.j         0.34037579+0.36618704j]
 [0.34037579-0.36618704j 0.49283276+0.j        ]]
Diagonal entries of product state 2: [0.50716724 0.49283276]
r_3: [0.19705017 0.69306173 0.69342387]
Product state qubit 3: [[0.84671194+0.j         0.09852508-0.34653087j]
 [0.09852508+0.34653087j 0.15328806+0.j        ]]
Diagonal entries of product state 3: [0.84671194 0.15328806]
r_4: [-0.91444405  0.34268836  0.21530621]
Product state qubit 4: [[ 0.6076531 +0.j         -0.45722203-0.17134418j]
 [-0.45722203+0.17134418j  0.3923469 +0.j        ]]
Diagonal entries of product state 4: [0.6076531 0.3923469]
r_5: [-0.07495871  0.97612412  0.20386981]
Product state qubit 5: [[ 0.6019349 +0.j         -0.03747935-0.48806206j]
 [-0.03747935+0.48806206j  0.3980651 +0.j        ]]
Diagonal entries of product state 5: [0.6019349 0.3980651]
r_6: [-0.91444506  0.34270557  0.21527452]
Product state qubit 6: [[ 0.60763726+0.j         -0.45722253-0.17135278j]
 [-0.45722253+0.17135278j  0.39236274+0.j        ]]
Diagonal entries of product state 6: [0.60763726 0.39236274]
r_7: [-0.0749515   0.97611966  0.20389379]
Product state qubit 7: [[ 0.6019469 +0.j         -0.03747575-0.48805983j]
 [-0.03747575+0.48805983j  0.3980531 +0.j        ]]
Diagonal entries of product state 7: [0.6019469 0.3980531]
r_8: [ 0.48579064 -0.6588728  -0.57436407]
Product state qubit 8: [[0.21281796+0.j        0.24289532+0.3294364j]
 [0.24289532-0.3294364j 0.78718204+0.j       ]]
Diagonal entries of product state 8: [0.21281796 0.78718204]
r_9: [-0.03019232 -0.91156904 -0.41003697]
Product state qubit 9: [[ 0.29498152+0.j         -0.01509616+0.45578452j]
 [-0.01509616-0.45578452j  0.70501848+0.j        ]]
Diagonal entries of product state 9: [0.29498152 0.70501848]
y_scalar: False
[-1, 1, 1, 1, 1, 1, 1, 1, -1, -1]
Hamiltonian equals product state? [[False False False False]
 [False False False False]
 [False False False False]
 [False False False False]]
Hamiltonian: [[ 0. +0.j  0. +0.j  0. +0.j  0. +0.j]
 [ 0. +0.j  0.5+0.j -0.5+0.j  0. +0.j]
 [ 0. +0.j -0.5+0.j  0.5+0.j  0. +0.j]
 [ 0. +0.j  0. +0.j  0. +0.j  0. +0.j]], product state: [[ 0.24976437+0.j         -0.0127821 +0.38591819j  0.02906308-0.1022202j
   0.15645605+0.05013749j]
 [-0.0127821 -0.38591819j  0.59694757+0.j         -0.15943075-0.03967492j
   0.06946201-0.24431067j]
 [ 0.02906308+0.1022202j  -0.15943075+0.03967492j  0.04521715+0.j
  -0.00231406+0.06986633j]
 [ 0.15645605-0.05013749j  0.06946201+0.24431067j -0.00231406-0.06986633j
   0.10807092+0.j        ]]
Hamiltonian equals product state? [[False False False False]
 [False False False False]
 [False False False False]
 [False False False False]]
Hamiltonian: [[ 0. +0.j  0. +0.j  0. +0.j  0. +0.j]
 [ 0. +0.j  0.5+0.j -0.5+0.j  0. +0.j]
 [ 0. +0.j -0.5+0.j  0.5+0.j  0. +0.j]
 [ 0. +0.j  0. +0.j  0. +0.j  0. +0.j]], product state: [[ 0.30528775+0.j         -0.01900647-0.24752796j  0.20488815+0.22042515j
   0.16596535-0.17984689j]
 [-0.01900647+0.24752796j  0.20187949+0.j         -0.19147702+0.15240062j
   0.13548764+0.14576189j]
 [ 0.20488815-0.22042515j -0.19147702-0.15240062j  0.29665915+0.j
  -0.01846928-0.24053187j]
 [ 0.16596535+0.17984689j  0.13548764-0.14576189j -0.01846928+0.24053187j
   0.19617361+0.j        ]]
Hamiltonian equals product state? [[False False False False]
 [False False False False]
 [False False False False]
 [False False False False]]
Hamiltonian: [[ 0. +0.j  0. +0.j  0. +0.j  0. +0.j]
 [ 0. +0.j  0.5+0.j -0.5+0.j  0. +0.j]
 [ 0. +0.j -0.5+0.j  0.5+0.j  0. +0.j]
 [ 0. +0.j  0. +0.j  0. +0.j  0. +0.j]], product state: [[ 0.15005844+0.j          0.10070803+0.10834665j -0.21048918-0.09634051j
  -0.07170393-0.216636j  ]
 [ 0.10070803-0.10834665j  0.14581721+0.j         -0.21082534+0.08732288j
  -0.20453995-0.09361756j]
 [-0.21048918+0.09634051j -0.21082534-0.08732288j  0.35710881+0.j
   0.23966479+0.25784316j]
 [-0.07170393+0.216636j   -0.20453995+0.09361756j  0.23966479-0.25784316j
   0.34701555+0.j        ]]
Hamiltonian equals product state? [[False False False False]
 [False False False False]
 [False False False False]
 [False False False False]]
Hamiltonian: [[ 0. +0.j  0. +0.j  0. +0.j  0. +0.j]
 [ 0. +0.j  0.5+0.j -0.5+0.j  0. +0.j]
 [ 0. +0.j -0.5+0.j  0.5+0.j  0. +0.j]
 [ 0. +0.j  0. +0.j  0. +0.j  0. +0.j]], product state: [[ 0.18019551+0.j          0.20566237+0.27893773j  0.02096791-0.07374799j
   0.13809116-0.05171298j]
 [ 0.20566237-0.27893773j  0.66651642+0.j         -0.0902286 -0.11662847j
   0.07755718-0.27278287j]
 [ 0.02096791+0.07374799j -0.0902286 +0.11662847j  0.03262245+0.j
   0.03723295+0.05049867j]
 [ 0.13809116+0.05171298j  0.07755718+0.27278287j  0.03723295-0.05049867j
   0.12066561+0.j        ]]
Hamiltonian equals product state? [[False False False False]
 [False False False False]
 [False False False False]
 [False False False False]]
Hamiltonian: [[ 0. +0.j  0. +0.j  0. +0.j  0. +0.j]
 [ 0. +0.j  0.5+0.j -0.5+0.j  0. +0.j]
 [ 0. +0.j -0.5+0.j  0.5+0.j  0. +0.j]
 [ 0. +0.j  0. +0.j  0. +0.j  0. +0.j]], product state: [[ 0.30817371+0.j         -0.23188829-0.08690452j  0.20682501+0.22250889j
  -0.09288031-0.22575331j]
 [-0.23188829+0.08690452j  0.19899353+0.j         -0.21837465-0.10910463j
   0.13355078+0.14367815j]
 [ 0.20682501-0.22250889j -0.21837465+0.10910463j  0.29946355+0.j
  -0.22533424-0.08444826j]
 [-0.09288031+0.22575331j  0.13355078-0.14367815j -0.22533424+0.08444826j
   0.19336921+0.j        ]]
Hamiltonian equals product state? [[False False False False]
 [False False False False]
 [False False False False]
 [False False False False]]
Hamiltonian: [[ 0. +0.j  0. +0.j  0. +0.j  0. +0.j]
 [ 0. +0.j  0.5+0.j -0.5+0.j  0. +0.j]
 [ 0. +0.j -0.5+0.j  0.5+0.j  0. +0.j]
 [ 0. +0.j  0. +0.j  0. +0.j  0. +0.j]], product state: [[ 0.17756321+0.j         -0.00908709+0.27435808j -0.01105465-0.14396863j
   0.22301585-0.00971304j]
 [-0.00908709-0.27435808j  0.42438369+0.j         -0.22188437+0.0244487j
  -0.0264211 -0.3440912j ]
 [-0.01105465+0.14396863j -0.22188437-0.0244487j   0.11741831+0.j
  -0.00600907+0.18142644j]
 [ 0.22301585+0.00971304j -0.0264211 +0.3440912j  -0.00600907-0.18142644j
   0.2806348 +0.j        ]]
Hamiltonian equals product state? [[False False False False]
 [False False False False]
 [False False False False]
 [False False False False]]
Hamiltonian: [[ 0. +0.j  0. +0.j  0. +0.j  0. +0.j]
 [ 0. +0.j  0.5+0.j -0.5+0.j  0. +0.j]
 [ 0. +0.j -0.5+0.j  0.5+0.j  0. +0.j]
 [ 0. +0.j  0. +0.j  0. +0.j  0. +0.j]], product state: [[ 0.25052144+0.j          0.02915117-0.10253004j -0.35141012-0.16083976j
  -0.10671711+0.12510477j]
 [ 0.02915117+0.10253004j  0.0453542 +0.j          0.02493555-0.16253604j
  -0.06361901-0.0291183j ]
 [-0.35141012+0.16083976j  0.02493555+0.16253604j  0.5961905 +0.j
   0.06937391-0.24400082j]
 [-0.10671711-0.12510477j -0.06361901+0.0291183j   0.06937391+0.24400082j
   0.10793386+0.j        ]]
Hamiltonian equals product state? [[False False False False]
 [False False False False]
 [False False False False]
 [False False False False]]
Hamiltonian: [[ 0. +0.j  0. +0.j  0. +0.j  0. +0.j]
 [ 0. +0.j  0.5+0.j -0.5+0.j  0. +0.j]
 [ 0. +0.j -0.5+0.j  0.5+0.j  0. +0.j]
 [ 0. +0.j  0. +0.j  0. +0.j  0. +0.j]], product state: [[ 0.12931612+0.j          0.14759225+0.20017783j -0.09730517-0.03646695j
  -0.05460737-0.19224653j]
 [ 0.14759225-0.20017783j  0.47832113+0.j         -0.16750706+0.10900496j
  -0.35991736-0.13488583j]
 [-0.09730517+0.03646695j -0.16750706-0.10900496j  0.08350184+0.j
   0.09530307+0.12925857j]
 [-0.05460737+0.19224653j -0.35991736+0.13488583j  0.09530307-0.12925857j
   0.3088609 +0.j        ]]
Hamiltonian equals product state? [[False False False False]
 [False False False False]
 [False False False False]
 [False False False False]]
Hamiltonian: [[ 0. +0.j  0. +0.j  0. +0.j  0. +0.j]
 [ 0. +0.j  0.5+0.j -0.5+0.j  0. +0.j]
 [ 0. +0.j -0.5+0.j  0.5+0.j  0. +0.j]
 [ 0. +0.j  0. +0.j  0. +0.j  0. +0.j]], product state: [[ 0.30528167+0.j         -0.0190083 -0.24752909j  0.20488228+0.22042243j
   0.1659664 -0.17984762j]
 [-0.0190083 +0.24752909j  0.20188558+0.j         -0.19148031+0.1523985j
   0.13549054+0.14576738j]
 [ 0.20488228-0.22042243j -0.19148031-0.1523985j   0.29665324+0.j
  -0.01847105-0.24053297j]
 [ 0.1659664 +0.17984762j  0.13549054-0.14576738j -0.01847105+0.24053297j
   0.19617952+0.j        ]]
Hamiltonian equals product state? [[False False False False]
 [False False False False]
 [False False False False]
 [False False False False]]
Hamiltonian: [[ 0. +0.j  0. +0.j  0. +0.j  0. +0.j]
 [ 0. +0.j  0.5+0.j -0.5+0.j  0. +0.j]
 [ 0. +0.j -0.5+0.j  0.5+0.j  0. +0.j]
 [ 0. +0.j  0. +0.j  0. +0.j  0. +0.j]], product state: [[ 0.36576761+0.j         -0.02277445-0.29657242j -0.2752179 -0.10313804j
  -0.06649021+0.22957459j]
 [-0.02277445+0.29657242j  0.24188549+0.j          0.10076298-0.21673085j
  -0.18200413-0.06820614j]
 [-0.2752179 +0.10313804j  0.10076298+0.21673085j  0.23616729+0.j
  -0.01470491-0.19148963j]
 [-0.06649021-0.22957459j -0.18200413+0.06820614j -0.01470491+0.19148963j
   0.15617961+0.j        ]]
Hamiltonian equals product state? [[False False False False]
 [False False False False]
 [False False False False]
 [False False False False]]
Hamiltonian: [[ 0. +0.j  0. +0.j  0. +0.j  0. +0.j]
 [ 0. +0.j  0.5+0.j -0.5+0.j  0. +0.j]
 [ 0. +0.j -0.5+0.j  0.5+0.j  0. +0.j]
 [ 0. +0.j  0. +0.j  0. +0.j  0. +0.j]], product state: [[ 0.17755967+0.j         -0.00908691+0.27435261j -0.01105572-0.14396929j
   0.22301692-0.00971465j]
 [-0.00908691-0.27435261j  0.42437523+0.j         -0.22188534+0.02445037j
  -0.02642364-0.34409277j]
 [-0.01105572+0.14396929j -0.22188534-0.02445037j  0.11742185+0.j
  -0.00600925+0.18143191j]
 [ 0.22301692+0.00971465j -0.02642364+0.34409277j -0.00600925-0.18143191j
   0.28064325+0.j        ]]
Hamiltonian equals product state? [[False False False False]
 [False False False False]
 [False False False False]
 [False False False False]]
Hamiltonian: [[ 0. +0.j  0. +0.j  0. +0.j  0. +0.j]
 [ 0. +0.j  0.5+0.j -0.5+0.j  0. +0.j]
 [ 0. +0.j -0.5+0.j  0.5+0.j  0. +0.j]
 [ 0. +0.j  0. +0.j  0. +0.j  0. +0.j]], product state: [[ 0.1293195 +0.j          0.14759609+0.20018305j -0.09730506-0.03646512j
  -0.05461008-0.19224428j]
 [ 0.14759609-0.20018305j  0.47833361+0.j         -0.1675041 +0.10900688j
  -0.35991697-0.13487906j]
 [-0.09730506+0.03646512j -0.1675041 -0.10900688j  0.08349847+0.j
   0.09529922+0.12925335j]
 [-0.05461008+0.19224428j -0.35991697+0.13487906j  0.09529922-0.12925335j
   0.30884843+0.j        ]]
Hamiltonian equals product state? [[False False False False]
 [False False False False]
 [False False False False]
 [False False False False]]
Hamiltonian: [[ 0. +0.j  0. +0.j  0. +0.j  0. +0.j]
 [ 0. +0.j  0.5+0.j -0.5+0.j  0. +0.j]
 [ 0. +0.j -0.5+0.j  0.5+0.j  0. +0.j]
 [ 0. +0.j  0. +0.j  0. +0.j  0. +0.j]], product state: [[ 0.30818175+0.j         -0.23188804-0.08690015j  0.2068286 +0.22251637j
  -0.09288146-0.22575095j]
 [-0.23188804+0.08690015j  0.19898549+0.j         -0.21837044-0.10910915j
   0.13354422+0.14367344j]
 [ 0.2068286 -0.22251637j -0.21837044+0.10910915j  0.29947135+0.j
  -0.22533399-0.08444402j]
 [-0.09288146+0.22575095j  0.13354422-0.14367344j -0.22533399+0.08444402j
   0.1933614 +0.j        ]]
Hamiltonian equals product state? [[False False False False]
 [False False False False]
 [False False False False]
 [False False False False]]
Hamiltonian: [[ 0. +0.j  0. +0.j  0. +0.j  0. +0.j]
 [ 0. +0.j  0.5+0.j -0.5+0.j  0. +0.j]
 [ 0. +0.j -0.5+0.j  0.5+0.j  0. +0.j]
 [ 0. +0.j  0. +0.j  0. +0.j  0. +0.j]], product state: [[ 0.15005844+0.j          0.10070891+0.10834583j -0.21048918-0.09634051j
  -0.07170569-0.21663542j]
 [ 0.10070891-0.10834583j  0.14581721+0.j         -0.21082605+0.08732116j
  -0.20453995-0.09361756j]
 [-0.21048918+0.09634051j -0.21082605-0.08732116j  0.35710881+0.j
   0.23966689+0.25784121j]
 [-0.07170569+0.21663542j -0.20453995+0.09361756j  0.23966689-0.25784121j
   0.34701555+0.j        ]]
Hamiltonian equals product state? [[False False False False]
 [False False False False]
 [False False False False]
 [False False False False]]
Hamiltonian: [[ 0. +0.j  0. +0.j  0. +0.j  0. +0.j]
 [ 0. +0.j  0.5+0.j -0.5+0.j  0. +0.j]
 [ 0. +0.j -0.5+0.j  0.5+0.j  0. +0.j]
 [ 0. +0.j  0. +0.j  0. +0.j  0. +0.j]], product state: [[ 0.36576536+0.j         -0.02277166-0.29656334j -0.27522368-0.10314528j
  -0.06649565+0.22957353j]
 [-0.02277166+0.29656334j  0.2418719 +0.j          0.10076517-0.21673038j
  -0.18199885-0.06820751j]
 [-0.27522368+0.10314528j  0.10076517+0.21673038j  0.23618153+0.j
  -0.01470409-0.19149649j]
 [-0.06649565-0.22957353j -0.18199885+0.06820751j -0.01470409+0.19149649j
   0.15618121+0.j        ]]
Energy of rounded cut: 6.116356362583434
Check the cut: [-1, 1, 1, 1, 1, 1, 1, 1, -1, -1]
9 in cut out of a total of 15 edges
Warm-start: SDP solve + rounding finished in 0.08 seconds
Warm-start: statevector build finished in 0.00 seconds
warm_start_correlations: None
Edges: [(3, 9), (2, 7), (0, 1), (3, 8), (2, 6), (7, 9), (0, 3), (6, 8), (1, 5), (4, 5), (5, 9), (4, 8), (1, 4), (0, 2), (6, 7)], weights: [1.0, 1.0, 1.0, 1.0, 1.0, 1.0, 1.0, 1.0, 1.0, 1.0, 1.0, 1.0, 1.0, 1.0, 1.0], set of nodes: {0, 1, 2, 3, 4, 5, 6, 7, 8, 9}, n: 10 nodes, p: 2 layers, N_bayes: 50 iterations
Initial state injected as warm start
Initial state energy for vector-normalised SDP solution used as warm start: 4.558217160549566
Running ADAM optimization with a single iteration (no debug loop)
ADAM optimizer configured with maxiter=50 and learning_rate=0.05
Generated 4 random initial parameter sets for ADAM optimization
Using random initial parameters with:
Param_type 1:  [-0.77376763  0.69040266]
Param_type 2:  [-0.11918924  0.32314526]
Param_type 3:  [ 2.30889591 -0.86492381]
Param_type 4:  [1.93840333 0.55798718]
Energies observed during ADAM optimization: [3.5038114064206667, 3.5038114062957493, 3.5038114062818693, 3.5038114063468897, 3.5038114063347585, 3.503811406461797, 3.503811406420668, 3.5038114064483743, 3.503811406423688, 3.824439977802796, 3.8244399776392304, 3.824439977596434, 3.8244399777787565, 3.824439977750502, 3.824439977883708, 3.824439977802799, 3.8244399778759437, 3.8244399778766214, 4.068639838697202, 4.068639838629792, 4.06863983857731, 4.068639838757497, 4.0686398387157166, 4.068639838774869, 4.068639838697211, 4.068639838742943, 4.068639838750551, 4.135267085246285, 4.135267085293487, 4.135267085261728, 4.135267085353437, 4.135267085319358, 4.13526708530623, 4.13526708524628, 4.135267085242387, 4.135267085247907, 4.115460372383184, 4.115460372495982, 4.115460372489654, 4.115460372501016, 4.115460372470651, 4.115460372427852, 4.115460372383183, 4.115460372348559, 4.115460372350138, 4.125333180490108, 4.125333180638097, 4.125333180643551, 4.125333180611532, 4.125333180578523, 4.1253331805288, 4.1253331804901014, 4.1253331804444, 4.125333180443507, 4.207640212439642, 4.2076402126168055, 4.207640212624543, 4.207640212564256, 4.207640212534038, 4.207640212482473, 4.20764021243964, 4.2076402123922145, 4.207640212390388, 4.364757062005136, 4.364757062197193, 4.364757062203598, 4.364757062124025, 4.364757062109509, 4.36475706206084, 4.364757062005139, 4.364757061967005, 4.3647570619668, 4.566132016599238, 4.566132016767921, 4.566132016771906, 4.566132016692257, 4.566132016709235, 4.566132016673441, 4.566132016599235, 4.566132016588235, 4.5661320165948105, 4.749044394461724, 4.749044394559449, 4.74904439456063, 4.74904439450662, 4.749044394567235, 4.749044394553826, 4.7490443944617216, 4.749044394493302, 4.749044394513725, 4.871254352301755, 4.8712543523104594, 4.871254352307867, 4.871254352286062, 4.871254352394269, 4.871254352403121, 4.871254352301756, 4.871254352372803, 4.871254352410717, 4.948331678405597, 4.948331678346589, 4.9483316783365625, 4.948331678327526, 4.948331678479654, 4.948331678500494, 4.9483316784055935, 4.948331678495689, 4.94833167854805, 5.009827697166106, 5.009827697077787, 5.00982769705463, 5.009827697036155, 5.009827697214807, 5.009827697236531, 5.0098276971660995, 5.009827697252432, 5.009827697311245, 5.06930145137395, 5.069301451295745, 5.0693014512569246, 5.069301451215491, 5.069301451387967, 5.069301451405125, 5.069301451373943, 5.069301451439421, 5.069301451494104, 5.1119833476906456, 5.1119833476517895, 5.111983347601359, 5.111983347533397, 5.111983347661852, 5.11198334767357, 5.111983347690645, 5.111983347724515, 5.111983347764609, 5.114490820767408, 5.114490820778361, 5.114490820725536, 5.114490820639059, 5.114490820695845, 5.1144908207023985, 5.11449082076741, 5.114490820765618, 5.114490820784222, 5.0792487150720635, 5.079248715122863, 5.0792487150770445, 5.079248714989211, 5.079248714969237, 5.079248714970172, 5.079248715072064, 5.079248715038192, 5.079248715034836, 5.036368560434302, 5.036368560502548, 5.036368560469132, 5.036368560399697, 5.036368560317709, 5.0363685603112005, 5.036368560434302, 5.036368560377902, 5.0363685603578245, 5.0140775205285415, 5.0140775205893044, 5.014077520569112, 5.014077520536472, 5.014077520414265, 5.01407752039777, 5.014077520528544, 5.014077520461539, 5.014077520432075, 5.01977156500941, 5.019771565040368, 5.019771565031421, 5.01977156505122, 5.019771564909345, 5.019771564881483, 5.019771565009412, 5.0197715649430465, 5.019771564911241, 5.043787494663872, 5.0437874946492425, 5.043787494648092, 5.04378749472952, 5.043787494585521, 5.04378749454807, 5.043787494663864, 5.043787494607083, 5.043787494578643, 5.073254587314037, 5.073254587249594, 5.0732545872524675, 5.073254587392365, 5.0732545872598145, 5.073254587218697, 5.073254587314039, 5.073254587272105, 5.073254587250849, 5.1033416316571465, 5.103341631553949, 5.103341631557673, 5.103341631737337, 5.103341631623951, 5.10334163158868, 5.103341631657139, 5.103341631630934, 5.103341631618331, 5.136273528957586, 5.136273528839599, 5.13627352884205, 5.136273529031018, 5.136273528938729, 5.13627352891957, 5.136273528957588, 5.13627352894447, 5.136273528939738, 5.170972043936409, 5.17097204383255, 5.1709720438324345, 5.170972043997125, 5.170972043925122, 5.17097204392916, 5.170972043936417, 5.170972043932216, 5.170972043933006, 5.198669225520125, 5.198669225455229, 5.198669225451616, 5.198669225564353, 5.198669225512372, 5.198669225540448, 5.198669225520127, 5.1986692255206695, 5.1986692255239415, 5.2093934773928146, 5.209393477380197, 5.209393477372494, 5.209393477418644, 5.209393477388299, 5.2093934774343476, 5.209393477392821, 5.209393477394937, 5.209393477397972, 5.201055881150428, 5.201055881188244, 5.20105588117629, 5.201055881157543, 5.201055881151811, 5.201055881205325, 5.201055881150432, 5.201055881152983, 5.201055881154382, 5.181877153180951, 5.181877153254556, 5.181877153238943, 5.181877153170127, 5.181877153191993, 5.181877153242297, 5.181877153180941, 5.181877153185153, 5.18187715318525, 5.163707695780825, 5.163707695869903, 5.163707695851722, 5.163707695753656, 5.163707695804363, 5.163707695843918, 5.163707695780823, 5.163707695789425, 5.163707695789652, 5.154015212455538, 5.154015212540937, 5.154015212521601, 5.15401521241476, 5.154015212492231, 5.154015212517592, 5.154015212455538, 5.154015212471178, 5.154015212473045, 5.154196235390823, 5.154196235458528, 5.15419623543937, 5.154196235340796, 5.154196235438837, 5.154196235449955, 5.154196235390823, 5.154196235414662, 5.154196235419059, 5.162486689640552, 5.162486689683495, 5.162486689665375, 5.162486689587406, 5.1624866896958075, 5.1624866896949255, 5.162486689640548, 5.162486689671454, 5.162486689678371, 5.176569710582417, 5.176569710600811, 5.176569710584093, 5.17656971053356, 5.176569710639168, 5.1765697106298205, 5.176569710582416, 5.1765697106168345, 5.176569710625241, 5.19388235220978, 5.193882352210044, 5.193882352194658, 5.193882352172902, 5.193882352261592, 5.193882352247588, 5.193882352209781, 5.193882352242309, 5.193882352250407, 5.210651003715335, 5.210651003707427, 5.210651003693255, 5.210651003697041, 5.210651003756237, 5.210651003740931, 5.210651003715339, 5.210651003740118, 5.2106510037457205, 5.222075038170214, 5.222075038163713, 5.222075038150912, 5.222075038174318, 5.222075038195837, 5.222075038181666, 5.2220750381702175, 5.222075038182661, 5.222075038183912, 5.224875323248956, 5.224875323249542, 5.224875323238128, 5.224875323274926, 5.22487532325758, 5.224875323245657, 5.224875323248958, 5.224875323247252, 5.224875323243303, 5.220110514670229, 5.220110514677911, 5.220110514667611, 5.220110514712972, 5.220110514663187, 5.2201105146531885, 5.220110514670227, 5.220110514655936, 5.22011051464732, 5.212735103156996, 5.212735103167013, 5.212735103156859, 5.212735103208151, 5.2127351031380345, 5.212735103128661, 5.2127351031570095, 5.21273510313426, 5.212735103122789, 5.207851289744239, 5.207851289749882, 5.207851289738665, 5.207851289794458, 5.207851289718262, 5.207851289708123, 5.207851289744236, 5.207851289718396, 5.207851289706465, 5.207515400725435, 5.207515400721401, 5.2075154007079645, 5.207515400766401, 5.2075154006972015, 5.207515400685635, 5.207515400725439, 5.20751540070141, 5.207515400691452, 5.210768211388398, 5.210768211373257, 5.210768211357017, 5.210768211414308, 5.210768211361482, 5.21076821134915, 5.210768211388398, 5.210768211369645, 5.210768211363454, 5.21570412428389, 5.2157041242611655, 5.21570412424212, 5.215704124292215, 5.215704124260175, 5.21570412424896, 5.215704124283892, 5.215704124271899, 5.215704124270232, 5.22094714354263, 5.220947143519699, 5.220947143498383, 5.220947143534322, 5.220947143522422, 5.2209471435148345, 5.220947143542623, 5.2209471435370665, 5.22094714353961, 5.225603700009724, 5.225603699995204, 5.225603699972477, 5.225603699988543, 5.225603699992456, 5.2256036999906, 5.225603700009729, 5.225603700009038, 5.2256037000145925, 5.228833379793539, 5.228833379794065, 5.228833379770931, 5.2288333797648505, 5.228833379778697, 5.228833379783436, 5.22883337979353, 5.228833379795842, 5.228833379802854, 5.230156362025908, 5.2301563620436555, 5.230156362021225, 5.230156361995222, 5.230156362013661, 5.230156362024234, 5.2301563620258955, 5.23015636202974, 5.230156362036885, 5.230082965848841, 5.230082965880807, 5.230082965860067, 5.230082965820634, 5.230082965840196, 5.230082965854372, 5.230082965848839, 5.23008296585361, 5.230082965860113, 5.229921487206837, 5.229921487245827, 5.229921487227579, 5.229921487183909, 5.229921487203175, 5.2299214872180215, 5.229921487206842, 5.229921487212777, 5.229921487218522, 5.230682549342254]
Total optimisation time observed during ADAM optimization: 21.846493 seconds
Median time per evaluation during ADAM optimization: 0.425327 seconds
5.230682549342254
QAOA optimisation for n=8 took 24.69 seconds; started at 1777574009.6715689 and finished at 1777574034.358322
Finished QAOA for n=10 nodes, m=15 edges at 2026-04-30 20:33:54 on Apple M4. Time taken: 24.69 seconds. Hours: 0.01 hours. Peak RAM: 371.3 MB.
Unknown graph type for approximation ratio calculation; skipping approx ratio computation.
CSV writing for n=8 took 0.00 seconds; started at 1777574034.358324 and finished at 1777574034.358803
results: {8: 5.230682549342254}
durations: {10: 24.686756134033203}
Results saved to: logs/adam/qaoa_results_adam_20260430_200911.csv
Global end time: 1777574034.358807
Finalisation time: 0.00 seconds; started at 1777574034.358804 and finished at 1777574034.358808
Sum of all section times: 24.77 seconds
