2026-04-30 22:04:34.079 system_profiler[58801:1394634] hw.cpufamily: 0x6f5129ac
Starting QAOA benchmark with global start time: 1777579473.9465642
Benchmark parameters: {'optimiser': 'adam', 'circuit_type': 'hamqaoa', 'parameter_vector': [1, 1, 1], 'iterations_list': [50, 100, 200, 500], 'learning_rate_adam': 0.05, 'depth_list': [1, 2, 5, 10], 'n_start': 0, 'n_end': 30, 'singlet_injection': False, 'start_index_singlet': 0, 'warm_start': True, 'compare_with_010101': False, 'warm_start_correlations': False, 'init_QAOAparams_close_to_zero': False, 'use_correlations_as_initial_params': False, 'time_limit': 10800, 'failed_instance_termination_thrsh': 10, 'graph_generation_type': 'HOG', 'weighted': False, 'easiest_first': True, 'cpu_util_threshold': 90, 'debug': False, 'save_circuit_svg': False, 'rerun_exclude_finished_instances': False, 'optimiser_debug_iterations': 1, 'relative_graph_adjList_path': '/Users/julian_dev/Projects/MasterThesis/QAOA/HOG_graphs/list_27_graphs_adjacency_list.txt'}, Running QAOA with equal superposition
Benchmark run ID: a991d57e
Processor: Apple M4
Hostname: Mac-mini-som-tillhor-Julian.local
Total RAM (GB): 16.0
Physical cores: 10
Logical cores: 10
Python version: 3.13.1
Initialisation time: 0.15 seconds; started at {'initialisation': 0.15207386016845703} and finished at 1777579474.098647
Loaded HOG graph index 4 with 9 edges.
Instance generation for n=4 took 0.00 seconds; started at 1777579474.098652 and finished at 1777579474.098955
Running QAOA for n=6 nodes, m=9 edges...; Max iterations: 100
Warm-start: using parameter_vector=[1, 1, 1]
Warm-start: starting SDP solve for n_vertices=6
Starting SDP solve (solver preference: MOSEK, fallback: SCS) for n_vertices=6, matrix_dim=18, edges=9
Finished SDP solve with MOSEK. status=optimal. elapsed_seconds=0.03
Rounding...
n_vertices: 6 for n = 18
Using seed None to generate random matrix for x.
r_0: [-0.85659692 -0.50419762  0.10966527]
Product state qubit 0: [[ 0.55483264+0.j         -0.42829846+0.25209881j]
 [-0.42829846-0.25209881j  0.44516736+0.j        ]]
Diagonal entries of product state 0: [0.55483264 0.44516736]
r_1: [-0.0718764  -0.91813689  0.38969019]
Product state qubit 1: [[ 0.69484509+0.j         -0.0359382 +0.45906844j]
 [-0.0359382 -0.45906844j  0.30515491+0.j        ]]
Diagonal entries of product state 1: [0.69484509 0.30515491]
r_2: [ 0.32481948  0.88190955 -0.34165459]
Product state qubit 2: [[0.3291727 +0.j         0.16240974-0.44095477j]
 [0.16240974+0.44095477j 0.6708273 +0.j        ]]
Diagonal entries of product state 2: [0.3291727 0.6708273]
r_3: [ 0.85660152  0.50419692 -0.10963252]
Product state qubit 3: [[0.44518374+0.j         0.42830076-0.25209846j]
 [0.42830076+0.25209846j 0.55481626+0.j        ]]
Diagonal entries of product state 3: [0.44518374 0.55481626]
r_4: [ 0.07187486  0.91812821 -0.38971092]
Product state qubit 4: [[0.30514454+0.j        0.03593743-0.4590641j]
 [0.03593743+0.4590641j 0.69485546+0.j       ]]
Diagonal entries of product state 4: [0.30514454 0.69485546]
r_5: [-0.32481914 -0.88190655  0.34166263]
Product state qubit 5: [[ 0.67083132+0.j         -0.16240957+0.44095328j]
 [-0.16240957-0.44095328j  0.32916868+0.j        ]]
Diagonal entries of product state 5: [0.67083132 0.32916868]
y_scalar: False
[1, 1, -1, -1, -1, 1]
Hamiltonian equals product state? [[False False False False]
 [False False False False]
 [False False False False]
 [False False False False]]
Hamiltonian: [[ 0. +0.j  0. +0.j  0. +0.j  0. +0.j]
 [ 0. +0.j  0.5+0.j -0.5+0.j  0. +0.j]
 [ 0. +0.j -0.5+0.j  0.5+0.j  0. +0.j]
 [ 0. +0.j  0. +0.j  0. +0.j  0. +0.j]], product state: [[ 0.38552274+0.j         -0.01993969+0.25470615j -0.29760108+0.17516962j
  -0.10033833-0.20567828j]
 [-0.01993969-0.25470615j  0.1693099 +0.j          0.13112288+0.18755833j
  -0.13069738+0.07692919j]
 [-0.29760108-0.17516962j  0.13112288-0.18755833j  0.30932236+0.j
  -0.01599851+0.20436229j]
 [-0.10033833+0.20567828j -0.13069738-0.07692919j -0.01599851-0.20436229j
   0.135845  +0.j        ]]
Hamiltonian equals product state? [[False False False False]
 [False False False False]
 [False False False False]
 [False False False False]]
Hamiltonian: [[ 0. +0.j  0. +0.j  0. +0.j  0. +0.j]
 [ 0. +0.j  0.5+0.j -0.5+0.j  0. +0.j]
 [ 0. +0.j -0.5+0.j  0.5+0.j  0. +0.j]
 [ 0. +0.j  0. +0.j  0. +0.j  0. +0.j]], product state: [[ 0.2986432 +0.j         -0.0723021 +0.19630523j  0.28731756-0.16911554j
   0.0416035 +0.22980383j]
 [-0.0723021 -0.19630523j  0.14654055+0.j         -0.18072379-0.14791742j
   0.1409832 -0.08298292j]
 [ 0.28731756+0.16911554j -0.18072379+0.14791742j  0.37218812+0.j
  -0.09010747+0.24464805j]
 [ 0.0416035 -0.22980383j  0.1409832 +0.08298292j -0.09010747-0.24464805j
   0.18262814+0.j        ]]
Hamiltonian equals product state? [[False False False False]
 [False False False False]
 [False False False False]
 [False False False False]]
Hamiltonian: [[ 0. +0.j  0. +0.j  0. +0.j  0. +0.j]
 [ 0. +0.j  0.5+0.j -0.5+0.j  0. +0.j]
 [ 0. +0.j -0.5+0.j  0.5+0.j  0. +0.j]
 [ 0. +0.j  0. +0.j  0. +0.j  0. +0.j]], product state: [[ 0.24700247+0.00000000e+00j  0.23763524-1.39872455e-01j
  -0.19067151+1.12230292e-01j -0.11988683+2.15947497e-01j]
 [ 0.23763524+1.39872455e-01j  0.30783017+0.00000000e+00j
  -0.24699428+7.30090826e-07j -0.23762695+1.39868519e-01j]
 [-0.19067151-1.12230292e-01j -0.24699428-7.30090826e-07j
   0.19818127+0.00000000e+00j  0.19066552-1.12226008e-01j]
 [-0.11988683-2.15947497e-01j -0.23762695-1.39868519e-01j
   0.19066552+1.12226008e-01j  0.24698609+0.00000000e+00j]]
Hamiltonian equals product state? [[False False False False]
 [False False False False]
 [False False False False]
 [False False False False]]
Hamiltonian: [[ 0. +0.j  0. +0.j  0. +0.j  0. +0.j]
 [ 0. +0.j  0.5+0.j -0.5+0.j  0. +0.j]
 [ 0. +0.j -0.5+0.j  0.5+0.j  0. +0.j]
 [ 0. +0.j  0. +0.j  0. +0.j  0. +0.j]], product state: [[ 0.22872404+0.j          0.11284961-0.30639526j -0.01182987+0.1511128j
   0.19659171+0.09040431j]
 [ 0.11284961+0.30639526j  0.46612106+0.j         -0.20826513+0.05871007j
  -0.02410832+0.30795564j]
 [-0.01182987-0.1511128j  -0.20826513-0.05871007j  0.10044867+0.j
   0.04956013-0.13455951j]
 [ 0.19659171-0.09040431j -0.02410832-0.30795564j  0.04956013+0.13455951j
   0.20470624+0.j        ]]
Hamiltonian equals product state? [[False False False False]
 [False False False False]
 [False False False False]
 [False False False False]]
Hamiltonian: [[ 0. +0.j  0. +0.j  0. +0.j  0. +0.j]
 [ 0. +0.j  0.5+0.j -0.5+0.j  0. +0.j]
 [ 0. +0.j -0.5+0.j  0.5+0.j  0. +0.j]
 [ 0. +0.j  0. +0.j  0. +0.j  0. +0.j]], product state: [[ 0.13584539+0.j          0.01599876-0.20436788j  0.13069364-0.07692647j
  -0.10033733-0.20567728j]
 [ 0.01599876+0.20436788j  0.30933835+0.j          0.13112138+0.18755774j
   0.29760712-0.17517199j]
 [ 0.13069364+0.07692647j  0.13112138-0.18755774j  0.16929915+0.j
   0.01993867-0.25469623j]
 [-0.10033733+0.20567728j  0.29760712+0.17517199j  0.01993867+0.25469623j
   0.38551711+0.j        ]]
Hamiltonian equals product state? [[False False False False]
 [False False False False]
 [False False False False]
 [False False False False]]
Hamiltonian: [[ 0. +0.j  0. +0.j  0. +0.j  0. +0.j]
 [ 0. +0.j  0.5+0.j -0.5+0.j  0. +0.j]
 [ 0. +0.j -0.5+0.j  0.5+0.j  0. +0.j]
 [ 0. +0.j  0. +0.j  0. +0.j  0. +0.j]], product state: [[ 0.20470051+0.j         -0.04955839+0.13455448j  0.02410795-0.30795458j
   0.19658924+0.09040313j]
 [-0.04955839-0.13455448j  0.10044403+0.j         -0.2082624 +0.05870968j
   0.01182948-0.15110953j]
 [ 0.02410795+0.30795458j -0.2082624 -0.05870968j  0.4661308 +0.j
  -0.11285118+0.30639879j]
 [ 0.19658924-0.09040313j  0.01182948+0.15110953j -0.11285118-0.30639879j
   0.22872466+0.j        ]]
Hamiltonian equals product state? [[False False False False]
 [False False False False]
 [False False False False]
 [False False False False]]
Hamiltonian: [[ 0. +0.j  0. +0.j  0. +0.j  0. +0.j]
 [ 0. +0.j  0.5+0.j -0.5+0.j  0. +0.j]
 [ 0. +0.j -0.5+0.j  0.5+0.j  0. +0.j]
 [ 0. +0.j  0. +0.j  0. +0.j  0. +0.j]], product state: [[ 0.22081936+0.00000000e+00j -0.0534608 +1.45149783e-01j
   0.10894954-2.95806271e-01j  0.16806356+1.43230382e-01j]
 [-0.0534608 -1.45149783e-01j  0.10835335+0.00000000e+00j
  -0.22081735+1.68606128e-07j  0.0534602 -1.45148502e-01j]
 [ 0.10894954+2.95806271e-01j -0.22081735-1.68606128e-07j
   0.45001196+0.00000000e+00j -0.10894877+2.95803494e-01j]
 [ 0.16806356-1.43230382e-01j  0.0534602 +1.45148502e-01j
  -0.10894877-2.95803494e-01j  0.22081534+0.00000000e+00j]]
Hamiltonian equals product state? [[False False False False]
 [False False False False]
 [False False False False]
 [False False False False]]
Hamiltonian: [[ 0. +0.j  0. +0.j  0. +0.j  0. +0.j]
 [ 0. +0.j  0.5+0.j -0.5+0.j  0. +0.j]
 [ 0. +0.j -0.5+0.j  0.5+0.j  0. +0.j]
 [ 0. +0.j  0. +0.j  0. +0.j  0. +0.j]], product state: [[ 0.21202819+0.00000000e+00j  0.02497095-3.18978440e-01j
  -0.01096635+1.40082229e-01j  0.20945032+3.29956761e-02j]
 [ 0.02497095+3.18978440e-01j  0.48281691+0.00000000e+00j
  -0.21203337-1.98023757e-07j -0.02497185+3.18986214e-01j]
 [-0.01096635-1.40082229e-01j -0.21203337+1.98023757e-07j
   0.09311635+0.00000000e+00j  0.01096648-1.40085663e-01j]
 [ 0.20945032-3.29956761e-02j -0.02497185-3.18986214e-01j
   0.01096648+1.40085663e-01j  0.21203855+0.00000000e+00j]]
Hamiltonian equals product state? [[False False False False]
 [False False False False]
 [False False False False]
 [False False False False]]
Hamiltonian: [[ 0. +0.j  0. +0.j  0. +0.j  0. +0.j]
 [ 0. +0.j  0.5+0.j -0.5+0.j  0. +0.j]
 [ 0. +0.j -0.5+0.j  0.5+0.j  0. +0.j]
 [ 0. +0.j  0. +0.j  0. +0.j  0. +0.j]], product state: [[ 0.18263576+0.j          0.09011022-0.2446561j  -0.14098416+0.08298405j
   0.04160433+0.22980355j]
 [ 0.09011022+0.2446561j   0.37219688+0.j         -0.18072402-0.14791695j
  -0.2873143 +0.16911476j]
 [-0.14098416-0.08298405j -0.18072402+0.14791695j  0.14653694+0.j
   0.07229952-0.19629867j]
 [ 0.04160433-0.22980355j -0.2873143 -0.16911476j  0.07229952+0.19629867j
   0.29863042+0.j        ]]
Energy of rounded cut: 3.5796694745996813
Check the cut: [1, 1, -1, -1, -1, 1]
7 in cut out of a total of 9 edges
Warm-start: SDP solve + rounding finished in 0.04 seconds
Warm-start: statevector build finished in 0.00 seconds
warm_start_correlations: None
Edges: [(0, 1), (3, 5), (0, 3), (1, 2), (3, 4), (4, 5), (2, 5), (1, 4), (0, 2)], weights: [1.0, 1.0, 1.0, 1.0, 1.0, 1.0, 1.0, 1.0, 1.0], set of nodes: {0, 1, 2, 3, 4, 5}, n: 6 nodes, p: 5 layers, N_bayes: 100 iterations
Initial state injected as warm start
Initial state energy for vector-normalised SDP solution used as warm start: 3.57966947459968
Running ADAM optimization with a single iteration (no debug loop)
ADAM optimizer configured with maxiter=100 and learning_rate=0.05
Generated 4 random initial parameter sets for ADAM optimization
Using random initial parameters with:
Param_type 1:  [ 1.50811771  1.98516843 -2.41425186 -1.53921878 -2.94253569]
Param_type 2:  [ 0.48116289  0.54913234 -3.01798577  1.31421145  2.79914191]
Param_type 3:  [ 0.33172587  0.75064903  0.06449643 -1.36643145 -2.07665862]
Param_type 4:  [-0.31090244  0.60463795  2.32048174  0.61237633  1.58358381]
Energies observed during ADAM optimization: [2.191645286309465, 2.191645286282871, 2.1916452863260596, 2.1916452863989906, 2.191645286391615, 2.1916452863372733, 2.191645286275945, 2.191645286207582, 2.1916452862861497, 2.1916452864151466, 2.191645286309232, 2.191645286342701, 2.1916452863227085, 2.191645286311768, 2.19164528630969, 2.191645286309467, 2.1916452862929856, 2.19164528630484, 2.1916452862766476, 2.1916452863270397, 2.1916452863395937, 2.6069498301575416, 2.606949830174408, 2.6069498301975003, 2.606949830291723, 2.606949830291635, 2.6069498301751017, 2.6069498300674003, 2.606949829986383, 2.6069498301557616, 2.6069498302773733, 2.606949830166882, 2.6069498301792704, 2.606949830158073, 2.6069498301582885, 2.6069498301603855, 2.60694983015754, 2.606949830105229, 2.6069498301040794, 2.6069498300821174, 2.606949830219246, 2.606949830170849, 3.0526368462672, 3.0526368462953126, 3.0526368461922906, 3.0526368463385944, 3.052636846342718, 3.0526368462641122, 3.0526368461651145, 3.052636846084437, 3.052636846299428, 3.0526368463667137, 3.052636846286268, 3.0526368462713633, 3.0526368462715943, 3.052636846273507, 3.0526368462626756, 3.052636846267198, 3.0526368462495443, 3.0526368462389453, 3.0526368462295945, 3.0526368463010103, 3.0526368462372018, 3.114548329683978, 3.1145483296737178, 3.114548329486768, 3.1145483295915946, 3.1145483295984606, 3.1145483295706624, 3.114548329739344, 3.1145483296030783, 3.1145483296937533, 3.114548329703661, 3.1145483296852294, 3.114548329660065, 3.11454832969514, 3.114548329696121, 3.114548329677864, 3.114548329683977, 3.114548329761284, 3.1145483297669148, 3.114548329761578, 3.114548329604591, 3.1145483295817247, 3.1893024695376715, 3.1893024695181587, 3.189302469336308, 3.189302469401507, 3.189302469410424, 3.189302469398172, 3.1893024695969006, 3.189302469484771, 3.1893024695416505, 3.1893024695202246, 3.189302469532256, 3.189302469513857, 3.1893024695449688, 3.1893024695409817, 3.189302469535691, 3.1893024695376693, 3.189302469638955, 3.1893024696674304, 3.18930246966476, 3.189302469412175, 3.1893024694086227, 3.4538198016357877, 3.453819801642854, 3.4538198014896024, 3.4538198015407464, 3.4538198015424557, 3.453819801536443, 3.4538198016023505, 3.4538198015708548, 3.453819801643223, 3.4538198016167683, 3.4538198016348973, 3.453819801626734, 3.4538198016484216, 3.4538198016352677, 3.453819801634363, 3.4538198016357846, 3.4538198017233857, 3.453819801749415, 3.4538198017488666, 3.4538198015259023, 3.4538198015141313, 3.644260169590699, 3.6442601696812162, 3.6442601696112433, 3.6442601696329673, 3.644260169615085, 3.6442601696148897, 3.6442601694879926, 3.644260169495251, 3.644260169571163, 3.6442601696068118, 3.644260169591306, 3.6442601696057078, 3.644260169608551, 3.6442601695914068, 3.6442601695896917, 3.6442601695907, 3.6442601695975574, 3.644260169588078, 3.6442601695868624, 3.6442601695947463, 3.644260169584575, 3.624508730495564, 3.6245087306056925, 3.624508730617365, 3.624508730614095, 3.624508730596068, 3.624508730596663, 3.62450873041283, 3.6245087304149006, 3.624508730461407, 3.6245087305500103, 3.624508730494556, 3.6245087305145347, 3.6245087305092705, 3.624508730497688, 3.624508730497124, 3.6245087304955654, 3.6245087304163603, 3.6245087303851515, 3.6245087303791372, 3.6245087306114705, 3.624508730612196, 3.6467070142409477, 3.6467070142916196, 3.6467070143371774, 3.6467070143336766, 3.646707014331267, 3.646707014335891, 3.6467070141892672, 3.6467070142072338, 3.6467070142074745, 3.646707014301227, 3.646707014238436, 3.6467070142511173, 3.6467070142499094, 3.6467070142447593, 3.646707014242547, 3.64670701424095, 3.6467070141251914, 3.6467070140948588, 3.646707014086228, 3.646707014397732, 3.6467070143967613, 3.737034498186895, 3.7370344981175565, 3.737034498161114, 3.737034498176031, 3.7370344981864836, 3.737034498209522, 3.7370344981525117, 3.7370344982082577, 3.7370344981590393, 3.7370344982058326, 3.7370344981818295, 3.7370344981840433, 3.737034498189359, 3.7370344981886645, 3.737034498186917, 3.7370344981868917, 3.7370344980923074, 3.737034498073702, 3.7370344980663726, 3.737034498313055, 3.737034498291463, 3.758444062275479, 3.7584440621117308, 3.758444062129062, 3.7584440621478685, 3.7584440621579387, 3.7584440622061397, 3.758444062247227, 3.7584440623531137, 3.7584440622924307, 3.758444062245186, 3.7584440622702253, 3.7584440622632913, 3.7584440622707675, 3.7584440622714044, 3.7584440622748985, 3.758444062275478, 3.758444062241738, 3.7584440622371464, 3.7584440622343074, 3.758444062320052, 3.758444062275931, 3.769424453286239, 3.769424453130256, 3.7694244531262506, 3.7694244531354935, 3.7694244531390058, 3.7694244531975767, 3.769424453248884, 3.7694244533890604, 3.769424453363338, 3.769424453255578, 3.769424453283468, 3.7694244532689227, 3.769424453275244, 3.7694244532757644, 3.769424453285832, 3.769424453286235, 3.769424453304411, 3.769424453307069, 3.7694244533064887, 3.7694244532618035, 3.7694244532170234, 3.8221741374970546, 3.8221741374425067, 3.8221741374344362, 3.8221741374352427, 3.8221741374349465, 3.8221741374762646, 3.822174137455205, 3.8221741375873224, 3.8221741375788456, 3.82217413749643, 3.8221741374962055, 3.8221741374762876, 3.822174137480018, 3.8221741374808254, 3.8221741374967046, 3.822174137497054, 3.8221741375361407, 3.822174137541326, 3.822174137540834, 3.8221741374452036, 3.8221741374237506, 3.8159884050286155, 3.8159884051312565, 3.815988405125107, 3.815988405120317, 3.815988405109825, 3.81598840510869, 3.8159884050024204, 3.8159884050901485, 3.8159884050531567, 3.8159884050571087, 3.8159884050295605, 3.815988405010709, 3.8159884050108412, 3.815988405011989, 3.8159884050281803, 3.8159884050286137, 3.815988405062151, 3.815988405068803, 3.815988405067555, 3.815988404984643, 3.8159884049952533, 3.7685259063705057, 3.7685259065603764, 3.768525906557112, 3.7685259065513605, 3.7685259065288204, 3.768525906493589, 3.7685259063580303, 3.7685259064124823, 3.7685259063265395, 3.7685259064010337, 3.768525906372748, 3.7685259063634113, 3.768525906360931, 3.768525906361576, 3.768525906370138, 3.7685259063705097, 3.7685259063978065, 3.7685259064051526, 3.7685259064039216, 3.76852590633819, 3.768525906361306, 3.796219015098294, 3.796219015260424, 3.796219015259791, 3.7962190152560797, 3.7962190152318485, 3.7962190151932975, 3.7962190150876314, 3.7962190151369937, 3.7962190150157378, 3.796219015107977, 3.796219015099963, 3.796219015104227, 3.796219015101043, 3.796219015100298, 3.7962190150980635, 3.796219015098296, 3.7962190151299753, 3.7962190151377646, 3.796219015139576, 3.7962190150620927, 3.796219015073751, 3.857287076115025, 3.8572870761662403, 3.857287076165905, 3.8572870761645053, 3.8572870761484683, 3.857287076134026, 3.8572870761029994, 3.857287076163939, 3.857287076021812, 3.8572870760929616, 3.85728707611348, 3.857287076129556, 3.85728707612684, 3.8572870761251785, 3.857287076114537, 3.8572870761150266, 3.857287076147405, 3.857287076155803, 3.857287076161723, 3.8572870760744387, 3.857287076058857, 3.872389841960401, 3.872389841883936, 3.8723898418795932, 3.872389841879732, 3.872389841873126, 3.872389841895751, 3.8723898419503255, 3.8723898420264824, 3.872389841874013, 3.872389841911664, 3.87238984195262, 3.8723898419741323, 3.8723898419717315, 3.872389841971039, 3.8723898419589267, 3.872389841960402, 3.8723898419768705, 3.872389841986158, 3.872389841992754, 3.872389841934067, 3.8723898418880216, 3.8750832294392796, 3.875083229303219, 3.875083229293354, 3.8750832292933706, 3.8750832292920836, 3.8750832293401327, 3.8750832294356696, 3.875083229518012, 3.87508322936971, 3.8750832293841575, 3.875083229424446, 3.8750832294485313, 3.8750832294455226, 3.875083229446203, 3.875083229436699, 3.8750832294392765, 3.8750832294303357, 3.87508322944149, 3.8750832294450377, 3.8750832294406026, 3.87508322937657, 3.9237782402387733, 3.923778240136848, 3.9237782401258183, 3.923778240123785, 3.9237782401238555, 3.9237782401713055, 3.9237782402404155, 3.923778240319649, 3.9237782401974672, 3.923778240202493, 3.923778240220943, 3.923778240246146, 3.9237782402419703, 3.9237782402421852, 3.9237782402360524, 3.9237782402387733, 3.923778240207103, 3.9237782402209542, 3.923778240221217, 3.9237782402663095, 3.923778240205422, 3.943422315238303, 3.9434223152438297, 3.9434223152250607, 3.9434223152200305, 3.943422315220053, 3.943422315230133, 3.943422315255495, 3.9434223153081076, 3.9434223153434402, 3.943422315223434, 3.94342231522073, 3.9434223152489687, 3.9434223152424703, 3.943422315244632, 3.9434223152369743, 3.9434223152382994, 3.943422315177844, 3.9434223151931844, 3.9434223151936476, 3.9434223153149146, 3.943422315270626, 3.9304679070290365, 3.9304679071232624, 3.9304679071096142, 3.930467907107901, 3.9304679071068014, 3.930467907080727, 3.930467907051837, 3.9304679070761868, 3.930467907156502, 3.930467907046928, 3.930467907020426, 3.9304679070397412, 3.9304679070311432, 3.9304679070343425, 3.9304679070292106, 3.930467907029037, 3.9304679069749677, 3.9304679069941306, 3.9304679069928588, 3.9304679071068924, 3.930467907096776, 3.931752403064464, 3.9317524031794444, 3.931752403182601, 3.9317524031930753, 3.9317524031905853, 3.9317524031488222, 3.9317524030936233, 3.9317524030796616, 3.9317524031731033, 3.931752403104758, 3.9317524030677866, 3.931752403073098, 3.9317524030621738, 3.931752403064813, 3.93175240306426, 3.9317524030644657, 3.9317524030405866, 3.9317524030685473, 3.9317524030661186, 3.9317524031017737, 3.931752403125197, 3.958811351397327, 3.958811351462309, 3.9588113514820407, 3.958811351510068, 3.9588113515069945, 3.958811351475861, 3.958811351434263, 3.9588113513840058, 3.958811351463931, 3.9588113514367413, 3.958811351407767, 3.958811351400771, 3.958811351388228, 3.95881135138987, 3.9588113513962346, 3.9588113513973235, 3.9588113514036896, 3.958811351443482, 3.95881135144144, 3.9588113513809673, 3.958811351416042, 3.9803796823866504, 3.980379682358957, 3.980379682385785, 3.9803796824289748, 3.980379682427154, 3.9803796824251014, 3.9803796824231794, 3.980379682360528, 3.9803796824029654, 3.9803796824046005, 3.9803796823969306, 3.98037968238127, 3.9803796823699407, 3.9803796823706494, 3.9803796823868742, 3.980379682386648, 3.9803796824087327, 3.9803796824565767, 3.9803796824557782, 3.980379682329322, 3.9803796823479156, 3.9803630365591784, 3.980363036453258, 3.980363036473391, 3.98036303652041, 3.9803630365199565, 3.9803630365433045, 3.9803630365880243, 3.9803630365372107, 3.980363036566185, 3.9803630365506417, 3.980363036563388, 3.980363036547849, 3.9803630365404525, 3.9803630365406244, 3.9803630365629665, 3.9803630365591824, 3.9803630365752776, 3.980363036622104, 3.980363036622004, 3.980363036496329, 3.9803630364845906, 3.9818102681224294, 3.9818102680095206, 3.981810268007727, 3.9818102680438017, 3.981810268040981, 3.981810268061451, 3.981810268147279, 3.981810268111557, 3.981810268078821, 3.981810268097059, 3.9818102681154306, 3.9818102681137195, 3.9818102681113303, 3.9818102681125374, 3.981810268129554, 3.9818102681224286, 3.9818102681093537, 3.981810268146101, 3.9818102681461696, 3.9818102681043643, 3.9818102680662806, 3.9895341453162776, 3.9895341452487827, 3.9895341452341797, 3.9895341452509663, 3.98953414524763, 3.9895341452437187, 3.9895341453392565, 3.9895341453042636, 3.989534145228678, 3.989534145296756, 3.9895341453033417, 3.9895341453148134, 3.9895341453162776, 3.989534145318381, 3.9895341453252158, 3.989534145316276, 3.9895341452819912, 3.9895341453064637, 3.989534145307264, 3.9895341453432813, 3.9895341453067465, 3.998097416504843, 3.9980974165057352, 3.998097416491451, 3.998097416491054, 3.9980974164892054, 3.998097416452918, 3.998097416523978, 3.9980974164802574, 3.9980974164046974, 3.9980974165077154, 3.998097416494474, 3.99809741651026, 3.998097416513786, 3.99809741651607, 3.9980974165156047, 3.998097416504842, 3.998097416466396, 3.9980974164811562, 3.9980974164821355, 3.9980974165560834, 3.9980974165468215, 4.003473177357076, 4.003473177413339, 4.0034731774076455, 4.003473177399694, 4.003473177399274, 4.003473177339825, 4.00347317736894, 4.003473177318689, 4.003473177278405, 4.003473177385538, 4.0034731773555645, 4.00347317736624, 4.00347317736966, 4.003473177371164, 4.003473177369952, 4.00347317735708, 4.00347317732895, 4.003473177339329, 4.003473177339853, 4.0034731774046985, 4.003473177432222, 4.015678548763009, 4.015678548832283, 4.015678548836248, 4.01567854883141, 4.0156785488314, 4.015678548768467, 4.015678548766403, 4.015678548718198, 4.015678548726725, 4.015678548805659, 4.0156785487706905, 4.015678548772057, 4.015678548773927, 4.015678548774272, 4.0156785487760915, 4.015678548763013, 4.015678548751033, 4.015678548762679, 4.015678548762767, 4.015678548785715, 4.015678548838265, 4.033645543857599, 4.033645543897849, 4.033645543901967, 4.0336455439066565, 4.033645543906324, 4.033645543855258, 4.033645543854496, 4.033645543819701, 4.033645543888417, 4.033645543890332, 4.03364554386525, 4.0336455438630265, 4.033645543863742, 4.033645543864193, 4.033645543867037, 4.033645543857596, 4.033645543852865, 4.033645543867045, 4.033645543867161, 4.033645543863815, 4.033645543906665, 4.044414507465747, 4.044414507450713, 4.044414507451285, 4.044414507468616, 4.044414507466906, 4.044414507439436, 4.044414507456167, 4.0444145074434195, 4.044414507506663, 4.044414507470185, 4.044414507468544, 4.044414507467149, 4.044414507466601, 4.044414507467271, 4.044414507468002, 4.044414507465746, 4.0444145074630065, 4.044414507478974, 4.044414507479311, 4.044414507461697, 4.044414507472799, 4.039167279843705, 4.039167279780065, 4.039167279778645, 4.039167279806798, 4.039167279803771, 4.03916727980181, 4.0391672798280815, 4.039167279838183, 4.039167279887097, 4.039167279819546, 4.039167279843033, 4.039167279842027, 4.039167279839489, 4.0391672798400995, 4.039167279838491, 4.039167279843709, 4.039167279842736, 4.039167279859693, 4.039167279860173, 4.0391672798309095, 4.039167279814346, 4.036031129116384, 4.0360311290423585, 4.03603112904065, 4.036031129072606, 4.036031129069133, 4.036031129081545, 4.036031129096921, 4.036031129123036, 4.036031129158193, 4.03603112908078, 4.03603112911514, 4.036031129112276, 4.036031129107522, 4.036031129107983, 4.036031129106837, 4.036031129116386, 4.03603112911647, 4.036031129133647, 4.036031129133786, 4.036031129100539, 4.036031129076579, 4.044285816709703, 4.044285816668252, 4.044285816667216, 4.04428581669391, 4.044285816690923, 4.044285816703474, 4.044285816688153, 4.044285816722691, 4.04428581674825, 4.044285816685647, 4.044285816710102, 4.044285816703912, 4.044285816697339, 4.044285816697591, 4.044285816700129, 4.044285816709701, 4.0442858167087845, 4.044285816725268, 4.044285816724664, 4.044285816697691, 4.044285816687379, 4.050303469679666, 4.050303469691054, 4.0503034696908, 4.050303469705332, 4.050303469703394, 4.050303469708966, 4.050303469656326, 4.050303469695568, 4.050303469712703, 4.050303469680918, 4.050303469682146, 4.0503034696743825, 4.050303469666797, 4.050303469666803, 4.050303469673423, 4.050303469679667, 4.050303469675559, 4.050303469690205, 4.050303469689098, 4.050303469675485, 4.05030346968706, 4.051113745397354, 4.051113745446853, 4.0511137454467905, 4.0511137454481085, 4.051113745447285, 4.051113745448461, 4.051113745372695, 4.051113745414471, 4.051113745421426, 4.05111374541879, 4.05111374540053, 4.051113745395939, 4.051113745388455, 4.051113745388328, 4.051113745395326, 4.051113745397353, 4.05111374538956, 4.051113745401896, 4.051113745401036, 4.0511137453996735, 4.051113745423443, 4.057267717254537, 4.057267717305053, 4.057267717304264, 4.057267717296842, 4.057267717296739, 4.05726771730104, 4.057267717230705, 4.057267717271762, 4.057267717266064, 4.057267717277122, 4.057267717256386, 4.057267717259546, 4.057267717253406, 4.057267717253302, 4.057267717254787, 4.057267717254534, 4.057267717244455, 4.057267717255341, 4.057267717255111, 4.0572677172582825, 4.057267717275073, 4.064655749862601, 4.064655749881749, 4.064655749879395, 4.064655749868755, 4.064655749868754, 4.064655749882147, 4.064655749842437, 4.064655749879644, 4.064655749859285, 4.0646557498693925, 4.064655749861997, 4.064655749873624, 4.064655749869909, 4.0646557498699, 4.064655749862172, 4.0646557498626015, 4.064655749852027, 4.064655749862936, 4.064655749862936, 4.064655749862992, 4.064655749859229, 4.064402009865947, 4.064402009853105, 4.064402009844027, 4.064402009831506, 4.064402009831584, 4.064402009852669, 4.064402009852882, 4.0644020098835405, 4.064402009851472, 4.064402009853706, 4.0644020098603075, 4.064402009879866, 4.064402009879055, 4.064402009878955, 4.064402009863642, 4.064402009865941, 4.064402009850218, 4.0644020098606495, 4.06440200986097, 4.064402009874186, 4.064402009843395, 4.0640910538374895, 4.064091053812515, 4.064091053798184, 4.064091053784365, 4.06409105378431, 4.0640910538095305, 4.064091053831025, 4.064091053853194, 4.06409105381049, 4.06409105381987, 4.064091053829865, 4.064091053849483, 4.064091053850985, 4.064091053850807, 4.064091053834847, 4.06409105383749, 4.064091053819445, 4.06409105383017, 4.064091053830774, 4.064091053849892, 4.064091053808688, 4.0716035858306885, 4.071603585820685, 4.0716035858054935, 4.071603585790222, 4.071603585789944, 4.071603585812891, 4.071603585829214, 4.071603585840723, 4.071603585801147, 4.0716035858258905, 4.071603585825339, 4.071603585836616, 4.071603585839461, 4.071603585839186, 4.0716035858302275, 4.0716035858306885, 4.071603585815791, 4.071603585827625, 4.071603585827882, 4.0716035858402835, 4.071603585812017, 4.077239970362444, 4.077239970381096, 4.0772399703697655, 4.077239970353545, 4.07723997035311, 4.07723997036859, 4.077239970365009, 4.077239970365154, 4.077239970339066, 4.077239970380361, 4.077239970362617, 4.077239970359794, 4.077239970363083, 4.077239970362711, 4.077239970365106, 4.077239970362447, 4.0772399703552615, 4.077239970368931, 4.077239970368446, 4.077239970362776, 4.077239970364554, 4.075648831061997, 4.075648831099197, 4.075648831093366, 4.075648831079072, 4.075648831078657, 4.075648831086389, 4.075648831068387, 4.075648831059162, 4.075648831049311, 4.075648831095937, 4.075648831067651, 4.075648831051496, 4.075648831054612, 4.075648831054226, 4.075648831066291, 4.075648831061994, 4.075648831062704, 4.075648831078451, 4.075648831077532, 4.075648831051119, 4.075648831080762, 4.07650391458787, 4.076503914618468, 4.076503914615308, 4.07650391460814, 4.076503914607875, 4.076503914611988, 4.076503914597607, 4.076503914582585, 4.076503914585429, 4.076503914618793, 4.076503914595518, 4.076503914573919, 4.076503914576556, 4.076503914576245, 4.076503914591497, 4.076503914587872, 4.076503914591662, 4.076503914608977, 4.0765039146082165, 4.0765039145700515, 4.076503914605951, 4.082150075391181, 4.082150075395352, 4.08215007539004, 4.082150075393982, 4.082150075393883, 4.082150075398233, 4.0821500754031925, 4.0821500753855755, 4.08215007539498, 4.082150075401984, 4.082150075396441, 4.082150075379615, 4.082150075381649, 4.082150075381457, 4.082150075392668, 4.082150075391176, 4.0821500753914295, 4.0821500754091, 4.082150075408775, 4.082150075374535, 4.082150075392833, 4.085042240067783, 4.085042240046173, 4.085042240035966, 4.085042240050025, 4.085042240050016, 4.08504224005369, 4.0850422400807505, 4.085042240062217, 4.085042240072759, 4.085042240055142, 4.085042240068268, 4.085042240062872, 4.085042240064206, 4.085042240064123, 4.085042240067177, 4.085042240067783, 4.0850422400601, 4.085042240076753, 4.085042240076709, 4.0850422400597255, 4.085042240051886, 4.085387387184597, 4.085387387157291, 4.085387387143277, 4.085387387162197, 4.085387387162219, 4.085387387159837, 4.085387387196937, 4.085387387178071, 4.085387387187458, 4.08538738715979, 4.0853873871809085, 4.085387387187399, 4.08538738718777, 4.085387387187744, 4.0853873871837285, 4.085387387184594, 4.085387387169, 4.085387387183645, 4.085387387183667, 4.085387387188051, 4.085387387163692, 4.087263133267002, 4.087263133257447, 4.087263133242683, 4.087263133260968, 4.08726313326099, 4.087263133248311, 4.087263133276607, 4.087263133259136, 4.087263133267962, 4.087263133246436, 4.087263133261514, 4.087263133275465, 4.087263133274353, 4.087263133274343, 4.087263133268344, 4.087263133267006, 4.087263133246688, 4.087263133258942, 4.087263133258953, 4.087263133280049, 4.087263133255919, 4.089171155639254, 4.089171155656279, 4.089171155643283, 4.089171155658558, 4.089171155658612, 4.089171155637395, 4.089171155644292, 4.08917115563172, 4.089171155644814, 4.08917115563295, 4.089171155634565, 4.089171155649079, 4.089171155646172, 4.089171155646152, 4.089171155643659, 4.089171155639254, 4.089171155618845, 4.089171155628961, 4.08917115562898, 4.089171155656278, 4.089171155644813, 4.091016635908014, 4.091016635938174, 4.09101663592909, 4.091016635943229, 4.091016635943293, 4.091016635920711, 4.091016635908376, 4.091016635903314, 4.091016635912405, 4.091016635913375, 4.091016635906384, 4.091016635914762, 4.0910166359104165, 4.091016635910385, 4.091016635913541, 4.091016635908016, 4.091016635893002, 4.0910166359021405, 4.091016635902101, 4.09101663591948, 4.091016635924063, 4.094400364367319, 4.094400364386708, 4.094400364381678, 4.094400364398268, 4.094400364398299, 4.094400364382433, 4.094400364363953, 4.0944003643669555, 4.094400364366119, 4.094400364372743, 4.094400364369101, 4.094400364368936, 4.094400364364199, 4.094400364364153, 4.094400364370779, 4.094400364367316, 4.094400364361071, 4.094400364370073, 4.094400364369994, 4.094400364366875, 4.094400364380501, 4.096628748975093, 4.096628748967938, 4.096628748965422, 4.0966287489857285, 4.096628748985723, 4.096628748980846, 4.096628748968662, 4.096628748978966, 4.09662874896803, 4.096628748970816, 4.0966287489789055, 4.096628748972958, 4.096628748968806, 4.096628748968754, 4.096628748974697, 4.096628748975098, 4.0966287489771895, 4.096628748985896, 4.096628748985811, 4.096628748963263, 4.096628748975408, 4.096691822762273, 4.096691822733287, 4.0966918227308575, 4.096691822751675, 4.096691822751639, 4.096691822755854, 4.096691822753286, 4.096691822768806, 4.096691822754312, 4.096691822749228, 4.096691822766022, 4.0966918227592375, 4.096691822756188, 4.096691822756109, 4.096691822759015, 4.09669182276227, 4.096691822768345, 4.0966918227759095, 4.09669182277582, 4.09669182274638, 4.096691822751424, 4.098476084712978, 4.098476084683667, 4.098476084679199, 4.098476084694567, 4.098476084694498, 4.098476084701597, 4.098476084702593, 4.098476084719494, 4.098476084711485, 4.098476084701744, 4.098476084714996, 4.098476084711044, 4.098476084709144, 4.09847608470905, 4.098476084710009, 4.098476084712977, 4.098476084717144, 4.098476084722896, 4.098476084722779, 4.098476084702599, 4.098476084702275, 4.101451561299852, 4.1014515612914, 4.101451561284131, 4.10145156128937, 4.101451561289308, 4.101451561293861, 4.101451561289471, 4.101451561304081, 4.101451561308946, 4.101451561301222, 4.101451561299563, 4.10145156129982, 4.101451561298767, 4.101451561298692, 4.101451561300347, 4.1014515612998546, 4.1014515612983, 4.101451561302248, 4.101451561302056, 4.101451561300702, 4.101451561299711, 4.101966455621416, 4.101966455638014, 4.101966455628869, 4.101966455624106, 4.101966455624089, 4.101966455625007, 4.101966455612128, 4.101966455623207, 4.1019664556382445, 4.1019664556371485, 4.101966455619447, 4.1019664556236375, 4.101966455622909, 4.101966455622874, 4.101966455626186, 4.101966455621416, 4.101966455614685, 4.101966455617509, 4.101966455617229, 4.10196645563166, 4.101966455632324, 4.102398167946837, 4.102398167973029, 4.102398167964017, 4.102398167954576, 4.102398167954593, 4.102398167954685, 4.102398167939732, 4.102398167948242, 4.102398167963105, 4.102398167968136, 4.102398167944592, 4.102398167951284, 4.10239816795039, 4.102398167950388, 4.102398167953584, 4.102398167946834, 4.102398167939071, 4.102398167941834, 4.1023981679415975, 4.102398167958599, 4.102398167959462, 4.105188095060364, 4.1051880950748, 4.105188095067878, 4.105188095060813, 4.105188095060828, 4.105188095063851, 4.105188095056359, 4.1051880950641895, 4.10518809506785, 4.1051880950755875, 4.105188095059221, 4.105188095066053, 4.1051880950647295, 4.1051880950647215, 4.105188095065542, 4.105188095060365, 4.105188095056013, 4.105188095059564, 4.105188095059463, 4.105188095065514, 4.105188095064598, 4.107446105829509, 4.107446105822699, 4.107446105818476, 4.10744610581806, 4.107446105818058, 4.107446105825979, 4.107446105828759, 4.107446105837681, 4.10744610583231, 4.107446105833539, 4.107446105829995, 4.107446105834369, 4.107446105832435, 4.107446105832436, 4.107446105831146, 4.1074461058295135, 4.107446105829897, 4.107446105834351, 4.107446105834344, 4.107446105825777, 4.107446105823726, 4.108657915508162, 4.108657915490663, 4.10865791548616, 4.108657915491974, 4.1086579154919285, 4.108657915503524, 4.1086579155100615, 4.108657915520712, 4.108657915504855, 4.108657915505673, 4.108657915508592, 4.10865791550974, 4.1086579155071945, 4.108657915507159, 4.108657915507178, 4.108657915508169, 4.108657915509632, 4.108657915513978, 4.10865791551386, 4.1086579155044065, 4.108657915501843, 4.110050637098178, 4.1100506370840195, 4.110050637079346, 4.110050637088184, 4.1100506370880145, 4.110050637099462, 4.110050637102266, 4.110050637113408, 4.110050637087866, 4.110050637096984, 4.110050637098519, 4.110050637096116, 4.110050637093015, 4.1100506370929635, 4.11005063709711, 4.110050637098177, 4.110050637099196, 4.11005063710324, 4.1100506371029395, 4.110050637096838, 4.110050637097462, 4.1118789881055715, 4.11187898810266, 4.111878988097946, 4.111878988106734, 4.111878988106504, 4.111878988113933, 4.111878988111271, 4.11187898812097, 4.111878988090413, 4.111878988109898, 4.111878988105657, 4.111878988102385, 4.111878988098979, 4.111878988098922, 4.1118789881065245, 4.111878988105577, 4.111878988105574, 4.111878988109246, 4.111878988108801, 4.111878988107032, 4.1118789881101385, 4.114184608830336, 4.114184608835389, 4.1141846088307075, 4.114184608838696, 4.114184608838492, 4.1141846088401595, 4.114184608836982, 4.1141846088436305, 4.114184608815309, 4.1141846088376335, 4.114184608829848, 4.114184608830475, 4.114184608826989, 4.114184608826944, 4.114184608833668, 4.114184608830339, 4.114184608829649, 4.114184608833001, 4.114184608832602, 4.11418460883297, 4.114184608833201, 4.116585103578507, 4.1165851035826, 4.116585103578068, 4.1165851035864565, 4.1165851035863374, 4.116585103582877, 4.116585103585411, 4.116585103588578, 4.11658510356865, 4.1165851035833745, 4.116585103577354, 4.116585103584459, 4.116585103581143, 4.11658510358112, 4.116585103583004, 4.116585103578507, 4.11658510357781, 4.116585103580912, 4.116585103580692, 4.116585103580084, 4.116585103572906, 4.118967268492911, 4.118967268490284, 4.118967268486069, 4.118967268495971, 4.118967268495941, 4.118967268489777, 4.1189672684991185, 4.118967268500502, 4.1189672684903575, 4.1189672684936705, 4.118967268491585, 4.118967268501691, 4.1189672684988805, 4.118967268498869, 4.118967268497156, 4.118967268492913, 4.118967268492598, 4.118967268495395, 4.118967268495327, 4.118967268492234, 4.11896726847973, 4.121968436000735, 4.1219684359936934, 4.121968435989043, 4.121968436000194, 4.1219684360001825, 4.121968435994159, 4.121968436004762, 4.121968436007779, 4.121968436001319, 4.121968436001196, 4.121968435999554, 4.121968436005549, 4.121968436003505, 4.121968436003497, 4.121968436004297, 4.121968436000734, 4.121968436000199, 4.121968436002275, 4.121968436002242, 4.121968435999984, 4.121968435988515, 4.124442947374003, 4.124442947369261, 4.124442947362745, 4.1244429473737005, 4.124442947373634, 4.124442947369198, 4.124442947374572, 4.124442947381614, 4.124442947383176, 4.124442947378335, 4.124442947372374, 4.124442947370645, 4.124442947369385, 4.124442947369348, 4.124442947377336, 4.124442947374006, 4.124442947372237, 4.124442947373015, 4.124442947372819, 4.124442947377635, 4.124442947370114, 4.126542182485991, 4.126542182483637, 4.126542182476538, 4.126542182485943, 4.126542182485826, 4.12654218248233, 4.126542182483661, 4.126542182493674, 4.126542182498975, 4.126542182492493, 4.126542182484385, 4.126542182478555, 4.126542182477485, 4.1265421824774275, 4.126542182489179, 4.126542182485993, 4.1265421824847826, 4.126542182484342, 4.126542182484021, 4.126542182490673, 4.126542182485408, 4.129718680516098, 4.129718680512584, 4.129718680506174, 4.129718680513357, 4.129718680513234, 4.129718680509566, 4.12971868051234, 4.1297186805226005, 4.129718680526406, 4.129718680519943, 4.129718680514735, 4.129718680513466, 4.129718680511557, 4.129718680511484, 4.129718680518608, 4.129718680516099, 4.129718680517444, 4.129718680515937, 4.129718680515676, 4.129718680517685, 4.129718680508759, 4.132316090376864, 4.132316090373033, 4.1323160903680085, 4.132316090371912, 4.132316090371814, 4.132316090367417, 4.132316090373021, 4.132316090381883, 4.132316090380897, 4.132316090376573, 4.132316090375969, 4.132316090383146, 4.132316090379816, 4.132316090379764, 4.13231609037835, 4.132316090376861, 4.132316090381219, 4.132316090378815, 4.132316090378684, 4.1323160903736, 4.132316090358991, 4.1345546458938705, 4.1345546458955775, 4.134554645891735, 4.134554645891349, 4.134554645891308, 4.134554645887513, 4.1345546458903435, 4.134554645899231, 4.1345546458927, 4.134554645893657, 4.13455464589382, 4.1345546459028295, 4.134554645898547, 4.134554645898521, 4.134554645894801, 4.134554645893873, 4.134554645899739, 4.134554645896547, 4.134554645896492, 4.134554645887425, 4.134554645873169, 4.136942097459027, 4.136942097468931, 4.136942097465214, 4.13694209746158, 4.136942097461565, 4.1369420974607305, 4.136942097455686, 4.1369420974668465, 4.13694209746126, 4.136942097462482, 4.136942097459683, 4.136942097461244, 4.1369420974570845, 4.136942097457087, 4.136942097459771, 4.136942097459027, 4.136942097463871, 4.1369420974601, 4.13694209746008, 4.136942097453313, 4.136942097446235, 4.1383441882308745, 4.138344188242767, 4.138344188237323, 4.138344188234171, 4.138344188234137, 4.138344188237283, 4.138344188228182, 4.1383441882403655, 4.138344188226737, 4.138344188234362, 4.138344188230334, 4.138344188226685, 4.138344188223216, 4.138344188223175, 4.138344188230259, 4.138344188230873, 4.138344188232302, 4.138344188228458, 4.138344188228344, 4.138344188231221, 4.138344188227263, 4.1395641490813695, 4.139564149084769, 4.139564149077943, 4.1395641490778985, 4.139564149077812, 4.139564149083196, 4.139564149081159, 4.139564149089118, 4.1395641490746415, 4.139564149077803, 4.13956414907914, 4.139564149080659, 4.1395641490774935, 4.13956414907745, 4.139564149077258, 4.139564149081374, 4.139564149080296, 4.139564149076947, 4.139564149076815, 4.139564149085712, 4.139564149077128, 4.140133172606162, 4.140133172603238, 4.140133172596832, 4.140133172597348, 4.140133172597251, 4.140133172602239, 4.140133172608971, 4.140133172609342, 4.140133172601155, 4.140133172597501, 4.140133172603526, 4.140133172611728, 4.140133172609131, 4.140133172609083, 4.140133172599362, 4.1401331726061645, 4.140133172605121, 4.140133172602146, 4.14013317260207, 4.140133172609862, 4.140133172596644, 4.141042487962365, 4.141042487965918, 4.1410424879620775, 4.1410424879579795, 4.141042487957908, 4.141042487961614, 4.1410424879666605, 4.141042487960696, 4.141042487960658, 4.1410424879593615, 4.1410424879616095, 4.141042487964631, 4.141042487964031, 4.141042487963991, 4.141042487957241, 4.141042487962362, 4.141042487963479, 4.141042487960304, 4.141042487960218, 4.14104248796167, 4.141042487953021, 4.141188617235931, 4.141188617249873, 4.141188617249193, 4.141188617239893, 4.141188617239837, 4.141188617242142, 4.141188617240275, 4.141188617229985, 4.141188617237115, 4.1411886172427765, 4.141188617237792, 4.141188617229765, 4.141188617231782, 4.141188617231758, 4.141188617234672, 4.141188617235935, 4.141188617239411, 4.141188617235788, 4.141188617235701, 4.141188617230578, 4.141188617230819, 4.14146136309481, 4.141461363106715, 4.141461363107662, 4.141461363098975, 4.141461363098943, 4.141461363099386, 4.141461363099236, 4.141461363084745, 4.141461363097616, 4.141461363102582, 4.141461363097259, 4.141461363089729, 4.141461363092544, 4.141461363092521, 4.141461363094094, 4.1414613630948125, 4.141461363098704, 4.14146136309511, 4.141461363095047, 4.141461363088253, 4.141461363088865, 4.14187191088628, 4.141871910886078, 4.141871910886854, 4.141871910884438, 4.14187191088441, 4.141871910882927, 4.141871910890435, 4.141871910873653, 4.141871910888214, 4.141871910887486, 4.141871910887005, 4.141871910888891, 4.141871910890693, 4.141871910890688, 4.141871910882851, 4.141871910886281, 4.141871910888189, 4.141871910885107, 4.14187191088507, 4.1418719108828075, 4.141871910877507, 4.1421900917090415, 4.142190091702666, 4.142190091703145, 4.14219009170699, 4.142190091706967, 4.1421900917046965, 4.142190091711053, 4.1421900916971985, 4.1421900917074534, 4.142190091708797, 4.142190091708063, 4.142190091710668, 4.142190091712075, 4.142190091712068, 4.142190091705085, 4.142190091709045, 4.142190091708259, 4.142190091705501, 4.142190091705462, 4.142190091710241, 4.1421900917058965, 4.142338256398766, 4.142338256395399, 4.142338256396689, 4.142338256403217, 4.142338256403204, 4.142338256400368, 4.14233825639766, 4.142338256389544, 4.142338256394214, 4.142338256403175, 4.142338256397531, 4.142338256393278, 4.142338256394914, 4.142338256394908, 4.142338256397331, 4.142338256398763, 4.142338256396762, 4.142338256393759, 4.142338256393703, 4.142338256402525, 4.142338256405425, 4.142603121417097, 4.142603121414874, 4.142603121417841, 4.142603121424799, 4.14260312142479, 4.142603121419525, 4.142603121414438, 4.142603121409538, 4.142603121413762, 4.142603121422178, 4.142603121416625, 4.1426031214137025, 4.142603121413975, 4.142603121413971, 4.1426031214168075, 4.142603121417098, 4.142603121416333, 4.142603121412718, 4.1426031214127015, 4.142603121419571, 4.142603121424694, 4.1427770093080865, 4.142777009303353, 4.14277700930774, 4.142777009314569, 4.142777009314549, 4.142777009306221, 4.14277700930537, 4.142777009301356, 4.142777009310484, 4.142777009309485, 4.142777009308114, 4.142777009313776, 4.142777009311674, 4.142777009311675, 4.142777009307037, 4.142777009308086, 4.1427770093096505, 4.142777009305403, 4.142777009305369, 4.1427770093084515, 4.142777009310095, 4.142980237242493, 4.142980237238184, 4.142980237243728, 4.142980237250037, 4.142980237249992, 4.142980237240842, 4.142980237239823, 4.142980237237643, 4.1429802372450295, 4.142980237244245, 4.1429802372437905, 4.142980237248823, 4.142980237246199, 4.14298023724619, 4.142980237242108, 4.142980237242493, 4.142980237246307, 4.142980237241534, 4.142980237241465, 4.142980237240788, 4.142980237245308, 4.143429202533713, 4.143429202531173, 4.143429202537037, 4.143429202543408, 4.143429202543361, 4.14342920253583, 4.143429202531256, 4.143429202531568, 4.143429202537128, 4.143429202538879, 4.143429202536257, 4.143429202533122, 4.143429202531716, 4.143429202531716, 4.1434292025347155, 4.143429202533713, 4.143429202538325, 4.143429202533578, 4.143429202533476, 4.143429202531242, 4.143429202543474, 4.144043604107331, 4.144043604101397, 4.144043604105934, 4.144043604113573, 4.144043604113527, 4.144043604107679, 4.1440436041063, 4.144043604106913, 4.144043604111434, 4.144043604111033, 4.144043604109237, 4.144043604105913, 4.144043604105093, 4.144043604105088, 4.144043604107191, 4.144043604107332, 4.1440436041105455, 4.1440436041067015, 4.144043604106608, 4.144043604106271, 4.1440436041184805, 4.144671731806487, 4.14467173179685, 4.144671731799098, 4.1446717318066755, 4.144671731806667, 4.144671731801983, 4.144671731807555, 4.144671731806529, 4.1446717318105, 4.144671731806459, 4.144671731806555, 4.144671731809698, 4.1446717318089235, 4.144671731808927, 4.144671731804486, 4.144671731806485, 4.144671731807066, 4.144671731804653, 4.144671731804623, 4.144671731807686, 4.1446717318130855, 4.145205145049628, 4.1452051450453675, 4.145205145045565, 4.145205145049627, 4.145205145049598, 4.145205145047191, 4.145205145051767, 4.145205145049918, 4.145205145043152, 4.145205145051884, 4.145205145048192, 4.145205145051965, 4.145205145052289, 4.145205145052293, 4.145205145049033, 4.14520514504963, 4.1452051450479575, 4.145205145046753, 4.145205145046705, 4.14520514505327, 4.145205145055469, 4.145599543731301, 4.145599543735119, 4.145599543734512, 4.145599543734087, 4.145599543734069, 4.145599543734526, 4.145599543733647, 4.1455995437321205, 4.145599543723821, 4.14559954373822, 4.145599543730395, 4.145599543728837, 4.14559954373072, 4.145599543730713, 4.145599543733095, 4.145599543731304, 4.1455995437297455, 4.145599543728981, 4.145599543728904, 4.145599543734484, 4.145599543739179, 4.146026033495287, 4.146026033498365, 4.146026033497696, 4.146026033495726, 4.146026033495716, 4.146026033498147, 4.146026033497979, 4.1460260334968995, 4.146026033491568, 4.146026033500534, 4.146026033496249, 4.1460260334931265, 4.1460260334954615, 4.146026033495461, 4.1460260334962005, 4.1460260334952865, 4.146026033496088, 4.146026033495069, 4.146026033495051, 4.146026033494635, 4.14602603350015, 4.146170428178525, 4.146170428176812, 4.1461704281751794, 4.146170428174107, 4.146170428174074, 4.146170428177821, 4.146170428180851, 4.146170428181298, 4.146170428182406, 4.14617042817881, 4.146170428179566, 4.146170428179293, 4.146170428181393, 4.14617042818139, 4.146170428177002, 4.1461704281785305, 4.146170428180749, 4.146170428179504, 4.146170428179429, 4.146170428176778, 4.146170428178889, 4.146275168060817, 4.1462751680599315, 4.146275168057272, 4.146275168056192, 4.146275168056132, 4.1462751680606305, 4.14627516806179, 4.146275168064898, 4.146275168066045, 4.146275168060172, 4.146275168061631, 4.146275168060069, 4.146275168062457, 4.146275168062444, 4.146275168058907, 4.146275168060818, 4.146275168063088, 4.1462751680619565, 4.146275168061846, 4.146275168059447, 4.146275168061136, 4.1463722866513315, 4.146372286655946, 4.146372286652462, 4.146372286649913, 4.146372286649863, 4.146372286653914, 4.1463722866506485, 4.146372286656022, 4.146372286657369, 4.146372286652845, 4.146372286651853, 4.146372286647274, 4.1463722866502195, 4.146372286650202, 4.146372286650824, 4.146372286651327, 4.146372286652611, 4.146372286651981, 4.146372286651877, 4.146372286650841, 4.146372286653373, 4.146506828391781, 4.146506828398347, 4.146506828394147, 4.146506828390892, 4.146506828390884, 4.146506828392946, 4.146506828390108, 4.146506828395993, 4.146506828396506, 4.146506828392899, 4.1465068283917486, 4.14650682838911, 4.146506828392019, 4.146506828392014, 4.14650682839194, 4.146506828391783, 4.146506828391868, 4.146506828391907, 4.146506828391884, 4.1465068283916935, 4.146506828391086, 4.146477187694769, 4.146477187699885, 4.146477187694671, 4.1464771876925495, 4.146477187692512, 4.146477187692554, 4.1464771876923106, 4.1464771876981645, 4.146477187687429, 4.14647718769388, 4.146477187693101, 4.1464771876948925, 4.146477187697462, 4.146477187697456, 4.146477187694819, 4.146477187694769, 4.146477187693466, 4.14647718769412, 4.146477187694031, 4.146477187696917, 4.146477187690855, 4.1465783177875535, 4.146578317790969, 4.146578317786105, 4.146578317785714, 4.146578317785673, 4.1465783177845505, 4.146578317784615, 4.146578317790644, 4.146578317779891, 4.146578317786359, 4.146578317786189, 4.14657831778623, 4.146578317788837, 4.146578317788823, 4.146578317787616, 4.14657831778756, 4.146578317786669, 4.1465783177873465, 4.146578317787236, 4.146578317789297, 4.146578317784211, 4.146752226810843, 4.1467522268127155, 4.146752226809425, 4.146752226810363, 4.14675222681033, 4.146752226808576, 4.146752226808102, 4.146752226813798, 4.146752226806452, 4.146752226810252, 4.146752226811385, 4.146752226806763, 4.146752226809468, 4.146752226809466, 4.1467522268110315, 4.146752226810843, 4.1467522268117705, 4.146752226812126, 4.146752226812057, 4.146752226809406, 4.146752226808965, 4.146949075557371, 4.146949075557359, 4.146949075555159, 4.146949075556911, 4.146949075556904, 4.14694907555445, 4.146949075555572, 4.1469490755597205, 4.146949075559552, 4.146949075556141, 4.146949075558594, 4.146949075554629, 4.146949075556871, 4.146949075556869, 4.146949075557609, 4.1469490755573695, 4.146949075559003, 4.146949075559394, 4.146949075559367, 4.14694907555431, 4.146949075553876, 4.147112062118314]
Total optimisation time observed during ADAM optimization: 9.825641 seconds
Median time per evaluation during ADAM optimization: 0.093136 seconds
4.147112062118314
QAOA optimisation for n=4 took 10.35 seconds; started at 1777579474.098957 and finished at 1777579484.452091
Finished QAOA for n=6 nodes, m=9 edges at 2026-04-30 22:04:44 on Apple M4. Time taken: 10.35 seconds. Hours: 0.00 hours. Peak RAM: 220.23 MB.
Unknown graph type for approximation ratio calculation; skipping approx ratio computation.
CSV writing for n=4 took 0.00 seconds; started at 1777579484.452097 and finished at 1777579484.452537
results: {4: 4.147112062118314}
durations: {6: 10.353139877319336}
Results saved to: logs/adam/qaoa_results_adam_20260430_200911.csv
Global end time: 1777579484.452548
Finalisation time: 0.00 seconds; started at 1777579484.452542 and finished at 1777579484.45255
Sum of all section times: 10.51 seconds
