2026-05-01 00:30:35.348 system_profiler[32934:1758223] hw.cpufamily: 0x6f5129ac
Starting QAOA benchmark with global start time: 1777588235.193744
Benchmark parameters: {'optimiser': 'adam', 'circuit_type': 'hamqaoa', 'parameter_vector': [1, 1, 1], 'iterations_list': [50, 100, 200, 500], 'learning_rate_adam': 0.05, 'depth_list': [1, 2, 5, 10], 'n_start': 0, 'n_end': 30, 'singlet_injection': False, 'start_index_singlet': 0, 'warm_start': True, 'compare_with_010101': False, 'warm_start_correlations': False, 'init_QAOAparams_close_to_zero': False, 'use_correlations_as_initial_params': False, 'time_limit': 10800, 'failed_instance_termination_thrsh': 10, 'graph_generation_type': 'HOG', 'weighted': False, 'easiest_first': True, 'cpu_util_threshold': 90, 'debug': False, 'save_circuit_svg': False, 'rerun_exclude_finished_instances': False, 'optimiser_debug_iterations': 1, 'relative_graph_adjList_path': '/Users/julian_dev/Projects/MasterThesis/QAOA/HOG_graphs/list_27_graphs_adjacency_list.txt'}, Running QAOA with equal superposition
Benchmark run ID: 7049dcd5
Processor: Apple M4
Hostname: Mac-mini-som-tillhor-Julian.local
Total RAM (GB): 16.0
Physical cores: 10
Logical cores: 10
Python version: 3.13.1
Initialisation time: 0.17 seconds; started at {'initialisation': 0.17382502555847168} and finished at 1777588235.367579
Loaded HOG graph index 15 with 15 edges.
Instance generation for n=15 took 0.00 seconds; started at 1777588235.367583 and finished at 1777588235.367904
Running QAOA for n=10 nodes, m=15 edges...; Max iterations: 100
Warm-start: using parameter_vector=[1, 1, 1]
Warm-start: starting SDP solve for n_vertices=10
Starting SDP solve (solver preference: MOSEK, fallback: SCS) for n_vertices=10, matrix_dim=30, edges=15
Finished SDP solve with MOSEK. status=optimal. elapsed_seconds=0.07
Rounding...
n_vertices: 10 for n = 30
Using seed None to generate random matrix for x.
r_0: [ 0.38017164 -0.83743062  0.39265696]
Product state qubit 0: [[0.69632848+0.j         0.19008582+0.41871531j]
 [0.19008582-0.41871531j 0.30367152+0.j        ]]
Diagonal entries of product state 0: [0.69632848 0.30367152]
r_1: [-0.25582298  0.85906931 -0.44334469]
Product state qubit 1: [[ 0.27832765+0.j         -0.12791149-0.42953466j]
 [-0.12791149+0.42953466j  0.72167235+0.j        ]]
Diagonal entries of product state 1: [0.27832765 0.72167235]
r_2: [-0.2558236   0.85906876 -0.44334541]
Product state qubit 2: [[ 0.2783273+0.j         -0.1279118-0.42953438j]
 [-0.1279118+0.42953438j  0.7216727+0.j        ]]
Diagonal entries of product state 2: [0.2783273 0.7216727]
r_3: [-0.60970739  0.74598758 -0.26787952]
Product state qubit 3: [[ 0.36606024+0.j         -0.30485369-0.37299379j]
 [-0.30485369+0.37299379j  0.63393976+0.j        ]]
Diagonal entries of product state 3: [0.36606024 0.63393976]
r_4: [-0.38019523  0.8374147  -0.39266807]
Product state qubit 4: [[ 0.30366596+0.j         -0.19009761-0.41870735j]
 [-0.19009761+0.41870735j  0.69633404+0.j        ]]
Diagonal entries of product state 4: [0.30366596 0.69633404]
r_5: [ 0.60973837 -0.74596064  0.26788401]
Product state qubit 5: [[0.63394201+0.j         0.30486919+0.37298032j]
 [0.30486919-0.37298032j 0.36605799+0.j        ]]
Diagonal entries of product state 5: [0.63394201 0.36605799]
r_6: [ 0.0791422   0.84171767 -0.53408603]
Product state qubit 6: [[0.23295699+0.j         0.0395711 -0.42085883j]
 [0.0395711 +0.42085883j 0.76704301+0.j        ]]
Diagonal entries of product state 6: [0.23295699 0.76704301]
r_7: [ 0.25583505 -0.85906047  0.44335487]
Product state qubit 7: [[0.72167743+0.j         0.12791753+0.42953023j]
 [0.12791753-0.42953023j 0.27832257+0.j        ]]
Diagonal entries of product state 7: [0.72167743 0.27832257]
r_8: [ 0.2558363  -0.85906098  0.44335316]
Product state qubit 8: [[0.72167658+0.j         0.12791815+0.42953049j]
 [0.12791815-0.42953049j 0.27832342+0.j        ]]
Diagonal entries of product state 8: [0.72167658 0.27832342]
r_9: [-0.07915051 -0.84174506  0.53404162]
Product state qubit 9: [[ 0.76702081+0.j         -0.03957526+0.42087253j]
 [-0.03957526-0.42087253j  0.23297919+0.j        ]]
Diagonal entries of product state 9: [0.76702081 0.23297919]
y_scalar: False
[1, -1, -1, -1, -1, 1, -1, 1, 1, 1]
Hamiltonian equals product state? [[False False False False]
 [False False False False]
 [False False False False]
 [False False False False]]
Hamiltonian: [[ 0. +0.j  0. +0.j  0. +0.j  0. +0.j]
 [ 0. +0.j  0.5+0.j -0.5+0.j  0. +0.j]
 [ 0. +0.j -0.5+0.j  0.5+0.j  0. +0.j]
 [ 0. +0.j  0. +0.j  0. +0.j  0. +0.j]], product state: [[ 0.19380747+0.j         -0.08906841-0.29909721j  0.05290614+0.11654005j
   0.15553858-0.13520695j]
 [-0.08906841+0.29909721j  0.50252101+0.j         -0.2041669 +0.02808995j
   0.13717968+0.30217526j]
 [ 0.05290614-0.11654005j -0.2041669 -0.02808995j  0.08452018+0.j
  -0.03884308-0.13043744j]
 [ 0.15553858+0.13520695j  0.13717968-0.30217526j -0.03884308+0.13043744j
   0.21915134+0.j        ]]
Hamiltonian equals product state? [[False False False False]
 [False False False False]
 [False False False False]
 [False False False False]]
Hamiltonian: [[ 0. +0.j  0. +0.j  0. +0.j  0. +0.j]
 [ 0. +0.j  0.5+0.j -0.5+0.j  0. +0.j]
 [ 0. +0.j -0.5+0.j  0.5+0.j  0. +0.j]
 [ 0. +0.j  0. +0.j  0. +0.j  0. +0.j]], product state: [[ 0.21914887+0.j          0.0388442 +0.13043371j -0.13718916-0.30217164j
   0.15553065-0.13521268j]
 [ 0.0388442 -0.13043371j  0.08451709+0.j         -0.20416428+0.02809266j
  -0.05290846-0.1165357j ]
 [-0.13718916+0.30217164j -0.20416428-0.02809266j  0.50252856+0.j
   0.08907333+0.29909652j]
 [ 0.15553065+0.13521268j -0.05290846+0.1165357j   0.08907333-0.29909652j
   0.19380548+0.j        ]]
Hamiltonian equals product state? [[False False False False]
 [False False False False]
 [False False False False]
 [False False False False]]
Hamiltonian: [[ 0. +0.j  0. +0.j  0. +0.j  0. +0.j]
 [ 0. +0.j  0.5+0.j -0.5+0.j  0. +0.j]
 [ 0. +0.j -0.5+0.j  0.5+0.j  0. +0.j]
 [ 0. +0.j  0. +0.j  0. +0.j  0. +0.j]], product state: [[ 0.2134831 +0.j         -0.01101489+0.11714046j -0.09811078-0.32946202j
   0.18584147-0.03683549j]
 [-0.01101489-0.11714046j  0.06484455+0.j         -0.17571721+0.07083338j
  -0.02980072-0.10007264j]
 [-0.09811078+0.32946202j -0.17571721-0.07083338j  0.55353771+0.j
  -0.02856037+0.30373206j]
 [ 0.18584147+0.03683549j -0.02980072+0.10007264j -0.02856037-0.30373206j
   0.16813464+0.j        ]]
Hamiltonian equals product state? [[False False False False]
 [False False False False]
 [False False False False]
 [False False False False]]
Hamiltonian: [[ 0. +0.j  0. +0.j  0. +0.j  0. +0.j]
 [ 0. +0.j  0.5+0.j -0.5+0.j  0. +0.j]
 [ 0. +0.j -0.5+0.j  0.5+0.j  0. +0.j]
 [ 0. +0.j  0. +0.j  0. +0.j  0. +0.j]], product state: [[ 0.23206096+0.00000000e+00j  0.11160049+1.36533265e-01j
  -0.19325956-2.36456430e-01j  0.04617884-2.27418741e-01j]
 [ 0.11160049-1.36533265e-01j  0.13399928+0.00000000e+00j
  -0.23205984-9.88490820e-06j -0.11159413-1.36537357e-01j]
 [-0.19325956+2.36456430e-01j -0.23205984+9.88490820e-06j
   0.40188104+0.00000000e+00j  0.1932687 +2.36447053e-01j]
 [ 0.04617884+2.27418741e-01j -0.11159413+1.36537357e-01j
   0.1932687 -2.36447053e-01j  0.23205872+0.00000000e+00j]]
Hamiltonian equals product state? [[False False False False]
 [False False False False]
 [False False False False]
 [False False False False]]
Hamiltonian: [[ 0. +0.j  0. +0.j  0. +0.j  0. +0.j]
 [ 0. +0.j  0.5+0.j -0.5+0.j  0. +0.j]
 [ 0. +0.j -0.5+0.j  0.5+0.j  0. +0.j]
 [ 0. +0.j  0. +0.j  0. +0.j  0. +0.j]], product state: [[ 0.21348283+0.j         -0.01101487+0.11714031j -0.09811101-0.32946181j
   0.18584136-0.03683563j]
 [-0.01101487-0.11714031j  0.06484447+0.j         -0.17571708+0.0708335j
  -0.02980079-0.10007257j]
 [-0.09811101+0.32946181j -0.17571708-0.0708335j   0.55353798+0.j
  -0.02856038+0.30373222j]
 [ 0.18584136+0.03683563j -0.02980079+0.10007257j -0.02856038-0.30373222j
   0.16813472+0.j        ]]
Hamiltonian equals product state? [[False False False False]
 [False False False False]
 [False False False False]
 [False False False False]]
Hamiltonian: [[ 0. +0.j  0. +0.j  0. +0.j  0. +0.j]
 [ 0. +0.j  0.5+0.j -0.5+0.j  0. +0.j]
 [ 0. +0.j -0.5+0.j  0.5+0.j  0. +0.j]
 [ 0. +0.j  0. +0.j  0. +0.j  0. +0.j]], product state: [[ 0.25489817+0.j         -0.21227831-0.2597262j   0.06958286+0.15327503j
   0.09822985-0.19854774j]
 [-0.21227831+0.2597262j   0.44143031+0.j         -0.21412657-0.05674608j
   0.12050296+0.26544028j]
 [ 0.06958286-0.15327503j -0.21412657+0.05674608j  0.11116207+0.j
  -0.09257539-0.11326759j]
 [ 0.09822985+0.19854774j  0.12050296-0.26544028j -0.09257539+0.11326759j
   0.19250945+0.j        ]]
Hamiltonian equals product state? [[False False False False]
 [False False False False]
 [False False False False]
 [False False False False]]
Hamiltonian: [[ 0. +0.j  0. +0.j  0. +0.j  0. +0.j]
 [ 0. +0.j  0.5+0.j -0.5+0.j  0. +0.j]
 [ 0. +0.j -0.5+0.j  0.5+0.j  0. +0.j]
 [ 0. +0.j  0. +0.j  0. +0.j  0. +0.j]], product state: [[ 0.1681196 +0.j          0.02979943+0.10006213j  0.02855754-0.30372396j
   0.18583356-0.03683849j]
 [ 0.02979943-0.10006213j  0.06483739+0.j         -0.17570984-0.07083248j
   0.01101356-0.11713487j]
 [ 0.02855754+0.30372396j -0.17570984+0.07083248j  0.55355698+0.j
   0.09811872+0.32946836j]
 [ 0.18583356+0.03683849j  0.01101356+0.11713487j  0.09811872-0.32946836j
   0.21348603+0.j        ]]
Hamiltonian equals product state? [[False False False False]
 [False False False False]
 [False False False False]
 [False False False False]]
Hamiltonian: [[ 0. +0.j  0. +0.j  0. +0.j  0. +0.j]
 [ 0. +0.j  0.5+0.j -0.5+0.j  0. +0.j]
 [ 0. +0.j -0.5+0.j  0.5+0.j  0. +0.j]
 [ 0. +0.j  0. +0.j  0. +0.j  0. +0.j]], product state: [[ 0.20086229+0.00000000e+00j  0.03560311+1.19550060e-01j
  -0.09231095-3.09984903e-01j  0.16813587-1.09887263e-01j]
 [ 0.03560311-1.19550060e-01j  0.077465  +0.00000000e+00j
  -0.20086035-3.22522125e-06j -0.03560085-1.19549477e-01j]
 [-0.09231095+3.09984903e-01j -0.20086035+3.22522125e-06j
   0.52081429+0.00000000e+00j  0.09231504+3.09980428e-01j]
 [ 0.16813587+1.09887263e-01j -0.03560085+1.19549477e-01j
   0.09231504-3.09980428e-01j  0.20085841+0.00000000e+00j]]
Hamiltonian equals product state? [[False False False False]
 [False False False False]
 [False False False False]
 [False False False False]]
Hamiltonian: [[ 0. +0.j  0. +0.j  0. +0.j  0. +0.j]
 [ 0. +0.j  0.5+0.j -0.5+0.j  0. +0.j]
 [ 0. +0.j -0.5+0.j  0.5+0.j  0. +0.j]
 [ 0. +0.j  0. +0.j  0. +0.j  0. +0.j]], product state: [[ 0.19250661+0.j          0.0925784 +0.11326143j -0.12051086-0.26543618j
   0.09821469-0.19855364j]
 [ 0.0925784 -0.11326143j  0.11115935+0.j         -0.2141245 -0.0567483j
  -0.06958675-0.15327117j]
 [-0.12051086+0.26543618j -0.2141245 +0.0567483j   0.4414354 +0.j
   0.21229079+0.25971889j]
 [ 0.09821469+0.19855364j -0.06958675+0.15327117j  0.21229079-0.25971889j
   0.25489864+0.j        ]]
Hamiltonian equals product state? [[False False False False]
 [False False False False]
 [False False False False]
 [False False False False]]
Hamiltonian: [[ 0. +0.j  0. +0.j  0. +0.j  0. +0.j]
 [ 0. +0.j  0.5+0.j -0.5+0.j  0. +0.j]
 [ 0. +0.j -0.5+0.j  0.5+0.j  0. +0.j]
 [ 0. +0.j  0. +0.j  0. +0.j  0. +0.j]], product state: [[ 0.48624671+0.j         -0.02508842+0.26680878j  0.23384101+0.28608367j
  -0.16904245+0.11355027j]
 [-0.02508842-0.26680878j  0.14769529+0.j          0.14491189-0.14307186j
   0.07102818+0.08689665j]
 [ 0.23384101-0.28608367j  0.14491189+0.14307186j  0.2807741 +0.j
  -0.01448684+0.15406375j]
 [-0.16904245-0.11355027j  0.07102818-0.08689665j -0.01448684-0.15406375j
   0.08528389+0.j        ]]
Hamiltonian equals product state? [[False False False False]
 [False False False False]
 [False False False False]
 [False False False False]]
Hamiltonian: [[ 0. +0.j  0. +0.j  0. +0.j  0. +0.j]
 [ 0. +0.j  0.5+0.j -0.5+0.j  0. +0.j]
 [ 0. +0.j -0.5+0.j  0.5+0.j  0. +0.j]
 [ 0. +0.j  0. +0.j  0. +0.j  0. +0.j]], product state: [[ 0.21914861+0.j          0.03884439+0.13043379j -0.137189  -0.30217129j
   0.15553064-0.13521299j]
 [ 0.03884439-0.13043379j  0.08451735+0.j         -0.20416451+0.02809245j
  -0.05290862-0.11653606j]
 [-0.137189  +0.30217129j -0.20416451-0.02809245j  0.50252797+0.j
   0.08907376+0.2990967j ]
 [ 0.15553064+0.13521299j -0.05290862+0.11653606j  0.08907376-0.2990967j
   0.19380607+0.j        ]]
Hamiltonian equals product state? [[False False False False]
 [False False False False]
 [False False False False]
 [False False False False]]
Hamiltonian: [[ 0. +0.j  0. +0.j  0. +0.j  0. +0.j]
 [ 0. +0.j  0.5+0.j -0.5+0.j  0. +0.j]
 [ 0. +0.j -0.5+0.j  0.5+0.j  0. +0.j]
 [ 0. +0.j  0. +0.j  0. +0.j  0. +0.j]], product state: [[ 0.19380722+0.j         -0.08906863-0.29909702j  0.05290607+0.1165399j
   0.1555384 -0.13520702j]
 [-0.08906863+0.29909702j  0.50252126+0.j         -0.20416684+0.02808976j
   0.13717975+0.30217541j]
 [ 0.05290607-0.1165399j  -0.20416684-0.02808976j  0.08452007+0.j
  -0.03884317-0.13043736j]
 [ 0.1555384 +0.13520702j  0.13717975-0.30217541j -0.03884317+0.13043736j
   0.21915145+0.j        ]]
Hamiltonian equals product state? [[False False False False]
 [False False False False]
 [False False False False]
 [False False False False]]
Hamiltonian: [[ 0. +0.j  0. +0.j  0. +0.j  0. +0.j]
 [ 0. +0.j  0.5+0.j -0.5+0.j  0. +0.j]
 [ 0. +0.j -0.5+0.j  0.5+0.j  0. +0.j]
 [ 0. +0.j  0. +0.j  0. +0.j  0. +0.j]], product state: [[ 0.08527629+0.j          0.01448541-0.15405969j -0.0710178 -0.08689151j
  -0.16904113+0.1135406j ]
 [ 0.01448541+0.15405969j  0.28078395+0.j          0.14491433-0.14306014j
  -0.2338359 -0.28610228j]
 [-0.0710178 +0.08689151j  0.14491433+0.14306014j  0.1476807 +0.j
   0.02508569-0.26679915j]
 [-0.16904113-0.1135406j  -0.2338359 +0.28610228j  0.02508569+0.26679915j
   0.48625906+0.j        ]]
Hamiltonian equals product state? [[False False False False]
 [False False False False]
 [False False False False]
 [False False False False]]
Hamiltonian: [[ 0. +0.j  0. +0.j  0. +0.j  0. +0.j]
 [ 0. +0.j  0.5+0.j -0.5+0.j  0. +0.j]
 [ 0. +0.j -0.5+0.j  0.5+0.j  0. +0.j]
 [ 0. +0.j  0. +0.j  0. +0.j  0. +0.j]], product state: [[ 0.1681198 +0.j          0.02979928+0.10006207j  0.02855757-0.30372432j
   0.18583343-0.03683824j]
 [ 0.02979928-0.10006207j  0.06483719+0.j         -0.17570976-0.0708322j
   0.01101353-0.11713451j]
 [ 0.02855757+0.30372432j -0.17570976+0.0708322j   0.55355763+0.j
   0.09811824+0.32946816j]
 [ 0.18583343+0.03683824j  0.01101353+0.11713451j  0.09811824-0.32946816j
   0.21348538+0.j        ]]
Hamiltonian equals product state? [[False False False False]
 [False False False False]
 [False False False False]
 [False False False False]]
Hamiltonian: [[ 0. +0.j  0. +0.j  0. +0.j  0. +0.j]
 [ 0. +0.j  0.5+0.j -0.5+0.j  0. +0.j]
 [ 0. +0.j -0.5+0.j  0.5+0.j  0. +0.j]
 [ 0. +0.j  0. +0.j  0. +0.j  0. +0.j]], product state: [[ 0.20086279+0.00000000e+00j  0.03560298+1.19550143e-01j
  -0.09231084-3.09985469e-01j  0.168136  -1.09886864e-01j]
 [ 0.03560298-1.19550143e-01j  0.07746487+0.00000000e+00j
  -0.20086024-3.15758060e-06j -0.03560065-1.19549188e-01j]
 [-0.09231084+3.09985469e-01j -0.20086024+3.15758060e-06j
   0.52081465+0.00000000e+00j  0.09231454+3.09980091e-01j]
 [ 0.168136  +1.09886864e-01j -0.03560065+1.19549188e-01j
   0.09231454-3.09980091e-01j  0.2008577 +0.00000000e+00j]]
Energy of rounded cut: 6.54986552768499
Check the cut: [1, -1, -1, -1, -1, 1, -1, 1, 1, 1]
13 in cut out of a total of 15 edges
Warm-start: SDP solve + rounding finished in 0.08 seconds
Warm-start: statevector build finished in 0.00 seconds
warm_start_correlations: None
Edges: [(0, 1), (4, 7), (1, 9), (3, 5), (2, 9), (0, 3), (6, 8), (2, 8), (4, 5), (5, 9), (4, 8), (0, 2), (3, 6), (6, 7), (1, 7)], weights: [1.0, 1.0, 1.0, 1.0, 1.0, 1.0, 1.0, 1.0, 1.0, 1.0, 1.0, 1.0, 1.0, 1.0, 1.0], set of nodes: {0, 1, 2, 3, 4, 5, 6, 7, 8, 9}, n: 10 nodes, p: 5 layers, N_bayes: 100 iterations
Initial state injected as warm start
Initial state energy for vector-normalised SDP solution used as warm start: 3.6234186354995495
Running ADAM optimization with a single iteration (no debug loop)
ADAM optimizer configured with maxiter=100 and learning_rate=0.05
Generated 4 random initial parameter sets for ADAM optimization
Using random initial parameters with:
Param_type 1:  [1.23310932 2.41619294 3.09847504 1.90799731 0.70567952]
Param_type 2:  [ 1.88399574  3.10932917  0.2291451   1.11942439 -0.63834806]
Param_type 3:  [ 0.62218035 -2.69323499 -0.7929596   0.72389705 -0.21646131]
Param_type 4:  [ 1.54768364 -0.60684456  1.49918201 -1.26528211  2.4946068 ]
Energies observed during ADAM optimization: [3.8732415484855607, 3.8732415484889318, 3.8732415485091787, 3.873241548505803, 3.873241548490814, 3.8732415483909515, 3.8732415484890574, 3.8732415485435787, 3.873241548316479, 3.8732415485287546, 3.873241548404936, 3.8732415484649176, 3.8732415484592626, 3.873241548525439, 3.8732415485156806, 3.8732415484855625, 3.8732415484772216, 3.8732415484779925, 3.8732415484647413, 3.873241548498179, 3.873241548453477, 3.9721145525738084, 3.9721145524445274, 3.972114552392866, 3.9721145523952983, 3.9721145523844936, 3.972114552497778, 3.972114552561982, 3.9721145525832893, 3.972114552392482, 3.972114552696657, 3.9721145525533395, 3.9721145525700536, 3.9721145525744728, 3.972114552626797, 3.972114552596109, 3.9721145525738075, 3.9721145526215778, 3.9721145526207304, 3.97211455263108, 3.972114552569688, 3.972114552533848, 4.406699509902614, 4.406699509896959, 4.406699509851079, 4.4066995098585835, 4.40669950985226, 4.406699509916289, 4.406699509859145, 4.406699509944528, 4.406699509781966, 4.406699510066953, 4.406699509921423, 4.406699509885767, 4.406699509900928, 4.406699509951818, 4.406699509912868, 4.406699509902607, 4.406699509904375, 4.406699509908098, 4.406699509913104, 4.406699509898205, 4.4066995098757875, 4.494647450909741, 4.494647451075238, 4.494647451010457, 4.494647451024257, 4.49464745102552, 4.494647450957799, 4.4946474508921765, 4.494647451000961, 4.494647450873857, 4.494647451040723, 4.4946474509693335, 4.4946474508684675, 4.494647450902972, 4.494647450941415, 4.4946474509188485, 4.494647450909743, 4.494647450837851, 4.494647450852886, 4.494647450858007, 4.4946474509125345, 4.494647450934555, 4.610560419667306, 4.610560419850298, 4.6105604197645, 4.610560419807869, 4.610560419814311, 4.610560419728439, 4.61056041965451, 4.610560419763754, 4.610560419706237, 4.610560419752687, 4.6105604197458225, 4.610560419625278, 4.6105604196728365, 4.610560419689264, 4.610560419670246, 4.6105604196673085, 4.610560419586873, 4.610560419615612, 4.610560419617609, 4.610560419675369, 4.610560419705639, 4.787786986039889, 4.787786986147058, 4.787786986032984, 4.787786986127335, 4.7877869861288085, 4.787786986101902, 4.787786986018667, 4.787786986101414, 4.787786986122834, 4.7877869860743365, 4.787786986117248, 4.787786985995786, 4.787786986042533, 4.787786986043792, 4.787786986045816, 4.787786986039893, 4.787786985992404, 4.7877869860320335, 4.787786986032269, 4.78778698604713, 4.787786986050501, 4.865529973436976, 4.86552997342698, 4.865529973292349, 4.865529973438146, 4.865529973429894, 4.865529973458545, 4.865529973454152, 4.865529973428822, 4.86552997352787, 4.865529973455156, 4.865529973487252, 4.865529973409487, 4.865529973432382, 4.865529973430733, 4.8655299734477016, 4.865529973436974, 4.865529973432507, 4.865529973475798, 4.865529973474417, 4.8655299734365425, 4.865529973406706, 4.8542216330771, 4.854221632994759, 4.854221632855593, 4.854221633034724, 4.85422163301887, 4.854221633059291, 4.854221633142967, 4.854221633007348, 4.854221633149021, 4.85422163308333, 4.854221633092449, 4.854221633083865, 4.854221633081848, 4.854221633082701, 4.854221633077349, 4.854221633077089, 4.854221633094219, 4.854221633132013, 4.854221633128809, 4.854221633070267, 4.854221633036268, 4.867357838958687, 4.86735783886775, 4.867357838716541, 4.86735783891573, 4.867357838897042, 4.867357838932225, 4.867357839021158, 4.867357838866099, 4.867357839006042, 4.867357838914112, 4.8673578389464165, 4.867357838988712, 4.867357838972725, 4.867357838976903, 4.86735783894571, 4.867357838958684, 4.867357838991688, 4.8673578390097, 4.8673578390059715, 4.867357838949224, 4.867357838928384, 4.9185396065464015, 4.918539606489843, 4.91853960632556, 4.918539606533595, 4.9185396065157345, 4.918539606539031, 4.918539606569877, 4.91853960646483, 4.918539606577151, 4.918539606431297, 4.918539606515946, 4.918539606582338, 4.918539606551465, 4.9185396065579745, 4.918539606538496, 4.918539606546406, 4.91853960659133, 4.918539606582932, 4.918539606580621, 4.918539606539024, 4.918539606539812, 4.971521137777454, 4.971521137785022, 4.971521137615959, 4.971521137814025, 4.971521137799567, 4.97152113781172, 4.971521137746223, 4.971521137730676, 4.97152113780408, 4.971521137607079, 4.971521137741108, 4.971521137814591, 4.9715211377687085, 4.971521137775057, 4.9715211377826165, 4.971521137777457, 4.971521137821299, 4.971521137794117, 4.97152113779393, 4.971521137779034, 4.971521137806173, 5.025119726694785, 5.02511972676184, 5.025119726602771, 5.025119726766549, 5.025119726756857, 5.025119726759267, 5.0251197266256895, 5.025119726693911, 5.025119726734437, 5.0251197265068175, 5.025119726659637, 5.0251197267389225, 5.025119726685202, 5.025119726689184, 5.0251197267035606, 5.025119726694789, 5.025119726720334, 5.025119726695936, 5.025119726696944, 5.025119726705238, 5.025119726749241, 5.108826444970608, 5.108826445064408, 5.1088264449267475, 5.108826445030194, 5.108826445026521, 5.108826445015686, 5.1088264449000675, 5.108826445017476, 5.108826445046826, 5.108826444802782, 5.108826444935487, 5.1088264450183285, 5.108826444968616, 5.108826444969717, 5.108826444975753, 5.10882644497061, 5.10882644496553, 5.108826444966813, 5.108826444967481, 5.108826444980559, 5.108826445022512, 5.202539484533196, 5.202539484618193, 5.202539484507813, 5.202539484536949, 5.20253948454085, 5.202539484512042, 5.202539484491555, 5.202539484612058, 5.202539484651667, 5.202539484412729, 5.202539484492847, 5.2025394845688355, 5.202539484534501, 5.202539484534001, 5.202539484538178, 5.202539484533198, 5.202539484494597, 5.202539484531294, 5.202539484530555, 5.202539484534263, 5.202539484561352, 5.278138008012254, 5.2781380080722196, 5.278138007987526, 5.27813800795899, 5.278138007970161, 5.278138007925106, 5.278138008013952, 5.278138008091108, 5.278138008143682, 5.278138007946005, 5.278138007967478, 5.278138008027623, 5.278138008011949, 5.27813800801335, 5.2781380080217355, 5.2781380080122595, 5.278138007949764, 5.278138008012395, 5.278138008010765, 5.278138008003939, 5.278138008012483, 5.347642694256472, 5.347642694298833, 5.347642694231307, 5.347642694186015, 5.347642694201935, 5.347642694150337, 5.3476426942951285, 5.347642694305522, 5.347642694348614, 5.347642694231713, 5.347642694224988, 5.3476426942638176, 5.347642694261179, 5.347642694269333, 5.3476426942674085, 5.34764269425647, 5.347642694190988, 5.347642694255196, 5.347642694253816, 5.347642694246337, 5.3476426942401485, 5.409135445681054, 5.409135445714466, 5.4091354456556004, 5.409135445627134, 5.409135445644041, 5.409135445598208, 5.409135445734133, 5.409135445681332, 5.409135445688528, 5.409135445671384, 5.409135445682189, 5.409135445692675, 5.409135445698283, 5.40913544571654, 5.409135445690726, 5.409135445681059, 5.40913544563608, 5.40913544567521, 5.409135445674419, 5.4091354456778795, 5.409135445669082, 5.446850592462919, 5.446850592491687, 5.4468505924367605, 5.446850592432359, 5.4468505924472455, 5.446850592414804, 5.446850592508344, 5.446850592412695, 5.446850592378516, 5.446850592438435, 5.446850592495222, 5.44685059247401, 5.446850592488097, 5.446850592514801, 5.446850592476512, 5.446850592462916, 5.4468505924477295, 5.44685059245117, 5.4468505924512565, 5.446850592469395, 5.446850592471599, 5.480427927768868, 5.480427927800316, 5.480427927748702, 5.48042792775203, 5.480427927764552, 5.48042792774133, 5.480427927803617, 5.480427927692212, 5.480427927635337, 5.480427927719782, 5.480427927810338, 5.480427927768753, 5.480427927791403, 5.480427927821099, 5.480427927791663, 5.480427927768863, 5.480427927769382, 5.480427927752885, 5.480427927754258, 5.48042792777917, 5.480427927791711, 5.534808220781112, 5.534808220820055, 5.5348082207742, 5.53480822076876, 5.534808220781694, 5.534808220756807, 5.534808220817868, 5.534808220717068, 5.534808220659951, 5.534808220722263, 5.5348082208089, 5.534808220764801, 5.534808220788928, 5.534808220816308, 5.534808220814271, 5.534808220781116, 5.534808220777783, 5.534808220764952, 5.534808220766398, 5.534808220787037, 5.534808220795037, 5.592569709665698, 5.5925697097076466, 5.592569709672642, 5.592569709657787, 5.59256970967282, 5.592569709639317, 5.592569709711024, 5.592569709643393, 5.592569709599229, 5.5925697096238896, 5.592569709670578, 5.592569709640787, 5.592569709652627, 5.592569709673584, 5.592569709701481, 5.592569709665693, 5.5925697096528975, 5.592569709653068, 5.592569709651465, 5.592569709663023, 5.592569709652865, 5.626098004032316, 5.626098004070589, 5.626098004052784, 5.6260980040399, 5.626098004053371, 5.626098004014966, 5.6260980040710304, 5.626098004049718, 5.626098004018816, 5.62609800403154, 5.6260980040226105, 5.6260980040210224, 5.626098004010351, 5.626098004022316, 5.626098004049991, 5.626098004032321, 5.626098004019872, 5.626098004023772, 5.626098004016001, 5.6260980040228805, 5.626098003995205, 5.626836376468493, 5.626836376493091, 5.626836376497584, 5.626836376497283, 5.62683637650447, 5.626836376474595, 5.626836376477678, 5.62683637649529, 5.626836376472706, 5.626836376512555, 5.6268363764584, 5.626836376485366, 5.626836376455225, 5.626836376458478, 5.6268363764520535, 5.626836376468486, 5.626836376467229, 5.626836376463529, 5.626836376450734, 5.6268363764576454, 5.6268363764258025, 5.6028568652225195, 5.602856865209664, 5.6028568652384765, 5.602856865252528, 5.602856865255099, 5.6028568652486666, 5.602856865199577, 5.602856865229834, 5.602856865218187, 5.6028568652938056, 5.602856865217386, 5.602856865252122, 5.602856865213943, 5.602856865211351, 5.6028568651852355, 5.602856865222524, 5.602856865235916, 5.602856865225536, 5.602856865213374, 5.602856865214344, 5.602856865189909, 5.5732688742610135, 5.573268874196581, 5.573268874247874, 5.573268874269738, 5.573268874272782, 5.573268874292852, 5.573268874219349, 5.573268874243458, 5.573268874247274, 5.5732688743410925, 5.573268874260807, 5.5732688742807355, 5.573268874243837, 5.573268874239461, 5.573268874227123, 5.573268874261005, 5.573268874284851, 5.573268874277063, 5.573268874269651, 5.573268874256902, 5.5732688742438405, 5.552706764722921, 5.55270676462854, 5.552706764695471, 5.5527067647190345, 5.552706764724195, 5.5527067647565875, 5.552706764671458, 5.5527067646944515, 5.552706764708061, 5.552706764805309, 5.552706764728633, 5.552706764730276, 5.55270676469956, 5.552706764697195, 5.55270676469774, 5.55270676472292, 5.552706764746835, 5.552706764747986, 5.552706764744789, 5.552706764723745, 5.552706764723569, 5.552575938053406, 5.552575937965928, 5.5525759380383874, 5.5525759380607225, 5.552575938066894, 5.5525759380925015, 5.552575937998579, 5.552575938033992, 5.552575938046905, 5.552575938139117, 5.552575938063625, 5.552575938055758, 5.552575938033107, 5.552575938034725, 5.552575938031264, 5.552575938053406, 5.552575938067172, 5.55257593807791, 5.552575938076258, 5.552575938059043, 5.552575938071141, 5.568822145203515, 5.568822145147241, 5.568822145214705, 5.568822145230381, 5.568822145236659, 5.568822145245047, 5.568822145156683, 5.5688221452097855, 5.568822145215339, 5.568822145293397, 5.568822145213472, 5.568822145203163, 5.568822145188665, 5.568822145194111, 5.5688221451832325, 5.5688221452035105, 5.568822145202488, 5.56882214522076, 5.568822145218566, 5.568822145211323, 5.568822145229641, 5.591899258177712, 5.591899258155004, 5.591899258209513, 5.591899258209971, 5.591899258215859, 5.591899258210481, 5.591899258150106, 5.591899258213055, 5.59189925820943, 5.591899258266221, 5.591899258181205, 5.591899258170073, 5.591899258163416, 5.591899258171451, 5.591899258165123, 5.591899258177712, 5.59189925816531, 5.591899258187292, 5.591899258183933, 5.591899258183675, 5.591899258199912, 5.614819526571964, 5.6148195265724095, 5.6148195266101775, 5.614819526590094, 5.614819526594692, 5.614819526588023, 5.614819526563029, 5.614819526620439, 5.61481952660676, 5.614819526646732, 5.6148195265651575, 5.614819526554989, 5.614819526556029, 5.61481952656541, 5.6148195265713134, 5.614819526571962, 5.614819526558324, 5.614819526576844, 5.614819526572624, 5.614819526573869, 5.614819526584064, 5.631403115598216, 5.631403115612267, 5.6314031156333595, 5.631403115594896, 5.6314031155966155, 5.631403115600222, 5.6314031155952575, 5.631403115634026, 5.631403115607386, 5.631403115646616, 5.631403115584021, 5.631403115578903, 5.6314031155864415, 5.631403115596555, 5.631403115605715, 5.631403115598216, 5.631403115595513, 5.631403115600211, 5.631403115595255, 5.631403115597043, 5.631403115602212, 5.63592353842923, 5.635923538451791, 5.635923538459689, 5.635923538410891, 5.635923538408666, 5.635923538424882, 5.635923538421634, 5.635923538436186, 5.635923538395089, 5.635923538446235, 5.635923538416401, 5.635923538417171, 5.635923538428695, 5.635923538439458, 5.635923538437566, 5.635923538429223, 5.635923538444366, 5.635923538427822, 5.635923538421951, 5.635923538427355, 5.635923538429124, 5.63118385734286, 5.631183857369179, 5.631183857370517, 5.631183857319556, 5.631183857314241, 5.631183857335982, 5.631183857333348, 5.631183857326255, 5.631183857276117, 5.631183857333939, 5.631183857338933, 5.631183857339019, 5.631183857352493, 5.631183857363875, 5.631183857349965, 5.631183857342858, 5.631183857371223, 5.6311838573372635, 5.631183857330698, 5.631183857341354, 5.631183857338918, 5.628519940526995, 5.6285199405514685, 5.6285199405533595, 5.628519940504587, 5.628519940498571, 5.628519940516351, 5.628519940527856, 5.628519940506841, 5.628519940458919, 5.6285199405039, 5.628519940532912, 5.628519940522555, 5.628519940537842, 5.628519940549298, 5.628519940537493, 5.628519940526999, 5.628519940554579, 5.628519940517648, 5.628519940511261, 5.6285199405253055, 5.62851994051669, 5.631206483118639, 5.631206483137288, 5.6312064831445445, 5.631206483100843, 5.631206483096142, 5.631206483103922, 5.631206483139396, 5.631206483112731, 5.631206483076631, 5.631206483092363, 5.631206483130906, 5.6312064831061965, 5.631206483123382, 5.631206483134047, 5.631206483136189, 5.631206483118637, 5.631206483132435, 5.631206483106486, 5.631206483101219, 5.631206483116446, 5.631206483102574, 5.635751969026773, 5.6357519690374875, 5.635751969052295, 5.6357519690181235, 5.635751969015133, 5.635751969013058, 5.635751969065515, 5.635751969038443, 5.635751969016707, 5.6357519690027456, 5.635751969042118, 5.6357519690096485, 5.6357519690271225, 5.635751969036398, 5.635751969047369, 5.6357519690267734, 5.63575196902381, 5.635751969013006, 5.635751969009207, 5.635751969025151, 5.635751969011108, 5.641810178467977, 5.6418101784671455, 5.641810178490115, 5.64181017846991, 5.641810178468142, 5.641810178462726, 5.641810178511828, 5.64181017848528, 5.6418101784753265, 5.641810178445117, 5.6418101784839605, 5.641810178456729, 5.64181017847176, 5.6418101784795365, 5.641810178482678, 5.641810178467968, 5.64181017845506, 5.641810178455116, 5.641810178452832, 5.641810178468477, 5.641810178460264, 5.647912422484272, 5.647912422465469, 5.647912422496453, 5.64791242249019, 5.647912422489272, 5.647912422488713, 5.647912422518586, 5.6479124224913075, 5.647912422492279, 5.6479124224593535, 5.647912422496611, 5.647912422483999, 5.647912422494766, 5.647912422501195, 5.647912422488899, 5.647912422484275, 5.647912422469816, 5.647912422476912, 5.647912422476207, 5.647912422486859, 5.647912422486691, 5.651354852224812, 5.651354852186325, 5.651354852223561, 5.651354852223664, 5.651354852223505, 5.651354852231199, 5.651354852241931, 5.651354852215805, 5.651354852229969, 5.651354852197459, 5.651354852227487, 5.651354852229709, 5.651354852236196, 5.651354852241264, 5.651354852223942, 5.651354852224807, 5.65135485221187, 5.651354852227455, 5.651354852228063, 5.651354852227258, 5.651354852232308, 5.652241413018518, 5.6522414129727565, 5.65224141301173, 5.652241413007598, 5.652241413007951, 5.652241413020163, 5.652241413018513, 5.65224141300258, 5.6522414130285386, 5.652241412990289, 5.652241413008956, 5.652241413021945, 5.652241413024398, 5.652241413028069, 5.652241413018086, 5.652241413018521, 5.65224141300541, 5.652241413030941, 5.652241413032059, 5.652241413018648, 5.652241413025093, 5.652927199527015, 5.6529271994954025, 5.652927199529649, 5.65292719951662, 5.652927199517126, 5.6529271995270065, 5.652927199513558, 5.652927199519246, 5.652927199548469, 5.652927199497729, 5.652927199509294, 5.652927199530768, 5.652927199527935, 5.652927199530321, 5.652927199527083, 5.6529271995270145, 5.652927199511985, 5.652927199543134, 5.652927199543914, 5.652927199525217, 5.652927199531895, 5.654406487174604, 5.654406487169483, 5.654406487193212, 5.654406487175226, 5.654406487175658, 5.654406487179865, 5.65440648715339, 5.6544064871829205, 5.654406487204793, 5.654406487143705, 5.654406487155285, 5.654406487183515, 5.654406487173622, 5.654406487175097, 5.654406487172607, 5.654406487174603, 5.654406487159457, 5.654406487187555, 5.6544064871877895, 5.6544064871727935, 5.65440648718051, 5.656983340153688, 5.656983340166475, 5.656983340176697, 5.656983340161958, 5.656983340162295, 5.656983340164107, 5.656983340132898, 5.656983340173392, 5.656983340182134, 5.656983340123637, 5.65698334013614, 5.656983340166007, 5.656983340149346, 5.656983340150212, 5.656983340150314, 5.65698334015369, 5.656983340144059, 5.656983340161959, 5.656983340161768, 5.656983340152717, 5.65698334016146, 5.660952874918359, 5.660952874930567, 5.660952874927332, 5.660952874922179, 5.660952874922387, 5.660952874928546, 5.660952874904626, 5.660952874937671, 5.660952874933697, 5.660952874893885, 5.660952874903803, 5.660952874928715, 5.6609528749079105, 5.660952874908373, 5.660952874915545, 5.66095287491836, 5.660952874919956, 5.660952874924817, 5.660952874924308, 5.660952874917919, 5.660952874926156, 5.664184831444263, 5.664184831448839, 5.6641848314346825, 5.664184831439682, 5.66418483143942, 5.664184831452491, 5.664184831438443, 5.664184831454547, 5.664184831441687, 5.664184831429858, 5.664184831435841, 5.664184831452968, 5.664184831431665, 5.6641848314317995, 5.66418483143926, 5.66418483144426, 5.664184831457148, 5.664184831450065, 5.66418483144936, 5.66418483144452, 5.664184831450751, 5.66572689669793, 5.665726896702743, 5.665726896681684, 5.6657268966916385, 5.665726896690379, 5.665726896705728, 5.665726896698225, 5.665726896699911, 5.665726896683834, 5.665726896697253, 5.6657268966996055, 5.665726896708482, 5.665726896690425, 5.665726896690404, 5.665726896686285, 5.665726896697936, 5.665726896714816, 5.665726896700985, 5.665726896700259, 5.665726896699226, 5.665726896702183, 5.665853261050232, 5.665853261063218, 5.665853261039201, 5.665853261047425, 5.665853261045006, 5.665853261055592, 5.665853261057302, 5.665853261050678, 5.665853261038415, 5.665853261065042, 5.665853261061996, 5.665853261059945, 5.665853261048405, 5.6658532610483885, 5.665853261033856, 5.665853261050234, 5.665853261061306, 5.665853261049424, 5.6658532610489045, 5.665853261051882, 5.6658532610497385, 5.6652446602250235, 5.665244660243945, 5.665244660220052, 5.665244660223631, 5.665244660220472, 5.665244660223788, 5.665244660240454, 5.665244660226714, 5.665244660223582, 5.665244660251635, 5.665244660241929, 5.6652446602260955, 5.665244660222915, 5.665244660223026, 5.665244660211275, 5.665244660225024, 5.665244660225349, 5.665244660222476, 5.6652446602223465, 5.6652446602259126, 5.665244660218324, 5.665007590602118, 5.665007590620681, 5.6650075905989015, 5.665007590600593, 5.665007590597072, 5.665007590595599, 5.665007590622795, 5.665007590599091, 5.665007590604821, 5.665007590630657, 5.6650075906185595, 5.665007590592434, 5.665007590597413, 5.665007590597729, 5.665007590594692, 5.6650075906021184, 5.665007590594718, 5.66500759060004, 5.665007590600392, 5.665007590602417, 5.665007590593352, 5.665688996661389, 5.665688996672183, 5.665688996653354, 5.665688996658758, 5.665688996655428, 5.6656889966531425, 5.665688996683258, 5.665688996648611, 5.6656889966581, 5.665688996680162, 5.665688996672223, 5.665688996642041, 5.665688996672469, 5.665688996650763, 5.665688996663215, 5.665688996661393, 5.665688996653251, 5.665688996660746, 5.665688996661397, 5.665688996661627, 5.665688996655934, 5.666145823853656, 5.666145823857102, 5.666145823841343, 5.6661458238533795, 5.666145823850709, 5.666145823847631, 5.666145823872384, 5.666145823834824, 5.66614582384108, 5.66614582385648, 5.666145823856882, 5.66614582383034, 5.666145823873668, 5.666145823833952, 5.666145823864764, 5.666145823853653, 5.666145823849457, 5.6661458238523625, 5.666145823852986, 5.666145823854178, 5.6661458238540625, 5.668829892389608, 5.668829892409392, 5.668829892397591, 5.66882989240915, 5.66882989240648, 5.668829892397333, 5.668829892388149, 5.668829892365721, 5.66882989236466, 5.668829892383403, 5.66882989239292, 5.668829892385743, 5.668829892394151, 5.668829892385488, 5.668829892388847, 5.668829892389604, 5.668829892388052, 5.668829892380574, 5.668829892380989, 5.668829892392658, 5.668829892400544, 5.671201299445055, 5.671201299469297, 5.671201299463577, 5.671201299464888, 5.671201299462714, 5.671201299451898, 5.67120129942945, 5.6712012994266985, 5.671201299425875, 5.671201299441276, 5.671201299445451, 5.671201299451584, 5.671201299440263, 5.67120129945031, 5.671201299436347, 5.671201299445055, 5.671201299441819, 5.67120129943607, 5.671201299436347, 5.671201299447491, 5.671201299454676, 5.673176756803425, 5.673176756805076, 5.673176756807665, 5.673176756795614, 5.673176756794519, 5.673176756790222, 5.673176756791359, 5.673176756800267, 5.673176756807026, 5.673176756808497, 5.673176756793938, 5.673176756799552, 5.6731767567982425, 5.6731767567985365, 5.673176756801748, 5.6731767568034295, 5.673176756797164, 5.67317675680513, 5.673176756805307, 5.6731767568011735, 5.673176756799168, 5.67175357737069, 5.671753577352552, 5.671753577363021, 5.671753577347651, 5.671753577347335, 5.671753577347188, 5.6717535773641234, 5.671753577381466, 5.671753577390355, 5.671753577380233, 5.671753577356465, 5.671753577361471, 5.671753577358572, 5.671753577358689, 5.671753577373773, 5.6717535773706835, 5.6717535773636145, 5.671753577378118, 5.671753577378165, 5.671753577366053, 5.671753577359228, 5.672327275631005, 5.67232727561128, 5.6723272756262615, 5.672327275623321, 5.672327275623248, 5.672327275619864, 5.672327275623726, 5.67232727564793, 5.672327275647627, 5.672327275632997, 5.672327275622115, 5.672327275631697, 5.6723272756398355, 5.672327275622192, 5.6723272756312015, 5.672327275631007, 5.672327275627133, 5.672327275632504, 5.672327275632507, 5.6723272756289305, 5.67232727562698, 5.671204477644897, 5.671204477636021, 5.671204477652765, 5.671204477666081, 5.67120447766606, 5.671204477657639, 5.671204477630082, 5.671204477656003, 5.671204477644145, 5.671204477634391, 5.671204477646585, 5.671204477665188, 5.671204477637696, 5.671204477652109, 5.671204477633491, 5.671204477644898, 5.67120447764642, 5.671204477636574, 5.67120447763657, 5.671204477647965, 5.671204477656266, 5.671908238680477, 5.671908238659291, 5.671908238676059, 5.671908238695937, 5.67190823869595, 5.671908238693149, 5.671908238673118, 5.671908238686528, 5.67190823867277, 5.671908238663043, 5.671908238681991, 5.671908238694274, 5.671908238679519, 5.671908238681441, 5.671908238675406, 5.671908238680481, 5.671908238687432, 5.671908238675037, 5.671908238675049, 5.67190823868343, 5.671908238691669, 5.6730493187821205, 5.673049318746504, 5.6730493187611595, 5.673049318774989, 5.673049318775041, 5.673049318779284, 5.673049318787529, 5.673049318789598, 5.67304931878181, 5.673049318767423, 5.673049318778646, 5.673049318776898, 5.673049318795546, 5.673049318768643, 5.673049318789994, 5.673049318782123, 5.67304931878959, 5.673049318785673, 5.6730493187857, 5.673049318781334, 5.673049318780415, 5.675004785592278, 5.67500478557602, 5.675004785586619, 5.675004785587863, 5.675004785588067, 5.675004785586669, 5.6750047855950045, 5.675004785601986, 5.675004785598779, 5.6750047855851795, 5.675004785592425, 5.6750047855885075, 5.675004785595669, 5.675004785588773, 5.675004785594617, 5.675004785592276, 5.675004785594131, 5.675004785595724, 5.6750047855957355, 5.675004785590291, 5.675004785584038, 5.674703805676372, 5.674703805690198, 5.674703805695756, 5.674703805686486, 5.674703805686903, 5.674703805676121, 5.6747038056702594, 5.67470380568339, 5.6747038056819825, 5.674703805675358, 5.674703805683347, 5.6747038056831585, 5.674703805661089, 5.6747038056914745, 5.674703805667009, 5.674703805676368, 5.674703805673216, 5.674703805675003, 5.674703805675017, 5.674703805675474, 5.6747038056696315, 5.675150167670065, 5.675150167682366, 5.675150167682772, 5.675150167671679, 5.675150167672038, 5.675150167665223, 5.675150167668662, 5.675150167668888, 5.675150167669581, 5.675150167669382, 5.675150167673458, 5.675150167667439, 5.675150167660243, 5.675150167679706, 5.675150167667543, 5.675150167670062, 5.675150167669103, 5.675150167671838, 5.675150167671815, 5.675150167669013, 5.675150167664217, 5.6745494426866845, 5.674549442684217, 5.674549442680274, 5.674549442674346, 5.674549442674637, 5.674549442675965, 5.674549442695626, 5.674549442678151, 5.674549442678834, 5.674549442683532, 5.674549442683164, 5.674549442669275, 5.6745494426920615, 5.674549442681183, 5.674549442697755, 5.674549442686691, 5.674549442691023, 5.674549442693157, 5.6745494426931264, 5.674549442685557, 5.674549442683488, 5.674840921706018, 5.674840921712717, 5.6748409217062425, 5.674840921704967, 5.67484092170537, 5.67484092170268, 5.674840921714492, 5.674840921697019, 5.674840921692914, 5.674840921703461, 5.674840921705032, 5.674840921695103, 5.674840921708009, 5.674840921703864, 5.674840921714857, 5.674840921706014, 5.6748409217112155, 5.674840921706905, 5.6748409217069105, 5.674840921707274, 5.674840921711799, 5.674901641618719, 5.6749016416417755, 5.674901641635091, 5.674901641633444, 5.6749016416342535, 5.674901641623245, 5.674901641622229, 5.674901641615834, 5.674901641608051, 5.6749016416216636, 5.674901641623548, 5.6749016416215365, 5.674901641611267, 5.674901641625931, 5.674901641618462, 5.674901641618722, 5.674901641620759, 5.674901641612246, 5.674901641612311, 5.674901641621971, 5.674901641630226, 5.676214192252348, 5.676214192265206, 5.6762141922605265, 5.676214192255287, 5.676214192256471, 5.676214192248953, 5.676214192258346, 5.676214192255507, 5.676214192250441, 5.676214192261867, 5.6762141922554825, 5.676214192251977, 5.676214192252263, 5.676214192252124, 5.676214192253919, 5.676214192252355, 5.676214192253355, 5.676214192249908, 5.676214192250003, 5.6762141922538545, 5.676214192257271, 5.676404965489084, 5.6764049654837825, 5.6764049654826305, 5.676404965474578, 5.676404965475937, 5.676404965476607, 5.676404965496338, 5.676404965492816, 5.676404965491708, 5.676404965502055, 5.676404965488996, 5.676404965483404, 5.676404965497648, 5.676404965480143, 5.676404965493066, 5.676404965489088, 5.676404965491608, 5.676404965494038, 5.676404965494109, 5.676404965488316, 5.676404965485868, 5.677004814578841, 5.677004814576839, 5.677004814579702, 5.6770048145723315, 5.6770048145740235, 5.677004814573322, 5.677004814577036, 5.677004814579454, 5.677004814577857, 5.67700481459006, 5.677004814582051, 5.677004814584572, 5.67700481457851, 5.677004814578693, 5.6770048145732, 5.677004814578851, 5.67700481458159, 5.677004814582488, 5.677004814582582, 5.6770048145787415, 5.677004814577127, 5.6769506494563915, 5.676950649459722, 5.676950649466373, 5.676950649463392, 5.676950649465306, 5.676950649460258, 5.676950649448442, 5.676950649455836, 5.676950649452695, 5.6769506494619995, 5.676950649461383, 5.676950649470939, 5.676950649449914, 5.676950649462305, 5.676950649445133, 5.676950649456396, 5.676950649458305, 5.676950649456564, 5.676950649456728, 5.67695064945722, 5.676950649457876, 5.677575117487416, 5.6775751174784865, 5.677575117487927, 5.677575117489988, 5.677575117491569, 5.6775751174888285, 5.677575117485991, 5.6775751174889715, 5.677575117486897, 5.6775751174868025, 5.677575117486573, 5.677575117492009, 5.67757511749287, 5.677575117481424, 5.677575117485935, 5.677575117487415, 5.677575117489414, 5.677575117489892, 5.677575117490053, 5.677575117486829, 5.677575117485373, 5.677659736046783, 5.6776597360319645, 5.67765973604284, 5.677659736046953, 5.677659736048348, 5.677659736046329, 5.677659736049718, 5.6776597360498195, 5.677659736048913, 5.677659736041795, 5.6776597360420835, 5.677659736044028, 5.677659736058316, 5.677659736034598, 5.677659736051817, 5.677659736046797, 5.677659736047764, 5.677659736050267, 5.677659736050394, 5.677659736045461, 5.677659736043224, 5.6785057525956795, 5.6785057525926215, 5.678505752603409, 5.678505752605159, 5.678505752607046, 5.678505752600646, 5.678505752592456, 5.678505752596653, 5.678505752595538, 5.678505752589064, 5.678505752593935, 5.678505752599506, 5.67850575259549, 5.678505752594799, 5.678505752594061, 5.678505752595676, 5.678505752594265, 5.678505752595454, 5.678505752595577, 5.678505752595937, 5.678505752597311, 5.678912960417177, 5.67891296041789, 5.678912960427014, 5.678912960423365, 5.678912960425692, 5.678912960419951, 5.678912960411606, 5.67891296041576, 5.678912960415758, 5.678912960411868, 5.67891296041692, 5.6789129604212265, 5.678912960410485, 5.678912960422399, 5.678912960412521, 5.678912960417183, 5.678912960415069, 5.678912960417048, 5.678912960417117, 5.678912960417899, 5.678912960420037, 5.6791103731218335, 5.679110373113978, 5.679110373120301, 5.679110373111611, 5.6791103731139465, 5.679110373114207, 5.67911037312267, 5.6791103731211185, 5.679110373122635, 5.679110373118881, 5.679110373119121, 5.679110373115321, 5.679110373121263, 5.679110373120693, 5.6791103731231685, 5.6791103731218415, 5.679110373120695, 5.679110373125509, 5.6791103731255035, 5.679110373121111, 5.679110373119927, 5.67922427874359, 5.679224278739907, 5.679224278742953, 5.6792242787331375, 5.679224278735695, 5.679224278735081, 5.679224278746919, 5.679224278745589, 5.679224278744998, 5.679224278741361, 5.679224278741966, 5.679224278736077, 5.67922427874281, 5.679224278742544, 5.679224278745634, 5.679224278743596, 5.679224278742437, 5.679224278744758, 5.67922427874494, 5.679224278743064, 5.679224278742068, 5.679353949691363, 5.679353949700415, 5.679353949700496, 5.679353949693695, 5.6793539496966465, 5.679353949690638, 5.6793539496924, 5.679353949694706, 5.679353949689547, 5.679353949687595, 5.679353949693351, 5.67935394969132, 5.679353949684593, 5.679353949696308, 5.679353949689062, 5.679353949691361, 5.679353949690342, 5.679353949685787, 5.679353949686305, 5.679353949692504, 5.679353949695182, 5.679723129292742, 5.679723129298473, 5.67972312929665, 5.679723129293794, 5.679723129296554, 5.679723129292961, 5.679723129296369, 5.679723129295094, 5.679723129287721, 5.679723129287116, 5.679723129293816, 5.679723129290684, 5.679723129290501, 5.6797231292933175, 5.679723129293053, 5.679723129292736, 5.679723129294295, 5.679723129286853, 5.679723129287518, 5.679723129293764, 5.6797231292963515, 5.680090312033423, 5.68009031202946, 5.680090312027209, 5.680090312025978, 5.680090312028395, 5.680090312030416, 5.680090312039726, 5.680090312034059, 5.680090312027603, 5.680090312028004, 5.68009031203238, 5.680090312026156, 5.680090312038259, 5.680090312027053, 5.6800903120373265, 5.680090312033425, 5.680090312037193, 5.680090312031576, 5.680090312032161, 5.680090312033226, 5.680090312032975, 5.680717574578654, 5.680717574579342, 5.680717574578308, 5.680717574575947, 5.680717574578725, 5.680717574578743, 5.680717574579347, 5.680717574578692, 5.680717574574213, 5.680717574575888, 5.680717574579944, 5.680717574577121, 5.680717574578422, 5.680717574577299, 5.680717574576592, 5.68071757457866, 5.680717574580578, 5.680717574577438, 5.680717574577895, 5.680717574578615, 5.680717574578065, 5.680838959758709, 5.68083895976427, 5.680838959765288, 5.680838959761588, 5.680838959764798, 5.680838959761478, 5.680838959754346, 5.68083895975976, 5.680838959758179, 5.680838959759314, 5.680838959762, 5.680838959762503, 5.680838959753717, 5.6808389597619975, 5.680838959751318, 5.680838959758701, 5.68083895975728, 5.680838959758174, 5.680838959758419, 5.680838959758822, 5.6808389597581765, 5.6810737012162145, 5.681073701212955, 5.681073701215454, 5.681073701212949, 5.681073701215773, 5.681073701215416, 5.68107370121484, 5.681073701217758, 5.681073701219115, 5.681073701218482, 5.681073701216805, 5.681073701214773, 5.681073701217852, 5.681073701212975, 5.6810737012130685, 5.681073701216214, 5.681073701214135, 5.681073701219823, 5.681073701219789, 5.6810737012153645, 5.681073701212781, 5.681230931153789, 5.681230931146685, 5.681230931149772, 5.6812309311507745, 5.681230931153391, 5.681230931153816, 5.681230931153842, 5.681230931153814, 5.681230931155429, 5.681230931155228, 5.681230931152438, 5.681230931151105, 5.6812309311584395, 5.681230931147671, 5.6812309311532125, 5.681230931153782, 5.681230931152165, 5.681230931158022, 5.681230931157907, 5.68123093115327, 5.681230931152194, 5.68151417150071, 5.681514171500866, 5.681514171503651, 5.681514171507016, 5.681514171510081, 5.681514171506625, 5.681514171497733, 5.681514171498967, 5.681514171498633, 5.681514171500689, 5.681514171500281, 5.6815141715042605, 5.681514171500041, 5.681514171499905, 5.681514171497137, 5.681514171500712, 5.681514171498849, 5.681514171501149, 5.681514171501148, 5.681514171501817, 5.681514171505063, 5.681953866183047, 5.681953866183181, 5.68195386618486, 5.681953866186468, 5.68195386618968, 5.681953866186859, 5.681953866181946, 5.681953866182015, 5.681953866180753, 5.681953866183295, 5.681953866181871, 5.681953866185225, 5.681953866183302, 5.681953866181262, 5.681953866181203, 5.681953866183053, 5.681953866181746, 5.681953866183184, 5.681953866183259, 5.681953866183946, 5.681953866186832, 5.682279956264105, 5.6822799562607935, 5.682279956261165, 5.682279956257917, 5.682279956261129, 5.682279956261347, 5.6822799562669015, 5.682279956265291, 5.682279956263877, 5.682279956265793, 5.682279956261949, 5.6822799562612145, 5.6822799562677515, 5.682279956258824, 5.682279956265701, 5.682279956264099, 5.682279956263573, 5.68227995626603, 5.682279956266113, 5.682279956263721, 5.68227995626319, 5.682546449492143, 5.682546449495569, 5.682546449495133, 5.682546449487725, 5.682546449491584, 5.682546449489705, 5.682546449493015, 5.682546449494208, 5.682546449491354, 5.682546449494126, 5.682546449492361, 5.68254644949269, 5.68254644949032, 5.6825464494920865, 5.682546449490769, 5.682546449492142, 5.68254644949126, 5.682546449492043, 5.68254644949226, 5.682546449491973, 5.682546449491425, 5.68265085662907, 5.682650856635937, 5.682650856635139, 5.682650856627128, 5.682650856631266, 5.682650856628435, 5.682650856628776, 5.682650856630295, 5.682650856625603, 5.682650856629305, 5.682650856630811, 5.682650856631966, 5.682650856623903, 5.682650856632227, 5.682650856626552, 5.682650856629074, 5.682650856628881, 5.682650856627154, 5.682650856627493, 5.682650856629359, 5.682650856629741, 5.682885730129536, 5.6828857301292155, 5.682885730128472, 5.68288573012299, 5.682885730126476, 5.682885730127342, 5.682885730132934, 5.682885730130138, 5.682885730124626, 5.6828857301270945, 5.682885730129572, 5.682885730127496, 5.682885730129702, 5.682885730127456, 5.682885730132169, 5.682885730129539, 5.682885730131235, 5.682885730128954, 5.682885730129254, 5.682885730129306, 5.682885730128641, 5.683126312114312, 5.683126312113199, 5.683126312113397, 5.683126312110631, 5.683126312113848, 5.683126312114165, 5.683126312117845, 5.6831263121156095, 5.683126312109915, 5.683126312110227, 5.6831263121142825, 5.6831263121122655, 5.683126312115164, 5.683126312111625, 5.683126312118083, 5.683126312114308, 5.683126312115534, 5.683126312113359, 5.683126312113622, 5.683126312114254, 5.683126312114082, 5.68337453087058, 5.683374530873625, 5.683374530875337, 5.683374530873538, 5.683374530876994, 5.683374530874033, 5.68337453087055, 5.683374530873045, 5.683374530867989, 5.683374530866768, 5.683374530872067, 5.683374530872707, 5.6833745308672805, 5.683374530871992, 5.683374530871122, 5.683374530870575, 5.683374530869606, 5.683374530868828, 5.6833745308689245, 5.683374530871105, 5.68337453087227, 5.683668465546067, 5.6836684655439935, 5.68366846554659, 5.6836684655447565, 5.683668465547812, 5.683668465547182, 5.6836684655459, 5.683668465548856, 5.683668465545729, 5.68366846554375, 5.6836684655465515, 5.683668465545989, 5.683668465544837, 5.683668465545481, 5.683668465547199, 5.683668465546066, 5.683668465544786, 5.683668465547607, 5.683668465547322, 5.683668465545967, 5.683668465545573, 5.6838451249854876, 5.683845124979632, 5.68384512498204, 5.683845124980482, 5.683845124983226, 5.683845124984829, 5.683845124985021, 5.683845124987739, 5.683845124985622, 5.683845124984646, 5.683845124984668, 5.68384512498393, 5.68384512498618, 5.6838451249831605, 5.683845124986843, 5.683845124985498, 5.683845124984665, 5.683845124989411, 5.683845124988817, 5.683845124984941, 5.683845124983579, 5.6841102241529855, 5.684110224152804, 5.684110224154146, 5.684110224153562, 5.684110224156765, 5.6841102241556065, 5.684110224149581, 5.684110224154836, 5.684110224151657, 5.684110224153065, 5.684110224152566, 5.6841102241557335, 5.6841102241506904, 5.684110224153885, 5.684110224151164, 5.684110224152979, 5.684110224151702, 5.6841102241547015, 5.684110224154127, 5.684110224153113, 5.684110224153567, 5.68437517341122, 5.684375173412148, 5.684375173411587, 5.684375173412188, 5.684375173415399, 5.684375173414055, 5.684375173409038, 5.684375173413381, 5.684375173408991, 5.684375173412044, 5.684375173409812, 5.6843751734136045, 5.684375173411085, 5.684375173410403, 5.6843751734103, 5.684375173411223, 5.684375173410476, 5.6843751734115635, 5.684375173411085, 5.684375173411329, 5.684375173411917, 5.684600134412153, 5.684600134410479, 5.68460013440813, 5.684600134408897, 5.684600134411916, 5.684600134412471, 5.684600134413069, 5.684600134414337, 5.684600134409406, 5.6846001344139205, 5.684600134409766, 5.684600134411373, 5.684600134415848, 5.684600134407885, 5.684600134413778, 5.684600134412151, 5.684600134412396, 5.684600134412781, 5.684600134412217, 5.684600134411841, 5.684600134411418, 5.684893433767767, 5.684893433770063, 5.684893433767102, 5.6848934337662556, 5.684893433769969, 5.6848934337686705, 5.684893433767435, 5.684893433769048, 5.684893433763538, 5.684893433770643, 5.684893433767404, 5.684893433769279, 5.684893433767705, 5.684893433767224, 5.6848934337669155, 5.684893433767766, 5.684893433767281, 5.684893433767209, 5.684893433766463, 5.684893433767975, 5.684893433768637, 5.685139639921085, 5.68513963992441, 5.6851396399215375, 5.685139639919001, 5.685139639923087, 5.685139639921191, 5.685139639920547, 5.68513963992197, 5.685139639916675, 5.685139639924547, 5.685139639922376, 5.68513963992276, 5.685139639918856, 5.685139639922615, 5.685139639919261, 5.68513963992108, 5.68513963991977, 5.685139639920875, 5.685139639919759, 5.685139639921413, 5.685139639922092, 5.685417557492074, 5.685417557491314, 5.685417557488734, 5.685417557486225, 5.68541755748986, 5.685417557489844, 5.6854175574940555, 5.6854175574935395, 5.6854175574890276, 5.685417557494732, 5.685417557492971, 5.685417557489978, 5.6854175574927455, 5.685417557490815, 5.685417557493047, 5.685417557492073, 5.685417557490607, 5.685417557493624, 5.685417557492081, 5.6854175574918155, 5.685417557490929, 5.685749435268284, 5.68574943526941, 5.6857494352672955, 5.685749435266321, 5.685749435269876, 5.685749435268462, 5.685749435269366, 5.685749435269948, 5.685749435265072, 5.685749435268793, 5.685749435269499, 5.685749435267274, 5.685749435267967, 5.685749435268164, 5.685749435269125, 5.6857494352682805, 5.685749435266144, 5.685749435268928, 5.685749435267131, 5.685749435268274, 5.685749435268046, 5.686049209077637, 5.686049209080066, 5.686049209078261, 5.686049209079287, 5.68604920908261, 5.686049209080507, 5.686049209077036, 5.686049209078794, 5.68604920907336, 5.686049209075746, 5.68604920907866, 5.686049209078272, 5.686049209076285, 5.686049209078829, 5.68604920907787, 5.686049209077637, 5.686049209075617, 5.6860492090775825, 5.686049209075597, 5.686049209077939, 5.686049209078612, 5.686390075249722]
Total optimisation time observed during ADAM optimization: 115.937634 seconds
Median time per evaluation during ADAM optimization: 1.159662 seconds
5.686390075249722
QAOA optimisation for n=15 took 122.15 seconds; started at 1777588235.3679051 and finished at 1777588357.5204391
Finished QAOA for n=10 nodes, m=15 edges at 2026-05-01 00:32:37 on Apple M4. Time taken: 122.15 seconds. Hours: 0.03 hours. Peak RAM: 367.45 MB.
Unknown graph type for approximation ratio calculation; skipping approx ratio computation.
CSV writing for n=15 took 0.00 seconds; started at 1777588357.520443 and finished at 1777588357.521089
results: {15: 5.686390075249722}
durations: {10: 122.15253901481628}
Results saved to: logs/adam/qaoa_results_adam_20260430_200911.csv
Global end time: 1777588357.521096
Finalisation time: 0.00 seconds; started at 1777588357.521091 and finished at 1777588357.521098
Sum of all section times: 122.33 seconds
