2026-04-30 20:15:28.780 system_profiler[15217:1091029] hw.cpufamily: 0x6f5129ac
Starting QAOA benchmark with global start time: 1777572928.6501849
Benchmark parameters: {'optimiser': 'adam', 'circuit_type': 'hamqaoa', 'parameter_vector': [1, 1, 1], 'iterations_list': [50, 100, 200, 500], 'learning_rate_adam': 0.05, 'depth_list': [1, 2, 5, 10], 'n_start': 0, 'n_end': 30, 'singlet_injection': False, 'start_index_singlet': 0, 'warm_start': True, 'compare_with_010101': False, 'warm_start_correlations': False, 'init_QAOAparams_close_to_zero': False, 'use_correlations_as_initial_params': False, 'time_limit': 10800, 'failed_instance_termination_thrsh': 10, 'graph_generation_type': 'HOG', 'weighted': False, 'easiest_first': True, 'cpu_util_threshold': 90, 'debug': False, 'save_circuit_svg': False, 'rerun_exclude_finished_instances': False, 'optimiser_debug_iterations': 1, 'relative_graph_adjList_path': '/Users/julian_dev/Projects/MasterThesis/QAOA/HOG_graphs/list_27_graphs_adjacency_list.txt'}, Running QAOA with equal superposition
Benchmark run ID: 05c7cb88
Processor: Apple M4
Hostname: Mac-mini-som-tillhor-Julian.local
Total RAM (GB): 16.0
Physical cores: 10
Logical cores: 10
Python version: 3.13.1
Initialisation time: 0.15 seconds; started at {'initialisation': 0.1493382453918457} and finished at 1777572928.79953
Loaded HOG graph index 1 with 9 edges.
Instance generation for n=1 took 0.00 seconds; started at 1777572928.799534 and finished at 1777572928.799822
Running QAOA for n=6 nodes, m=9 edges...; Max iterations: 500
Warm-start: using parameter_vector=[1, 1, 1]
Warm-start: starting SDP solve for n_vertices=6
Starting SDP solve (solver preference: MOSEK, fallback: SCS) for n_vertices=6, matrix_dim=18, edges=9
Finished SDP solve with MOSEK. status=optimal. elapsed_seconds=0.03
Rounding...
n_vertices: 6 for n = 18
Using seed None to generate random matrix for x.
r_0: [ 0.58409668  0.24024078 -0.77531635]
Product state qubit 0: [[0.11234183+0.j         0.29204834-0.12012039j]
 [0.29204834+0.12012039j 0.88765817+0.j        ]]
Diagonal entries of product state 0: [0.11234183 0.88765817]
r_1: [-0.58409664 -0.24024165  0.77531611]
Product state qubit 1: [[ 0.88765805+0.j         -0.29204832+0.12012082j]
 [-0.29204832-0.12012082j  0.11234195+0.j        ]]
Diagonal entries of product state 1: [0.88765805 0.11234195]
r_2: [-0.5840973  -0.24024136  0.7753157 ]
Product state qubit 2: [[ 0.88765785+0.j         -0.29204865+0.12012068j]
 [-0.29204865-0.12012068j  0.11234215+0.j        ]]
Diagonal entries of product state 2: [0.88765785 0.11234215]
r_3: [-0.58409684 -0.24024161  0.77531597]
Product state qubit 3: [[ 0.88765799+0.j         -0.29204842+0.12012081j]
 [-0.29204842-0.12012081j  0.11234201+0.j        ]]
Diagonal entries of product state 3: [0.88765799 0.11234201]
r_4: [ 0.5840968   0.240242   -0.77531588]
Product state qubit 4: [[0.11234206+0.j       0.2920484 -0.120121j]
 [0.2920484 +0.120121j 0.88765794+0.j      ]]
Diagonal entries of product state 4: [0.11234206 0.88765794]
r_5: [ 0.58409703  0.24024137 -0.7753159 ]
Product state qubit 5: [[0.11234205+0.j         0.29204851-0.12012068j]
 [0.29204851+0.12012068j 0.88765795+0.j        ]]
Diagonal entries of product state 5: [0.11234205 0.88765795]
y_scalar: False
[-1, 1, 1, 1, -1, -1]
Hamiltonian equals product state? [[False False False False]
 [False False False False]
 [False False False False]
 [False False False False]]
Hamiltonian: [[ 0. +0.j  0. +0.j  0. +0.j  0. +0.j]
 [ 0. +0.j  0.5+0.j -0.5+0.j  0. +0.j]
 [ 0. +0.j -0.5+0.j  0.5+0.j  0. +0.j]
 [ 0. +0.j  0. +0.j  0. +0.j  0. +0.j]], product state: [[ 0.09972113+0.00000000e+00j -0.03280924+1.34945927e-02j
   0.25923906-1.06625832e-01j -0.07086327+7.01620451e-02j]
 [-0.03280924-1.34945927e-02j  0.0126207 +0.00000000e+00j
  -0.09972119-1.29230599e-07j  0.03280928-1.34945583e-02j]
 [ 0.25923906+1.06625832e-01j -0.09972119+1.29230599e-07j
   0.78793693+0.00000000e+00j -0.25923908+1.06626232e-01j]
 [-0.07086327-7.01620451e-02j  0.03280928+1.34945583e-02j
  -0.25923908-1.06626232e-01j  0.09972125+0.00000000e+00j]]
Hamiltonian equals product state? [[False False False False]
 [False False False False]
 [False False False False]
 [False False False False]]
Hamiltonian: [[ 0. +0.j  0. +0.j  0. +0.j  0. +0.j]
 [ 0. +0.j  0.5+0.j -0.5+0.j  0. +0.j]
 [ 0. +0.j -0.5+0.j  0.5+0.j  0. +0.j]
 [ 0. +0.j  0. +0.j  0. +0.j  0. +0.j]], product state: [[ 0.09972132+0.00000000e+00j  0.25923919-1.06626085e-01j
  -0.03280932+1.34946176e-02j -0.07086331+7.01621589e-02j]
 [ 0.25923919+1.06626085e-01j  0.78793667+0.00000000e+00j
  -0.0997213 +4.72855289e-08j -0.2592391 +1.06626190e-01j]
 [-0.03280932-1.34946176e-02j -0.0997213 -4.72855289e-08j
   0.01262073+0.00000000e+00j  0.03280932-1.34945997e-02j]
 [-0.07086331-7.01621589e-02j -0.2592391 -1.06626190e-01j
   0.03280932+1.34945997e-02j  0.09972128+0.00000000e+00j]]
Hamiltonian equals product state? [[False False False False]
 [False False False False]
 [False False False False]
 [False False False False]]
Hamiltonian: [[ 0. +0.j  0. +0.j  0. +0.j  0. +0.j]
 [ 0. +0.j  0.5+0.j -0.5+0.j  0. +0.j]
 [ 0. +0.j -0.5+0.j  0.5+0.j  0. +0.j]
 [ 0. +0.j  0. +0.j  0. +0.j  0. +0.j]], product state: [[ 0.09972112+0.00000000e+00j -0.03280925+1.34945907e-02j
   0.25923904-1.06625823e-01j -0.0708633 +7.01620518e-02j]
 [-0.03280925-1.34945907e-02j  0.01262071+0.00000000e+00j
  -0.09972121-1.12208582e-07j  0.0328093 -1.34945666e-02j]
 [ 0.25923904+1.06625823e-01j -0.09972121+1.12208582e-07j
   0.78793687+0.00000000e+00j -0.25923917+1.06626216e-01j]
 [-0.0708633 -7.01620518e-02j  0.0328093 +1.34945666e-02j
  -0.25923917-1.06626216e-01j  0.09972131+0.00000000e+00j]]
Hamiltonian equals product state? [[False False False False]
 [False False False False]
 [False False False False]
 [False False False False]]
Hamiltonian: [[ 0. +0.j  0. +0.j  0. +0.j  0. +0.j]
 [ 0. +0.j  0.5+0.j -0.5+0.j  0. +0.j]
 [ 0. +0.j -0.5+0.j  0.5+0.j  0. +0.j]
 [ 0. +0.j  0. +0.j  0. +0.j  0. +0.j]], product state: [[ 0.09972133+0.00000000e+00j  0.25923909-1.06626363e-01j
  -0.03280932+1.34946190e-02j -0.07086324+7.01622369e-02j]
 [ 0.25923909+1.06626363e-01j  0.78793666+0.00000000e+00j
  -0.0997213 -5.78086843e-08j -0.2592391 +1.06626188e-01j]
 [-0.03280932-1.34946190e-02j -0.0997213 +5.78086843e-08j
   0.01262073+0.00000000e+00j  0.03280931-1.34946349e-02j]
 [-0.07086324-7.01622369e-02j -0.2592391 -1.06626188e-01j
   0.03280931+1.34946349e-02j  0.09972128+0.00000000e+00j]]
Hamiltonian equals product state? [[False False False False]
 [False False False False]
 [False False False False]
 [False False False False]]
Hamiltonian: [[ 0. +0.j  0. +0.j  0. +0.j  0. +0.j]
 [ 0. +0.j  0.5+0.j -0.5+0.j  0. +0.j]
 [ 0. +0.j -0.5+0.j  0.5+0.j  0. +0.j]
 [ 0. +0.j  0. +0.j  0. +0.j  0. +0.j]], product state: [[ 0.09972132+0.00000000e+00j  0.25923921-1.06626093e-01j
  -0.03280931+1.34946195e-02j -0.07086328+7.01621521e-02j]
 [ 0.25923921+1.06626093e-01j  0.78793673+0.00000000e+00j
  -0.09972127+6.43075774e-08j -0.25923901+1.06626205e-01j]
 [-0.03280931-1.34946195e-02j -0.09972127-6.43075774e-08j
   0.01262072+0.00000000e+00j  0.0328093 -1.34945914e-02j]
 [-0.07086328-7.01621521e-02j -0.25923901-1.06626205e-01j
   0.0328093 +1.34945914e-02j  0.09972122+0.00000000e+00j]]
Hamiltonian equals product state? [[False False False False]
 [False False False False]
 [False False False False]
 [False False False False]]
Hamiltonian: [[ 0. +0.j  0. +0.j  0. +0.j  0. +0.j]
 [ 0. +0.j  0.5+0.j -0.5+0.j  0. +0.j]
 [ 0. +0.j -0.5+0.j  0.5+0.j  0. +0.j]
 [ 0. +0.j  0. +0.j  0. +0.j  0. +0.j]], product state: [[ 0.0997213 +0.00000000e+00j  0.25923915-1.06626068e-01j
  -0.03280934+1.34946034e-02j -0.0708634 +7.01621500e-02j]
 [ 0.25923915+1.06626068e-01j  0.78793655+0.00000000e+00j
  -0.09972135-1.74677440e-08j -0.25923931+1.06626078e-01j]
 [-0.03280934-1.34946034e-02j -0.09972135+1.74677440e-08j
   0.01262075+0.00000000e+00j  0.03280936-1.34946161e-02j]
 [-0.0708634 -7.01621500e-02j -0.25923931-1.06626078e-01j
   0.03280936+1.34946161e-02j  0.0997214 +0.00000000e+00j]]
Hamiltonian equals product state? [[False False False False]
 [False False False False]
 [False False False False]
 [False False False False]]
Hamiltonian: [[ 0. +0.j  0. +0.j  0. +0.j  0. +0.j]
 [ 0. +0.j  0.5+0.j -0.5+0.j  0. +0.j]
 [ 0. +0.j -0.5+0.j  0.5+0.j  0. +0.j]
 [ 0. +0.j  0. +0.j  0. +0.j  0. +0.j]], product state: [[ 0.09972134+0.00000000e+00j  0.25923911-1.06626371e-01j
  -0.03280931+1.34946210e-02j -0.07086321+7.01622301e-02j]
 [ 0.25923911+1.06626371e-01j  0.78793672+0.00000000e+00j
  -0.09972128-4.07866067e-08j -0.25923901+1.06626204e-01j]
 [-0.03280931-1.34946210e-02j -0.09972128+4.07866067e-08j
   0.01262073+0.00000000e+00j  0.03280929-1.34946266e-02j]
 [-0.07086321-7.01622301e-02j -0.25923901-1.06626204e-01j
   0.03280929+1.34946266e-02j  0.09972122+0.00000000e+00j]]
Hamiltonian equals product state? [[False False False False]
 [False False False False]
 [False False False False]
 [False False False False]]
Hamiltonian: [[ 0. +0.j  0. +0.j  0. +0.j  0. +0.j]
 [ 0. +0.j  0.5+0.j -0.5+0.j  0. +0.j]
 [ 0. +0.j -0.5+0.j  0.5+0.j  0. +0.j]
 [ 0. +0.j  0. +0.j  0. +0.j  0. +0.j]], product state: [[ 0.0997211 +0.00000000e+00j -0.03280928+1.34945766e-02j
   0.259239  -1.06625807e-01j -0.07086338+7.01620430e-02j]
 [-0.03280928-1.34945766e-02j  0.01262072+0.00000000e+00j
  -0.09972127-4.74554001e-08j  0.03280934-1.34945830e-02j]
 [ 0.259239  +1.06625807e-01j -0.09972127+4.74554001e-08j
   0.78793675+0.00000000e+00j -0.25923937+1.06626105e-01j]
 [-0.07086338-7.01620430e-02j  0.03280934+1.34945830e-02j
  -0.25923937-1.06626105e-01j  0.09972143+0.00000000e+00j]]
Hamiltonian equals product state? [[False False False False]
 [False False False False]
 [False False False False]
 [False False False False]]
Hamiltonian: [[ 0. +0.j  0. +0.j  0. +0.j  0. +0.j]
 [ 0. +0.j  0.5+0.j -0.5+0.j  0. +0.j]
 [ 0. +0.j -0.5+0.j  0.5+0.j  0. +0.j]
 [ 0. +0.j  0. +0.j  0. +0.j  0. +0.j]], product state: [[ 0.09972131+0.00000000e+00j  0.25923905-1.06626347e-01j
  -0.03280935+1.34946049e-02j -0.07086333+7.01622281e-02j]
 [ 0.25923905+1.06626347e-01j  0.78793654+0.00000000e+00j
  -0.09972136-1.22562016e-07j -0.2592393 +1.06626076e-01j]
 [-0.03280935-1.34946049e-02j -0.09972136+1.22562016e-07j
   0.01262075+0.00000000e+00j  0.03280935-1.34946513e-02j]
 [-0.07086333-7.01622281e-02j -0.2592393 -1.06626076e-01j
   0.03280935+1.34946513e-02j  0.0997214 +0.00000000e+00j]]
Energy of rounded cut: 4.499999999999455
Check the cut: [-1, 1, 1, 1, -1, -1]
9 in cut out of a total of 9 edges
Warm-start: SDP solve + rounding finished in 0.04 seconds
Warm-start: statevector build finished in 0.00 seconds
warm_start_correlations: None
Edges: [(0, 1), (3, 5), (0, 3), (3, 4), (1, 5), (2, 5), (1, 4), (0, 2), (2, 4)], weights: [1.0, 1.0, 1.0, 1.0, 1.0, 1.0, 1.0, 1.0, 1.0], set of nodes: {0, 1, 2, 3, 4, 5}, n: 6 nodes, p: 1 layers, N_bayes: 500 iterations
Initial state injected as warm start
Initial state energy for vector-normalised SDP solution used as warm start: 2.5000000000000586
Running ADAM optimization with a single iteration (no debug loop)
ADAM optimizer configured with maxiter=500 and learning_rate=0.05
Generated 4 random initial parameter sets for ADAM optimization
Using random initial parameters with:
Param_type 1:  [-2.67467714]
Param_type 2:  [-1.56424318]
Param_type 3:  [3.05126708]
Param_type 4:  [-1.2552796]
Energies observed during ADAM optimization: [2.666179774928478, 2.6661797749423957, 2.666179774906724, 2.6661797749284792, 2.666179774888729, 2.69622221054552, 2.696222210551774, 2.696222210534545, 2.696222210545522, 2.6962222105166753, 2.7133017221615625, 2.7133017221646685, 2.7133017221570794, 2.713301722161565, 2.7133017221429427, 2.7222428229301032, 2.7222428229339513, 2.722242822928545, 2.722242822930101, 2.7222428229211832, 2.7265768450365897, 2.7265768450418952, 2.726576845035792, 2.7265768450365897, 2.7265768450353414, 2.728572577062114, 2.728572577066804, 2.728572577061139, 2.728572577062111, 2.7285725770649933, 2.729107791876288, 2.729107791877346, 2.7291077918750033, 2.7291077918762854, 2.7291077918799256, 2.7280639397653954, 2.7280639397613733, 2.7280639397641457, 2.728063939765394, 2.7280639397687607, 2.7259745268962545, 2.72597452688926, 2.7259745268955453, 2.7259745268962554, 2.725974526901835, 2.723942775939334, 2.7239427759327315, 2.7239427759393733, 2.723942775939336, 2.723942775949997, 2.722580023691874, 2.722580023687096, 2.7225800236924216, 2.722580023691874, 2.7225800237075757, 2.722488867895351, 2.722488867891996, 2.7224888678959154, 2.7224888678953496, 2.7224888679135044, 2.723850320230122, 2.7238503202271342, 2.7238503202302864, 2.7238503202301225, 2.7238503202473425, 2.726105822261703, 2.7261058222583796, 2.7261058222613133, 2.726105822261703, 2.726105822275153, 2.7283631753809314, 2.7283631753773663, 2.7283631753801356, 2.7283631753809297, 2.728363175388967, 2.72987081041241, 2.729870810409416, 2.729870810411638, 2.729870810412407, 2.7298708104146616, 2.7302430840016525, 2.73024308400036, 2.7302430840014575, 2.730243084001651, 2.730243083998786, 2.7295332477536154, 2.7295332477548655, 2.7295332477544183, 2.7295332477536127, 2.7295332477469065, 2.728247476754726, 2.728247476758535, 2.7282474767566036, 2.7282474767547273, 2.728247476745527, 2.7271827033389333, 2.7271827033443397, 2.7271827033415303, 2.727182703338932, 2.7271827033283333, 2.7269537438766505, 2.7269537438822757, 2.7269537438793843, 2.726953743876652, 2.7269537438656086, 2.727610934888219, 2.727610934892839, 2.7276109348905146, 2.7276109348882245, 2.727610934877753, 2.7287283648150527, 2.7287283648179277, 2.728728364816547, 2.728728364815051, 2.7287283648062397, 2.729750524105683, 2.729750524106673, 2.729750524106308, 2.7297505241056848, 2.7297505240995834, 2.7302890739765107, 2.730289073976011, 2.7302890739764334, 2.7302890739765124, 2.730289073973971, 2.7302444624932862, 2.730244462491948, 2.7302444624927893, 2.7302444624932884, 2.7302444624947095, 2.72978179296797, 2.729781792966321, 2.7297817929673034, 2.729781792967972, 2.729781792973063, 2.7292311382830223, 2.729231138281245, 2.7292311382823247, 2.729231138283021, 2.729231138290703, 2.7289158299039618, 2.728915829901949, 2.7289158299032668, 2.72891582990396, 2.728915829912656, 2.728980208902343, 2.7289802088999777, 2.7289802089016235, 2.7289802089023434, 2.728980208910459, 2.7293523921234, 2.729352392120852, 2.7293523921226597, 2.729352392123401, 2.7293523921297806, 2.7298347356226635, 2.729834735620385, 2.729834735621966, 2.7298347356226653, 2.729834735626733, 2.730213641209954, 2.7302136412085236, 2.730213641209428, 2.7302136412099567, 2.7302136412116655, 2.730344795568052, 2.73034479556789, 2.7303447955678344, 2.7303447955680507, 2.73034479556765, 2.7302166302510917, 2.7302166302522126, 2.7302166302512645, 2.730216630251092, 2.7302166302488935, 2.729957379895092, 2.7299573798970997, 2.7299573798956134, 2.729957379895091, 2.7299573798914025, 2.7297509048185318, 2.729750904820811, 2.7297509048192534, 2.729750904818531, 2.72975090481375, 2.729719036609307, 2.7297190366113036, 2.729719036610037, 2.7297190366093043, 2.7297190366040174, 2.729865491709333, 2.729865491710752, 2.7298654917098917, 2.72986549170933, 2.729865491704349, 2.7300971259404676, 2.7300971259412936, 2.7300971259407625, 2.7300971259404694, 2.730097125936662, 2.730287649133266, 2.730287649133645, 2.730287649133278, 2.730287649133267, 2.7302876491313204, 2.7303500767466655, 2.730350076746711, 2.730350076746435, 2.7303500767466664, 2.73035007674682, 2.7302834887968634, 2.730283488796561, 2.730283488796459, 2.730283488796862, 2.730283488798856, 2.7301612418421324, 2.730161241841395, 2.7301612418416155, 2.730161241842135, 2.7301612418453125, 2.730073363733597, 2.7300733637324046, 2.7300733637330215, 2.730073363733592, 2.730073363737192, 2.730074013763784, 2.730074013762347, 2.7300740137632, 2.730074013763784, 2.730074013767153, 2.7301595608944735, 2.7301595608931524, 2.730159560893929, 2.7301595608944744, 2.730159560897198, 2.7302765204934665, 2.730276520492632, 2.7302765204930233, 2.730276520493466, 2.7302765204953006, 2.7303570854749633, 2.730357085474814, 2.730357085474677, 2.7303570854749664, 2.7303570854757404, 2.7303650225661875, 2.730365022566637, 2.730365022566076, 2.730365022566189, 2.7303650225657856, 2.7303155484330737, 2.7303155484338717, 2.730315548433125, 2.730315548433074, 2.7303155484315105, 2.7302575120470793, 2.7302575120479653, 2.730257512047238, 2.7302575120470807, 2.7302575120446133, 2.730238558310176, 2.730238558310992, 2.730238558310359, 2.7302385583101754, 2.730238558307336, 2.730273959169007, 2.7302739591697045, 2.7302739591691436, 2.7302739591690055, 2.730273959166443, 2.7303383676216413, 2.730338367622205, 2.73033836762167, 2.7303383676216417, 2.7303383676199204, 2.7303886663565313, 2.730388666356877, 2.730388666356439, 2.7303886663565335, 2.7303886663559354, 2.730398342214028, 2.7303983422140554, 2.7303983422138107, 2.7303983422140283, 2.73039834221452, 2.730373735969257, 2.730373735968888, 2.7303737359689406, 2.7303737359692537, 2.7303737359705496, 2.7303443775529606, 2.7303443775522807, 2.730344377552593, 2.730344377552961, 2.7303443775546916, 2.730339187196461, 2.730339187195675, 2.7303391871960767, 2.730339187196461, 2.7303391871982687, 2.7303648700367296, 2.7303648700360936, 2.7303648700363823, 2.7303648700367296, 2.730364870038302, 2.730402768427364, 2.7304027684270507, 2.7304027684270893, 2.7304027684273637, 2.7304027684284153, 2.7304270129991357, 2.730427012999187, 2.7304270129989567, 2.730427012999134, 2.730427012999438, 2.730426179145572, 2.7304261791458817, 2.7304261791454887, 2.73042617914557, 2.730426179145041, 2.7304104560136726, 2.7304104560140945, 2.7304104560136557, 2.730410456013673, 2.730410456012435, 2.7304008175025807, 2.730400817503032, 2.730400817502601, 2.7304008175025816, 2.7304008175009837, 2.7304103348075452, 2.7304103348079796, 2.7304103348075546, 2.730410334807544, 2.7304103348060513, 2.730433192213767, 2.730433192214125, 2.73043319221373, 2.7304331922137677, 2.7304331922127703, 2.7304522657622634, 2.730452265762453, 2.7304522657621617, 2.7304522657622607, 2.730452265761964, 2.7304561788338533, 2.7304561788338146, 2.7304561788336805, 2.730456178833853, 2.7304561788342347, 2.7304487162884494, 2.730448716288157, 2.730448716288223, 2.730448716288447, 2.730448716289306, 2.7304434310415435, 2.7304434310411025, 2.730443431041293, 2.7304434310415457, 2.730443431042616, 2.7304499712007413, 2.7304499712003367, 2.7304499712004953, 2.7304499712007386, 2.7304499712017614, 2.730464978707315, 2.730464978707089, 2.7304649787071122, 2.7304649787073147, 2.73046497870804, 2.730477125863727, 2.730477125863737, 2.730477125863584, 2.7304771258637257, 2.730477125863966, 2.730479479520004, 2.7304794795201923, 2.730479479519918, 2.7304794795200045, 2.730479479519682, 2.730475765634014, 2.730475765634279, 2.730475765633965, 2.7304757656340115, 2.7304757656332295, 2.7304752250844224, 2.7304752250846978, 2.7304752250843936, 2.7304752250844246, 2.73047522508344, 2.73048245538492, 2.7304824553851463, 2.730482455384874, 2.730482455384919, 2.7304824553840716, 2.7304928424398183, 2.7304928424399786, 2.7304928424397414, 2.7304928424398205, 2.730492842439385, 2.7304988245123374, 2.7304988245123742, 2.730498824512221, 2.7304988245123356, 2.730498824512407, 2.730498694737946, 2.730498694737842, 2.730498694737795, 2.730498694737945, 2.73049869473843, 2.7304976155146257, 2.7304976155143903, 2.7304976155144502, 2.7304976155146234, 2.7304976155153056, 2.7305009972565166, 2.730500997256262, 2.730500997256347, 2.7305009972565157, 2.730500997257158, 2.730508218216102, 2.7305082182159444, 2.7305082182159515, 2.7305082182160993, 2.730508218216524, 2.730514130874636, 2.7305141308746466, 2.7305141308745284, 2.7305141308746372, 2.730514130874722, 2.7305157500205803, 2.7305157500207318, 2.7305157500205057, 2.7305157500205812, 2.7305157500203014, 2.730515654984782, 2.730515654984981, 2.730515654984733, 2.7305156549847847, 2.730515654984242, 2.7305179349530055, 2.7305179349531756, 2.730517934952954, 2.730517934953006, 2.730517934952399, 2.7305230614552443, 2.7305230614553464, 2.730523061455175, 2.7305230614552416, 2.730523061454809, 2.7305277166215367, 2.7305277166215633, 2.730527716621446, 2.7305277166215407, 2.73052771662144, 2.730529529507197, 2.7305295295071597, 2.7305295295070864, 2.7305295295072005, 2.7305295295074448, 2.7305300999629285, 2.730530099962826, 2.730530099962801, 2.7305300999629294, 2.730530099963375, 2.730532288252738, 2.7305322882526015, 2.730532288252611, 2.730532288252739, 2.730532288253182, 2.730536282782524, 2.7305362827824196, 2.7305362827824147, 2.7305362827825244, 2.73053628278279, 2.7305397317929114, 2.7305397317929017, 2.7305397317928213, 2.73053973179291, 2.7305397317929194, 2.730541293706535, 2.730541293706616, 2.7305412937064655, 2.7305412937065343, 2.730541293706303, 2.7305423341438466, 2.730542334143991, 2.73054233414379, 2.730542334143847, 2.730542334143489, 2.7305446475965858, 2.730544647596715, 2.7305446475965307, 2.730544647596585, 2.7305446475962425, 2.7305478368418683, 2.7305478368419216, 2.7305478368418004, 2.7305478368418696, 2.730547836841671, 2.7305502235772914, 2.7305502235772625, 2.7305502235772057, 2.730550223577291, 2.730550223577309, 2.730551482210792, 2.730551482210721, 2.7305514822106978, 2.730551482210792, 2.7305514822110104, 2.7305528684287643, 2.7305528684287004, 2.7305528684286644, 2.7305528684287634, 2.730552868429082, 2.7305552061555627, 2.730555206155515, 2.7305552061554708, 2.7305552061555614, 2.7305552061558083, 2.730557673740639, 2.7305576737406256, 2.7305576737405595, 2.7305576737406385, 2.730557673740696, 2.730559301310026, 2.730559301310058, 2.730559301309957, 2.7305593013100244, 2.7305593013098854, 2.7305605106357826, 2.73056051063585, 2.730560510635724, 2.730560510635783, 2.7305605106355264, 2.7305622268508234, 2.730562226850906, 2.7305622268507643, 2.730562226850824, 2.730562226850584, 2.7305643622414273, 2.730564362241481, 2.7305643622413642, 2.7305643622414277, 2.7305643622413194, 2.730566093224411, 2.7305660932244087, 2.730566093224341, 2.7305660932244114, 2.730566093224457, 2.7305673138289306, 2.730567313828874, 2.7305673138288515, 2.7305673138289324, 2.730567313829093, 2.7305687078487786, 2.7305687078487186, 2.7305687078486978, 2.7305687078487777, 2.7305687078489678, 2.7305704803372355, 2.7305704803372133, 2.730570480337162, 2.7305704803372377, 2.7305704803373567, 2.7305721057302557, 2.7305721057302765, 2.730572105730193, 2.7305721057302557, 2.730572105730249, 2.7305733421560574, 2.7305733421561027, 2.7305733421560068, 2.730573342156061, 2.7305733421559353, 2.730574560854442, 2.7305745608544827, 2.730574560854388, 2.7305745608544427, 2.7305745608542638, 2.730576040418948, 2.7305760404189776, 2.730576040418891, 2.730576040418949, 2.7305760404188177, 2.730577495025421, 2.73057749502543, 2.73057749502536, 2.730577495025419, 2.7305774950254045, 2.7305786699538634, 2.7305786699538577, 2.7305786699537955, 2.7305786699538626, 2.7305786699539594, 2.730579804941503, 2.73057980494148, 2.730579804941439, 2.7305798049415033, 2.7305798049416405, 2.730581106210581, 2.7305811062105545, 2.730581106210516, 2.7305811062105816, 2.7305811062106735, 2.730582398061277, 2.730582398061275, 2.7305823980612183, 2.730582398061278, 2.7305823980612756, 2.7305835003974117, 2.730583500397435, 2.7305835003973593, 2.7305835003974086, 2.730583500397326, 2.7305845679726355, 2.730584567972676, 2.730584567972586, 2.730584567972636, 2.7305845679725254, 2.730585734221595, 2.730585734221617, 2.7305857342215396, 2.7305857342215942, 2.730585734221519, 2.7305868707082057, 2.7305868707082146, 2.7305868707081493, 2.7305868707082057, 2.730586870708206, 2.7305878865664654, 2.730587886566458, 2.730587886566409, 2.730587886566469, 2.7305878865665263, 2.73058888682276, 2.7305888868227344, 2.730588886822702, 2.73058888682276, 2.7305888868228356, 2.7305899467954413, 2.7305899467954324, 2.7305899467953862, 2.730589946795439, 2.730589946795495, 2.7305909659358667, 2.7305909659358774, 2.730590965935821, 2.730590965935869, 2.730590965935856, 2.730591885897612, 2.730591885897643, 2.730591885897568, 2.7305918858976117, 2.730591885897552, 2.730592807347763, 2.7305928073477763, 2.7305928073477213, 2.7305928073477617, 2.7305928073476875, 2.7305937468637715, 2.7305937468637773, 2.730593746863727, 2.730593746863773, 2.730593746863727, 2.7305946326219868, 2.73059463262199, 2.730594632621934, 2.7305946326219863, 2.730594632622006, 2.730595468337648, 2.73059546833765, 2.730595468337599, 2.7305954683376474, 2.7305954683377074, 2.7305963183186153, 2.73059631831861, 2.7305963183185664, 2.7305963183186135, 2.730596318318668, 2.730597170581639, 2.730597170581624, 2.730597170581589, 2.730597170581639, 2.7305971705816408, 2.7305979820727044, 2.730597982072718, 2.73059798207266, 2.730597982072702, 2.7305979820726702, 2.7305987641335228, 2.730598764133543, 2.73059876413348, 2.7305987641335228, 2.730598764133477, 2.730599553086529, 2.730599553086542, 2.730599553086488, 2.7305995530865297, 2.7305995530864977, 2.730600321185626, 2.730600321185629, 2.730600321185584, 2.7306003211856256, 2.7306003211856256, 2.730601051521752, 2.7306010515217496, 2.730601051521707, 2.730601051521751, 2.7306010515217816, 2.7306017731182375, 2.7306017731182295, 2.7306017731181953, 2.730601773118239, 2.7306017731182677, 2.7306024886620364, 2.7306024886620373, 2.730602488661994, 2.7306024886620377, 2.7306024886620492, 2.7306031781844937, 2.7306031781845057, 2.730603178184452, 2.730603178184496, 2.730603178184476, 2.7306038497786953, 2.7306038497787077, 2.730603849778658, 2.7306038497786935, 2.730603849778663, 2.73060451475745, 2.7306045147574545, 2.730604514757412, 2.730604514757448, 2.730604514757423, 2.7306051636578066, 2.730605163657812, 2.730605163657769, 2.7306051636578115, 2.7306051636578066, 2.7306057863081743, 2.7306057863081707, 2.730605786308134, 2.730605786308173, 2.730605786308197, 2.7306064019604057, 2.730606401960401, 2.7306064019603675, 2.730606401960408, 2.7306064019604332, 2.730607008849135, 2.7306070088491423, 2.730607008849097, 2.7306070088491357, 2.7306070088491414, 2.7306075943952797, 2.7306075943952943, 2.7306075943952415, 2.7306075943952823, 2.730607594395259, 2.7306081710023995, 2.7306081710024013, 2.7306081710023613, 2.730608171002399, 2.730608171002368, 2.730608745705739, 2.730608745705737, 2.7306087457057022, 2.730608745705737, 2.7306087457057218, 2.730609303188733, 2.730609303188739, 2.7306093031886967, 2.7306093031887317, 2.7306093031887446, 2.7306098441497286, 2.730609844149738, 2.7306098441496927, 2.7306098441497304, 2.7306098441497557, 2.730610382839074, 2.730610382839076, 2.730610382839041, 2.7306103828390764, 2.730610382839086, 2.7306109029846426, 2.7306109029846346, 2.730610902984608, 2.7306109029846404, 2.730610902984633, 2.7306114096985112, 2.730611409698521, 2.7306114096984775, 2.730611409698511, 2.730611409698494, 2.730611907719365, 2.7306119077193705, 2.7306119077193354, 2.7306119077193656, 2.73061190771935, 2.7306123923935752, 2.73061239239358, 2.730612392393543, 2.7306123923935743, 2.7306123923935712, 2.7306128635118343, 2.7306128635118334, 2.7306128635117988, 2.730612863511836, 2.7306128635118436, 2.7306133274976325, 2.730613327497639, 2.730613327497603, 2.730613327497635, 2.730613327497645, 2.730613780213305, 2.730613780213308, 2.7306137802132753, 2.7306137802133073, 2.730613780213308, 2.7306142189713185, 2.7306142189713163, 2.7306142189712874, 2.7306142189713185, 2.73061421897131, 2.730614648354056, 2.7306146483540523, 2.730614648354028, 2.7306146483540576, 2.730614648354044, 2.7306150633950574, 2.730615063395073, 2.7306150633950272, 2.7306150633950557, 2.730615063395054, 2.7306154745070605, 2.7306154745070654, 2.7306154745070317, 2.730615474507059, 2.730615474507062, 2.7306158750185157, 2.7306158750185205, 2.7306158750184895, 2.7306158750185174, 2.7306158750185245, 2.7306162613150957, 2.7306162613150944, 2.7306162613150664, 2.730616261315096, 2.730616261315094, 2.730616639575743, 2.7306166395757314, 2.730616639575712, 2.730616639575741, 2.730616639575733, 2.7306170165405073, 2.7306170165405144, 2.7306170165404797, 2.73061701654051, 2.7306170165405095, 2.7306173795314232, 2.730617379531442, 2.730617379531397, 2.7306173795314206, 2.73061737953143, 2.7306177391872417, 2.73061773918724, 2.730617739187214, 2.730617739187243, 2.7306177391872377, 2.73061808707743, 2.7306180870774206, 2.730618087077403, 2.7306180870774277, 2.7306180870774206, 2.7306184295912326, 2.7306184295912352, 2.730618429591206, 2.7306184295912317, 2.730618429591229, 2.7306187602385554, 2.730618760238569, 2.730618760238529, 2.730618760238555, 2.730618760238562, 2.7306190903734766, 2.730619090373488, 2.7306190903734513, 2.7306190903734744, 2.730619090373482, 2.730619408749893, 2.73061940874988, 2.7306194087498676, 2.7306194087498916, 2.7306194087498854, 2.7306197223954896, 2.730619722395482, 2.7306197223954642, 2.7306197223954904, 2.730619722395487, 2.730620026247446, 2.7306200262474594, 2.730620026247423, 2.730620026247443, 2.730620026247448, 2.7306203226513865, 2.730620322651399, 2.730620322651362, 2.730620322651389, 2.7306203226513883, 2.730620615369532, 2.7306206153695296, 2.730620615369507, 2.730620615369533, 2.7306206153695283, 2.730620899025168, 2.7306208990251593, 2.7306208990251464, 2.7306208990251655, 2.7306208990251615, 2.73062117567159, 2.7306211756715952, 2.7306211756715673, 2.7306211756715904, 2.7306211756715904, 2.730621443105324, 2.7306214431053344, 2.7306214431052984, 2.7306214431053215, 2.730621443105331, 2.7306217107029727, 2.7306217107029758, 2.7306217107029487, 2.730621710702974, 2.7306217107029767, 2.730621971060914, 2.7306219710609083, 2.7306219710608923, 2.730621971060911, 2.730621971060908, 2.7306222252022554, 2.7306222252022567, 2.7306222252022314, 2.7306222252022554, 2.7306222252022536, 2.7306224740801355, 2.7306224740801444, 2.7306224740801133, 2.7306224740801364, 2.7306224740801293, 2.7306227189519823, 2.7306227189519863, 2.730622718951962, 2.730622718951981, 2.7306227189519814, 2.730622955484931, 2.7306229554849284, 2.73062295548491, 2.7306229554849324, 2.730622955484932, 2.730623186020552, 2.730623186020549, 2.7306231860205306, 2.730623186020551, 2.7306231860205554, 2.73062341134587, 2.730623411345876, 2.7306234113458507, 2.7306234113458685, 2.730623411345878, 2.7306236298706517, 2.7306236298706508, 2.730623629870632, 2.730623629870652, 2.730623629870649, 2.73062384048935, 2.73062384048936, 2.730623840489332, 2.730623840489346, 2.7306238404893364, 2.7306240484221767, 2.73062404842218, 2.730624048422159, 2.7306240484221758, 2.7306240484221713, 2.73062424591463, 2.7306242459146213, 2.7306242459146093, 2.730624245914628, 2.7306242459146373, 2.730624442558668, 2.730624442558665, 2.730624442558648, 2.730624442558665, 2.730624442558679, 2.7306246321537344, 2.730624632153754, 2.7306246321537184, 2.7306246321537326, 2.7306246321537384, 2.730624818970634, 2.730624818970635, 2.730624818970614, 2.730624818970633, 2.730624818970617, 2.7306249983308777, 2.7306249983308617, 2.730624998330854, 2.7306249983308764, 2.7306249983308692, 2.730625182259714, 2.7306251822597174, 2.730625182259698, 2.730625182259712, 2.7306251822597214, 2.730625350266091, 2.7306253502661124, 2.730625350266075, 2.730625350266092, 2.730625350266105, 2.7306255271890185, 2.730625527189018, 2.730625527189004, 2.7306255271890203, 2.7306255271890194, 2.730625683471465, 2.730625683471444, 2.730625683471451, 2.730625683471466, 2.730625683471448, 2.730625844265157, 2.7306258442651647, 2.7306258442651394, 2.7306258442651528, 2.730625844265153, 2.730625991551535, 2.730625991551555, 2.7306259915515207, 2.7306259915515367, 2.730625991551545, 2.7306261451632756, 2.730626145163272, 2.730626145163261, 2.7306261451632774, 2.730626145163279, 2.7306262849191603, 2.730626284919147, 2.7306262849191443, 2.730626284919157, 2.7306262849191563, 2.7306264267207014, 2.730626426720703, 2.7306264267206863, 2.730626426720701, 2.7306264267206988, 2.7306265576068367, 2.730626557606858, 2.7306265576068234, 2.7306265576068354, 2.7306265576068345, 2.730626691836637, 2.730626691836628, 2.730626691836624, 2.7306266918366404, 2.730626691836637, 2.7306268166080008, 2.730626816607987, 2.730626816607982, 2.7306268166079963, 2.7306268166080057, 2.7306269385357416, 2.730626938535758, 2.730626938535728, 2.7306269385357402, 2.730626938535746, 2.730627061769304, 2.7306270617693214, 2.7306270617692925, 2.7306270617693085, 2.7306270617692983, 2.7306271734185183, 2.7306271734184913, 2.7306271734185015, 2.7306271734185197, 2.730627173418509, 2.730627296009352, 2.7306272960093523, 2.7306272960093376, 2.7306272960093523, 2.730627296009354, 2.7306273983467038, 2.73062739834673, 2.730627398346695, 2.730627398346702, 2.7306273983467135, 2.7306275142767573, 2.7306275142767524, 2.7306275142767475, 2.730627514276757, 2.73062751427676, 2.7306276100943103, 2.7306276100942837, 2.730627610094297, 2.730627610094313, 2.730627610094298, 2.730627704950798, 2.7306277049508196, 2.7306277049507868, 2.730627704950796, 2.730627704950797, 2.7306278015664405, 2.730627801566466, 2.73062780156643, 2.7306278015664427, 2.7306278015664467, 2.730627888247333, 2.7306278882473, 2.7306278882473185, 2.7306278882473323, 2.7306278882473327, 2.7306279905695483, 2.7306279905695416, 2.7306279905695345, 2.7306279905695483, 2.730627990569545, 2.7306280657623407, 2.7306280657623776, 2.7306280657623345, 2.7306280657623403, 2.730628065762346, 2.730628162763471, 2.730628162763462, 2.7306281627634608, 2.730628162763468, 2.730628162763465, 2.730628235898544, 2.7306282358985166, 2.730628235898533, 2.7306282358985463, 2.7306282358985423, 2.730628315998446, 2.7306283159984686, 2.730628315998437, 2.7306283159984472, 2.7306283159984543, 2.7306283938840847, 2.7306283938841025, 2.7306283938840767, 2.7306283938840847, 2.730628393884087, 2.7306284590349588, 2.730628459034931, 2.7306284590349468, 2.730628459034962, 2.7306284590349477, 2.7306285389442415, 2.730628538944245, 2.730628538944229, 2.7306285389442433, 2.7306285389442393, 2.7306286039167635, 2.730628603916782, 2.730628603916756, 2.7306286039167644, 2.730628603916769, 2.730628674858462, 2.7306286748584587, 2.7306286748584516, 2.730628674858461, 2.7306286748584676, 2.7306287365252575, 2.7306287365252433, 2.7306287365252486, 2.730628736525259, 2.730628736525252, 2.7306288015157105, 2.7306288015157185, 2.730628801515698, 2.7306288015157123, 2.7306288015157074, 2.730628862275268, 2.73062886227528, 2.730628862275263, 2.7306288622752657, 2.7306288622752697, 2.730628921500109, 2.730628921500102, 2.7306289215000983, 2.7306289215001085, 2.730628921500108, 2.730628978366318, 2.730628978366307, 2.7306289783663082, 2.7306289783663207, 2.7306289783663256, 2.7306290306282515, 2.7306290306282714, 2.7306290306282412, 2.73062903062825, 2.730629030628245, 2.730629089864959, 2.730629089864957, 2.7306290898649475, 2.730629089864958, 2.730629089864953, 2.7306291427580147, 2.730629142758001, 2.730629142758006, 2.7306291427580156, 2.7306291427580196, 2.730629193544022, 2.7306291935440385, 2.730629193544016, 2.7306291935440212, 2.73062919354403, 2.7306292468262425, 2.7306292468262474, 2.7306292468262368, 2.7306292468262447, 2.730629246826242, 2.7306292862852866, 2.7306292862852577, 2.730629286285274, 2.7306292862852843, 2.7306292862852755, 2.730629331099845, 2.730629331099872, 2.730629331099845, 2.730629331099845, 2.7306293310998493, 2.730629382290292, 2.7306293822903043, 2.7306293822902896, 2.7306293822902923, 2.730629382290293, 2.7306294034303895, 2.7306294034303504, 2.730629403430379, 2.730629403430389, 2.7306294034303837, 2.73062945648999, 2.7306294564900107, 2.730629456489982, 2.7306294564899924, 2.7306294564899964, 2.730629494542327, 2.7306294945423466, 2.730629494542324, 2.730629494542327, 2.730629494542329, 2.7306295232423334, 2.730629523242307, 2.7306295232423254, 2.73062952324233, 2.730629523242332, 2.730629568131457, 2.730629568131456, 2.730629568131452, 2.730629568131458, 2.7306295681314525, 2.7306295945596317, 2.730629594559657, 2.7306295945596277, 2.7306295945596335, 2.730629594559631, 2.7306296293808128, 2.7306296293807986, 2.730629629380806, 2.7306296293808114, 2.730629629380814, 2.7306296603579745, 2.7306296603579585, 2.730629660357967, 2.7306296603579723, 2.7306296603579767, 2.7306296790582216, 2.730629679058253, 2.7306296790582163, 2.7306296790582203, 2.7306296790582225, 2.7306297203624394, 2.7306297203624337, 2.730629720362436, 2.7306297203624403, 2.7306297203624377, 2.7306297393267296, 2.730629739326704, 2.7306297393267216, 2.7306297393267287, 2.7306297393267287, 2.7306297664323016, 2.7306297664323207, 2.730629766432298, 2.730629766432303, 2.730629766432304, 2.730629793192649, 2.73062979319267, 2.730629793192647, 2.7306297931926475, 2.730629793192647, 2.730629807593656, 2.730629807593619, 2.7306298075936475, 2.730629807593655, 2.7306298075936555, 2.7306298444368102, 2.730629844436821, 2.730629844436809, 2.7306298444368133, 2.7306298444368116, 2.730629858667139, 2.7306298586671636, 2.730629858667132, 2.7306298586671423, 2.73062985866714, 2.730629882541512, 2.73062988254149, 2.730629882541508, 2.730629882541514, 2.730629882541511, 2.7306299087063146, 2.7306299087063026, 2.730629908706307, 2.730629908706312, 2.7306299087063097, 2.7306299123840643, 2.7306299123841, 2.7306299123840616, 2.730629912384064, 2.7306299123840714, 2.730629947216147, 2.7306299472161317, 2.730629947216142, 2.7306299472161473, 2.7306299472161424, 2.7306299635942284, 2.730629963594203, 2.730629963594227, 2.730629963594232, 2.730629963594228, 2.730629961477644, 2.7306299614776863, 2.7306299614776437, 2.7306299614776397, 2.7306299614776486, 2.730629999065844, 2.7306299990658314, 2.73062999906584, 2.730629999065845, 2.730629999065844, 2.7306300047573617, 2.7306300047573306, 2.7306300047573573, 2.7306300047573617, 2.7306300047573555, 2.7306300081707615, 2.730630008170803, 2.730630008170761, 2.7306300081707593, 2.7306300081707597, 2.730630042488834, 2.7306300424888272, 2.730630042488829, 2.7306300424888343, 2.7306300424888454, 2.730630044503701, 2.7306300445036698, 2.7306300445036937, 2.7306300445037013, 2.730630044503699, 2.7306300553037532, 2.7306300553037834, 2.7306300553037555, 2.7306300553037524, 2.730630055303749, 2.7306300813373787, 2.7306300813373894, 2.730630081337378, 2.7306300813373823, 2.7306300813373725, 2.730630069671507, 2.73063006967146, 2.730630069671498, 2.7306300696715087, 2.73063006967151, 2.7306300782552126, 2.7306300782552575, 2.730630078255214, 2.7306300782552118, 2.7306300782552237, 2.7306301154902104, 2.7306301154902033, 2.7306301154902046, 2.7306301154902104, 2.7306301154902055, 2.730630117818483, 2.7306301178184578, 2.730630117818475, 2.7306301178184818, 2.7306301178184715, 2.730630126152304, 2.730630126152333, 2.7306301261523025, 2.730630126152301, 2.730630126152311, 2.7306301486650506, 2.7306301486650457, 2.73063014866505, 2.730630148665051, 2.7306301486650604, 2.730630152950101, 2.7306301529500803, 2.7306301529500945, 2.730630152950101, 2.7306301529500923, 2.7306301596751275, 2.7306301596751545, 2.730630159675126, 2.7306301596751275, 2.730630159675125, 2.730630177909008, 2.7306301779089988, 2.7306301779090028, 2.730630177909005, 2.730630177909007, 2.7306301864715214, 2.7306301864715077, 2.730630186471518, 2.7306301864715223, 2.730630186471528, 2.730630189505024, 2.7306301895050504, 2.7306301895050273, 2.7306301895050233, 2.7306301895050247, 2.730630200793596, 2.7306302007935805, 2.730630200793591, 2.730630200793594, 2.7306302007935903, 2.730630211805109, 2.730630211805099, 2.7306302118051056, 2.7306302118051105, 2.7306302118051047, 2.7306302123966972, 2.7306302123967217, 2.7306302123966972, 2.7306302123966977, 2.730630212396708, 2.730630226063452, 2.730630226063442, 2.7306302260634507, 2.730630226063454, 2.7306302260634543, 2.730630229906033, 2.7306302299060135, 2.7306302299060277, 2.7306302299060334, 2.7306302299060228, 2.73063022264289, 2.730630222642926, 2.73063022264289, 2.7306302226428887, 2.7306302226428905, 2.7306302430530014, 2.730630243052977, 2.7306302430529974, 2.7306302430530014, 2.730630243053002, 2.730630253698592, 2.730630253698601, 2.73063025369859, 2.730630253698592, 2.730630253698603, 2.730630260358164, 2.7306302603581605, 2.7306302603581587, 2.7306302603581627, 2.730630260358156, 2.730630266542001, 2.7306302665420055, 2.7306302665419984, 2.730630266541998, 2.730630266541994, 2.7306302731148158, 2.7306302731148158, 2.730630273114814, 2.7306302731148135, 2.73063027311482, 2.730630278067342, 2.7306302780673373, 2.73063027806734, 2.730630278067345, 2.730630278067353, 2.7306302844701174, 2.7306302844701205, 2.7306302844701205, 2.730630284470116, 2.7306302844701134, 2.730630287860967, 2.730630287860974, 2.7306302878609667, 2.730630287860966, 2.7306302878609556, 2.730630290119787, 2.7306302901197754, 2.730630290119784, 2.730630290119788, 2.7306302901197905, 2.730630296773817, 2.73063029677382, 2.730630296773816, 2.7306302967738136, 2.7306302967738287, 2.730630299573951, 2.7306302995739613, 2.730630299573949, 2.730630299573951, 2.7306302995739418, 2.7306303029144576, 2.7306303029144443, 2.7306303029144554, 2.7306303029144545, 2.730630302914452, 2.7306303070792253, 2.730630307079231, 2.7306303070792217, 2.7306303070792257, 2.730630307079241, 2.7306303115532167, 2.7306303115532264, 2.730630311553213, 2.7306303115532122, 2.730630311553209, 2.730630312230625, 2.730630312230603, 2.7306303122306192, 2.730630312230627, 2.730630312230617, 2.73063030956642, 2.730630309566449, 2.7306303095664224, 2.7306303095664197, 2.730630309566429, 2.730630318630327, 2.7306303186303014, 2.730630318630323, 2.7306303186303253, 2.7306303186303333, 2.730630324645243, 2.730630324645262, 2.730630324645241, 2.730630324645242, 2.730630324645232, 2.730630331507893, 2.7306303315078804, 2.730630331507889, 2.7306303315078897, 2.7306303315078893, 2.730630335432434, 2.7306303354324473, 2.7306303354324357, 2.7306303354324335, 2.730630335432444, 2.730630334064189, 2.7306303340641658, 2.730630334064188, 2.730630334064185, 2.7306303340641924, 2.7306303282576936, 2.7306303282577242, 2.730630328257695, 2.7306303282576945, 2.7306303282576785, 2.730630335892172, 2.7306303358921427, 2.7306303358921706, 2.7306303358921724, 2.730630335892178, 2.7306303403269334, 2.7306303403269543, 2.730630340326934, 2.7306303403269316, 2.730630340326939, 2.730630348712866, 2.7306303487128605, 2.730630348712862, 2.7306303487128627, 2.7306303487128605, 2.7306303498538593, 2.730630349853852, 2.730630349853859, 2.730630349853859, 2.730630349853855, 2.730630350967533, 2.730630350967546, 2.7306303509675276, 2.7306303509675347, 2.730630350967546, 2.730630353225607, 2.730630353225598, 2.730630353225606, 2.7306303532256067, 2.730630353225599, 2.7306303577519704, 2.7306303577519646, 2.730630357751969, 2.7306303577519695, 2.730630357751964, 2.7306303495854687, 2.7306303495854944, 2.7306303495854714, 2.730630349585471, 2.730630349585483, 2.730630341574791, 2.7306303415747517, 2.730630341574786, 2.7306303415747903, 2.7306303415747823, 2.7306303382671375, 2.7306303382671806, 2.730630338267138, 2.7306303382671375, 2.730630338267136, 2.7306303469450808, 2.7306303469450435, 2.7306303469450754, 2.7306303469450808, 2.7306303469450857, 2.730630357554672, 2.7306303575546975, 2.730630357554674, 2.7306303575546735, 2.7306303575546704, 2.7306303674966492, 2.730630367496636, 2.7306303674966466, 2.7306303674966514, 2.730630367496643, 2.730630368393135, 2.730630368393141, 2.7306303683931366, 2.7306303683931374, 2.730630368393144, 2.730630371147628, 2.730630371147635, 2.730630371147629, 2.7306303711476296, 2.7306303711476287, 2.7306303617169077, 2.73063036171688, 2.7306303617169077, 2.73063036171691, 2.7306303617168974, 2.730630344643236, 2.7306303446432847, 2.7306303446432403, 2.7306303446432367, 2.7306303446432447, 2.7306303069955256, 2.7306303069954474, 2.7306303069955167, 2.730630306995524, 2.730630306995523, 2.730630186412972, 2.730630186413092, 2.730630186412983, 2.730630186412971, 2.7306301864129705, 2.730630009498415, 2.7306300094982374, 2.7306300094983955, 2.730630009498414, 2.7306300094984133, 2.73062951412032, 2.730629514120583, 2.730629514120339, 2.730629514120319, 2.7306295141203267, 2.730628565564133, 2.7306285655637508, 2.7306285655640985, 2.730628565564135, 2.730628565564126, 2.7306265921762547, 2.730626592176814, 2.730626592176303, 2.730626592176255, 2.730626592176264, 2.7306219852417595, 2.7306219852409384, 2.730621985241683, 2.730621985241761, 2.7306219852417475, 2.7306131137130114, 2.7306131137141962, 2.73061311371312, 2.7306131137130123, 2.7306131137130225, 2.7305978860591944, 2.7305978860575726, 2.7305978860590465, 2.7305978860591975, 2.7305978860591815, 2.73058280018665, 2.730582800188615, 2.7305828001868306, 2.730582800186651, 2.7305828001866765, 2.730587274928689, 2.7305872749268216, 2.7305872749285194, 2.730587274928689, 2.7305872749286446, 2.730615790997502, 2.730615790998592, 2.7306157909975983, 2.7306157909975033, 2.7306157909975375, 2.7306302379714738, 2.7306302379715786, 2.730630237971482, 2.730630237971475, 2.7306302379714746, 2.7306147414257578, 2.7306147414246347, 2.7306147414256503, 2.7306147414257613, 2.730614741425727, 2.7306035514200424, 2.730603551421518, 2.7306035514201783, 2.7306035514200424, 2.730603551420076, 2.7306184174259753, 2.7306184174249903, 2.730618417425887, 2.7306184174259744, 2.7306184174259633, 2.7306303655046924, 2.730630365504654, 2.730630365504693, 2.7306303655046933, 2.7306303655046777, 2.730619466920445, 2.7306194669213846, 2.730619466920531, 2.7306194669204467, 2.7306194669204675, 2.730613097043671, 2.730613097042487, 2.7306130970435616, 2.730613097043674, 2.730613097043661, 2.7306249861491945, 2.730624986149854, 2.730624986149256, 2.7306249861491962, 2.730624986149188, 2.7306296629188176, 2.730629662919062, 2.7306296629188362, 2.730629662918818, 2.730629662918826, 2.73062017542021, 2.7306201754193045, 2.7306201754201265, 2.730620175420212, 2.7306201754202117, 2.730620085444887, 2.7306200854458016, 2.73062008544497, 2.7306200854448823, 2.7306200854448845, 2.7306291111081706, 2.7306291111078473, 2.730629111108141, 2.7306291111081724, 2.7306291111081573, 2.730628217586506, 2.730628217586086, 2.7306282175864665, 2.730628217586507, 2.7306282175865273, 2.730622077514023, 2.7306220775148393, 2.7306220775141, 2.73062207751402, 2.730622077514022, 2.7306253428354923, 2.730625342834853, 2.730625342835431, 2.730625342835493, 2.730625342835464, 2.73063033018986, 2.730630330189923, 2.730630330189862, 2.7306303301898605, 2.73063033018989, 2.730627301008162, 2.730627301008664, 2.73062730100821, 2.730627301008163, 2.730627301008164, 2.7306243485652124, 2.730624348564516, 2.7306243485651494, 2.7306243485652124, 2.7306243485651795, 2.7306280958668716, 2.730628095867304, 2.7306280958669076, 2.730628095866873, 2.7306280958669036, 2.7306303164843335, 2.730630316484405, 2.7306303164843433, 2.730630316484334, 2.7306303164843286, 2.730627599050255, 2.73062759904978, 2.73062759905021, 2.730627599050257, 2.73062759905023, 2.730626649418259, 2.7306266494188107, 2.7306266494183107, 2.730626649418261, 2.7306266494182942, 2.730629299255451, 2.730629299255154, 2.7306292992554226, 2.7306292992554537, 2.7306292992554386, 2.7306302497001487, 2.7306302497000465, 2.730630249700137, 2.730630249700148, 2.7306302497001234, 2.7306283825839803, 2.730628382584382, 2.7306283825840194, 2.7306283825839794, 2.7306283825840185, 2.7306279307697587, 2.730627930769313, 2.730627930769718, 2.7306279307697596, 2.730627930769749, 2.7306296671236625, 2.730629667123901, 2.7306296671236816, 2.7306296671236607, 2.7306296671236328, 2.730630293423716, 2.7306302934238005, 2.730630293423725, 2.730630293423718, 2.7306302934237574, 2.7306289718686645, 2.7306289718683274, 2.730628971868634, 2.730628971868663, 2.7306289718686454, 2.730628476385589, 2.730628476385987, 2.730628476385624, 2.730628476385589, 2.7306284763855744, 2.730629533104522, 2.730629533104256, 2.7306295331045014, 2.7306295331045227, 2.7306295331045494, 2.730630377878204, 2.7306303778782297, 2.730630377878203, 2.7306303778782066, 2.7306303778781946, 2.7306298664138415, 2.7306298664140476, 2.730629866413858, 2.7306298664138433, 2.7306298664138273, 2.7306290851213224, 2.730629085120991, 2.7306290851212918, 2.7306290851213237, 2.7306290851213437, 2.730629179478794, 2.730629179479105, 2.730629179478823, 2.7306291794787945, 2.730629179478781, 2.730630061692947, 2.730630061692784, 2.730630061692932, 2.7306300616929486, 2.7306300616929433, 2.7306303672971586, 2.730630367297121, 2.7306303672971612, 2.730630367297159, 2.7306303672971746, 2.730629897767666, 2.730629897767863, 2.7306298977676846, 2.7306298977676633, 2.7306298977676504, 2.7306295368264157, 2.730629536826155, 2.7306295368263904, 2.730629536826419, 2.730629536826423, 2.730629796788348, 2.730629796788563, 2.730629796788368, 2.7306297967883504, 2.7306297967883477, 2.730630288547266, 2.7306302885471774, 2.7306302885472586, 2.7306302885472657, 2.730630288547262, 2.73063034249542, 2.730630342495359, 2.7306303424954157, 2.7306303424954215, 2.7306303424954286, 2.730629987510651, 2.730629987510825, 2.7306299875106657, 2.7306299875106492, 2.7306299875106395, 2.7306298248392693, 2.7306298248390592, 2.7306298248392507, 2.730629824839268, 2.7306298248392795, 2.73063002454598, 2.730630024546155, 2.730630024545995, 2.730630024545981, 2.7306300245459787, 2.7306302641198243, 2.7306302641197253, 2.7306302641198137, 2.730630264119822, 2.730630264119815, 2.7306303856101346, 2.730630385610144, 2.730630385610136, 2.7306303856101333, 2.730630385610148, 2.730630323386565, 2.730630323386633, 2.7306303233865674, 2.730630323386569, 2.7306303233865563, 2.7306302315353412, 2.7306302315352253, 2.7306302315353337, 2.7306302315353395, 2.730630231535342, 2.7306301524958316, 2.73063015249597, 2.7306301524958454, 2.7306301524958294, 2.7306301524958365, 2.730630148326796, 2.7306301483266564, 2.7306301483267865, 2.7306301483267927, 2.7306301483267883, 2.7306302176490367, 2.730630217649155, 2.7306302176490496, 2.730630217649038, 2.7306302176490442, 2.730630298288633, 2.730630298288548, 2.7306302982886237, 2.730630298288632, 2.7306302982886277, 2.730630362351715, 2.730630362351758, 2.7306303623517194, 2.7306303623517154, 2.730630362351719, 2.7306303874489775, 2.7306303874489872, 2.7306303874489775, 2.7306303874489783, 2.730630387448972, 2.730630326299205, 2.7306303262991376, 2.7306303262991944, 2.730630326299206, 2.730630326299212, 2.7306302158285654, 2.730630215828686, 2.730630215828575, 2.7306302158285694, 2.7306302158285582, 2.730630049556792, 2.730630049556625, 2.7306300495567806, 2.7306300495567934, 2.730630049556799, 2.7306298571222603, 2.730629857122463, 2.7306298571222776, 2.730629857122258, 2.730629857122248, 2.730629757248979, 2.730629757248754, 2.7306297572489537, 2.7306297572489795, 2.7306297572489973, 2.730629650315359, 2.7306296503156067, 2.7306296503153806, 2.730629650315358, 2.730629650315346, 2.7306294256467267, 2.730629425646446, 2.7306294256467023, 2.730629425646731, 2.7306294256467263, 2.730629080164802, 2.730629080165135, 2.730629080164835, 2.7306290801648005, 2.7306290801648143, 2.7306282721167654, 2.7306282721163515, 2.7306282721167245, 2.730628272116766, 2.730628272116746, 2.7306270546386333, 2.7306270546391507, 2.73062705463868, 2.730627054638631, 2.7306270546386506, 2.7306253579730613, 2.7306253579724213, 2.730625357973001, 2.7306253579730586, 2.7306253579730604, 2.7306226944111733, 2.730622694411962, 2.730622694411246, 2.7306226944111707, 2.730622694411147, 2.730619096535408, 2.730619096534451, 2.7306190965353205, 2.7306190965354054, 2.7306190965354586, 2.7306149262349484, 2.7306149262360697, 2.7306149262350496, 2.730614926234948, 2.7306149262348884, 2.730611796313042, 2.7306117963118135, 2.730611796312933, 2.7306117963130396, 2.7306117963130947, 2.730612753655275, 2.7306127536564717, 2.7306127536553855, 2.730612753655275, 2.7306127536552376, 2.730618857993232, 2.7306188579922672, 2.730618857993142, 2.730618857993231, 2.730618857993254, 2.730626744899662, 2.7306267449002024, 2.7306267448997072, 2.730626744899663, 2.7306267448996526, 2.730630381715794, 2.73063038171577, 2.730630381715794, 2.730630381715796, 2.730630381715789, 2.73062790713257, 2.730627907132126, 2.730627907132529, 2.730627907132571, 2.7306279071325954, 2.7306231922470583, 2.730623192247819, 2.7306231922471285, 2.7306231922470627, 2.7306231922470063, 2.730620916852307, 2.7306209168514335, 2.730620916852226, 2.7306209168523083, 2.7306209168523856, 2.73062303002764, 2.7306230300284113, 2.7306230300277097, 2.7306230300276404, 2.7306230300275414, 2.7306273276448283, 2.7306273276443305, 2.730627327644786, 2.7306273276448296, 2.7306273276449433, 2.7306300273854744, 2.7306300273856103, 2.730630027385486, 2.730630027385472, 2.7306300273853443, 2.730629619614431, 2.7306296196146578, 2.7306296196144504, 2.7306296196144273, 2.730629619614572, 2.7306270176394642, 2.7306270176389513, 2.7306270176394185, 2.7306270176394647, 2.7306270176393164, 2.7306247584642933, 2.730624758464958, 2.7306247584643537, 2.7306247584642938, 2.7306247584644474, 2.730624873315511, 2.7306248733148517, 2.730624873315453, 2.7306248733155116, 2.7306248733153473, 2.7306269469483, 2.7306269469488127, 2.730626946948344, 2.7306269469482984, 2.730626946948478, 2.7306292068477602, 2.7306292068474907, 2.7306292068477362, 2.730629206847759, 2.730629206847564, 2.7306300138648574, 2.7306300138648534, 2.7306300138648565, 2.730630013864856, 2.730630013865084, 2.7306290887102644, 2.7306290887105096, 2.730629088710286, 2.730629088710261, 2.730629088709987, 2.7306273240199106, 2.7306273240194927, 2.730627324019876, 2.730627324019912, 2.730627324020273, 2.7306254360493294, 2.7306254360498334, 2.730625436049376, 2.7306254360493285, 2.730625436048833, 2.730623787606455, 2.730623787605958, 2.730623787606417, 2.7306237876064587, 2.7306237876071573, 2.7306209258628846, 2.730620925863282, 2.7306209258629233, 2.7306209258628824, 2.7306209258618654, 2.7306136195973023, 2.730613619597065, 2.7306136195972845, 2.7306136195973023, 2.7306136195987976, 2.730596848030653, 2.7305968480307037, 2.730596848030662, 2.7305968480306513, 2.730596848028493, 2.730568043838566, 2.7305680438386917, 2.7305680438385753, 2.7305680438385664, 2.730568043841507, 2.730542517471529, 2.7305425174712545, 2.7305425174715, 2.730542517471528, 2.730542517468052, 2.730559074996102, 2.7305590749965005, 2.7305590749961333, 2.730559074996102, 2.7305590749992072, 2.7306109721828316, 2.7306109721823435, 2.7306109721827836, 2.7306109721828333, 2.730610972181321, 2.730623699633291, 2.7306236996338202, 2.7306236996333384, 2.730623699633289, 2.7306236996326287, 2.730589173771382, 2.730589173770865, 2.7305891737713415, 2.7305891737713854, 2.730589173773679, 2.7305809434053123, 2.730580943405776, 2.730580943405359, 2.730580943405313, 2.7305809434027646, 2.730616915668723, 2.7306169156683393, 2.7306169156686875, 2.7306169156687248, 2.7306169156699918, 2.7306260059544663, 2.730626005954745, 2.7306260059544885, 2.7306260059544614, 2.7306260059551506, 2.7306007967915225, 2.730600796791363, 2.7306007967915096, 2.7306007967915225, 2.7306007967895094, 2.7306043932513435, 2.730604393251392, 2.730604393251348, 2.730604393251345, 2.7306043932532416, 2.7306284902687055, 2.730628490268747, 2.730628490268706, 2.730628490268706, 2.730628490268195, 2.730621554841781, 2.7306215548416586, 2.7306215548417696, 2.7306215548417803, 2.7306215548406847, 2.7306065349124395, 2.7306065349126523, 2.7306065349124586, 2.7306065349124387, 2.73060653491424, 2.7306189423231513, 2.7306189423228298, 2.7306189423231193, 2.730618942323153, 2.7306189423219607, 2.730627570301777, 2.7306275703022314, 2.7306275703018184, 2.730627570301776, 2.730627570301582, 2.7306134289706505, 2.7306134289700426, 2.730613428970594, 2.7306134289706496, 2.7306134289719597, 2.730608726810238, 2.730608726811022, 2.730608726810312, 2.730608726810237, 2.7306087268088404, 2.7306167308104197, 2.7306167308094365, 2.730616730810331, 2.7306167308104197, 2.7306167308109153, 2.7306099359913105, 2.7306099359924954, 2.730609935991414, 2.730609935991311, 2.7306099359919798, 2.730597145050512, 2.7305971450491886, 2.730597145050384, 2.730597145050509, 2.730597145049244, 2.730603025946016, 2.730603025947321, 2.7306030259461322, 2.730603025946017, 2.7306030259469636, 2.730616962182601, 2.7306169621815557, 2.730616962182504, 2.7306169621826037, 2.7306169621825815, 2.7306215352945897, 2.7306215352951533, 2.730621535294644, 2.73062153529459, 2.730621535293762, 2.7306225551195187, 2.730622555119536, 2.7306225551195196, 2.730622555119519, 2.7306225551205627, 2.730624627532563, 2.7306246275320274, 2.7306246275325163, 2.7306246275325616, 2.7306246275320083, 2.7306206970345275, 2.730620697035396, 2.7306206970346074, 2.730620697034528, 2.73062069703428, 2.7306144678339366, 2.730614467832986, 2.7306144678338518, 2.7306144678339384, 2.7306144678347533, 2.730618360933809, 2.7306183609345704, 2.7306183609338848, 2.730618360933812, 2.7306183609329864, 2.730627961551242, 2.7306279615508706, 2.730627961551207, 2.7306279615512428, 2.7306279615515643, 2.7306295483612546, 2.7306295483611644, 2.730629548361247, 2.730629548361252, 2.7306295483615743, 2.730623935718678, 2.730623935719162, 2.7306239357187256, 2.7306239357186763, 2.730623935717972, 2.730621120282235, 2.73062112028152, 2.7306211202821697, 2.730621120282235, 2.7306211202828776, 2.7306234731469483, 2.730623473147679, 2.7306234731470145, 2.730623473146952, 2.730623473146734, 2.730626179440682, 2.7306261794401463, 2.730626179440632, 2.7306261794406823, 2.730626179440386, 2.7306273205714318, 2.7306273205716325, 2.7306273205714513, 2.7306273205714313, 2.7306273205720295, 2.7306278595854296, 2.730627859585591, 2.7306278595854447, 2.730627859585431, 2.7306278595848767, 2.7306275487536564, 2.730627548753203, 2.730627548753616, 2.730627548753657, 2.730627548753878, 2.7306254734538946, 2.7306254734545123, 2.73062547345395, 2.730625473453893, 2.73062547345409, 2.730623894213057, 2.7306238942124335, 2.730623894213001, 2.73062389421306, 2.7306238942125747, 2.730625698084787, 2.730625698085266, 2.7306256980848276, 2.730625698084788, 2.7306256980853036, 2.7306290064813368, 2.7306290064810996, 2.7306290064813137, 2.7306290064813377, 2.7306290064810224, 2.7306303767512663, 2.73063037675124, 2.730630376751267, 2.7306303767512694, 2.730630376751268, 2.730629083927831, 2.730629083928082, 2.7306290839278535, 2.7306290839278287, 2.7306290839281067, 2.7306271359733674, 2.7306271359729632, 2.73062713597333, 2.730627135973366, 2.730627135972954, 2.730626680671979, 2.7306266806724477, 2.730626680672019, 2.7306266806719783, 2.730626680672349, 2.730627739696809, 2.7306277396963687, 2.730627739696766, 2.7306277396968093, 2.7306277396966228, 2.7306289708963107, 2.7306289708966474, 2.7306289708963454, 2.7306289708963107, 2.730628970896265, 2.730629553629964, 2.73062955362977, 2.730629553629945, 2.730629553629965, 2.730629553630198, 2.730629605789814, 2.7306296057898645, 2.73062960578982, 2.730629605789815, 2.7306296057894897, 2.7306296630045765, 2.7306296630046463, 2.7306296630045828, 2.7306296630045734, 2.73062966300488, 2.73062979244432, 2.7306297924441587, 2.7306297924443053, 2.730629792444321, 2.7306297924441276, 2.7306297587983956, 2.7306297587986217, 2.730629758798417, 2.7306297587983965, 2.7306297587984343, 2.7306294142021645, 2.7306294142018945, 2.7306294142021352, 2.7306294142021637, 2.7306294142022662, 2.730629017256112, 2.730629017256412, 2.7306290172561387, 2.730629017256112, 2.7306290172559162, 2.730628777600928, 2.730628777600612, 2.7306287776008964, 2.730628777600926, 2.730628777601156, 2.7306288040758058, 2.7306288040761313, 2.7306288040758364, 2.7306288040758067, 2.730628804075607, 2.7306289314891052, 2.7306289314887766, 2.730628931489076, 2.7306289314891075, 2.730628931489236, 2.730629057875048, 2.7306290578753765, 2.7306290578750776, 2.730629057875045, 2.730629057875004, 2.7306290143103293, 2.7306290143099976, 2.7306290143102965, 2.730629014310327, 2.7306290143102845, 2.7306288432403107, 2.73062884324066, 2.7306288432403467, 2.7306288432403103, 2.7306288432404355, 2.730628253247925, 2.7306282532475348, 2.730628253247884, 2.7306282532479207, 2.730628253247733, 2.730627440912841]
Total optimisation time observed during ADAM optimization: 3.749004 seconds
Median time per evaluation during ADAM optimization: 0.006490 seconds
2.730627440912841
QAOA optimisation for n=1 took 4.73 seconds; started at 1777572928.7998238 and finished at 1777572933.526112
Finished QAOA for n=6 nodes, m=9 edges at 2026-04-30 20:15:33 on Apple M4. Time taken: 4.73 seconds. Hours: 0.00 hours. Peak RAM: 220.52 MB.
Unknown graph type for approximation ratio calculation; skipping approx ratio computation.
CSV writing for n=1 took 0.00 seconds; started at 1777572933.526114 and finished at 1777572933.526568
results: {1: 2.730627440912841}
durations: {6: 4.72629189491272}
Results saved to: logs/adam/qaoa_results_adam_20260430_200911.csv
Global end time: 1777572933.526572
Finalisation time: 0.00 seconds; started at 1777572933.526569 and finished at 1777572933.5265741
Sum of all section times: 4.88 seconds
