2026-05-01 00:51:33.601 system_profiler[56971:1807899] hw.cpufamily: 0x6f5129ac
Starting QAOA benchmark with global start time: 1777589493.534924
Benchmark parameters: {'optimiser': 'adam', 'circuit_type': 'hamqaoa', 'parameter_vector': [1, 1, 1], 'iterations_list': [50, 100, 200, 500], 'learning_rate_adam': 0.05, 'depth_list': [1, 2, 5, 10], 'n_start': 0, 'n_end': 30, 'singlet_injection': False, 'start_index_singlet': 0, 'warm_start': True, 'compare_with_010101': False, 'warm_start_correlations': False, 'init_QAOAparams_close_to_zero': False, 'use_correlations_as_initial_params': False, 'time_limit': 10800, 'failed_instance_termination_thrsh': 10, 'graph_generation_type': 'HOG', 'weighted': False, 'easiest_first': True, 'cpu_util_threshold': 90, 'debug': False, 'save_circuit_svg': False, 'rerun_exclude_finished_instances': False, 'optimiser_debug_iterations': 1, 'relative_graph_adjList_path': '/Users/julian_dev/Projects/MasterThesis/QAOA/HOG_graphs/list_27_graphs_adjacency_list.txt'}, Running QAOA with equal superposition
Benchmark run ID: e56bb135
Processor: Apple M4
Hostname: Mac-mini-som-tillhor-Julian.local
Total RAM (GB): 16.0
Physical cores: 10
Logical cores: 10
Python version: 3.13.1
Initialisation time: 0.08 seconds; started at {'initialisation': 0.0845029354095459} and finished at 1777589493.619436
Loaded HOG graph index 8 with 15 edges.
Instance generation for n=8 took 0.00 seconds; started at 1777589493.61944 and finished at 1777589493.619742
Running QAOA for n=10 nodes, m=15 edges...; Max iterations: 200
Warm-start: using parameter_vector=[1, 1, 1]
Warm-start: starting SDP solve for n_vertices=10
Starting SDP solve (solver preference: MOSEK, fallback: SCS) for n_vertices=10, matrix_dim=30, edges=15
Finished SDP solve with MOSEK. status=optimal. elapsed_seconds=0.07
Rounding...
n_vertices: 10 for n = 30
Using seed None to generate random matrix for x.
r_0: [ 0.39432818 -0.91766649 -0.04892332]
Product state qubit 0: [[0.47553834+0.j         0.19716409+0.45883325j]
 [0.19716409-0.45883325j 0.52446166+0.j        ]]
Diagonal entries of product state 0: [0.47553834 0.52446166]
r_1: [ 0.68330717  0.73006475 -0.00983752]
Product state qubit 1: [[0.49508124+0.j         0.34165358-0.36503237j]
 [0.34165358+0.36503237j 0.50491876+0.j        ]]
Diagonal entries of product state 1: [0.49508124 0.50491876]
r_2: [ 0.68329425  0.73007658 -0.00985632]
Product state qubit 2: [[0.49507184+0.j         0.34164713-0.36503829j]
 [0.34164713+0.36503829j 0.50492816+0.j        ]]
Diagonal entries of product state 2: [0.49507184 0.50492816]
r_3: [-0.99182467 -0.11954219  0.04464856]
Product state qubit 3: [[ 0.52232428+0.j         -0.49591233+0.05977109j]
 [-0.49591233-0.05977109j  0.47767572+0.j        ]]
Diagonal entries of product state 3: [0.52232428 0.47767572]
r_4: [-0.8519042  -0.51814757  0.07604166]
Product state qubit 4: [[ 0.53802083+0.j         -0.4259521 +0.25907378j]
 [-0.4259521 -0.25907378j  0.46197917+0.j        ]]
Diagonal entries of product state 4: [0.53802083 0.46197917]
r_5: [-0.90553496 -0.41899669 -0.06669482]
Product state qubit 5: [[ 0.46665259+0.j         -0.45276748+0.20949835j]
 [-0.45276748-0.20949835j  0.53334741+0.j        ]]
Diagonal entries of product state 5: [0.46665259 0.53334741]
r_6: [-0.8519021  -0.51814771  0.07606421]
Product state qubit 6: [[ 0.5380321 +0.j         -0.42595105+0.25907386j]
 [-0.42595105-0.25907386j  0.4619679 +0.j        ]]
Diagonal entries of product state 6: [0.5380321 0.4619679]
r_7: [-0.90552599 -0.41901634 -0.06669322]
Product state qubit 7: [[ 0.46665339+0.j         -0.452763  +0.20950817j]
 [-0.452763  -0.20950817j  0.53334661+0.j        ]]
Diagonal entries of product state 7: [0.46665339 0.53334661]
r_8: [ 0.93744612  0.34237881 -0.06301999]
Product state qubit 8: [[0.46849   +0.j        0.46872306-0.1711894j]
 [0.46872306+0.1711894j 0.53151   +0.j       ]]
Diagonal entries of product state 8: [0.46849 0.53151]
r_9: [ 0.97159269  0.23664838 -0.00227858]
Product state qubit 9: [[0.49886071+0.j         0.48579634-0.11832419j]
 [0.48579634+0.11832419j 0.50113929+0.j        ]]
Diagonal entries of product state 9: [0.49886071 0.50113929]
y_scalar: False
[-1, -1, -1, 1, 1, -1, 1, -1, -1, -1]
Hamiltonian equals product state? [[False False False False]
 [False False False False]
 [False False False False]
 [False False False False]]
Hamiltonian: [[ 0. +0.j  0. +0.j  0. +0.j  0. +0.j]
 [ 0. +0.j  0.5+0.j -0.5+0.j  0. +0.j]
 [ 0. +0.j -0.5+0.j  0.5+0.j  0. +0.j]
 [ 0. +0.j  0. +0.j  0. +0.j  0. +0.j]], product state: [[ 0.26056706+0.j          0.25374323-0.0618036j  -0.24739118+0.02981745j
  -0.23384003+0.08771501j]
 [ 0.25374323+0.0618036j   0.26175722+0.j         -0.24798476-0.02964185j
  -0.24852116+0.02995364j]
 [-0.24739118-0.02981745j -0.24798476+0.02964185j  0.23829365+0.j
   0.23205312-0.05652059j]
 [-0.23384003-0.08771501j -0.24852116-0.02995364j  0.23205312+0.05652059j
   0.23938207+0.j        ]]
Hamiltonian equals product state? [[False False False False]
 [False False False False]
 [False False False False]
 [False False False False]]
Hamiltonian: [[ 0. +0.j  0. +0.j  0. +0.j  0. +0.j]
 [ 0. +0.j  0.5+0.j -0.5+0.j  0. +0.j]
 [ 0. +0.j -0.5+0.j  0.5+0.j  0. +0.j]
 [ 0. +0.j  0. +0.j  0. +0.j  0. +0.j]], product state: [[ 0.23102695+0.j         -0.22415021+0.1037216j   0.15943079-0.17034636j
  -0.07820667+0.23685369j]
 [-0.22415021-0.1037216j   0.26404489+0.j         -0.23116368+0.09369797j
   0.18221634-0.19469194j]
 [ 0.15943079+0.17034636j -0.23116368-0.09369797j  0.23562644+0.j
  -0.22861279+0.10578658j]
 [-0.07820667-0.23685369j  0.18221634+0.19469194j -0.22861279-0.10578658j
   0.26930172+0.j        ]]
Hamiltonian equals product state? [[False False False False]
 [False False False False]
 [False False False False]
 [False False False False]]
Hamiltonian: [[ 0. +0.j  0. +0.j  0. +0.j  0. +0.j]
 [ 0. +0.j  0.5+0.j -0.5+0.j  0. +0.j]
 [ 0. +0.j -0.5+0.j  0.5+0.j  0. +0.j]
 [ 0. +0.j  0. +0.j  0. +0.j  0. +0.j]], product state: [[ 0.23543011+0.j          0.16246938-0.17358689j  0.09761224+0.22715973j
   0.23485081+0.08479075j]
 [ 0.16246938+0.17358689j  0.24010823+0.j         -0.10012717+0.2287333j
   0.09955185+0.23167352j]
 [ 0.09761224-0.22715973j -0.10012717-0.2287333j   0.25965113+0.j
   0.17918421-0.19144549j]
 [ 0.23485081-0.08479075j  0.09955185-0.23167352j  0.17918421+0.19144549j
   0.26481053+0.j        ]]
Hamiltonian equals product state? [[False False False False]
 [False False False False]
 [False False False False]
 [False False False False]]
Hamiltonian: [[ 0. +0.j  0. +0.j  0. +0.j  0. +0.j]
 [ 0. +0.j  0.5+0.j -0.5+0.j  0. +0.j]
 [ 0. +0.j -0.5+0.j  0.5+0.j  0. +0.j]
 [ 0. +0.j  0. +0.j  0. +0.j  0. +0.j]], product state: [[ 0.2447037 +0.j          0.24482544-0.08941638j -0.23232997+0.02800216j
  -0.22221337+0.11291103j]
 [ 0.24482544+0.08941638j  0.27762058+0.j         -0.24267773-0.05687885j
  -0.26358236+0.03176893j]
 [-0.23232997-0.02800216j -0.24267773+0.05687885j  0.2237863 +0.j
   0.22389763-0.08177302j]
 [-0.22221337-0.11291103j -0.26358236-0.03176893j  0.22389763+0.08177302j
   0.25388942+0.j        ]]
Hamiltonian equals product state? [[False False False False]
 [False False False False]
 [False False False False]
 [False False False False]]
Hamiltonian: [[ 0. +0.j  0. +0.j  0. +0.j  0. +0.j]
 [ 0. +0.j  0.5+0.j -0.5+0.j  0. +0.j]
 [ 0. +0.j -0.5+0.j  0.5+0.j  0. +0.j]
 [ 0. +0.j  0. +0.j  0. +0.j  0. +0.j]], product state: [[ 0.26636454+0.j         -0.21087637+0.12826017j  0.18381712-0.19640232j
  -0.05095307+0.24400028j]
 [-0.21087637-0.12826017j  0.2287073 +0.j         -0.24009683+0.0669766j
   0.15783   -0.16863597j]
 [ 0.18381712+0.19640232j -0.24009683-0.0669766j   0.27166756+0.j
  -0.21507468+0.13081369j]
 [-0.05095307-0.24400028j  0.15783   +0.16863597j -0.21507468-0.13081369j
   0.2332606 +0.j        ]]
Hamiltonian equals product state? [[False False False False]
 [False False False False]
 [False False False False]
 [False False False False]]
Hamiltonian: [[ 0. +0.j  0. +0.j  0. +0.j  0. +0.j]
 [ 0. +0.j  0.5+0.j -0.5+0.j  0. +0.j]
 [ 0. +0.j -0.5+0.j  0.5+0.j  0. +0.j]
 [ 0. +0.j  0. +0.j  0. +0.j  0. +0.j]], product state: [[ 0.23279504+0.j          0.22669851-0.05521639j -0.22586567+0.10451539j
  -0.19516072+0.15535112j]
 [ 0.22669851+0.05521639j  0.23385835+0.j         -0.24474049+0.04820549j
  -0.22689733+0.10499278j]
 [-0.22586567-0.10451539j -0.24474049-0.04820549j  0.26606567+0.j
   0.25909783-0.06310781j]
 [-0.19516072-0.15535112j -0.22689733-0.10499278j  0.25909783+0.06310781j
   0.26728094+0.j        ]]
Hamiltonian equals product state? [[False False False False]
 [False False False False]
 [False False False False]
 [False False False False]]
Hamiltonian: [[ 0. +0.j  0. +0.j  0. +0.j  0. +0.j]
 [ 0. +0.j  0.5+0.j -0.5+0.j  0. +0.j]
 [ 0. +0.j -0.5+0.j  0.5+0.j  0. +0.j]
 [ 0. +0.j  0. +0.j  0. +0.j  0. +0.j]], product state: [[ 0.24838522+0.j         -0.23582533+0.02842345j  0.10298359+0.23965975j
  -0.12520107-0.21575635j]
 [-0.23582533-0.02842345j  0.22715312+0.j         -0.07035114-0.23932578j
   0.0941805 +0.2191735j ]
 [ 0.10298359-0.23965975j -0.07035114+0.23932578j  0.27393906+0.j
  -0.26008701+0.03134765j]
 [-0.12520107+0.21575635j  0.0941805 -0.2191735j  -0.26008701-0.03134765j
   0.2505226 +0.j        ]]
Hamiltonian equals product state? [[False False False False]
 [False False False False]
 [False False False False]
 [False False False False]]
Hamiltonian: [[ 0. +0.j  0. +0.j  0. +0.j  0. +0.j]
 [ 0. +0.j  0.5+0.j -0.5+0.j  0. +0.j]
 [ 0. +0.j -0.5+0.j  0.5+0.j  0. +0.j]
 [ 0. +0.j  0. +0.j  0. +0.j  0. +0.j]], product state: [[ 0.25206266+0.j          0.25218805-0.0921054j  -0.19955381+0.12137351j
  -0.15530238+0.1943522j ]
 [ 0.25218805+0.0921054j   0.28596944+0.j         -0.24400378+0.04851558j
  -0.22639724+0.13770034j]
 [-0.19955381-0.12137351j -0.24400378-0.04851558j  0.21642734+0.j
   0.21653501-0.07908401j]
 [-0.15530238-0.1943522j  -0.22639724-0.13770034j  0.21653501+0.07908401j
   0.24554055+0.j        ]]
Hamiltonian equals product state? [[False False False False]
 [False False False False]
 [False False False False]
 [False False False False]]
Hamiltonian: [[ 0. +0.j  0. +0.j  0. +0.j  0. +0.j]
 [ 0. +0.j  0.5+0.j -0.5+0.j  0. +0.j]
 [ 0. +0.j -0.5+0.j  0.5+0.j  0. +0.j]
 [ 0. +0.j  0. +0.j  0. +0.j  0. +0.j]], product state: [[ 0.23103094+0.j         -0.22415669+0.1037187j   0.15943353-0.1703433j
  -0.07821595+0.23685065j]
 [-0.22415669-0.1037187j   0.2640503 +0.j         -0.23116331+0.09369893j
   0.18222006-0.19468907j]
 [ 0.15943353+0.1703433j  -0.23116331-0.09369893j  0.23562165+0.j
  -0.2286108 +0.10577965j]
 [-0.07821595-0.23685065j  0.18222006+0.19468907j -0.2286108 -0.10577965j
   0.26929711+0.j        ]]
Hamiltonian equals product state? [[False False False False]
 [False False False False]
 [False False False False]
 [False False False False]]
Hamiltonian: [[ 0. +0.j  0. +0.j  0. +0.j  0. +0.j]
 [ 0. +0.j  0.5+0.j -0.5+0.j  0. +0.j]
 [ 0. +0.j -0.5+0.j  0.5+0.j  0. +0.j]
 [ 0. +0.j  0. +0.j  0. +0.j  0. +0.j]], product state: [[ 0.25106881+0.j         -0.24359834+0.11271447j -0.19877165+0.12089745j
   0.13858173-0.20653645j]
 [-0.24359834-0.11271447j  0.28695202+0.j          0.24713279-0.02806393j
  -0.22718045+0.13817633j]
 [-0.19877165-0.12089745j  0.24713279+0.02806393j  0.21558378+0.j
  -0.20916915+0.09678387j]
 [ 0.13858173+0.20653645j -0.22718045-0.13817633j -0.20916915-0.09678387j
   0.24639539+0.j        ]]
Hamiltonian equals product state? [[False False False False]
 [False False False False]
 [False False False False]
 [False False False False]]
Hamiltonian: [[ 0. +0.j  0. +0.j  0. +0.j  0. +0.j]
 [ 0. +0.j  0.5+0.j -0.5+0.j  0. +0.j]
 [ 0. +0.j -0.5+0.j  0.5+0.j  0. +0.j]
 [ 0. +0.j  0. +0.j  0. +0.j  0. +0.j]], product state: [[ 0.23279464+0.j          0.22669812-0.05521629j -0.22586791+0.10451049j
  -0.19516406+0.15534688j]
 [ 0.22669812+0.05521629j  0.23385795+0.j         -0.24474151+0.04820018j
  -0.22689958+0.10498785j]
 [-0.22586791-0.10451049j -0.24474151-0.04820018j  0.26606607+0.j
   0.25909822-0.0631079j ]
 [-0.19516406-0.15534688j -0.22689958-0.10498785j  0.25909822+0.0631079j
   0.26728134+0.j        ]]
Hamiltonian equals product state? [[False False False False]
 [False False False False]
 [False False False False]
 [False False False False]]
Hamiltonian: [[ 0. +0.j  0. +0.j  0. +0.j  0. +0.j]
 [ 0. +0.j  0.5+0.j -0.5+0.j  0. +0.j]
 [ 0. +0.j -0.5+0.j  0.5+0.j  0. +0.j]
 [ 0. +0.j  0. +0.j  0. +0.j  0. +0.j]], product state: [[ 0.25205738+0.j          0.25218277-0.09210347j -0.1995543 +0.12137348j
  -0.15530288+0.19435234j]
 [ 0.25218277+0.09210347j  0.28596345+0.j         -0.24400426+0.04851537j
  -0.2263978 +0.13770031j]
 [-0.1995543 -0.12137348j -0.24400426-0.04851537j  0.21643262+0.j
   0.21654029-0.07908594j]
 [-0.15530288-0.19435234j -0.2263978 -0.13770031j  0.21654029+0.07908594j
   0.24554655+0.j        ]]
Hamiltonian equals product state? [[False False False False]
 [False False False False]
 [False False False False]
 [False False False False]]
Hamiltonian: [[ 0. +0.j  0. +0.j  0. +0.j  0. +0.j]
 [ 0. +0.j  0.5+0.j -0.5+0.j  0. +0.j]
 [ 0. +0.j -0.5+0.j  0.5+0.j  0. +0.j]
 [ 0. +0.j  0. +0.j  0. +0.j  0. +0.j]], product state: [[ 0.26636402+0.j         -0.21088089+0.12826257j  0.18381675-0.19639502j
  -0.05095774+0.24399979j]
 [-0.21088089-0.12826257j  0.22871722+0.j         -0.24009838+0.06697282j
   0.15783684-0.16863735j]
 [ 0.18381675+0.19639502j -0.24009838-0.06697282j  0.27165681+0.j
  -0.21507121+0.13081121j]
 [-0.05095774-0.24399979j  0.15783684+0.16863735j -0.21507121-0.13081121j
   0.23326195+0.j        ]]
Hamiltonian equals product state? [[False False False False]
 [False False False False]
 [False False False False]
 [False False False False]]
Hamiltonian: [[ 0. +0.j  0. +0.j  0. +0.j  0. +0.j]
 [ 0. +0.j  0.5+0.j -0.5+0.j  0. +0.j]
 [ 0. +0.j -0.5+0.j  0.5+0.j  0. +0.j]
 [ 0. +0.j  0. +0.j  0. +0.j  0. +0.j]], product state: [[ 0.23542564+0.j          0.16246631-0.1735897j   0.09761039+0.22715542j
   0.23485225+0.08478662j]
 [ 0.16246631+0.1735897j   0.2401127 +0.j         -0.10013116+0.2287315j
   0.0995537 +0.23167783j]
 [ 0.09761039-0.22715542j -0.10013116-0.2287315j   0.2596462 +0.j
   0.17918082-0.19144859j]
 [ 0.23485225-0.08478662j  0.0995537 -0.23167783j  0.17918082+0.19144859j
   0.26481546+0.j        ]]
Hamiltonian equals product state? [[False False False False]
 [False False False False]
 [False False False False]
 [False False False False]]
Hamiltonian: [[ 0. +0.j  0. +0.j  0. +0.j  0. +0.j]
 [ 0. +0.j  0.5+0.j -0.5+0.j  0. +0.j]
 [ 0. +0.j -0.5+0.j  0.5+0.j  0. +0.j]
 [ 0. +0.j  0. +0.j  0. +0.j  0. +0.j]], product state: [[ 0.2510745 +0.j         -0.24360103+0.11272212j -0.1987715 +0.12089769j
   0.13857678-0.20653928j]
 [-0.24360103-0.11272212j  0.2869576 +0.j          0.24713296-0.02805883j
  -0.22717955+0.13817616j]
 [-0.1987715 -0.12089769j  0.24713296+0.02805883j  0.21557888+0.j
  -0.20916197+0.09678605j]
 [ 0.13857678+0.20653928j -0.22717955-0.13817616j -0.20916197-0.09678605j
   0.24638901+0.j        ]]
Energy of rounded cut: 5.9429552001741595
Check the cut: [-1, -1, -1, 1, 1, -1, 1, -1, -1, -1]
9 in cut out of a total of 15 edges
Warm-start: SDP solve + rounding finished in 0.08 seconds
Warm-start: statevector build finished in 0.00 seconds
warm_start_correlations: None
Edges: [(3, 9), (2, 7), (0, 1), (3, 8), (2, 6), (7, 9), (0, 3), (6, 8), (1, 5), (4, 5), (5, 9), (4, 8), (1, 4), (0, 2), (6, 7)], weights: [1.0, 1.0, 1.0, 1.0, 1.0, 1.0, 1.0, 1.0, 1.0, 1.0, 1.0, 1.0, 1.0, 1.0, 1.0], set of nodes: {0, 1, 2, 3, 4, 5, 6, 7, 8, 9}, n: 10 nodes, p: 5 layers, N_bayes: 200 iterations
Initial state injected as warm start
Initial state energy for vector-normalised SDP solution used as warm start: 5.111484815149628
Running ADAM optimization with a single iteration (no debug loop)
ADAM optimizer configured with maxiter=200 and learning_rate=0.05
Generated 4 random initial parameter sets for ADAM optimization
Using random initial parameters with:
Param_type 1:  [ 2.95943016  1.55272186 -0.71436578 -2.73133599  2.29019443]
Param_type 2:  [ 2.55964831  1.35778489  0.57841595  1.01824956 -0.22350665]
Param_type 3:  [ 1.97520486 -0.23856187  0.34388678 -1.12853252  0.18257412]
Param_type 4:  [-1.65923467  1.87481205  1.95938542  1.97430574  3.07638175]
Energies observed during ADAM optimization: [3.761193194440688, 3.7611931944695876, 3.76119319446334, 3.7611931945131736, 3.761193194416217, 3.761193194460446, 3.761193194406294, 3.7611931944722388, 3.7611931944384636, 3.7611931944130244, 3.7611931944403385, 3.761193194457819, 3.7611931944279124, 3.7611931944096164, 3.761193194439056, 3.7611931944406876, 3.7611931944498878, 3.7611931944231385, 3.76119319445946, 3.7611931944128667, 3.76119319440856, 3.988714174698607, 3.988714174738697, 3.9887141747368076, 3.9887141747746284, 3.988714174687809, 3.9887141747336603, 3.9887141746967343, 3.9887141747243597, 3.988714174672133, 3.9887141746837793, 3.9887141746969483, 3.988714174739747, 3.9887141746576624, 3.988714174647204, 3.988714174695975, 3.988714174698606, 3.9887141747071695, 3.9887141746921753, 3.988714174719793, 3.9887141746820425, 3.9887141746748935, 4.208235640815472, 4.208235640890746, 4.2082356408923935, 4.208235640907172, 4.208235640763058, 4.208235640832312, 4.208235640838087, 4.208235640839237, 4.208235640787648, 4.208235640788741, 4.208235640813025, 4.208235640843632, 4.208235640780882, 4.208235640814159, 4.208235640818592, 4.208235640815471, 4.208235640820648, 4.2082356408161115, 4.208235640756983, 4.208235640832963, 4.208235640831904, 4.392097012029863, 4.3920970121149265, 4.392097012088828, 4.3920970121005585, 4.392097011969211, 4.392097012059117, 4.392097012046084, 4.392097012064199, 4.392097012061688, 4.392097012040677, 4.392097012055004, 4.392097012007745, 4.392097012046221, 4.392097012095031, 4.392097012046218, 4.392097012029865, 4.39209701208386, 4.392097011981185, 4.3920970118831, 4.392097012038516, 4.392097012097954, 4.650350396434379, 4.650350396520339, 4.650350396510836, 4.650350396514899, 4.650350396425709, 4.650350396453277, 4.650350396447847, 4.650350396526566, 4.650350396449604, 4.650350396509793, 4.650350396478357, 4.650350396376423, 4.650350396489767, 4.650350396533294, 4.650350396448989, 4.650350396434376, 4.650350396494467, 4.650350396376905, 4.6503503962910235, 4.650350396422804, 4.650350396517374, 4.905425751658922, 4.905425751595647, 4.905425751671998, 4.905425751663835, 4.905425751624693, 4.905425751656305, 4.905425751679164, 4.905425751731669, 4.905425751642771, 4.905425751737362, 4.905425751700765, 4.905425751634628, 4.905425751690852, 4.905425751747382, 4.9054257516577735, 4.9054257516589255, 4.905425751644052, 4.905425751665822, 4.905425751628096, 4.905425751670988, 4.905425751771305, 4.914276738870769, 4.914276738643124, 4.9142767387514885, 4.914276738735698, 4.914276738731715, 4.9142767388554045, 4.9142767388907025, 4.91427673882558, 4.914276738859079, 4.914276738904927, 4.914276738897784, 4.91427673889759, 4.914276738858237, 4.914276738894431, 4.914276738866721, 4.914276738870773, 4.914276738795216, 4.914276738931431, 4.914276738919586, 4.914276738917885, 4.914276738996499, 4.975423734092041, 4.975423733836712, 4.975423733944256, 4.9754237339369345, 4.975423733963499, 4.975423734099267, 4.975423734113714, 4.975423733974517, 4.9754237341020975, 4.975423734080681, 4.975423734102347, 4.975423734120207, 4.975423734077665, 4.975423734089319, 4.975423734087943, 4.9754237340920415, 4.975423734016972, 4.975423734161391, 4.97542373414238, 4.975423734148024, 4.9754237341894285, 5.102679014486809, 5.102679014308019, 5.102679014405395, 5.102679014408065, 5.102679014508308, 5.102679014505553, 5.102679014520492, 5.102679014356633, 5.102679014549363, 5.102679014422364, 5.102679014489969, 5.102679014483654, 5.102679014505424, 5.1026790144750676, 5.102679014484548, 5.102679014486806, 5.102679014467096, 5.102679014510992, 5.102679014491104, 5.102679014490087, 5.102679014512452, 5.103523873614447, 5.1035238735708095, 5.1035238736424775, 5.103523873647626, 5.103523873838652, 5.103523873597566, 5.103523873657184, 5.103523873546535, 5.103523873714384, 5.103523873541974, 5.103523873612783, 5.103523873586355, 5.103523873660856, 5.103523873576915, 5.103523873615588, 5.103523873614445, 5.103523873677541, 5.103523873556503, 5.1035238735568305, 5.103523873515158, 5.103523873530739, 5.121720982022035, 5.121720982034228, 5.121720982107031, 5.121720982109625, 5.121720982298304, 5.12172098198239, 5.121720982058905, 5.121720982013278, 5.121720982108474, 5.121720981982355, 5.121720982017434, 5.121720981983376, 5.121720982075614, 5.121720981967059, 5.121720982024696, 5.121720982022032, 5.121720982108151, 5.1217209819404586, 5.1217209819663525, 5.121720981864464, 5.121720981874514, 5.23776344565784, 5.237763445670123, 5.237763445771031, 5.237763445770002, 5.237763445865902, 5.237763445640414, 5.23776344568138, 5.237763445691455, 5.237763445683465, 5.2377634456742435, 5.2377634456540845, 5.237763445639158, 5.237763445688046, 5.237763445592632, 5.237763445659185, 5.237763445657844, 5.23776344570563, 5.237763445613908, 5.23776344567113, 5.237763445498892, 5.237763445503926, 5.323499183186973, 5.3234991831762075, 5.323499183288201, 5.323499183283758, 5.323499183251801, 5.323499183229301, 5.323499183198039, 5.3234991832453575, 5.323499183122586, 5.323499183270309, 5.323499183186759, 5.323499183217287, 5.323499183166937, 5.323499183116405, 5.323499183186714, 5.323499183186969, 5.323499183163651, 5.323499183212358, 5.323499183299064, 5.323499183082514, 5.3234991830819505, 5.361617208089092, 5.361617208048748, 5.361617208126732, 5.36161720811819, 5.361617208026695, 5.361617208177683, 5.3616172080881155, 5.361617208153686, 5.361617207976068, 5.361617208202075, 5.361617208089608, 5.361617208133113, 5.361617208053189, 5.361617208034002, 5.3616172080885995, 5.361617208089104, 5.36161720802649, 5.361617208152689, 5.361617208244235, 5.3616172080438185, 5.36161720804271, 5.417878421648453, 5.417878421579508, 5.417878421596392, 5.417878421582174, 5.417878421510163, 5.417878421745508, 5.417878421637894, 5.417878421709222, 5.417878421548909, 5.417878421746249, 5.417878421648064, 5.417878421648087, 5.417878421651702, 5.417878421630694, 5.417878421648309, 5.417878421648453, 5.417878421595798, 5.417878421702617, 5.41787842177779, 5.417878421635498, 5.41787842163641, 5.486129624902464, 5.48612962482521, 5.48612962478762, 5.486129624765616, 5.486129624733808, 5.486129624994126, 5.4861296248923495, 5.486129624955897, 5.486129624843274, 5.486129624970789, 5.486129624902636, 5.4861296248409515, 5.486129624959169, 5.486129624921831, 5.4861296249024685, 5.486129624902461, 5.486129624882618, 5.486129624925301, 5.486129624983997, 5.486129624898207, 5.486129624899036, 5.595494682546708, 5.59549468249813, 5.595494682435701, 5.595494682404566, 5.595494682396936, 5.595494682647623, 5.595494682547975, 5.595494682595966, 5.595494682520001, 5.595494682598127, 5.595494682547377, 5.595494682459858, 5.595494682621762, 5.595494682580591, 5.595494682546704, 5.595494682546701, 5.59549468256325, 5.595494682534883, 5.595494682589057, 5.59549468253992, 5.595494682539706, 5.729625388193107, 5.729625388215514, 5.729625388157134, 5.729625388116183, 5.729625388112173, 5.729625388321706, 5.72962538820668, 5.729625388245665, 5.729625388190309, 5.729625388235048, 5.729625388191057, 5.729625388134116, 5.729625388236341, 5.729625388217207, 5.729625388193164, 5.729625388193109, 5.729625388240782, 5.729625388151888, 5.729625388205836, 5.729625388188855, 5.729625388190293, 5.819637700610239, 5.819637700717544, 5.819637700678098, 5.819637700625825, 5.81963770061923, 5.8196377007713505, 5.819637700629781, 5.819637700668577, 5.81963770063039, 5.819637700639197, 5.8196377006012, 5.81963770061698, 5.819637700587984, 5.819637700613921, 5.819637700610491, 5.81963770061025, 5.819637700671919, 5.819637700555775, 5.819637700603448, 5.819637700625267, 5.819637700632619, 5.870854109650048, 5.870854109796954, 5.870854109772823, 5.870854109709978, 5.870854109720695, 5.870854109825254, 5.870854109673665, 5.870854109702806, 5.87085410968608, 5.870854109664545, 5.870854109633277, 5.87085410971117, 5.870854109575427, 5.870854109644162, 5.870854109650364, 5.87085410965005, 5.870854109709335, 5.87085410959737, 5.870854109630742, 5.870854109694738, 5.870854109708799, 5.952918865075827, 5.952918865200881, 5.952918865185849, 5.95291886512053, 5.952918865164046, 5.952918865232951, 5.952918865105144, 5.9529188651082094, 5.952918865110971, 5.952918865081646, 5.952918865056504, 5.9529188651491545, 5.952918864988697, 5.952918865074754, 5.952918865076034, 5.952918865075831, 5.95291886512366, 5.952918865034795, 5.952918865054429, 5.9529188651403695, 5.952918865155956, 6.0605758539296914, 6.060575853995009, 6.060575853989596, 6.060575853934693, 6.060575854001266, 6.0605758540366, 6.060575853958773, 6.060575853933981, 6.060575853948355, 6.06057585393506, 6.0605758539155605, 6.060575853978063, 6.060575853864276, 6.060575853937828, 6.060575853929685, 6.060575853929685, 6.060575853955123, 6.0605758539134325, 6.060575853931626, 6.06057585398595, 6.060575853996348, 6.127570780114916, 6.127570780122594, 6.127570780127937, 6.12757078009319, 6.127570780149712, 6.127570780146467, 6.127570780129233, 6.12757078009313, 6.127570780109046, 6.127570780121836, 6.127570780110652, 6.127570780121141, 6.127570780089188, 6.127570780126865, 6.127570780114762, 6.127570780114908, 6.127570780102493, 6.1275707801396475, 6.127570780169099, 6.127570780132076, 6.127570780134723, 6.121828321313139, 6.121828321296241, 6.1218283213073335, 6.121828321290697, 6.121828321307241, 6.121828321265539, 6.121828321305107, 6.121828321270659, 6.121828321286242, 6.121828321315125, 6.121828321316836, 6.121828321289256, 6.121828321321044, 6.1218283213197475, 6.121828321312996, 6.121828321313148, 6.121828321258857, 6.121828321379758, 6.121828321417797, 6.121828321287057, 6.121828321285365, 6.088698779733077, 6.088698779713398, 6.088698779722334, 6.088698779714397, 6.0886987796950995, 6.0886987796293806, 6.088698779712433, 6.088698779672689, 6.088698779695305, 6.088698779727219, 6.088698779740099, 6.088698779704551, 6.0886987797544245, 6.088698779730444, 6.088698779733022, 6.088698779733078, 6.088698779656301, 6.088698779815894, 6.0886987798465855, 6.088698779693477, 6.088698779691732, 6.074584732438145, 6.0745847324127356, 6.074584732416385, 6.074584732410502, 6.074584732385877, 6.0745847323115605, 6.074584732420112, 6.07458473236719, 6.074584732401197, 6.074584732429335, 6.074584732445477, 6.074584732420998, 6.0745847324573505, 6.074584732427986, 6.0745847324381455, 6.074584732438148, 6.074584732369692, 6.074584732501017, 6.074584732511774, 6.074584732420275, 6.0745847324197255, 6.072105687702386, 6.072105687667478, 6.072105687667223, 6.0721056876605655, 6.072105687659969, 6.072105687579627, 6.072105687694847, 6.072105687640067, 6.072105687680873, 6.072105687696967, 6.072105687708103, 6.0721056877017965, 6.072105687713643, 6.07210568768785, 6.072105687702381, 6.072105687702386, 6.07210568767045, 6.072105687715005, 6.07210568770557, 6.0721056877243305, 6.072105687724316, 6.058482665017896, 6.058482664985793, 6.058482664984361, 6.058482664977191, 6.058482665004694, 6.058482664909, 6.058482665017149, 6.058482664987709, 6.05848266502388, 6.058482665020099, 6.058482665020808, 6.058482665032481, 6.0584826650228365, 6.05848266500188, 6.058482665017892, 6.058482665017884, 6.058482665034218, 6.058482664970582, 6.05848266495305, 6.058482665071742, 6.05848266507168, 6.042164737749978, 6.042164737742128, 6.0421647377415555, 6.042164737737999, 6.042164737768574, 6.042164737648865, 6.042164737744782, 6.042164737762137, 6.042164737781621, 6.042164737761794, 6.042164737750728, 6.042164737771249, 6.042164737755498, 6.042164737734684, 6.04216473774999, 6.042164737749973, 6.0421647377996734, 6.042164737663808, 6.042164737655239, 6.042164737805629, 6.042164737805537, 6.0438931066948145, 6.043893106721108, 6.043893106721856, 6.04389310672787, 6.043893106735528, 6.043893106594448, 6.043893106677286, 6.043893106736947, 6.043893106738616, 6.043893106714796, 6.043893106694931, 6.043893106710603, 6.043893106708481, 6.043893106681367, 6.043893106694832, 6.043893106694813, 6.043893106748081, 6.043893106606637, 6.0438931066176185, 6.043893106721404, 6.0438931067213595, 6.064406006846039, 6.064406006889789, 6.064406006890705, 6.064406006910947, 6.064406006896702, 6.064406006749528, 6.064406006818483, 6.064406006890958, 6.064406006888421, 6.064406006867569, 6.064406006845991, 6.064406006847895, 6.064406006870901, 6.06440600683449, 6.064406006846052, 6.064406006846047, 6.064406006880104, 6.0644060067837, 6.064406006811808, 6.0644060068340835, 6.064406006833935, 6.094132798492365, 6.094132798515349, 6.094132798515049, 6.094132798551318, 6.09413279854196, 6.094132798410539, 6.094132798463998, 6.094132798513255, 6.094132798522632, 6.09413279850654, 6.094132798491531, 6.0941327984786815, 6.094132798525435, 6.0941327984828115, 6.094132798492355, 6.0941327984923666, 6.0941327985005325, 6.094132798464731, 6.0941327984961955, 6.094132798458777, 6.094132798458281, 6.117891997011795, 6.117891996981554, 6.117891996980124, 6.117891997029713, 6.117891997053443, 6.117891996954762, 6.117891996990952, 6.117891996995624, 6.1178919970226335, 6.117891997014304, 6.117891997009874, 6.11789199698692, 6.117891997046236, 6.1178919970054295, 6.1178919970117835, 6.117891997011789, 6.117891996999527, 6.117891997012547, 6.117891997032426, 6.117891996984358, 6.117891996983505, 6.129564062568312, 6.129564062489808, 6.129564062488792, 6.129564062543546, 6.129564062602437, 6.129564062536819, 6.129564062556139, 6.129564062521874, 6.129564062559626, 6.129564062561919, 6.129564062565916, 6.129564062541038, 6.129564062596086, 6.129564062566745, 6.129564062568312, 6.129564062568306, 6.129564062545267, 6.1295640625845484, 6.129564062588176, 6.12956406256283, 6.12956406256191, 6.143595590363014, 6.1435955902813575, 6.143595590282119, 6.1435955903322705, 6.14359559039745, 6.143595590349212, 6.143595590353443, 6.143595590307643, 6.143595590342616, 6.143595590351812, 6.1435955903610315, 6.143595590343982, 6.14359559037708, 6.143595590367012, 6.143595590363025, 6.143595590363006, 6.143595590337182, 6.143595590383548, 6.143595590377496, 6.143595590375708, 6.143595590375105, 6.161849023922921, 6.161849023888544, 6.161849023891065, 6.161849023929246, 6.1618490239690304, 6.161849023920955, 6.161849023909553, 6.1618490238825645, 6.1618490239021435, 6.1618490239072, 6.161849023922189, 6.161849023919737, 6.161849023919272, 6.161849023932228, 6.1618490239229455, 6.161849023922933, 6.16184902390002, 6.16184902394149, 6.161849023934477, 6.161849023941984, 6.1618490239418335, 6.1697599187797385, 6.169759918808886, 6.1697599188118755, 6.169759918834403, 6.169759918844495, 6.169759918790973, 6.169759918762674, 6.169759918768339, 6.169759918768691, 6.169759918758159, 6.169759918780826, 6.1697599187919225, 6.1697599187596115, 6.169759918793353, 6.169759918779755, 6.169759918779745, 6.169759918765391, 6.169759918792645, 6.1697599187886905, 6.169759918798694, 6.169759918798807, 6.173254186599637, 6.173254186660113, 6.173254186662008, 6.173254186669868, 6.173254186678288, 6.173254186625848, 6.173254186586359, 6.173254186612501, 6.173254186602957, 6.173254186574145, 6.173254186602613, 6.1732541866178465, 6.173254186570085, 6.173254186616315, 6.173254186599637, 6.173254186599647, 6.173254186599666, 6.173254186604042, 6.1732541866024695, 6.173254186621244, 6.173254186621377, 6.186246311606875, 6.186246311647223, 6.186246311647496, 6.186246311645109, 6.186246311684555, 6.186246311642407, 6.186246311605363, 6.18624631162637, 6.186246311621683, 6.186246311582271, 6.186246311610972, 6.18624631161849, 6.186246311577931, 6.18624631162506, 6.186246311606885, 6.186246311606876, 6.1862463116224955, 6.186246311603945, 6.186246311603944, 6.186246311635114, 6.186246311635256, 6.201926875709329, 6.201926875702703, 6.201926875702603, 6.2019268756938235, 6.201926875768582, 6.201926875740538, 6.201926875719656, 6.2019268757202175, 6.20192687572743, 6.201926875688171, 6.20192687571283, 6.201926875705523, 6.201926875689646, 6.201926875726692, 6.201926875709341, 6.201926875709332, 6.201926875731852, 6.201926875707844, 6.201926875711625, 6.201926875739124, 6.201926875739393, 6.212685651467432, 6.212685651430461, 6.212685651431983, 6.212685651418498, 6.212685651495898, 6.212685651478916, 6.212685651480166, 6.212685651467507, 6.212685651480603, 6.2126856514474715, 6.212685651468374, 6.212685651447466, 6.212685651460071, 6.212685651481193, 6.212685651467497, 6.212685651467425, 6.212685651482259, 6.21268565147931, 6.21268565149165, 6.21268565148415, 6.212685651484266, 6.2202446022200455, 6.220244602191102, 6.220244602195035, 6.220244602177081, 6.220244602214937, 6.220244602204789, 6.220244602225056, 6.220244602217066, 6.220244602224387, 6.220244602198731, 6.220244602217562, 6.2202446021898865, 6.220244602221879, 6.220244602228557, 6.220244602220164, 6.220244602220043, 6.220244602219186, 6.2202446022490205, 6.220244602272389, 6.2202446022131515, 6.220244602212796, 6.226666781782658, 6.2266667817845684, 6.226666781789334, 6.226666781766472, 6.2266667817499695, 6.226666781748491, 6.226666781779133, 6.226666781784369, 6.226666781779137, 6.226666781763557, 6.226666781777926, 6.226666781750526, 6.226666781787433, 6.226666781786718, 6.226666781782844, 6.22666678178266, 6.226666781772335, 6.226666781819068, 6.226666781848261, 6.226666781761085, 6.226666781760373, 6.235041498113579, 6.23504149813992, 6.235041498142958, 6.235041498114604, 6.235041498063846, 6.235041498077361, 6.2350414981099505, 6.23504149812154, 6.235041498107016, 6.235041498104506, 6.235041498108868, 6.235041498086931, 6.235041498114769, 6.235041498116047, 6.235041498113723, 6.235041498113573, 6.235041498108617, 6.235041498141391, 6.235041498165482, 6.2350414981018165, 6.235041498101172, 6.242746726956163, 6.242746726986577, 6.242746726986287, 6.242746726953252, 6.242746726900556, 6.242746726932617, 6.242746726961176, 6.242746726967139, 6.242746726953046, 6.24274672696226, 6.242746726953378, 6.2427467269402825, 6.242746726949188, 6.2427467269596955, 6.242746726956244, 6.242746726956159, 6.242746726968208, 6.242746726964421, 6.242746726976083, 6.242746726973115, 6.242746726972843, 6.246737363568629, 6.246737363591464, 6.246737363588091, 6.2467373635539625, 6.246737363515414, 6.246737363562572, 6.2467373635830095, 6.246737363579626, 6.246737363572677, 6.246737363588452, 6.246737363568758, 6.2467373635645425, 6.246737363552983, 6.246737363573207, 6.246737363568653, 6.246737363568636, 6.246737363597073, 6.24673736355924, 6.246737363561367, 6.24673736360938, 6.2467373636093795, 6.253461264464218, 6.253461264483367, 6.253461264478548, 6.253461264448961, 6.253461264416106, 6.2534612644708325, 6.253461264480593, 6.253461264474147, 6.253461264474344, 6.25346126449167, 6.253461264467248, 6.253461264468436, 6.253461264443537, 6.253461264466814, 6.253461264464224, 6.2534612644642245, 6.253461264496842, 6.253461264450759, 6.2534612644539225, 6.253461264502422, 6.253461264502498, 6.263987433610762, 6.263987433631476, 6.263987433627485, 6.263987433607452, 6.263987433566537, 6.263987433622592, 6.263987433620829, 6.263987433617397, 6.263987433623651, 6.263987433639008, 6.263987433615803, 6.263987433617985, 6.263987433590014, 6.26398743360791, 6.2639874336107635, 6.263987433610768, 6.263987433633927, 6.263987433607937, 6.263987433621403, 6.263987433620867, 6.263987433620915, 6.272154187870935, 6.272154187885592, 6.2721541878843095, 6.272154187875834, 6.272154187830465, 6.272154187884581, 6.272154187872479, 6.272154187869888, 6.272154187883784, 6.272154187895391, 6.272154187876435, 6.272154187877069, 6.272154187853487, 6.272154187862019, 6.27215418787095, 6.272154187870931, 6.27215418788035, 6.272154187883492, 6.272154187907467, 6.272154187849689, 6.272154187849792, 6.279326930054264, 6.27932693004787, 6.279326930049307, 6.279326930051104, 6.2793269300219, 6.279326930072388, 6.279326930051524, 6.279326930043459, 6.279326930064972, 6.2793269300741175, 6.279326930059001, 6.27932693005708, 6.279326930041199, 6.279326930042625, 6.27932693005429, 6.279326930054259, 6.279326930056813, 6.279326930074422, 6.279326930099713, 6.279326930022549, 6.279326930022746, 6.2880183644799, 6.2880183644501235, 6.2880183644525, 6.288018364461445, 6.28801836446223, 6.288018364506677, 6.28801836447683, 6.288018364463547, 6.288018364487377, 6.288018364496531, 6.288018364483629, 6.2880183644781, 6.288018364471364, 6.288018364470261, 6.288018364479948, 6.288018364479901, 6.288018364485095, 6.288018364495696, 6.288018364511712, 6.288018364462038, 6.288018364462342, 6.296223163162885, 6.296223163130073, 6.296223163131657, 6.29622316314444, 6.296223163161999, 6.296223163197492, 6.296223163157697, 6.296223163149506, 6.29622316316706, 6.296223163176796, 6.29622316316588, 6.296223163156242, 6.296223163158707, 6.296223163157731, 6.296223163162919, 6.296223163162881, 6.296223163173385, 6.2962231631687695, 6.2962231631715415, 6.296223163166259, 6.296223163166626, 6.301817766904996, 6.301817766895715, 6.30181776689622, 6.301817766910341, 6.301817766915668, 6.301817766940614, 6.301817766892545, 6.3018177669011015, 6.301817766905287, 6.301817766914258, 6.301817766906861, 6.301817766894575, 6.301817766904399, 6.301817766903167, 6.301817766904987, 6.301817766905001, 6.301817766915751, 6.301817766904633, 6.301817766897132, 6.30181776692053, 6.301817766920889, 6.30426741454125, 6.304267414559702, 6.304267414560389, 6.304267414574533, 6.304267414555395, 6.304267414570804, 6.304267414520184, 6.304267414545638, 6.304267414536204, 6.304267414543035, 6.3042674145409645, 6.304267414528733, 6.304267414542719, 6.304267414539681, 6.30426741454128, 6.304267414541247, 6.304267414546682, 6.304267414541051, 6.304267414528655, 6.3042674145584225, 6.304267414558404, 6.308126627154103, 6.308126627175756, 6.308126627178407, 6.308126627192097, 6.308126627166136, 6.308126627174342, 6.30812662712966, 6.308126627158737, 6.308126627143808, 6.308126627146902, 6.308126627150979, 6.308126627141181, 6.308126627155568, 6.308126627150019, 6.308126627154238, 6.308126627154106, 6.308126627153982, 6.308126627156637, 6.308126627144158, 6.308126627169593, 6.308126627168836, 6.314676340295739, 6.314676340292768, 6.314676340298247, 6.314676340310915, 6.31467634030405, 6.31467634030649, 6.314676340275338, 6.3146763402935235, 6.3146763402836505, 6.314676340280119, 6.3146763402902435, 6.314676340284365, 6.314676340295097, 6.314676340287834, 6.314676340296038, 6.314676340295745, 6.314676340293704, 6.314676340299655, 6.31467634029135, 6.3146763403093, 6.314676340307839, 6.320017829322451, 6.320017829292822, 6.320017829299618, 6.320017829310395, 6.320017829328298, 6.320017829324867, 6.320017829309736, 6.320017829314062, 6.320017829314519, 6.320017829301086, 6.320017829316539, 6.320017829314708, 6.320017829318453, 6.3200178293110625, 6.320017829322808, 6.32001782932244, 6.320017829321755, 6.320017829325573, 6.320017829325889, 6.320017829330683, 6.320017829329116, 6.32476561292801, 6.3247656128969245, 6.32476561290126, 6.324765612909443, 6.324765612933787, 6.32476561292398, 6.32476561292147, 6.324765612920838, 6.324765612929864, 6.324765612906134, 6.324765612924547, 6.324765612925109, 6.324765612920782, 6.324765612914831, 6.324765612928238, 6.324765612928011, 6.3247656129298475, 6.324765612928505, 6.324765612940689, 6.324765612925498, 6.324765612924626, 6.329141153221463, 6.329141153214699, 6.329141153212386, 6.32914115321766, 6.329141153228967, 6.329141153213962, 6.329141153218541, 6.329141153221917, 6.329141153235254, 6.329141153205497, 6.329141153222462, 6.32914115322334, 6.329141153211788, 6.3291411532086315, 6.329141153221426, 6.32914115322146, 6.329141153226426, 6.329141153217034, 6.3291411532397595, 6.329141153208678, 6.329141153208857, 6.33176100516904, 6.331761005188888, 6.331761005178144, 6.3317610051805, 6.331761005176907, 6.331761005160642, 6.331761005170142, 6.331761005175671, 6.3317610051913364, 6.331761005162478, 6.331761005173623, 6.331761005174562, 6.331761005157514, 6.331761005157525, 6.331761005168731, 6.331761005169033, 6.331761005177656, 6.331761005157863, 6.331761005183689, 6.331761005155878, 6.331761005156767, 6.334496347816683, 6.334496347844836, 6.334496347827669, 6.334496347827681, 6.334496347819475, 6.334496347807147, 6.334496347823829, 6.3344963478212994, 6.334496347839523, 6.334496347817488, 6.334496347820985, 6.334496347823293, 6.334496347804283, 6.334496347805393, 6.334496347816219, 6.334496347816679, 6.334496347827314, 6.334496347800284, 6.334496347820107, 6.334496347814635, 6.334496347815524, 6.338079872011338, 6.338079872030903, 6.338079872011427, 6.338079872010502, 6.338079872003481, 6.338079871998613, 6.338079872023717, 6.3380798720076825, 6.338079872027069, 6.338079872013978, 6.338079872011301, 6.338079872015242, 6.338079872000513, 6.3380798719982945, 6.338079872010866, 6.338079872011345, 6.338079872018955, 6.338079871995574, 6.33807987200517, 6.338079872022294, 6.338079872022321, 6.342041275416133, 6.342041275426545, 6.342041275407996, 6.342041275407884, 6.342041275397346, 6.342041275399848, 6.342041275428795, 6.342041275406587, 6.3420412754222, 6.342041275415911, 6.3420412754105095, 6.342041275414202, 6.342041275409887, 6.342041275400597, 6.342041275415842, 6.342041275416135, 6.342041275415267, 6.342041275407571, 6.342041275410028, 6.342041275430761, 6.34204127542958, 6.346595240981677, 6.346595240992376, 6.346595240975422, 6.3465952409776065, 6.346595240959338, 6.346595240965874, 6.346595240989717, 6.346595240974436, 6.3465952409815305, 6.34659524097731, 6.346595240972899, 6.346595240974056, 6.346595240980799, 6.346595240965192, 6.3465952409815785, 6.3465952409816735, 6.346595240971493, 6.346595240982404, 6.346595240983792, 6.3465952409895205, 6.346595240987691, 6.351444864329889, 6.351444864344918, 6.351444864328859, 6.351444864333843, 6.35144486431604, 6.3514448643224135, 6.351444864333075, 6.351444864330652, 6.351444864329741, 6.351444864323289, 6.3514448643224, 6.351444864320455, 6.351444864331491, 6.351444864315663, 6.3514448643299035, 6.351444864329902, 6.351444864315677, 6.351444864335676, 6.351444864339307, 6.35144486432964, 6.351444864328292, 6.355759009958498, 6.355759009971686, 6.355759009956403, 6.355759009964083, 6.355759009962576, 6.355759009966066, 6.355759009960449, 6.35575900996625, 6.355759009962429, 6.355759009952468, 6.355759009956129, 6.355759009952313, 6.355759009957959, 6.355759009949538, 6.355759009958512, 6.355759009958499, 6.355759009947487, 6.355759009962704, 6.355759009967706, 6.355759009957299, 6.3557590099569765, 6.3583900685429775, 6.358390068546796, 6.358390068534323, 6.3583900685444155, 6.358390068564521, 6.358390068565098, 6.358390068546257, 6.358390068552806, 6.358390068550551, 6.358390068538844, 6.358390068546643, 6.3583900685424695, 6.358390068537896, 6.358390068540242, 6.358390068542974, 6.358390068542968, 6.358390068538328, 6.358390068542335, 6.358390068546949, 6.358390068546593, 6.358390068546901, 6.360291344335198, 6.360291344329849, 6.360291344323664, 6.360291344335943, 6.360291344362311, 6.360291344362572, 6.3602913443382105, 6.360291344343053, 6.360291344343101, 6.360291344332084, 6.3602913443422935, 6.360291344338448, 6.360291344327452, 6.36029134433686, 6.360291344335219, 6.360291344335195, 6.360291344333729, 6.360291344332264, 6.360291344336812, 6.360291344341151, 6.360291344341541, 6.36282308512706, 6.362823085118393, 6.362823085120815, 6.362823085135041, 6.36282308514394, 6.362823085147648, 6.362823085126373, 6.362823085131589, 6.3628230851321215, 6.362823085123378, 6.362823085133263, 6.362823085129773, 6.362823085120906, 6.362823085129922, 6.362823085127114, 6.362823085127066, 6.3628230851232725, 6.362823085126508, 6.362823085132549, 6.362823085128965, 6.362823085129238, 6.364788224435047, 6.364788224425596, 6.364788224435943, 6.36478822445146, 6.364788224433417, 6.364788224443183, 6.364788224429662, 6.364788224436253, 6.364788224436083, 6.364788224430791, 6.364788224437376, 6.364788224434304, 6.36478822443324, 6.364788224436727, 6.3647882244351575, 6.364788224435047, 6.364788224427339, 6.3647882244379455, 6.364788224445598, 6.3647882244318215, 6.364788224431925, 6.365915399224996, 6.365915399211736, 6.365915399226479, 6.365915399242171, 6.365915399208864, 6.365915399224219, 6.365915399217533, 6.365915399223276, 6.365915399223437, 6.365915399222697, 6.365915399223684, 6.365915399221162, 6.365915399226906, 6.365915399225276, 6.365915399225164, 6.365915399225001, 6.365915399217018, 6.365915399227411, 6.365915399234968, 6.365915399222605, 6.365915399222528, 6.367077589192576, 6.367077589173867, 6.367077589188541, 6.367077589203372, 6.367077589172636, 6.367077589190101, 6.367077589186538, 6.367077589189648, 6.367077589191767, 6.367077589195597, 6.3670775891903775, 6.367077589188353, 6.367077589195425, 6.367077589193006, 6.367077589192683, 6.36707758919257, 6.367077589189261, 6.367077589189662, 6.3670775891962235, 6.367077589196339, 6.367077589196195, 6.368454671223645, 6.368454671204515, 6.368454671215758, 6.368454671229247, 6.368454671207524, 6.368454671222785, 6.368454671220353, 6.36845467122284, 6.368454671226618, 6.368454671233158, 6.368454671223386, 6.368454671221557, 6.368454671224986, 6.368454671225722, 6.368454671223654, 6.3684546712236445, 6.368454671226354, 6.368454671214298, 6.368454671221709, 6.368454671231401, 6.3684546712313885, 6.370268699288461, 6.370268699275981, 6.370268699282809, 6.3702686992949, 6.370268699276354, 6.3702686992870685, 6.370268699287061, 6.370268699292449, 6.370268699295631, 6.370268699301629, 6.3702686992910476, 6.3702686992890625, 6.370268699287556, 6.3702686992924225, 6.370268699288381, 6.370268699288463, 6.370268699293823, 6.370268699276192, 6.370268699287138, 6.3702686992931135, 6.370268699293304, 6.372548022611265, 6.3725480226061215, 6.372548022609398, 6.37254802262032, 6.37254802259967, 6.372548022606477, 6.372548022610885, 6.372548022619346, 6.372548022619815, 6.372548022622321, 6.372548022615457, 6.372548022613119, 6.372548022608833, 6.372548022616172, 6.372548022611203, 6.372548022611268, 6.372548022614104, 6.372548022601167, 6.372548022615531, 6.372548022609235, 6.37254802260953, 6.375077073360196, 6.375077073355918, 6.375077073356893, 6.375077073366952, 6.375077073347702, 6.375077073352629, 6.375077073361191, 6.375077073368878, 6.375077073365974, 6.3750770733641025, 6.375077073363935, 6.37507707336101, 6.375077073357318, 6.37507707336477, 6.375077073360263, 6.37507707336021, 6.3750770733574464, 6.375077073355003, 6.375077073369019, 6.375077073355255, 6.375077073355578, 6.377447087082836, 6.377447087074961, 6.377447087073839, 6.377447087083189, 6.377447087071543, 6.377447087076047, 6.377447087085783, 6.37744708708985, 6.377447087083555, 6.3774470870790125, 6.3774470870848905, 6.377447087080945, 6.37744708708026, 6.3774470870863444, 6.377447087083088, 6.37744708708283, 6.377447087074955, 6.377447087081684, 6.3774470870911015, 6.377447087081593, 6.377447087081809, 6.379555447220621, 6.379555447213245, 6.379555447209299, 6.379555447217934, 6.379555447213548, 6.379555447217616, 6.379555447224941, 6.3795554472271885, 6.3795554472177765, 6.379555447213156, 6.379555447221293, 6.3795554472156955, 6.379555447218751, 6.379555447223091, 6.379555447221013, 6.379555447220612, 6.379555447210215, 6.3795554472207, 6.3795554472247735, 6.379555447225449, 6.379555447225539, 6.3817305231576285, 6.3817305231585415, 6.381730523151534, 6.381730523159203, 6.381730523156288, 6.3817305231586126, 6.381730523161987, 6.381730523166317, 6.381730523155252, 6.381730523151718, 6.381730523158045, 6.381730523150505, 6.3817305231565715, 6.381730523159476, 6.381730523157953, 6.381730523157637, 6.381730523147305, 6.381730523156377, 6.381730523158347, 6.381730523165189, 6.381730523165284, 6.383963667324957, 6.3839636673351805, 6.383963667326418, 6.383963667333041, 6.383963667329409, 6.383963667328125, 6.383963667328805, 6.383963667335506, 6.383963667326463, 6.383963667323102, 6.3839636673260625, 6.383963667316693, 6.3839636673245925, 6.383963667326423, 6.383963667325049, 6.383963667324957, 6.383963667316413, 6.383963667320998, 6.383963667325205, 6.383963667330577, 6.383963667330791, 6.386433696666849, 6.386433696677694, 6.386433696669801, 6.38643369667576, 6.386433696675969, 6.38643369666965, 6.3864336966710145, 6.386433696675373, 6.386433696672432, 6.386433696667621, 6.386433696668639, 6.386433696658018, 6.386433696666917, 6.386433696667645, 6.386433696666671, 6.386433696666851, 6.386433696660523, 6.386433696660152, 6.386433696668806, 6.386433696668747, 6.386433696669109, 6.389219343386322, 6.3892193433881035, 6.389219343384033, 6.389219343389996, 6.389219343397167, 6.38921934338629, 6.38921934339132, 6.389219343389124, 6.389219343393299, 6.389219343386303, 6.389219343388119, 6.389219343377137, 6.389219343386402, 6.389219343385811, 6.389219343386045, 6.389219343386314, 6.389219343381307, 6.389219343377978, 6.389219343390387, 6.389219343385731, 6.389219343386114, 6.3921045545750514, 6.392104554567017, 6.392104554568418, 6.392104554574734, 6.392104554583168, 6.392104554570416, 6.392104554579639, 6.39210455457257, 6.392104554580621, 6.3921045545720725, 6.392104554576432, 6.392104554566168, 6.392104554574463, 6.392104554572922, 6.392104554574924, 6.392104554575047, 6.392104554569664, 6.392104554566456, 6.392104554580469, 6.392104554573743, 6.3921045545740585, 6.3952108959315614, 6.395210895921377, 6.39521089592766, 6.395210895933965, 6.395210895933899, 6.395210895922663, 6.395210895933535, 6.395210895928232, 6.39521089593472, 6.395210895926563, 6.395210895932866, 6.395210895924151, 6.3952108959294565, 6.395210895928112, 6.39521089593169, 6.395210895931566, 6.3952108959249525, 6.39521089592315, 6.395210895936649, 6.395210895930964, 6.39521089593129, 6.3984713344440305, 6.398471334438193, 6.398471334446879, 6.398471334452296, 6.398471334441755, 6.398471334433844, 6.398471334442566, 6.398471334444273, 6.3984713344453965, 6.398471334440091, 6.398471334446046, 6.398471334439, 6.398471334439931, 6.398471334440132, 6.398471334444323, 6.398471334444022, 6.398471334437253, 6.398471334434717, 6.398471334446579, 6.398471334445657, 6.398471334446241, 6.401864613558811, 6.401864613556059, 6.401864613564243, 6.401864613568151, 6.4018646135559365, 6.401864613550949, 6.401864613555237, 6.401864613563901, 6.40186461355948, 6.4018646135583435, 6.401864613561831, 6.401864613555668, 6.401864613553159, 6.401864613555024, 6.401864613559009, 6.401864613558818, 6.401864613553604, 6.40186461354721, 6.401864613557806, 6.401864613563291, 6.401864613564285, 6.405657453703885, 6.405657453699052, 6.405657453704831, 6.405657453707531, 6.405657453702785, 6.405657453699496, 6.405657453699999, 6.405657453712522, 6.4056574537045385, 6.405657453706628, 6.405657453707423, 6.405657453700726, 6.40565745369824, 6.405657453700029, 6.40565745370385, 6.405657453703888, 6.405657453700369, 6.40565745369037, 6.4056574537014, 6.40565745370917, 6.405657453710458, 6.409937772001706, 6.4099377719935795, 6.409937771996435, 6.409937771999003, 6.409937772000955, 6.4099377719991155, 6.409937771998142, 6.409937772012231, 6.409937772002387, 6.4099377720051836, 6.409937772005251, 6.4099377719968205, 6.4099377719974795, 6.409937771997284, 6.409937772001613, 6.409937772001703, 6.409937771997673, 6.409937771988598, 6.409937772001628, 6.409937772004073, 6.409937772005429, 6.414717025977564, 6.41471702597019, 6.414717025970563, 6.414717025974335, 6.414717025974889, 6.414717025975234, 6.414717025974426, 6.414717025988794, 6.414717025977866, 6.414717025979561, 6.414717025981504, 6.414717025970892, 6.414717025974645, 6.414717025972708, 6.414717025977748, 6.414717025977562, 6.414717025970464, 6.414717025967241, 6.414717025981558, 6.414717025975608, 6.414717025977118, 6.419987609641278, 6.419987609638273, 6.419987609636741, 6.419987609642629, 6.419987609637445, 6.419987609640423, 6.419987609639474, 6.419987609651954, 6.419987609640668, 6.419987609641814, 6.419987609646362, 6.4199876096339095, 6.419987609638297, 6.419987609636868, 6.4199876096419315, 6.419987609641272, 6.419987609630894, 6.419987609633923, 6.419987609646687, 6.419987609638153, 6.419987609640239, 6.425649107470164, 6.425649107470786, 6.425649107467675, 6.425649107475651, 6.425649107468158, 6.425649107472945, 6.425649107471064, 6.425649107479047, 6.425649107468566, 6.425649107471134, 6.425649107476213, 6.425649107462434, 6.4256491074663975, 6.42564910746679, 6.425649107471011, 6.425649107470167, 6.4256491074587085, 6.42564910746385, 6.425649107472865, 6.425649107470396, 6.425649107473307, 6.431607165394887, 6.431607165396072, 6.431607165391736, 6.4316071654011635, 6.431607165395649, 6.431607165400827, 6.431607165398534, 6.431607165401648, 6.431607165393198, 6.431607165397871, 6.431607165400419, 6.431607165385479, 6.431607165391817, 6.431607165392109, 6.431607165395452, 6.431607165394888, 6.431607165384848, 6.431607165387703, 6.431607165393963, 6.43160716539922, 6.431607165402467, 6.437886877390037, 6.437886877390086, 6.437886877385516, 6.437886877395817, 6.437886877391085, 6.437886877395364, 6.437886877394505, 6.437886877395507, 6.437886877389502, 6.437886877394688, 6.4378868773937565, 6.437886877377678, 6.437886877389938, 6.437886877386758, 6.437886877390165, 6.437886877390036, 6.437886877382055, 6.437886877381762, 6.437886877388482, 6.4378868773948215, 6.437886877397429, 6.444356728287381, 6.444356728286352, 6.44435672828313, 6.444356728294141, 6.444356728286317, 6.444356728288719, 6.444356728290659, 6.44435672829239, 6.444356728288209, 6.444356728291893, 6.444356728289694, 6.444356728273181, 6.444356728290386, 6.4443567282833145, 6.4443567282874685, 6.444356728287379, 6.444356728280692, 6.444356728279142, 6.444356728288203, 6.444356728289201, 6.44435672829087, 6.450751608169165, 6.450751608166972, 6.450751608166094, 6.4507516081776695, 6.450751608167209, 6.4507516081670175, 6.4507516081710845, 6.450751608173776, 6.450751608170128, 6.450751608172282, 6.450751608171784, 6.450751608156565, 6.45075160817251, 6.450751608165353, 6.450751608169726, 6.4507516081691625, 6.450751608163489, 6.450751608161775, 6.450751608171848, 6.450751608168686, 6.4507516081705, 6.45669988534528, 6.4566998853415365, 6.456699885342594, 6.456699885353796, 6.456699885346067, 6.456699885343174, 6.456699885346952, 6.456699885349636, 6.456699885344985, 6.456699885347565, 6.4566998853490505, 6.456699885337092, 6.456699885346241, 6.45669988534297, 6.456699885346343, 6.456699885345277, 6.456699885341553, 6.4566998853383755, 6.4566998853468585, 6.456699885345845, 6.45669988534884, 6.461739746534924, 6.46173974653036, 6.461739746532047, 6.46173974654116, 6.4617397465396875, 6.46173974653494, 6.461739746536451, 6.46173974654013, 6.461739746533304, 6.461739746537716, 6.461739746538729, 6.461739746531061, 6.461739746533996, 6.461739746533988, 6.46173974653608, 6.461739746534931, 6.461739746534041, 6.4617397465278135, 6.461739746533967, 6.46173974653792, 6.461739746541612, 6.465695345252583, 6.4656953452492925, 6.465695345250301, 6.465695345255961, 6.4656953452585855, 6.465695345253463, 6.465695345252773, 6.465695345259761, 6.465695345250635, 6.465695345256343, 6.46569534525458, 6.465695345250927, 6.465695345252934, 6.465695345251598, 6.465695345253589, 6.465695345252575, 6.4656953452540415, 6.465695345245416, 6.46569534525078, 6.465695345255928, 6.465695345258411, 6.4684577030967665, 6.468457703095989, 6.468457703095759, 6.468457703097889, 6.4684577031011825, 6.4684577030963055, 6.468457703095181, 6.468457703105238, 6.468457703095288, 6.46845770310087, 6.468457703096557, 6.468457703096151, 6.468457703100276, 6.468457703094686, 6.468457703097829, 6.46845770309676, 6.4684577030993, 6.4684577030903565, 6.46845770309654, 6.468457703097926, 6.468457703097994, 6.470082229378714, 6.470082229379693, 6.4700822293781, 6.470082229377989, 6.4700822293825775, 6.470082229377186, 6.470082229377359, 6.470082229385832, 6.4700822293778675, 6.47008222938293, 6.470082229377794, 6.47008222938033, 6.470082229383687, 6.470082229376473, 6.470082229379804, 6.470082229378714, 6.470082229381873, 6.470082229373458, 6.470082229380353, 6.470082229377606, 6.470082229376367, 6.470772729577279, 6.470772729578657, 6.4707727295760975, 6.470772729575386, 6.470772729583191, 6.470772729576342, 6.470772729578604, 6.47077272958048, 6.470772729576566, 6.470772729581605, 6.4707727295770585, 6.470772729582703, 6.470772729580754, 6.470772729576365, 6.470772729578094, 6.470772729577287, 6.470772729581205, 6.470772729573204, 6.470772729579433, 6.47077272957573, 6.470772729575011, 6.470718450686367, 6.470718450688007, 6.470718450685696, 6.470718450685084, 6.470718450693697, 6.470718450685476, 6.470718450690168, 6.470718450685265, 6.470718450685215, 6.47071845068997, 6.470718450686483, 6.470718450695054, 6.470718450687891, 6.470718450686439, 6.470718450687115, 6.470718450686358, 6.470718450690523, 6.470718450683741, 6.470718450688276, 6.470718450685542, 6.470718450685396, 6.470331032725871, 6.4703310327279375, 6.4703310327272305, 6.47033103272623, 6.4703310327321555, 6.470331032722868, 6.470331032729722, 6.470331032721822, 6.470331032724829, 6.470331032728169, 6.4703310327248875, 6.4703310327354595, 6.4703310327276276, 6.470331032725494, 6.470331032726804, 6.4703310327258725, 6.47033103272975, 6.470331032724462, 6.470331032727924, 6.470331032725465, 6.470331032724166, 6.469920879749865, 6.469920879751365, 6.469920879753047, 6.4699208797507675, 6.469920879755469, 6.469920879744434, 6.469920879752136, 6.469920879744271, 6.469920879750305, 6.469920879751666, 6.469920879747155, 6.469920879758456, 6.46992087975326, 6.469920879748986, 6.469920879750399, 6.469920879749862, 6.469920879753993, 6.469920879748554, 6.469920879752315, 6.469920879749356, 6.469920879745854, 6.4696906253178215, 6.469690625317187, 6.469690625321469, 6.469690625317798, 6.469690625325011, 6.4696906253118724, 6.46969062531875, 6.469690625311332, 6.4696906253195285, 6.469690625318968, 6.469690625314284, 6.469690625325541, 6.46969062532167, 6.469690625317353, 6.469690625317689, 6.469690625317816, 6.4696906253222215, 6.469690625316666, 6.469690625320585, 6.469690625317294, 6.4696906253127064, 6.469771454373507, 6.469771454370585, 6.4697714543773985, 6.469771454372713, 6.469771454382692, 6.469771454368431, 6.469771454373698, 6.46977145436665, 6.46977145437435, 6.46977145437219, 6.469771454370757, 6.469771454381496, 6.4697714543757865, 6.46977145437365, 6.469771454373617, 6.469771454373503, 6.469771454376842, 6.469771454374292, 6.469771454376733, 6.469771454373216, 6.469771454369651, 6.470104247976272, 6.470104247972695, 6.470104247981227, 6.470104247975166, 6.470104247986641, 6.4701042479724835, 6.470104247976055, 6.470104247969995, 6.47010424797581, 6.470104247972902, 6.470104247974834, 6.4701042479846915, 6.470104247976422, 6.47010424797725, 6.4701042479766055, 6.470104247976268, 6.470104247978157, 6.470104247979302, 6.4701042479798625, 6.470104247976319, 6.470104247974518, 6.470661722389924, 6.470661722387425, 6.470661722396394, 6.470661722387774, 6.470661722399694, 6.470661722386707, 6.470661722389277, 6.470661722385246, 6.470661722389533, 6.47066172238698, 6.470661722388695, 6.470661722397488, 6.470661722389266, 6.470661722391713, 6.470661722389698, 6.470661722389926, 6.470661722391151, 6.470661722393669, 6.470661722393463, 6.470661722390362, 6.470661722388988, 6.471336352024822, 6.47133635202379, 6.471336352032087, 6.471336352020528, 6.471336352030912, 6.47133635202035, 6.471336352023664, 6.471336352022083, 6.471336352024805, 6.471336352023097, 6.471336352022623, 6.471336352029969, 6.471336352025212, 6.471336352026307, 6.47133635202435, 6.471336352024819, 6.471336352025556, 6.471336352028655, 6.471336352028291, 6.471336352025699, 6.471336352023264, 6.471979267729715, 6.471979267729234, 6.471979267736216, 6.471979267723202, 6.471979267731351, 6.471979267723922, 6.471979267728814, 6.471979267728182, 6.471979267729226, 6.471979267728665, 6.471979267726828, 6.471979267732278, 6.4719792677312, 6.471979267730511, 6.471979267729516, 6.4719792677297034, 6.471979267729864, 6.4719792677340715, 6.471979267733254, 6.471979267731092, 6.471979267728016, 6.472566251097, 6.472566251096442, 6.472566251102073, 6.472566251090002, 6.4725662510967465, 6.4725662510922275, 6.4725662510974695, 6.47256625109555, 6.472566251095653, 6.47256625109672, 6.472566251094824, 6.4725662510980815, 6.472566251098042, 6.472566251098489, 6.472566251096589, 6.472566251097016, 6.4725662510970166, 6.472566251102413, 6.47256625110063, 6.472566251098726, 6.472566251096754, 6.473070048755856, 6.4730700487555035, 6.473070048760226, 6.473070048751036, 6.4730700487550825, 6.47307004875318, 6.473070048757222, 6.47307004875409, 6.4730700487534945, 6.473070048755974, 6.473070048755303, 6.473070048756147, 6.473070048756054, 6.473070048758459, 6.473070048755211, 6.473070048755867, 6.473070048755708, 6.473070048762828, 6.473070048759885, 6.4730700487574095, 6.4730700487573785, 6.473512532959857, 6.473512532959657, 6.473512532963907, 6.473512532957982, 6.473512532958015, 6.473512532958471, 6.473512532960528, 6.473512532958178, 6.4735125329567245, 6.473512532960007, 6.473512532960172, 6.4735125329587095, 6.473512532960588, 6.473512532962629, 6.473512532959437, 6.473512532959854, 6.473512532959642, 6.473512532968008, 6.473512532964204, 6.473512532961072, 6.4735125329619505, 6.473956183837558, 6.473956183836499, 6.473956183840109, 6.473956183836898, 6.473956183835151, 6.473956183837195, 6.473956183836877, 6.473956183836259, 6.473956183834522, 6.473956183838656, 6.473956183837349, 6.473956183834269, 6.473956183839891, 6.473956183840087, 6.473956183837062, 6.473956183837557, 6.4739561838382365, 6.473956183845337, 6.473956183841452, 6.473956183838998, 6.4739561838393405, 6.4744538353726915, 6.47445383537037, 6.474453835373023, 6.474453835372238, 6.474453835370094, 6.474453835372868, 6.4744538353709675, 6.474453835371697, 6.474453835369793, 6.474453835374828, 6.474453835371875, 6.474453835368012, 6.474453835376113, 6.474453835375087, 6.474453835371942, 6.474453835372677, 6.4744538353744785, 6.474453835379446, 6.474453835375671, 6.4744538353747085, 6.474453835374556, 6.4750989817267675, 6.475098981724427, 6.475098981725776, 6.47509898172754, 6.475098981723499, 6.475098981726457, 6.475098981724586, 6.475098981726049, 6.475098981723225, 6.475098981728811, 6.47509898172659, 6.475098981722618, 6.475098981729771, 6.475098981729055, 6.4750989817261395, 6.475098981726764, 6.475098981728545, 6.47509898173335, 6.475098981729228, 6.475098981728939, 6.4750989817295475, 6.475886027426327, 6.47588602742535, 6.475886027424783, 6.475886027428422, 6.475886027422884, 6.47588602742539, 6.475886027424464, 6.475886027426037, 6.475886027422118, 6.475886027428068, 6.475886027427384, 6.475886027423805, 6.4758860274280705, 6.475886027428699, 6.475886027425711, 6.475886027426334, 6.475886027427441, 6.475886027432921, 6.475886027428544, 6.475886027428221, 6.475886027430126, 6.47676276019167, 6.476762760192322, 6.476762760189212, 6.476762760193364, 6.47676276018905, 6.476762760190355, 6.476762760190569, 6.476762760192227, 6.4767627601876026, 6.476762760193697, 6.476762760193018, 6.476762760190204, 6.476762760192913, 6.476762760193917, 6.476762760190819, 6.476762760191666, 6.476762760192296, 6.476762760197484, 6.476762760193502, 6.476762760193345, 6.476762760195467, 6.477660373827315, 6.477660373829419, 6.477660373823749, 6.4776603738273675, 6.477660373825488, 6.477660373825264, 6.477660373826636, 6.477660373829065, 6.477660373823671, 6.4776603738292, 6.477660373827845, 6.477660373825814, 6.477660373829363, 6.47766037382857, 6.4776603738265415, 6.47766037382731, 6.47766037382733, 6.477660373832034, 6.477660373828744, 6.477660373828883, 6.477660373830036, 6.4785080937981485, 6.478508093801647, 6.478508093794095, 6.478508093797395, 6.47850809379741, 6.4785080937953685, 6.478508093797589, 6.478508093800759, 6.4785080937948045, 6.47850809379914, 6.478508093797891, 6.478508093796621, 6.478508093800927, 6.478508093798262, 6.478508093797652, 6.478508093798143, 6.478508093797346, 6.478508093802062, 6.478508093799227, 6.478508093799621, 6.47850809379988, 6.479306870570164, 6.479306870574729, 6.479306870566282, 6.47930687057026, 6.479306870571869, 6.479306870567407, 6.479306870569906, 6.479306870572709, 6.479306870567298, 6.4793068705702055, 6.479306870570069, 6.4793068705695465, 6.479306870572441, 6.479306870570098, 6.479306870569516, 6.479306870570179, 6.479306870568797, 6.479306870573492, 6.479306870570817, 6.4793068705715555, 6.4793068705719294, 6.480060400458662, 6.480060400463234, 6.480060400454829, 6.480060400460225, 6.480060400462429, 6.4800604004555105, 6.480060400458579, 6.480060400460321, 6.480060400456217, 6.480060400457483, 6.480060400459168, 6.48006040045924, 6.480060400459942, 6.480060400458647, 6.480060400457876, 6.480060400458671, 6.480060400457013, 6.4800604004614915, 6.480060400458934, 6.480060400459988, 6.48006040046098, 6.480800686554902, 6.480800686558447, 6.480800686550642, 6.480800686557292, 6.480800686558994, 6.480800686550161, 6.48080068655448, 6.4808006865555985, 6.480800686552851, 6.480800686552525, 6.480800686555458, 6.480800686555916, 6.480800686556054, 6.480800686554381, 6.480800686554271, 6.480800686554907, 6.480800686553287, 6.4808006865571155, 6.4808006865547965, 6.480800686556221, 6.480800686557251, 6.481566299615055, 6.4815662996177, 6.481566299610469, 6.48156629961748, 6.481566299619012, 6.48156629960889, 6.481566299614232, 6.481566299615258, 6.481566299613737, 6.481566299612543, 6.48156629961503, 6.481566299615787, 6.4815662996169126, 6.481566299614033, 6.481566299614436, 6.48156629961505, 6.481566299614079, 6.481566299616247, 6.481566299614477, 6.481566299616434, 6.481566299616895, 6.482380947312048, 6.4823809473147955, 6.482380947307931, 6.482380947314732, 6.482380947316461, 6.4823809473057725, 6.482380947311228, 6.4823809473123335, 6.4823809473112455, 6.482380947310188, 6.482380947311753, 6.482380947312718, 6.482380947314493, 6.482380947310883, 6.482380947311451, 6.482380947312051, 6.482380947311812, 6.48238094731256, 6.482380947311087, 6.482380947313418, 6.482380947313604, 6.483241655942199, 6.483241655945498, 6.483241655938799, 6.483241655945277, 6.483241655947375, 6.4832416559368955, 6.48324165594186, 6.483241655942743, 6.483241655941138, 6.48324165594083, 6.483241655942459, 6.4832416559433845, 6.483241655944614, 6.483241655940912, 6.483241655941921, 6.483241655942199, 6.483241655942266, 6.4832416559429, 6.483241655941205, 6.483241655943271, 6.483241655943919, 6.484115116341347, 6.484115116344514, 6.484115116338057, 6.484115116343849, 6.4841151163470485, 6.484115116337065, 6.484115116341699, 6.484115116342146, 6.484115116339926, 6.4841151163405755, 6.4841151163423, 6.484115116342981, 6.484115116343744, 6.484115116339968, 6.484115116341473, 6.484115116341354, 6.4841151163417585, 6.484115116342363, 6.484115116340533, 6.484115116342024, 6.484115116343206, 6.4849923006344365, 6.484992300636855, 6.484992300631, 6.484992300635524, 6.484992300640077, 6.484992300630438, 6.4849923006351045, 6.484992300635541, 6.4849923006333094, 6.484992300634887, 6.484992300635487, 6.484992300635733, 6.484992300637417, 6.484992300633045, 6.484992300634566, 6.4849923006344365, 6.484992300635546, 6.484992300635108, 6.484992300633722, 6.484992300634824, 6.484992300636003, 6.485869385464839, 6.485869385466678, 6.485869385462194, 6.485869385465243, 6.4858693854693525, 6.485869385460104, 6.485869385465134, 6.485869385466245, 6.485869385464193, 6.485869385466295, 6.485869385465568, 6.485869385465415, 6.4858693854686225, 6.485869385463144, 6.48586938546508, 6.485869385464848, 6.485869385466357, 6.485869385465191, 6.485869385464009, 6.48586938546521, 6.485869385466046, 6.486752167368969, 6.4867521673702715, 6.486752167367687, 6.486752167369668, 6.486752167372813, 6.486752167363743, 6.486752167368976, 6.486752167370293, 6.486752167368625, 6.486752167370812, 6.486752167369672, 6.486752167369168, 6.486752167372771, 6.48675216736707, 6.486752167369389, 6.48675216736897, 6.486752167370591, 6.486752167369323, 6.486752167367735, 6.48675216736968, 6.486752167370637, 6.487647665770078, 6.487647665770367, 6.487647665769748, 6.487647665770935, 6.4876476657747935, 6.487647665765372, 6.487647665770363, 6.487647665770854, 6.4876476657701785, 6.487647665771831, 6.487647665771245, 6.487647665770104, 6.487647665773256, 6.487647665768497, 6.487647665770389, 6.48764766577009, 6.487647665771766, 6.487647665770529, 6.487647665768453, 6.487647665771218, 6.487647665772766, 6.4885535782430335, 6.488553578242046, 6.488553578243131, 6.488553578243498, 6.488553578248483, 6.488553578238643, 6.48855357824349, 6.488553578243331, 6.488553578243579, 6.488553578244019, 6.488553578244467, 6.488553578242505, 6.488553578245943, 6.4885535782415555, 6.488553578243262, 6.488553578243041, 6.488553578244239, 6.48855357824391, 6.488553578241454, 6.48855357824418, 6.488553578246036, 6.489474827591773, 6.489474827590229, 6.489474827592625, 6.489474827591772, 6.489474827597191, 6.489474827587254, 6.4894748275920335, 6.489474827592096, 6.489474827592756, 6.489474827591935, 6.489474827592898, 6.489474827590344, 6.489474827595042, 6.4894748275900636, 6.489474827592108, 6.48947482759177, 6.489474827592023, 6.489474827593263, 6.489474827590454, 6.489474827592743, 6.489474827594231, 6.490421194782761, 6.490421194781452, 6.490421194784517, 6.490421194782199, 6.490421194788612, 6.490421194778418, 6.490421194783059, 6.490421194783371, 6.49042119478443, 6.4904211947828765, 6.490421194783364, 6.490421194780695, 6.490421194786192, 6.490421194781228, 6.490421194782864, 6.490421194782763, 6.490421194782382, 6.490421194784463, 6.490421194781301, 6.490421194783922, 6.490421194784975, 6.491409755779544, 6.4914097557783865, 6.491409755781775, 6.491409755778615, 6.491409755785412, 6.491409755775233, 6.491409755780248, 6.491409755780245, 6.491409755781446, 6.491409755779669, 6.491409755779985, 6.491409755777677, 6.491409755782355, 6.49140975577815, 6.4914097557796016, 6.491409755779551, 6.4914097557785935, 6.491409755781649, 6.491409755777692, 6.49140975578113, 6.4914097557822, 6.492444272105911, 6.492444272104412, 6.49244427210792, 6.492444272104708, 6.49244427211105, 6.492444272101074, 6.492444272106943, 6.492444272106471, 6.49244427210781, 6.492444272106024, 6.492444272106563, 6.492444272104746, 6.492444272107851, 6.49244427210452, 6.492444272106163, 6.4924442721059235, 6.492444272104393, 6.492444272108605, 6.492444272103893, 6.492444272107537, 6.492444272108889, 6.493518497638632, 6.49351849763697, 6.493518497640318, 6.493518497637166, 6.493518497643609, 6.493518497633557, 6.493518497639631, 6.493518497639304, 6.493518497641159, 6.493518497639474, 6.493518497639371, 6.493518497637812, 6.4935184976403395, 6.4935184976378, 6.493518497638504, 6.49351849763864, 6.493518497637156, 6.493518497641423, 6.493518497636646, 6.49351849763991, 6.493518497641189, 6.4946187532278845, 6.494618753226074, 6.494618753229327, 6.494618753226601, 6.494618753232174, 6.494618753222574, 6.494618753228394, 6.494618753228877, 6.494618753230498, 6.494618753229069, 6.494618753228219, 6.494618753227237, 6.494618753229689, 6.4946187532271, 6.494618753227977, 6.4946187532278845, 6.4946187532263275, 6.494618753231209, 6.494618753225836, 6.494618753228832, 6.49461875322961, 6.495726061076443, 6.495726061074432, 6.495726061077427, 6.495726061075428, 6.49572606108111, 6.495726061071984, 6.495726061076729, 6.495726061077634, 6.495726061079031, 6.495726061077916, 6.495726061076366, 6.495726061076023, 6.495726061078143, 6.495726061076019, 6.495726061076579, 6.495726061076449, 6.4957260610752705, 6.495726061080183, 6.495726061073962, 6.495726061077403, 6.495726061077776, 6.496826781560468, 6.496826781558047, 6.496826781560769, 6.496826781559903, 6.496826781565884, 6.496826781557061, 6.496826781560811, 6.49682678156145, 6.496826781563049, 6.496826781562042, 6.496826781560343, 6.496826781560451, 6.496826781561776, 6.496826781560678, 6.496826781560443, 6.496826781560471, 6.496826781559909, 6.4968267815645175, 6.496826781557649, 6.496826781561335, 6.4968267815616505, 6.497915470716597, 6.497915470713792, 6.497915470716379, 6.497915470716775, 6.497915470721261, 6.497915470712989, 6.497915470716793, 6.4979154707172, 6.497915470719022, 6.497915470717746, 6.4979154707166416, 6.4979154707169196, 6.497915470717615, 6.497915470716906, 6.497915470716791, 6.497915470716596, 6.4979154707161175, 6.497915470721295, 6.4979154707138775, 6.497915470716947, 6.497915470717159, 6.498988048493602, 6.498988048491009, 6.498988048493225, 6.498988048494169, 6.498988048497645, 6.498988048489618, 6.498988048493713, 6.498988048493991, 6.498988048496301, 6.498988048494637, 6.498988048493542, 6.498988048493963, 6.498988048494553, 6.498988048494409, 6.498988048493447, 6.498988048493603, 6.498988048493547, 6.498988048498286, 6.498988048490905, 6.498988048493565, 6.49898804849348, 6.500039359527609, 6.500039359525631, 6.500039359527356, 6.5000393595283095, 6.500039359530671, 6.500039359523344, 6.500039359527767, 6.500039359527989, 6.50003935953002, 6.500039359528178, 6.500039359527195, 6.500039359528103, 6.500039359528306, 6.50003935952839, 6.500039359527582, 6.5000393595276185, 6.500039359527626, 6.500039359532506, 6.500039359524696, 6.500039359527575, 6.500039359527142, 6.501057587586972, 6.50105758758586, 6.501057587586848, 6.501057587587377, 6.501057587589886, 6.501057587583248, 6.501057587587468, 6.501057587587457, 6.501057587589025, 6.50105758758711, 6.501057587586414, 6.5010575875876055, 6.501057587587295, 6.501057587587934, 6.5010575875868355, 6.501057587586962, 6.501057587587141, 6.501057587591936, 6.501057587583921, 6.501057587586975, 6.501057587586438, 6.502028450130215, 6.502028450129733, 6.502028450130031, 6.5020284501301004, 6.502028450132771, 6.5020284501269705, 6.50202845013093, 6.502028450130776, 6.502028450131886, 6.502028450129808, 6.502028450129979, 6.502028450130919, 6.5020284501303465, 6.502028450131196, 6.5020284501300445, 6.502028450130217, 6.502028450130329, 6.5020284501353585, 6.502028450127506, 6.5020284501298065, 6.502028450129358, 6.502939072999169, 6.502939072999047, 6.502939072998964, 6.502939072998568, 6.502939073000775, 6.50293907299601, 6.5029390729997365, 6.502939072999788, 6.50293907300052, 6.502939072998388, 6.50293907299918, 6.502939072999743, 6.502939072999326, 6.502939072999994, 6.502939072999008, 6.502939072999166, 6.5029390729992755, 6.5029390730042715, 6.502939072996808, 6.502939072998329, 6.502939072997881, 6.503777136265646, 6.5037771362659305, 6.503777136265682, 6.5037771362649135, 6.503777136266562, 6.503777136262887, 6.5037771362660175, 6.503777136266237, 6.503777136266765, 6.503777136264958, 6.503777136265539, 6.503777136266056, 6.503777136265733, 6.503777136266463, 6.503777136265328, 6.503777136265644, 6.503777136266161, 6.503777136270314, 6.503777136263153, 6.50377713626497, 6.503777136264451, 6.504523398932414, 6.504523398932776, 6.504523398932619, 6.504523398931912, 6.504523398932416, 6.504523398930183, 6.504523398932526, 6.50452339893278, 6.504523398932993, 6.504523398931859, 6.504523398932177, 6.504523398932752, 6.504523398932304, 6.504523398932824, 6.504523398932381, 6.50452339893242, 6.5045233989331495, 6.504523398936897, 6.504523398929665, 6.504523398932054, 6.504523398931618, 6.505158650943049, 6.5051586509433585, 6.505158650943149, 6.50515865094264, 6.505158650943037, 6.50515865094193, 6.505158650943067, 6.50515865094292, 6.505158650943613, 6.505158650942991, 6.505158650943133, 6.505158650943159, 6.505158650942925, 6.5051586509437085, 6.505158650942568, 6.505158650943048, 6.505158650944323, 6.505158650946808, 6.505158650940469, 6.5051586509426365, 6.505158650942477, 6.505670375114232, 6.505670375114168, 6.50567037511402, 6.50567037511407, 6.505670375112935, 6.5056703751136, 6.50567037511388, 6.50567037511362, 6.505670375114126, 6.505670375114313, 6.50567037511461, 6.5056703751141844, 6.505670375114277, 6.505670375113972, 6.505670375114501, 6.50567037511423, 6.505670375115001, 6.50567037511822, 6.505670375112243, 6.505670375113477, 6.505670375113438, 6.506057846276342, 6.506057846276554, 6.506057846276118, 6.506057846275679, 6.506057846276093, 6.506057846277317, 6.506057846276161, 6.506057846275301, 6.506057846276664, 6.506057846277153, 6.506057846276601, 6.5060578462757785, 6.506057846276562, 6.506057846277009, 6.5060578462754295, 6.50605784627633, 6.506057846277937, 6.506057846278754, 6.506057846274476, 6.506057846275777, 6.506057846275721, 6.506329732442213, 6.506329732442398, 6.5063297324422456, 6.506329732442137, 6.506329732439588, 6.506329732442882, 6.506329732441416, 6.506329732440923, 6.506329732441163, 6.50632973244277, 6.506329732442153, 6.506329732441994, 6.50632973244226, 6.506329732440838, 6.506329732443216, 6.506329732442215, 6.50632973244217, 6.506329732445679, 6.506329732440648, 6.506329732441863, 6.506329732441598, 6.506494498704011, 6.506494498705072, 6.506494498704358, 6.506494498702821, 6.506494498704346, 6.506494498706487, 6.506494498703907, 6.506494498702275, 6.506494498704573, 6.506494498705265, 6.506494498704132, 6.506494498703326, 6.506494498703986, 6.506494498705501, 6.506494498701906, 6.506494498704002, 6.506494498705909, 6.506494498704145, 6.506494498702511, 6.506494498703901, 6.506494498703955, 6.5065596747563355, 6.506559674756468, 6.506559674756497, 6.506559674756406, 6.506559674750868, 6.506559674756246, 6.506559674754824, 6.506559674754424, 6.506559674753886, 6.506559674756117, 6.506559674756502, 6.506559674756832, 6.506559674755892, 6.506559674752904, 6.506559674759177, 6.506559674756345, 6.506559674754084, 6.506559674760164, 6.5065596747558265, 6.506559674755855, 6.506559674755747, 6.506508163911774, 6.506508163913929, 6.506508163912415, 6.506508163908808, 6.506508163914815, 6.5065081639158695, 6.506508163912379, 6.506508163909513, 6.506508163913725, 6.506508163912859, 6.5065081639121605, 6.506508163910823, 6.506508163911549, 6.506508163916161, 6.506508163906602, 6.506508163911784, 6.506508163915243, 6.506508163907975, 6.50650816391079, 6.506508163911832, 6.506508163912251, 6.506382137236596, 6.506382137236776, 6.506382137237062, 6.506382137237475, 6.506382137227517, 6.506382137235113, 6.506382137234054, 6.506382137234671, 6.50638213723174, 6.506382137235081, 6.506382137236226, 6.5063821372380115, 6.506382137235815, 6.506382137229573, 6.506382137243243, 6.5063821372365975, 6.506382137230967, 6.506382137242565, 6.506382137236927, 6.506382137236146, 6.506382137235508, 6.506271120515074, 6.506271120518597, 6.506271120515966, 6.5062711205106565, 6.506271120521759, 6.506271120521159, 6.506271120516617, 6.506271120512769, 6.506271120518425, 6.506271120516223, 6.506271120515282, 6.506271120513703, 6.50627112051495, 6.506271120522608, 6.506271120507047, 6.506271120515065, 6.506271120520848, 6.506271120507452, 6.506271120514105, 6.506271120515555, 6.506271120516048, 6.506476329649832, 6.506476329650383, 6.506476329650154, 6.50647632965026, 6.506476329641933, 6.5064763296483275, 6.506476329647349, 6.506476329647713, 6.506476329646019, 6.5064763296485095, 6.506476329649867, 6.5064763296509724, 6.5064763296494075, 6.506476329644656, 6.506476329654895, 6.506476329649823, 6.506476329645575, 6.50647632965317, 6.5064763296508445, 6.506476329648953, 6.506476329648486, 6.50663907801603, 6.506639078017804, 6.506639078016205, 6.5066390780148105, 6.506639078014636, 6.506639078018129, 6.506639078015514, 6.50663907801383, 6.50663907801485, 6.506639078015782, 6.506639078016035, 6.506639078016452, 6.506639078015488, 6.5066390780160015, 6.506639078016203, 6.506639078016019, 6.506639078016166, 6.506639078014548, 6.506639078015953, 6.506639078016183, 6.506639078016285, 6.506521163851341, 6.506521163854294, 6.506521163851498, 6.506521163848578, 6.506521163855554, 6.506521163856159, 6.506521163852294, 6.506521163849285, 6.50652116385287, 6.506521163852117, 6.506521163851392, 6.506521163850762, 6.50652116385119, 6.5065211638562594, 6.506521163846793, 6.506521163851343, 6.506521163855619, 6.506521163845242, 6.506521163850696, 6.506521163851926, 6.5065211638523275, 6.506487042975465, 6.506487042975922, 6.50648704297539, 6.506487042976989, 6.506487042967544, 6.5064870429735215, 6.5064870429727755, 6.506487042973742, 6.506487042971512, 6.506487042974394, 6.506487042975295, 6.506487042976402, 6.506487042975491, 6.506487042970001, 6.50648704298158, 6.50648704297547, 6.506487042971279, 6.506487042978535, 6.506487042976756, 6.506487042974438, 6.5064870429736485, 6.506702661979858, 6.506702661982095, 6.50670266197946, 6.506702661977987, 6.506702661982302, 6.5067026619831925, 6.506702661980306, 6.506702661978283, 6.506702661980721, 6.506702661980203, 6.50670266197999, 6.506702661979393, 6.506702661979941, 6.50670266198324, 6.506702661977241, 6.506702661979861, 6.50670266198292, 6.506702661974979, 6.506702661979678, 6.506702661980014, 6.506702661980244, 6.506808199248614, 6.506808199250616, 6.50680819924827, 6.5068081992474704, 6.506808199250171, 6.506808199251248, 6.506808199248922, 6.506808199247324, 6.5068081992490265, 6.506808199248557, 6.506808199248683, 6.506808199248468, 6.506808199248357, 6.506808199250962, 6.506808199247131, 6.50680819924862, 6.506808199250686, 6.506808199244729, 6.506808199248338, 6.5068081992488835, 6.506808199249135, 6.506765690884525, 6.506765690885001, 6.506765690884449, 6.5067656908862155, 6.506765690878302, 6.506765690882564, 6.506765690882571, 6.506765690883623, 6.506765690881656, 6.5067656908830935, 6.506765690884395, 6.506765690885364, 6.506765690884068, 6.5067656908802585, 6.506765690889719, 6.506765690884526, 6.506765690880806, 6.5067656908866285, 6.506765690885376, 6.5067656908838885, 6.506765690883341, 6.506895756002758, 6.5068957560047584, 6.506895756002124, 6.506895756000591, 6.506895756006671, 6.506895756005887, 6.506895756003833, 6.5068957560022165, 6.506895756004724, 6.506895756002841, 6.506895756002825, 6.506895756002083, 6.506895756002591, 6.5068957560072045, 6.506895755999135, 6.506895756002761, 6.506895756006007, 6.506895755997119, 6.506895756002294, 6.506895756003082, 6.5068957560033605, 6.507063094325458, 6.507063094326611, 6.507063094325234, 6.507063094325303, 6.507063094324885, 6.507063094326003, 6.507063094325207, 6.507063094325268, 6.507063094325544, 6.507063094324871, 6.507063094325511, 6.507063094325384, 6.507063094325131, 6.507063094325879, 6.507063094325842, 6.507063094325459, 6.507063094325046, 6.507063094323605, 6.507063094325743, 6.507063094325149, 6.507063094325011, 6.507054341799934, 6.507054341799942, 6.507054341799741, 6.507054341801278, 6.507054341795765, 6.5070543417985425, 6.507054341798815, 6.5070543417998845, 6.507054341798374, 6.507054341798892, 6.507054341799805, 6.507054341800445, 6.5070543417992655, 6.507054341796985, 6.507054341803626, 6.507054341799926, 6.507054341796632, 6.507054341801259, 6.507054341800528, 6.5070543417994395, 6.507054341799, 6.507076560094094, 6.507076560095006, 6.507076560093171, 6.507076560092355, 6.507076560098688, 6.50707656009736, 6.507076560095614, 6.50707656009422, 6.507076560096445, 6.507076560094738, 6.507076560094075, 6.507076560093516, 6.507076560093557, 6.507076560098425, 6.507076560090347, 6.5070765600940925, 6.5070765600969604, 6.5070765600890645, 6.507076560093376, 6.507076560094662, 6.507076560094998, 6.507193924319981, 6.507193924319647, 6.507193924319994, 6.5071939243212515, 6.507193924317725, 6.507193924319199, 6.50719392431927, 6.50719392432032, 6.507193924319793, 6.507193924319791, 6.50719392432012, 6.507193924319952, 6.507193924319616, 6.507193924318811, 6.507193924321605, 6.50719392431998, 6.507193924318175, 6.507193924319926, 6.507193924320608, 6.507193924319324, 6.507193924319068, 6.507207820136233, 6.507207820135235, 6.507207820136099, 6.507207820137607, 6.507207820133776, 6.507207820135461, 6.507207820135633, 6.507207820136679, 6.507207820135755, 6.507207820136011, 6.507207820136108, 6.507207820136233, 6.507207820135714, 6.50720782013454, 6.50720782013823, 6.507207820136229, 6.507207820134211, 6.507207820136773, 6.507207820136641, 6.507207820135893, 6.507207820135543, 6.5071653434658305, 6.507165343465418, 6.5071653434650365, 6.507165343464774, 6.507165343470309, 6.507165343469005, 6.507165343467424, 6.507165343466419, 6.507165343467922, 6.507165343466717, 6.507165343465657, 6.507165343465164, 6.507165343465273, 6.507165343469351, 6.507165343462497, 6.507165343465839, 6.507165343468416, 6.507165343461979, 6.507165343465087, 6.507165343466541, 6.507165343466777, 6.507210231885393, 6.507210231884088, 6.507210231885933, 6.507210231887391, 6.50721023188237, 6.507210231884043, 6.507210231884596, 6.507210231886213, 6.507210231884635, 6.507210231884985, 6.507210231885598, 6.507210231885365, 6.50721023188503, 6.507210231883, 6.507210231887793, 6.507210231885382, 6.507210231882975, 6.507210231886849, 6.507210231886281, 6.507210231884609, 6.507210231884337, 6.507246296630545, 6.507246296629225, 6.5072462966306786, 6.507246296631237, 6.50724629662988, 6.5072462966303055, 6.507246296630643, 6.507246296631521, 6.5072462966306635, 6.507246296630482, 6.507246296630557, 6.5072462966302735, 6.507246296630181, 6.50724629663002, 6.507246296630915, 6.507246296630558, 6.507246296630003, 6.507246296630349, 6.507246296630913, 6.507246296630301, 6.507246296630169, 6.507205615211958, 6.507205615211182, 6.507205615211779, 6.507205615211085, 6.507205615215211, 6.507205615213899, 6.507205615213434, 6.507205615213086, 6.5072056152133495, 6.507205615212574, 6.5072056152117135, 6.507205615211474, 6.507205615211427, 6.507205615214293, 6.507205615209364, 6.507205615211955, 6.507205615214073, 6.507205615209344, 6.507205615211425, 6.507205615212563, 6.50720561521268, 6.507202573196954, 6.507202573195724, 6.5072025731980645, 6.507202573198931, 6.507202573193412, 6.50720257319482, 6.507202573196315, 6.507202573198225, 6.507202573195681, 6.507202573196368, 6.507202573197086, 6.507202573197167, 6.507202573196631, 6.507202573193892, 6.50720257319966, 6.507202573196956, 6.507202573194464, 6.507202573199198, 6.507202573197939, 6.5072025731962215, 6.507202573195902, 6.507252264533193, 6.507252264532187, 6.507252264533342, 6.5072522645330135, 6.507252264534384, 6.507252264533657, 6.5072522645341415, 6.507252264534356, 6.507252264533615, 6.507252264533461, 6.5072522645332365, 6.507252264532967, 6.507252264532925, 6.5072522645337685, 6.5072522645321795, 6.507252264533201, 6.507252264534051, 6.507252264532285, 6.507252264533437, 6.507252264533145, 6.507252264533157, 6.507259306740325, 6.5072593067393205, 6.507259306740388, 6.507259306740005, 6.507259306742096, 6.507259306741027, 6.507259306741416, 6.507259306741398, 6.507259306740862, 6.507259306740693, 6.5072593067401785, 6.507259306740103, 6.507259306740128, 6.507259306741258, 6.507259306738882, 6.507259306740323, 6.507259306741683, 6.507259306739112, 6.5072593067403846, 6.507259306740489, 6.50725930674045, 6.507249208552349, 6.507249208551124, 6.50724920855348, 6.507249208554399, 6.507249208549287, 6.507249208550232, 6.50724920855175, 6.507249208553394, 6.507249208550911, 6.507249208551817, 6.5072492085523495, 6.507249208552709, 6.507249208552275, 6.507249208549408, 6.507249208554787, 6.507249208552347, 6.50724920855039, 6.507249208554628, 6.507249208553304, 6.5072492085517135, 6.507249208551327, 6.507290753723654, 6.507290753722679, 6.507290753723577, 6.507290753723312, 6.507290753726357, 6.5072907537248526, 6.507290753724824, 6.507290753724435, 6.507290753724325, 6.5072907537241305, 6.507290753723472, 6.507290753723575, 6.507290753723507, 6.507290753725073, 6.507290753721697, 6.507290753723652, 6.507290753725577, 6.507290753722112, 6.50729075372355, 6.507290753723995, 6.507290753724012, 6.507339572355422, 6.507339572354166, 6.507339572355548, 6.507339572355932, 6.507339572355614, 6.507339572355045, 6.507339572355671, 6.5073395723560985, 6.5073395723551775, 6.507339572355413, 6.5073395723554475, 6.507339572355572, 6.50733957235549, 6.507339572354969, 6.5073395723553205, 6.507339572355427, 6.507339572355645, 6.507339572355524, 6.507339572355961, 6.507339572355161, 6.507339572355043, 6.507350429471898, 6.507350429470904, 6.5073504294725515, 6.507350429473385, 6.507350429470209, 6.507350429470464, 6.507350429471417, 6.507350429472628, 6.507350429470813, 6.5073504294715505, 6.507350429471905, 6.507350429472366, 6.507350429471971, 6.507350429469831, 6.507350429473437, 6.507350429471895, 6.507350429470589, 6.507350429473489, 6.507350429472664, 6.507350429471423, 6.507350429471138, 6.507367527397527, 6.507367527397056, 6.507367527397268, 6.507367527396841, 6.507367527400815, 6.5073675273989835, 6.5073675273986655, 6.5073675273981255, 6.507367527398283, 6.5073675273981255, 6.507367527397184, 6.507367527397606, 6.507367527397424, 6.5073675273992135, 6.507367527395364, 6.507367527397544, 6.507367527399427, 6.507367527395794, 6.507367527397135, 6.507367527398128, 6.507367527398122, 6.507412685425563, 6.507412685424729, 6.5074126854257335, 6.507412685426346, 6.507412685424182, 6.507412685424039, 6.5074126854251535, 6.507412685426077, 6.507412685424835, 6.507412685425306, 6.507412685425626, 6.507412685425929, 6.507412685425763, 6.507412685424078, 6.507412685426554, 6.507412685425566, 6.507412685424518, 6.507412685426566, 6.507412685426283, 6.507412685425094, 6.507412685424889, 6.5074419588866785, 6.507441958886334, 6.5074419588869095, 6.507441958887256, 6.507441958886493, 6.507441958885992, 6.507441958886633, 6.507441958887083, 6.507441958886289, 6.507441958886602, 6.507441958886747, 6.5074419588869965, 6.507441958886747, 6.507441958885969, 6.5074419588870045, 6.507441958886688, 6.507441958886125, 6.507441958887111, 6.507441958887053, 6.507441958886516, 6.507441958886467, 6.507443454369376, 6.507443454369332, 6.507443454369076, 6.50744345436877, 6.507443454372013, 6.5074434543704545, 6.507443454370283, 6.507443454369622, 6.507443454369967, 6.5074434543697635, 6.507443454369141, 6.507443454369339, 6.507443454369301, 6.507443454370719, 6.507443454367726, 6.5074434543693735, 6.50744345437059, 6.507443454368039, 6.507443454368942, 6.507443454369962, 6.50744345437006, 6.50745349924236, 6.507453499241895, 6.507453499242538, 6.507453499243319, 6.507453499240231, 6.507453499240559, 6.50745349924163, 6.50745349924255, 6.507453499241405, 6.507453499241864, 6.50745349924241, 6.507453499242475, 6.5074534992426765, 6.507453499240511, 6.507453499243961, 6.5074534992423585, 6.50745349924071, 6.5074534992437725, 6.507453499242966, 6.507453499241931, 6.507453499241749, 6.5074753077093614, 6.507475307709483, 6.507475307709256, 6.507475307709307, 6.50747530771072, 6.507475307709737, 6.507475307709678, 6.507475307709417, 6.507475307709686, 6.507475307709566, 6.507475307709405, 6.507475307709186, 6.507475307709499, 6.507475307710042, 6.50747530770856, 6.507475307709355, 6.507475307709836, 6.507475307708655, 6.5074753077092415, 6.507475307709568, 6.507475307709743, 6.507480045578338, 6.507480045578354, 6.507480045578056, 6.507480045578172, 6.5074800455793484, 6.507480045578619, 6.507480045578589, 6.5074800455783155, 6.5074800455785, 6.507480045578502, 6.507480045578358, 6.5074800455781645, 6.507480045578387, 6.507480045578808, 6.507480045577817, 6.50748004557833, 6.507480045578686, 6.507480045577809, 6.507480045578096, 6.507480045578649, 6.507480045578875, 6.507468880256832, 6.507468880256712, 6.507468880256848, 6.507468880257523, 6.507468880255045, 6.507468880255469, 6.507468880256135, 6.507468880256854, 6.507468880256043, 6.507468880256556, 6.507468880256921, 6.507468880256803, 6.507468880257058, 6.5074688802554554, 6.507468880258232, 6.50746888025684, 6.5074688802555425, 6.507468880257946, 6.507468880257103, 6.50746888025664, 6.507468880256639, 6.507467285684744, 6.507467285685328, 6.507467285684511, 6.507467285684114, 6.507467285686874, 6.507467285685796, 6.507467285685236, 6.507467285684752, 6.507467285685408, 6.50746728568526, 6.507467285684746, 6.507467285684361, 6.507467285684876, 6.507467285686217, 6.5074672856834335, 6.507467285684737, 6.507467285685841, 6.50746728568348, 6.5074672856842986, 6.507467285685197, 6.507467285685435, 6.507474686050139, 6.507474686050254, 6.50747468604993, 6.507474686050192, 6.5074746860494, 6.507474686049464, 6.507474686049791, 6.507474686050037, 6.507474686049812, 6.50747468605003, 6.507474686050266, 6.507474686049977, 6.507474686050355, 6.507474686049712, 6.50747468605073, 6.507474686050139, 6.507474686049548, 6.507474686050537, 6.507474686050251, 6.507474686050058, 6.507474686050145, 6.507472223623955, 6.507472223624262, 6.507472223623919, 6.507472223624112, 6.507472223623434, 6.507472223623516, 6.507472223623685, 6.50747222362378, 6.507472223623666, 6.507472223623798, 6.507472223624037, 6.507472223623909, 6.507472223624001, 6.507472223623667, 6.5074722236244895, 6.507472223623956, 6.507472223623431, 6.5074722236243465, 6.507472223623952, 6.507472223624024, 6.507472223624146, 6.50746176594228, 6.507461765942911, 6.507461765942079, 6.507461765941639, 6.5074617659439635, 6.507461765943166, 6.507461765942699, 6.507461765942005, 6.507461765942884, 6.507461765942514, 6.507461765942216, 6.50746176594204, 6.50746176594226, 6.507461765943679, 6.50746176594117, 6.507461765942272, 6.507461765943168, 6.507461765941245, 6.507461765941846, 6.507461765942737, 6.507461765942924, 6.507458962520287, 6.507458962520378, 6.507458962520262, 6.5074589625206025, 6.507458962518464, 6.507458962519059, 6.507458962519575, 6.507458962519974, 6.507458962519719, 6.5074589625198875, 6.507458962520379, 6.507458962520303, 6.507458962520482, 6.507458962519355, 6.507458962521471, 6.50745896252029, 6.507458962519144, 6.5074589625212935, 6.507458962520707, 6.507458962519939, 6.507458962519853, 6.507464090030006, 6.5074640900305525, 6.507464090029851, 6.507464090029594, 6.507464090031003, 6.507464090030701, 6.50746409003024, 6.507464090029649, 6.5074640900302985, 6.507464090030149, 6.507464090029963, 6.507464090029982, 6.507464090029928, 6.507464090030894, 6.507464090029456, 6.507464090030009, 6.507464090030444, 6.507464090029575, 6.507464090029799, 6.507464090030269, 6.507464090030395, 6.507465601192175, 6.50746560119255, 6.507465601192017, 6.507465601191883, 6.507465601192428, 6.507465601192438, 6.507465601192163, 6.507465601191809, 6.507465601192257, 6.507465601192286, 6.507465601192149, 6.507465601192236, 6.507465601192151, 6.5074656011926235, 6.507465601192034, 6.5074656011921785, 6.5074656011923135, 6.507465601192104, 6.507465601192133, 6.507465601192291, 6.5074656011923295, 6.507460997134693, 6.507460997134794, 6.5074609971346735, 6.507460997134848, 6.507460997133272, 6.507460997133895, 6.50746099713409, 6.507460997134358, 6.507460997134287, 6.507460997134547, 6.507460997134746, 6.507460997134838, 6.507460997134814, 6.5074609971340855, 6.507460997135556, 6.507460997134702, 6.507460997134005, 6.507460997135501, 6.507460997135071, 6.50746099713442, 6.507460997134304, 6.507458865533245, 6.507458865533776, 6.507458865533164, 6.507458865532598, 6.507458865534788, 6.507458865534376, 6.507458865533579, 6.507458865532879, 6.50745886553379, 6.507458865533579, 6.50745886553313, 6.507458865533244, 6.507458865533131, 6.507458865534586, 6.507458865532199, 6.507458865533252, 6.5074588655342875, 6.507458865532447, 6.50745886553292, 6.5074588655336125, 6.507458865533701, 6.5074638719215825, 6.507463871921583, 6.507463871921617, 6.507463871921716, 6.507463871920276, 6.507463871920991, 6.507463871921079, 6.507463871921216, 6.507463871921116, 6.507463871921335, 6.507463871921627, 6.507463871921776, 6.507463871921586, 6.50746387192089, 6.507463871922475, 6.507463871921573, 6.50746387192095, 6.507463871922511, 6.507463871921872, 6.5074638719213835, 6.5074638719213125, 6.507470666133932, 6.507470666134236, 6.507470666133974, 6.507470666133576, 6.5074706661342505, 6.507470666134339, 6.507470666133956, 6.507470666133622, 6.507470666134123, 6.507470666133975, 6.50747066613392, 6.507470666133925, 6.50747066613392, 6.507470666134424, 6.50747066613363, 6.507470666133936, 6.507470666134306, 6.507470666133856, 6.50747066613393, 6.507470666133962, 6.507470666133995, 6.507473555461543]
Total optimisation time observed during ADAM optimization: 233.255492 seconds
Median time per evaluation during ADAM optimization: 1.162316 seconds
6.507473555461543
QAOA optimisation for n=8 took 244.48 seconds; started at 1777589493.619744 and finished at 1777589738.102526
Finished QAOA for n=10 nodes, m=15 edges at 2026-05-01 00:55:38 on Apple M4. Time taken: 244.48 seconds. Hours: 0.07 hours. Peak RAM: 367.98 MB.
Unknown graph type for approximation ratio calculation; skipping approx ratio computation.
CSV writing for n=8 took 0.00 seconds; started at 1777589738.102528 and finished at 1777589738.103009
results: {8: 6.507473555461543}
durations: {10: 244.48278403282166}
Results saved to: logs/adam/qaoa_results_adam_20260430_200911.csv
Global end time: 1777589738.103013
Finalisation time: 0.00 seconds; started at 1777589738.1030111 and finished at 1777589738.103015
Sum of all section times: 244.57 seconds
