2026-04-30 23:17:11.146 system_profiler[45544:1577445] hw.cpufamily: 0x6f5129ac
Starting QAOA benchmark with global start time: 1777583831.083377
Benchmark parameters: {'optimiser': 'adam', 'circuit_type': 'hamqaoa', 'parameter_vector': [1, 1, 1], 'iterations_list': [50, 100, 200, 500], 'learning_rate_adam': 0.05, 'depth_list': [1, 2, 5, 10], 'n_start': 0, 'n_end': 30, 'singlet_injection': False, 'start_index_singlet': 0, 'warm_start': True, 'compare_with_010101': False, 'warm_start_correlations': False, 'init_QAOAparams_close_to_zero': False, 'use_correlations_as_initial_params': False, 'time_limit': 10800, 'failed_instance_termination_thrsh': 10, 'graph_generation_type': 'HOG', 'weighted': False, 'easiest_first': True, 'cpu_util_threshold': 90, 'debug': False, 'save_circuit_svg': False, 'rerun_exclude_finished_instances': False, 'optimiser_debug_iterations': 1, 'relative_graph_adjList_path': '/Users/julian_dev/Projects/MasterThesis/QAOA/HOG_graphs/list_27_graphs_adjacency_list.txt'}, Running QAOA with equal superposition
Benchmark run ID: 1bdf01f6
Processor: Apple M4
Hostname: Mac-mini-som-tillhor-Julian.local
Total RAM (GB): 16.0
Physical cores: 10
Logical cores: 10
Python version: 3.13.1
Initialisation time: 0.08 seconds; started at {'initialisation': 0.08131027221679688} and finished at 1777583831.164695
Loaded HOG graph index 2 with 12 edges.
Instance generation for n=2 took 0.00 seconds; started at 1777583831.1646988 and finished at 1777583831.165003
Running QAOA for n=8 nodes, m=12 edges...; Max iterations: 100
Warm-start: using parameter_vector=[1, 1, 1]
Warm-start: starting SDP solve for n_vertices=8
Starting SDP solve (solver preference: MOSEK, fallback: SCS) for n_vertices=8, matrix_dim=24, edges=12
Finished SDP solve with MOSEK. status=optimal. elapsed_seconds=0.05
Rounding...
n_vertices: 8 for n = 24
Using seed None to generate random matrix for x.
r_0: [ 0.68905817 -0.71008837  0.14482181]
Product state qubit 0: [[0.5724109 +0.j         0.34452908+0.35504418j]
 [0.34452908-0.35504418j 0.4275891 +0.j        ]]
Diagonal entries of product state 0: [0.5724109 0.4275891]
r_1: [-0.94356486  0.23622475 -0.23212761]
Product state qubit 1: [[ 0.38393619+0.j         -0.47178243-0.11811237j]
 [-0.47178243+0.11811237j  0.61606381+0.j        ]]
Diagonal entries of product state 1: [0.38393619 0.61606381]
r_2: [-0.39045511  0.91877185 -0.05833611]
Product state qubit 2: [[ 0.47083195+0.j         -0.19522755-0.45938592j]
 [-0.19522755+0.45938592j  0.52916805+0.j        ]]
Diagonal entries of product state 2: [0.47083195 0.52916805]
r_3: [-0.68904107  0.71010317 -0.14483059]
Product state qubit 3: [[ 0.4275847 +0.j         -0.34452053-0.35505158j]
 [-0.34452053+0.35505158j  0.5724153 +0.j        ]]
Diagonal entries of product state 3: [0.4275847 0.5724153]
r_4: [0.33627794 0.93282554 0.12943595]
Product state qubit 4: [[0.56471798+0.j         0.16813897-0.46641277j]
 [0.16813897+0.46641277j 0.43528202+0.j        ]]
Diagonal entries of product state 4: [0.56471798 0.43528202]
r_5: [-0.33626654 -0.93282573 -0.12946419]
Product state qubit 5: [[ 0.43526791+0.j         -0.16813327+0.46641286j]
 [-0.16813327-0.46641286j  0.56473209+0.j        ]]
Diagonal entries of product state 5: [0.43526791 0.56473209]
r_6: [ 0.94355329 -0.23625551  0.23214331]
Product state qubit 6: [[0.61607166+0.j         0.47177665+0.11812776j]
 [0.47177665-0.11812776j 0.38392834+0.j        ]]
Diagonal entries of product state 6: [0.61607166 0.38392834]
r_7: [ 0.39043399 -0.91878015  0.05834675]
Product state qubit 7: [[0.52917337+0.j         0.19521699+0.45939007j]
 [0.19521699-0.45939007j 0.47082663+0.j        ]]
Diagonal entries of product state 7: [0.52917337 0.47082663]
y_scalar: False
[1, -1, -1, -1, 1, -1, 1, 1]
Hamiltonian equals product state? [[False False False False]
 [False False False False]
 [False False False False]
 [False False False False]]
Hamiltonian: [[ 0. +0.j  0. +0.j  0. +0.j  0. +0.j]
 [ 0. +0.j  0.5+0.j -0.5+0.j  0. +0.j]
 [ 0. +0.j -0.5+0.j  0.5+0.j  0. +0.j]
 [ 0. +0.j  0. +0.j  0. +0.j  0. +0.j]], product state: [[ 0.24915173+0.00000000e+00j  0.0919144 +2.16295523e-01j
  -0.10330922-2.43094799e-01j  0.1729256 -1.79365540e-01j]
 [ 0.0919144 -2.16295523e-01j  0.22168022+0.00000000e+00j
  -0.24914907+5.66131130e-06j -0.09191833-2.16291124e-01j]
 [-0.10330922+2.43094799e-01j -0.24914907-5.66131130e-06j
   0.28002164+0.00000000e+00j  0.1033026 +2.43094550e-01j]
 [ 0.1729256 +1.79365540e-01j -0.09191833+2.16291124e-01j
   0.1033026 -2.43094550e-01j  0.24914641+0.00000000e+00j]]
Hamiltonian equals product state? [[False False False False]
 [False False False False]
 [False False False False]
 [False False False False]]
Hamiltonian: [[ 0. +0.j  0. +0.j  0. +0.j  0. +0.j]
 [ 0. +0.j  0.5+0.j -0.5+0.j  0. +0.j]
 [ 0. +0.j -0.5+0.j  0.5+0.j  0. +0.j]
 [ 0. +0.j  0. +0.j  0. +0.j  0. +0.j]], product state: [[ 0.21976926+0.j         -0.27005341-0.06760881j  0.13227718+0.13631431j
  -0.12060766-0.20819675j]
 [-0.27005341+0.06760881j  0.35264164+0.j         -0.20447788-0.12681046j
   0.2122519 +0.21872987j]
 [ 0.13227718-0.13631431j -0.20447788+0.12681046j  0.16416693+0.j
  -0.20172902-0.05050356j]
 [-0.12060766+0.20819675j  0.2122519 -0.21872987j -0.20172902+0.05050356j
   0.26342217+0.j        ]]
Hamiltonian equals product state? [[False False False False]
 [False False False False]
 [False False False False]
 [False False False False]]
Hamiltonian: [[ 0. +0.j  0. +0.j  0. +0.j  0. +0.j]
 [ 0. +0.j  0.5+0.j -0.5+0.j  0. +0.j]
 [ 0. +0.j -0.5+0.j  0.5+0.j  0. +0.j]
 [ 0. +0.j  0. +0.j  0. +0.j  0. +0.j]], product state: [[ 0.23653221+0.00000000e+00j  0.18113213+4.53535210e-02j
  -0.29065178-7.27656855e-02j -0.20862358-1.11453259e-01j]
 [ 0.18113213-4.53535210e-02j  0.14740399+0.00000000e+00j
  -0.23652828+7.94044869e-06j -0.18113065-4.53466878e-02j]
 [-0.29065178+7.27656855e-02j -0.23652828-7.94044869e-06j
   0.37953945+0.00000000e+00j  0.29064452+7.27742353e-02j]
 [-0.20862358+1.11453259e-01j -0.18113065+4.53466878e-02j
   0.29064452-7.27742353e-02j  0.23652436+0.00000000e+00j]]
Hamiltonian equals product state? [[False False False False]
 [False False False False]
 [False False False False]
 [False False False False]]
Hamiltonian: [[ 0. +0.j  0. +0.j  0. +0.j  0. +0.j]
 [ 0. +0.j  0.5+0.j -0.5+0.j  0. +0.j]
 [ 0. +0.j -0.5+0.j  0.5+0.j  0. +0.j]
 [ 0. +0.j  0. +0.j  0. +0.j  0. +0.j]], product state: [[ 0.29883372+0.j          0.11024255+0.25942583j  0.08897467-0.24681322j
   0.24708898-0.01381032j]
 [ 0.11024255-0.25942583j  0.26588426+0.j         -0.18144181-0.16829307j
   0.0791643 -0.21959955j]
 [ 0.08897467+0.24681322j -0.18144181+0.16829307j  0.23033966+0.j
   0.08497445+0.19996424j]
 [ 0.24708898+0.01381032j  0.0791643 +0.21959955j  0.08497445-0.19996424j
   0.20494237+0.j        ]]
Hamiltonian equals product state? [[False False False False]
 [False False False False]
 [False False False False]
 [False False False False]]
Hamiltonian: [[ 0. +0.j  0. +0.j  0. +0.j  0. +0.j]
 [ 0. +0.j  0.5+0.j -0.5+0.j  0. +0.j]
 [ 0. +0.j -0.5+0.j  0.5+0.j  0. +0.j]
 [ 0. +0.j  0. +0.j  0. +0.j  0. +0.j]], product state: [[ 0.24475415+0.00000000e+00j -0.19720731-2.03235398e-01j
   0.14731537+1.51811462e-01j  0.00736166-2.44645608e-01j]
 [-0.19720731+2.03235398e-01j  0.32765676+0.00000000e+00j
  -0.24475634+5.58511092e-06j  0.19721372+2.03232722e-01j]
 [ 0.14731537-1.51811462e-01j -0.24475634-5.58511092e-06j
   0.18283056+0.00000000e+00j -0.14731322-1.51816186e-01j]
 [ 0.00736166+2.44645608e-01j  0.19721372-2.03232722e-01j
  -0.14731322+1.51816186e-01j  0.24475854+0.00000000e+00j]]
Hamiltonian equals product state? [[False False False False]
 [False False False False]
 [False False False False]
 [False False False False]]
Hamiltonian: [[ 0. +0.j  0. +0.j  0. +0.j  0. +0.j]
 [ 0. +0.j  0.5+0.j -0.5+0.j  0. +0.j]
 [ 0. +0.j -0.5+0.j  0.5+0.j  0. +0.j]
 [ 0. +0.j  0. +0.j  0. +0.j  0. +0.j]], product state: [[ 0.26815622+0.j          0.20534923+0.05141722j -0.10358214+0.28734375j
  -0.13441765+0.20018149j]
 [ 0.20534923-0.05141722j  0.16711169+0.j         -0.02422504+0.2399039j
  -0.06455113+0.17906912j]
 [-0.10358214-0.28734375j -0.02422504-0.2399039j   0.34791544+0.j
   0.26642741+0.06671054j]
 [-0.13441765-0.20018149j -0.06455113-0.17906912j  0.26642741-0.06671054j
   0.21681666+0.j        ]]
Hamiltonian equals product state? [[False False False False]
 [False False False False]
 [False False False False]
 [False False False False]]
Hamiltonian: [[ 0. +0.j  0. +0.j  0. +0.j  0. +0.j]
 [ 0. +0.j  0.5+0.j -0.5+0.j  0. +0.j]
 [ 0. +0.j -0.5+0.j  0.5+0.j  0. +0.j]
 [ 0. +0.j  0. +0.j  0. +0.j  0. +0.j]], product state: [[ 0.24580361+0.00000000e+00j -0.09494788+2.63391729e-01j
   0.0731855 -2.03014509e-01j  0.18927116+1.56841682e-01j]
 [-0.09494788-2.63391729e-01j  0.31891437+0.00000000e+00j
  -0.24581067-2.67584141e-06j  0.09495347-2.63398259e-01j]
 [ 0.0731855 +2.03014509e-01j -0.24581067+2.67584141e-06j
   0.18946429+0.00000000e+00j -0.07318539+2.03021135e-01j]
 [ 0.18927116-1.56841682e-01j  0.09495347+2.63398259e-01j
  -0.07318539-2.03021135e-01j  0.24581773+0.00000000e+00j]]
Hamiltonian equals product state? [[False False False False]
 [False False False False]
 [False False False False]
 [False False False False]]
Hamiltonian: [[ 0. +0.j  0. +0.j  0. +0.j  0. +0.j]
 [ 0. +0.j  0.5+0.j -0.5+0.j  0. +0.j]
 [ 0. +0.j -0.5+0.j  0.5+0.j  0. +0.j]
 [ 0. +0.j  0. +0.j  0. +0.j  0. +0.j]], product state: [[ 0.22626644+0.j          0.0834718 +0.19642817j -0.18231109-0.18788384j
   0.09585091-0.22758142j]
 [ 0.0834718 -0.19642817j  0.20131826+0.j         -0.23036344+0.08895721j
  -0.16220944-0.16716774j]
 [-0.18231109+0.18788384j -0.23036344-0.08895721j  0.30290693+0.j
   0.11174519+0.2629619j ]
 [ 0.09585091+0.22758142j -0.16220944+0.16716774j  0.11174519-0.2629619j
   0.26950836+0.j        ]]
Hamiltonian equals product state? [[False False False False]
 [False False False False]
 [False False False False]
 [False False False False]]
Hamiltonian: [[ 0. +0.j  0. +0.j  0. +0.j  0. +0.j]
 [ 0. +0.j  0.5+0.j -0.5+0.j  0. +0.j]
 [ 0. +0.j -0.5+0.j  0.5+0.j  0. +0.j]
 [ 0. +0.j  0. +0.j  0. +0.j  0. +0.j]], product state: [[ 0.20493804+0.j         -0.07916251+0.21960208j -0.08497629-0.19995595j
   0.24708775-0.01381859j]
 [-0.07916251-0.21960208j  0.26589391+0.j         -0.18143926+0.1682947j
  -0.11025127-0.25942997j]
 [-0.08497629+0.19995595j -0.18143926-0.1682947j   0.23032987+0.j
  -0.08897075+0.24681079j]
 [ 0.24708775+0.01381859j -0.11025127+0.25942997j -0.08897075-0.24681079j
   0.29883818+0.j        ]]
Hamiltonian equals product state? [[False False False False]
 [False False False False]
 [False False False False]
 [False False False False]]
Hamiltonian: [[ 0. +0.j  0. +0.j  0. +0.j  0. +0.j]
 [ 0. +0.j  0.5+0.j -0.5+0.j  0. +0.j]
 [ 0. +0.j -0.5+0.j  0.5+0.j  0. +0.j]
 [ 0. +0.j  0. +0.j  0. +0.j  0. +0.j]], product state: [[ 0.21681567+0.j          0.06455464-0.17907274j -0.26642402-0.06670018j
  -0.13441413+0.20018606j]
 [ 0.06455464+0.17907274j  0.16712052+0.j         -0.02423589-0.23990464j
  -0.20535841-0.05141219j]
 [-0.26642402+0.06670018j -0.02423589+0.23990464j  0.34790231+0.j
   0.10358433-0.28734003j]
 [-0.13441413-0.20018606j -0.20535841+0.05141219j  0.10358433+0.28734003j
   0.2681615 +0.j        ]]
Hamiltonian equals product state? [[False False False False]
 [False False False False]
 [False False False False]
 [False False False False]]
Hamiltonian: [[ 0. +0.j  0. +0.j  0. +0.j  0. +0.j]
 [ 0. +0.j  0.5+0.j -0.5+0.j  0. +0.j]
 [ 0. +0.j -0.5+0.j  0.5+0.j  0. +0.j]
 [ 0. +0.j  0. +0.j  0. +0.j  0. +0.j]], product state: [[ 0.26950934+0.j         -0.11175038-0.26295751j  0.1622153 +0.16716614j
   0.09584073-0.22758622j]
 [-0.11175038+0.26295751j  0.30290156+0.j         -0.23036387+0.0889574j
   0.18231378+0.18787804j]
 [ 0.1622153 -0.16716614j -0.23036387-0.0889574j   0.20132261+0.j
  -0.08347717-0.19642841j]
 [ 0.09584073+0.22758622j  0.18231378-0.18787804j -0.08347717+0.19642841j
   0.22626649+0.j        ]]
Hamiltonian equals product state? [[False False False False]
 [False False False False]
 [False False False False]
 [False False False False]]
Hamiltonian: [[ 0. +0.j  0. +0.j  0. +0.j  0. +0.j]
 [ 0. +0.j  0.5+0.j -0.5+0.j  0. +0.j]
 [ 0. +0.j -0.5+0.j  0.5+0.j  0. +0.j]
 [ 0. +0.j  0. +0.j  0. +0.j  0. +0.j]], product state: [[ 0.26342282+0.j          0.20172448+0.05050962j -0.21224934-0.21873722j
  -0.12059529-0.20820248j]
 [ 0.20172448-0.05050962j  0.16416189+0.j         -0.20447819-0.12680761j
  -0.1322712 -0.13631437j]
 [-0.21224934+0.21873722j -0.20447819+0.12680761j  0.35264884+0.j
   0.27005217+0.06761813j]
 [-0.12059529+0.20820248j -0.1322712 +0.13631437j  0.27005217-0.06761813j
   0.21976646+0.j        ]]
Energy of rounded cut: 5.313308536413575
Check the cut: [1, -1, -1, -1, 1, -1, 1, 1]
10 in cut out of a total of 12 edges
Warm-start: SDP solve + rounding finished in 0.05 seconds
Warm-start: statevector build finished in 0.00 seconds
warm_start_correlations: None
Edges: [(2, 7), (0, 1), (1, 6), (4, 7), (0, 3), (5, 6), (4, 5), (3, 7), (2, 5), (1, 4), (0, 2), (3, 6)], weights: [1.0, 1.0, 1.0, 1.0, 1.0, 1.0, 1.0, 1.0, 1.0, 1.0, 1.0, 1.0], set of nodes: {0, 1, 2, 3, 4, 5, 6, 7}, n: 8 nodes, p: 10 layers, N_bayes: 100 iterations
Initial state injected as warm start
Initial state energy for vector-normalised SDP solution used as warm start: 3.3922012853766352
Running ADAM optimization with a single iteration (no debug loop)
ADAM optimizer configured with maxiter=100 and learning_rate=0.05
Generated 4 random initial parameter sets for ADAM optimization
Using random initial parameters with:
Param_type 1:  [-0.89779384 -2.30120223  2.86675751  2.19592134 -2.96205405 -2.01880811
  2.19602565  0.05128787  0.27250293 -0.41206443]
Param_type 2:  [-0.11331164  1.01111236 -2.32577916 -2.7592488   1.88802317  1.37671293
 -2.59074707 -1.57320005 -3.00188119  2.67250568]
Param_type 3:  [ 2.86695749 -1.50759168 -2.83101031 -1.88228474 -0.2345431  -1.38232155
 -0.68074465  2.46825936  2.35737837  1.84790655]
Param_type 4:  [-1.47007196  0.77160334 -1.74106359  1.24604312 -0.41828801 -2.6411751
 -2.29069511 -2.53089508  1.8350421   2.85153778]
Energies observed during ADAM optimization: [2.934897607431232, 2.934897607420422, 2.934897607428912, 2.9348976074342312, 2.934897607462023, 2.9348976073676623, 2.934897607358272, 2.934897607386439, 2.9348976074309086, 2.9348976074310533, 2.9348976074221107, 2.9348976073597695, 2.934897607463809, 2.934897607405228, 2.934897607416836, 2.9348976074626876, 2.934897607465112, 2.9348976074472835, 2.934897607416377, 2.934897607478531, 2.9348976074466866, 2.934897607458876, 2.9348976074604467, 2.9348976074285624, 2.9348976074196034, 2.934897607461239, 2.934897607395416, 2.934897607401091, 2.934897607461447, 2.934897607441849, 2.934897607431235, 2.9348976074370468, 2.934897607409761, 2.9348976073766906, 2.934897607405588, 2.9348976074549915, 2.934897607416143, 2.9348976074395905, 2.934897607423044, 2.9348976074210356, 2.934897607446152, 3.173080627059294, 3.173080627018191, 3.173080627019069, 3.173080627002965, 3.173080627033549, 3.17308062709694, 3.17308062715052, 3.1730806271115486, 3.1730806270667005, 3.1730806270689977, 3.173080627062605, 3.173080627095137, 3.173080627053409, 3.173080627109256, 3.173080627061674, 3.173080627049443, 3.1730806270910334, 3.1730806270326752, 3.1730806270805556, 3.173080627062123, 3.173080627055337, 3.1730806270703864, 3.1730806270181118, 3.1730806270938863, 3.1730806270994183, 3.1730806270089533, 3.1730806271083174, 3.1730806270750223, 3.1730806270403025, 3.17308062704167, 3.1730806270592917, 3.1730806269941993, 3.1730806270851035, 3.1730806270944756, 3.173080627097172, 3.173080627027742, 3.173080627090327, 3.173080627070756, 3.1730806270431398, 3.1730806270575656, 3.1730806270482663, 3.253664527349412, 3.2536645273807405, 3.2536645273821705, 3.2536645273270786, 3.2536645273022518, 3.2536645273640974, 3.2536645274125777, 3.2536645274072833, 3.253664527341099, 3.253664527338643, 3.2536645273354807, 3.2536645274148226, 3.2536645273061238, 3.253664527338081, 3.2536645273641396, 3.253664527365084, 3.2536645273458333, 3.2536645273408356, 3.253664527375628, 3.2536645273656184, 3.2536645273388807, 3.2536645273029756, 3.2536645273723974, 3.2536645273658644, 3.253664527384219, 3.2536645272962663, 3.2536645273972606, 3.2536645273756624, 3.2536645273223535, 3.2536645273429468, 3.253664527349411, 3.253664527353205, 3.253664527344911, 3.2536645273538807, 3.253664527349407, 3.253664527346121, 3.253664527351666, 3.2536645273283495, 3.253664527367278, 3.253664527364418, 3.2536645273498026, 3.2859921397984926, 3.2859921398185383, 3.285992139835983, 3.285992139808673, 3.285992139796052, 3.2859921397740464, 3.2859921397720937, 3.2859921397823473, 3.2859921397933074, 3.2859921397928837, 3.2859921397982603, 3.2859921398312486, 3.2859921397417926, 3.2859921397607708, 3.285992139801015, 3.285992139808493, 3.2859921397743057, 3.285992139800483, 3.2859921397993235, 3.28599213978838, 3.2859921398051686, 3.285992139767738, 3.2859921398365968, 3.285992139758946, 3.285992139765515, 3.285992139809172, 3.285992139783851, 3.2859921397957352, 3.285992139801855, 3.2859921398051224, 3.285992139798497, 3.285992139814998, 3.285992139799786, 3.2859921397835583, 3.2859921397717127, 3.285992139829195, 3.2859921397705905, 3.2859921397912855, 3.285992139806054, 3.28599213980409, 3.2859921398202254, 3.292800866851842, 3.2928008668280033, 3.2928008668524535, 3.2928008668435664, 3.292800866870289, 3.292800866824975, 3.2928008668188338, 3.292800866827539, 3.29280086686806, 3.2928008668674424, 3.292800866873667, 3.2928008668647677, 3.29280086681857, 3.292800866814559, 3.2928008668316897, 3.2928008668251003, 3.2928008668315245, 3.292800866850171, 3.292800866829072, 3.2928008668450333, 3.2928008668615285, 3.2928008668426476, 3.2928008668738027, 3.2928008668203375, 3.292800866812473, 3.2928008668831827, 3.2928008668174495, 3.292800866831481, 3.2928008668719135, 3.2928008668611537, 3.2928008668518394, 3.2928008668595687, 3.2928008668505764, 3.2928008668531197, 3.2928008668481517, 3.2928008668641278, 3.2928008668416844, 3.292800866864852, 3.292800866838305, 3.292800866852286, 3.2928008668744284, 3.3394841597714615, 3.3394841597254077, 3.339484159751598, 3.339484159778744, 3.3394841597576, 3.3394841597358798, 3.3394841597377916, 3.339484159747491, 3.339484159784666, 3.3394841597829394, 3.3394841597918594, 3.3394841597525193, 3.339484159759869, 3.339484159728013, 3.3394841597438076, 3.3394841597288525, 3.3394841597501914, 3.339484159780446, 3.3394841597477236, 3.339484159779056, 3.3394841597800147, 3.339484159777155, 3.3394841597789697, 3.3394841597473977, 3.339484159739054, 3.339484159800761, 3.339484159739132, 3.3394841597485247, 3.3394841597940528, 3.339484159777903, 3.3394841597714615, 3.339484159778209, 3.3394841597612044, 3.3394841597740554, 3.3394841597684324, 3.3394841597790723, 3.3394841597662905, 3.339484159790809, 3.339484159751534, 3.3394841597632574, 3.3394841597821885, 3.420361363408305, 3.420361363367266, 3.420361363388533, 3.420361363440663, 3.4203613633574874, 3.4203613633769643, 3.420361363385977, 3.4203613633946244, 3.4203613633830647, 3.420361363382455, 3.4203613634113306, 3.420361363388023, 3.4203613634015495, 3.4203613633620233, 3.4203613633982557, 3.420361363371907, 3.4203613633831607, 3.420361363422827, 3.4203613633891097, 3.4203613634171153, 3.4203613634153274, 3.4203613634102354, 3.4203613634044814, 3.4203613634021153, 3.420361363397797, 3.4203613634182273, 3.420361363395523, 3.4203613633973498, 3.4203613634191283, 3.4203613634090915, 3.4203613634083103, 3.420361363409754, 3.4203613633901457, 3.4203613634167453, 3.420361363403069, 3.4203613634218226, 3.4203613633956027, 3.420361363407229, 3.4203613634093535, 3.420361363401256, 3.420361363419854, 3.4687481867501386, 3.468748186749721, 3.468748186762534, 3.4687481867706356, 3.4687481867114345, 3.468748186763134, 3.468748186784189, 3.468748186786463, 3.4687481867130607, 3.468748186714527, 3.4687481867459216, 3.4687481867615118, 3.4687481867587002, 3.468748186724637, 3.468748186766622, 3.468748186739895, 3.4687481867418857, 3.4687481867376437, 3.468748186746616, 3.468748186756168, 3.468748186753081, 3.4687481867353496, 3.4687481867387713, 3.468748186791327, 3.4687481867915206, 3.4687481867238974, 3.468748186772278, 3.468748186750433, 3.4687481867493557, 3.4687481867490777, 3.4687481867501395, 3.4687481867416503, 3.4687481867340195, 3.468748186779906, 3.468748186774637, 3.468748186742602, 3.4687481867558554, 3.468748186725292, 3.468748186774205, 3.468748186756961, 3.4687481867693855, 3.486436968259061, 3.4864369682923315, 3.486436968296516, 3.4864369682651253, 3.486436968245673, 3.486436968291229, 3.486436968317717, 3.486436968320697, 3.4864369682529954, 3.486436968255003, 3.486436968258061, 3.486436968266173, 3.486436968284075, 3.486436968250061, 3.486436968254894, 3.4864369682554406, 3.4864369682621166, 3.4864369682445346, 3.486436968271199, 3.4864369682634964, 3.486436968261164, 3.4864369682551812, 3.486436968243818, 3.486436968306836, 3.4864369683165988, 3.4864369682034404, 3.4864369683091634, 3.48643696827345, 3.4864369682438188, 3.486436968258296, 3.4864369682590586, 3.4864369682418475, 3.4864369682537317, 3.4864369682825784, 3.486436968279275, 3.4864369682463727, 3.4864369682676837, 3.4864369682496053, 3.4864369682656005, 3.4864369682473053, 3.486436968256126, 3.514852417331312, 3.514852417362666, 3.5148524173594784, 3.514852417328786, 3.514852417353443, 3.514852417374421, 3.5148524173826763, 3.5148524173900446, 3.5148524173446467, 3.5148524173459617, 3.5148524173260114, 3.514852417332185, 3.5148524173624343, 3.5148524173236275, 3.5148524173060145, 3.5148524173165336, 3.514852417349997, 3.5148524173267943, 3.5148524173435383, 3.514852417328955, 3.514852417332779, 3.5148524173528464, 3.5148524173202493, 3.5148524173672744, 3.514852417377299, 3.514852417275756, 3.5148524173808213, 3.514852417353265, 3.5148524173100815, 3.514852417330777, 3.514852417331311, 3.5148524173143327, 3.5148524173435516, 3.5148524173351667, 3.514852417327666, 3.5148524173316686, 3.514852417325643, 3.51485241733664, 3.5148524173226607, 3.514852417298196, 3.514852417307785, 3.5608088402960574, 3.5608088402889466, 3.5608088402866422, 3.560808840277707, 3.5608088403374523, 3.5608088403366573, 3.560808840313187, 3.5608088403231815, 3.5608088402986167, 3.560808840300577, 3.560808840283558, 3.5608088403141367, 3.560808840342571, 3.5608088402849964, 3.5608088402867586, 3.5608088402921823, 3.5608088403263345, 3.560808840290517, 3.5608088403109197, 3.560808840287065, 3.56080884029674, 3.560808840332436, 3.560808840287253, 3.560808840312913, 3.5608088403191687, 3.5608088402695817, 3.5608088403184253, 3.5608088402993086, 3.5608088402940887, 3.5608088402956364, 3.5608088402960534, 3.560808840288546, 3.560808840319802, 3.56080884028296, 3.5608088402793423, 3.5608088403111586, 3.560808840277571, 3.5608088402910294, 3.560808840299379, 3.56080884027338, 3.560808840283325, 3.573398816720578, 3.5733988166722415, 3.573398816675039, 3.5733988166802666, 3.5733988167379636, 3.573398816716494, 3.5733988166762702, 3.5733988166811352, 3.573398816717457, 3.573398816719678, 3.5733988167147497, 3.573398816758306, 3.5733988167708026, 3.573398816710119, 3.5733988167454647, 3.5733988167491524, 3.573398816741782, 3.5733988167088273, 3.573398816739326, 3.5733988167113795, 3.5733988167207893, 3.573398816762191, 3.5733988166931456, 3.5733988166984485, 3.573398816700476, 3.573398816747525, 3.5733988166942074, 3.5733988166839943, 3.573398816757154, 3.5733988167203434, 3.573398816720578, 3.5733988167243513, 3.5733988167460424, 3.5733988167121624, 3.573398816718888, 3.5733988167292825, 3.573398816711102, 3.573398816712967, 3.573398816729232, 3.5733988167235, 3.573398816731086, 3.583626349938817, 3.5836263499010332, 3.583626349904802, 3.5836263498908023, 3.5836263499164924, 3.5836263498958902, 3.583626349872983, 3.5836263498695335, 3.583626349947817, 3.583626349949388, 3.5836263499476058, 3.583626349967096, 3.583626349969133, 3.5836263499310066, 3.5836263499728442, 3.5836263499812935, 3.583626349940616, 3.583626349931882, 3.583626349943887, 3.583626349936107, 3.5836263499386805, 3.5836263499756056, 3.5836263498949075, 3.5836263498972714, 3.583626349897586, 3.583626349989447, 3.5836263498910985, 3.5836263498964196, 3.583626349980593, 3.5836263499389323, 3.5836263499388163, 3.583626349944128, 3.583626349963466, 3.5836263499431413, 3.5836263499552543, 3.583626349929654, 3.5836263499477408, 3.5836263499433207, 3.5836263499359995, 3.5836263499459347, 3.583626349953993, 3.6255555522706318, 3.625555552283846, 3.625555552283487, 3.6255555522411096, 3.625555552244082, 3.6255555522467207, 3.6255555522564524, 3.6255555522475946, 3.6255555522897014, 3.625555552290302, 3.625555552284505, 3.625555552266927, 3.6255555522698097, 3.625555552269555, 3.6255555522894953, 3.6255555523082625, 3.625555552259521, 3.625555552272745, 3.6255555522642564, 3.62555555227734, 3.625555552269579, 3.6255555522717167, 3.625555552247378, 3.625555552259239, 3.6255555522609364, 3.6255555522910683, 3.625555552253385, 3.625555552265272, 3.6255555522753213, 3.625555552271101, 3.62555555227063, 3.625555552272959, 3.6255555522927168, 3.6255555522764125, 3.6255555522923055, 3.6255555522442675, 3.625555552294743, 3.6255555522824414, 3.6255555522593474, 3.6255555522661287, 3.625555552275874, 3.6242285649146004, 3.624228564959472, 3.624228564956669, 3.6242285649183317, 3.6242285649020998, 3.624228564928849, 3.624228564963613, 3.624228564952567, 3.624228564929337, 3.6242285649295014, 3.624228564918609, 3.6242285648802857, 3.6242285648885884, 3.624228564925153, 3.6242285649280555, 3.6242285649465598, 3.624228564895256, 3.6242285649238672, 3.6242285649076664, 3.6242285649174897, 3.6242285649125554, 3.6242285648923165, 3.6242285649248633, 3.6242285649399237, 3.624228564945939, 3.6242285648963106, 3.6242285649377046, 3.6242285649452763, 3.6242285648836905, 3.6242285649152426, 3.624228564914599, 3.6242285649215877, 3.6242285649236954, 3.6242285649072334, 3.62422856492121, 3.6242285648988877, 3.6242285649276518, 3.6242285649138504, 3.624228564915268, 3.6242285649042905, 3.624228564913386, 3.6200689027423483, 3.6200689027805932, 3.6200689027780717, 3.6200689027626565, 3.6200689027399005, 3.620068902770054, 3.620068902804504, 3.6200689027941255, 3.620068902746653, 3.6200689027467425, 3.6200689027293023, 3.6200689026946957, 3.620068902713195, 3.6200689027620645, 3.620068902758297, 3.620068902767134, 3.6200689027247805, 3.6200689027506185, 3.620068902737059, 3.6200689027346042, 3.620068902739722, 3.620068902727968, 3.6200689027661745, 3.6200689027768322, 3.6200689027864366, 3.6200689027097086, 3.6200689027810697, 3.6200689027830393, 3.6200689027016626, 3.6200689027428905, 3.6200689027423505, 3.6200689027522506, 3.6200689027454347, 3.620068902724026, 3.620068902730057, 3.620068902750794, 3.620068902732521, 3.620068902725562, 3.6200689027590354, 3.620068902735372, 3.6200689027432182, 3.6504664608509145, 3.650466460863696, 3.6504664608614403, 3.6504664608703936, 3.6504664608537944, 3.6504664608733193, 3.6504664608842123, 3.6504664608772415, 3.6504664608405037, 3.65046646084057, 3.6504664608268693, 3.650466460806992, 3.6504664608351356, 3.6504664608708697, 3.650466460854995, 3.650466460861968, 3.6504664608464057, 3.650466460860127, 3.6504664608524937, 3.6504664608475528, 3.650466460847719, 3.650466460842501, 3.6504664608656237, 3.6504664608716975, 3.6504664608804553, 3.650466460825112, 3.6504664608828894, 3.65046646088473, 3.650466460817103, 3.6504664608515736, 3.6504664608509128, 3.650466460858339, 3.6504664608623467, 3.6504664608375434, 3.6504664608388206, 3.650466460858863, 3.6504664608422295, 3.650466460842208, 3.6504664608595916, 3.650466460842659, 3.650466460849709, 3.6708634143225054, 3.6708634143018544, 3.670863414301011, 3.670863414328856, 3.6708634143274224, 3.670863414326459, 3.670863414305437, 3.6708634143028522, 3.6708634143015053, 3.670863414301309, 3.670863414303655, 3.6708634142942502, 3.6708634143259213, 3.6708634143318735, 3.670863414312765, 3.6708634143201992, 3.6708634143355905, 3.670863414338665, 3.6708634143360674, 3.6708634143292844, 3.670863414318269, 3.670863414325316, 3.6708634143067167, 3.670863414311947, 3.670863414313976, 3.6708634143277292, 3.6708634143225765, 3.6708634143307624, 3.6708634143142427, 3.6708634143231618, 3.6708634143224996, 3.6708634143289727, 3.6708634143423753, 3.6708634143190952, 3.6708634143202326, 3.670863414318452, 3.6708634143252583, 3.6708634143283643, 3.6708634143166172, 3.6708634143168264, 3.670863414324636, 3.6640483654880325, 3.664048365452262, 3.66404836545446, 3.6640483654864386, 3.66404836549629, 3.664048365478767, 3.664048365438951, 3.6640483654381644, 3.664048365476181, 3.664048365474353, 3.664048365487633, 3.6640483654784686, 3.664048365504465, 3.664048365488172, 3.664048365476319, 3.6640483654796974, 3.6640483655161913, 3.664048365511166, 3.664048365508783, 3.6640483654945237, 3.66404836548284, 3.664048365502728, 3.664048365445998, 3.6640483654493137, 3.664048365443784, 3.6640483655268263, 3.664048365454386, 3.6640483654691525, 3.6640483655068024, 3.664048365488096, 3.6640483654880347, 3.664048365499962, 3.6640483655041916, 3.664048365488852, 3.6640483654892835, 3.664048365483209, 3.6640483654903777, 3.664048365493697, 3.6640483654817935, 3.6640483654888314, 3.66404836549743, 3.6745898982632172, 3.674589898240522, 3.6745898982441063, 3.674589898262819, 3.674589898276376, 3.6745898982599536, 3.6745898982176888, 3.6745898982167726, 3.6745898982698146, 3.674589898265108, 3.6745898982808143, 3.674589898266776, 3.6745898982837093, 3.674589898261399, 3.6745898982495095, 3.6745898982490375, 3.67458989829557, 3.6745898982860794, 3.674589898278879, 3.6745898982625813, 3.6745898982580316, 3.6745898982682954, 3.6745898982295104, 3.6745898982252854, 3.674589898214351, 3.6745898983089105, 3.6745898982224627, 3.674589898239558, 3.6745898982867495, 3.674589898262702, 3.674589898263219, 3.6745898982870573, 3.674589898269623, 3.67458989826444, 3.674589898263096, 3.674589898258515, 3.6745898982648457, 3.674589898263318, 3.6745898982613276, 3.67458989826587, 3.6745898982735756, 3.697889943453702, 3.6978899434582937, 3.697889943459769, 3.6978899434592383, 3.697889943467947, 3.69788994346497, 3.697889943435441, 3.697889943433179, 3.697889943466609, 3.6978899434612695, 3.6978899434754604, 3.6978899434600834, 3.697889943466812, 3.697889943454513, 3.697889943437794, 3.6978899434344354, 3.697889943474743, 3.697889943463192, 3.6978899434523207, 3.697889943438005, 3.6978899434494514, 3.697889943433048, 3.6978899434596717, 3.6978899434454484, 3.6978899434326724, 3.6978899434770125, 3.6978899434335033, 3.697889943449018, 3.6978899434589816, 3.6978899434531147, 3.697889943453696, 3.697889943487763, 3.69788994345237, 3.6978899434549053, 3.697889943450636, 3.6978899434465378, 3.697889943458739, 3.6978899434494448, 3.697889943455987, 3.697889943457586, 3.6978899434634354, 3.702678364113339, 3.702678364143356, 3.702678364141915, 3.70267836412272, 3.702678364119895, 3.7026783641297314, 3.702678364126734, 3.7026783641230443, 3.702678364116704, 3.702678364114615, 3.702678364126609, 3.702678364114779, 3.702678364109491, 3.702678364116301, 3.7026783641010494, 3.7026783640955596, 3.702678364115231, 3.7026783641055947, 3.7026783640979923, 3.7026783640813203, 3.7026783641099574, 3.7026783640776006, 3.7026783641569025, 3.7026783641381265, 3.7026783641273675, 3.7026783641048433, 3.702678364123484, 3.7026783641355494, 3.7026783640928653, 3.702678364112776, 3.7026783641133347, 3.7026783641429883, 3.702678364107737, 3.70267836411564, 3.7026783641081087, 3.7026783641043894, 3.7026783641216845, 3.7026783641087606, 3.7026783641177703, 3.7026783641202106, 3.7026783641248007, 3.7102699969241217, 3.710269996961559, 3.710269996960626, 3.7102699969350885, 3.7102699969163364, 3.710269996931954, 3.7102699969554545, 3.7102699969521584, 3.710269996920895, 3.7102699969220154, 3.710269996927493, 3.7102699969263004, 3.7102699969087967, 3.710269996920035, 3.7102699969216015, 3.710269996914995, 3.7102699969143167, 3.710269996915132, 3.710269996912002, 3.710269996891571, 3.7102699969206014, 3.7102699968978197, 3.7102699969712685, 3.710269996951312, 3.710269996946183, 3.710269996902348, 3.7102699969475297, 3.7102699969566193, 3.710269996892898, 3.710269996923407, 3.7102699969241253, 3.7102699969367823, 3.7102699969135076, 3.7102699969237936, 3.710269996914577, 3.71026999692112, 3.7102699969271136, 3.710269996919639, 3.71026999692978, 3.7102699969278854, 3.710269996932189, 3.7265764162232804, 3.726576416239959, 3.7265764162445527, 3.7265764162328727, 3.726576416192974, 3.72657641620701, 3.7265764162498876, 3.726576416247795, 3.7265764162248307, 3.7265764162258077, 3.72657641621813, 3.7265764162342667, 3.72657641620894, 3.7265764162034114, 3.726576416233394, 3.7265764162235415, 3.726576416209935, 3.726576416226455, 3.7265764162260946, 3.726576416207273, 3.7265764162193764, 3.726576416222296, 3.7265764162400044, 3.7265764162210386, 3.7265764162235047, 3.7265764162127084, 3.7265764162357, 3.726576416241501, 3.726576416204297, 3.7265764162223065, 3.726576416223272, 3.7265764162079718, 3.726576416212297, 3.726576416223673, 3.7265764162148263, 3.7265764162311354, 3.7265764162150607, 3.72657641621843, 3.726576416228504, 3.7265764162171116, 3.726576416220751, 3.7260038823121677, 3.726003882292436, 3.7260038823032673, 3.726003882315707, 3.7260038822669497, 3.726003882274331, 3.7260038823231976, 3.726003882321809, 3.726003882317631, 3.7260038823159567, 3.7260038822982744, 3.7260038823296515, 3.7260038823033472, 3.7260038822807733, 3.726003882329885, 3.7260038823171615, 3.726003882299829, 3.726003882322802, 3.7260038823305135, 3.726003882316752, 3.7260038823085275, 3.726003882331811, 3.7260038822922406, 3.7260038822801813, 3.7260038822857644, 3.7260038823237625, 3.7260038823021002, 3.726003882306411, 3.7260038823162795, 3.72600388231082, 3.7260038823121695, 3.7260038822717387, 3.7260038823081825, 3.7260038823217867, 3.726003882317133, 3.7260038823196386, 3.7260038823040307, 3.7260038823128205, 3.726003882309815, 3.726003882298729, 3.726003882301103, 3.7329152039140423, 3.7329152038804967, 3.732915203892355, 3.7329152039168694, 3.732915203881356, 3.7329152038833113, 3.7329152039191915, 3.7329152039180786, 3.7329152039093554, 3.7329152039075826, 3.732915203894124, 3.7329152039319227, 3.7329152039078646, 3.732915203883572, 3.7329152039269853, 3.7329152039216194, 3.7329152039026203, 3.7329152039206877, 3.7329152039409976, 3.732915203928993, 3.7329152039113644, 3.7329152039304088, 3.732915203886229, 3.7329152038851903, 3.73291520388666, 3.7329152039353715, 3.732915203893742, 3.7329152038995868, 3.7329152039292937, 3.732915203913113, 3.732915203914044, 3.7329152038735636, 3.7329152039141618, 3.7329152039279467, 3.7329152039321363, 3.7329152039032665, 3.7329152039243145, 3.7329152039220492, 3.7329152039028988, 3.7329152039035414, 3.732915203905052, 3.7582390329656943, 3.758239032954807, 3.7582390329621442, 3.758239032978842, 3.758239032961077, 3.7582390329602933, 3.758239032972308, 3.7582390329715616, 3.7582390329541617, 3.758239032956347, 3.7582390329487665, 3.7582390329818107, 3.7582390329598887, 3.7582390329449535, 3.7582390329638837, 3.7582390329694766, 3.758239032958202, 3.758239032967239, 3.758239032988479, 3.7582390329792594, 3.7582390329640156, 3.7582390329701854, 3.7582390329523347, 3.758239032960125, 3.7582390329567086, 3.7582390329819524, 3.758239032950241, 3.7582390329586595, 3.758239032977472, 3.758239032965007, 3.7582390329656934, 3.758239032949044, 3.7582390329629596, 3.758239032971688, 3.7582390329817006, 3.758239032940461, 3.7582390329908892, 3.758239032970491, 3.7582390329576683, 3.758239032965657, 3.7582390329675968, 3.7741688972778276, 3.7741688973115246, 3.7741688973122374, 3.774168897308984, 3.774168897305275, 3.774168897300817, 3.7741688972838117, 3.774168897283743, 3.7741688972769434, 3.774168897284018, 3.774168897273794, 3.7741688972939453, 3.774168897271081, 3.774168897267856, 3.774168897261565, 3.774168897267815, 3.7741688972826513, 3.7741688972824328, 3.7741688972851235, 3.7741688972809473, 3.7741688972747554, 3.77416889727985, 3.7741688972826037, 3.7741688972923537, 3.774168897287095, 3.7741688972852763, 3.7741688972710836, 3.7741688972808394, 3.7741688972792033, 3.7741688972754326, 3.774168897277827, 3.7741688972972245, 3.7741688972692957, 3.7741688972665886, 3.774168897271472, 3.774168897264229, 3.7741688972919993, 3.7741688972702123, 3.774168897282918, 3.7741688972842504, 3.774168897289216, 3.788177812964638, 3.788177813026576, 3.788177813025042, 3.7881778130060493, 3.7881778130068007, 3.7881778129924024, 3.788177812952085, 3.7881778129526666, 3.788177812973988, 3.788177812988653, 3.7881778129754275, 3.7881778129822212, 3.7881778129572017, 3.7881778129509316, 3.7881778129382506, 3.788177812945125, 3.788177812976936, 3.7881778129815653, 3.788177812965036, 3.788177812960971, 3.7881778129578407, 3.7881778129743378, 3.7881778129725814, 3.788177812983286, 3.788177812981678, 3.7881778129626364, 3.78817781296744, 3.788177812975759, 3.7881778129551003, 3.788177812960929, 3.7881778129646344, 3.7881778129987533, 3.788177812961967, 3.788177812946658, 3.7881778129452006, 3.7881778129644585, 3.788177812965836, 3.7881778129547534, 3.7881778129735286, 3.788177812967263, 3.7881778129763846, 3.8409798644620374, 3.840979864508458, 3.8409798645109507, 3.8409798644969713, 3.8409798644759987, 3.84097986445206, 3.840979864416826, 3.8409798644168447, 3.840979864448859, 3.8409798644761888, 3.840979864466575, 3.840979864479711, 3.8409798644546806, 3.840979864427322, 3.8409798644363105, 3.8409798644519273, 3.8409798644697815, 3.8409798644947215, 3.840979864483274, 3.8409798644662323, 3.8409798644533564, 3.8409798644852233, 3.840979864447031, 3.8409798644646607, 3.8409798644750497, 3.8409798644477378, 3.8409798644775837, 3.840979864477646, 3.840979864448523, 3.8409798644610946, 3.840979864462033, 3.8409798644678577, 3.840979864480237, 3.840979864464744, 3.8409798644650315, 3.840979864454944, 3.840979864470171, 3.8409798644683684, 3.840979864458693, 3.840979864455331, 3.8409798644647237, 3.9178528747241548, 3.9178528747135273, 3.9178528747207113, 3.917852874735117, 3.9178528746716133, 3.917852874660018, 3.917852874673897, 3.91785287467294, 3.917852874680844, 3.9178528747107038, 3.91785287470539, 3.9178528747381587, 3.9178528747150243, 3.9178528746730468, 3.917852874718368, 3.91785287473182, 3.917852874727471, 3.9178528747660937, 3.917852874783421, 3.9178528747387, 3.9178528747117194, 3.917852874759638, 3.917852874669003, 3.9178528746930272, 3.9178528747179575, 3.9178528747043684, 3.9178528747452717, 3.917852874725257, 3.917852874723343, 3.917852874731036, 3.917852874724159, 3.917852874676694, 3.9178528747600567, 3.9178528747664605, 3.917852874768435, 3.9178528747102446, 3.9178528747387027, 3.9178528747561177, 3.9178528747003485, 3.9178528747025045, 3.917852874711932, 4.078920344223551, 4.0789203442067254, 4.07892034421299, 4.078920344234031, 4.078920344143572, 4.078920344164999, 4.078920344222709, 4.078920344222216, 4.078920344196937, 4.078920344212739, 4.078920344206712, 4.078920344246258, 4.078920344205217, 4.078920344181078, 4.078920344227838, 4.078920344241613, 4.078920344221195, 4.078920344259956, 4.078920344311092, 4.078920344244091, 4.078920344196669, 4.078920344264993, 4.078920344139947, 4.078920344162488, 4.078920344194234, 4.078920344205807, 4.078920344241952, 4.078920344209976, 4.078920344236949, 4.078920344237975, 4.078920344223554, 4.078920344145088, 4.078920344266861, 4.078920344291739, 4.07892034429379, 4.078920344202029, 4.078920344245335, 4.078920344278775, 4.078920344180277, 4.078920344194074, 4.078920344221682, 4.344801030515825, 4.344801030558134, 4.344801030557755, 4.34480103057733, 4.3448010305036, 4.344801030544022, 4.34480103057269, 4.344801030572717, 4.3448010305543745, 4.344801030540144, 4.3448010305108085, 4.344801030551553, 4.344801030514946, 4.344801030494474, 4.344801030487184, 4.344801030510461, 4.344801030519371, 4.344801030528003, 4.344801030606124, 4.344801030523675, 4.344801030468118, 4.344801030565655, 4.344801030427024, 4.344801030446394, 4.344801030477881, 4.34480103048824, 4.344801030543221, 4.34480103049923, 4.344801030524659, 4.3448010305316656, 4.344801030515824, 4.344801030468768, 4.344801030555495, 4.3448010305649225, 4.344801030558723, 4.344801030511206, 4.3448010305203795, 4.344801030593508, 4.344801030457811, 4.344801030485071, 4.344801030550211, 4.6028826901852025, 4.602882690179066, 4.602882690179294, 4.602882690220168, 4.602882690181702, 4.6028826901971325, 4.602882690186493, 4.602882690186144, 4.602882690234713, 4.602882690227185, 4.602882690148542, 4.602882690196487, 4.602882690245961, 4.60288269016651, 4.602882690137935, 4.602882690145127, 4.602882690196313, 4.602882690152246, 4.602882690235289, 4.6028826901329865, 4.602882690144389, 4.60288269022182, 4.6028826901319295, 4.60288269014855, 4.602882690172656, 4.602882690137207, 4.6028826902322395, 4.6028826901392375, 4.602882690191335, 4.602882690200775, 4.602882690185205, 4.602882690186947, 4.60288269021138, 4.6028826901983155, 4.602882690175776, 4.602882690235209, 4.602882690135039, 4.60288269026447, 4.602882690140937, 4.602882690163677, 4.602882690226078, 4.653984740747519, 4.6539847406226045, 4.653984740624436, 4.653984740645239, 4.653984740639479, 4.653984740886823, 4.653984740629614, 4.653984740630766, 4.653984740723024, 4.653984740814505, 4.653984740769897, 4.653984740700844, 4.653984740777757, 4.653984740708425, 4.653984740752798, 4.653984740724251, 4.65398474076642, 4.653984740661704, 4.653984740696979, 4.653984740678089, 4.65398474077296, 4.653984740752195, 4.653984740790231, 4.6539847407959485, 4.653984740787884, 4.65398474073823, 4.653984740756018, 4.653984740710887, 4.653984740770893, 4.6539847407597, 4.653984740747519, 4.653984740752868, 4.653984740753278, 4.653984740749002, 4.653984740741235, 4.653984740765534, 4.653984740728321, 4.653984740701743, 4.653984740801066, 4.653984740794041, 4.6539847407926285, 4.615942909103285, 4.615942909089211, 4.61594290909606, 4.6159429090615856, 4.615942909089344, 4.615942909067112, 4.615942909036443, 4.615942909036411, 4.615942908959792, 4.615942908974583, 4.6159429090778294, 4.615942909045161, 4.61594290908435, 4.615942909062509, 4.615942909065813, 4.615942909022063, 4.615942909092909, 4.615942909042093, 4.615942909001522, 4.615942909018301, 4.615942909131201, 4.615942909157523, 4.615942909145709, 4.615942909139431, 4.6159429091114195, 4.6159429091445245, 4.615942909063107, 4.615942909175742, 4.615942909055047, 4.615942909066592, 4.615942909103289, 4.615942909185989, 4.615942909046058, 4.615942909038169, 4.615942909036323, 4.6159429091169075, 4.615942909090177, 4.615942909032713, 4.615942909147019, 4.6159429091265975, 4.615942909098855, 4.6426476045545195, 4.6426476045712395, 4.64264760458051, 4.642647604507509, 4.6426476045216045, 4.642647604518445, 4.6426476045266645, 4.64264760453104, 4.64264760451091, 4.642647604509824, 4.642647604633646, 4.642647604512536, 4.642647604519306, 4.642647604624945, 4.642647604561132, 4.642647604543246, 4.642647604495557, 4.642647604569821, 4.6426476045262195, 4.642647604498434, 4.642647604617656, 4.642647604564094, 4.642647604623491, 4.642647604622837, 4.642647604613676, 4.642647604542005, 4.642647604566017, 4.642647604612795, 4.642647604524478, 4.642647604507545, 4.642647604554516, 4.642647604538388, 4.642647604557967, 4.64264760455671, 4.642647604560631, 4.64264760452368, 4.642647604586431, 4.642647604426096, 4.6426476046421135, 4.64264760460312, 4.6426476045491745, 4.657367211213333, 4.657367211289895, 4.657367211300357, 4.657367211282418, 4.657367211284922, 4.657367211301315, 4.657367211321028, 4.6573672113253854, 4.657367211244289, 4.657367211123734, 4.657367211203439, 4.657367211230599, 4.657367211150343, 4.657367211320329, 4.657367211198449, 4.657367211204016, 4.657367211167586, 4.657367211299219, 4.657367211209241, 4.657367211208882, 4.657367211228906, 4.657367211181525, 4.6573672112556554, 4.657367211255711, 4.657367211256131, 4.65736721117969, 4.657367211244676, 4.657367211245391, 4.657367211184387, 4.657367211151789, 4.657367211213328, 4.657367211205898, 4.657367211217361, 4.657367211217144, 4.65736721121896, 4.6573672111973465, 4.657367211230954, 4.657367211156171, 4.657367211233809, 4.65736721119769, 4.657367211140392, 4.675100557820963, 4.675100557780021, 4.675100557789032, 4.675100557854889, 4.675100557855335, 4.675100557867397, 4.675100557910507, 4.675100557912572, 4.675100557962974, 4.675100557851234, 4.675100557871203, 4.675100557867392, 4.675100557799471, 4.675100557936068, 4.675100557853094, 4.675100557856688, 4.675100557826468, 4.675100557898385, 4.67510055787449, 4.6751005578713904, 4.675100557814308, 4.675100557783649, 4.675100557838278, 4.675100557838196, 4.675100557840342, 4.675100557801456, 4.6751005578399845, 4.6751005577898095, 4.675100557844026, 4.675100557795238, 4.6751005578209694, 4.675100557780241, 4.675100557855293, 4.675100557855331, 4.675100557855627, 4.675100557796808, 4.675100557844798, 4.6751005578003495, 4.675100557802206, 4.675100557783462, 4.675100557734214, 4.714835196249578, 4.71483519613702, 4.714835196146069, 4.714835196254222, 4.714835196254852, 4.714835196259458, 4.714835196289128, 4.714835196287634, 4.714835196370203, 4.714835196302067, 4.714835196273604, 4.714835196289088, 4.714835196245455, 4.714835196300647, 4.714835196275227, 4.714835196269092, 4.71483519630565, 4.714835196287928, 4.714835196279434, 4.714835196309525, 4.714835196225269, 4.7148351962404655, 4.714835196230716, 4.7148351962292265, 4.714835196229618, 4.7148351962642465, 4.714835196234862, 4.714835196194201, 4.714835196283579, 4.714835196245074, 4.714835196249584, 4.714835196238959, 4.714835196255404, 4.714835196256113, 4.714835196255939, 4.714835196248189, 4.714835196251408, 4.714835196270106, 4.714835196198101, 4.714835196189177, 4.714835196140264, 4.762396100381964, 4.762396100336966, 4.762396100347646, 4.762396100378846, 4.762396100380784, 4.762396100382299, 4.762396100397067, 4.762396100395912, 4.762396100358598, 4.762396100389415, 4.762396100328223, 4.762396100392677, 4.76239610037044, 4.76239610037388, 4.76239610036935, 4.762396100350544, 4.762396100444072, 4.7623961003628885, 4.762396100341285, 4.762396100412092, 4.762396100347712, 4.762396100413089, 4.762396100336694, 4.762396100333729, 4.76239610033335, 4.762396100423111, 4.76239610034085, 4.762396100341287, 4.762396100388488, 4.762396100369084, 4.762396100381963, 4.762396100430566, 4.762396100337236, 4.762396100336183, 4.762396100335631, 4.762396100426406, 4.762396100337581, 4.762396100421617, 4.762396100320472, 4.762396100312615, 4.762396100275759, 4.792917963845873, 4.792917963850995, 4.792917963863115, 4.792917963746676, 4.792917963746327, 4.79291796374642, 4.792917963778263, 4.792917963779355, 4.792917963735842, 4.792917963926266, 4.792917963866963, 4.7929179638222275, 4.792917963863771, 4.792917963855177, 4.792917963838468, 4.792917963842527, 4.792917963877038, 4.792917963811738, 4.792917963817316, 4.7929179638749835, 4.792917963833435, 4.792917963882255, 4.792917963825626, 4.792917963823697, 4.792917963823672, 4.79291796386371, 4.792917963827769, 4.792917963812961, 4.792917963854016, 4.79291796384504, 4.792917963845873, 4.79291796386157, 4.792917963828434, 4.792917963825587, 4.792917963825434, 4.792917963870321, 4.792917963821423, 4.792917963829247, 4.792917963835491, 4.792917963829284, 4.792917963834051, 4.8129219056864585, 4.812921905761359, 4.812921905773849, 4.812921905614798, 4.812921905615819, 4.812921905615892, 4.812921905625047, 4.812921905626803, 4.812921905528534, 4.812921905700443, 4.812921905672582, 4.812921905649659, 4.812921905696044, 4.812921905701535, 4.812921905725913, 4.812921905685711, 4.812921905665586, 4.812921905683366, 4.812921905681189, 4.812921905708925, 4.812921905672422, 4.81292190565749, 4.812921905669285, 4.812921905678713, 4.81292190568105, 4.812921905647047, 4.812921905724661, 4.812921905680433, 4.812921905664504, 4.812921905675764, 4.812921905686463, 4.812921905706322, 4.81292190566119, 4.8129219056561725, 4.812921905654783, 4.812921905719416, 4.812921905655764, 4.812921905691939, 4.812921905698167, 4.812921905694851, 4.812921905760503, 4.8502767441684576, 4.85027674425325, 4.850276744264085, 4.850276744165336, 4.850276744167152, 4.850276744167073, 4.850276744147834, 4.850276744148169, 4.850276744036633, 4.8502767441289905, 4.850276744141961, 4.850276744116971, 4.850276744157177, 4.85027674419347, 4.850276744216508, 4.85027674419303, 4.850276744121597, 4.850276744180409, 4.850276744211169, 4.8502767441966785, 4.85027674416068, 4.850276744119647, 4.850276744141071, 4.8502767441588395, 4.85027674416244, 4.8502767441096255, 4.850276744228551, 4.85027674419198, 4.850276744145171, 4.850276744153345, 4.85027674416846, 4.85027674415118, 4.850276744152413, 4.850276744150915, 4.850276744149951, 4.850276744181026, 4.850276744159878, 4.850276744189669, 4.850276744188598, 4.850276744196005, 4.8502767442924615, 4.905386809973697, 4.9053868099949005, 4.905386810003184, 4.905386810009493, 4.905386810010962, 4.905386810010903, 4.90538680997801, 4.905386809979818, 4.905386809922246, 4.905386809944885, 4.905386809986551, 4.90538680993079, 4.905386809948818, 4.905386810009091, 4.905386809975766, 4.90538681002961, 4.905386809943044, 4.90538680998026, 4.905386810057157, 4.905386810018436, 4.905386809976604, 4.9053868099738684, 4.905386809945279, 4.905386809956274, 4.905386809956643, 4.905386809949116, 4.905386810004068, 4.905386809993966, 4.905386809992364, 4.905386809971751, 4.905386809973694, 4.905386809906154, 4.905386809984669, 4.905386809991635, 4.905386809991606, 4.9053868099464575, 4.905386810002693, 4.90538680996349, 4.9053868099966, 4.905386810008988, 4.9053868100903895, 4.944319206529614, 4.9443192064882, 4.94431920649243, 4.944319206595463, 4.944319206600766, 4.944319206600156, 4.944319206548881, 4.944319206547817, 4.944319206564017, 4.944319206500567, 4.944319206536308, 4.944319206522787, 4.944319206489469, 4.944319206522163, 4.944319206516469, 4.944319206542063, 4.944319206525071, 4.94431920653923, 4.9443192065804995, 4.944319206571846, 4.944319206534376, 4.944319206561818, 4.94431920650421, 4.9443192065065436, 4.944319206506951, 4.944319206531469, 4.94431920653497, 4.944319206509618, 4.944319206574114, 4.944319206539411, 4.944319206529617, 4.944319206507849, 4.9443192065306, 4.9443192065356305, 4.944319206535378, 4.9443192065168216, 4.944319206544247, 4.944319206505383, 4.944319206549695, 4.944319206550655, 4.944319206591926, 4.952531272260075, 4.952531272189436, 4.952531272190733, 4.952531272298528, 4.952531272313421, 4.952531272312794, 4.952531272265693, 4.952531272263755, 4.952531272363367, 4.952531272271222, 4.952531272278081, 4.952531272298667, 4.952531272220559, 4.952531272215174, 4.952531272223215, 4.952531272213934, 4.952531272272431, 4.952531272264563, 4.952531272253138, 4.952531272273365, 4.952531272265737, 4.952531272306753, 4.952531272254948, 4.952531272249585, 4.952531272248803, 4.9525312722626, 4.9525312722639185, 4.9525312721946015, 4.95253127231093, 4.952531272276353, 4.952531272260072, 4.952531272309479, 4.952531272257653, 4.95253127225175, 4.952531272250121, 4.952531272271845, 4.952531272250126, 4.952531272225421, 4.9525312722849595, 4.952531272265729, 4.95253127225548, 4.974303162525034, 4.974303162490674, 4.974303162491156, 4.974303162513596, 4.974303162535778, 4.974303162536456, 4.974303162517963, 4.974303162517996, 4.974303162645639, 4.974303162571118, 4.974303162561199, 4.974303162589406, 4.9743031625100205, 4.974303162486136, 4.974303162492392, 4.974303162462875, 4.97430316253505, 4.974303162504838, 4.9743031624852705, 4.974303162498469, 4.974303162528847, 4.974303162580652, 4.974303162539183, 4.9743031625292735, 4.974303162528313, 4.974303162514702, 4.974303162540493, 4.974303162442715, 4.974303162566322, 4.974303162534891, 4.974303162525026, 4.9743031625991785, 4.974303162536731, 4.974303162524211, 4.974303162522159, 4.974303162536836, 4.974303162513841, 4.974303162488668, 4.974303162550354, 4.974303162520672, 4.974303162482043, 5.024523534308542, 5.024523534357257, 5.024523534358473, 5.024523534280757, 5.024523534299013, 5.024523534299314, 5.0245235343041665, 5.024523534306117, 5.024523534396068, 5.024523534324671, 5.024523534330572, 5.024523534364195, 5.024523534322141, 5.02452353431035, 5.02452353430244, 5.024523534287637, 5.024523534303965, 5.024523534261695, 5.024523534268377, 5.0245235342536745, 5.02452353430734, 5.024523534358635, 5.024523534313841, 5.024523534308601, 5.024523534308586, 5.024523534291405, 5.024523534329744, 5.024523534249058, 5.024523534326581, 5.024523534303728, 5.024523534308548, 5.024523534353279, 5.024523534326606, 5.02452353431938, 5.024523534318992, 5.024523534305393, 5.024523534310858, 5.024523534300569, 5.024523534317181, 5.024523534300276, 5.02452353427098, 5.059335530958718, 5.059335531065426, 5.0593355310678305, 5.059335530948782, 5.05933553095605, 5.059335530956645, 5.059335530964442, 5.059335530964729, 5.059335530999803, 5.059335530896565, 5.059335530934342, 5.059335530978921, 5.059335530964366, 5.05933553097617, 5.059335530970278, 5.05933553098369, 5.0593355309586965, 5.059335530926474, 5.059335530917792, 5.059335530907327, 5.059335530955844, 5.059335530972202, 5.059335530920878, 5.059335530933837, 5.059335530934882, 5.059335530949821, 5.059335530970952, 5.059335530946854, 5.059335530950466, 5.059335530951231, 5.059335530958719, 5.059335530969274, 5.059335530960193, 5.059335530963612, 5.059335530963068, 5.059335530952785, 5.059335530963835, 5.059335530992172, 5.05933553095105, 5.059335530954565, 5.059335530952393, 5.086570030806962, 5.086570030859628, 5.0865700308627675, 5.086570030776722, 5.086570030771087, 5.086570030771468, 5.086570030795725, 5.0865700307953485, 5.0865700308188355, 5.086570030747723, 5.086570030804609, 5.0865700307840545, 5.086570030796035, 5.086570030834689, 5.086570030809771, 5.086570030871295, 5.086570030813231, 5.08657003081399, 5.086570030791381, 5.086570030783255, 5.086570030823883, 5.086570030784167, 5.086570030751815, 5.086570030773716, 5.086570030776672, 5.0865700308075885, 5.0865700308100985, 5.08657003082235, 5.086570030801073, 5.086570030815085, 5.086570030806958, 5.086570030775533, 5.086570030798337, 5.086570030815975, 5.086570030816453, 5.086570030791087, 5.086570030821417, 5.086570030830496, 5.08657003081486, 5.086570030827289, 5.086570030822718, 5.10674368141526, 5.10674368135782, 5.106743681361924, 5.106743681377173, 5.1067436813678055, 5.106743681367679, 5.1067436814053595, 5.106743681405324, 5.106743681403567, 5.1067436813792515, 5.106743681423852, 5.106743681361169, 5.1067436813962495, 5.106743681443847, 5.106743681405596, 5.106743681485357, 5.1067436814265985, 5.106743681440926, 5.106743681421105, 5.106743681410278, 5.106743681445944, 5.106743681382785, 5.106743681366861, 5.10674368138531, 5.106743681388827, 5.106743681422627, 5.10674368141287, 5.106743681429546, 5.106743681413381, 5.106743681426589, 5.106743681415262, 5.10674368136733, 5.1067436813930325, 5.10674368141504, 5.106743681416409, 5.106743681408716, 5.106743681419558, 5.106743681415665, 5.106743681445321, 5.106743681450195, 5.106743681435349, 5.139640142310808, 5.139640142207287, 5.139640142212038, 5.139640142304914, 5.139640142302974, 5.139640142302633, 5.139640142332096, 5.13964014233291, 5.1396401422759475, 5.13964014226962, 5.139640142278535, 5.139640142247866, 5.139640142298727, 5.1396401423218885, 5.139640142305633, 5.139640142351917, 5.139640142336474, 5.139640142312062, 5.139640142314366, 5.13964014230313, 5.139640142332918, 5.139640142303027, 5.139640142282533, 5.139640142289529, 5.139640142291866, 5.13964014231783, 5.13964014231039, 5.139640142312423, 5.1396401422956055, 5.139640142299855, 5.139640142310808, 5.139640142282729, 5.139640142272821, 5.139640142286286, 5.139640142287134, 5.139640142328067, 5.1396401422906175, 5.139640142304431, 5.13964014234508, 5.139640142334991, 5.139640142321758, 5.18355990110156, 5.1835599010539966, 5.1835599010588815, 5.183559901084266, 5.183559901084461, 5.183559901085077, 5.183559901098094, 5.183559901102319, 5.1835599010462365, 5.183559901120632, 5.183559901095866, 5.183559901061648, 5.183559901111786, 5.183559901085043, 5.1835599011074995, 5.183559901097169, 5.183559901133505, 5.183559901069364, 5.1835599010889215, 5.183559901096888, 5.1835599011099465, 5.1835599011343545, 5.183559901118933, 5.1835599011032505, 5.183559901101147, 5.18355990110112, 5.183559901111854, 5.183559901091724, 5.183559901092337, 5.183559901081262, 5.183559901101551, 5.183559901096085, 5.18355990108722, 5.183559901094595, 5.183559901094663, 5.183559901095374, 5.1835599011025275, 5.183559901067118, 5.183559901132976, 5.1835599011073, 5.1835599010887385, 5.19018804213881, 5.190188042197751, 5.19018804220107, 5.190188042125909, 5.190188042128893, 5.190188042131845, 5.190188042124718, 5.190188042133551, 5.190188042102558, 5.1901880421936415, 5.19018804215188, 5.190188042149959, 5.190188042166817, 5.1901880421133315, 5.190188042151358, 5.19018804210431, 5.190188042164132, 5.190188042107191, 5.19018804210882, 5.190188042147189, 5.190188042123464, 5.190188042169597, 5.190188042180856, 5.1901880421522755, 5.190188042146916, 5.190188042131236, 5.190188042160346, 5.190188042118962, 5.190188042130567, 5.190188042121313, 5.190188042138803, 5.1901880421652296, 5.190188042151161, 5.190188042150187, 5.190188042148572, 5.190188042119214, 5.190188042150888, 5.190188042109841, 5.190188042155466, 5.190188042118023, 5.190188042110986, 5.1828813127678375, 5.182881312872273, 5.182881312873539, 5.182881312794252, 5.182881312805303, 5.182881312809672, 5.182881312792032, 5.182881312802881, 5.182881312779033, 5.182881312798514, 5.182881312760584, 5.182881312822066, 5.182881312792245, 5.182881312775125, 5.182881312753752, 5.182881312751512, 5.182881312769319, 5.182881312760393, 5.182881312757551, 5.18288131279929, 5.182881312733404, 5.182881312758153, 5.182881312798483, 5.182881312771929, 5.182881312767409, 5.182881312766458, 5.182881312786775, 5.182881312741339, 5.182881312752833, 5.182881312758141, 5.182881312767843, 5.1828813128084965, 5.182881312778861, 5.182881312771158, 5.182881312768111, 5.182881312771464, 5.182881312755769, 5.182881312780516, 5.182881312765515, 5.182881312730755, 5.182881312749021, 5.194698132624482, 5.194698132677174, 5.194698132677872, 5.1946981326553265, 5.194698132662168, 5.194698132664259, 5.194698132647234, 5.194698132655166, 5.194698132650474, 5.194698132668532, 5.19469813264997, 5.194698132679925, 5.1946981326352075, 5.1946981326560815, 5.194698132583104, 5.1946981326186, 5.194698132602421, 5.1946981326467405, 5.194698132643972, 5.194698132686252, 5.194698132606175, 5.194698132599013, 5.194698132654644, 5.1946981326216894, 5.194698132615323, 5.194698132648075, 5.194698132623545, 5.194698132608515, 5.194698132622181, 5.194698132632901, 5.194698132624481, 5.194698132638763, 5.194698132636315, 5.194698132633964, 5.194698132631968, 5.194698132626707, 5.194698132612654, 5.194698132628988, 5.194698132630723, 5.194698132605594, 5.19469813261833, 5.2151176397580175, 5.215117639724636, 5.215117639725595, 5.215117639783712, 5.215117639781938, 5.215117639779334, 5.2151176397570955, 5.215117639756815, 5.215117639743463, 5.2151176397887165, 5.215117639787423, 5.21511763977649, 5.215117639754016, 5.215117639770902, 5.215117639734536, 5.215117639733456, 5.215117639732888, 5.215117639789548, 5.215117639779025, 5.215117639812464, 5.21511763976704, 5.215117639746256, 5.215117639793922, 5.215117639758047, 5.215117639748289, 5.215117639789434, 5.215117639751716, 5.215117639761929, 5.215117639757833, 5.2151176397681445, 5.215117639758014, 5.215117639745224, 5.215117639771359, 5.2151176397706465, 5.215117639769416, 5.215117639753803, 5.215117639752004, 5.2151176397365715, 5.21511763978744, 5.2151176397671755, 5.215117639760103, 5.219211515704873, 5.219211515635886, 5.219211515637707, 5.2192115157383325, 5.219211515726764, 5.219211515720076, 5.2192115156864105, 5.21921151567924, 5.219211515654835, 5.2192115156726375, 5.219211515675392, 5.219211515681272, 5.21921151569596, 5.219211515682266, 5.219211515723235, 5.219211515674271, 5.219211515691772, 5.2192115157165695, 5.21921151571268, 5.219211515707581, 5.219211515717559, 5.2192115156976175, 5.219211515731035, 5.219211515710274, 5.219211515702735, 5.219211515710388, 5.219211515719451, 5.219211515721338, 5.21921151568637, 5.219211515701113, 5.219211515704871, 5.219211515696697, 5.219211515713478, 5.219211515704944, 5.219211515702039, 5.21921151571206, 5.21921151568798, 5.219211515701991, 5.219211515733631, 5.219211515718322, 5.219211515710199, 5.215579019264325, 5.215579019223776, 5.215579019226991, 5.21557901928167, 5.215579019250608, 5.215579019242896, 5.215579019213913, 5.215579019207963, 5.2155790192334806, 5.215579019225102, 5.2155790192305505, 5.215579019226797, 5.215579019268977, 5.215579019231586, 5.215579019294945, 5.2155790192582305, 5.215579019255012, 5.215579019254516, 5.215579019268099, 5.215579019226634, 5.215579019264833, 5.21557901925154, 5.215579019274488, 5.215579019267288, 5.2155790192652, 5.215579019250846, 5.215579019291511, 5.2155790192876825, 5.215579019241455, 5.215579019263137, 5.215579019264326, 5.215579019263715, 5.215579019268467, 5.21557901926253, 5.215579019260289, 5.2155790192693114, 5.2155790192492475, 5.2155790192941245, 5.215579019265426, 5.215579019264634, 5.21557901926347, 5.215681544349194, 5.21568154434724, 5.215681544350297, 5.2156815443434965, 5.215681544305288, 5.215681544300632, 5.215681544295182, 5.2156815442923055, 5.215681544364616, 5.2156815443427424, 5.215681544364485, 5.215681544322848, 5.215681544365418, 5.215681544339132, 5.215681544355215, 5.215681544377235, 5.215681544339035, 5.215681544335672, 5.215681544361376, 5.215681544315612, 5.21568154433977, 5.215681544339242, 5.215681544338021, 5.2156815443334015, 5.21568154433468, 5.2156815443510975, 5.2156815443572535, 5.215681544383727, 5.215681544334374, 5.215681544363015, 5.215681544349191, 5.215681544335495, 5.215681544342975, 5.2156815443514715, 5.215681544354051, 5.215681544342562, 5.215681544345604, 5.2156815443955304, 5.215681544317299, 5.215681544338752, 5.2156815443433935, 5.223724606886922, 5.223724606893965, 5.223724606895447, 5.223724606876395, 5.223724606862502, 5.22372460686464, 5.223724606877692, 5.223724606873739, 5.223724606927418, 5.2237246068781085, 5.223724606920395, 5.223724606878698, 5.223724606895254, 5.223724606901971, 5.2237246068685, 5.223724606927794, 5.223724606876879, 5.223724606875234, 5.223724606903144, 5.223724606872177, 5.22372460687616, 5.223724606888773, 5.223724606860973, 5.223724606856404, 5.2237246068587355, 5.223724606909032, 5.223724606872887, 5.223724606928786, 5.223724606877003, 5.22372460690825, 5.223724606886918, 5.223724606860579, 5.2237246068730245, 5.223724606889703, 5.223724606895371, 5.223724606875935, 5.223724606888689, 5.2237246069358525, 5.223724606841323, 5.2237246068762975, 5.223724606886891, 5.242197792291364, 5.24219779228086, 5.242197792281158, 5.242197792288477, 5.242197792305873, 5.242197792312616, 5.242197792324631, 5.242197792318494, 5.24219779230998, 5.242197792253588, 5.24219779230022, 5.242197792293205, 5.242197792282626, 5.2421977923062135, 5.242197792275026, 5.242197792310387, 5.242197792282829, 5.242197792276241, 5.242197792296577, 5.242197792282987, 5.242197792288811, 5.242197792312563, 5.242197792281336, 5.242197792276241, 5.242197792276298, 5.242197792308255, 5.242197792281969, 5.242197792328301, 5.242197792284172, 5.2421977923037755, 5.242197792291364, 5.242197792260986, 5.2421977922853715, 5.242197792298748, 5.242197792303495, 5.242197792275872, 5.242197792298354, 5.24219779231752, 5.2421977922641965, 5.242197792290658, 5.242197792300713, 5.253298096031818, 5.253298096009021, 5.2532980960089875, 5.253298096031996, 5.253298096058224, 5.253298096064056, 5.253298096066555, 5.25329809606217, 5.253298096016231, 5.253298095995089, 5.253298096024673, 5.253298096039812, 5.25329809601544, 5.253298096029075, 5.253298096034798, 5.253298096015597, 5.253298096034168, 5.253298096018369, 5.253298096020977, 5.253298096026116, 5.253298096035748, 5.253298096060263, 5.253298096054289, 5.253298096016194, 5.2532980960432925, 5.253298096025763, 5.25329809604513, 5.253298096050064, 5.253298096031133, 5.253298096035098, 5.25329809603181, 5.253298096009733, 5.253298096043735, 5.2532980960488755, 5.253298096049815, 5.25329809601174, 5.253298096043858, 5.253298096023987, 5.253298096035756, 5.253298096037793, 5.25329809604307, 5.264480491140454, 5.264480491129205, 5.264480491129091, 5.264480491139466, 5.2644804911604135, 5.264480491162424, 5.264480491163853, 5.264480491159418, 5.26448049113715, 5.264480491132803, 5.264480491129492, 5.264480491164428, 5.264480491121808, 5.264480491124411, 5.264480491156648, 5.2644804911173955, 5.264480491171053, 5.264480491142156, 5.264480491119854, 5.264480491159146, 5.264480491135898, 5.264480491150319, 5.26448049115462, 5.264480491133366, 5.264480491143516, 5.264480491135907, 5.2644804911509695, 5.264480491142336, 5.264480491138235, 5.2644804911458, 5.264480491140458, 5.264480491143395, 5.2644804911569105, 5.264480491157318, 5.2644804911557666, 5.26448049112953, 5.264480491145619, 5.264480491133592, 5.264480491149927, 5.264480491135678, 5.264480491138892, 5.26926257006593, 5.269262570075788, 5.269262570075728, 5.2692625700543605, 5.269262570063609, 5.269262570067699, 5.269262570071711, 5.269262570069882, 5.269262570089747, 5.269262570099516, 5.269262570063955, 5.269262570106426, 5.269262570064211, 5.26926257005932, 5.269262570073216, 5.269262570060706, 5.269262570094291, 5.269262570067201, 5.269262570064532, 5.269262570091574, 5.269262570053952, 5.269262570042534, 5.269262570074522, 5.269262570060571, 5.269262570069927, 5.26926257005557, 5.26926257008068, 5.269262570051898, 5.269262570058988, 5.26926257007427, 5.26926257006593, 5.269262570090156, 5.269262570074769, 5.269262570068807, 5.269262570064346, 5.269262570074678, 5.26926257005198, 5.269262570078888, 5.269262570069793, 5.269262570051841, 5.269262570052225, 5.2728309345481055, 5.272830934565242, 5.272830934565412, 5.27283093453415, 5.272830934532938, 5.272830934538449, 5.27283093454375, 5.272830934540797, 5.27283093457219, 5.272830934603173, 5.272830934549583, 5.272830934584535, 5.2728309345595346, 5.2728309345454525, 5.272830934550539, 5.2728309345478905, 5.272830934564808, 5.272830934542569, 5.272830934563492, 5.272830934576096, 5.272830934540245, 5.272830934516111, 5.272830934554322, 5.272830934546495, 5.272830934548069, 5.272830934544129, 5.272830934555001, 5.272830934541627, 5.272830934535838, 5.2728309345490985, 5.27283093454811, 5.272830934565218, 5.272830934541628, 5.272830934535926, 5.272830934532855, 5.272830934566183, 5.272830934525125, 5.272830934562708, 5.2728309345475655, 5.272830934537515, 5.27283093452946, 5.283054852038688, 5.283054852047289, 5.283054852048171, 5.2830548520306895, 5.2830548520252485, 5.283054852029417, 5.2830548520383465, 5.2830548520294505, 5.283054852035703, 5.283054852081619, 5.283054852026003, 5.2830548520457095, 5.283054852050179, 5.283054852026136, 5.283054852049296, 5.283054852021954, 5.283054852046034, 5.283054852032432, 5.283054852051033, 5.283054852069819, 5.283054852044273, 5.283054852024725, 5.283054852041384, 5.2830548520442875, 5.283054852029167, 5.28305485204997, 5.283054852028713, 5.283054852053185, 5.2830548520270435, 5.283054852027498, 5.283054852038692, 5.283054852028493, 5.283054852026162, 5.283054852026755, 5.28305485202805, 5.283054852048022, 5.283054852025589, 5.283054852031393, 5.283054852041547, 5.2830548520420475, 5.2830548520212375, 5.2907738129898805, 5.290773812986631, 5.290773812989204, 5.290773812983264, 5.29077381297979, 5.290773812985442, 5.290773813001922, 5.290773812989825, 5.29077381296614, 5.290773812999368, 5.290773812960531, 5.290773812964161, 5.290773813000138, 5.290773812975486, 5.290773813003074, 5.290773812965576, 5.290773812980033, 5.290773812983943, 5.290773812997255, 5.29077381301187, 5.290773813004845, 5.2907738129861475, 5.290773812991303, 5.290773812993372, 5.290773812983515, 5.290773813001053, 5.29077381297849, 5.290773813010757, 5.2907738129856074, 5.290773812976588, 5.290773812989879, 5.29077381296283, 5.29077381298555, 5.290773812989742, 5.290773812992485, 5.290773812986695, 5.2907738129893405, 5.290773812969703, 5.290773812997682, 5.290773813004209, 5.290773812980298, 5.297874238032742, 5.297874238022344, 5.297874238027173, 5.297874238027117, 5.297874238025007, 5.297874238032905, 5.297874238053801, 5.297874238043977, 5.2978742380173784, 5.2978742380159565, 5.297874238011774, 5.297874237993748, 5.297874238048667, 5.297874238030091, 5.297874238036497, 5.2978742380232475, 5.29787423800899, 5.297874238022725, 5.297874238042425, 5.297874238036331, 5.297874238044545, 5.297874238021895, 5.297874238035258, 5.297874238028677, 5.297874238037207, 5.297874238032204, 5.297874238032127, 5.297874238040679, 5.297874238037499, 5.297874238031141, 5.297874238032744, 5.297874238009831, 5.297874238038295, 5.297874238041805, 5.297874238042649, 5.297874238023147, 5.297874238037372, 5.297874238022284, 5.297874238036979, 5.2978742380454085, 5.2978742380343435, 5.30272303932318, 5.302723039312404, 5.302723039317844, 5.302723039329345, 5.302723039324434, 5.302723039329875, 5.30272303934394, 5.302723039335214, 5.302723039334883, 5.30272303930092, 5.3027230393358105, 5.302723039291142, 5.30272303934582, 5.302723039328045, 5.302723039319889, 5.302723039334605, 5.302723039308119, 5.302723039306823, 5.3027230393329265, 5.302723039315175, 5.302723039322405, 5.302723039305622, 5.302723039322727, 5.3027230393206874, 5.302723039327293, 5.3027230393194955, 5.302723039324946, 5.302723039314688, 5.302723039333666, 5.302723039336042, 5.302723039323174, 5.302723039315987, 5.302723039328953, 5.3027230393306946, 5.302723039329501, 5.30272303931398, 5.302723039328957, 5.302723039328679, 5.302723039314069, 5.302723039323365, 5.302723039331987, 5.305487390455003, 5.305487390447642, 5.305487390451394, 5.3054873904731, 5.305487390464308, 5.305487390465038, 5.3054873904652, 5.3054873904546636, 5.305487390485581, 5.30548739043767, 5.305487390493353, 5.305487390438384, 5.305487390477321, 5.305487390450701, 5.3054873904587385, 5.305487390471006, 5.305487390460113, 5.3054873904364355, 5.305487390453893, 5.305487390448042, 5.305487390442766, 5.305487390443068, 5.3054873904488185, 5.305487390462066, 5.305487390447719, 5.305487390458332, 5.305487390448671, 5.305487390438843, 5.305487390467572, 5.3054873904725275, 5.305487390455007, 5.305487390461714, 5.305487390456643, 5.305487390456706, 5.3054873904544255, 5.3054873904483495, 5.305487390463188, 5.305487390462101, 5.305487390435388, 5.305487390442768, 5.3054873904647994, 5.3140023083683605, 5.314002308365746, 5.314002308367573, 5.314002308379722, 5.314002308374399, 5.314002308376339, 5.314002308368382, 5.314002308359269, 5.314002308397002, 5.314002308349236, 5.314002308395856, 5.314002308369681, 5.314002308385114, 5.314002308351437, 5.314002308382394, 5.314002308373211, 5.314002308378136, 5.314002308351234, 5.314002308355071, 5.3140023083632935, 5.314002308353596, 5.314002308365189, 5.314002308362963, 5.314002308377494, 5.314002308357039, 5.314002308372369, 5.3140023083606165, 5.314002308352699, 5.314002308378149, 5.314002308377903, 5.314002308368364, 5.314002308381121, 5.3140023083701005, 5.31400230836599, 5.31400230836214, 5.314002308366827, 5.314002308374624, 5.314002308365596, 5.314002308352274, 5.314002308353037, 5.31400230837687, 5.323455760797638, 5.3234557607978275, 5.323455760798702, 5.3234557607841575, 5.323455760789047, 5.323455760797752, 5.323455760793712, 5.323455760790778, 5.323455760811413, 5.323455760774614, 5.323455760795833, 5.323455760815951, 5.323455760808593, 5.323455760783742, 5.323455760807791, 5.323455760791308, 5.3234557607950315, 5.323455760786347, 5.323455760784611, 5.323455760792684, 5.323455760790547, 5.323455760794592, 5.323455760801974, 5.3234557607969855, 5.3234557607957855, 5.323455760793642, 5.323455760798677, 5.323455760787481, 5.32345576080184, 5.323455760795429, 5.32345576079764, 5.323455760804974, 5.32345576080211, 5.3234557607939665, 5.323455760789177, 5.3234557608022, 5.323455760796343, 5.323455760785403, 5.32345576079606, 5.323455760790581, 5.323455760805681, 5.326513083901428, 5.326513083898967, 5.326513083899489, 5.326513083868204, 5.326513083880558, 5.326513083892837, 5.326513083897295, 5.3265130838987425, 5.3265130839031745, 5.326513083885181, 5.326513083885734, 5.326513083928504, 5.326513083905127, 5.326513083900728, 5.326513083898228, 5.32651308389125, 5.326513083892129, 5.326513083902409, 5.326513083897646, 5.3265130839056924, 5.32651308390697, 5.326513083895763, 5.326513083912625, 5.326513083894471, 5.326513083906149, 5.32651308389678, 5.326513083905187, 5.326513083902317, 5.326513083901386, 5.326513083891731, 5.326513083901429, 5.326513083894025, 5.326513083904684, 5.326513083898415, 5.326513083895405, 5.326513083907677, 5.326513083896112, 5.326513083883294, 5.326513083911787, 5.326513083908241, 5.326513083909442, 5.329046049480076, 5.329046049477287, 5.329046049477717, 5.329046049452718, 5.329046049466198, 5.329046049476914, 5.329046049482421, 5.329046049481648, 5.329046049479145, 5.329046049475878, 5.329046049466267, 5.32904604950363, 5.329046049474017, 5.32904604948439, 5.329046049472048, 5.329046049474959, 5.329046049480262, 5.329046049491271, 5.329046049483438, 5.32904604949953, 5.329046049492415, 5.32904604947612, 5.3290460494843925, 5.329046049480735, 5.329046049477507, 5.32904604948527, 5.3290460494756635, 5.329046049492683, 5.329046049474834, 5.329046049467589, 5.32904604948008, 5.329046049465479, 5.329046049475279, 5.329046049474272, 5.329046049473796, 5.329046049486973, 5.329046049475628, 5.329046049465223, 5.3290460494898415, 5.3290460494942336, 5.329046049488085, 5.333066233070199, 5.333066233075025, 5.33306623307619, 5.333066233059136, 5.333066233069747, 5.333066233078268, 5.333066233076051, 5.333066233071464, 5.3330662330674805, 5.333066233080193, 5.33306623306724, 5.333066233081772, 5.33306623305932, 5.333066233071639, 5.3330662330648195, 5.333066233074294, 5.333066233082803, 5.333066233083562, 5.3330662330760985, 5.33306623309638, 5.3330662330794505, 5.333066233067175, 5.333066233067233, 5.333066233078173, 5.333066233060213, 5.333066233080303, 5.333066233061678, 5.333066233083425, 5.333066233062009, 5.333066233061796, 5.333066233070203, 5.333066233064858, 5.33306623306023, 5.333066233062681, 5.3330662330631595, 5.333066233075565, 5.333066233070378, 5.333066233067213, 5.333066233073131, 5.333066233080686, 5.333066233076437, 5.336171060231255, 5.336171060240537, 5.33617106024394, 5.336171060225702, 5.336171060234976, 5.336171060243493, 5.336171060233518, 5.336171060229155, 5.336171060219584, 5.336171060252304, 5.336171060239383, 5.336171060229743, 5.336171060225134, 5.336171060232458, 5.33617106022426, 5.3361710602400665, 5.336171060246145, 5.336171060239339, 5.336171060237641, 5.336171060248718, 5.336171060232789, 5.336171060226162, 5.336171060233998, 5.336171060233739, 5.336171060226149, 5.336171060233719, 5.3361710602308685, 5.336171060231183, 5.336171060227157, 5.336171060231491, 5.336171060231259, 5.336171060242421, 5.336171060226639, 5.3361710602280406, 5.336171060227483, 5.336171060231695, 5.336171060237261, 5.336171060238239, 5.33617106023183, 5.336171060232896, 5.3361710602312895, 5.336508798307798, 5.336508798310004, 5.336508798316187, 5.336508798302611, 5.336508798314525, 5.336508798324438, 5.336508798312069, 5.336508798309593, 5.336508798284168, 5.336508798322214, 5.336508798309082, 5.33650879829522, 5.33650879830799, 5.336508798308665, 5.336508798298708, 5.3365087983131145, 5.3365087983157595, 5.336508798305755, 5.336508798310861, 5.336508798308275, 5.33650879830268, 5.336508798306428, 5.336508798318004, 5.336508798302801, 5.336508798309742, 5.336508798300852, 5.336508798316789, 5.336508798294193, 5.336508798309522, 5.336508798311408, 5.33650879830781, 5.336508798329446, 5.3365087983127015, 5.336508798309941, 5.336508798307491, 5.3365087983049495, 5.336508798317015, 5.336508798316545, 5.336508798308897, 5.336508798301715, 5.336508798299263, 5.337219671627191, 5.337219671619572, 5.337219671626885, 5.337219671624332, 5.337219671637087, 5.337219671647764, 5.337219671635704, 5.337219671631466, 5.337219671598637, 5.337219671626949, 5.337219671617675, 5.337219671606151, 5.337219671626989, 5.3372196716225915, 5.337219671622554, 5.33721967162608, 5.337219671627771, 5.337219671618622, 5.337219671624089, 5.337219671617962, 5.337219671621482, 5.337219671636747, 5.337219671635516, 5.33721967162399, 5.337219671627217, 5.337219671620306, 5.3372196716351, 5.337219671613798, 5.337219671632467, 5.3372196716289215, 5.337219671627183, 5.33721967164511, 5.337219671637378, 5.337219671633021, 5.33721967162981, 5.337219671621852, 5.337219671640377, 5.337219671631838, 5.337219671625591, 5.337219671620108, 5.337219671613386, 5.341479393272068, 5.34147939326437, 5.34147939327072, 5.341479393269855, 5.3414793932790445, 5.341479393289742, 5.341479393276938, 5.341479393268212, 5.341479393248786, 5.341479393265062, 5.341479393269038, 5.341479393249782, 5.341479393266797, 5.341479393264964, 5.341479393271137, 5.341479393273501, 5.341479393266529, 5.341479393264794, 5.341479393269914, 5.341479393263749, 5.341479393271892, 5.341479393284355, 5.341479393274964, 5.341479393273319, 5.341479393267981, 5.341479393269394, 5.341479393274135, 5.34147939326901, 5.341479393275626, 5.341479393273603, 5.3414793932720634, 5.3414793932769955, 5.34147939327951, 5.341479393276871, 5.341479393274326, 5.3414793932665345, 5.341479393287025, 5.341479393276668, 5.341479393266151, 5.341479393270976, 5.3414793932597675, 5.346436383968684, 5.346436383967046, 5.346436383971549, 5.3464363839642175, 5.34643638396906, 5.346436383979684, 5.346436383965422, 5.346436383954355, 5.346436383956645, 5.346436383960966, 5.346436383977686, 5.346436383956543, 5.346436383959373, 5.346436383967428, 5.346436383964075, 5.346436383980237, 5.346436383957666, 5.34643638396609, 5.346436383976183, 5.346436383964942, 5.3464363839739155, 5.346436383971351, 5.346436383969806, 5.346436383970062, 5.346436383965337, 5.346436383967466, 5.34643638396736, 5.34643638397371, 5.346436383965874, 5.346436383971336, 5.346436383968685, 5.346436383962476, 5.346436383968588, 5.346436383966965, 5.346436383965105, 5.346436383968907, 5.346436383977684, 5.346436383978417, 5.346436383960918, 5.346436383973769, 5.346436383961782, 5.350325578854133, 5.350325578850806, 5.350325578853512, 5.35032557884808, 5.3503255788496435, 5.350325578859077, 5.35032557884498, 5.350325578835009, 5.350325578853827, 5.35032557884774, 5.350325578859433, 5.350325578858414, 5.350325578843632, 5.350325578856943, 5.350325578846301, 5.350325578865514, 5.350325578844079, 5.350325578856152, 5.350325578866016, 5.350325578856462, 5.350325578859758, 5.350325578851188, 5.350325578856102, 5.350325578854508, 5.350325578852129, 5.350325578854491, 5.350325578848234, 5.350325578858409, 5.350325578850857, 5.350325578854763, 5.350325578854131, 5.350325578843645, 5.350325578850671, 5.350325578848254, 5.350325578846645, 5.350325578860648, 5.3503255788567055, 5.350325578860533, 5.3503255788477935, 5.350325578859879, 5.3503255788496125, 5.353640009306431, 5.353640009297653, 5.353640009299202, 5.353640009302097, 5.353640009301272, 5.35364000930846, 5.353640009297263, 5.353640009290092, 5.353640009313464, 5.353640009301101, 5.3536400092947245, 5.353640009323955, 5.353640009296621, 5.353640009304322, 5.353640009303535, 5.353640009304997, 5.353640009304989, 5.353640009311996, 5.353640009311411, 5.353640009313344, 5.353640009308333, 5.3536400093068925, 5.35364000930919, 5.353640009306406, 5.353640009304601, 5.353640009307668, 5.353640009295831, 5.353640009303809, 5.3536400093092515, 5.353640009302759, 5.35364000930643, 5.353640009298648, 5.353640009306389, 5.353640009302585, 5.353640009300912, 5.353640009315183, 5.35364000930756, 5.35364000930102, 5.353640009303857, 5.353640009308173, 5.3536400093018415, 5.356464526810598, 5.356464526807531, 5.35646452680884, 5.35646452680851, 5.3564645268056434, 5.356464526811227, 5.356464526805241, 5.356464526801363, 5.356464526816099, 5.356464526804433, 5.356464526792462, 5.356464526833784, 5.356464526803694, 5.356464526803457, 5.356464526814083, 5.356464526801099, 5.3564645268168505, 5.356464526816109, 5.3564645268086135, 5.35646452681536, 5.356464526809002, 5.356464526810733, 5.356464526816195, 5.356464526806399, 5.356464526813324, 5.3564645268060085, 5.3564645268029265, 5.356464526801681, 5.356464526814944, 5.356464526805201, 5.356464526810591, 5.356464526808816, 5.356464526814886, 5.356464526810305, 5.356464526808356, 5.356464526818985, 5.356464526811326, 5.356464526800134, 5.35646452681229, 5.356464526808865, 5.356464526811074, 5.359909225045231, 5.359909225053643, 5.3599092250556115, 5.359909225045676, 5.3599092250402665, 5.359909225044757, 5.359909225045017, 5.359909225042763, 5.359909225042572, 5.359909225038974, 5.359909225042002, 5.359909225065503, 5.359909225041841, 5.359909225039966, 5.359909225049592, 5.359909225040039, 5.3599092250551355, 5.359909225046138, 5.359909225043967, 5.359909225045055, 5.359909225043183, 5.359909225039658, 5.359909225053332, 5.359909225036415, 5.3599092250535945, 5.359909225034177, 5.359909225043003, 5.35990922503579, 5.359909225045084, 5.3599092250417435, 5.359909225045234, 5.359909225045391, 5.359909225049358, 5.359909225046112, 5.359909225044636, 5.359909225051412, 5.359909225045279, 5.3599092250398215, 5.359909225046652, 5.3599092250437845, 5.359909225055471, 5.363044210944399, 5.363044210952405, 5.363044210955867, 5.363044210948921, 5.363044210941512, 5.3630442109444125, 5.363044210951607, 5.36304421094811, 5.363044210936156, 5.363044210941612, 5.363044210957908, 5.363044210953861, 5.363044210941556, 5.36304421094396, 5.363044210946344, 5.36304421094489, 5.363044210956956, 5.363044210940073, 5.363044210945036, 5.363044210944199, 5.363044210943513, 5.363044210938623, 5.363044210948687, 5.363044210938668, 5.363044210950488, 5.363044210936985, 5.363044210938604, 5.363044210938572, 5.363044210942235, 5.363044210942958, 5.363044210944393, 5.363044210940823, 5.363044210946173, 5.3630442109461285, 5.363044210946394, 5.3630442109460885, 5.363044210946221, 5.363044210943462, 5.3630442109395435, 5.3630442109446275, 5.363044210958794, 5.365620407783088, 5.365620407778516, 5.3656204077841485, 5.3656204077880405, 5.365620407781285, 5.365620407783827, 5.3656204077981835, 5.36562040779339, 5.3656204077771354, 5.365620407785484, 5.36562040779452, 5.365620407779747, 5.365620407778579, 5.365620407788076, 5.365620407780875, 5.36562040778305, 5.3656204077927665, 5.365620407776122, 5.365620407782492, 5.365620407784609, 5.365620407782547, 5.365620407781007, 5.36562040778088, 5.365620407783836, 5.365620407783448, 5.365620407782868, 5.365620407770425, 5.365620407778193, 5.365620407782091, 5.3656204077819565, 5.365620407783088, 5.365620407777427, 5.365620407785299, 5.365620407786917, 5.3656204077883904, 5.36562040778167, 5.365620407786037, 5.365620407782155, 5.365620407774408, 5.36562040778323, 5.365620407791714, 5.367865387307791, 5.367865387294761, 5.367865387302727, 5.367865387305876, 5.36786538730132, 5.367865387306013, 5.367865387324269, 5.367865387319816, 5.367865387307446, 5.367865387315617, 5.36786538730684, 5.367865387295708, 5.367865387302996, 5.367865387316656, 5.367865387301853, 5.36786538730541, 5.367865387307356, 5.367865387300057, 5.367865387305639, 5.367865387306862, 5.3678653873072655, 5.3678653873040405, 5.367865387303883, 5.367865387309771, 5.367865387307746, 5.367865387306655, 5.367865387296466, 5.367865387300103, 5.367865387305051, 5.367865387307492, 5.367865387307794, 5.367865387305769, 5.367865387312164, 5.367865387312488, 5.367865387313207, 5.367865387307797, 5.367865387307646, 5.367865387308219, 5.367865387303907, 5.367865387307143, 5.367865387307022, 5.370431101725402, 5.370431101716571, 5.37043110172595, 5.370431101718221, 5.370431101713807, 5.3704311017205795, 5.370431101735631, 5.370431101730095, 5.370431101728242, 5.3704311017371715, 5.370431101720034, 5.370431101708927, 5.370431101721792, 5.370431101729271, 5.370431101723329, 5.370431101722105, 5.3704311017198085, 5.37043110171732, 5.370431101721308, 5.370431101722321, 5.370431101726268, 5.370431101718079, 5.370431101722442, 5.370431101726358, 5.3704311017261235, 5.37043110171992, 5.370431101718737, 5.370431101717566, 5.370431101718283, 5.370431101727424, 5.370431101725401, 5.3704311017272195, 5.370431101728845, 5.370431101727179, 5.37043110172634, 5.370431101729189, 5.3704311017219695, 5.370431101729149, 5.3704311017289355, 5.3704311017257655, 5.370431101718679, 5.3738251254522975, 5.373825125450667, 5.373825125460015, 5.373825125449325, 5.373825125442209, 5.373825125447695, 5.373825125455301, 5.3738251254478815, 5.373825125455954, 5.37382512546203, 5.373825125452486, 5.373825125436607, 5.373825125451486, 5.373825125447861, 5.373825125456535, 5.373825125447054, 5.373825125452055, 5.373825125444188, 5.373825125446605, 5.373825125452891, 5.373825125455679, 5.3738251254480405, 5.3738251254505665, 5.373825125453444, 5.373825125451036, 5.373825125448091, 5.373825125444966, 5.373825125448156, 5.373825125446585, 5.373825125456514, 5.3738251254522975, 5.373825125451857, 5.373825125452013, 5.373825125449757, 5.373825125448292, 5.373825125458025, 5.373825125449359, 5.373825125455154, 5.373825125458661, 5.373825125455303, 5.373825125443756, 5.377438886036051, 5.377438886035761, 5.37743888604455, 5.377438886040932, 5.377438886031016, 5.377438886032745, 5.37743888603631, 5.377438886031737, 5.377438886039872, 5.3774388860336115, 5.377438886039209, 5.377438886028874, 5.377438886040508, 5.377438886035212, 5.377438886036003, 5.377438886029003, 5.377438886039808, 5.377438886028993, 5.377438886032892, 5.377438886041608, 5.377438886040292, 5.37743888603797, 5.377438886038119, 5.377438886035206, 5.37743888603548, 5.377438886035388, 5.377438886026648, 5.377438886032851, 5.3774388860388855, 5.377438886041816, 5.377438886036057, 5.377438886030932, 5.377438886034664, 5.377438886032599, 5.377438886031351, 5.377438886041069, 5.377438886034497, 5.377438886035025, 5.377438886042011, 5.377438886040078, 5.377438886028333, 5.380678370355761, 5.380678370357454, 5.380678370365264, 5.380678370365129, 5.380678370353652, 5.38067837035277, 5.380678370356878, 5.380678370357793, 5.380678370357939, 5.3806783703378835, 5.380678370354308, 5.380678370358953, 5.380678370363703, 5.380678370363498, 5.3806783703487175, 5.380678370351088, 5.380678370358438, 5.3806783703511165, 5.3806783703564705, 5.380678370363043, 5.38067837035833, 5.380678370358814, 5.380678370360045, 5.380678370352865, 5.380678370357417, 5.380678370355752, 5.380678370347077, 5.3806783703505, 5.38067837036359, 5.3806783703630305, 5.380678370355767, 5.380678370350689, 5.380678370356948, 5.380678370355047, 5.380678370353929, 5.380678370358896, 5.380678370355049, 5.380678370355678, 5.380678370360641, 5.380678370358292, 5.380678370352044, 5.384846059650237, 5.384846059655761, 5.384846059662341, 5.384846059659294, 5.384846059646683, 5.384846059645842, 5.384846059650391, 5.384846059652541, 5.384846059647855, 5.3848460596315615, 5.384846059645751, 5.384846059657367, 5.3848460596565815, 5.384846059655558, 5.384846059646964, 5.384846059648132, 5.3848460596551115, 5.384846059647494, 5.384846059650789, 5.384846059657663, 5.384846059651543, 5.384846059650833, 5.384846059652602, 5.384846059648624, 5.384846059650608, 5.384846059649278, 5.384846059642907, 5.384846059645204, 5.384846059655319, 5.384846059657819, 5.3848460596502346, 5.384846059649315, 5.384846059653554, 5.384846059652234, 5.384846059651238, 5.38484605965062, 5.384846059652163, 5.384846059653879, 5.384846059654359, 5.384846059651901, 5.384846059651977, 5.389579527751592, 5.389579527752494, 5.389579527758297, 5.389579527757581, 5.389579527745675, 5.389579527746927, 5.389579527750854, 5.389579527750445, 5.38957952774327, 5.389579527748441, 5.389579527749469, 5.389579527757015, 5.38957952775398, 5.3895795277504135, 5.389579527753979, 5.38957952774829, 5.389579527759409, 5.389579527745737, 5.389579527751525, 5.389579527755725, 5.3895795277537, 5.389579527751156, 5.389579527752754, 5.389579527751087, 5.389579527750188, 5.389579527749135, 5.38957952774628, 5.389579527748692, 5.389579527751503, 5.38957952775555, 5.38957952775159, 5.389579527754072, 5.3895795277531064, 5.389579527752154, 5.389579527751331, 5.389579527751394, 5.389579527754248, 5.389579527754956, 5.389579527755964, 5.389579527754647, 5.3895795277574035, 5.3932093368852065, 5.393209336875555, 5.393209336881102, 5.393209336887637, 5.393209336879148, 5.39320933688369, 5.393209336888614, 5.3932093368858744, 5.393209336874028, 5.393209336895972, 5.393209336883621, 5.393209336888001, 5.393209336883061, 5.393209336885053, 5.39320933688503, 5.3932093368804175, 5.393209336888883, 5.393209336874734, 5.393209336887209, 5.393209336884132, 5.393209336888018, 5.393209336884969, 5.393209336886231, 5.393209336884655, 5.393209336884174, 5.393209336880935, 5.393209336882484, 5.393209336883377, 5.393209336881084, 5.393209336883663, 5.393209336885201, 5.39320933688909, 5.393209336884329, 5.393209336882971, 5.3932093368821175, 5.393209336887004, 5.393209336885127, 5.393209336886075, 5.3932093368896075, 5.393209336889353, 5.393209336892827, 5.396495627716827, 5.396495627705016, 5.3964956277103076, 5.396495627715953, 5.3964956277103, 5.396495627717871, 5.396495627724699, 5.396495627719963, 5.39649562770756, 5.3964956277297444, 5.396495627713397, 5.3964956277172105, 5.396495627709558, 5.396495627719548, 5.396495627713929, 5.396495627713099, 5.396495627714315, 5.396495627709347, 5.396495627719742, 5.396495627717631, 5.3964956277183544, 5.396495627715743, 5.396495627714696, 5.3964956277183935, 5.396495627715038, 5.396495627712589, 5.396495627713543, 5.3964956277160185, 5.396495627710505, 5.396495627713775, 5.396495627716823, 5.396495627720587, 5.396495627718145, 5.396495627716987, 5.3964956277164084, 5.396495627717303, 5.396495627717753, 5.396495627717942, 5.396495627719219, 5.396495627719545, 5.396495627724256, 5.4001451016615, 5.400145101656934, 5.400145101661978, 5.400145101660418, 5.400145101655184, 5.400145101663831, 5.40014510166988, 5.400145101663902, 5.400145101654624, 5.40014510166662, 5.400145101659306, 5.40014510166054, 5.400145101651849, 5.400145101664508, 5.400145101659981, 5.400145101660412, 5.400145101657591, 5.400145101660499, 5.400145101664425, 5.400145101668935, 5.40014510166064, 5.400145101659769, 5.400145101656159, 5.400145101665136, 5.400145101658863, 5.400145101657827, 5.400145101656164, 5.400145101661746, 5.400145101655106, 5.400145101659863, 5.400145101661495, 5.400145101663319, 5.400145101665672, 5.400145101665195, 5.400145101665044, 5.400145101659209, 5.4001451016659425, 5.400145101664126, 5.40014510166066, 5.400145101661399, 5.400145101667644, 5.4038781791900865, 5.403878179188625, 5.4038781791939146, 5.403878179192241, 5.403878179186304, 5.403878179193345, 5.403878179195104, 5.403878179191262, 5.403878179182878, 5.403878179185756, 5.4038781791926915, 5.4038781791907295, 5.40387817918456, 5.403878179194772, 5.403878179188193, 5.403878179189418, 5.403878179188479, 5.403878179189486, 5.4038781791946375, 5.403878179198986, 5.4038781791877595, 5.403878179190928, 5.403878179188039, 5.40387817919042, 5.403878179190977, 5.403878179184339, 5.403878179186281, 5.4038781791890695, 5.403878179187657, 5.403878179187676, 5.403878179190084, 5.40387817918863, 5.403878179192285, 5.403878179191541, 5.403878179191467, 5.403878179189543, 5.40387817919333, 5.403878179189322, 5.4038781791884505, 5.403878179187921, 5.403878179193109, 5.406971431654852, 5.406971431651444, 5.406971431657094, 5.406971431660489, 5.406971431653049, 5.406971431657688, 5.406971431654219, 5.4069714316535755, 5.406971431647291, 5.406971431646257, 5.406971431658984, 5.406971431657247, 5.406971431655365, 5.406971431658714, 5.406971431654558, 5.406971431651566, 5.406971431659031, 5.406971431652502, 5.406971431659365, 5.406971431662477, 5.406971431652138, 5.4069714316591195, 5.4069714316578255, 5.40697143165088, 5.406971431659362, 5.406971431646828, 5.40697143165344, 5.406971431651518, 5.406971431657583, 5.406971431650456, 5.406971431654851, 5.4069714316512965, 5.406971431653774, 5.406971431652408, 5.406971431652312, 5.40697143165748, 5.406971431655585, 5.406971431648206, 5.406971431655383, 5.406971431651512, 5.40697143165271, 5.410303903143334]
Total optimisation time observed during ADAM optimization: 54.160236 seconds
Median time per evaluation during ADAM optimization: 0.538751 seconds
5.410303903143334
QAOA optimisation for n=2 took 55.59 seconds; started at 1777583831.165005 and finished at 1777583886.750131
Finished QAOA for n=8 nodes, m=12 edges at 2026-04-30 23:18:06 on Apple M4. Time taken: 55.59 seconds. Hours: 0.02 hours. Peak RAM: 274.56 MB.
Unknown graph type for approximation ratio calculation; skipping approx ratio computation.
CSV writing for n=2 took 0.00 seconds; started at 1777583886.750133 and finished at 1777583886.750606
results: {2: 5.410303903143334}
durations: {8: 55.58512902259827}
Results saved to: logs/adam/qaoa_results_adam_20260430_200911.csv
Global end time: 1777583886.7506099
Finalisation time: 0.00 seconds; started at 1777583886.750607 and finished at 1777583886.750612
Sum of all section times: 55.67 seconds
