2026-04-30 23:28:37.846 system_profiler[59625:1606645] hw.cpufamily: 0x6f5129ac
Starting QAOA benchmark with global start time: 1777584517.783201
Benchmark parameters: {'optimiser': 'adam', 'circuit_type': 'hamqaoa', 'parameter_vector': [1, 1, 1], 'iterations_list': [50, 100, 200, 500], 'learning_rate_adam': 0.05, 'depth_list': [1, 2, 5, 10], 'n_start': 0, 'n_end': 30, 'singlet_injection': False, 'start_index_singlet': 0, 'warm_start': True, 'compare_with_010101': False, 'warm_start_correlations': False, 'init_QAOAparams_close_to_zero': False, 'use_correlations_as_initial_params': False, 'time_limit': 10800, 'failed_instance_termination_thrsh': 10, 'graph_generation_type': 'HOG', 'weighted': False, 'easiest_first': True, 'cpu_util_threshold': 90, 'debug': False, 'save_circuit_svg': False, 'rerun_exclude_finished_instances': False, 'optimiser_debug_iterations': 1, 'relative_graph_adjList_path': '/Users/julian_dev/Projects/MasterThesis/QAOA/HOG_graphs/list_27_graphs_adjacency_list.txt'}, Running QAOA with equal superposition
Benchmark run ID: 22cad0e2
Processor: Apple M4
Hostname: Mac-mini-som-tillhor-Julian.local
Total RAM (GB): 16.0
Physical cores: 10
Logical cores: 10
Python version: 3.13.1
Initialisation time: 0.08 seconds; started at {'initialisation': 0.08081412315368652} and finished at 1777584517.864023
Loaded HOG graph index 9 with 15 edges.
Instance generation for n=9 took 0.00 seconds; started at 1777584517.8640268 and finished at 1777584517.8643148
Running QAOA for n=10 nodes, m=15 edges...; Max iterations: 100
Warm-start: using parameter_vector=[1, 1, 1]
Warm-start: starting SDP solve for n_vertices=10
Starting SDP solve (solver preference: MOSEK, fallback: SCS) for n_vertices=10, matrix_dim=30, edges=15
Finished SDP solve with MOSEK. status=optimal. elapsed_seconds=0.06
Rounding...
n_vertices: 10 for n = 30
Using seed None to generate random matrix for x.
r_0: [ 0.57108679 -0.66451728 -0.48195089]
Product state qubit 0: [[0.25902455+0.j         0.2855434 +0.33225864j]
 [0.2855434 -0.33225864j 0.74097545+0.j        ]]
Diagonal entries of product state 0: [0.25902455 0.74097545]
r_1: [-0.57108132  0.66452137  0.48195174]
Product state qubit 1: [[ 0.74097587+0.j         -0.28554066-0.33226068j]
 [-0.28554066+0.33226068j  0.25902413+0.j        ]]
Diagonal entries of product state 1: [0.74097587 0.25902413]
r_2: [-0.57109306  0.66451574  0.48194559]
Product state qubit 2: [[ 0.7409728 +0.j         -0.28554653-0.33225787j]
 [-0.28554653+0.33225787j  0.2590272 +0.j        ]]
Diagonal entries of product state 2: [0.7409728 0.2590272]
r_3: [-0.57108375  0.66451472  0.48195803]
Product state qubit 3: [[ 0.74097901+0.j         -0.28554187-0.33225736j]
 [-0.28554187+0.33225736j  0.25902099+0.j        ]]
Diagonal entries of product state 3: [0.74097901 0.25902099]
r_4: [-0.57107895  0.66450943  0.481971  ]
Product state qubit 4: [[ 0.7409855 +0.j         -0.28553948-0.33225472j]
 [-0.28553948+0.33225472j  0.2590145 +0.j        ]]
Diagonal entries of product state 4: [0.7409855 0.2590145]
r_5: [-0.5710781   0.66451158  0.48196905]
Product state qubit 5: [[ 0.74098452+0.j         -0.28553905-0.33225579j]
 [-0.28553905+0.33225579j  0.25901548+0.j        ]]
Diagonal entries of product state 5: [0.74098452 0.25901548]
r_6: [ 0.57107576 -0.66451355 -0.48196911]
Product state qubit 6: [[0.25901544+0.j         0.28553788+0.33225677j]
 [0.28553788-0.33225677j 0.74098456+0.j        ]]
Diagonal entries of product state 6: [0.25901544 0.74098456]
r_7: [ 0.57108621 -0.66451059 -0.48196079]
Product state qubit 7: [[0.2590196 +0.j        0.28554311+0.3322553j]
 [0.28554311-0.3322553j 0.7409804 +0.j       ]]
Diagonal entries of product state 7: [0.2590196 0.7409804]
r_8: [ 0.57107715 -0.66450847 -0.48197447]
Product state qubit 8: [[0.25901277+0.j         0.28553857+0.33225424j]
 [0.28553857-0.33225424j 0.74098723+0.j        ]]
Diagonal entries of product state 8: [0.25901277 0.74098723]
r_9: [ 0.57108614 -0.66451691 -0.48195217]
Product state qubit 9: [[0.25902391+0.j         0.28554307+0.33225846j]
 [0.28554307-0.33225846j 0.74097609+0.j        ]]
Diagonal entries of product state 9: [0.25902391 0.74097609]
y_scalar: False
[-1, 1, 1, 1, 1, 1, -1, -1, -1, -1]
Hamiltonian equals product state? [[False False False False]
 [False False False False]
 [False False False False]
 [False False False False]]
Hamiltonian: [[ 0. +0.j  0. +0.j  0. +0.j  0. +0.j]
 [ 0. +0.j  0.5+0.j -0.5+0.j  0. +0.j]
 [ 0. +0.j -0.5+0.j  0.5+0.j  0. +0.j]
 [ 0. +0.j  0. +0.j  0. +0.j  0. +0.j]], product state: [[ 0.19193128+0.00000000e+00j  0.21158142+2.46196543e-01j
  -0.07396217-8.60626019e-02j  0.02886081-1.89747489e-01j]
 [ 0.21158142-2.46196543e-01j  0.54904773+0.00000000e+00j
  -0.19192982-8.42126206e-08j -0.2115797 -2.46194758e-01j]
 [-0.07396217+8.60626019e-02j -0.19192982+8.42126206e-08j
   0.06709263+0.00000000e+00j  0.07396165+8.60619130e-02j]
 [ 0.02886081+1.89747489e-01j -0.2115797 +2.46194758e-01j
   0.07396165-8.60619130e-02j  0.19192836+0.00000000e+00j]]
Hamiltonian equals product state? [[False False False False]
 [False False False False]
 [False False False False]
 [False False False False]]
Hamiltonian: [[ 0. +0.j  0. +0.j  0. +0.j  0. +0.j]
 [ 0. +0.j  0.5+0.j -0.5+0.j  0. +0.j]
 [ 0. +0.j -0.5+0.j  0.5+0.j  0. +0.j]
 [ 0. +0.j  0. +0.j  0. +0.j  0. +0.j]], product state: [[ 0.19192648+0.00000000e+00j  0.21157967+2.46192136e-01j
  -0.07396215-8.60613017e-02j  0.02885859-1.89748291e-01j]
 [ 0.21157967-2.46192136e-01j  0.54904632+0.00000000e+00j
  -0.19193028+4.01996680e-07j -0.21158438-2.46196568e-01j]
 [-0.07396215+8.60613017e-02j -0.19193028-4.01996680e-07j
   0.06709312+0.00000000e+00j  0.07396343+8.60631609e-02j]
 [ 0.02885859+1.89748291e-01j -0.21158438+2.46196568e-01j
   0.07396343-8.60631609e-02j  0.19193408+0.00000000e+00j]]
Hamiltonian equals product state? [[False False False False]
 [False False False False]
 [False False False False]
 [False False False False]]
Hamiltonian: [[ 0. +0.j  0. +0.j  0. +0.j  0. +0.j]
 [ 0. +0.j  0.5+0.j -0.5+0.j  0. +0.j]
 [ 0. +0.j -0.5+0.j  0.5+0.j  0. +0.j]
 [ 0. +0.j  0. +0.j  0. +0.j  0. +0.j]], product state: [[ 0.19193094+0.00000000e+00j -0.07396204-8.60636757e-02j
   0.21158077+2.46195634e-01j  0.02886223-1.89748196e-01j]
 [-0.07396204+8.60636757e-02j  0.06709361+0.00000000e+00j
  -0.19193073+1.49253651e-06j  0.07396263+8.60630058e-02j]
 [ 0.21158077-2.46195634e-01j -0.19193073-1.49253651e-06j
   0.54904492+0.00000000e+00j -0.21157862-2.46197008e-01j]
 [ 0.02886223+1.89748196e-01j  0.07396263-8.60630058e-02j
  -0.21157862+2.46197008e-01j  0.19193052+0.00000000e+00j]]
Hamiltonian equals product state? [[False False False False]
 [False False False False]
 [False False False False]
 [False False False False]]
Hamiltonian: [[ 0. +0.j  0. +0.j  0. +0.j  0. +0.j]
 [ 0. +0.j  0.5+0.j -0.5+0.j  0. +0.j]
 [ 0. +0.j -0.5+0.j  0.5+0.j  0. +0.j]
 [ 0. +0.j  0. +0.j  0. +0.j  0. +0.j]], product state: [[ 0.19192419+0.00000000e+00j  0.21157668+2.46194251e-01j
  -0.07395944-8.60606483e-02j  0.02886319-1.89745829e-01j]
 [ 0.21157668-2.46194251e-01j  0.54905168+0.00000000e+00j
  -0.19192854-1.92266365e-07j -0.21158122-2.46200036e-01j]
 [-0.07395944+8.60606483e-02j -0.19192854+1.92266365e-07j
   0.06709125+0.00000000e+00j  0.0739612 +8.60625222e-02j]
 [ 0.02886319+1.89745829e-01j -0.21158122+2.46200036e-01j
   0.0739612 -8.60625222e-02j  0.19193288+0.00000000e+00j]]
Hamiltonian equals product state? [[False False False False]
 [False False False False]
 [False False False False]
 [False False False False]]
Hamiltonian: [[ 0. +0.j  0. +0.j  0. +0.j  0. +0.j]
 [ 0. +0.j  0.5+0.j -0.5+0.j  0. +0.j]
 [ 0. +0.j -0.5+0.j  0.5+0.j  0. +0.j]
 [ 0. +0.j  0. +0.j  0. +0.j  0. +0.j]], product state: [[ 0.19192977+0.00000000e+00j  0.2115833 +2.46196358e-01j
  -0.07396032-8.60604847e-02j  0.02885956-1.89745047e-01j]
 [ 0.2115833 -2.46196358e-01j  0.54905573+0.00000000e+00j
  -0.19192722-1.04032297e-06j -0.21157915-2.46194231e-01j]
 [-0.07396032+8.60604847e-02j -0.19192722+1.04032297e-06j
   0.06708983+0.00000000e+00j  0.0739598 +8.60589396e-02j]
 [ 0.02885956+1.89745047e-01j -0.21157915+2.46194231e-01j
   0.0739598 -8.60589396e-02j  0.19192467+0.00000000e+00j]]
Hamiltonian equals product state? [[False False False False]
 [False False False False]
 [False False False False]
 [False False False False]]
Hamiltonian: [[ 0. +0.j  0. +0.j  0. +0.j  0. +0.j]
 [ 0. +0.j  0.5+0.j -0.5+0.j  0. +0.j]
 [ 0. +0.j -0.5+0.j  0.5+0.j  0. +0.j]
 [ 0. +0.j  0. +0.j  0. +0.j  0. +0.j]], product state: [[ 0.19192302+0.00000000e+00j  0.21157809+2.46193415e-01j
  -0.07395899-8.60588983e-02j  0.0288607 -1.89744790e-01j]
 [ 0.21157809-2.46193415e-01j  0.54905599+0.00000000e+00j
  -0.19192713+2.04437500e-07j -0.21158288-2.46198461e-01j]
 [-0.07395899+8.60588983e-02j -0.19192713-2.04437500e-07j
   0.06708974+0.00000000e+00j  0.07396048+8.60608198e-02j]
 [ 0.0288607 +1.89744790e-01j -0.21158288+2.46198461e-01j
   0.07396048-8.60608198e-02j  0.19193124+0.00000000e+00j]]
Hamiltonian equals product state? [[False False False False]
 [False False False False]
 [False False False False]
 [False False False False]]
Hamiltonian: [[ 0. +0.j  0. +0.j  0. +0.j  0. +0.j]
 [ 0. +0.j  0.5+0.j -0.5+0.j  0. +0.j]
 [ 0. +0.j -0.5+0.j  0.5+0.j  0. +0.j]
 [ 0. +0.j  0. +0.j  0. +0.j  0. +0.j]], product state: [[ 0.19192445+0.00000000e+00j  0.21157966+2.46195246e-01j
  -0.07395826-8.60584919e-02j  0.02886098-1.89743403e-01j]
 [ 0.21157966-2.46195246e-01j  0.54906007+0.00000000e+00j
  -0.19192581-2.86054457e-07j -0.21158079-2.46197299e-01j]
 [-0.07395826+8.60584919e-02j -0.19192581+2.86054457e-07j
   0.06708832+0.00000000e+00j  0.07395891+8.60589889e-02j]
 [ 0.02886098+1.89743403e-01j -0.21158079+2.46197299e-01j
   0.07395891-8.60589889e-02j  0.19192716+0.00000000e+00j]]
Hamiltonian equals product state? [[False False False False]
 [False False False False]
 [False False False False]
 [False False False False]]
Hamiltonian: [[ 0. +0.j  0. +0.j  0. +0.j  0. +0.j]
 [ 0. +0.j  0.5+0.j -0.5+0.j  0. +0.j]
 [ 0. +0.j -0.5+0.j  0.5+0.j  0. +0.j]
 [ 0. +0.j  0. +0.j  0. +0.j  0. +0.j]], product state: [[ 0.19193047+0.00000000e+00j  0.21158052+2.46195498e-01j
  -0.07396186-8.60634629e-02j  0.02886226-1.89748035e-01j]
 [ 0.21158052-2.46195498e-01j  0.5490454 +0.00000000e+00j
  -0.19193058-1.43657750e-06j -0.2115788 -2.46197221e-01j]
 [-0.07396186+8.60634629e-02j -0.19193058+1.43657750e-06j
   0.06709344+0.00000000e+00j  0.07396255+8.60629581e-02j]
 [ 0.02886226+1.89748035e-01j -0.2115788 +2.46197221e-01j
   0.07396255-8.60629581e-02j  0.19193069+0.00000000e+00j]]
Hamiltonian equals product state? [[False False False False]
 [False False False False]
 [False False False False]
 [False False False False]]
Hamiltonian: [[ 0. +0.j  0. +0.j  0. +0.j  0. +0.j]
 [ 0. +0.j  0.5+0.j -0.5+0.j  0. +0.j]
 [ 0. +0.j -0.5+0.j  0.5+0.j  0. +0.j]
 [ 0. +0.j  0. +0.j  0. +0.j  0. +0.j]], product state: [[ 0.19192952+0.00000000e+00j  0.21158302+2.46196033e-01j
  -0.07396021-8.60607631e-02j  0.02886004-1.89745213e-01j]
 [ 0.21158302-2.46196033e-01j  0.54905501+0.00000000e+00j
  -0.19192745-1.48891584e-06j -0.21157884-2.46195028e-01j]
 [-0.07396021+8.60607631e-02j -0.19192745+1.48891584e-06j
   0.06709009+0.00000000e+00j  0.07396008+8.60592640e-02j]
 [ 0.02886004+1.89745213e-01j -0.21157884+2.46195028e-01j
   0.07396008-8.60592640e-02j  0.19192539+0.00000000e+00j]]
Hamiltonian equals product state? [[False False False False]
 [False False False False]
 [False False False False]
 [False False False False]]
Hamiltonian: [[ 0. +0.j  0. +0.j  0. +0.j  0. +0.j]
 [ 0. +0.j  0.5+0.j -0.5+0.j  0. +0.j]
 [ 0. +0.j -0.5+0.j  0.5+0.j  0. +0.j]
 [ 0. +0.j  0. +0.j  0. +0.j  0. +0.j]], product state: [[ 0.19192967+0.00000000e+00j  0.21157965+2.46194477e-01j
  -0.07396338-8.60627341e-02j  0.02885965-1.89749181e-01j]
 [ 0.21157965-2.46194477e-01j  0.54904312+0.00000000e+00j
  -0.19193132+1.31622677e-06j -0.21158315-2.46195136e-01j]
 [-0.07396338+8.60627341e-02j -0.19193132-1.31622677e-06j
   0.06709424+0.00000000e+00j  0.07396342+8.60639791e-02j]
 [ 0.02885965+1.89749181e-01j -0.21158315+2.46195136e-01j
   0.07396342-8.60639791e-02j  0.19193296+0.00000000e+00j]]
Hamiltonian equals product state? [[False False False False]
 [False False False False]
 [False False False False]
 [False False False False]]
Hamiltonian: [[ 0. +0.j  0. +0.j  0. +0.j  0. +0.j]
 [ 0. +0.j  0.5+0.j -0.5+0.j  0. +0.j]
 [ 0. +0.j -0.5+0.j  0.5+0.j  0. +0.j]
 [ 0. +0.j  0. +0.j  0. +0.j  0. +0.j]], product state: [[ 0.19193176+0.00000000e+00j -0.07396236-8.60628147e-02j
   0.21158166+2.46196679e-01j  0.02886078-1.89747650e-01j]
 [-0.07396236+8.60628147e-02j  0.0670928 +0.00000000e+00j
  -0.19192997+1.40170326e-07j  0.07396173+8.60619607e-02j]
 [ 0.21158166-2.46196679e-01j -0.19192997-1.40170326e-07j
   0.54904725+0.00000000e+00j -0.21157952-2.46194545e-01j]
 [ 0.02886078+1.89747650e-01j  0.07396173-8.60619607e-02j
  -0.21157952+2.46194545e-01j  0.19192819+0.00000000e+00j]]
Hamiltonian equals product state? [[False False False False]
 [False False False False]
 [False False False False]
 [False False False False]]
Hamiltonian: [[ 0. +0.j  0. +0.j  0. +0.j  0. +0.j]
 [ 0. +0.j  0.5+0.j -0.5+0.j  0. +0.j]
 [ 0. +0.j -0.5+0.j  0.5+0.j  0. +0.j]
 [ 0. +0.j  0. +0.j  0. +0.j  0. +0.j]], product state: [[ 0.19192669+0.00000000e+00j  0.21157943+2.46197451e-01j
  -0.07395913-8.60591025e-02j  0.02886154-1.89743732e-01j]
 [ 0.21157943-2.46197451e-01j  0.54905881+0.00000000e+00j
  -0.19192622+1.11816687e-06j -0.21158034-2.46195613e-01j]
 [-0.07395913+8.60591025e-02j -0.19192622-1.11816687e-06j
   0.06708876+0.00000000e+00j  0.07395845+8.60593219e-02j]
 [ 0.02886154+1.89743732e-01j -0.21158034+2.46195613e-01j
   0.07395845-8.60593219e-02j  0.19192574+0.00000000e+00j]]
Hamiltonian equals product state? [[False False False False]
 [False False False False]
 [False False False False]
 [False False False False]]
Hamiltonian: [[ 0. +0.j  0. +0.j  0. +0.j  0. +0.j]
 [ 0. +0.j  0.5+0.j -0.5+0.j  0. +0.j]
 [ 0. +0.j -0.5+0.j  0.5+0.j  0. +0.j]
 [ 0. +0.j  0. +0.j  0. +0.j  0. +0.j]], product state: [[ 0.19192643+0.00000000e+00j  0.21157915+2.46197127e-01j
  -0.07395902-8.60593809e-02j  0.02886202-1.89743897e-01j]
 [ 0.21157915-2.46197127e-01j  0.54905809+0.00000000e+00j
  -0.19192645+6.69578997e-07j -0.21158003-2.46196410e-01j]
 [-0.07395902+8.60593809e-02j -0.19192645-6.69578997e-07j
   0.06708901+0.00000000e+00j  0.07395873+8.60596463e-02j]
 [ 0.02886202+1.89743897e-01j -0.21158003+2.46196410e-01j
   0.07395873-8.60596463e-02j  0.19192647+0.00000000e+00j]]
Hamiltonian equals product state? [[False False False False]
 [False False False False]
 [False False False False]
 [False False False False]]
Hamiltonian: [[ 0. +0.j  0. +0.j  0. +0.j  0. +0.j]
 [ 0. +0.j  0.5+0.j -0.5+0.j  0. +0.j]
 [ 0. +0.j -0.5+0.j  0.5+0.j  0. +0.j]
 [ 0. +0.j  0. +0.j  0. +0.j  0. +0.j]], product state: [[ 0.19192471+0.00000000e+00j  0.21157994+2.46195571e-01j
  -0.07395837-8.60582135e-02j  0.0288605 -1.89743238e-01j]
 [ 0.21157994-2.46195571e-01j  0.5490608 +0.00000000e+00j
  -0.19192557+1.62533085e-07j -0.21158111-2.46196502e-01j]
 [-0.07395837+8.60582135e-02j -0.19192557-1.62533085e-07j
   0.06708806+0.00000000e+00j  0.07395863+8.60586645e-02j]
 [ 0.0288605 +1.89743238e-01j -0.21158111+2.46196502e-01j
   0.07395863-8.60586645e-02j  0.19192644+0.00000000e+00j]]
Hamiltonian equals product state? [[False False False False]
 [False False False False]
 [False False False False]
 [False False False False]]
Hamiltonian: [[ 0. +0.j  0. +0.j  0. +0.j  0. +0.j]
 [ 0. +0.j  0.5+0.j -0.5+0.j  0. +0.j]
 [ 0. +0.j -0.5+0.j  0.5+0.j  0. +0.j]
 [ 0. +0.j  0. +0.j  0. +0.j  0. +0.j]], product state: [[ 0.19193015+0.00000000e+00j -0.07396356-8.60629469e-02j
   0.21157989+2.46194613e-01j  0.02885962-1.89749342e-01j]
 [-0.07396356+8.60629469e-02j  0.06709441+0.00000000e+00j
  -0.19193147-1.26026975e-06j  0.07396351+8.60640267e-02j]
 [ 0.21157989-2.46194613e-01j -0.19193147+1.26026975e-06j
   0.54904265+0.00000000e+00j -0.21158297-2.46194923e-01j]
 [ 0.02885962+1.89749342e-01j  0.07396351-8.60640267e-02j
  -0.21158297+2.46194923e-01j  0.1919328 +0.00000000e+00j]]
Energy of rounded cut: 7.499999999774357
Check the cut: [-1, 1, 1, 1, 1, 1, -1, -1, -1, -1]
15 in cut out of a total of 15 edges
Warm-start: SDP solve + rounding finished in 0.08 seconds
Warm-start: statevector build finished in 0.00 seconds
warm_start_correlations: None
Edges: [(3, 9), (2, 7), (0, 1), (1, 6), (4, 7), (3, 8), (5, 8), (1, 9), (5, 7), (2, 9), (0, 3), (4, 6), (5, 6), (4, 8), (0, 2)], weights: [1.0, 1.0, 1.0, 1.0, 1.0, 1.0, 1.0, 1.0, 1.0, 1.0, 1.0, 1.0, 1.0, 1.0, 1.0], set of nodes: {0, 1, 2, 3, 4, 5, 6, 7, 8, 9}, n: 10 nodes, p: 5 layers, N_bayes: 100 iterations
Initial state injected as warm start
Initial state energy for vector-normalised SDP solution used as warm start: 1.5000000005548295
Running ADAM optimization with a single iteration (no debug loop)
ADAM optimizer configured with maxiter=100 and learning_rate=0.05
Generated 4 random initial parameter sets for ADAM optimization
Using random initial parameters with:
Param_type 1:  [ 1.45984472 -0.00569371  0.15890805  0.82419049  0.57781936]
Param_type 2:  [ 2.06613064  2.50052729 -0.50603939  0.2721736  -0.79878443]
Param_type 3:  [-0.31253216 -0.99714885 -2.50464218 -0.02922382  0.22146301]
Param_type 4:  [-0.2877931   2.56009005  2.31800277 -1.34210548  2.70180864]
Energies observed during ADAM optimization: [3.8258614221364025, 3.825861422203759, 3.825861422037105, 3.8258614219296256, 3.8258614220323652, 3.8258614221144285, 3.8258614221790275, 3.8258614221770424, 3.825861422376042, 3.8258614220920983, 3.825861422058147, 3.8258614226197363, 3.8258614224329106, 3.825861422270615, 3.8258614222321743, 3.8258614221364002, 3.8258614219148854, 3.825861421909453, 3.82586142216905, 3.8258614222042424, 3.8258614220208202, 4.644343930758316, 4.6443439309620835, 4.644343930678659, 4.6443439308934895, 4.6443439311518055, 4.644343931268257, 4.644343930636776, 4.644343930738441, 4.644343930780717, 4.644343930407541, 4.644343930878432, 4.644343930905494, 4.644343930783603, 4.6443439307524415, 4.644343930655952, 4.644343930758322, 4.644343930665026, 4.644343930573144, 4.64434393074798, 4.644343930683983, 4.644343930713626, 5.312174120757807, 5.312174120791582, 5.312174120795652, 5.312174120825614, 5.312174121125536, 5.312174121297958, 5.312174120497397, 5.312174120833091, 5.312174120601476, 5.312174120570554, 5.312174121035942, 5.312174120706409, 5.312174120526668, 5.312174120656906, 5.312174120570935, 5.312174120757802, 5.312174120723363, 5.312174120596583, 5.3121741206907185, 5.3121741205926725, 5.312174120890013, 5.704484552939592, 5.704484552642518, 5.704484553160396, 5.704484552755228, 5.70448455288756, 5.704484553021935, 5.704484552831734, 5.704484553170047, 5.704484552884669, 5.70448455292686, 5.704484552962108, 5.704484552891646, 5.7044845527677746, 5.704484552956226, 5.7044845528912465, 5.704484552939584, 5.704484553043094, 5.704484553014092, 5.7044845529883705, 5.704484552918659, 5.704484553183181, 5.721248887753096, 5.721248887454434, 5.721248887993156, 5.721248887494282, 5.7212488874114635, 5.721248887453808, 5.721248887837394, 5.72124888802094, 5.721248887865971, 5.721248887797087, 5.721248887564013, 5.721248887872093, 5.721248887783218, 5.72124888792312, 5.721248887893909, 5.7212488877531, 5.72124888790784, 5.721248887906497, 5.721248887893152, 5.7212488878717584, 5.7212488879053955, 5.934849325513529, 5.93484932537559, 5.934849325699446, 5.934849325366044, 5.934849325298016, 5.934849325292368, 5.934849325631378, 5.934849325675136, 5.9348493256192745, 5.934849325583869, 5.93484932537144, 5.934849325614128, 5.934849325586447, 5.9348493256505614, 5.9348493256311965, 5.934849325513532, 5.934849325628074, 5.934849325641251, 5.934849325623367, 5.934849325612875, 5.934849325535606, 6.043604620685913, 6.04360462075092, 6.043604620810013, 6.043604620804715, 6.043604620845833, 6.043604620824728, 6.043604620741549, 6.043604620683989, 6.043604620674759, 6.0436046208079475, 6.0436046207059375, 6.0436046205976375, 6.043604620651112, 6.04360462065729, 6.043604620637628, 6.043604620685922, 6.04360462071939, 6.043604620750777, 6.043604620679764, 6.04360462066768, 6.043604620593085, 5.94385250887787, 5.9438525089871375, 5.943852508917485, 5.943852509085193, 5.943852509221764, 5.943852509208479, 5.943852508900228, 5.943852508793981, 5.943852508790774, 5.943852509018837, 5.943852508971805, 5.943852508678653, 5.943852508783362, 5.943852508732166, 5.943852508712528, 5.943852508877867, 5.943852508852811, 5.943852508924818, 5.94385250880852, 5.943852508795475, 5.943852508702455, 5.984929551064786, 5.98492955108383, 5.984929550991009, 5.9849295511332326, 5.984929551280821, 5.9849295512827645, 5.984929551095345, 5.984929550966375, 5.984929550984633, 5.98492955118354, 5.9849295511298095, 5.984929550923952, 5.984929551040379, 5.984929550934093, 5.984929550917416, 5.984929551064785, 5.984929551023745, 5.9849295511274745, 5.984929551013424, 5.984929551002656, 5.984929550827417, 6.035999378295195, 6.035999378195814, 6.035999378102631, 6.035999378157851, 6.035999378235951, 6.035999378250916, 6.035999378340259, 6.035999378214786, 6.035999378265189, 6.035999378374482, 6.035999378288669, 6.035999378296863, 6.035999378388148, 6.035999378266683, 6.03599937825558, 6.035999378295197, 6.035999378272791, 6.035999378366907, 6.035999378294635, 6.03599937828877, 6.035999378048564, 6.038443110308429, 6.038443110180472, 6.03844311006732, 6.038443110096249, 6.038443110062795, 6.038443110082573, 6.038443110357445, 6.038443110267852, 6.038443110338778, 6.038443110375637, 6.038443110243293, 6.038443110407519, 6.038443110459809, 6.038443110378049, 6.0384431103717535, 6.038443110308436, 6.038443110323523, 6.038443110379375, 6.038443110347102, 6.038443110345416, 6.038443110125698, 6.098025257896118, 6.098025257878851, 6.098025257695473, 6.098025257810834, 6.098025257676867, 6.0980252576961, 6.098025257928347, 6.0980252578952445, 6.098025257974675, 6.098025257961445, 6.098025257828153, 6.098025257979527, 6.098025258005315, 6.09802525799342, 6.098025257989021, 6.098025257896122, 6.098025257943389, 6.0980252579599625, 6.098025257935591, 6.098025257936603, 6.098025257825798, 6.13619650716089, 6.1361965073351525, 6.136196507058116, 6.136196507305645, 6.136196507113858, 6.136196507131097, 6.136196507161365, 6.136196507185235, 6.136196507260934, 6.136196507200708, 6.136196507146385, 6.136196507154697, 6.136196507163696, 6.136196507219752, 6.136196507215379, 6.136196507160882, 6.136196507216368, 6.136196507198924, 6.136196507167176, 6.136196507172528, 6.136196507213922, 6.110015710639113, 6.110015710932551, 6.11001571060402, 6.110015710916692, 6.110015710729935, 6.110015710747565, 6.110015710603617, 6.110015710661818, 6.110015710725705, 6.110015710636182, 6.110015710688559, 6.110015710557929, 6.110015710552703, 6.110015710645984, 6.110015710642107, 6.110015710639113, 6.110015710676721, 6.110015710632034, 6.110015710606346, 6.110015710619624, 6.110015710774168, 6.126369357880576, 6.126369358161434, 6.1263693578426865, 6.126369358130873, 6.126369357985145, 6.126369358002284, 6.126369357806019, 6.126369357867155, 6.12636935792996, 6.1263693578252685, 6.126369357957799, 6.126369357785484, 6.126369357772032, 6.126369357859913, 6.126369357859135, 6.126369357880578, 6.126369357887435, 6.126369357830214, 6.1263693578275165, 6.126369357849393, 6.126369358030206, 6.18782933652362, 6.1878293366884725, 6.187829336436779, 6.187829336635655, 6.187829336537137, 6.187829336545999, 6.18782933641936, 6.187829336458305, 6.187829336530983, 6.187829336421823, 6.187829336579817, 6.187829336475075, 6.187829336460801, 6.187829336507806, 6.187829336511617, 6.187829336523618, 6.187829336500669, 6.187829336451494, 6.187829336476731, 6.187829336502395, 6.1878293366288935, 6.224222990459713, 6.224222990466853, 6.224222990327, 6.22422299040441, 6.224222990347655, 6.224222990336652, 6.224222990356127, 6.224222990365194, 6.224222990436378, 6.224222990349042, 6.224222990467793, 6.224222990483986, 6.22422299047454, 6.224222990468817, 6.224222990476194, 6.224222990459725, 6.224222990417458, 6.2242229903938195, 6.224222990435351, 6.2242229904583, 6.224222990493501, 6.233857732970053, 6.23385773287266, 6.23385773285843, 6.2338577328287235, 6.233857732796457, 6.233857732758066, 6.233857732901267, 6.23385773288662, 6.233857732933825, 6.2338577329031235, 6.2338577329394464, 6.233857733039632, 6.2338577330412415, 6.233857732995791, 6.233857733002739, 6.233857732970064, 6.233857732922789, 6.233857732932314, 6.2338577329666345, 6.233857732983223, 6.233857732947891, 6.2512695233021365, 6.25126952320184, 6.251269523295979, 6.251269523201307, 6.251269523173293, 6.251269523108982, 6.2512695232803095, 6.251269523250528, 6.25126952326211, 6.251269523312786, 6.251269523261409, 6.251269523359662, 6.25126952337849, 6.251269523316728, 6.251269523318792, 6.251269523302126, 6.25126952326359, 6.251269523301109, 6.25126952330905, 6.251269523318575, 6.251269523264349, 6.250570840858607, 6.250570840825371, 6.250570840986311, 6.250570840866045, 6.250570840834844, 6.250570840753526, 6.250570840872486, 6.250570840836175, 6.250570840814405, 6.25057084094366, 6.250570840831907, 6.250570840860319, 6.2505708408974465, 6.250570840841369, 6.250570840837045, 6.2505708408586, 6.250570840839403, 6.250570840889155, 6.250570840865829, 6.250570840869794, 6.250570840839527, 6.227794143721071, 6.227794143750792, 6.227794143931732, 6.2277941438074755, 6.2277941437822335, 6.227794143693398, 6.227794143754238, 6.227794143720389, 6.22779414367331, 6.2277941438422495, 6.227794143712882, 6.2277941436664905, 6.227794143716904, 6.2277941436770705, 6.227794143668229, 6.227794143721068, 6.2277941437234325, 6.227794143771834, 6.227794143724659, 6.227794143725921, 6.227794143729341, 6.227832954785999, 6.2278329548238585, 6.22783295499638, 6.227832954871029, 6.227832954868604, 6.227832954776699, 6.227832954833115, 6.227832954808533, 6.227832954742446, 6.227832954889659, 6.227832954781172, 6.227832954709321, 6.227832954766025, 6.227832954738989, 6.227832954728787, 6.227832954785995, 6.227832954802451, 6.227832954849011, 6.227832954789392, 6.2278329547907685, 6.227832954809858, 6.253952243085643, 6.253952243078084, 6.253952243224746, 6.253952243098029, 6.253952243134863, 6.253952243042021, 6.253952243148129, 6.253952243134749, 6.253952243056374, 6.253952243125305, 6.253952243067769, 6.253952243024949, 6.253952243079633, 6.253952243056932, 6.253952243048537, 6.2539522430856405, 6.253952243102907, 6.253952243152855, 6.253952243092399, 6.253952243096812, 6.253952243110571, 6.2730631044746294, 6.273063104409259, 6.273063104510348, 6.273063104394596, 6.27306310447737, 6.273063104386703, 6.27306310454489, 6.273063104540682, 6.273063104463091, 6.273063104433533, 6.273063104446141, 6.273063104446858, 6.273063104490347, 6.273063104467363, 6.273063104463816, 6.2730631044746294, 6.273063104477921, 6.273063104529168, 6.273063104479802, 6.273063104490528, 6.273063104495433, 6.280933566119317, 6.280933566037099, 6.2809335660761665, 6.280933565994461, 6.28093356610982, 6.280933566025021, 6.280933566176774, 6.2809335661809556, 6.28093356611925, 6.280933566019054, 6.280933566101373, 6.2809335661161105, 6.28093356614108, 6.2809335661201695, 6.280933566123438, 6.280933566119328, 6.280933566098168, 6.28093356613929, 6.280933566111518, 6.280933566130303, 6.280933566143175, 6.290851966448553, 6.290851966408374, 6.29085196638597, 6.290851966354719, 6.290851966475326, 6.290851966399579, 6.290851966474257, 6.29085196648989, 6.290851966450248, 6.2908519663314255, 6.290851966458925, 6.290851966452799, 6.290851966456466, 6.290851966444135, 6.290851966453097, 6.290851966448555, 6.290851966403112, 6.290851966422575, 6.290851966421501, 6.290851966446479, 6.2908519664859375, 6.300108641324191, 6.300108641351647, 6.30010864129057, 6.300108641303707, 6.300108641406386, 6.30010864134256, 6.30010864131467, 6.300108641343504, 6.300108641321646, 6.300108641230635, 6.300108641358365, 6.300108641327666, 6.300108641312793, 6.300108641313422, 6.300108641323596, 6.300108641324206, 6.30010864126752, 6.300108641262901, 6.300108641285662, 6.30010864131079, 6.300108641376432, 6.309443468957359, 6.309443469027747, 6.309443468962665, 6.309443468992845, 6.309443469069052, 6.309443469019084, 6.309443468924477, 6.309443468962552, 6.309443468950701, 6.309443468911698, 6.30944346899114, 6.309443468967018, 6.309443468940556, 6.309443468951389, 6.309443468957623, 6.309443468957361, 6.30944346890857, 6.3094434688884045, 6.30944346892613, 6.3094434689439005, 6.309443469013997, 6.322279900893691, 6.322279900957055, 6.322279900915223, 6.322279900931257, 6.322279900985512, 6.322279900949441, 6.322279900855043, 6.322279900895093, 6.322279900887626, 6.322279900898997, 6.322279900903168, 6.322279900922018, 6.322279900891851, 6.322279900905465, 6.322279900904804, 6.322279900893701, 6.322279900866959, 6.322279900843937, 6.322279900886013, 6.32227990089212, 6.322279900939762, 6.329138997514913, 6.329138997532323, 6.329138997521772, 6.329138997508522, 6.329138997553146, 6.329138997529435, 6.329138997483768, 6.329138997519202, 6.329138997512603, 6.3291389975578385, 6.329138997493814, 6.32913899756203, 6.329138997534798, 6.329138997545478, 6.329138997537318, 6.329138997514909, 6.329138997514526, 6.329138997497567, 6.329138997534226, 6.329138997529014, 6.329138997539747, 6.326806668810043, 6.326806668776851, 6.326806668787606, 6.326806668755847, 6.326806668805262, 6.326806668791245, 6.326806668789434, 6.326806668815115, 6.326806668806629, 6.326806668871448, 6.326806668771498, 6.3268066688564115, 6.3268066688371825, 6.326806668843389, 6.32680666882825, 6.326806668810041, 6.326806668831725, 6.326806668823362, 6.326806668847147, 6.326806668833182, 6.326806668811286, 6.326144499090068, 6.326144499034004, 6.326144499047476, 6.3261444990245455, 6.32614449908717, 6.326144499078999, 6.326144499075466, 6.326144499087878, 6.326144499076232, 6.326144499156249, 6.326144499054416, 6.326144499111142, 6.326144499102865, 6.326144499105717, 6.326144499084236, 6.326144499090062, 6.326144499125424, 6.32614449912353, 6.326144499130922, 6.326144499110874, 6.326144499072285, 6.331802088271519, 6.331802088230362, 6.331802088228705, 6.331802088236412, 6.3318020883088835, 6.3318020883004476, 6.331802088259873, 6.33180208825877, 6.331802088245768, 6.331802088336844, 6.3318020882515444, 6.331802088261413, 6.331802088262859, 6.3318020882640145, 6.331802088237394, 6.331802088271517, 6.3318020883117505, 6.331802088312476, 6.331802088305504, 6.33180208828236, 6.331802088242663, 6.342930509767976, 6.34293050976646, 6.342930509736929, 6.342930509777953, 6.34293050984649, 6.3429305098297535, 6.342930509762663, 6.342930509751429, 6.342930509743205, 6.342930509826205, 6.342930509763159, 6.34293050974731, 6.342930509753006, 6.34293050975256, 6.342930509723515, 6.3429305097679745, 6.342930509804078, 6.342930509804606, 6.342930509791225, 6.342930509769287, 6.342930509736453, 6.358444043127817, 6.3584440431665845, 6.35844404310251, 6.358444043164647, 6.358444043216273, 6.358444043184761, 6.358444043134037, 6.3584440431185065, 6.358444043122831, 6.358444043166769, 6.358444043130399, 6.358444043126479, 6.35844404312934, 6.358444043126309, 6.358444043098898, 6.35844404312781, 6.358444043150202, 6.358444043149406, 6.358444043140563, 6.358444043124783, 6.358444043101301, 6.371637343858127, 6.371637343918638, 6.371637343818857, 6.371637343889501, 6.371637343923223, 6.371637343876337, 6.371637343875643, 6.371637343862052, 6.371637343882149, 6.3716373438676115, 6.371637343862742, 6.3716373438900336, 6.371637343885213, 6.371637343879685, 6.371637343857451, 6.371637343858134, 6.371637343859496, 6.371637343856997, 6.371637343860836, 6.371637343854417, 6.371637343843063, 6.380600107138424, 6.38060010719957, 6.38060010706909, 6.380600107144264, 6.3806001071702845, 6.380600107114238, 6.380600107160367, 6.380600107151211, 6.380600107183163, 6.38060010711895, 6.38060010714568, 6.380600107192166, 6.380600107179688, 6.3806001071728735, 6.3806001071562415, 6.3806001071384255, 6.380600107118713, 6.380600107114528, 6.3806001071315865, 6.380600107133492, 6.380600107138252, 6.394306507045551, 6.3943065070979035, 6.394306506949798, 6.394306507031165, 6.39430650705987, 6.394306507003243, 6.394306507063205, 6.394306507054383, 6.394306507090255, 6.3943065070087695, 6.394306507057939, 6.39430650709545, 6.394306507080293, 6.394306507072355, 6.39430650705789, 6.394306507045551, 6.394306507014338, 6.394306507009587, 6.394306507032291, 6.394306507037456, 6.394306507059534, 6.416431474770719, 6.416431474815253, 6.41643147467347, 6.416431474758074, 6.416431474790047, 6.416431474737129, 6.416431474777711, 6.416431474762583, 6.416431474794335, 6.416431474735989, 6.416431474786539, 6.416431474795274, 6.416431474784106, 6.4164314747741935, 6.416431474756942, 6.416431474770718, 6.416431474744359, 6.416431474740816, 6.416431474758198, 6.4164314747604365, 6.4164314747954485, 6.4384094985549565, 6.438409498593001, 6.438409498488129, 6.438409498562576, 6.438409498586692, 6.438409498534313, 6.438409498548826, 6.438409498525424, 6.438409498547996, 6.438409498541922, 6.438409498566204, 6.438409498549754, 6.438409498547101, 6.438409498534463, 6.4384094985120015, 6.4384094985549565, 6.438409498548785, 6.438409498547929, 6.43840949855198, 6.438409498547811, 6.438409498585992, 6.4541493983670835, 6.454149398395851, 6.454149398348978, 6.454149398395604, 6.454149398397302, 6.454149398337084, 6.454149398349963, 6.454149398323734, 6.454149398338095, 6.454149398384561, 6.4541493983642235, 6.454149398347014, 6.454149398352817, 6.454149398336758, 6.454149398311482, 6.454149398367087, 6.4541493983857805, 6.4541493983888, 6.454149398379185, 6.4541493983698155, 6.454149398399898, 6.467747075821514, 6.467747075839038, 6.467747075845802, 6.467747075856063, 6.467747075830322, 6.467747075754924, 6.467747075799349, 6.46774707577831, 6.467747075790532, 6.467747075864166, 6.467747075801901, 6.46774707580866, 6.467747075818161, 6.467747075798283, 6.46774707577588, 6.467747075821509, 6.467747075854466, 6.467747075861806, 6.467747075846309, 6.467747075836353, 6.467747075853441, 6.485568349993458, 6.485568350004975, 6.4855683500362105, 6.4855683500193715, 6.485568349976423, 6.4855683498840895, 6.485568349973472, 6.485568349960741, 6.485568349977057, 6.485568350046805, 6.485568349966602, 6.485568349998352, 6.485568350004926, 6.485568349983024, 6.485568349969503, 6.48556834999346, 6.485568350019807, 6.48556835002967, 6.485568350019075, 6.485568350013976, 6.485568350025519, 6.508742474608411, 6.508742474625593, 6.50874247464436, 6.508742474624483, 6.5087424745833555, 6.508742474478061, 6.508742474597317, 6.508742474587848, 6.508742474610738, 6.508742474653199, 6.508742474591755, 6.508742474621727, 6.508742474620825, 6.508742474602024, 6.508742474600867, 6.508742474608402, 6.508742474609248, 6.508742474617394, 6.508742474618167, 6.5087424746216245, 6.508742474643127, 6.531828722176571, 6.531828722205917, 6.531828722188719, 6.531828722189071, 6.53182872216723, 6.531828722056206, 6.531828722179402, 6.531828722164252, 6.531828722189491, 6.531828722196194, 6.531828722181214, 6.531828722179862, 6.5318287221717775, 6.531828722161305, 6.531828722171227, 6.531828722176569, 6.531828722148454, 6.531828722151525, 6.531828722161815, 6.531828722172995, 6.531828722211575, 6.553105123263192, 6.5531051232939825, 6.553105123243054, 6.5531051232686774, 6.553105123275724, 6.553105123166332, 6.553105123279816, 6.553105123255376, 6.55310512327113, 6.553105123254575, 6.55310512328156, 6.553105123248102, 6.553105123236915, 6.553105123236399, 6.55310512325135, 6.553105123263194, 6.553105123224693, 6.553105123223421, 6.55310512323563, 6.553105123247804, 6.5531051232882085, 6.57597222674658, 6.575972226760088, 6.57597222669837, 6.575972226735532, 6.5759722267693075, 6.575972226666094, 6.575972226769153, 6.575972226742349, 6.575972226736996, 6.5759722267209675, 6.575972226759715, 6.5759722267210385, 6.575972226710693, 6.575972226719056, 6.575972226731845, 6.575972226746571, 6.575972226725557, 6.575972226722416, 6.575972226730358, 6.575972226735124, 6.57597222675013, 6.597199141599949, 6.597199141596763, 6.597199141547817, 6.597199141582515, 6.5971991416260956, 6.597199141529219, 6.597199141615991, 6.5971991415994795, 6.5971991415742055, 6.597199141574696, 6.59719914159839, 6.597199141578146, 6.597199141568506, 6.5971991415860085, 6.5971991415926015, 6.597199141599942, 6.597199141610331, 6.597199141603528, 6.597199141607695, 6.597199141601552, 6.597199141579718, 6.6135741580310015, 6.613574158034782, 6.6135741580049165, 6.613574158037463, 6.613574158065901, 6.613574157975599, 6.613574158030998, 6.6135741580337655, 6.613574158002769, 6.613574158021961, 6.613574158022264, 6.613574158023359, 6.613574158009924, 6.613574158038216, 6.613574158038397, 6.613574158031003, 6.613574158063955, 6.61357415804719, 6.613574158054502, 6.613574158039552, 6.613574157996341, 6.626059606652687, 6.626059606679719, 6.626059606657739, 6.626059606697653, 6.626059606696699, 6.62605960661836, 6.6260596066380675, 6.626059606660314, 6.626059606636416, 6.626059606667197, 6.626059606649876, 6.626059606662485, 6.626059606640326, 6.626059606679038, 6.626059606674502, 6.626059606652683, 6.626059606688772, 6.626059606658688, 6.626059606676555, 6.62605960665583, 6.626059606615693, 6.638464175142108, 6.638464175179592, 6.638464175150874, 6.638464175203422, 6.638464175181209, 6.638464175122622, 6.638464175124732, 6.63846417515988, 6.638464175142328, 6.638464175175651, 6.63846417515111, 6.638464175165421, 6.63846417513373, 6.638464175178674, 6.638464175171321, 6.638464175142101, 6.6384641751674085, 6.638464175128859, 6.638464175159089, 6.638464175133954, 6.638464175107895, 6.6540371690902, 6.6540371691104445, 6.654037169069672, 6.6540371691313975, 6.654037169109788, 6.654037169074809, 6.654037169081296, 6.65403716912112, 6.654037169097342, 6.654037169131249, 6.654037169107995, 6.65403716911668, 6.65403716908038, 6.654037169125357, 6.65403716911668, 6.654037169090201, 6.654037169102287, 6.654037169064488, 6.654037169102262, 6.6540371690735896, 6.654037169055605, 6.671392041479692, 6.671392041469303, 6.671392041421877, 6.671392041486645, 6.671392041481049, 6.6713920414671115, 6.671392041479986, 6.671392041518303, 6.671392041476451, 6.671392041517344, 6.671392041501374, 6.671392041495819, 6.67139204146289, 6.671392041503497, 6.671392041494786, 6.671392041479701, 6.671392041483164, 6.671392041451194, 6.671392041489293, 6.671392041459471, 6.671392041439895, 6.69049880263161, 6.690498802603558, 6.690498802558575, 6.690498802623907, 6.69049880262846, 6.6904988026294205, 6.690498802632084, 6.690498802666458, 6.690498802607199, 6.690498802659701, 6.690498802655496, 6.690498802629776, 6.690498802605551, 6.690498802641119, 6.690498802633334, 6.690498802631613, 6.69049880263017, 6.6904988026014465, 6.690498802636317, 6.69049880260948, 6.690498802588165, 6.71314466574001, 6.7131446657170475, 6.713144665681379, 6.713144665746945, 6.713144665739702, 6.713144665748723, 6.7131446657322575, 6.713144665763045, 6.713144665698995, 6.713144665757179, 6.713144665764406, 6.713144665727096, 6.713144665710579, 6.713144665741301, 6.713144665735288, 6.713144665740008, 6.713144665734006, 6.7131446657040135, 6.713144665738374, 6.713144665717576, 6.713144665701653, 6.73772164370624, 6.737721643698119, 6.737721643675262, 6.73772164373826, 6.737721643702368, 6.737721643711552, 6.737721643691134, 6.737721643719369, 6.737721643664356, 6.737721643715013, 6.737721643724777, 6.7377216436997704, 6.7377216436858305, 6.737721643708792, 6.737721643705577, 6.737721643706242, 6.737721643696064, 6.73772164366601, 6.737721643704194, 6.737721643689462, 6.73772164368265, 6.7593257390784816, 6.759325739079118, 6.75932573907027, 6.759325739125654, 6.759325739064886, 6.759325739065712, 6.759325739064736, 6.759325739089646, 6.75932573904998, 6.759325739083932, 6.7593257390829615, 6.759325739090357, 6.759325739075975, 6.759325739085915, 6.759325739086332, 6.759325739078488, 6.759325739067011, 6.759325739043271, 6.759325739084191, 6.759325739074541, 6.759325739074088, 6.774288306849439, 6.774288306848866, 6.774288306853435, 6.774288306897325, 6.774288306834127, 6.774288306822123, 6.774288306845702, 6.774288306862191, 6.774288306836887, 6.7742883068562945, 6.774288306837528, 6.774288306873772, 6.774288306862852, 6.7742883068552855, 6.77428830685902, 6.774288306849442, 6.774288306840163, 6.774288306828273, 6.7742883068627435, 6.774288306859746, 6.774288306860455, 6.782583078655211, 6.78258307864761, 6.782583078663823, 6.7825830786939685, 6.782583078655133, 6.782583078633734, 6.782583078664093, 6.782583078664007, 6.782583078650899, 6.782583078665788, 6.782583078632899, 6.782583078674076, 6.782583078676315, 6.78258307864876, 6.782583078654197, 6.78258307865522, 6.782583078649901, 6.782583078650994, 6.782583078666092, 6.782583078673945, 6.782583078671578, 6.784300636946562, 6.784300636931382, 6.784300636957133, 6.784300636971145, 6.78430063696986, 6.7843006369474415, 6.784300636964656, 6.784300636943228, 6.784300636942968, 6.784300636960758, 6.7843006369227, 6.784300636947487, 6.784300636971172, 6.784300636923758, 6.784300636928911, 6.784300636946562, 6.784300636945711, 6.784300636956549, 6.7843006369435725, 6.7843006369659475, 6.784300636958476, 6.781645460289595, 6.781645460270546, 6.781645460304185, 6.781645460300057, 6.7816454603263345, 6.781645460309062, 6.781645460310328, 6.781645460272572, 6.78164546028653, 6.781645460305048, 6.781645460269398, 6.781645460275961, 6.781645460321162, 6.781645460257909, 6.7816454602615535, 6.781645460289587, 6.781645460294123, 6.781645460308416, 6.781645460268508, 6.781645460305397, 6.781645460294126, 6.780374409402291, 6.780374409384848, 6.780374409424516, 6.780374409403921, 6.780374409432379, 6.780374409420554, 6.780374409419337, 6.780374409378076, 6.780374409404908, 6.780374409414663, 6.780374409385621, 6.780374409387787, 6.780374409445513, 6.780374409374726, 6.780374409377589, 6.780374409402296, 6.78037440941305, 6.780374409423716, 6.7803744093680525, 6.780374409415086, 6.780374409405274, 6.783464241223626, 6.783464241211668, 6.783464241252956, 6.783464241223621, 6.783464241232836, 6.783464241224106, 6.783464241233159, 6.7834642412000115, 6.783464241236227, 6.78346424122829, 6.783464241207514, 6.783464241218291, 6.783464241275346, 6.7834642412084785, 6.783464241213037, 6.783464241223635, 6.7834642412396615, 6.783464241240879, 6.783464241186227, 6.783464241236299, 6.783464241234975, 6.789957369178592, 6.789957369171502, 6.789957369207353, 6.789957369179983, 6.789957369167692, 6.789957369162588, 6.78995736917961, 6.78995736915811, 6.789957369199723, 6.789957369172865, 6.789957369159901, 6.789957369179734, 6.789957369225321, 6.78995736917426, 6.789957369182795, 6.789957369178574, 6.789957369197046, 6.789957369186122, 6.78995736914725, 6.789957369193663, 6.789957369204857, 6.798120212566879, 6.798120212559959, 6.798120212583558, 6.798120212565529, 6.798120212547897, 6.798120212551402, 6.7981202125597315, 6.798120212546686, 6.798120212589711, 6.798120212551905, 6.79812021254464, 6.798120212562648, 6.798120212592876, 6.798120212565408, 6.798120212577669, 6.798120212566892, 6.798120212585024, 6.798120212562968, 6.79812021254626, 6.79812021258473, 6.798120212606544, 6.805903966081084, 6.805903966070084, 6.805903966078456, 6.805903966069517, 6.80590396606458, 6.805903966083065, 6.805903966067133, 6.805903966058216, 6.805903966099167, 6.805903966062596, 6.805903966058052, 6.80590396606299, 6.805903966080718, 6.805903966076766, 6.805903966088973, 6.805903966081081, 6.8059039660978025, 6.805903966068376, 6.805903966070575, 6.805903966099234, 6.805903966125458, 6.812789603600843, 6.812789603586465, 6.812789603582341, 6.8127896035765865, 6.812789603586446, 6.8127896036234805, 6.8127896035829965, 6.812789603576475, 6.812789603613641, 6.8127896035869595, 6.812789603583138, 6.812789603573275, 6.8127896035845215, 6.812789603595621, 6.812789603602547, 6.8127896036008515, 6.8127896036163555, 6.8127896035839255, 6.812789603597016, 6.812789603614489, 6.812789603639095, 6.819495540276185, 6.81949554026398, 6.819495540254217, 6.8194955402448185, 6.819495540255777, 6.819495540309686, 6.819495540258969, 6.819495540255098, 6.819495540288871, 6.819495540272771, 6.819495540270337, 6.819495540253464, 6.819495540263358, 6.819495540277262, 6.819495540275198, 6.8194955402761925, 6.8194955402907755, 6.819495540258605, 6.819495540276125, 6.819495540280344, 6.819495540300781, 6.824537808359931, 6.824537808355238, 6.824537808346191, 6.824537808329794, 6.824537808330013, 6.8245378083940755, 6.824537808347733, 6.824537808346589, 6.824537808377294, 6.824537808367151, 6.824537808368493, 6.824537808353959, 6.824537808364422, 6.824537808371795, 6.824537808360308, 6.824537808359927, 6.824537808373257, 6.824537808343568, 6.824537808363126, 6.824537808352498, 6.824537808368907, 6.827118500012306, 6.827118500014785, 6.8271185000093535, 6.827118499987659, 6.827118499982159, 6.827118500045973, 6.82711850000689, 6.827118500007726, 6.827118500033099, 6.827118500024673, 6.827118500031666, 6.827118500023086, 6.827118500032458, 6.827118500031526, 6.827118500013133, 6.827118500012299, 6.8271185000241745, 6.82711849999903, 6.827118500020745, 6.827118499995962, 6.827118500008086, 6.8293853214972735, 6.8293853215015, 6.8293853214998474, 6.829385321477573, 6.829385321482949, 6.82938532153559, 6.82938532149659, 6.829385321499184, 6.829385321514462, 6.829385321506785, 6.82938532151975, 6.82938532151468, 6.829385321518977, 6.829385321514961, 6.829385321493856, 6.829385321497283, 6.829385321508611, 6.829385321489556, 6.829385321513501, 6.829385321478298, 6.8293853214842635, 6.832065351058986, 6.832065351061078, 6.832065351063193, 6.832065351043389, 6.8320653510692715, 6.83206535110302, 6.832065351058937, 6.832065351064344, 6.832065351065864, 6.832065351059043, 6.83206535107762, 6.832065351072581, 6.832065351068221, 6.832065351067879, 6.832065351048717, 6.832065351058992, 6.832065351070556, 6.832065351057091, 6.832065351082971, 6.832065351043329, 6.832065351042146, 6.8344806864695, 6.834480686471277, 6.834480686477767, 6.834480686458562, 6.834480686498365, 6.834480686510452, 6.834480686467834, 6.834480686477047, 6.834480686465521, 6.834480686458056, 6.834480686481574, 6.834480686476144, 6.834480686463051, 6.8344806864685355, 6.834480686455514, 6.834480686469502, 6.834480686479723, 6.834480686469324, 6.834480686496898, 6.834480686459514, 6.834480686453496, 6.836884577424623, 6.836884577430094, 6.836884577441642, 6.836884577417724, 6.836884577455994, 6.836884577447803, 6.836884577423019, 6.83688457743566, 6.836884577415028, 6.836884577405275, 6.836884577431288, 6.8368845774282185, 6.836884577410727, 6.836884577417598, 6.836884577413777, 6.836884577424622, 6.836884577429843, 6.836884577420016, 6.836884577448473, 6.8368845774192915, 6.836884577412215, 6.8386962399237845, 6.838696239933015, 6.838696239949861, 6.838696239917397, 6.838696239942231, 6.838696239918068, 6.838696239925554, 6.838696239940503, 6.838696239913946, 6.838696239903729, 6.838696239927444, 6.838696239928275, 6.838696239913242, 6.838696239914951, 6.838696239921081, 6.838696239923782, 6.838696239921615, 6.838696239911813, 6.8386962399380655, 6.838696239920977, 6.838696239914444, 6.83902363115475, 6.839023631163106, 6.839023631184614, 6.839023631146259, 6.839023631154688, 6.8390236311212185, 6.839023631161199, 6.839023631176552, 6.839023631145612, 6.839023631140074, 6.839023631157105, 6.839023631157973, 6.839023631151238, 6.839023631145561, 6.839023631159557, 6.839023631154755, 6.839023631146876, 6.839023631138495, 6.839023631157075, 6.83902363115314, 6.839023631145253, 6.83905259179216, 6.8390525917949665, 6.839052591818697, 6.83905259178443, 6.839052591779693, 6.839052591744782, 6.839052591801758, 6.839052591813603, 6.839052591781581, 6.839052591783709, 6.839052591793901, 6.839052591786983, 6.839052591790194, 6.839052591781408, 6.839052591799296, 6.8390525917921545, 6.8390525917834, 6.839052591778062, 6.839052591784394, 6.839052591791278, 6.839052591779471, 6.840234815239601, 6.840234815236209, 6.840234815257838, 6.840234815239582, 6.840234815225615, 6.840234815196084, 6.8402348152505645, 6.8402348152534085, 6.840234815227607, 6.840234815233497, 6.840234815240803, 6.840234815221907, 6.840234815231916, 6.840234815226168, 6.840234815244307, 6.8402348152396035, 6.84023481523396, 6.840234815232316, 6.8402348152268795, 6.84023481523932, 6.840234815223747, 6.842424920585721, 6.842424920578746, 6.842424920593877, 6.842424920597106, 6.842424920576217, 6.842424920555731, 6.84242492059731, 6.842424920588786, 6.842424920576408, 6.84242492057812, 6.842424920585851, 6.842424920560449, 6.842424920571779, 6.842424920571067, 6.842424920587988, 6.842424920585723, 6.842424920583911, 6.8424249205857715, 6.842424920574745, 6.842424920586404, 6.842424920569613, 6.844900507421658, 6.844900507413695, 6.8449005074207285, 6.844900507440334, 6.844900507414649, 6.844900507403938, 6.844900507433164, 6.844900507417136, 6.844900507419659, 6.844900507412762, 6.844900507419838, 6.844900507399901, 6.84490050740831, 6.84490050740941, 6.844900507425601, 6.844900507421657, 6.8449005074217375, 6.844900507426788, 6.844900507417854, 6.8449005074239215, 6.844900507408458, 6.846784031031376, 6.846784031024398, 6.846784031025163, 6.846784031049718, 6.846784031022367, 6.846784031021626, 6.846784031040846, 6.846784031024361, 6.846784031037368, 6.8467840310252415, 6.846784031027823, 6.8467840310214685, 6.846784031025912, 6.846784031024586, 6.846784031040543, 6.846784031031384, 6.846784031030763, 6.846784031038738, 6.846784031035803, 6.8467840310349475, 6.846784031022521, 6.8475027853198425, 6.847502785315995, 6.847502785313133, 6.847502785332668, 6.847502785309036, 6.8475027853193104, 6.8475027853248776, 6.847502785312499, 6.847502785329486, 6.84750278532076, 6.847502785316488, 6.847502785321307, 6.847502785323398, 6.847502785318535, 6.847502785333233, 6.847502785319837, 6.847502785316988, 6.847502785327615, 6.847502785328893, 6.847502785322994, 6.847502785314852, 6.847264443113886, 6.847264443114329, 6.847264443108967, 6.8472644431193554, 6.847264443106349, 6.8472644431279885, 6.847264443113248, 6.8472644431056535, 6.847264443120764, 6.847264443122924, 6.8472644431128105, 6.847264443119734, 6.847264443121487, 6.8472644431154155, 6.847264443126658, 6.8472644431138825, 6.847264443108987, 6.8472644431217695, 6.84726444312247, 6.847264443114897, 6.847264443111869, 6.846459439136705, 6.846459439140819, 6.84645943913203, 6.846459439134364, 6.846459439136177, 6.846459439166244, 6.846459439131305, 6.846459439128121, 6.846459439136984, 6.846459439150966, 6.846459439138209, 6.846459439140823, 6.846459439142948, 6.846459439138593, 6.846459439144853, 6.846459439136705, 6.846459439131201, 6.846459439144971, 6.84645943914196, 6.8464594391353675, 6.846459439138091, 6.845713862344166, 6.845713862350673, 6.84571386233676, 6.845713862334729, 6.84571386234844, 6.845713862380562, 6.8457138623368, 6.84571386233846, 6.845713862339048, 6.845713862358462, 6.845713862346654, 6.8457138623462965, 6.845713862348243, 6.845713862346565, 6.845713862347869, 6.845713862344159, 6.845713862339738, 6.8457138623522855, 6.845713862346412, 6.845713862341823, 6.845713862351164, 6.845614585678216, 6.845614585687264, 6.845614585667467, 6.845614585665679, 6.845614585681423, 6.8456145857090975, 6.845614585672305, 6.845614585678496, 6.84561458567196, 6.845614585687505, 6.845614585679945, 6.845614585681642, 6.84561458568283, 6.845614585683234, 6.845614585680636, 6.845614585678209, 6.84561458567581, 6.845614585684716, 6.845614585678953, 6.845614585676216, 6.845614585693159, 6.846095032469374, 6.846095032481593, 6.846095032457159, 6.846095032459595, 6.846095032467865, 6.846095032488047, 6.846095032466897, 6.8460950324754535, 6.846095032464708, 6.8460950324710454, 6.846095032469909, 6.846095032475123, 6.846095032475948, 6.84609503247793, 6.846095032472553, 6.846095032469381, 6.846095032469364, 6.846095032473522, 6.846095032469097, 6.84609503246815, 6.846095032491814, 6.847117994374623, 6.84711799438837, 6.8471179943630975, 6.84711799437102, 6.847117994369419, 6.8471179943830895, 6.847117994374978, 6.847117994383263, 6.847117994370447, 6.847117994369936, 6.8471179943744005, 6.847117994379115, 6.847117994381003, 6.847117994384419, 6.847117994377444, 6.847117994374627, 6.847117994377108, 6.847117994378004, 6.84711799437268, 6.847117994373952, 6.847117994399923, 6.8487090444205085, 6.848709044431636, 6.848709044410626, 6.8487090444219145, 6.8487090444146945, 6.8487090444245515, 6.848709044421727, 6.8487090444281895, 6.84870904441414, 6.848709044413852, 6.848709044419846, 6.84870904441946, 6.848709044423589, 6.848709044427292, 6.848709044420759, 6.8487090444205165, 6.848709044424587, 6.848709044425583, 6.848709044416308, 6.8487090444203735, 6.8487090444418905, 6.850352313760976, 6.850352313766476, 6.850352313753495, 6.850352313764767, 6.850352313755803, 6.850352313763512, 6.850352313762027, 6.850352313765764, 6.850352313752387, 6.850352313757048, 6.850352313759762, 6.850352313754497, 6.850352313760751, 6.850352313761888, 6.85035231375865, 6.850352313760977, 6.850352313763897, 6.850352313767934, 6.850352313755015, 6.850352313761628, 6.85035231377375, 6.851472532295403, 6.851472532295868, 6.851472532291649, 6.8514725323008445, 6.851472532289661, 6.851472532294977, 6.851472532296833, 6.851472532296914, 6.8514725322882875, 6.85147253229625, 6.851472532293321, 6.851472532288414, 6.851472532295266, 6.851472532290684, 6.851472532293172, 6.851472532295408, 6.851472532293765, 6.851472532301687, 6.85147253228946, 6.851472532297108, 6.851472532298936, 6.851849087946988, 6.851849087944586, 6.851849087947724, 6.851849087954765, 6.851849087939358, 6.851849087941305, 6.851849087949166, 6.8518490879455936, 6.851849087944866, 6.851849087951278, 6.851849087943774, 6.851849087944382, 6.851849087949774, 6.851849087938988, 6.851849087947561, 6.851849087947003, 6.851849087939759, 6.851849087950527, 6.851849087943307, 6.851849087949975, 6.851849087943103, 6.851793956329916, 6.851793956325659, 6.851793956333914, 6.8517939563397805, 6.851793956321643, 6.851793956319966, 6.851793956331699, 6.851793956326207, 6.851793956332314, 6.851793956334554, 6.851793956325498, 6.851793956331843, 6.851793956334429, 6.851793956320903, 6.851793956333347, 6.851793956329909, 6.8517939563199315, 6.851793956331808, 6.85179395632995, 6.851793956334223, 6.851793956320471, 6.851950223058184, 6.851950223052485, 6.851950223063118, 6.85195022306885, 6.851950223052412, 6.851950223048577, 6.85195022305826, 6.851950223052825, 6.851950223061549, 6.851950223060602, 6.851950223053378, 6.851950223060525, 6.8519502230602285, 6.8519502230495855, 6.851950223061989, 6.851950223058175, 6.851950223049807, 6.851950223061027, 6.851950223061439, 6.851950223063016, 6.851950223044833, 6.852493699902913, 6.8524936998976145, 6.852493699907117, 6.852493699912966, 6.852493699901589, 6.852493699897584, 6.852493699901895, 6.852493699897405, 6.85249369990479, 6.8524936999023724, 6.852493699899395, 6.852493699902195, 6.852493699900003, 6.852493699896019, 6.852493699904813, 6.852493699902923, 6.852493699898531, 6.852493699907262, 6.852493699907241, 6.852493699906682, 6.852493699888302, 6.853113063764732, 6.853113063762282, 6.853113063767345, 6.853113063771898, 6.853113063766222, 6.853113063763084, 6.853113063764729, 6.8531130637617395, 6.853113063765666, 6.853113063762091, 6.85311306376397, 6.853113063761705, 6.85311306375871, 6.8531130637612065, 6.853113063764629, 6.853113063764739, 6.853113063763686, 6.853113063768399, 6.853113063768013, 6.8531130637659246, 6.853113063752267, 6.853386950418693, 6.8533869504197815, 6.85338695041922, 6.8533869504196305, 6.853386950419639, 6.85338695041713, 6.853386950420887, 6.85338695042086, 6.8533869504201235, 6.853386950415485, 6.853386950420945, 6.8533869504168194, 6.853386950413495, 6.853386950419644, 6.853386950418072, 6.853386950418698, 6.853386950419103, 6.853386950419341, 6.853386950420164, 6.8533869504169616, 6.8533869504109255, 6.85313365708452, 6.853133657088293, 6.85313365708338, 6.853133657077844, 6.85313365708382, 6.853133657081672, 6.853133657087616, 6.853133657091841, 6.853133657086447, 6.853133657081693, 6.853133657089104, 6.8531336570854196, 6.853133657081582, 6.853133657089432, 6.853133657084311, 6.853133657084521, 6.853133657085296, 6.853133657081898, 6.853133657084401, 6.8531336570804555, 6.853133657082119, 6.852730087499113, 6.85273008750429, 6.852730087497811, 6.852730087487397, 6.852730087499207, 6.852730087497788, 6.852730087500432, 6.852730087508251, 6.852730087500157, 6.852730087496618, 6.85273008750516, 6.852730087500882, 6.852730087496164, 6.852730087505675, 6.852730087498679, 6.8527300874991015, 6.852730087500069, 6.852730087494711, 6.852730087497965, 6.8527300874935575, 6.852730087501153, 6.852611081532634, 6.852611081537755, 6.852611081532557, 6.852611081520426, 6.852611081536235, 6.852611081535622, 6.852611081530477, 6.852611081539858, 6.852611081532177, 6.852611081530125, 6.852611081538958, 6.852611081533242, 6.85261108152752, 6.852611081538541, 6.852611081531299, 6.852611081532638, 6.852611081534037, 6.852611081528532, 6.852611081531494, 6.852611081526747, 6.852611081537341, 6.8528310817988425]
Total optimisation time observed during ADAM optimization: 115.499688 seconds
Median time per evaluation during ADAM optimization: 1.149019 seconds
6.8528310817988425
QAOA optimisation for n=9 took 122.31 seconds; started at 1777584517.864317 and finished at 1777584640.178377
Finished QAOA for n=10 nodes, m=15 edges at 2026-04-30 23:30:40 on Apple M4. Time taken: 122.31 seconds. Hours: 0.03 hours. Peak RAM: 368.59 MB.
Unknown graph type for approximation ratio calculation; skipping approx ratio computation.
CSV writing for n=9 took 0.00 seconds; started at 1777584640.17838 and finished at 1777584640.17904
results: {9: 6.8528310817988425}
durations: {10: 122.3140640258789}
Results saved to: logs/adam/qaoa_results_adam_20260430_200911.csv
Global end time: 1777584640.1790469
Finalisation time: 0.00 seconds; started at 1777584640.179043 and finished at 1777584640.179049
Sum of all section times: 122.40 seconds
