2026-04-30 22:22:46.167 system_profiler[80817:1441333] hw.cpufamily: 0x6f5129ac
Starting QAOA benchmark with global start time: 1777580566.1041741
Benchmark parameters: {'optimiser': 'adam', 'circuit_type': 'hamqaoa', 'parameter_vector': [1, 1, 1], 'iterations_list': [50, 100, 200, 500], 'learning_rate_adam': 0.05, 'depth_list': [1, 2, 5, 10], 'n_start': 0, 'n_end': 30, 'singlet_injection': False, 'start_index_singlet': 0, 'warm_start': True, 'compare_with_010101': False, 'warm_start_correlations': False, 'init_QAOAparams_close_to_zero': False, 'use_correlations_as_initial_params': False, 'time_limit': 10800, 'failed_instance_termination_thrsh': 10, 'graph_generation_type': 'HOG', 'weighted': False, 'easiest_first': True, 'cpu_util_threshold': 90, 'debug': False, 'save_circuit_svg': False, 'rerun_exclude_finished_instances': False, 'optimiser_debug_iterations': 1, 'relative_graph_adjList_path': '/Users/julian_dev/Projects/MasterThesis/QAOA/HOG_graphs/list_27_graphs_adjacency_list.txt'}, Running QAOA with equal superposition
Benchmark run ID: 5525bfd7
Processor: Apple M4
Hostname: Mac-mini-som-tillhor-Julian.local
Total RAM (GB): 16.0
Physical cores: 10
Logical cores: 10
Python version: 3.13.1
Initialisation time: 0.08 seconds; started at {'initialisation': 0.0816807746887207} and finished at 1777580566.185864
Loaded HOG graph index 24 with 15 edges.
Instance generation for n=24 took 0.00 seconds; started at 1777580566.185869 and finished at 1777580566.186166
Running QAOA for n=10 nodes, m=15 edges...; Max iterations: 500
Warm-start: using parameter_vector=[1, 1, 1]
Warm-start: starting SDP solve for n_vertices=10
Starting SDP solve (solver preference: MOSEK, fallback: SCS) for n_vertices=10, matrix_dim=30, edges=15
Finished SDP solve with MOSEK. status=optimal. elapsed_seconds=0.07
Rounding...
n_vertices: 10 for n = 30
Using seed None to generate random matrix for x.
r_0: [-0.43619195 -0.12566774  0.89103547]
Product state qubit 0: [[ 0.94551773+0.j         -0.21809598+0.06283387j]
 [-0.21809598-0.06283387j  0.05448227+0.j        ]]
Diagonal entries of product state 0: [0.94551773 0.05448227]
r_1: [ 0.43619182  0.12566892 -0.89103536]
Product state qubit 1: [[0.05448232+0.j         0.21809591-0.06283446j]
 [0.21809591+0.06283446j 0.94551768+0.j        ]]
Diagonal entries of product state 1: [0.05448232 0.94551768]
r_2: [-0.05757211  0.2026008  -0.97756758]
Product state qubit 2: [[ 0.01121621+0.j        -0.02878606-0.1013004j]
 [-0.02878606+0.1013004j  0.98878379+0.j       ]]
Diagonal entries of product state 2: [0.01121621 0.98878379]
r_3: [ 0.74028572  0.04487281 -0.67079317]
Product state qubit 3: [[0.16460341+0.j        0.37014286-0.0224364j]
 [0.37014286+0.0224364j 0.83539659+0.j       ]]
Diagonal entries of product state 3: [0.16460341 0.83539659]
r_4: [-0.85406342  0.19928656 -0.48047949]
Product state qubit 4: [[ 0.25976026+0.j         -0.42703171-0.09964328j]
 [-0.42703171+0.09964328j  0.74023974+0.j        ]]
Diagonal entries of product state 4: [0.25976026 0.74023974]
r_5: [ 0.97396774 -0.07476858 -0.21400115]
Product state qubit 5: [[0.39299942+0.j         0.48698387+0.03738429j]
 [0.48698387-0.03738429j 0.60700058+0.j        ]]
Diagonal entries of product state 5: [0.39299942 0.60700058]
r_6: [ 0.88080322 -0.19288938  0.43241112]
Product state qubit 6: [[0.71620556+0.j         0.44040161+0.09644469j]
 [0.44040161-0.09644469j 0.28379444+0.j        ]]
Diagonal entries of product state 6: [0.71620556 0.28379444]
r_7: [-0.98032545  0.08247274  0.17933281]
Product state qubit 7: [[ 0.5896664 +0.j         -0.49016273-0.04123637j]
 [-0.49016273+0.04123637j  0.4103336 +0.j        ]]
Diagonal entries of product state 7: [0.5896664 0.4103336]
r_8: [-0.43620409 -0.12566645  0.8910297 ]
Product state qubit 8: [[ 0.94551485+0.j         -0.21810205+0.06283323j]
 [-0.21810205-0.06283323j  0.05448515+0.j        ]]
Diagonal entries of product state 8: [0.94551485 0.05448515]
r_9: [-0.43619147 -0.12566934  0.89103548]
Product state qubit 9: [[ 0.94551774+0.j         -0.21809573+0.06283467j]
 [-0.21809573-0.06283467j  0.05448226+0.j        ]]
Diagonal entries of product state 9: [0.94551774 0.05448226]
y_scalar: False
[1, -1, -1, -1, -1, -1, 1, 1, 1, 1]
Hamiltonian equals product state? [[False False False False]
 [False False False False]
 [False False False False]
 [False False False False]]
Hamiltonian: [[ 0. +0.j  0. +0.j  0. +0.j  0. +0.j]
 [ 0. +0.j  0.5+0.j -0.5+0.j  0. +0.j]
 [ 0. +0.j -0.5+0.j  0.5+0.j  0. +0.j]
 [ 0. +0.j  0. +0.j  0. +0.j  0. +0.j]], product state: [[ 0.15563545+0.j         -0.0358993 +0.0103428j   0.34997664-0.02121402j
  -0.07931679+0.02815109j]
 [-0.0358993 -0.0103428j   0.00896797+0.j         -0.08213636-0.01836452j
   0.02016622-0.00122239j]
 [ 0.34997664+0.02121402j -0.08213636+0.01836452j  0.78988229+0.j
  -0.18219643+0.05249187j]
 [-0.07931679-0.02815109j  0.02016622+0.00122239j -0.18219643-0.05249187j
   0.0455143 +0.j        ]]
Hamiltonian equals product state? [[False False False False]
 [False False False False]
 [False False False False]
 [False False False False]]
Hamiltonian: [[ 0. +0.j  0. +0.j  0. +0.j  0. +0.j]
 [ 0. +0.j  0.5+0.j -0.5+0.j  0. +0.j]
 [ 0. +0.j -0.5+0.j  0.5+0.j  0. +0.j]
 [ 0. +0.j  0. +0.j  0. +0.j  0. +0.j]], product state: [[ 0.051514  +0.00000000e+00j  0.20621355-5.94110968e-02j
  -0.01188237+3.42333492e-03j -0.04361771+2.74077530e-02j]
 [ 0.20621355+5.94110968e-02j  0.89400373+0.00000000e+00j
  -0.05151397-1.33001404e-07j -0.2062136 +5.94105344e-02j]
 [-0.01188237-3.42333492e-03j -0.05151397+1.33001404e-07j
   0.00296832+0.00000000e+00j  0.01188236-3.42336387e-03j]
 [-0.04361771-2.74077530e-02j -0.2062136 -5.94105344e-02j
   0.01188236+3.42336387e-03j  0.05151395+0.00000000e+00j]]
Hamiltonian equals product state? [[False False False False]
 [False False False False]
 [False False False False]
 [False False False False]]
Hamiltonian: [[ 0. +0.j  0. +0.j  0. +0.j  0. +0.j]
 [ 0. +0.j  0.5+0.j -0.5+0.j  0. +0.j]
 [ 0. +0.j -0.5+0.j  0.5+0.j  0. +0.j]
 [ 0. +0.j  0. +0.j  0. +0.j  0. +0.j]], product state: [[ 0.37158679+0.j         -0.08571398+0.02469342j  0.46045048+0.0353474j
  -0.10856115+0.02244518j]
 [-0.08571398-0.02469342j  0.02141263+0.j         -0.1038632 -0.03875236j
   0.02653339+0.00203689j]
 [ 0.46045048-0.0353474j  -0.1038632 +0.03875236j  0.57392806+0.j
  -0.13238807+0.0381398j ]
 [-0.10856115-0.02244518j  0.02653339-0.00203689j -0.13238807-0.0381398j
   0.03307252+0.j        ]]
Hamiltonian equals product state? [[False False False False]
 [False False False False]
 [False False False False]
 [False False False False]]
Hamiltonian: [[ 0. +0.j  0. +0.j  0. +0.j  0. +0.j]
 [ 0. +0.j  0.5+0.j -0.5+0.j  0. +0.j]
 [ 0. +0.j -0.5+0.j  0.5+0.j  0. +0.j]
 [ 0. +0.j  0. +0.j  0. +0.j  0. +0.j]], product state: [[ 0.00803311+0.j          0.00493964+0.00108174j -0.02061673-0.07255191j
  -0.00290754-0.04738912j]
 [ 0.00493964-0.00108174j  0.0031831 +0.j         -0.02244731-0.0418366j
  -0.00816932-0.02874849j]
 [-0.02061673+0.07255191j -0.02244731+0.0418366j   0.70817245+0.j
   0.43546197+0.09536294j]
 [-0.00290754+0.04738912j -0.00816932+0.02874849j  0.43546197-0.09536294j
   0.28061134+0.j        ]]
Hamiltonian equals product state? [[False False False False]
 [False False False False]
 [False False False False]
 [False False False False]]
Hamiltonian: [[ 0. +0.j  0. +0.j  0. +0.j  0. +0.j]
 [ 0. +0.j  0.5+0.j -0.5+0.j  0. +0.j]
 [ 0. +0.j -0.5+0.j  0.5+0.j  0. +0.j]
 [ 0. +0.j  0. +0.j  0. +0.j  0. +0.j]], product state: [[ 0.051514  +0.00000000e+00j -0.01188236+3.42337862e-03j
   0.20621355-5.94110971e-02j -0.04361761+2.74079128e-02j]
 [-0.01188236-3.42337862e-03j  0.00296832+0.00000000e+00j
  -0.05151397-5.71187185e-08j  0.01188236-3.42336355e-03j]
 [ 0.20621355+5.94110971e-02j -0.05151397+5.71187185e-08j
   0.89400374+0.00000000e+00j -0.20621337+5.94112929e-02j]
 [-0.04361761-2.74079128e-02j  0.01188236+3.42336355e-03j
  -0.20621337-5.94112929e-02j  0.05151394+0.00000000e+00j]]
Hamiltonian equals product state? [[False False False False]
 [False False False False]
 [False False False False]
 [False False False False]]
Hamiltonian: [[ 0. +0.j  0. +0.j  0. +0.j  0. +0.j]
 [ 0. +0.j  0.5+0.j -0.5+0.j  0. +0.j]
 [ 0. +0.j -0.5+0.j  0.5+0.j  0. +0.j]
 [ 0. +0.j  0. +0.j  0. +0.j  0. +0.j]], product state: [[ 0.23173856+0.j         -0.19263367-0.01620587j  0.28715803+0.02204426j
  -0.23715975-0.03840583j]
 [-0.19263367+0.01620587j  0.16126087+0.j         -0.24024293+0.00175706j
   0.19982584+0.01534003j]
 [ 0.28715803-0.02204426j -0.24024293-0.00175706j  0.35792785+0.j
  -0.29752906-0.0250305j ]
 [-0.23715975+0.03840583j  0.19982584-0.01534003j -0.29752906+0.0250305j
   0.24907273+0.j        ]]
Hamiltonian equals product state? [[False False False False]
 [False False False False]
 [False False False False]
 [False False False False]]
Hamiltonian: [[ 0. +0.j  0. +0.j  0. +0.j  0. +0.j]
 [ 0. +0.j  0.5+0.j -0.5+0.j  0. +0.j]
 [ 0. +0.j -0.5+0.j  0.5+0.j  0. +0.j]
 [ 0. +0.j  0. +0.j  0. +0.j  0. +0.j]], product state: [[ 1.06051264e-02+0.j         -2.44620777e-03+0.00070477j
  -2.72177267e-02-0.09578132j  1.26432933e-02+0.02028442j]
 [-2.44620777e-03-0.00070477j  6.11084546e-04+0.j
  -8.70611575e-05+0.02390195j -1.56832946e-03-0.00551907j]
 [-2.72177267e-02+0.09578132j -8.70611575e-05-0.02390195j
   9.34912611e-01+0.j         -2.15649526e-01+0.0621299j ]
 [ 1.26432933e-02-0.02028442j -1.56832946e-03+0.00551907j
  -2.15649526e-01-0.0621299j   5.38711776e-02+0.j        ]]
Hamiltonian equals product state? [[False False False False]
 [False False False False]
 [False False False False]
 [False False False False]]
Hamiltonian: [[ 0. +0.j  0. +0.j  0. +0.j  0. +0.j]
 [ 0. +0.j  0.5+0.j -0.5+0.j  0. +0.j]
 [ 0. +0.j -0.5+0.j  0.5+0.j  0. +0.j]
 [ 0. +0.j  0. +0.j  0. +0.j  0. +0.j]], product state: [[ 0.15563545+0.j          0.34997664-0.02121402j -0.03589934+0.01034267j
  -0.0793169 +0.0281508j ]
 [ 0.34997664+0.02121402j  0.78988229+0.j         -0.08213643+0.01836422j
  -0.18219663+0.0524912j ]
 [-0.03589934-0.01034267j -0.08213643-0.01836422j  0.00896797+0.j
   0.02016622-0.00122239j]
 [-0.0793169 -0.0281508j  -0.18219663-0.0524912j   0.02016622+0.00122239j
   0.0455143 +0.j        ]]
Hamiltonian equals product state? [[False False False False]
 [False False False False]
 [False False False False]
 [False False False False]]
Hamiltonian: [[ 0. +0.j  0. +0.j  0. +0.j  0. +0.j]
 [ 0. +0.j  0.5+0.j -0.5+0.j  0. +0.j]
 [ 0. +0.j -0.5+0.j  0.5+0.j  0. +0.j]
 [ 0. +0.j  0. +0.j  0. +0.j  0. +0.j]], product state: [[ 0.18604174+0.j          0.11439883+0.0250525j  -0.30584249-0.07136507j
  -0.17845539-0.085068j  ]
 [ 0.11439883-0.0250525j   0.07371852+0.j         -0.19767552-0.00269812j
  -0.12118923-0.02827821j]
 [-0.30584249+0.07136507j -0.19767552+0.00269812j  0.53016382+0.j
   0.32600277+0.07139219j]
 [-0.17845539+0.085068j   -0.12118923+0.02827821j  0.32600277-0.07139219j
   0.21007592+0.j        ]]
Hamiltonian equals product state? [[False False False False]
 [False False False False]
 [False False False False]
 [False False False False]]
Hamiltonian: [[ 0. +0.j  0. +0.j  0. +0.j  0. +0.j]
 [ 0. +0.j  0.5+0.j -0.5+0.j  0. +0.j]
 [ 0. +0.j -0.5+0.j  0.5+0.j  0. +0.j]
 [ 0. +0.j  0. +0.j  0. +0.j  0. +0.j]], product state: [[ 0.05151384+0.00000000e+00j -0.01188271+3.42329990e-03j
   0.20621292-5.94109158e-02j -0.04361907+2.74079942e-02j]
 [-0.01188271-3.42329990e-03j  0.00296848+0.00000000e+00j
  -0.05151526+6.54567830e-07j  0.01188299-3.42354488e-03j]
 [ 0.20621292+5.94109158e-02j -0.05151526-6.54567830e-07j
   0.89400101+0.00000000e+00j -0.20621934+5.94099267e-02j]
 [-0.04361907-2.74079942e-02j  0.01188299+3.42354488e-03j
  -0.20621934-5.94099267e-02j  0.05151667+0.00000000e+00j]]
Hamiltonian equals product state? [[False False False False]
 [False False False False]
 [False False False False]
 [False False False False]]
Hamiltonian: [[ 0. +0.j  0. +0.j  0. +0.j  0. +0.j]
 [ 0. +0.j  0.5+0.j -0.5+0.j  0. +0.j]
 [ 0. +0.j -0.5+0.j  0.5+0.j  0. +0.j]
 [ 0. +0.j  0. +0.j  0. +0.j  0. +0.j]], product state: [[ 0.10208563+0.j          0.12649906+0.00971095j -0.16782322-0.03915975j
  -0.20423246-0.06448895j]
 [ 0.12649906-0.00971095j  0.15767462+0.j         -0.21168265-0.03256039j
  -0.25920849-0.06048353j]
 [-0.16782322+0.03915975j -0.21168265+0.03256039j  0.29091379+0.j
   0.36048482+0.02767334j]
 [-0.20423246+0.06448895j -0.25920849+0.06048353j  0.36048482-0.02767334j
   0.44932595+0.j        ]]
Hamiltonian equals product state? [[False False False False]
 [False False False False]
 [False False False False]
 [False False False False]]
Hamiltonian: [[ 0. +0.j  0. +0.j  0. +0.j  0. +0.j]
 [ 0. +0.j  0.5+0.j -0.5+0.j  0. +0.j]
 [ 0. +0.j -0.5+0.j  0.5+0.j  0. +0.j]
 [ 0. +0.j  0. +0.j  0. +0.j  0. +0.j]], product state: [[ 0.0970611 +0.j         -0.08068246-0.00678765j  0.21826081-0.01322999j
  -0.18235543-0.00426586j]
 [-0.08068246+0.00678765j  0.06754231+0.j         -0.18050504+0.02626084j
   0.15188205-0.00920641j]
 [ 0.21826081+0.01322999j -0.18050504-0.02626084j  0.4926053 +0.j
  -0.40948027-0.03444872j]
 [-0.18235543+0.00426586j  0.15188205+0.00920641j -0.40948027+0.03444872j
   0.34279129+0.j        ]]
Hamiltonian equals product state? [[False False False False]
 [False False False False]
 [False False False False]
 [False False False False]]
Hamiltonian: [[ 0. +0.j  0. +0.j  0. +0.j  0. +0.j]
 [ 0. +0.j  0.5+0.j -0.5+0.j  0. +0.j]
 [ 0. +0.j -0.5+0.j  0.5+0.j  0. +0.j]
 [ 0. +0.j  0. +0.j  0. +0.j  0. +0.j]], product state: [[ 0.24560718+0.j         -0.05665424+0.01632158j -0.40376482-0.0942142j
   0.0993974 -0.00509938j]
 [-0.05665424-0.01632158j  0.01415308+0.j          0.08687558+0.04856418j
  -0.02326689-0.00542908j]
 [-0.40376482+0.0942142j   0.08687558-0.04856418j  0.69990767+0.j
  -0.1614478 +0.04651165j]
 [ 0.0993974 +0.00509938j -0.02326689+0.00542908j -0.1614478 -0.04651165j
   0.04033207+0.j        ]]
Hamiltonian equals product state? [[False False False False]
 [False False False False]
 [False False False False]
 [False False False False]]
Hamiltonian: [[ 0. +0.j  0. +0.j  0. +0.j  0. +0.j]
 [ 0. +0.j  0.5+0.j -0.5+0.j  0. +0.j]
 [ 0. +0.j -0.5+0.j  0.5+0.j  0. +0.j]
 [ 0. +0.j  0. +0.j  0. +0.j  0. +0.j]], product state: [[ 1.06051264e-02+0.j         -2.72177265e-02-0.09578132j
  -2.44621047e-03+0.00070476j  1.26432189e-02+0.02028447j]
 [-2.72177265e-02+0.09578132j  9.34912606e-01+0.j
  -8.69729475e-05-0.02390195j -2.15649765e-01+0.06212911j]
 [-2.44621047e-03-0.00070476j -8.69729475e-05+0.02390195j
   6.11084602e-04+0.j         -1.56832960e-03-0.00551908j]
 [ 1.26432189e-02-0.02028447j -2.15649765e-01-0.06212911j
  -1.56832960e-03+0.00551908j  5.38711826e-02+0.j        ]]
Hamiltonian equals product state? [[False False False False]
 [False False False False]
 [False False False False]
 [False False False False]]
Hamiltonian: [[ 0. +0.j  0. +0.j  0. +0.j  0. +0.j]
 [ 0. +0.j  0.5+0.j -0.5+0.j  0. +0.j]
 [ 0. +0.j -0.5+0.j  0.5+0.j  0. +0.j]
 [ 0. +0.j  0. +0.j  0. +0.j  0. +0.j]], product state: [[ 0.42232236+0.j         -0.35105727-0.02953372j  0.25969003+0.05687019j
  -0.21189142-0.06543415j]
 [-0.35105727+0.02953372j  0.2938832 +0.j         -0.21984548-0.02911303j
   0.18071158+0.0395745j ]
 [ 0.25969003-0.05687019j -0.21984548+0.02911303j  0.16734405+0.j
  -0.13910546-0.01170265j]
 [-0.21189142+0.06543415j  0.18071158-0.0395745j  -0.13910546+0.01170265j
   0.11645039+0.j        ]]
Energy of rounded cut: 6.795102993285011
Check the cut: [1, -1, -1, -1, -1, -1, 1, 1, 1, 1]
13 in cut out of a total of 15 edges
Warm-start: SDP solve + rounding finished in 0.08 seconds
Warm-start: statevector build finished in 0.00 seconds
warm_start_correlations: None
Edges: [(3, 9), (0, 1), (5, 8), (2, 6), (1, 9), (5, 7), (2, 9), (0, 3), (4, 6), (1, 8), (4, 5), (3, 7), (4, 8), (0, 2), (6, 7)], weights: [1.0, 1.0, 1.0, 1.0, 1.0, 1.0, 1.0, 1.0, 1.0, 1.0, 1.0, 1.0, 1.0, 1.0, 1.0], set of nodes: {0, 1, 2, 3, 4, 5, 6, 7, 8, 9}, n: 10 nodes, p: 1 layers, N_bayes: 500 iterations
Initial state injected as warm start
Initial state energy for vector-normalised SDP solution used as warm start: 3.041137152015727
Running ADAM optimization with a single iteration (no debug loop)
ADAM optimizer configured with maxiter=500 and learning_rate=0.05
Generated 4 random initial parameter sets for ADAM optimization
Using random initial parameters with:
Param_type 1:  [-2.58055258]
Param_type 2:  [0.49958646]
Param_type 3:  [2.77384316]
Param_type 4:  [0.29259436]
Energies observed during ADAM optimization: [3.3258079694064078, 3.3258079693673768, 3.3258079694702576, 3.325807969406411, 3.3258079695954876, 3.4891695574315436, 3.489169557370817, 3.4891695574890815, 3.4891695574315387, 3.489169557666268, 3.6685742829784282, 3.668574282913252, 3.668574283011412, 3.668574282978428, 3.6685742832372763, 3.8364473048942633, 3.8364473048391576, 3.8364473048875234, 3.8364473048942638, 3.8364473051538686, 3.9771578516853237, 3.977157851641732, 3.9771578516353334, 3.977157851685328, 3.977157851926638, 4.103225922846915, 4.103225922803887, 4.1032259227676295, 4.103225922846921, 4.103225923059021, 4.227944437332254, 4.22794443728389, 4.227944437246234, 4.227944437332257, 4.227944437509525, 4.34398634133019, 4.34398634128213, 4.343986341261481, 4.343986341330185, 4.343986341469001, 4.434184098481947, 4.434184098446752, 4.434184098452169, 4.434184098481945, 4.434184098580937, 4.48360167147438, 4.483601671463287, 4.483601671496046, 4.483601671474378, 4.48360167153572, 4.493271938580237, 4.493271938594803, 4.493271938649457, 4.493271938580239, 4.4932719386088396, 4.483855975477392, 4.483855975508972, 4.483855975575518, 4.483855975477395, 4.483855975477138, 4.4741578084118006, 4.4741578084497435, 4.474157808517612, 4.4741578084118006, 4.474157808383257, 4.4740515157165035, 4.47405151569959, 4.47405151580654, 4.474051515716497, 4.474051515650939, 4.467619630648874, 4.467619630670956, 4.467619630710399, 4.467619630648877, 4.467619630544953, 4.451541701360325, 4.451541701412948, 4.45154170139329, 4.451541701360321, 4.451541701229641, 4.437736120544067, 4.437736120613165, 4.437736120551684, 4.437736120544074, 4.437736120399987, 4.433917084433742, 4.433917084505421, 4.433917084420552, 4.43391708443374, 4.433917084287786, 4.440580037641197, 4.44058003770415, 4.440580037612588, 4.440580037641193, 4.440580037501759, 4.4542400457184606, 4.454240045764403, 4.454240045680715, 4.454240045718456, 4.45424004559101, 4.457999066813379, 4.457999066758235, 4.457999066762536, 4.457999066813371, 4.4579990666958, 4.461914751452623, 4.461914751385716, 4.461914751391932, 4.461914751452629, 4.461914751347059, 4.475452475662028, 4.475452475595494, 4.475452475600186, 4.47545247566203, 4.475452475573023, 4.495689747594986, 4.495689747538639, 4.495689747540363, 4.4956897475949935, 4.495689747526445, 4.5160493387029, 4.516049338664229, 4.516049338662871, 4.5160493387028975, 4.516049338657778, 4.529775526363133, 4.52977552634695, 4.529775526343196, 4.529775526363129, 4.529775526343007, 4.533362552685734, 4.533362552685955, 4.533362552683348, 4.533362552685741, 4.533362552687887, 4.531621044205874, 4.531621044204074, 4.531621044211425, 4.531621044205881, 4.531621044223618, 4.527519215981622, 4.52751921597782, 4.5275192159934505, 4.52751921598162, 4.527519216012004, 4.522562242730713, 4.522562242725941, 4.522562242746627, 4.522562242730709, 4.52256224277055, 4.517955823445517, 4.517955823441486, 4.517955823463098, 4.517955823445514, 4.517955823491527, 4.514399075479133, 4.514399075477677, 4.514399075496185, 4.51439907547914, 4.514399075528168, 4.5120876136904435, 4.512087613693207, 4.512087613705289, 4.5120876136904435, 4.512087613739716, 4.510895003243701, 4.510895003251671, 4.510895003255359, 4.510895003243696, 4.510895003290932, 4.510609428214737, 4.510609428228142, 4.510609428223008, 4.510609428214732, 4.5106094282582045, 4.511095840602769, 4.511095840621073, 4.511095840608141, 4.511095840602776, 4.511095840641412, 4.512325720003414, 4.512325720025389, 4.51232572000689, 4.512325720003403, 4.512325720036726, 4.514298477869511, 4.514298477893532, 4.514298477872345, 4.514298477869517, 4.514298477897508, 4.516940245095899, 4.516940245120067, 4.516940245099416, 4.516940245095902, 4.516940245118957, 4.520046305132096, 4.520046305154542, 4.5200463051373845, 4.520046305132096, 4.520046305150786, 4.52330243601155, 4.523302436030635, 4.523302436019283, 4.52330243601155, 4.523302436026481, 4.526365598671729, 4.526365598686244, 4.5263655986820135, 4.526365598671726, 4.526365598683396, 4.528957063885566, 4.528957063894872, 4.528957063897914, 4.528957063885563, 4.52895706389422, 4.530919293547368, 4.530919293551445, 4.530919293560688, 4.530919293547367, 4.530919293553014, 4.532212323592774, 4.53221232359226, 4.532212323605551, 4.532212323592781, 4.532212323595202, 4.532866795412323, 4.532866795408257, 4.532866795422927, 4.532866795412318, 4.532866795411231, 4.533124790098137, 4.533124790100919, 4.533124790102969, 4.533124790098134, 4.533124790092214, 4.532246927786774, 4.532246927776693, 4.532246927778958, 4.5322469277867805, 4.532246927772989, 4.529940266562269, 4.529940266542515, 4.529940266544829, 4.529940266562263, 4.529940266542655, 4.528153406695409, 4.528153406670799, 4.528153406672993, 4.528153406695406, 4.528153406672505, 4.5281411795128905, 4.528141179488708, 4.52814117949066, 4.528141179512889, 4.528141179489381, 4.529719623234516, 4.529719623215527, 4.529719623217079, 4.529719623234513, 4.529719623212868, 4.531648908929126, 4.531648908918807, 4.53164890891984, 4.531648908929124, 4.531648908911301, 4.532670406578146, 4.532670406578018, 4.532670406578398, 4.532670406578151, 4.532670406565368, 4.5328854768540365, 4.532885476856134, 4.532885476856404, 4.532885476854031, 4.532885476843103, 4.532888171163345, 4.532888171167694, 4.532888171166971, 4.532888171163344, 4.5328881711544655, 4.532769235092599, 4.532769235098437, 4.532769235097189, 4.532769235092597, 4.532769235086293, 4.532606046942832, 4.532606046949356, 4.532606046948048, 4.532606046942824, 4.532606046939533, 4.53244510528242, 4.532445105288919, 4.5324451052879615, 4.532445105282421, 4.53244510528243, 4.532307121610136, 4.5323071216161, 4.532307121615667, 4.532307121610131, 4.532307121613509, 4.532201394005316, 4.532201394010449, 4.532201394010516, 4.532201394005325, 4.532201394011884, 4.532138073391145, 4.532138073395315, 4.532138073395712, 4.532138073391147, 4.532138073400456, 4.53213119507558, 4.532131195078854, 4.532131195079237, 4.532131195075587, 4.532131195086974, 4.532194019868922, 4.532194019871439, 4.532194019871522, 4.532194019868923, 4.532194019881565, 4.5323308685200345, 4.532330868521957, 4.532330868521505, 4.532330868520036, 4.532330868533025, 4.532531129445406, 4.532531129446888, 4.532531129445813, 4.532531129445409, 4.532531129457843, 4.532768875631102, 4.532768875632218, 4.5327688756306115, 4.5327688756311035, 4.532768875642167, 4.5330076931798535, 4.533007693180647, 4.5330076931787495, 4.533007693179851, 4.533007693188892, 4.533209276919651, 4.533209276920063, 4.533209276918242, 4.533209276919651, 4.5332092769261765, 4.533342751902653, 4.53334275190265, 4.533342751901222, 4.533342751902645, 4.533342751906389, 4.533392972754557, 4.533392972754071, 4.533392972753324, 4.533392972754562, 4.533392972755475, 4.533364735083243, 4.5333647350822925, 4.533364735082329, 4.5333647350832456, 4.533364735081496, 4.533281091280055, 4.533281091278731, 4.533281091279517, 4.533281091280053, 4.533281091275951, 4.533184448744055, 4.533184448745094, 4.533184448743465, 4.533184448744046, 4.533184448737912, 4.533102837648062, 4.533102837647783, 4.533102837646804, 4.533102837648067, 4.533102837640169, 4.533049967522051, 4.533049967520863, 4.533049967520428, 4.533049967522054, 4.533049967513213, 4.533054548922163, 4.533054548920633, 4.533054548920622, 4.533054548922165, 4.533054548913251, 4.5331167335108, 4.533116733509508, 4.533116733509746, 4.533116733510803, 4.533116733502627, 4.533209856631028, 4.533209856630427, 4.533209856630725, 4.533209856631028, 4.5332098566242935, 4.533298812931806, 4.533298812932101, 4.533298812932315, 4.533298812931811, 4.533298812926958, 4.5333601896637665, 4.53336018966488, 4.533360189664878, 4.533360189663761, 4.533360189661026, 4.533389002843541, 4.533389002845162, 4.5333890028448875, 4.533389002843543, 4.533389002842886, 4.533391908927343, 4.53339190892904, 4.533391908928481, 4.533391908927349, 4.533391908928555, 4.533377445097816, 4.53337744509917, 4.533377445098375, 4.533377445097813, 4.533377445100513, 4.533352685420753, 4.533352685421437, 4.533352685420535, 4.5333526854207555, 4.533352685424492, 4.533325776836524, 4.533325776836433, 4.5333257768355555, 4.53332577683652, 4.533325776840832, 4.533307306493603, 4.533307306492828, 4.533307306492156, 4.5333073064936125, 4.53330730649804, 4.533305849842723, 4.533305849841509, 4.533305849841203, 4.5333058498427246, 4.533305849846942, 4.533321842667242, 4.533321842665894, 4.5333218426661, 4.533321842667249, 4.533321842670928, 4.533346430711774, 4.533346430710582, 4.53334643071135, 4.533346430711762, 4.533346430714724, 4.533367900737981, 4.533367900737112, 4.533367900738427, 4.533367900737982, 4.533367900740073, 4.533379767220428, 4.533379767219945, 4.533379767221661, 4.533379767220426, 4.533379767221596, 4.533383468062766, 4.533383468062558, 4.533383468064543, 4.533383468062769, 4.5333834680630325, 4.5333846215992395, 4.533384621599142, 4.533384621601149, 4.533384621599246, 4.533384621598663, 4.533386948908922, 4.533386948908768, 4.533386948910597, 4.533386948908923, 4.533386948907648, 4.533390274546196, 4.5333902745458925, 4.533390274547322, 4.533390274546201, 4.533390274544423, 4.533392581097661, 4.533392581097185, 4.533392581098078, 4.533392581097657, 4.533392581095627, 4.533393125437083, 4.53339312543656, 4.533393125436823, 4.53339312543708, 4.53339312543504, 4.533392891624478, 4.533392891624093, 4.533392891623733, 4.533392891624478, 4.533392891622663, 4.5333927438518815, 4.533392743851823, 4.533392743850893, 4.533392743851887, 4.533392743850472, 4.53339238815491, 4.533392388155286, 4.533392388153939, 4.533392388154899, 4.5333923881540095, 4.533391355373882, 4.53339135537471, 4.533391355373069, 4.533391355373887, 4.533391355373506, 4.533390571215421, 4.533390571216557, 4.533390571214838, 4.533390571215424, 4.533390571215513, 4.5333918643977205, 4.533391864398991, 4.533391864397321, 4.533391864397712, 4.533391864398159, 4.5333962394312115, 4.533396239432363, 4.533396239430913, 4.533396239431207, 4.533396239431813, 4.533402390803248, 4.533402390804088, 4.533402390802959, 4.533402390803246, 4.53340239080388, 4.533407634685733, 4.533407634686118, 4.533407634685417, 4.533407634685739, 4.533407634686251, 4.533409917146785, 4.533409917146705, 4.533409917146479, 4.533409917146786, 4.5334099171471305, 4.533409185357551, 4.533409185357084, 4.533409185357302, 4.5334091853575424, 4.5334091853577, 4.533406867757586, 4.533406867756891, 4.533406867757537, 4.533406867757589, 4.533406867757568, 4.533404446148105, 4.5334044461473715, 4.533404446148322, 4.533404446148105, 4.533404446147978, 4.533402728985004, 4.533402728984371, 4.53340272898552, 4.533402728985001, 4.53340272898487, 4.533402130417156, 4.533402130416694, 4.5334021304179, 4.533402130417157, 4.53340213041706, 4.53340295438094, 4.533402954380651, 4.533402954381773, 4.533402954380937, 4.533402954380928, 4.533405091143098, 4.533405091142928, 4.533405091143853, 4.5334050911430985, 4.533405091143187, 4.533407720608736, 4.533407720608626, 4.533407720609258, 4.53340772060874, 4.533407720608915, 4.533409674452933, 4.533409674452853, 4.533409674453157, 4.5334096744529395, 4.533409674453208, 4.533410293393499, 4.533410293393396, 4.5334102933933975, 4.533410293393501, 4.533410293393803, 4.533409823748186, 4.533409823748104, 4.533409823747819, 4.533409823748193, 4.533409823748497, 4.53340907288622, 4.5334090728862035, 4.533409072885727, 4.533409072886213, 4.533409072886505, 4.533408622436627, 4.533408622436743, 4.533408622436132, 4.533408622436632, 4.533408622436868, 4.533408535493768, 4.533408535494022, 4.533408535493382, 4.5334085354937725, 4.533408535493915, 4.533408624663272, 4.533408624663636, 4.533408624663051, 4.533408624663268, 4.533408624663313, 4.533408814220646, 4.533408814221043, 4.533408814220579, 4.533408814220645, 4.533408814220552, 4.5334091220567485, 4.533409122057114, 4.533409122056771, 4.533409122056748, 4.533409122056512, 4.533409491725654, 4.533409491725881, 4.5334094917256955, 4.533409491725652, 4.533409491725283, 4.533409746330837, 4.533409746330901, 4.533409746330873, 4.533409746330836, 4.533409746330373, 4.533409854496891, 4.533409854496809, 4.533409854496888, 4.533409854496891, 4.533409854496408, 4.533409949271196, 4.533409949270999, 4.533409949271187, 4.533409949271199, 4.533409949270743, 4.533410168476835, 4.533410168476618, 4.533410168476829, 4.533410168476838, 4.533410168476489, 4.53341043800678, 4.533410438006582, 4.533410438006824, 4.533410438006781, 4.533410438006592, 4.53341057265345, 4.533410572653341, 4.533410572653555, 4.533410572653457, 4.533410572653447, 4.533410475099548, 4.533410475099524, 4.533410475099694, 4.533410475099556, 4.533410475099714, 4.533410257029858, 4.533410257029883, 4.533410257030006, 4.533410257029855, 4.533410257030167, 4.533410099650263, 4.533410099650322, 4.533410099650362, 4.533410099650259, 4.533410099650644, 4.53341008737984, 4.533410087379877, 4.53341008737987, 4.533410087379833, 4.53341008738025, 4.5334102022917895, 4.533410202291771, 4.5334102022917415, 4.533410202291797, 4.533410202292172, 4.533410394569216, 4.533410394569163, 4.5334103945691195, 4.533410394569225, 4.533410394569505, 4.5334106105434975, 4.533410610543407, 4.533410610543369, 4.533410610543495, 4.533410610543692, 4.533410798339608, 4.533410798339533, 4.533410798339526, 4.533410798339612, 4.533410798339684, 4.533410864088363, 4.533410864088342, 4.533410864088352, 4.533410864088376, 4.533410864088314, 4.533410784497278, 4.533410784497314, 4.533410784497336, 4.533410784497283, 4.5334107844971685, 4.533410644661533, 4.5334106446615925, 4.533410644661642, 4.533410644661534, 4.533410644661335, 4.5334105613230316, 4.533410561323106, 4.533410561323126, 4.533410561323033, 4.533410561322798, 4.533410567013437, 4.533410567013478, 4.533410567013484, 4.533410567013436, 4.533410567013195, 4.5334106208810425, 4.5334106208810505, 4.533410620881025, 4.533410620881042, 4.533410620880809, 4.533410689481232, 4.5334106894812125, 4.533410689481165, 4.53341068948123, 4.533410689481058, 4.533410756911876, 4.5334107569118585, 4.533410756911776, 4.533410756911875, 4.533410756911767, 4.533410810425112, 4.533410810425115, 4.533410810425023, 4.533410810425108, 4.533410810425081, 4.533410824597695, 4.533410824597728, 4.533410824597642, 4.533410824597694, 4.533410824597749, 4.533410800058067, 4.533410800058136, 4.533410800058066, 4.533410800058064, 4.533410800058176, 4.533410775849301, 4.533410775849379, 4.533410775849332, 4.533410775849312, 4.533410775849448, 4.533410781827013, 4.533410781827053, 4.533410781827045, 4.5334107818270155, 4.533410781827159, 4.533410797769627, 4.533410797769615, 4.533410797769635, 4.533410797769622, 4.533410797769743, 4.5334108002172115, 4.533410800217159, 4.53341080021721, 4.533410800217209, 4.5334108002172915, 4.533410795491798, 4.533410795491709, 4.533410795491792, 4.5334107954917915, 4.533410795491839, 4.533410802100664, 4.53341080210059, 4.533410802100682, 4.533410802100661, 4.533410802100661, 4.533410816667393, 4.533410816667332, 4.533410816667429, 4.533410816667392, 4.533410816667364, 4.533410833072726, 4.533410833072695, 4.533410833072775, 4.53341083307272, 4.533410833072694, 4.533410845263353, 4.53341084526335, 4.533410845263414, 4.533410845263348, 4.533410845263314, 4.533410855047085, 4.5334108550471095, 4.533410855047123, 4.53341085504709, 4.5334108550470456, 4.533410859100081, 4.533410859100111, 4.533410859100091, 4.5334108591000835, 4.533410859100051, 4.53341085348375, 4.533410853483786, 4.53341085348373, 4.533410853483751, 4.533410853483733, 4.533410841611651, 4.533410841611668, 4.533410841611605, 4.533410841611654, 4.533410841611648, 4.533410833151074, 4.533410833151067, 4.533410833151007, 4.533410833151074, 4.533410833151076, 4.533410837730447, 4.533410837730467, 4.533410837730393, 4.533410837730451, 4.533410837730444, 4.5334108496742225, 4.5334108496742545, 4.533410849674176, 4.533410849674222, 4.533410849674227, 4.533410861042477, 4.533410861042502, 4.533410861042465, 4.533410861042477, 4.533410861042479, 4.533410864594616, 4.533410864594658, 4.53341086459464, 4.533410864594612, 4.533410864594611, 4.533410864889499, 4.533410864889517, 4.53341086488952, 4.533410864889495, 4.533410864889485, 4.533410859331979, 4.533410859331952, 4.533410859332004, 4.53341085933197, 4.533410859331957, 4.533410852160286, 4.533410852160244, 4.5334108521603005, 4.533410852160286, 4.533410852160265, 4.533410850325329, 4.533410850325283, 4.53341085032534, 4.533410850325329, 4.5334108503253105, 4.533410854697213, 4.53341085469718, 4.533410854697232, 4.533410854697215, 4.533410854697208, 4.533410859504242, 4.533410859504226, 4.533410859504262, 4.533410859504243, 4.533410859504262, 4.533410861197152, 4.53341086119716, 4.533410861197162, 4.533410861197153, 4.533410861197193, 4.533410861577987, 4.533410861578012, 4.533410861577993, 4.533410861577991, 4.533410861578034, 4.533410863859977, 4.533410863859989, 4.533410863859977, 4.533410863859969, 4.533410863860019, 4.53341086574902, 4.5334108657490235, 4.533410865749004, 4.533410865749017, 4.5334108657490475, 4.533410866244458, 4.533410866244457, 4.533410866244428, 4.5334108662444565, 4.5334108662444645, 4.533410866892332, 4.533410866892324, 4.533410866892313, 4.533410866892338, 4.533410866892331, 4.533410866524822, 4.533410866524813, 4.533410866524804, 4.533410866524818, 4.533410866524802, 4.533410863909285, 4.533410863909295, 4.5334108639093, 4.533410863909285, 4.533410863909254, 4.533410861286114, 4.5334108612861375, 4.533410861286126, 4.533410861286112, 4.533410861286081, 4.533410862335469, 4.533410862335478, 4.5334108623354865, 4.53341086233547, 4.533410862335447, 4.533410865275967, 4.533410865275981, 4.533410865275977, 4.533410865275971, 4.533410865275939, 4.533410867495769, 4.533410867495766, 4.5334108674957685, 4.533410867495774, 4.5334108674957445, 4.533410867446343, 4.533410867446331, 4.533410867446326, 4.533410867446349, 4.533410867446333, 4.533410867397213, 4.533410867397199, 4.533410867397191, 4.533410867397208, 4.53341086739722, 4.533410868077621, 4.533410868077618, 4.533410868077613, 4.533410868077621, 4.533410868077628, 4.533410867101342, 4.53341086710134, 4.533410867101348, 4.533410867101339, 4.533410867101368, 4.533410865626218, 4.533410865626232, 4.533410865626236, 4.533410865626223, 4.5334108656262435, 4.533410866138812, 4.533410866138807, 4.533410866138819, 4.533410866138808, 4.53341086613884, 4.5334108675499785, 4.533410867549985, 4.533410867549997, 4.533410867549979, 4.533410867550006, 4.533410868598067, 4.533410868598068, 4.533410868598061, 4.533410868598072, 4.533410868598074, 4.533410867456391, 4.533410867456377, 4.533410867456376, 4.533410867456398, 4.533410867456385, 4.53341086724114, 4.533410867241127, 4.533410867241134, 4.533410867241138, 4.533410867241129, 4.533410867969759, 4.533410867969745, 4.533410867969758, 4.533410867969765, 4.533410867969741, 4.533410868489912, 4.533410868489914, 4.53341086848991, 4.533410868489916, 4.533410868489888, 4.533410867662053, 4.533410867662057, 4.533410867662073, 4.533410867662053, 4.533410867662047, 4.533410867179808, 4.533410867179828, 4.533410867179821, 4.53341086717981, 4.5334108671798035, 4.533410868395644, 4.533410868395662, 4.533410868395636, 4.53341086839564, 4.533410868395639, 4.533410869190609, 4.533410869190608, 4.533410869190599, 4.533410869190613, 4.533410869190615, 4.533410869156076, 4.533410869156085, 4.533410869156061, 4.533410869156075, 4.533410869156084, 4.5334108691791375, 4.533410869179134, 4.533410869179135, 4.533410869179138, 4.533410869179133, 4.533410868947966, 4.533410868947945, 4.533410868947953, 4.5334108689479615, 4.5334108689479775, 4.533410869544705, 4.533410869544683, 4.533410869544711, 4.533410869544696, 4.533410869544698, 4.5334108685315515, 4.533410868531569, 4.533410868531569, 4.533410868531557, 4.533410868531557, 4.533410868423321, 4.533410868423335, 4.533410868423333, 4.533410868423324, 4.53341086842333, 4.5334108695705035, 4.533410869570513, 4.533410869570506, 4.5334108695704955, 4.533410869570501, 4.533410869600299, 4.533410869600289, 4.533410869600292, 4.533410869600305, 4.533410869600301, 4.533410869150112, 4.533410869150089, 4.533410869150097, 4.533410869150121, 4.533410869150111, 4.533410869833505, 4.533410869833508, 4.533410869833502, 4.533410869833511, 4.533410869833505, 4.53341086953095, 4.533410869530948, 4.533410869530952, 4.53341086953095, 4.533410869530949, 4.53341086852365, 4.533410868523659, 4.533410868523669, 4.533410868523647, 4.53341086852365, 4.533410868929669, 4.533410868929682, 4.533410868929681, 4.533410868929665, 4.533410868929662, 4.533410869680131, 4.533410869680134, 4.533410869680135, 4.533410869680135, 4.533410869680119, 4.533410868565837, 4.53341086856584, 4.533410868565831, 4.533410868565839, 4.533410868565839, 4.533410866323704, 4.533410866323697, 4.533410866323676, 4.533410866323708, 4.53341086632371, 4.533410867497066, 4.533410867497043, 4.533410867497043, 4.533410867497067, 4.533410867497069, 4.53341086977569, 4.533410869775692, 4.533410869775699, 4.533410869775692, 4.5334108697756905, 4.533410868461058, 4.5334108684610745, 4.533410868461068, 4.533410868461057, 4.533410868461066, 4.533410868123075, 4.533410868123085, 4.533410868123089, 4.53341086812307, 4.533410868123078, 4.533410869255937, 4.533410869255924, 4.53341086925594, 4.533410869255933, 4.533410869255931, 4.533410869572007, 4.53341086957201, 4.533410869572, 4.533410869572011, 4.5334108695720055, 4.533410869605763, 4.533410869605771, 4.533410869605763, 4.53341086960577, 4.533410869605755, 4.533410869679411, 4.533410869679414, 4.5334108696794235, 4.533410869679413, 4.533410869679407, 4.533410869431372, 4.533410869431371, 4.533410869431364, 4.5334108694313695, 4.53341086943138, 4.533410868805869, 4.53341086880586, 4.533410868805863, 4.533410868805875, 4.533410868805864, 4.533410868943401, 4.533410868943384, 4.533410868943384, 4.533410868943396, 4.533410868943409, 4.533410869380782, 4.533410869380801, 4.533410869380797, 4.533410869380782, 4.533410869380784, 4.533410869250758, 4.533410869250762, 4.533410869250763, 4.5334108692507495, 4.533410869250761, 4.533410869235692, 4.5334108692356985, 4.533410869235707, 4.533410869235691, 4.533410869235702, 4.533410868658336, 4.533410868658323, 4.5334108686583345, 4.533410868658334, 4.533410868658336, 4.5334108682318055, 4.533410868231778, 4.5334108682318, 4.533410868231808, 4.533410868231792, 4.5334108697074855, 4.533410869707487, 4.533410869707471, 4.533410869707478, 4.53341086970748, 4.533410869228171, 4.533410869228179, 4.533410869228167, 4.533410869228169, 4.533410869228175, 4.533410867240007, 4.533410867240022, 4.533410867240021, 4.533410867240007, 4.533410867240009, 4.533410867705855, 4.533410867705872, 4.533410867705874, 4.5334108677058556, 4.533410867705855, 4.533410869660014, 4.533410869660017, 4.533410869660009, 4.533410869660017, 4.533410869660013, 4.533410868665072, 4.533410868665059, 4.533410868665054, 4.533410868665074, 4.533410868665066, 4.53341086879341, 4.533410868793408, 4.533410868793397, 4.533410868793413, 4.533410868793412, 4.533410869543238, 4.533410869543222, 4.533410869543223, 4.533410869543242, 4.533410869543235, 4.5334108688676755, 4.533410868867687, 4.533410868867688, 4.533410868867679, 4.533410868867677, 4.533410867401723, 4.533410867401726, 4.533410867401743, 4.533410867401713, 4.533410867401729, 4.533410868298232, 4.533410868298244, 4.533410868298244, 4.533410868298237, 4.533410868298239, 4.533410869566528, 4.5334108695665165, 4.533410869566534, 4.5334108695665325, 4.533410869566521, 4.533410869275391, 4.533410869275371, 4.533410869275374, 4.533410869275394, 4.533410869275392, 4.533410869763721, 4.533410869763718, 4.53341086976372, 4.5334108697637205, 4.533410869763714, 4.533410869106494, 4.533410869106501, 4.533410869106489, 4.533410869106492, 4.533410869106504, 4.533410868113917, 4.533410868113928, 4.533410868113925, 4.533410868113918, 4.533410868113926, 4.533410868534478, 4.533410868534496, 4.5334108685344905, 4.533410868534477, 4.533410868534486, 4.533410869223327, 4.533410869223322, 4.533410869223316, 4.533410869223325, 4.533410869223311, 4.533410868690263, 4.5334108686902495, 4.5334108686902495, 4.533410868690268, 4.533410868690265, 4.5334108693558095, 4.533410869355814, 4.533410869355812, 4.53341086935582, 4.533410869355803, 4.5334108695866995, 4.5334108695866915, 4.533410869586699, 4.533410869586694, 4.533410869586698, 4.5334108697040145, 4.53341086970402, 4.5334108697040145, 4.533410869704017, 4.533410869704012, 4.533410869657835, 4.533410869657834, 4.533410869657837, 4.533410869657837, 4.533410869657837, 4.533410869545206, 4.533410869545217, 4.533410869545221, 4.533410869545205, 4.533410869545213, 4.533410869703887, 4.533410869703884, 4.533410869703895, 4.533410869703884, 4.533410869703875, 4.533410868234303, 4.533410868234289, 4.533410868234285, 4.5334108682342995, 4.533410868234299, 4.533410868713299, 4.533410868713299, 4.533410868713282, 4.533410868713307, 4.533410868713304, 4.533410869612311, 4.533410869612327, 4.533410869612311, 4.53341086961231, 4.533410869612311, 4.533410869760284, 4.533410869760287, 4.533410869760293, 4.5334108697602895, 4.533410869760288, 4.533410869734789, 4.533410869734796, 4.533410869734792, 4.533410869734794, 4.5334108697347935, 4.533410869049001, 4.53341086904898, 4.533410869048994, 4.533410869048998, 4.533410869048998, 4.533410869264993, 4.5334108692649915, 4.533410869265003, 4.533410869264996, 4.533410869264993, 4.533410869482902, 4.533410869482912, 4.53341086948291, 4.533410869482902, 4.533410869482903, 4.5334108693891775, 4.533410869389181, 4.5334108693891775, 4.533410869389173, 4.533410869389173, 4.533410868462184, 4.53341086846217, 4.533410868462175, 4.5334108684621865, 4.533410868462179, 4.533410869145785, 4.533410869145783, 4.533410869145786, 4.5334108691457855, 4.533410869145782, 4.53341086952289, 4.5334108695228705, 4.533410869522874, 4.5334108695228865, 4.533410869522893, 4.533410868238701, 4.533410868238703, 4.533410868238716, 4.533410868238697, 4.533410868238704, 4.533410865169903, 4.533410865169923, 4.53341086516991, 4.533410865169905, 4.53341086516992, 4.53341086660963, 4.533410866609648, 4.533410866609646, 4.533410866609635, 4.533410866609647, 4.53341086930379, 4.533410869303796, 4.533410869303786, 4.533410869303785, 4.53341086930379, 4.533410866112929, 4.533410866112908, 4.533410866112904, 4.533410866112936, 4.5334108661129155, 4.533410866863388, 4.533410866863372, 4.533410866863371, 4.533410866863384, 4.533410866863368, 4.533410869094728, 4.533410869094723, 4.533410869094727, 4.533410869094732, 4.533410869094713, 4.533410865709237, 4.533410865709259, 4.533410865709264, 4.533410865709246, 4.533410865709235, 4.5334108672116855, 4.533410867211707, 4.533410867211701, 4.533410867211683, 4.533410867211688, 4.533410869634778, 4.533410869634783, 4.533410869634773, 4.5334108696347855, 4.533410869634787, 4.53341086618761, 4.5334108661875865, 4.533410866187587, 4.533410866187607, 4.53341086618761, 4.53341086713004, 4.53341086713001, 4.533410867130029, 4.533410867130047, 4.533410867130042, 4.533410869192215, 4.533410869192224, 4.5334108691922275, 4.533410869192223, 4.533410869192223, 4.533410867803524, 4.53341086780354, 4.533410867803538, 4.533410867803524, 4.533410867803538, 4.533410869133799, 4.533410869133807, 4.533410869133799, 4.533410869133802, 4.533410869133807, 4.533410869827029, 4.533410869827035, 4.533410869827034, 4.533410869827022, 4.533410869827029, 4.533410867887767, 4.5334108678877545, 4.533410867887765, 4.533410867887761, 4.533410867887761, 4.533410866051038, 4.533410866051006, 4.533410866051015, 4.533410866051041, 4.533410866051021, 4.533410869015378, 4.5334108690153965, 4.533410869015372, 4.533410869015373, 4.533410869015365, 4.533410867490365, 4.533410867490387, 4.533410867490371, 4.533410867490371, 4.533410867490364, 4.533410868017102, 4.533410868017111, 4.533410868017131, 4.533410868017098, 4.533410868017105, 4.533410869728637, 4.533410869728633, 4.533410869728637, 4.5334108697286375, 4.533410869728637, 4.533410866793457, 4.533410866793432, 4.533410866793435, 4.533410866793448, 4.533410866793464, 4.533410868888963, 4.533410868888963, 4.533410868888949, 4.533410868888957, 4.533410868888975, 4.53341086972976, 4.533410869729762, 4.533410869729767, 4.533410869729763, 4.533410869729763, 4.533410868547672, 4.533410868547684, 4.533410868547685, 4.533410868547672, 4.533410868547677, 4.533410869052096, 4.5334108690520925, 4.533410869052115, 4.533410869052098, 4.533410869052093, 4.533410869276023, 4.533410869276009, 4.533410869276013, 4.533410869276022, 4.5334108692760156, 4.53341086902963, 4.533410869029635, 4.533410869029629, 4.533410869029628, 4.533410869029624, 4.533410868669695, 4.533410868669703, 4.5334108686696855, 4.53341086866969, 4.533410868669691, 4.533410869019744, 4.533410869019746, 4.5334108690197406, 4.533410869019745, 4.5334108690197406, 4.533410869467011, 4.533410869467012, 4.533410869466994, 4.5334108694670245, 4.5334108694670086, 4.533410869226716, 4.533410869226724, 4.5334108692267385, 4.533410869226712, 4.533410869226721, 4.533410869774433, 4.533410869774447, 4.53341086977444, 4.533410869774436, 4.533410869774434, 4.53341086774039, 4.533410867740358, 4.533410867740377, 4.533410867740392, 4.533410867740391, 4.533410869180002, 4.533410869179998, 4.533410869179991, 4.533410869179998, 4.533410869180001, 4.533410869143773, 4.533410869143785, 4.533410869143782, 4.533410869143781, 4.533410869143777, 4.533410868807801, 4.533410868807799, 4.533410868807808, 4.533410868807795, 4.5334108688078, 4.533410869069453, 4.533410869069445, 4.533410869069463, 4.533410869069457, 4.53341086906946, 4.533410869647109, 4.533410869647111, 4.533410869647108, 4.533410869647105, 4.533410869647102, 4.533410869644059, 4.5334108696440545, 4.533410869644068, 4.533410869644057, 4.53341086964407, 4.533410868836856, 4.53341086883686, 4.533410868836844, 4.533410868836853, 4.53341086883686, 4.53341086841928, 4.5334108684192875, 4.5334108684192636, 4.53341086841927, 4.533410868419276, 4.533410869177036, 4.53341086917703, 4.533410869177028, 4.533410869177039, 4.533410869177023, 4.533410868154405, 4.533410868154418, 4.533410868154418, 4.533410868154399, 4.533410868154406, 4.533410868802441, 4.53341086880245, 4.5334108688024575, 4.533410868802439, 4.533410868802442, 4.533410869600333, 4.533410869600332, 4.533410869600333, 4.533410869600332, 4.533410869600328, 4.533410866720319, 4.5334108667203035, 4.533410866720293, 4.533410866720321, 4.533410866720315, 4.533410868676809, 4.533410868676801, 4.533410868676797, 4.533410868676801, 4.533410868676815, 4.533410868234384, 4.533410868234399, 4.5334108682344, 4.5334108682343865, 4.533410868234395, 4.533410867373616, 4.5334108673736155, 4.533410867373638, 4.533410867373614, 4.533410867373616, 4.533410868362667, 4.533410868362654, 4.533410868362677, 4.533410868362667, 4.53341086836267, 4.533410868554359, 4.533410868554357, 4.533410868554353, 4.533410868554357, 4.533410868554358, 4.533410867916952, 4.5334108679169365, 4.533410867916924, 4.533410867916954, 4.533410867916944, 4.533410869128853, 4.5334108691288675, 4.533410869128856, 4.5334108691288595, 4.533410869128852, 4.533410867376669, 4.533410867376683, 4.533410867376682, 4.53341086737667, 4.53341086737667, 4.533410868916755, 4.53341086891678, 4.53341086891677, 4.533410868916763, 4.533410868916752, 4.533410866924281, 4.533410866924269, 4.533410866924266, 4.5334108669242825, 4.533410866924279, 4.533410862643286, 4.533410862643262, 4.533410862643259, 4.533410862643277, 4.533410862643271, 4.533410868399761, 4.533410868399739, 4.53341086839975, 4.533410868399752, 4.533410868399762, 4.533410861989915, 4.5334108619899345, 4.533410861989943, 4.533410861989906, 4.533410861989924, 4.533410859108305, 4.533410859108328, 4.533410859108347, 4.5334108591083035, 4.533410859108323, 4.533410869530807, 4.533410869530803, 4.533410869530808, 4.533410869530815, 4.533410869530822, 4.53341086339193, 4.533410863391904, 4.53341086339189, 4.533410863391924, 4.533410863391938, 4.533410867081151, 4.5334108670811455, 4.533410867081126, 4.533410867081147, 4.533410867081138, 4.533410866443129, 4.533410866443141, 4.533410866443141, 4.53341086644313, 4.533410866443117, 4.533410861771333, 4.533410861771378, 4.533410861771367, 4.533410861771335, 4.533410861771327, 4.533410867457055, 4.533410867457046, 4.533410867457052, 4.533410867457061, 4.53341086745704, 4.533410860424044, 4.533410860423998, 4.533410860424004, 4.533410860424048, 4.533410860424017, 4.533410869392098, 4.533410869392089, 4.533410869392101, 4.533410869392094, 4.533410869392097, 4.5334108596823075, 4.5334108596823475, 4.533410859682346, 4.533410859682312, 4.533410859682332, 4.533410866230499, 4.533410866230516, 4.533410866230534, 4.533410866230504, 4.533410866230531, 4.5334108558580635, 4.533410855858038, 4.533410855858017, 4.533410855858062, 4.533410855858068, 4.533410855097869, 4.533410855097825, 4.533410855097804, 4.533410855097869, 4.533410855097869, 4.533410865510604, 4.533410865510614, 4.5334108655106355, 4.5334108655105965, 4.533410865510601, 4.53341084448418, 4.533410844484243, 4.533410844484248, 4.533410844484175, 4.533410844484183, 4.5334108683384855, 4.533410868338484, 4.533410868338492, 4.533410868338491, 4.5334108683384615, 4.533410850501896, 4.533410850501851, 4.533410850501837, 4.5334108505019, 4.533410850501872, 4.533410864600578, 4.533410864600561, 4.533410864600555, 4.533410864600582, 4.533410864600574, 4.533410865083186, 4.533410865083219, 4.533410865083216, 4.5334108650831855, 4.533410865083202, 4.533410864411649, 4.533410864411678, 4.533410864411675, 4.533410864411653, 4.533410864411673, 4.533410868242005, 4.533410868241987, 4.5334108682419965, 4.533410868241997, 4.533410868242005, 4.5334108638461315, 4.533410863846096, 4.533410863846096, 4.533410863846125, 4.533410863846138, 4.533410869408802, 4.5334108694088, 4.533410869408813, 4.533410869408799, 4.5334108694088, 4.533410862304212, 4.533410862304233, 4.533410862304245, 4.533410862304214, 4.533410862304218, 4.533410866555575, 4.5334108665555926, 4.533410866555598, 4.533410866555576, 4.533410866555566, 4.533410861982795, 4.533410861982779, 4.5334108619827616, 4.533410861982797, 4.533410861982775, 4.533410861252286, 4.533410861252279, 4.533410861252241, 4.533410861252284, 4.5334108612522686, 4.533410868862565, 4.533410868862583, 4.533410868862576, 4.533410868862566, 4.53341086886257, 4.533410866549852, 4.53341086654988, 4.533410866549879, 4.5334108665498505, 4.533410866549863, 4.533410866797865, 4.533410866797858, 4.533410866797875, 4.533410866797868, 4.53341086679787, 4.5334108560067685, 4.533410856006725, 4.5334108560067445, 4.533410856006762, 4.533410856006767, 4.53341086526342, 4.533410865263398, 4.5334108652634155, 4.533410865263417, 4.5334108652634235, 4.5334108623855895, 4.533410862385608, 4.533410862385619, 4.533410862385597, 4.533410862385603, 4.533410862827479, 4.533410862827505, 4.533410862827514, 4.533410862827477, 4.533410862827496, 4.533410866578088, 4.533410866578083, 4.533410866578066, 4.5334108665780875, 4.5334108665780795, 4.533410857513174, 4.533410857513149, 4.533410857513121, 4.533410857513178, 4.533410857513165, 4.533410867698346, 4.533410867698347, 4.533410867698332, 4.533410867698349, 4.53341086769833, 4.533410850644415, 4.533410850644458, 4.533410850644471, 4.533410850644415, 4.533410850644415, 4.533410867097583, 4.53341086709761, 4.533410867097612, 4.533410867097581, 4.533410867097591, 4.53341085036277, 4.533410850362716, 4.533410850362708, 4.533410850362773, 4.533410850362748, 4.533410864205635, 4.533410864205613, 4.533410864205613, 4.533410864205633, 4.533410864205634, 4.533410861662809, 4.53341086166284, 4.533410861662839, 4.533410861662807, 4.533410861662822, 4.533410859030257, 4.533410859030275, 4.533410859030302, 4.533410859030252, 4.533410859030279, 4.533410867304124, 4.533410867304102, 4.533410867304114, 4.533410867304131, 4.533410867304122, 4.533410862116752, 4.533410862116721, 4.533410862116718, 4.5334108621167575, 4.5334108621167495, 4.533410869270926, 4.533410869270939, 4.533410869270926, 4.533410869270933, 4.533410869270936, 4.533410865557362, 4.533410865557375, 4.533410865557382, 4.533410865557367, 4.533410865557364, 4.533410866397568, 4.533410866397591, 4.5334108663975785, 4.533410866397567, 4.53341086639757, 4.533410863625966, 4.533410863625955, 4.533410863625941, 4.533410863625968, 4.533410863625945, 4.533410864228034, 4.533410864228026, 4.533410864228001, 4.53341086422803, 4.533410864228003, 4.5334108682633625, 4.533410868263364, 4.533410868263377, 4.533410868263358, 4.533410868263355, 4.533410861659392, 4.533410861659409, 4.533410861659436, 4.533410861659394, 4.5334108616594015, 4.5334108666837185, 4.533410866683699, 4.533410866683715, 4.533410866683717, 4.533410866683737, 4.533410864654448, 4.533410864654438, 4.53341086465443, 4.533410864654444, 4.533410864654463, 4.533410867245657, 4.533410867245658, 4.533410867245647, 4.533410867245657, 4.533410867245681, 4.5334108689662775, 4.533410868966283, 4.533410868966288, 4.533410868966283, 4.533410868966283, 4.533410868313566, 4.533410868313593, 4.533410868313571, 4.53341086831356, 4.53341086831356, 4.533410864229991, 4.533410864229963, 4.533410864229979, 4.53341086422999, 4.53341086422996, 4.533410866734921, 4.533410866734917, 4.533410866734924, 4.533410866734932, 4.533410866734892, 4.533410869376343, 4.5334108693763575, 4.533410869376353, 4.533410869376349, 4.533410869376339, 4.533410869081055, 4.533410869081059, 4.533410869081055, 4.533410869081058, 4.533410869081072, 4.533410866717647, 4.533410866717644, 4.5334108667176345, 4.5334108667176585, 4.533410866717666, 4.533410867510947, 4.533410867510939, 4.533410867510926, 4.533410867510945, 4.533410867510958, 4.5334108673645686, 4.533410867364566, 4.533410867364586, 4.533410867364576, 4.533410867364576, 4.53341086515217, 4.533410865152184, 4.533410865152199, 4.533410865152171, 4.533410865152173, 4.5334108679872065, 4.533410867987185, 4.533410867987207, 4.5334108679872065, 4.5334108679871825, 4.533410867844446, 4.533410867844438, 4.533410867844424, 4.533410867844449, 4.533410867844444, 4.5334108672232825, 4.533410867223308, 4.533410867223282, 4.533410867223286, 4.5334108672232825, 4.533410868540994, 4.533410868541011, 4.533410868540988, 4.533410868540981, 4.533410868540996, 4.533410869214962, 4.533410869214945, 4.533410869214952, 4.533410869214966, 4.533410869214955, 4.533410868782025, 4.5334108687820125, 4.533410868782027, 4.53341086878203, 4.533410868782028, 4.533410864468748, 4.533410864468765, 4.533410864468784, 4.533410864468752, 4.533410864468736, 4.533410868961834, 4.533410868961832, 4.533410868961831, 4.53341086896183, 4.533410868961846, 4.533410864383014, 4.53341086438299, 4.53341086438298, 4.533410864383, 4.533410864383024, 4.533410869088133, 4.533410869088142, 4.53341086908815, 4.533410869088133, 4.533410869088148, 4.533410868930242, 4.533410868930249, 4.533410868930249, 4.533410868930239, 4.533410868930246, 4.5334108688733865, 4.533410868873389, 4.533410868873399, 4.533410868873389, 4.53341086887337, 4.533410865984726, 4.53341086598472, 4.533410865984702, 4.533410865984733, 4.533410865984708, 4.533410868368279, 4.533410868368282, 4.53341086836827, 4.5334108683682794, 4.533410868368274, 4.533410868961543, 4.533410868961547, 4.533410868961542, 4.533410868961537, 4.533410868961551, 4.533410867300201, 4.533410867300229, 4.533410867300227, 4.533410867300201, 4.533410867300216, 4.53341086427058, 4.533410864270551, 4.533410864270567, 4.533410864270584, 4.533410864270574, 4.533410864909435, 4.5334108649094125, 4.53341086490942, 4.5334108649094365, 4.533410864909413, 4.533410866647824, 4.53341086664784, 4.533410866647842, 4.5334108666478246, 4.533410866647834, 4.533410865958061, 4.53341086595809, 4.53341086595808, 4.5334108659580625, 4.533410865958085, 4.533410863220037, 4.533410863220012, 4.533410863220008, 4.533410863220042, 4.533410863220033, 4.53341086609395, 4.53341086609393, 4.533410866093931, 4.533410866093945, 4.53341086609394, 4.533410863394928, 4.533410863394954, 4.533410863394964, 4.5334108633949315, 4.533410863394926, 4.533410868548638, 4.533410868548639, 4.533410868548658, 4.533410868548635, 4.53341086854864, 4.533410864991084, 4.533410864991063, 4.533410864991058, 4.533410864991088, 4.533410864991091, 4.533410867699605, 4.533410867699605, 4.533410867699583, 4.533410867699603, 4.533410867699606, 4.533410865810546, 4.53341086581058, 4.533410865810561, 4.533410865810555, 4.533410865810552, 4.533410868930641, 4.533410868930633, 4.533410868930666, 4.53341086893064, 4.533410868930628, 4.533410863318649, 4.533410863318633, 4.533410863318608, 4.533410863318643, 4.53341086331864, 4.533410869466456, 4.533410869466435, 4.533410869466456, 4.53341086946646, 4.533410869466453, 4.533410852882792, 4.533410852882827, 4.533410852882846, 4.533410852882788, 4.533410852882811, 4.533410868944296, 4.533410868944302, 4.533410868944292, 4.533410868944296, 4.533410868944294, 4.533410852899794, 4.533410852899759, 4.533410852899732, 4.533410852899793, 4.533410852899788, 4.533410868021989, 4.533410868022005, 4.533410868021995, 4.53341086802199, 4.533410868021991, 4.533410855526152, 4.533410855526188, 4.5334108555262045, 4.533410855526156, 4.533410855526155, 4.533410866665211, 4.533410866665191, 4.5334108666652, 4.53341086666521, 4.533410866665207, 4.533410855695304, 4.533410855695264, 4.533410855695263, 4.533410855695303, 4.533410855695287, 4.5334108669006286, 4.533410866900639, 4.533410866900653, 4.533410866900622, 4.533410866900638, 4.533410858119863, 4.533410858119912, 4.533410858119893, 4.533410858119864, 4.5334108581198835, 4.533410863657138, 4.53341086365711, 4.533410863657105, 4.533410863657144, 4.533410863657135, 4.533410864547212, 4.5334108645471725, 4.533410864547187, 4.533410864547204, 4.533410864547189, 4.533410853095406, 4.5334108530954556, 4.533410853095462, 4.533410853095406, 4.533410853095421, 4.53341086932695, 4.533410869326962, 4.533410869326945, 4.533410869326948, 4.533410869326951, 4.533410852341533, 4.5334108523414836, 4.53341085234148, 4.533410852341534, 4.533410852341525, 4.53341086769263, 4.533410867692648, 4.533410867692647, 4.533410867692628, 4.5334108676926235, 4.533410858233929, 4.533410858233974, 4.53341085823398, 4.533410858233925, 4.533410858233937, 4.533410854291483, 4.533410854291431, 4.5334108542914375, 4.533410854291489, 4.533410854291477, 4.533410867318961, 4.533410867318934, 4.533410867318942, 4.5334108673189535, 4.533410867318973, 4.5334108416765195, 4.533410841676579, 4.533410841676593, 4.53341084167651, 4.533410841676542, 4.533410866382039, 4.533410866382022, 4.533410866382022, 4.533410866382041, 4.53341086638203, 4.533410845616252, 4.533410845616208, 4.533410845616185, 4.533410845616257, 4.533410845616228, 4.53341085316958, 4.533410853169624, 4.5334108531696105, 4.533410853169584, 4.5334108531695865, 4.533410854733653, 4.533410854733703, 4.5334108547336935, 4.533410854733653, 4.533410854733656, 4.533410843947417, 4.533410843947353, 4.533410843947348, 4.533410843947412, 4.5334108439473955, 4.533410867709614, 4.533410867709603, 4.533410867709617, 4.533410867709618, 4.533410867709605, 4.533410834792659, 4.533410834792724, 4.533410834792743, 4.533410834792653, 4.53341083479268, 4.533410849066511, 4.533410849066462, 4.533410849066465, 4.53341084906651, 4.5334108490665175, 4.533410854350151, 4.533410854350106, 4.533410854350104, 4.5334108543501435, 4.533410854350159, 4.533410836921039, 4.5334108369211, 4.533410836921116, 4.533410836921038, 4.533410836921066, 4.533410868681552, 4.533410868681554, 4.533410868681553, 4.533410868681547, 4.533410868681539, 4.533410840433688, 4.5334108404336355, 4.533410840433614, 4.533410840433684, 4.533410840433658, 4.533410855129198, 4.533410855129245, 4.533410855129234, 4.533410855129197, 4.533410855129193, 4.533410862998732, 4.533410862998781, 4.533410862998765, 4.5334108629987275, 4.533410862998741, 4.5334108215872515, 4.5334108215871725, 4.533410821587154, 4.533410821587254, 4.533410821587236, 4.533410856185555, 4.533410856185563, 4.533410856185597, 4.533410856185551, 4.533410856185559, 4.533410820010459, 4.533410820010527, 4.533410820010557, 4.533410820010453, 4.533410820010485, 4.5334108117725505, 4.533410811772459, 4.533410811772472, 4.533410811772545, 4.533410811772538, 4.533410862671352, 4.533410862671341, 4.533410862671301, 4.533410862671352, 4.533410862671365, 4.533410799536321, 4.533410799536416, 4.533410799536418, 4.533410799536319, 4.533410799536358, 4.533410859267006, 4.533410859266973, 4.5334108592669855, 4.533410859267007, 4.533410859266967, 4.533410828643291, 4.533410828643209, 4.533410828643223, 4.533410828643292, 4.533410828643233, 4.533410818571435, 4.533410818571534, 4.533410818571509, 4.533410818571431, 4.533410818571462, 4.533410866340164, 4.533410866340176, 4.5334108663401524, 4.533410866340163, 4.53341086634019, 4.533410823130988, 4.533410823130904, 4.533410823130896, 4.533410823130986, 4.5334108231309855, 4.5334108279157, 4.533410827915751, 4.533410827915802, 4.533410827915696, 4.5334108279157155, 4.5334108660128125, 4.533410866012819, 4.533410866012835, 4.533410866012813, 4.533410866012799, 4.533410834148476, 4.533410834148401, 4.533410834148404, 4.53341083414848, 4.5334108341484525, 4.533410848609388, 4.533410848609448, 4.533410848609424, 4.533410848609387, 4.533410848609419, 4.533410859291731, 4.533410859291752, 4.533410859291724, 4.533410859291726, 4.533410859291743, 4.533410862322616, 4.533410862322602, 4.5334108623225875, 4.533410862322612, 4.533410862322593, 4.533410866731689, 4.533410866731687, 4.533410866731704, 4.53341086673169, 4.533410866731664, 4.533410867462965, 4.533410867462941, 4.533410867462979, 4.533410867462961, 4.533410867462961, 4.533410866159094, 4.5334108661591115, 4.533410866159109, 4.533410866159093, 4.533410866159121, 4.533410864007588, 4.533410864007571, 4.533410864007555, 4.533410864007588, 4.533410864007615, 4.533410866181126, 4.533410866181146, 4.533410866181139, 4.533410866181127, 4.533410866181135, 4.53341086609887, 4.533410866098888, 4.533410866098876, 4.533410866098867, 4.53341086609884, 4.53341085513937, 4.533410855139337, 4.533410855139336, 4.533410855139368, 4.533410855139323, 4.533410865316494, 4.533410865316515, 4.533410865316523, 4.5334108653164895, 4.533410865316507, 4.533410864382495, 4.533410864382492, 4.533410864382509, 4.533410864382496, 4.533410864382519, 4.533410858203505, 4.533410858203471, 4.533410858203474, 4.533410858203502, 4.533410858203522, 4.53341086334546, 4.533410863345484, 4.5334108633455, 4.533410863345456, 4.533410863345486, 4.53341086703704, 4.533410867037036, 4.533410867037024, 4.533410867037032, 4.533410867037027, 4.533410861091154, 4.533410861091153, 4.533410861091133, 4.533410861091154, 4.533410861091134, 4.53341086307616, 4.5334108630761785, 4.533410863076167, 4.5334108630761625, 4.533410863076125, 4.533410869528382, 4.533410869528383, 4.533410869528391, 4.533410869528384, 4.533410869528379, 4.53341086627261, 4.533410866272599, 4.533410866272582, 4.53341086627261, 4.533410866272626, 4.53341086094093, 4.533410860940928, 4.533410860940957, 4.5334108609409345, 4.53341086094096, 4.533410865511263, 4.533410865511261, 4.533410865511282, 4.5334108655112635, 4.5334108655112715, 4.533410867365535, 4.533410867365515, 4.533410867365512, 4.533410867365534, 4.533410867365522, 4.533410866492065, 4.533410866492083, 4.5334108664920665, 4.533410866492062, 4.53341086649207, 4.53341086490078, 4.5334108649008025, 4.533410864900786, 4.533410864900784, 4.533410864900761, 4.5334108651487774, 4.5334108651487535, 4.533410865148761, 4.533410865148778, 4.533410865148751, 4.53341086899318]
Total optimisation time observed during ADAM optimization: 103.854632 seconds
Median time per evaluation during ADAM optimization: 0.199679 seconds
4.53341086899318
QAOA optimisation for n=24 took 130.06 seconds; started at 1777580566.186168 and finished at 1777580696.241955
Finished QAOA for n=10 nodes, m=15 edges at 2026-04-30 22:24:56 on Apple M4. Time taken: 130.06 seconds. Hours: 0.04 hours. Peak RAM: 368.41 MB.
Unknown graph type for approximation ratio calculation; skipping approx ratio computation.
CSV writing for n=24 took 0.00 seconds; started at 1777580696.241958 and finished at 1777580696.242452
results: {24: 4.53341086899318}
durations: {10: 130.05579113960266}
Results saved to: logs/adam/qaoa_results_adam_20260430_200911.csv
Global end time: 1777580696.2424588
Finalisation time: 0.00 seconds; started at 1777580696.242455 and finished at 1777580696.242461
Sum of all section times: 130.14 seconds
