2026-04-30 22:36:38.070 system_profiler[97232:1476144] hw.cpufamily: 0x6f5129ac
Starting QAOA benchmark with global start time: 1777581397.936695
Benchmark parameters: {'optimiser': 'adam', 'circuit_type': 'hamqaoa', 'parameter_vector': [1, 1, 1], 'iterations_list': [50, 100, 200, 500], 'learning_rate_adam': 0.05, 'depth_list': [1, 2, 5, 10], 'n_start': 0, 'n_end': 30, 'singlet_injection': False, 'start_index_singlet': 0, 'warm_start': True, 'compare_with_010101': False, 'warm_start_correlations': False, 'init_QAOAparams_close_to_zero': False, 'use_correlations_as_initial_params': False, 'time_limit': 10800, 'failed_instance_termination_thrsh': 10, 'graph_generation_type': 'HOG', 'weighted': False, 'easiest_first': True, 'cpu_util_threshold': 90, 'debug': False, 'save_circuit_svg': False, 'rerun_exclude_finished_instances': False, 'optimiser_debug_iterations': 1, 'relative_graph_adjList_path': '/Users/julian_dev/Projects/MasterThesis/QAOA/HOG_graphs/list_27_graphs_adjacency_list.txt'}, Running QAOA with equal superposition
Benchmark run ID: 3d4d5c59
Processor: Apple M4
Hostname: Mac-mini-som-tillhor-Julian.local
Total RAM (GB): 16.0
Physical cores: 10
Logical cores: 10
Python version: 3.13.1
Initialisation time: 0.15 seconds; started at {'initialisation': 0.1533219814300537} and finished at 1777581398.090025
Loaded HOG graph index 17 with 15 edges.
Instance generation for n=17 took 0.00 seconds; started at 1777581398.0900302 and finished at 1777581398.090357
Running QAOA for n=10 nodes, m=15 edges...; Max iterations: 200
Warm-start: using parameter_vector=[1, 1, 1]
Warm-start: starting SDP solve for n_vertices=10
Starting SDP solve (solver preference: MOSEK, fallback: SCS) for n_vertices=10, matrix_dim=30, edges=15
Finished SDP solve with MOSEK. status=optimal. elapsed_seconds=0.07
Rounding...
n_vertices: 10 for n = 30
Using seed None to generate random matrix for x.
r_0: [0.83635443 0.52744301 0.14938253]
Product state qubit 0: [[0.57469127+0.j         0.41817721-0.26372151j]
 [0.41817721+0.26372151j 0.42530873+0.j        ]]
Diagonal entries of product state 0: [0.57469127 0.42530873]
r_1: [-0.81154874 -0.55052283 -0.19573772]
Product state qubit 1: [[ 0.40213114+0.j         -0.40577437+0.27526142j]
 [-0.40577437-0.27526142j  0.59786886+0.j        ]]
Diagonal entries of product state 1: [0.40213114 0.59786886]
r_2: [-0.83175578 -0.53206145 -0.15840751]
Product state qubit 2: [[ 0.42079625+0.j         -0.41587789+0.26603072j]
 [-0.41587789-0.26603072j  0.57920375+0.j        ]]
Diagonal entries of product state 2: [0.42079625 0.57920375]
r_3: [-0.88009804 -0.47228595 -0.04871778]
Product state qubit 3: [[ 0.47564111+0.j         -0.44004902+0.23614297j]
 [-0.44004902-0.23614297j  0.52435889+0.j        ]]
Diagonal entries of product state 3: [0.47564111 0.52435889]
r_4: [-0.86930289 -0.48829113 -0.07670885]
Product state qubit 4: [[ 0.46164557+0.j         -0.43465145+0.24414557j]
 [-0.43465145-0.24414557j  0.53835443+0.j        ]]
Diagonal entries of product state 4: [0.46164557 0.53835443]
r_5: [-0.92974248 -0.31784109  0.18589236]
Product state qubit 5: [[ 0.59294618+0.j         -0.46487124+0.15892054j]
 [-0.46487124-0.15892054j  0.40705382+0.j        ]]
Diagonal entries of product state 5: [0.59294618 0.40705382]
r_6: [0.89016595 0.45520706 0.01977665]
Product state qubit 6: [[0.50988833+0.j         0.44508297-0.22760353j]
 [0.44508297+0.22760353j 0.49011167+0.j        ]]
Diagonal entries of product state 6: [0.50988833 0.49011167]
r_7: [0.81755628 0.5453452  0.18493334]
Product state qubit 7: [[0.59246667+0.j        0.40877814-0.2726726j]
 [0.40877814+0.2726726j 0.40753333+0.j       ]]
Diagonal entries of product state 7: [0.59246667 0.40753333]
r_8: [ 0.89415656  0.11061346 -0.43387637]
Product state qubit 8: [[0.28306182+0.j         0.44707828-0.05530673j]
 [0.44707828+0.05530673j 0.71693818+0.j        ]]
Diagonal entries of product state 8: [0.28306182 0.71693818]
r_9: [0.8425194  0.52097765 0.13690636]
Product state qubit 9: [[0.56845318+0.j         0.4212597 -0.26048883j]
 [0.4212597 +0.26048883j 0.43154682+0.j        ]]
Diagonal entries of product state 9: [0.56845318 0.43154682]
y_scalar: False
[1, -1, -1, -1, -1, 1, 1, 1, -1, 1]
Hamiltonian equals product state? [[False False False False]
 [False False False False]
 [False False False False]
 [False False False False]]
Hamiltonian: [[ 0. +0.j  0. +0.j  0. +0.j  0. +0.j]
 [ 0. +0.j  0.5+0.j -0.5+0.j  0. +0.j]
 [ 0. +0.j -0.5+0.j  0.5+0.j  0. +0.j]
 [ 0. +0.j  0. +0.j  0. +0.j  0. +0.j]], product state: [[ 0.24930775+0.j          0.17201231-0.11473961j -0.24639379+0.15761434j
  -0.0974625 +0.22214605j]
 [ 0.17201231+0.11473961j  0.1714885 +0.j         -0.24254108-0.00465096j
  -0.1694841 +0.10841639j]
 [-0.24639379-0.15761434j -0.24254108+0.00465096j  0.34315892+0.j
   0.23676583-0.15793299j]
 [-0.0974625 -0.22214605j -0.1694841 -0.10841639j  0.23676583+0.15793299j
   0.23604483+0.j        ]]
Hamiltonian equals product state? [[False False False False]
 [False False False False]
 [False False False False]
 [False False False False]]
Hamiltonian: [[ 0. +0.j  0. +0.j  0. +0.j  0. +0.j]
 [ 0. +0.j  0.5+0.j -0.5+0.j  0. +0.j]
 [ 0. +0.j -0.5+0.j  0.5+0.j  0. +0.j]
 [ 0. +0.j  0. +0.j  0. +0.j  0. +0.j]], product state: [[ 0.23110125+0.j         -0.23319499+0.15819033j  0.16816208-0.10605063j
  -0.09709324+0.22211948j]
 [-0.23319499-0.15819033j  0.34359001+0.j         -0.24227795-0.00809662j
   0.25001514-0.15767088j]
 [ 0.16816208+0.10605063j -0.24227795+0.00809662j  0.17102989+0.j
  -0.17257938+0.11707108j]
 [-0.09709324-0.22211948j  0.25001514+0.15767088j -0.17257938-0.11707108j
   0.25427885+0.j        ]]
Hamiltonian equals product state? [[False False False False]
 [False False False False]
 [False False False False]
 [False False False False]]
Hamiltonian: [[ 0. +0.j  0. +0.j  0. +0.j  0. +0.j]
 [ 0. +0.j  0.5+0.j -0.5+0.j  0. +0.j]
 [ 0. +0.j -0.5+0.j  0.5+0.j  0. +0.j]
 [ 0. +0.j  0. +0.j  0. +0.j  0. +0.j]], product state: [[ 0.27350962+0.j          0.18871062-0.1258781j  -0.2575165 +0.14464811j
  -0.1111042 +0.21831891j]
 [ 0.18871062+0.1258781j   0.18813596+0.j         -0.24424782-0.01871617j
  -0.17713495+0.09949746j]
 [-0.2575165 -0.14464811j -0.24424782+0.01871617j  0.31895705+0.j
   0.22006752-0.1467945j ]
 [-0.1111042 -0.21831891j -0.17713495-0.09949746j  0.22006752+0.1467945j
   0.21939737+0.j        ]]
Hamiltonian equals product state? [[False False False False]
 [False False False False]
 [False False False False]
 [False False False False]]
Hamiltonian: [[ 0. +0.j  0. +0.j  0. +0.j  0. +0.j]
 [ 0. +0.j  0.5+0.j -0.5+0.j  0. +0.j]
 [ 0. +0.j -0.5+0.j  0.5+0.j  0. +0.j]
 [ 0. +0.j  0. +0.j  0. +0.j  0. +0.j]], product state: [[ 0.13463584+0.j          0.21264881-0.02630615j -0.12456107+0.06684306j
  -0.18367606+0.12991207j]
 [ 0.21264881+0.02630615j  0.34100527+0.j         -0.20979666+0.08123672j
  -0.31548795+0.16929991j]
 [-0.12456107-0.06684306j -0.20979666-0.08123672j  0.14842598+0.j
   0.23442947-0.02900057j]
 [-0.18367606-0.12991207j -0.31548795-0.16929991j  0.23442947+0.02900057j
   0.37593291+0.j        ]]
Hamiltonian equals product state? [[False False False False]
 [False False False False]
 [False False False False]
 [False False False False]]
Hamiltonian: [[ 0. +0.j  0. +0.j  0. +0.j  0. +0.j]
 [ 0. +0.j  0.5+0.j -0.5+0.j  0. +0.j]
 [ 0. +0.j -0.5+0.j  0.5+0.j  0. +0.j]
 [ 0. +0.j  0. +0.j  0. +0.j  0. +0.j]], product state: [[ 0.22859272+0.j          0.16940164-0.10475067j -0.23066373+0.15647323j
  -0.09923386+0.22165623j]
 [ 0.16940164+0.10475067j  0.17353841+0.j         -0.24263891+0.01025685j
  -0.17511064+0.11878819j]
 [-0.23066373-0.15647323j -0.24263891-0.01025685j  0.33986046+0.j
   0.25185806-0.15573816j]
 [-0.09923386-0.22165623j -0.17511064-0.11878819j  0.25185806+0.15573816j
   0.25800841+0.j        ]]
Hamiltonian equals product state? [[False False False False]
 [False False False False]
 [False False False False]
 [False False False False]]
Hamiltonian: [[ 0. +0.j  0. +0.j  0. +0.j  0. +0.j]
 [ 0. +0.j  0.5+0.j -0.5+0.j  0. +0.j]
 [ 0. +0.j -0.5+0.j  0.5+0.j  0. +0.j]
 [ 0. +0.j  0. +0.j  0. +0.j  0. +0.j]], product state: [[ 0.23920297+0.j          0.1772645 -0.10961272j -0.23640711+0.15122601j
  -0.10589456+0.22039957j]
 [ 0.1772645 +0.10961272j  0.18159328+0.j         -0.24449063+0.00373648j
  -0.17947078+0.11480471j]
 [-0.23640711-0.15122601j -0.24449063-0.00373648j  0.32925022+0.j
   0.2439952 -0.15087611j]
 [-0.10589456-0.22039957j -0.17947078-0.11480471j  0.2439952 +0.15087611j
   0.24995354+0.j        ]]
Hamiltonian equals product state? [[False False False False]
 [False False False False]
 [False False False False]
 [False False False False]]
Hamiltonian: [[ 0. +0.j  0. +0.j  0. +0.j  0. +0.j]
 [ 0. +0.j  0.5+0.j -0.5+0.j  0. +0.j]
 [ 0. +0.j -0.5+0.j  0.5+0.j  0. +0.j]
 [ 0. +0.j  0. +0.j  0. +0.j  0. +0.j]], product state: [[ 0.27334679+0.j         -0.25289233+0.1357093j   0.19890227-0.12543679j
  -0.12174249+0.2148j    ]
 [-0.25289233-0.1357093j   0.30134447+0.j         -0.24629445+0.01730078j
   0.21927494-0.13828472j]
 [ 0.19890227+0.12543679j -0.24629445-0.01730078j  0.20229432+0.j
  -0.18715669+0.10043367j]
 [-0.12174249-0.2148j      0.21927494+0.13828472j -0.18715669-0.10043367j
   0.22301442+0.j        ]]
Hamiltonian equals product state? [[False False False False]
 [False False False False]
 [False False False False]
 [False False False False]]
Hamiltonian: [[ 0. +0.j  0. +0.j  0. +0.j  0. +0.j]
 [ 0. +0.j  0.5+0.j -0.5+0.j  0. +0.j]
 [ 0. +0.j -0.5+0.j  0.5+0.j  0. +0.j]
 [ 0. +0.j  0. +0.j  0. +0.j  0. +0.j]], product state: [[ 0.23538769+0.j          0.20547059-0.10507216j -0.2216237 +0.12448697j
  -0.13788757+0.20759324j]
 [ 0.20547059+0.10507216j  0.22625788+0.j         -0.24902435+0.00973683j
  -0.21302775+0.11965859j]
 [-0.2216237 -0.12448697j -0.24902435-0.00973683j  0.27450064+0.j
   0.23961239-0.12253137j]
 [-0.13788757-0.20759324j -0.21302775-0.11965859j  0.23961239+0.12253137j
   0.26385379+0.j        ]]
Hamiltonian equals product state? [[False False False False]
 [False False False False]
 [False False False False]
 [False False False False]]
Hamiltonian: [[ 0. +0.j  0. +0.j  0. +0.j  0. +0.j]
 [ 0. +0.j  0.5+0.j -0.5+0.j  0. +0.j]
 [ 0. +0.j -0.5+0.j  0.5+0.j  0. +0.j]
 [ 0. +0.j  0. +0.j  0. +0.j  0. +0.j]], product state: [[ 0.30233633+0.j          0.26391025-0.13495664j -0.23703242+0.08103173j
  -0.1707354 +0.17653916j]
 [ 0.26391025+0.13495664j  0.29060984+0.j         -0.24307715-0.03507351j
  -0.22783882+0.07788881j]
 [-0.23703242-0.08103173j -0.24307715+0.03507351j  0.20755199+0.j
   0.18117273-0.09264689j]
 [-0.1707354 -0.17653916j -0.22783882-0.07788881j  0.18117273+0.09264689j
   0.19950183+0.j        ]]
Hamiltonian equals product state? [[False False False False]
 [False False False False]
 [False False False False]
 [False False False False]]
Hamiltonian: [[ 0. +0.j  0. +0.j  0. +0.j  0. +0.j]
 [ 0. +0.j  0.5+0.j -0.5+0.j  0. +0.j]
 [ 0. +0.j -0.5+0.j  0.5+0.j  0. +0.j]
 [ 0. +0.j  0. +0.j  0. +0.j  0. +0.j]], product state: [[0.16770469+0.j         0.26487898-0.03276739j 0.11570948-0.0771832j
  0.1676752 -0.14451418j]
 [0.26487898+0.03276739j 0.42476198+0.j         0.19783646-0.09929782j
  0.29306866-0.1954894j ]
 [0.11570948+0.0771832j  0.19783646+0.09929782j 0.11535712+0.j
  0.1821993 -0.02253934j]
 [0.1676752 +0.14451418j 0.29306866+0.1954894j  0.1821993 +0.02253934j
  0.29217621+0.j        ]]
Hamiltonian equals product state? [[False False False False]
 [False False False False]
 [False False False False]
 [False False False False]]
Hamiltonian: [[ 0. +0.j  0. +0.j  0. +0.j  0. +0.j]
 [ 0. +0.j  0.5+0.j -0.5+0.j  0. +0.j]
 [ 0. +0.j -0.5+0.j  0.5+0.j  0. +0.j]
 [ 0. +0.j  0. +0.j  0. +0.j  0. +0.j]], product state: [[ 0.23844212+0.j         -0.1869392 +0.0639069j  -0.24060236+0.16321521j
   0.14488814-0.192447j  ]
 [-0.1869392 -0.0639069j   0.16368902+0.j          0.23237753-0.06347523j
  -0.16517201+0.11204621j]
 [-0.24060236-0.16321521j  0.23237753+0.06347523j  0.35450406+0.j
  -0.27793204+0.09501364j]
 [ 0.14488814+0.192447j   -0.16517201-0.11204621j -0.27793204-0.09501364j
   0.24336481+0.j        ]]
Hamiltonian equals product state? [[False False False False]
 [False False False False]
 [False False False False]
 [False False False False]]
Hamiltonian: [[ 0. +0.j  0. +0.j  0. +0.j  0. +0.j]
 [ 0. +0.j  0.5+0.j -0.5+0.j  0. +0.j]
 [ 0. +0.j -0.5+0.j  0.5+0.j  0. +0.j]
 [ 0. +0.j  0. +0.j  0. +0.j  0. +0.j]], product state: [[ 0.33706214+0.j          0.24978433-0.15445585j -0.26425753+0.09033889j
  -0.15443449+0.18804058j]
 [ 0.24978433+0.15445585j  0.25588404+0.j         -0.23722854-0.05414694j
  -0.2006137 +0.06858166j]
 [-0.26425753-0.09033889j -0.23722854+0.05414694j  0.23139104+0.j
   0.17147537-0.10603297j]
 [-0.15443449-0.18804058j -0.2006137 -0.06858166j  0.17147537+0.10603297j
   0.17566278+0.j        ]]
Hamiltonian equals product state? [[False False False False]
 [False False False False]
 [False False False False]
 [False False False False]]
Hamiltonian: [[ 0. +0.j  0. +0.j  0. +0.j  0. +0.j]
 [ 0. +0.j  0.5+0.j -0.5+0.j  0. +0.j]
 [ 0. +0.j -0.5+0.j  0.5+0.j  0. +0.j]
 [ 0. +0.j  0. +0.j  0. +0.j  0. +0.j]], product state: [[ 0.13067423+0.j          0.20639171-0.02553211j -0.12303323+0.06910829j
  -0.18082033+0.13319133j]
 [ 0.20639171+0.02553211j  0.33097134+0.j         -0.20782611+0.08511303j
  -0.31161822+0.17503728j]
 [-0.12303323-0.06910829j -0.20782611-0.08511303j  0.15238758+0.j
   0.24068657-0.02977462j]
 [-0.18082033-0.13319133j -0.31161822-0.17503728j  0.24068657+0.02977462j
   0.38596684+0.j        ]]
Hamiltonian equals product state? [[False False False False]
 [False False False False]
 [False False False False]
 [False False False False]]
Hamiltonian: [[ 0. +0.j  0. +0.j  0. +0.j  0. +0.j]
 [ 0. +0.j  0.5+0.j -0.5+0.j  0. +0.j]
 [ 0. +0.j -0.5+0.j  0.5+0.j  0. +0.j]
 [ 0. +0.j  0. +0.j  0. +0.j  0. +0.j]], product state: [[ 0.24182793+0.j         -0.23900139+0.15288553j  0.1759674 -0.11097302j
  -0.10375263+0.22092393j]
 [-0.23900139-0.15288553j  0.33286334+0.j         -0.24406868-0.00157204j
   0.24220981-0.15274849j]
 [ 0.1759674 +0.11097302j -0.24406868+0.00157204j  0.17896832+0.j
  -0.1768765 +0.11314519j]
 [-0.10375263-0.22092393j  0.24220981+0.15274849j -0.1768765 -0.11314519j
   0.24634042+0.j        ]]
Hamiltonian equals product state? [[False False False False]
 [False False False False]
 [False False False False]
 [False False False False]]
Hamiltonian: [[ 0. +0.j  0. +0.j  0. +0.j  0. +0.j]
 [ 0. +0.j  0.5+0.j -0.5+0.j  0. +0.j]
 [ 0. +0.j -0.5+0.j  0.5+0.j  0. +0.j]
 [ 0. +0.j  0. +0.j  0. +0.j  0. +0.j]], product state: [[ 0.24252385+0.j          0.21169976-0.10825759j -0.22437586+0.12040655j
  -0.14211135+0.20525993j]
 [ 0.21169976+0.10825759j  0.23311726+0.j         -0.2496053 +0.00494651j
  -0.21567316+0.11573643j]
 [-0.22437586-0.12040655j -0.2496053 -0.00494651j  0.26736448+0.j
   0.23338322-0.11934593j]
 [-0.14211135-0.20525993j -0.21567316-0.11573643j  0.23338322+0.11934593j
   0.25699441+0.j        ]]
Energy of rounded cut: 6.469829981686797
Check the cut: [1, -1, -1, -1, -1, 1, 1, 1, -1, 1]
11 in cut out of a total of 15 edges
Warm-start: SDP solve + rounding finished in 0.08 seconds
Warm-start: statevector build finished in 0.00 seconds
warm_start_correlations: None
Edges: [(2, 7), (0, 1), (4, 7), (3, 8), (1, 9), (2, 9), (0, 3), (4, 6), (5, 6), (7, 8), (1, 5), (5, 9), (4, 8), (0, 2), (3, 6)], weights: [1.0, 1.0, 1.0, 1.0, 1.0, 1.0, 1.0, 1.0, 1.0, 1.0, 1.0, 1.0, 1.0, 1.0, 1.0], set of nodes: {0, 1, 2, 3, 4, 5, 6, 7, 8, 9}, n: 10 nodes, p: 2 layers, N_bayes: 200 iterations
Initial state injected as warm start
Initial state energy for vector-normalised SDP solution used as warm start: 2.631495332409151
Running ADAM optimization with a single iteration (no debug loop)
ADAM optimizer configured with maxiter=200 and learning_rate=0.05
Generated 4 random initial parameter sets for ADAM optimization
Using random initial parameters with:
Param_type 1:  [ 1.39702357 -0.55064079]
Param_type 2:  [ 2.82573324 -0.83813176]
Param_type 3:  [-1.95876547 -0.56305598]
Param_type 4:  [-2.12364944  2.20046373]
Energies observed during ADAM optimization: [3.618140652206441, 3.6181406524150006, 3.6181406522929773, 3.618140652142583, 3.618140652294986, 3.6181406521757684, 3.61814065220644, 3.6181406522329373, 3.6181406522240014, 3.9011832835705538, 3.9011832837903713, 3.9011832836539906, 3.9011832834604743, 3.9011832836745004, 3.9011832835347113, 3.9011832835705587, 3.901183283592957, 3.901183283555469, 4.148576703335063, 4.148576703494431, 4.148576703375994, 4.148576703250823, 4.148576703397654, 4.148576703323641, 4.14857670333506, 4.148576703345075, 4.14857670330102, 4.239818077050445, 4.2398180770948155, 4.239818076985795, 4.239818077029845, 4.239818077040012, 4.239818077079242, 4.239818077050446, 4.23981807704562, 4.239818077039448, 4.192592561360463, 4.1925925613267605, 4.192592561205849, 4.192592561373786, 4.192592561295065, 4.192592561403385, 4.192592561360463, 4.192592561346538, 4.192592561386075, 4.169103670541358, 4.169103670490932, 4.1691036703657804, 4.169103670558616, 4.169103670456475, 4.169103670574736, 4.169103670541357, 4.169103670525266, 4.169103670580096, 4.194358373327828, 4.194358373280054, 4.194358373174901, 4.194358373343119, 4.194358373245398, 4.194358373345223, 4.194358373327827, 4.194358373312659, 4.194358373359599, 4.234528848749515, 4.234528848703752, 4.2345288486391786, 4.234528848764426, 4.23452884868105, 4.234528848750102, 4.234528848749519, 4.234528848735154, 4.234528848761458, 4.263701531504865, 4.263701531457451, 4.263701531439546, 4.263701531521744, 4.263701531456202, 4.2637015314913596, 4.26370153150486, 4.263701531490742, 4.263701531490926, 4.277081180308009, 4.277081180256563, 4.277081180277138, 4.277081180327506, 4.277081180280501, 4.277081180284069, 4.277081180308012, 4.2770811802943225, 4.277081180269507, 4.285564021387981, 4.285564021332326, 4.285564021378742, 4.285564021409108, 4.285564021380534, 4.285564021355934, 4.285564021387974, 4.285564021376373, 4.285564021331959, 4.29809788338058, 4.298097883324654, 4.298097883387981, 4.298097883402487, 4.298097883391767, 4.298097883342692, 4.298097883380582, 4.298097883373605, 4.298097883315791, 4.3151360928555045, 4.315136092807054, 4.315136092882138, 4.31513609287773, 4.3151360928835505, 4.315136092814384, 4.315136092855502, 4.315136092855565, 4.315136092790543, 4.333412748753036, 4.333412748720918, 4.3334127488040775, 4.333412748774835, 4.3334127487946, 4.333412748710853, 4.333412748753036, 4.333412748761522, 4.333412748695704, 4.351265238883939, 4.35126523887461, 4.351265238961918, 4.35126523890385, 4.351265238933352, 4.351265238841739, 4.351265238883939, 4.351265238900543, 4.351265238839978, 4.3709326348848085, 4.3709326348995505, 4.370932634986472, 4.370932634901061, 4.37093263493458, 4.370932634842723, 4.370932634884815, 4.370932634907217, 4.3709326348570885, 4.396040461108345, 4.396040461142968, 4.396040461224019, 4.396040461119624, 4.3960404611506965, 4.3960404610664305, 4.39604046110835, 4.396040461132365, 4.396040461097294, 4.427011693501294, 4.427011693547629, 4.427011693616589, 4.4270116935071835, 4.427011693529698, 4.427011693460436, 4.42701169350129, 4.427011693521415, 4.427011693505876, 4.45924297915935, 4.459242979207344, 4.459242979258135, 4.459242979160048, 4.459242979169544, 4.45924297912127, 4.459242979159358, 4.459242979169861, 4.459242979177339, 4.485390356297714, 4.485390356337944, 4.48539035636521, 4.485390356293712, 4.485390356288618, 4.485390356264301, 4.485390356297712, 4.485390356294352, 4.485390356325413, 4.500198719403281, 4.5001987194292905, 4.5001987194292745, 4.500198719395195, 4.500198719377645, 4.50019871937578, 4.500198719403279, 4.500198719385389, 4.500198719435623, 4.504577044457955, 4.504577044467473, 4.5045770444394915, 4.504577044446878, 4.50457704442232, 4.504577044436482, 4.504577044457957, 4.504577044429546, 4.504577044489432, 4.504283905004146, 4.504283904998846, 4.504283904946515, 4.504283904991782, 4.504283904966802, 4.504283904987988, 4.504283905004149, 4.5042839049723815, 4.504283905030194, 4.505061419993075, 4.505061419978061, 4.5050614199087, 4.505061419981597, 4.505061419961673, 4.5050614199813515, 4.5050614199930745, 4.50506141996544, 4.505061420011202, 4.509403997750866, 4.509403997733334, 4.509403997656198, 4.5094039977425435, 4.509403997731113, 4.509403997743203, 4.509403997750858, 4.509403997733257, 4.509403997761002, 4.51566817475183, 4.515668174739156, 4.515668174662967, 4.515668174748574, 4.515668174746777, 4.5156681747485115, 4.515668174751824, 4.5156681747475655, 4.5156681747557315, 4.520327280812009, 4.520327280809857, 4.520327280741201, 4.520327280814782, 4.520327280821423, 4.520327280813605, 4.520327280812014, 4.520327280821065, 4.520327280812209, 4.52166068830657, 4.521660688317698, 4.521660688260305, 4.5216606883151735, 4.521660688326833, 4.521660688313442, 4.521660688306571, 4.521660688325588, 4.521660688305374, 4.520881622090337, 4.520881622114311, 4.520881622069525, 4.520881622103651, 4.520881622115678, 4.520881622102271, 4.520881622090336, 4.5208816221138814, 4.5208816220892745, 4.520195390019884, 4.5201953900537815, 4.520195390021161, 4.520195390036345, 4.520195390044331, 4.520195390036018, 4.520195390019884, 4.520195390042464, 4.520195390019705, 4.521011386082841, 4.521011386122037, 4.521011386100175, 4.521011386100667, 4.521011386101666, 4.52101138610181, 4.5210113860828445, 4.521011386100181, 4.521011386083698, 4.523513430057863, 4.523513430096992, 4.523513430084039, 4.523513430075336, 4.523513430068116, 4.523513430077969, 4.523513430057865, 4.5235134300673945, 4.523513430059494, 4.526929797791311, 4.526929797825051, 4.526929797819178, 4.526929797806906, 4.526929797791891, 4.526929797810684, 4.526929797791312, 4.526929797792156, 4.526929797793267, 4.5301268191186645, 4.530126819142288, 4.530126819141972, 4.530126819131208, 4.530126819110276, 4.530126819135447, 4.530126819118671, 4.530126819111564, 4.530126819120468, 4.532233253879354, 4.532233253889368, 4.532233253893319, 4.532233253888182, 4.5322332538643275, 4.532233253891962, 4.532233253879349, 4.532233253866477, 4.532233253880555, 4.532945756560946, 4.532945756555666, 4.532945756562883, 4.532945756565873, 4.532945756542707, 4.532945756568341, 4.532945756560951, 4.532945756545261, 4.532945756561116, 4.532538112871652, 4.532538112851817, 4.532538112861533, 4.53253811287287, 4.532538112853992, 4.532538112873642, 4.532538112871651, 4.5325381128563285, 4.532538112870324, 4.531744662551398, 4.531744662520478, 4.531744662532119, 4.531744662549457, 4.531744662537609, 4.531744662548721, 4.531744662551397, 4.531744662539145, 4.531744662548257, 4.531384204127678, 4.531384204091572, 4.531384204104745, 4.5313842041233405, 4.531384204120005, 4.531384204121854, 4.53138420412768, 4.531384204120366, 4.531384204122795, 4.531732945235164, 4.531732945200934, 4.531732945215419, 4.53173294522923, 4.531732945234489, 4.531732945228105, 4.531732945235164, 4.531732945233633, 4.5317329452291455, 4.532265287913037, 4.532265287887066, 4.532265287902728, 4.532265287906075, 4.53226528791878, 4.532265287906556, 4.532265287913043, 4.532265287916984, 4.5322652879068945, 4.532201087635966, 4.532201087622233, 4.532201087638945, 4.532201087628234, 4.532201087646313, 4.532201087631336, 4.532201087635955, 4.532201087644103, 4.532201087630837, 4.5313548104027195, 4.531354810401853, 4.531354810419416, 4.531354810394353, 4.531354810415149, 4.531354810400474, 4.5313548104027195, 4.531354810413065, 4.531354810399536, 4.530399177287901, 4.530399177297271, 4.530399177315472, 4.5303991772791035, 4.530399177299819, 4.530399177287864, 4.530399177287904, 4.530399177298283, 4.530399177287116, 4.530284100201125, 4.5302841002159315, 4.530284100234379, 4.5302841001923095, 4.530284100210397, 4.530284100202657, 4.5302841002011185, 4.530284100209614, 4.5302841002026915, 4.531391848783518, 4.531391848798126, 4.531391848816239, 4.531391848775188, 4.53139184878878, 4.531391848785727, 4.531391848783531, 4.53139184878878, 4.531391848786956, 4.533211996069843, 4.533211996079256, 4.533211996096232, 4.5332119960624215, 4.53321199607065, 4.533211996071887, 4.5332119960698405, 4.5332119960712935, 4.5332119960743915, 4.534787535944394, 4.534787535945354, 4.53478753596028, 4.53478753593815, 4.534787535941226, 4.534787535945666, 4.5347875359443846, 4.534787535942304, 4.534787535949169, 4.535493491770329, 4.535493491762044, 4.535493491774083, 4.535493491765343, 4.535493491764413, 4.535493491770619, 4.535493491770333, 4.535493491765676, 4.535493491774457, 4.535464282431596, 4.535464282415754, 4.535464282424341, 4.535464282427943, 4.535464282424624, 4.5354642824311915, 4.5354642824315965, 4.535464282425814, 4.535464282434408, 4.535334094851482, 4.535334094831736, 4.535334094836722, 4.5353340948492535, 4.535334094845166, 4.535334094851088, 4.535334094851477, 4.535334094846033, 4.535334094852566, 4.5355944014726495, 4.535594401453483, 4.535594401455103, 4.5355944014719585, 4.535594401468332, 4.535594401473155, 4.535594401472652, 4.5355944014687175, 4.535594401471941, 4.53619387638246, 4.536193876367991, 4.536193876366754, 4.5361938763833125, 4.536193876380877, 4.536193876384685, 4.536193876382459, 4.536193876380695, 4.536193876380222, 4.536705853483895, 4.536705853476866, 4.536705853473429, 4.536705853486074, 4.536705853485072, 4.5367058534882885, 4.536705853483899, 4.5367058534844045, 4.536705853480676, 4.53681428948107, 4.536814289482304, 4.5368142894773875, 4.536814289484178, 4.536814289484437, 4.536814289487596, 4.536814289481071, 4.536814289483442, 4.536814289477574, 4.536623422135712, 4.536623422144014, 4.536623422138427, 4.536623422139253, 4.536623422140225, 4.536623422143866, 4.536623422135713, 4.5366234221391855, 4.536623422132636, 4.536538175574974, 4.536538175587678, 4.536538175582104, 4.536538175578497, 4.536538175579467, 4.536538175583949, 4.5365381755749725, 4.53653817557861, 4.536538175572924, 4.5368828970040616, 4.5368828970176605, 4.5368828970127, 4.536882897007194, 4.536882897007511, 4.536882897012891, 4.536882897004076, 4.536882897007019, 4.536882897003405, 4.537622569883524, 4.537622569894542, 4.537622569890592, 4.537622569885962, 4.5376225698852375, 4.537622569891345, 4.537622569883525, 4.537622569885175, 4.537622569884314, 4.538414821039714, 4.538414821045561, 4.538414821042722, 4.538414821041213, 4.538414821039466, 4.5384148210458095, 4.538414821039721, 4.538414821039836, 4.538414821041722, 4.538920040572324, 4.538920040571853, 4.538920040570089, 4.5389200405727275, 4.538920040570392, 4.538920040576366, 4.53892004057233, 4.538920040571067, 4.538920040575149, 4.539084171391246, 4.539084171384965, 4.539084171384225, 4.539084171390509, 4.539084171388264, 4.53908417139327, 4.539084171391244, 4.539084171389095, 4.5390841713943315, 4.539137208599923, 4.539137208589887, 4.539137208590081, 4.5391372085981665, 4.539137208596738, 4.539137208600339, 4.539137208599921, 4.539137208597558, 4.539137208602766, 4.539327068153262, 4.539327068142387, 4.539327068143515, 4.539327068150726, 4.539327068150705, 4.539327068152731, 4.539327068153257, 4.5393270681513505, 4.539327068155441, 4.539668672332268, 4.539668672323435, 4.539668672325533, 4.539668672329267, 4.539668672330911, 4.539668672331448, 4.539668672332265, 4.539668672331289, 4.5396686723335495, 4.539965023394541, 4.539965023389778, 4.539965023392851, 4.53996502339137, 4.5399650233946796, 4.539965023393935, 4.539965023394537, 4.53996502339471, 4.539965023394853, 4.540049657397447, 4.54004965739731, 4.540049657401318, 4.540049657394331, 4.5400496573989395, 4.540049657397251, 4.540049657397452, 4.540049657398658, 4.54004965739689, 4.539971206864143, 4.539971206867769, 4.539971206872588, 4.539971206861309, 4.5399712068665705, 4.539971206864334, 4.539971206864143, 4.539971206866055, 4.539971206862968, 4.5399283932513335, 4.5399283932567505, 4.539928393262198, 4.5399283932489185, 4.5399283932540415, 4.539928393251658, 4.539928393251331, 4.5399283932534304, 4.539928393249834, 4.540054716050655, 4.540054716055529, 4.540054716061327, 4.54005471604878, 4.540054716053009, 4.540054716050819, 4.540054716050651, 4.540054716052424, 4.540054716049123, 4.540294514166164, 4.540294514168537, 4.540294514174277, 4.540294514164815, 4.54029451416762, 4.540294514165901, 4.540294514166165, 4.540294514167199, 4.540294514164852, 4.540484930126434, 4.54048493012532, 4.540484930130558, 4.540484930125589, 4.540484930126746, 4.540484930125654, 4.540484930126427, 4.5404849301265315, 4.540484930125497, 4.540532268897479, 4.540532268893106, 4.540532268897361, 4.540532268897068, 4.540532268896679, 4.5405322688962695, 4.540532268897487, 4.540532268896709, 4.540532268897, 4.540488259370427, 4.540488259364099, 4.540488259367, 4.5404882593704, 4.540488259368851, 4.540488259369035, 4.540488259370428, 4.5404882593690505, 4.5404882593703375, 4.540464788225869, 4.540464788219499, 4.540464788220799, 4.540464788226229, 4.540464788224001, 4.5404647882246225, 4.540464788225865, 4.540464788224283, 4.54046478822607, 4.540502963251606, 4.540502963247127, 4.540502963246765, 4.540502963252341, 4.540502963249958, 4.540502963250828, 4.540502963251599, 4.540502963250241, 4.5405029632519645, 4.5405435865559785, 4.540543586554693, 4.540543586552753, 4.540543586557074, 4.540543586554968, 4.540543586555858, 4.540543586555978, 4.540543586555182, 4.540543586556388, 4.540516258411728, 4.54051625841398, 4.540516258410688, 4.540516258413072, 4.540516258411555, 4.540516258412268, 4.540516258411726, 4.54051625841164, 4.540516258412069, 4.540428900388199, 4.540428900393296, 4.540428900389008, 4.540428900389704, 4.5404289003888065, 4.540428900389204, 4.5404289003881955, 4.540428900388768, 4.54042890038846, 4.540357621910457, 4.540357621916988, 4.540357621912094, 4.540357621911989, 4.5403576219115696, 4.540357621911606, 4.540357621910457, 4.540357621911453, 4.540357621910642, 4.540360315267978, 4.5403603152742065, 4.540360315269201, 4.540360315269391, 4.540360315269195, 4.54036031526893, 4.540360315267968, 4.540360315269053, 4.540360315268112, 4.540418762668046, 4.54041876267255, 4.540418762667843, 4.540418762669245, 4.540418762668968, 4.540418762668518, 4.540418762668051, 4.5404187626688755, 4.540418762668193, 4.54047011700755, 4.540470117009511, 4.540470117005501, 4.540470117008453, 4.540470117007875, 4.540470117007373, 4.540470117007554, 4.540470117007876, 4.540470117007758, 4.540479005925788, 4.540479005925269, 4.540479005922243, 4.54047900592639, 4.540479005925442, 4.540479005924969, 4.540479005925781, 4.540479005925542, 4.540479005926042, 4.540466668944754, 4.5404666689425275, 4.540466668940692, 4.5404666689451, 4.540466668943878, 4.540466668943453, 4.540466668944751, 4.540466668944045, 4.540466668945056, 4.540471132690184, 4.540471132687475, 4.540471132686831, 4.540471132690339, 4.54047113268907, 4.540471132688622, 4.54047113269018, 4.5404711326892695, 4.5404711326904446, 4.540497644197828, 4.5404976441957805, 4.540497644196221, 4.540497644197893, 4.540497644196816, 4.540497644196265, 4.5404976441978215, 4.54049764419698, 4.540497644197966, 4.540519569191916, 4.540519569191256, 4.5405195691925355, 4.540519569191957, 4.540519569191298, 4.540519569190516, 4.540519569191917, 4.540519569191369, 4.540519569191851, 4.54051906346103, 4.540519063461863, 4.540519063463651, 4.540519063461079, 4.540519063460985, 4.540519063459874, 4.540519063461026, 4.540519063460927, 4.540519063460729, 4.54051058366677, 4.5405105836686035, 4.540510583670512, 4.5405105836668085, 4.540510583667231, 4.540510583665822, 4.540510583666781, 4.54051058366708, 4.54051058366624, 4.540520398415787, 4.540520398417827, 4.540520398419525, 4.540520398415789, 4.540520398416602, 4.540520398414965, 4.540520398415788, 4.540520398416377, 4.540520398415097, 4.540553516392346, 4.5405535163937545, 4.540553516395006, 4.54055351639229, 4.540553516393204, 4.5405535163915385, 4.540553516392343, 4.540553516392964, 4.54055351639161, 4.540589407272798, 4.540589407273081, 4.540589407273763, 4.540589407272655, 4.540589407273426, 4.540589407271961, 4.540589407272791, 4.540589407273218, 4.540589407272154, 4.540608498722411, 4.540608498721571, 4.54060849872165, 4.540608498722211, 4.540608498722618, 4.540608498721557, 4.540608498722409, 4.54060849872252, 4.540608498721994, 4.540612472696281, 4.5406124726947725, 4.540612472694329, 4.5406124726960675, 4.540612472696027, 4.540612472695515, 4.540612472696286, 4.5406124726960355, 4.54061247269617, 4.54061561158122, 4.540615611579734, 4.540615611578935, 4.540615611581081, 4.540615611580623, 4.540615611580646, 4.540615611581227, 4.540615611580747, 4.540615611581441, 4.540624014089081, 4.540624014088259, 4.540624014087244, 4.540624014089048, 4.5406240140883645, 4.540624014088811, 4.540624014089085, 4.54062401408854, 4.5406240140895555, 4.540630772829903, 4.540630772830163, 4.540630772829024, 4.540630772830051, 4.54063077282934, 4.540630772829998, 4.540630772829905, 4.540630772829525, 4.540630772830512, 4.540629141158469, 4.5406291411597435, 4.540629141158592, 4.540629141158774, 4.540629141158231, 4.540629141158903, 4.54062914115847, 4.540629141158356, 4.540629141159051, 4.540623493571131, 4.540623493572966, 4.540623493571847, 4.540623493571553, 4.540623493571256, 4.540623493571775, 4.5406234935711245, 4.540623493571301, 4.54062349357154, 4.540622639013452, 4.540622639015245, 4.540622639014204, 4.540622639013924, 4.540622639013868, 4.540622639014149, 4.540622639013448, 4.540622639013845, 4.540622639013624, 4.540628291605148, 4.540628291606337, 4.540628291605437, 4.5406282916055645, 4.540628291605674, 4.540628291605766, 4.540628291605141, 4.540628291605579, 4.540628291605069, 4.540634045734319, 4.540634045734562, 4.5406340457339125, 4.540634045734629, 4.540634045734745, 4.540634045734762, 4.540634045734321, 4.540634045734636, 4.540634045734058, 4.54063474612204, 4.5406347461214, 4.540634746121061, 4.540634746122223, 4.540634746122225, 4.540634746122303, 4.540634746122043, 4.540634746122147, 4.54063474612171, 4.540632180527787, 4.540632180526565, 4.540632180526643, 4.5406321805278, 4.540632180527639, 4.540632180527883, 4.540632180527783, 4.540632180527615, 4.540632180527526, 4.540630749795415, 4.5406307497941105, 4.5406307497946345, 4.540630749795299, 4.540630749795045, 4.540630749795438, 4.540630749795422, 4.540630749795077, 4.540630749795281, 4.540631153414843, 4.540631153413863, 4.540631153414761, 4.5406311534146555, 4.540631153414401, 4.540631153414839, 4.540631153414848, 4.540631153414458, 4.540631153414862, 4.540630776227025, 4.5406307762265925, 4.540630776227786, 4.540630776226792, 4.540630776226694, 4.540630776227059, 4.540630776227027, 4.540630776226771, 4.540630776227171, 4.5406286332224965, 4.540628633222564, 4.540628633223847, 4.540628633222239, 4.540628633222394, 4.540628633222573, 4.540628633222499, 4.540628633222438, 4.540628633222672, 4.540627096174728, 4.5406270961750765, 4.54062709617621, 4.540627096174439, 4.540627096174896, 4.540627096174813, 4.5406270961747275, 4.5406270961748945, 4.540627096174849, 4.540628225632422, 4.540628225632717, 4.540628225633589, 4.5406282256321, 4.540628225632799, 4.540628225632518, 4.540628225632424, 4.54062822563274, 4.540628225632441, 4.540631155245477, 4.540631155245494, 4.540631155246018, 4.540631155245111, 4.540631155245898, 4.540631155245537, 4.54063115524548, 4.540631155245825, 4.540631155245367, 4.540633624686869, 4.540633624686549, 4.540633624686699, 4.540633624686488, 4.540633624687193, 4.540633624686901, 4.540633624686855, 4.540633624687111, 4.540633624686688, 4.540634939467026, 4.54063493946644, 4.540634939466359, 4.540634939466663, 4.540634939467122, 4.540634939467059, 4.540634939467028, 4.540634939467076, 4.540634939466848, 4.540636171879574, 4.540636171878974, 4.540636171878794, 4.540636171879277, 4.540636171879436, 4.5406361718796395, 4.54063617187957, 4.5406361718794495, 4.540636171879494, 4.540637811347386, 4.540637811346999, 4.540637811346853, 4.540637811347225, 4.540637811347125, 4.540637811347535, 4.5406378113473895, 4.54063781134717, 4.540637811347466, 4.540639000128373, 4.5406390001283, 4.540639000128253, 4.54063900012837, 4.540639000128097, 4.540639000128611, 4.540639000128366, 4.54063900012816, 4.540639000128595, 4.540639277722151, 4.540639277722397, 4.540639277722422, 4.540639277722292, 4.540639277721991, 4.54063927772245, 4.540639277722151, 4.540639277722042, 4.540639277722418, 4.54063936485242, 4.54063936485282, 4.540639364852865, 4.540639364852667, 4.540639364852401, 4.540639364852746, 4.54063936485241, 4.540639364852456, 4.540639364852649, 4.540640172583364, 4.540640172583728, 4.54064017258374, 4.540640172583636, 4.540640172583518, 4.540640172583676, 4.540640172583366, 4.540640172583506, 4.540640172583476, 4.540641533469355, 4.540641533469551, 4.540641533469426, 4.540641533469585, 4.54064153346957, 4.540641533469599, 4.540641533469356, 4.540641533469536, 4.540641533469299, 4.540642604283243, 4.540642604283182, 4.540642604282981, 4.540642604283383, 4.540642604283418, 4.540642604283394, 4.540642604283242, 4.54064260428337, 4.540642604283056, 4.540643099564601, 4.540643099564347, 4.54064309956412, 4.540643099564641, 4.540643099564653, 4.540643099564661, 4.5406430995646, 4.54064309956461, 4.5406430995643605, 4.540643421058671, 4.540643421058363, 4.540643421058212, 4.54064342105863, 4.540643421058594, 4.540643421058668, 4.5406434210586655, 4.540643421058573, 4.5406434210584905, 4.54064370365871, 4.540643703658474, 4.540643703658475, 4.540643703658624, 4.540643703658546, 4.540643703658642, 4.54064370365871, 4.540643703658557, 4.540643703658653, 4.540643630313185, 4.540643630313116, 4.54064363031328, 4.540643630313095, 4.540643630313016, 4.540643630313097, 4.540643630313184, 4.5406436303130535, 4.540643630313268, 4.540643103974897, 4.540643103974998, 4.540643103975273, 4.540643103974818, 4.5406431039748, 4.540643103974778, 4.540643103974896, 4.540643103974845, 4.540643103975073, 4.540642620498697, 4.540642620498893, 4.540642620499191, 4.540642620498633, 4.540642620498711, 4.540642620498572, 4.540642620498694, 4.540642620498744, 4.540642620498885, 4.540642605032799, 4.540642605032986, 4.540642605033205, 4.540642605032743, 4.540642605032927, 4.5406426050326605, 4.5406426050328, 4.540642605032922, 4.540642605032901, 4.540642874837578, 4.540642874837666, 4.540642874837734, 4.540642874837504, 4.540642874837743, 4.5406428748374426, 4.540642874837581, 4.540642874837722, 4.540642874837561, 4.5406430155415825, 4.540643015541544, 4.5406430155414546, 4.540643015541498, 4.540643015541686, 4.540643015541436, 4.540643015541582, 4.5406430155416455, 4.540643015541463, 4.540642988697796, 4.540642988697698, 4.540642988697491, 4.540642988697737, 4.540642988697828, 4.540642988697679, 4.540642988697796, 4.540642988697789, 4.540642988697626, 4.540643054568079, 4.540643054567975, 4.540643054567789, 4.540643054568055, 4.540643054568017, 4.540643054567983, 4.5406430545680685, 4.540643054568006, 4.540643054567931, 4.540643194308932, 4.5406431943089, 4.540643194308768, 4.540643194308968, 4.540643194308831, 4.5406431943088785, 4.540643194308934, 4.540643194308829, 4.540643194308881, 4.540643171925347, 4.540643171925411, 4.54064317192536, 4.540643171925458, 4.5406431719252245, 4.5406431719253195, 4.540643171925349, 4.540643171925249, 4.540643171925405, 4.540643031902319, 4.540643031902479, 4.540643031902462, 4.5406430319024835, 4.54064303190227, 4.540643031902329, 4.5406430319023166, 4.5406430319023, 4.540643031902431, 4.540643030925808, 4.5406430309259855, 4.540643030925977, 4.540643030925996, 4.540643030925818, 4.540643030925823, 4.540643030925815, 4.540643030925839, 4.5406430309259385, 4.54064328958372, 4.540643289583878, 4.540643289583778, 4.540643289583876, 4.540643289583769, 4.5406432895837305, 4.540643289583723, 4.540643289583761, 4.5406432895837865, 4.540643559681567, 4.540643559681656, 4.540643559681451, 4.5406435596816825, 4.540643559681639, 4.540643559681566, 4.54064355968157, 4.54064355968163, 4.54064355968154, 4.54064370502049, 4.540643705020493, 4.540643705020243, 4.5406437050205195, 4.540643705020534, 4.540643705020482, 4.54064370502049, 4.540643705020509, 4.5406437050204, 4.540643814676755, 4.540643814676741, 4.540643814676481, 4.5406438146767245, 4.54064381467675, 4.540643814676724, 4.5406438146767645, 4.540643814676713, 4.5406438146766375, 4.540643996261676, 4.54064399626166, 4.54064399626148, 4.540643996261632, 4.540643996261626, 4.540643996261635, 4.540643996261676, 4.540643996261621, 4.540643996261603, 4.540644119796377, 4.540644119796408, 4.540644119796378, 4.540644119796334, 4.540644119796342, 4.540644119796334, 4.540644119796383, 4.540644119796343, 4.540644119796394, 4.540644073033237, 4.540644073033269, 4.5406440730333895, 4.540644073033215, 4.540644073033214, 4.540644073033177, 4.540644073033232, 4.540644073033233, 4.540644073033319, 4.540644014046001, 4.540644014046033, 4.540644014046218, 4.540644014045984, 4.540644014045999, 4.540644014045945, 4.5406440140460065, 4.540644014046016, 4.540644014046111, 4.54064407691595, 4.540644076915963, 4.5406440769161405, 4.540644076915933, 4.540644076915966, 4.540644076915901, 4.540644076915957, 4.540644076915984, 4.540644076916021, 4.5406441744013675, 4.540644174401333, 4.540644174401469, 4.540644174401347, 4.540644174401405, 4.540644174401329, 4.540644174401371, 4.5406441744014066, 4.540644174401369, 4.54064418782561, 4.54064418782554, 4.540644187825593, 4.540644187825565, 4.540644187825638, 4.540644187825588, 4.540644187825614, 4.540644187825624, 4.540644187825538, 4.540644154107148, 4.540644154107078, 4.540644154107054, 4.5406441541071105, 4.540644154107161, 4.540644154107151, 4.540644154107152, 4.540644154107132, 4.540644154107037, 4.5406441686981225, 4.540644168698077, 4.5406441686980274, 4.5406441686980905, 4.5406441686981065, 4.540644168698131, 4.540644168698113, 4.540644168698092, 4.540644168698033, 4.5406441940172115, 4.5406441940171955, 4.5406441940171876, 4.540644194017217, 4.540644194017193, 4.540644194017244, 4.5406441940172115, 4.5406441940171876, 4.540644194017189, 4.540644148318509, 4.540644148318527, 4.5406441483185445, 4.540644148318537, 4.540644148318486, 4.5406441483185445, 4.540644148318508, 4.540644148318503, 4.5406441483185604, 4.540644079295613, 4.540644079295632, 4.540644079295666, 4.54064407929566, 4.540644079295601, 4.540644079295658, 4.5406440792956175, 4.54064407929562, 4.5406440792957, 4.540644070637626, 4.540644070637647, 4.54064407063768, 4.5406440706376685, 4.540644070637633, 4.540644070637692, 4.5406440706376285, 4.540644070637654, 4.540644070637713, 4.54064411606707, 4.540644116067085, 4.540644116067079, 4.540644116067098, 4.540644116067095, 4.540644116067126, 4.540644116067071, 4.5406441160670905, 4.540644116067102, 4.540644132163929, 4.540644132163928, 4.540644132163852, 4.540644132163909, 4.540644132163927, 4.540644132163966, 4.54064413216393, 4.540644132163927, 4.540644132163901, 4.540644127590181, 4.540644127590172, 4.540644127590085, 4.540644127590152, 4.540644127590179, 4.540644127590218, 4.540644127590185, 4.540644127590167, 4.540644127590122, 4.540644157364476, 4.54064415736445, 4.540644157364392, 4.540644157364435, 4.54064415736448, 4.540644157364501, 4.540644157364474, 4.540644157364465, 4.5406441573644205, 4.540644200003511, 4.540644200003484, 4.540644200003503, 4.540644200003488, 4.540644200003515, 4.540644200003528, 4.540644200003514, 4.540644200003516, 4.540644200003502, 4.5406442030575445, 4.540644203057526, 4.540644203057607, 4.5406442030575365, 4.5406442030575445, 4.540644203057556, 4.540644203057548, 4.540644203057555, 4.5406442030575755, 4.540644191767258, 4.540644191767231, 4.540644191767365, 4.540644191767252, 4.540644191767249, 4.540644191767256, 4.540644191767265, 4.540644191767264, 4.540644191767301, 4.540644207737841, 4.540644207737819, 4.540644207737945, 4.540644207737835, 4.5406442077378415, 4.54064420773783, 4.540644207737843, 4.540644207737851, 4.540644207737885, 4.54064424034712, 4.540644240347099, 4.5406442403471585, 4.540644240347105, 4.5406442403471186, 4.540644240347102, 4.54064424034712, 4.54064424034712, 4.540644240347126, 4.5406442517849115, 4.540644251784893, 4.540644251784898, 4.540644251784886, 4.540644251784908, 4.540644251784913, 4.540644251784908, 4.540644251784902, 4.540644251784884, 4.540644254348089, 4.5406442543480905, 4.540644254348051, 4.540644254348068, 4.540644254348089, 4.5406442543480905, 4.5406442543480985, 4.540644254348078, 4.540644254348037, 4.540644269014864, 4.540644269014846, 4.540644269014832, 4.540644269014844, 4.540644269014867, 4.540644269014863, 4.540644269014864, 4.5406442690148605, 4.540644269014827, 4.540644281574163, 4.540644281574171, 4.540644281574151, 4.540644281574162, 4.540644281574177, 4.540644281574175, 4.540644281574161, 4.5406442815741705, 4.54064428157416, 4.540644275881224, 4.54064427588123, 4.540644275881233, 4.540644275881235, 4.540644275881231, 4.540644275881231, 4.540644275881219, 4.540644275881237, 4.540644275881245, 4.540644264749237, 4.540644264749236, 4.540644264749264, 4.54064426474927, 4.540644264749246, 4.540644264749231, 4.540644264749239, 4.540644264749235, 4.540644264749273, 4.540644264406083, 4.540644264406093, 4.540644264406098, 4.540644264406106, 4.540644264406076, 4.54064426440609, 4.540644264406089, 4.540644264406084, 4.540644264406123, 4.540644268831779, 4.540644268831798, 4.540644268831759, 4.540644268831789, 4.540644268831762, 4.540644268831781, 4.5406442688317705, 4.540644268831767, 4.540644268831787, 4.540644265890406, 4.540644265890429, 4.5406442658903705, 4.540644265890404, 4.540644265890401, 4.5406442658904105, 4.540644265890406, 4.540644265890405, 4.540644265890391, 4.540644262361735, 4.540644262361736, 4.540644262361693, 4.5406442623617345, 4.540644262361738, 4.5406442623617345, 4.540644262361731, 4.540644262361734, 4.540644262361709, 4.540644265491438, 4.540644265491451, 4.540644265491412, 4.54064426549144, 4.540644265491447, 4.540644265491438, 4.5406442654914345, 4.540644265491436, 4.54064426549141, 4.540644269935702, 4.540644269935703, 4.540644269935705, 4.540644269935705, 4.540644269935714, 4.5406442699356875, 4.5406442699357035, 4.540644269935698, 4.540644269935688, 4.540644267113188, 4.540644267113198, 4.540644267113216, 4.540644267113201, 4.540644267113211, 4.540644267113176, 4.540644267113194, 4.5406442671131995, 4.540644267113192, 4.540644262015312, 4.540644262015311, 4.540644262015354, 4.540644262015318, 4.540644262015301, 4.540644262015299, 4.5406442620153085, 4.540644262015316, 4.54064426201534, 4.540644263195113, 4.540644263195097, 4.5406442631951345, 4.540644263195117, 4.540644263195087, 4.540644263195104, 4.540644263195117, 4.540644263195107, 4.540644263195153, 4.540644268832204, 4.5406442688321995, 4.540644268832185, 4.540644268832193, 4.540644268832178, 4.540644268832177, 4.540644268832204, 4.5406442688321915, 4.540644268832207, 4.540644270171466, 4.540644270171465, 4.540644270171437, 4.540644270171456, 4.540644270171463, 4.540644270171451, 4.540644270171463, 4.540644270171449, 4.540644270171438, 4.540644270208759, 4.540644270208775, 4.5406442702087535, 4.540644270208746, 4.540644270208776, 4.54064427020876, 4.540644270208767, 4.5406442702087695, 4.540644270208735, 4.540644271857925, 4.540644271857926, 4.540644271857919, 4.5406442718579285, 4.540644271857952, 4.540644271857918, 4.540644271857924, 4.540644271857938, 4.540644271857904, 4.540644275961353, 4.540644275961375, 4.540644275961363, 4.540644275961368, 4.540644275961378, 4.540644275961359, 4.540644275961364, 4.540644275961369, 4.5406442759613554, 4.540644278838206, 4.540644278838207, 4.540644278838217, 4.540644278838219, 4.540644278838207, 4.540644278838204, 4.540644278838207, 4.540644278838211, 4.540644278838218, 4.54064427551886, 4.540644275518867, 4.540644275518881, 4.540644275518871, 4.540644275518835, 4.540644275518872, 4.540644275518852, 4.540644275518837, 4.540644275518884, 4.540644277297865, 4.540644277297856, 4.540644277297854, 4.540644277297867, 4.540644277297836, 4.540644277297868, 4.5406442772978695, 4.540644277297849, 4.540644277297886, 4.5406442807467435, 4.540644280746735, 4.540644280746708, 4.540644280746735, 4.54064428074673, 4.540644280746744, 4.5406442807467435, 4.540644280746733, 4.540644280746735, 4.540644279845513, 4.540644279845517, 4.540644279845486, 4.540644279845504, 4.540644279845527, 4.540644279845523, 4.540644279845517, 4.540644279845527, 4.5406442798455044, 4.540644277811152, 4.540644277811156, 4.5406442778111495, 4.540644277811148, 4.540644277811177, 4.540644277811145, 4.540644277811153, 4.540644277811178, 4.5406442778111415, 4.540644280891712, 4.540644280891725, 4.540644280891728, 4.540644280891722, 4.540644280891737, 4.540644280891723, 4.540644280891711, 4.540644280891726, 4.5406442808917, 4.5406442812614225, 4.5406442812614305, 4.540644281261434, 4.540644281261422, 4.540644281261425, 4.540644281261436, 4.540644281261423, 4.540644281261416, 4.540644281261424, 4.5406442734174775, 4.54064427341745, 4.540644273417486, 4.540644273417468, 4.54064427341744, 4.540644273417463, 4.540644273417477, 4.540644273417444, 4.540644273417488, 4.540644276882028, 4.540644276881999, 4.540644276882048, 4.540644276882034, 4.540644276882015, 4.5406442768820225, 4.540644276882029, 4.540644276882013, 4.54064427688204, 4.54064428147778, 4.540644281477774, 4.5406442814777845, 4.540644281477782, 4.540644281477786, 4.540644281477774, 4.540644281477779, 4.540644281477772, 4.540644281477777, 4.540644277410063, 4.5406442774100775, 4.540644277410082, 4.54064427741006, 4.540644277410087, 4.540644277410061, 4.540644277410068, 4.540644277410087, 4.540644277410056, 4.540644277715495, 4.5406442777155, 4.5406442777155025, 4.5406442777155, 4.540644277715519, 4.540644277715507, 4.5406442777154945, 4.540644277715521, 4.54064427771549, 4.540644281475499, 4.540644281475508, 4.5406442814754815, 4.540644281475502, 4.540644281475511, 4.540644281475491, 4.540644281475493, 4.540644281475506, 4.540644281475496, 4.540644276790144, 4.540644276790133, 4.540644276790134, 4.540644276790117, 4.540644276790121, 4.54064427679014, 4.540644276790143, 4.540644276790128, 4.540644276790133, 4.540644274912422, 4.540644274912423, 4.540644274912396, 4.540644274912405, 4.540644274912394, 4.540644274912426, 4.540644274912419, 4.540644274912402, 4.540644274912431, 4.540644279605729, 4.540644279605737, 4.540644279605726, 4.54064427960573, 4.540644279605711, 4.540644279605734, 4.540644279605725, 4.540644279605722, 4.5406442796057425, 4.540644278792325]
Total optimisation time observed during ADAM optimization: 85.587703 seconds
Median time per evaluation during ADAM optimization: 0.416273 seconds
4.540644278792325
QAOA optimisation for n=17 took 96.46 seconds; started at 1777581398.090359 and finished at 1777581494.55309
Finished QAOA for n=10 nodes, m=15 edges at 2026-04-30 22:38:14 on Apple M4. Time taken: 96.46 seconds. Hours: 0.03 hours. Peak RAM: 367.08 MB.
Unknown graph type for approximation ratio calculation; skipping approx ratio computation.
CSV writing for n=17 took 0.00 seconds; started at 1777581494.5530932 and finished at 1777581494.553726
results: {17: 4.540644278792325}
durations: {10: 96.46273517608643}
Results saved to: logs/adam/qaoa_results_adam_20260430_200911.csv
Global end time: 1777581494.5537322
Finalisation time: 0.00 seconds; started at 1777581494.553728 and finished at 1777581494.5537338
Sum of all section times: 96.62 seconds
