2026-04-30 21:53:09.880 system_profiler[44947:1365510] hw.cpufamily: 0x6f5129ac
Starting QAOA benchmark with global start time: 1777578789.8125749
Benchmark parameters: {'optimiser': 'adam', 'circuit_type': 'hamqaoa', 'parameter_vector': [1, 1, 1], 'iterations_list': [50, 100, 200, 500], 'learning_rate_adam': 0.05, 'depth_list': [1, 2, 5, 10], 'n_start': 0, 'n_end': 30, 'singlet_injection': False, 'start_index_singlet': 0, 'warm_start': True, 'compare_with_010101': False, 'warm_start_correlations': False, 'init_QAOAparams_close_to_zero': False, 'use_correlations_as_initial_params': False, 'time_limit': 10800, 'failed_instance_termination_thrsh': 10, 'graph_generation_type': 'HOG', 'weighted': False, 'easiest_first': True, 'cpu_util_threshold': 90, 'debug': False, 'save_circuit_svg': False, 'rerun_exclude_finished_instances': False, 'optimiser_debug_iterations': 1, 'relative_graph_adjList_path': '/Users/julian_dev/Projects/MasterThesis/QAOA/HOG_graphs/list_27_graphs_adjacency_list.txt'}, Running QAOA with equal superposition
Benchmark run ID: 4bcd9554
Processor: Apple M4
Hostname: Mac-mini-som-tillhor-Julian.local
Total RAM (GB): 16.0
Physical cores: 10
Logical cores: 10
Python version: 3.13.1
Initialisation time: 0.09 seconds; started at {'initialisation': 0.08581304550170898} and finished at 1777578789.898396
Loaded HOG graph index 7 with 15 edges.
Instance generation for n=7 took 0.00 seconds; started at 1777578789.8984 and finished at 1777578789.8987148
Running QAOA for n=10 nodes, m=15 edges...; Max iterations: 50
Warm-start: using parameter_vector=[1, 1, 1]
Warm-start: starting SDP solve for n_vertices=10
Starting SDP solve (solver preference: MOSEK, fallback: SCS) for n_vertices=10, matrix_dim=30, edges=15
Finished SDP solve with MOSEK. status=optimal. elapsed_seconds=0.07
Rounding...
n_vertices: 10 for n = 30
Using seed None to generate random matrix for x.
r_0: [ 0.48093447 -0.3035093  -0.82254735]
Product state qubit 0: [[0.08872633+0.j         0.24046724+0.15175465j]
 [0.24046724-0.15175465j 0.91127367+0.j        ]]
Diagonal entries of product state 0: [0.08872633 0.91127367]
r_1: [-0.46678773  0.30977101  0.8283424 ]
Product state qubit 1: [[ 0.9141712 +0.j        -0.23339387-0.1548855j]
 [-0.23339387+0.1548855j  0.0858288 +0.j       ]]
Diagonal entries of product state 1: [0.9141712 0.0858288]
r_2: [-0.46678865  0.30976932  0.82834252]
Product state qubit 2: [[ 0.91417126+0.j         -0.23339433-0.15488466j]
 [-0.23339433+0.15488466j  0.08582874+0.j        ]]
Diagonal entries of product state 2: [0.91417126 0.08582874]
r_3: [ 0.45203011 -0.316182   -0.83408496]
Product state qubit 3: [[0.08295752+0.j       0.22601506+0.158091j]
 [0.22601506-0.158091j 0.91704248+0.j      ]]
Diagonal entries of product state 3: [0.08295752 0.91704248]
r_4: [-0.46678161  0.30990553  0.82829553]
Product state qubit 4: [[ 0.91414777+0.j         -0.2333908 -0.15495277j]
 [-0.2333908 +0.15495277j  0.08585223+0.j        ]]
Diagonal entries of product state 4: [0.91414777 0.08585223]
r_5: [ 0.46675933 -0.3097827  -0.82835403]
Product state qubit 5: [[0.08582298+0.j         0.23337967+0.15489135j]
 [0.23337967-0.15489135j 0.91417702+0.j        ]]
Diagonal entries of product state 5: [0.08582298 0.91417702]
r_6: [ 0.46675998 -0.30978091 -0.82835434]
Product state qubit 6: [[0.08582283+0.j         0.23337999+0.15489045j]
 [0.23337999-0.15489045j 0.91417717+0.j        ]]
Diagonal entries of product state 6: [0.08582283 0.91417717]
r_7: [-0.46763466  0.30116986  0.83103221]
Product state qubit 7: [[ 0.91551611+0.j         -0.23381733-0.15058493j]
 [-0.23381733+0.15058493j  0.08448389+0.j        ]]
Diagonal entries of product state 7: [0.91551611 0.08448389]
r_8: [-0.46585864  0.31826434  0.82564129]
Product state qubit 8: [[ 0.91282064+0.j         -0.23292932-0.15913217j]
 [-0.23292932+0.15913217j  0.08717936+0.j        ]]
Diagonal entries of product state 8: [0.91282064 0.08717936]
r_9: [ 0.46679646 -0.30989988 -0.82828928]
Product state qubit 9: [[0.08585536+0.j         0.23339823+0.15494994j]
 [0.23339823-0.15494994j 0.91414464+0.j        ]]
Diagonal entries of product state 9: [0.08585536 0.91414464]
y_scalar: False
[-1, 1, 1, -1, 1, -1, -1, 1, 1, -1]
Hamiltonian equals product state? [[False False False False]
 [False False False False]
 [False False False False]
 [False False False False]]
Hamiltonian: [[ 0. +0.j  0. +0.j  0. +0.j  0. +0.j]
 [ 0. +0.j  0.5+0.j -0.5+0.j  0. +0.j]
 [ 0. +0.j -0.5+0.j  0.5+0.j  0. +0.j]
 [ 0. +0.j  0. +0.j  0. +0.j  0. +0.j]], product state: [[ 0.07583738+0.j          0.20661646+0.14452224j -0.01936178-0.01284892j
  -0.02826452-0.07190393j]
 [ 0.20661646-0.14452224j  0.83833382+0.j         -0.07723653+0.00189101j
  -0.21403209-0.14203659j]
 [-0.01936178+0.01284892j -0.07723653-0.00189101j  0.00712014+0.j
   0.0193986 +0.01356876j]
 [-0.02826452+0.07190393j -0.21403209+0.14203659j  0.0193986 -0.01356876j
   0.07870866+0.j        ]]
Hamiltonian equals product state? [[False False False False]
 [False False False False]
 [False False False False]
 [False False False False]]
Hamiltonian: [[ 0. +0.j  0. +0.j  0. +0.j  0. +0.j]
 [ 0. +0.j  0.5+0.j -0.5+0.j  0. +0.j]
 [ 0. +0.j -0.5+0.j  0.5+0.j  0. +0.j]
 [ 0. +0.j  0. +0.j  0. +0.j  0. +0.j]], product state: [[ 0.08111105+0.j         -0.02070818-0.01374242j  0.21982822+0.13872973j
  -0.03261898-0.07266349j]
 [-0.02070818+0.01374242j  0.00761527+0.j         -0.07962817+0.00182628j
   0.02063901+0.01302492j]
 [ 0.21982822-0.13872973j -0.07962817-0.00182628j  0.83306015+0.j
  -0.21268569-0.14114308j]
 [-0.03261898+0.07266349j  0.02063901-0.01302492j -0.21268569+0.14114308j
   0.07821353+0.j        ]]
Hamiltonian equals product state? [[False False False False]
 [False False False False]
 [False False False False]
 [False False False False]]
Hamiltonian: [[ 0. +0.j  0. +0.j  0. +0.j  0. +0.j]
 [ 0. +0.j  0.5+0.j -0.5+0.j  0. +0.j]
 [ 0. +0.j -0.5+0.j  0.5+0.j  0. +0.j]
 [ 0. +0.j  0. +0.j  0. +0.j  0. +0.j]], product state: [[ 0.07583738+0.j          0.20661647+0.14452225j -0.01936181-0.01284885j
  -0.02826476-0.07190381j]
 [ 0.20661647-0.14452225j  0.83833388+0.j         -0.0772365 +0.00189128j
  -0.21403251-0.14203581j]
 [-0.01936181+0.01284885j -0.0772365 -0.00189128j  0.00712014+0.j
   0.01939859+0.01356875j]
 [-0.02826476+0.07190381j -0.21403251+0.14203581j  0.01939859-0.01356875j
   0.0787086 +0.j        ]]
Hamiltonian equals product state? [[False False False False]
 [False False False False]
 [False False False False]
 [False False False False]]
Hamiltonian: [[ 0. +0.j  0. +0.j  0. +0.j  0. +0.j]
 [ 0. +0.j  0.5+0.j -0.5+0.j  0. +0.j]
 [ 0. +0.j -0.5+0.j  0.5+0.j  0. +0.j]
 [ 0. +0.j  0. +0.j  0. +0.j  0. +0.j]], product state: [[ 0.07834099+0.j         -0.01999069-0.0136572j   0.21303378+0.14138802j
  -0.02971277-0.07321695j]
 [-0.01999069+0.0136572j   0.00748199+0.j         -0.07900916+0.00105948j
   0.02034589+0.01350333j]
 [ 0.21303378-0.14138802j -0.07900916-0.00105948j  0.83447965+0.j
  -0.21293863-0.14547497j]
 [-0.02971277+0.07321695j  0.02034589-0.01350333j -0.21293863+0.14547497j
   0.07969736+0.j        ]]
Hamiltonian equals product state? [[False False False False]
 [False False False False]
 [False False False False]
 [False False False False]]
Hamiltonian: [[ 0. +0.j  0. +0.j  0. +0.j  0. +0.j]
 [ 0. +0.j  0.5+0.j -0.5+0.j  0. +0.j]
 [ 0. +0.j -0.5+0.j  0.5+0.j  0. +0.j]
 [ 0. +0.j  0. +0.j  0. +0.j  0. +0.j]], product state: [[ 0.0784865 +0.00000000e+00j  0.21336594+1.41650774e-01j
  -0.02003811-1.32977509e-02j -0.03047422-7.23143686e-02j]
 [ 0.21336594-1.41650774e-01j  0.8356847 +0.00000000e+00j
  -0.07847322+1.43636701e-05j -0.21335575-1.41587754e-01j]
 [-0.02003811+1.32977509e-02j -0.07847322-1.43636701e-05j
   0.00736886+0.00000000e+00j  0.02003229+1.32991675e-02j]
 [-0.03047422+7.23143686e-02j -0.21335575+1.41587754e-01j
   0.02003229-1.32991675e-02j  0.07845994+0.00000000e+00j]]
Hamiltonian equals product state? [[False False False False]
 [False False False False]
 [False False False False]
 [False False False False]]
Hamiltonian: [[ 0. +0.j  0. +0.j  0. +0.j  0. +0.j]
 [ 0. +0.j  0.5+0.j -0.5+0.j  0. +0.j]
 [ 0. +0.j -0.5+0.j  0.5+0.j  0. +0.j]
 [ 0. +0.j  0. +0.j  0. +0.j  0. +0.j]], product state: [[ 0.07857232+0.j         -0.0200669 -0.01292365j  0.21366284+0.14180553j
  -0.03124391-0.07135974j]
 [-0.0200669 +0.01292365j  0.00725066+0.j         -0.07789251-0.00107282j
   0.01971682+0.01308582j]
 [ 0.21366284-0.14180553j -0.07789251+0.00107282j  0.83694378+0.j
  -0.21375043-0.13766128j]
 [-0.03124391+0.07135974j  0.01971682-0.01308582j -0.21375043+0.13766128j
   0.07723323+0.j        ]]
Hamiltonian equals product state? [[False False False False]
 [False False False False]
 [False False False False]
 [False False False False]]
Hamiltonian: [[ 0. +0.j  0. +0.j  0. +0.j  0. +0.j]
 [ 0. +0.j  0.5+0.j -0.5+0.j  0. +0.j]
 [ 0. +0.j -0.5+0.j  0.5+0.j  0. +0.j]
 [ 0. +0.j  0. +0.j  0. +0.j  0. +0.j]], product state: [[ 0.0784865 +0.00000000e+00j  0.21336595+1.41650783e-01j
  -0.02003815-1.32976782e-02j -0.03047445-7.23142422e-02j]
 [ 0.21336595-1.41650783e-01j  0.83568476+0.00000000e+00j
  -0.07847319+1.46323499e-05j -0.21335617-1.41586980e-01j]
 [-0.02003815+1.32976782e-02j -0.07847319-1.46323499e-05j
   0.00736886+0.00000000e+00j  0.02003228+1.32991586e-02j]
 [-0.03047445+7.23142422e-02j -0.21335617+1.41586980e-01j
   0.02003228-1.32991586e-02j  0.07845988+0.00000000e+00j]]
Hamiltonian equals product state? [[False False False False]
 [False False False False]
 [False False False False]
 [False False False False]]
Hamiltonian: [[ 0. +0.j  0. +0.j  0. +0.j  0. +0.j]
 [ 0. +0.j  0.5+0.j -0.5+0.j  0. +0.j]
 [ 0. +0.j -0.5+0.j  0.5+0.j  0. +0.j]
 [ 0. +0.j  0. +0.j  0. +0.j  0. +0.j]], product state: [[0.00736052+0.j         0.02005349+0.01402683j 0.01994857+0.01258919j
  0.03035817+0.07231454j]
 [0.02005349-0.01402683j 0.08136581+0.j         0.07834026-0.00371687j
  0.22051867+0.13916546j]
 [0.01994857-0.01258919j 0.07834026+0.00371687j 0.075597  +0.j
  0.20596157+0.14406417j]
 [0.03035817-0.07231454j 0.22051867-0.13916546j 0.20596157-0.14406417j
  0.83567667+0.j        ]]
Hamiltonian equals product state? [[False False False False]
 [False False False False]
 [False False False False]
 [False False False False]]
Hamiltonian: [[ 0. +0.j  0. +0.j  0. +0.j  0. +0.j]
 [ 0. +0.j  0.5+0.j -0.5+0.j  0. +0.j]
 [ 0. +0.j -0.5+0.j  0.5+0.j  0. +0.j]
 [ 0. +0.j  0. +0.j  0. +0.j  0. +0.j]], product state: [[ 0.07845475+0.00000000e+00j  0.2133438 +1.41592762e-01j
  -0.02003026-1.32984849e-02j -0.03046804-7.23128820e-02j]
 [ 0.2133438 -1.41592762e-01j  0.83569302+0.00000000e+00j
  -0.07846945-1.28677524e-05j -0.21336054-1.41654281e-01j]
 [-0.02003026+1.32984849e-02j -0.07846945+1.28677524e-05j
   0.00736808+0.00000000e+00j  0.02003619+1.32976912e-02j]
 [-0.03046804+7.23128820e-02j -0.21336054+1.41654281e-01j
   0.02003619-1.32976912e-02j  0.07848415+0.00000000e+00j]]
Hamiltonian equals product state? [[False False False False]
 [False False False False]
 [False False False False]
 [False False False False]]
Hamiltonian: [[ 0. +0.j  0. +0.j  0. +0.j  0. +0.j]
 [ 0. +0.j  0.5+0.j -0.5+0.j  0. +0.j]
 [ 0. +0.j -0.5+0.j  0.5+0.j  0. +0.j]
 [ 0. +0.j  0. +0.j  0. +0.j  0. +0.j]], product state: [[ 0.07834085+0.j         -0.01999065-0.01365717j  0.21303407+0.1413872j
  -0.02971299-0.07321679j]
 [-0.01999065+0.01365717j  0.00748198+0.j         -0.0790091 +0.00105974j
   0.02034592+0.01350325j]
 [ 0.21303407-0.1413872j  -0.0790091 -0.00105974j  0.83447979+0.j
  -0.21293867-0.145475j  ]
 [-0.02971299+0.07321679j  0.02034592-0.01350325j -0.21293867+0.145475j
   0.07969738+0.j        ]]
Hamiltonian equals product state? [[False False False False]
 [False False False False]
 [False False False False]
 [False False False False]]
Hamiltonian: [[ 0. +0.j  0. +0.j  0. +0.j  0. +0.j]
 [ 0. +0.j  0.5+0.j -0.5+0.j  0. +0.j]
 [ 0. +0.j -0.5+0.j  0.5+0.j  0. +0.j]
 [ 0. +0.j  0. +0.j  0. +0.j  0. +0.j]], product state: [[ 0.07848449+0.00000000e+00j  0.21336047+1.41647143e-01j
  -0.02003785-1.33035256e-02j -0.03046308-7.23295925e-02j]
 [ 0.21336047-1.41647143e-01j  0.83566328+0.00000000e+00j
  -0.07848292-1.80983157e-06j -0.21335295-1.41649241e-01j]
 [-0.02003785+1.33035256e-02j -0.07848292+1.80983157e-06j
   0.00737087+0.00000000e+00j  0.02003776+1.33027984e-02j]
 [-0.03046308+7.23295925e-02j -0.21335295+1.41649241e-01j
   0.02003776-1.33027984e-02j  0.07848136+0.00000000e+00j]]
Hamiltonian equals product state? [[False False False False]
 [False False False False]
 [False False False False]
 [False False False False]]
Hamiltonian: [[ 0. +0.j  0. +0.j  0. +0.j  0. +0.j]
 [ 0. +0.j  0.5+0.j -0.5+0.j  0. +0.j]
 [ 0. +0.j -0.5+0.j  0.5+0.j  0. +0.j]
 [ 0. +0.j  0. +0.j  0. +0.j  0. +0.j]], product state: [[ 0.835702  +0.j         -0.21325055-0.14568807j -0.21343329-0.13745703j
   0.03050001+0.0722835j ]
 [-0.21325055+0.14568807j  0.07981411+0.j          0.07842582-0.00213221j
  -0.02038404-0.0131279j ]
 [-0.21343329+0.13745703j  0.07842582+0.00213221j  0.07711864+0.j
  -0.01967878-0.01344411j]
 [ 0.03050001-0.0722835j  -0.02038404+0.0131279j  -0.01967878+0.01344411j
   0.00736525+0.j        ]]
Hamiltonian equals product state? [[False False False False]
 [False False False False]
 [False False False False]
 [False False False False]]
Hamiltonian: [[ 0. +0.j  0. +0.j  0. +0.j  0. +0.j]
 [ 0. +0.j  0.5+0.j -0.5+0.j  0. +0.j]
 [ 0. +0.j -0.5+0.j  0.5+0.j  0. +0.j]
 [ 0. +0.j  0. +0.j  0. +0.j  0. +0.j]], product state: [[ 0.07845489+0.00000000e+00j  0.2133435 +1.41593582e-01j
  -0.02003029-1.32985086e-02j -0.03046782-7.23130413e-02j]
 [ 0.2133435 -1.41593582e-01j  0.83569288+0.00000000e+00j
  -0.07846951-1.26082871e-05j -0.21336051-1.41654258e-01j]
 [-0.02003029+1.32985086e-02j -0.07846951+1.26082871e-05j
   0.00736809+0.00000000e+00j  0.02003617+1.32977682e-02j]
 [-0.03046782+7.23130413e-02j -0.21336051+1.41654258e-01j
   0.02003617-1.32977682e-02j  0.07848414+0.00000000e+00j]]
Hamiltonian equals product state? [[False False False False]
 [False False False False]
 [False False False False]
 [False False False False]]
Hamiltonian: [[ 0. +0.j  0. +0.j  0. +0.j  0. +0.j]
 [ 0. +0.j  0.5+0.j -0.5+0.j  0. +0.j]
 [ 0. +0.j -0.5+0.j  0.5+0.j  0. +0.j]
 [ 0. +0.j  0. +0.j  0. +0.j  0. +0.j]], product state: [[ 0.08111106+0.j         -0.02070822-0.01374235j  0.21982824+0.13872974j
  -0.03261922-0.07266336j]
 [-0.02070822+0.01374235j  0.00761527+0.j         -0.07962816+0.00182601j
   0.020639  +0.01302491j]
 [ 0.21982824-0.13872974j -0.07962816-0.00182601j  0.8330602 +0.j
  -0.21268611-0.14114231j]
 [-0.03261922+0.07266336j  0.020639  -0.01302491j -0.21268611+0.14114231j
   0.07821347+0.j        ]]
Hamiltonian equals product state? [[False False False False]
 [False False False False]
 [False False False False]
 [False False False False]]
Hamiltonian: [[ 0. +0.j  0. +0.j  0. +0.j  0. +0.j]
 [ 0. +0.j  0.5+0.j -0.5+0.j  0. +0.j]
 [ 0. +0.j -0.5+0.j  0.5+0.j  0. +0.j]
 [ 0. +0.j  0. +0.j  0. +0.j  0. +0.j]], product state: [[ 0.07857218+0.j         -0.02006686-0.01292362j  0.21366314+0.1418047j
  -0.03124412-0.07135958j]
 [-0.02006686+0.01292362j  0.00725065+0.j         -0.07789245-0.00107256j
   0.01971685+0.01308575j]
 [ 0.21366314-0.1418047j  -0.07789245+0.00107256j  0.83694392+0.j
  -0.21375047-0.1376613j ]
 [-0.03124412+0.07135958j  0.01971685-0.01308575j -0.21375047+0.1376613j
   0.07723325+0.j        ]]
Energy of rounded cut: 6.49999993791078
Check the cut: [-1, 1, 1, -1, 1, -1, -1, 1, 1, -1]
13 in cut out of a total of 15 edges
Warm-start: SDP solve + rounding finished in 0.08 seconds
Warm-start: statevector build finished in 0.00 seconds
warm_start_correlations: None
Edges: [(1, 3), (0, 1), (2, 3), (5, 8), (1, 9), (5, 7), (2, 9), (0, 3), (4, 6), (6, 8), (4, 9), (7, 8), (4, 5), (0, 2), (6, 7)], weights: [1.0, 1.0, 1.0, 1.0, 1.0, 1.0, 1.0, 1.0, 1.0, 1.0, 1.0, 1.0, 1.0, 1.0, 1.0], set of nodes: {0, 1, 2, 3, 4, 5, 6, 7, 8, 9}, n: 10 nodes, p: 5 layers, N_bayes: 50 iterations
Initial state injected as warm start
Initial state energy for vector-normalised SDP solution used as warm start: 4.499868447210227
Running ADAM optimization with a single iteration (no debug loop)
ADAM optimizer configured with maxiter=50 and learning_rate=0.05
Generated 4 random initial parameter sets for ADAM optimization
Using random initial parameters with:
Param_type 1:  [0.51113062 1.19158221 0.68222227 1.41727814 0.83786244]
Param_type 2:  [ 2.61889714  0.28087527 -0.20229291 -2.38199208  0.75501401]
Param_type 3:  [-0.80296063  1.64289747 -1.65143353 -2.75175067 -1.62650359]
Param_type 4:  [-2.66785831 -2.71850698 -0.63487375 -2.47144326  2.63311306]
Energies observed during ADAM optimization: [3.2314533041032685, 3.2314533041712865, 3.2314533040398743, 3.2314533040109885, 3.2314533041227533, 3.231453304150496, 3.231453304127293, 3.231453304128264, 3.2314533041265587, 3.23145330410848, 3.231453304188278, 3.2314533040858393, 3.231453304137104, 3.23145330411108, 3.2314533041375895, 3.23145330410327, 3.231453304280255, 3.2314533042631304, 3.2314533042782556, 3.231453304162659, 3.2314533042173075, 3.582294917307498, 3.582294917368083, 3.5822949174341883, 3.5822949174209726, 3.5822949174718457, 3.5822949172223177, 3.5822949173467333, 3.582294917311578, 3.582294917169522, 3.5822949171243397, 3.58229491740849, 3.582294917362958, 3.5822949173764114, 3.5822949173457213, 3.582294917352339, 3.5822949173074967, 3.5822949172603766, 3.5822949172772556, 3.5822949173079857, 3.5822949173795267, 3.582294917442692, 3.747033661619547, 3.7470336615904665, 3.7470336614466526, 3.7470336616019098, 3.7470336615766575, 3.747033661569038, 3.7470336614552004, 3.7470336615946573, 3.747033661613589, 3.7470336616454056, 3.7470336616346382, 3.7470336615360904, 3.7470336615302293, 3.747033661519132, 3.7470336616277806, 3.747033661619547, 3.7470336616975697, 3.7470336616603266, 3.74703366165761, 3.747033661629329, 3.7470336616501747, 3.8456434557625876, 3.8456434557262758, 3.845643455628944, 3.8456434557508987, 3.8456434557425503, 3.845643455723475, 3.8456434556286725, 3.845643455768286, 3.8456434557972297, 3.8456434558372274, 3.845643455764936, 3.8456434556840935, 3.8456434557001598, 3.845643455704287, 3.8456434557457717, 3.845643455762583, 3.8456434557735455, 3.8456434557922368, 3.8456434557683856, 3.845643455766043, 3.8456434557585735, 3.8987507815876272, 3.8987507815735696, 3.898750781605196, 3.898750781629758, 3.898750781665727, 3.8987507815319615, 3.8987507815672444, 3.8987507816339133, 3.8987507815796256, 3.8987507815789257, 3.89875078159374, 3.898750781540082, 3.898750781597031, 3.8987507816145412, 3.898750781560588, 3.8987507815876232, 3.8987507814689644, 3.8987507815615845, 3.898750781558103, 3.89875078159547, 3.898750781586643, 3.943976036371979, 3.943976036376508, 3.9439760364381278, 3.943976036371334, 3.943976036438969, 3.9439760362925482, 3.943976036393631, 3.9439760364446315, 3.9439760363364513, 3.9439760362917076, 3.9439760363698566, 3.9439760363193974, 3.943976036409144, 3.9439760364289986, 3.9439760363595893, 3.9439760363719785, 3.9439760362151297, 3.943976036336601, 3.9439760363677396, 3.943976036361849, 3.943976036392716, 4.048762681361156, 4.048762681396869, 4.048762681358635, 4.048762681250159, 4.048762681318514, 4.048762681273954, 4.048762681361921, 4.048762681426901, 4.048762681335811, 4.0487626812740665, 4.048762681339735, 4.048762681312563, 4.0487626814030655, 4.048762681409328, 4.0487626813691096, 4.04876268136115, 4.048762681249728, 4.048762681362368, 4.0487626814192685, 4.048762681317149, 4.048762681389948, 4.179043197370982, 4.179043197442603, 4.179043197284573, 4.179043197235094, 4.179043197264718, 4.179043197318805, 4.17904319735333, 4.179043197389242, 4.179043197368437, 4.1790431973033195, 4.179043197336715, 4.179043197367363, 4.179043197431147, 4.179043197415987, 4.179043197398259, 4.179043197370984, 4.179043197322034, 4.179043197383513, 4.1790431974503175, 4.1790431973004765, 4.17904319739874, 4.2852481106372835, 4.285248110714504, 4.285248110546224, 4.28524811059323, 4.285248110582202, 4.285248110653004, 4.285248110650145, 4.285248110581977, 4.285248110654061, 4.285248110602511, 4.2852481106043046, 4.285248110704937, 4.285248110719319, 4.285248110676388, 4.285248110674708, 4.2852481106372835, 4.285248110625479, 4.28524811061352, 4.285248110660785, 4.285248110565734, 4.285248110652942, 4.298084502994259, 4.298084503015204, 4.298084502973037, 4.298084503048675, 4.298084503041555, 4.298084503060923, 4.298084503057183, 4.298084502924111, 4.298084503007048, 4.298084502995394, 4.298084502973548, 4.298084503090815, 4.298084503055151, 4.298084502986606, 4.298084503023596, 4.298084502994256, 4.2980845029907915, 4.2980845029461285, 4.298084502952428, 4.298084502957337, 4.298084502971757, 4.2474588076918245, 4.247458807638978, 4.247458807719072, 4.247458807774047, 4.247458807783646, 4.247458807780438, 4.247458807764733, 4.247458807665148, 4.247458807699704, 4.247458807722363, 4.247458807681227, 4.247458807760631, 4.247458807697364, 4.247458807613854, 4.247458807709292, 4.247458807691827, 4.247458807700793, 4.247458807669086, 4.2474588076458195, 4.2474588076990365, 4.247458807614726, 4.204482486121554, 4.204482486030475, 4.2044824861563, 4.204482486176136, 4.2044824861834735, 4.204482486220353, 4.20448248616797, 4.204482486134916, 4.204482486135183, 4.204482486173399, 4.204482486115011, 4.2044824861502414, 4.204482486084487, 4.20448248599583, 4.2044824861321555, 4.2044824861215435, 4.204482486151933, 4.204482486139004, 4.20448248610581, 4.204482486158034, 4.204482485999378, 4.21646674434769, 4.216466744253585, 4.216466744381251, 4.216466744356498, 4.21646674435456, 4.21646674445239, 4.216466744356587, 4.216466744371333, 4.216466744369704, 4.216466744411146, 4.216466744340499, 4.216466744344933, 4.216466744295571, 4.216466744207333, 4.216466744355008, 4.216466744347689, 4.216466744395051, 4.21646674438587, 4.216466744354882, 4.216466744392454, 4.216466744202434, 4.283036377679179, 4.283036377602339, 4.283036377722315, 4.283036377657039, 4.283036377648074, 4.283036377782307, 4.283036377659254, 4.283036377686441, 4.283036377701974, 4.283036377739843, 4.283036377668069, 4.283036377661089, 4.28303637763955, 4.283036377555244, 4.28303637768793, 4.2830363776791796, 4.283036377731504, 4.2830363777100136, 4.28303637768911, 4.283036377714241, 4.283036377536294, 4.37437659840379, 4.374376598357243, 4.374376598473784, 4.3743765983838285, 4.3743765983711835, 4.374376598492813, 4.374376598378385, 4.374376598386148, 4.37437659841135, 4.374376598439915, 4.3743765983871885, 4.374376598390703, 4.374376598400761, 4.374376598324, 4.374376598420532, 4.374376598403791, 4.374376598445791, 4.374376598402277, 4.374376598398841, 4.37437659841717, 4.374376598289661, 4.450107100733296, 4.4501071007246, 4.450107100836064, 4.45010710073163, 4.450107100719831, 4.450107100794531, 4.4501071007252895, 4.4501071007045185, 4.45010710071198, 4.450107100728419, 4.450107100712371, 4.4501071007345105, 4.450107100775016, 4.450107100708626, 4.450107100761858, 4.4501071007332955, 4.450107100757317, 4.450107100695384, 4.450107100713873, 4.450107100722852, 4.450107100665917, 4.501479610292056, 4.5014796103201675, 4.501479610409786, 4.501479610283365, 4.501479610281753, 4.50147961031566, 4.501479610305889, 4.5014796102793735, 4.501479610245243, 4.501479610254493, 4.501479610270814, 4.501479610293935, 4.501479610363036, 4.501479610308686, 4.501479610329088, 4.501479610292062, 4.501479610309064, 4.501479610245138, 4.501479610283166, 4.501479610267146, 4.501479610269995, 4.543904311526803, 4.543904311589166, 4.543904311631304, 4.54390431147117, 4.543904311492967, 4.543904311508374, 4.5439043115525575, 4.543904311549986, 4.543904311471106, 4.543904311482914, 4.54390431151013, 4.543904311509349, 4.543904311604269, 4.543904311561837, 4.543904311564675, 4.5439043115268065, 4.543904311555967, 4.543904311506021, 4.543904311557269, 4.543904311500374, 4.543904311535619, 4.596047092432959, 4.596047092532203, 4.596047092513851, 4.596047092327317, 4.5960470923767325, 4.596047092381077, 4.596047092462391, 4.596047092489128, 4.596047092378147, 4.596047092398097, 4.596047092423689, 4.596047092393972, 4.596047092509082, 4.596047092474018, 4.596047092468544, 4.596047092432961, 4.596047092479958, 4.596047092449692, 4.596047092509265, 4.596047092414168, 4.596047092454346, 4.697197617007834, 4.6971976171435665, 4.697197617083677, 4.6971976168969665, 4.697197616957311, 4.69719761695241, 4.697197617037066, 4.697197617075826, 4.697197616949389, 4.697197616970936, 4.697197617003778, 4.697197616960264, 4.697197617082914, 4.6971976170518275, 4.697197617041166, 4.697197617007825, 4.6971976170581575, 4.697197617042805, 4.697197617111092, 4.697197616999191, 4.697197617020764, 4.852435170798366, 4.8524351709472455, 4.8524351708910265, 4.852435170751804, 4.852435170793043, 4.852435170795763, 4.852435170814479, 4.852435170857446, 4.852435170741317, 4.85243517074301, 4.85243517078847, 4.852435170754615, 4.852435170848869, 4.852435170832451, 4.852435170813788, 4.8524351707983735, 4.852435170832641, 4.852435170815965, 4.852435170890043, 4.85243517078983, 4.8524351707904305, 4.977779532777473, 4.97777953289538, 4.97777953286954, 4.977779532844243, 4.977779532853783, 4.977779532885127, 4.9777795327614776, 4.977779532814238, 4.977779532761017, 4.977779532719266, 4.977779532747011, 4.977779532746378, 4.977779532757761, 4.977779532780136, 4.977779532735495, 4.977779532777471, 4.977779532800677, 4.977779532752723, 4.977779532810053, 4.977779532749813, 4.97777953276433, 5.02784724156739, 5.0278472416577475, 5.0278472416098205, 5.0278472416727675, 5.027847241676574, 5.027847241757254, 5.027847241530542, 5.02784724156714, 5.027847241630172, 5.02784724155711, 5.027847241529853, 5.02784724155447, 5.027847241484039, 5.027847241555633, 5.027847241458079, 5.027847241567397, 5.027847241614517, 5.027847241528434, 5.027847241531603, 5.027847241530839, 5.027847241571018, 5.0786475335127275, 5.0786475336176515, 5.078647533489909, 5.078647533525533, 5.078647533528878, 5.078647533684299, 5.078647533491222, 5.078647533469071, 5.078647533628023, 5.078647533565233, 5.07864753351419, 5.078647533521668, 5.0786475334367225, 5.078647533541232, 5.078647533389685, 5.078647533512726, 5.0786475336018, 5.078647533513651, 5.078647533435828, 5.078647533512366, 5.078647533522996, 5.137698209225338, 5.137698209329236, 5.1376982091742605, 5.137698209153544, 5.137698209119155, 5.137698209311252, 5.137698209223618, 5.137698209167173, 5.137698209304602, 5.137698209267814, 5.137698209285297, 5.137698209250438, 5.13769820918412, 5.137698209309098, 5.137698209140082, 5.137698209225339, 5.137698209335365, 5.137698209262996, 5.13769820912051, 5.137698209275539, 5.137698209235944, 5.2123064661458, 5.2123064661969964, 5.2123064661230325, 5.212306466105311, 5.212306466006363, 5.212306466147216, 5.2123064661318725, 5.212306466107897, 5.212306466114217, 5.212306466084919, 5.2123064662272185, 5.2123064661630165, 5.21230646610871, 5.212306466258969, 5.212306466113481, 5.212306466145801, 5.212306466239068, 5.212306466163434, 5.212306466024546, 5.212306466209919, 5.212306466170795, 5.295515646461552, 5.295515646448395, 5.29551564647221, 5.295515646472201, 5.295515646361204, 5.295515646428307, 5.295515646432744, 5.295515646451369, 5.2955156463447635, 5.2955156463148025, 5.295515646522837, 5.295515646452581, 5.295515646420246, 5.295515646577905, 5.29551564646369, 5.2955156464615625, 5.295515646536272, 5.29551564644205, 5.295515646355365, 5.295515646504899, 5.295515646504342, 5.395261168798909, 5.395261168743059, 5.3952611688170435, 5.395261168792546, 5.39526116878908, 5.395261168786409, 5.395261168804048, 5.3952611688092516, 5.395261168703169, 5.395261168681994, 5.395261168818395, 5.3952611687741845, 5.395261168778258, 5.395261168887178, 5.395261168810227, 5.39526116879891, 5.395261168882931, 5.395261168769944, 5.395261168737023, 5.39526116880831, 5.395261168837641, 5.452041322782818, 5.452041322715211, 5.452041322779031, 5.45204132271476, 5.452041322900185, 5.452041322808184, 5.4520413228515485, 5.45204132281785, 5.452041322792118, 5.452041322787203, 5.45204132275893, 5.452041322768339, 5.452041322803681, 5.452041322808859, 5.4520413227938835, 5.452041322782826, 5.4520413228850355, 5.452041322772578, 5.452041322772231, 5.452041322761032, 5.452041322802139, 5.461244062413564, 5.461244062359748, 5.461244062383274, 5.461244062305768, 5.461244062599077, 5.461244062454922, 5.46124406250973, 5.4612440624737895, 5.461244062512763, 5.4612440625192065, 5.461244062372611, 5.461244062421081, 5.461244062471331, 5.461244062379012, 5.461244062424937, 5.461244062413572, 5.461244062503918, 5.461244062428359, 5.461244062436745, 5.461244062378775, 5.461244062430245, 5.504105518711145, 5.504105518670573, 5.50410551868562, 5.504105518626193, 5.504105518840054, 5.504105518729953, 5.50410551878216, 5.50410551878363, 5.504105518815249, 5.504105518819864, 5.504105518687698, 5.5041055187232795, 5.504105518773299, 5.504105518648508, 5.504105518720511, 5.504105518711142, 5.504105518757431, 5.504105518731588, 5.504105518744113, 5.504105518684107, 5.504105518754628, 5.550437347236338, 5.550437347203318, 5.550437347234318, 5.550437347210852, 5.550437347232486, 5.550437347211759, 5.550437347256275, 5.550437347313835, 5.550437347288811, 5.550437347279493, 5.550437347246268, 5.5504373472296935, 5.550437347272199, 5.5504373471745705, 5.550437347238371, 5.550437347236339, 5.5504373472337045, 5.550437347242506, 5.5504373472653405, 5.550437347229355, 5.550437347309625, 5.554294224283129, 5.55429422426067, 5.554294224294823, 5.5542942243082685, 5.55429422416952, 5.554294224229483, 5.554294224260604, 5.554294224361081, 5.554294224284658, 5.554294224260784, 5.5542942243179025, 5.55429422425585, 5.5542942242867825, 5.554294224227148, 5.554294224273077, 5.5542942242831375, 5.554294224245128, 5.5542942242722075, 5.5542942243062, 5.554294224296339, 5.55429422435967, 5.549432570707149, 5.549432570698436, 5.549432570710182, 5.549432570760664, 5.549432570566046, 5.54943257065441, 5.549432570666633, 5.5494325707702465, 5.549432570689986, 5.549432570663531, 5.549432570746506, 5.549432570681275, 5.549432570694018, 5.5494325706498175, 5.549432570688963, 5.549432570707155, 5.5494325706480625, 5.54943257069099, 5.549432570728316, 5.549432570731227, 5.549432570756803, 5.553800301169759, 5.55380030117162, 5.553800301142363, 5.553800301237214, 5.553800301074947, 5.553800301136936, 5.553800301126507, 5.553800301202069, 5.553800301162353, 5.553800301144422, 5.553800301197055, 5.55380030116824, 5.553800301158551, 5.553800301115884, 5.553800301155704, 5.5538003011697565, 5.553800301099303, 5.553800301159316, 5.553800301192567, 5.553800301193679, 5.553800301178163, 5.547246279149527, 5.547246279154379, 5.547246279081626, 5.547246279218293, 5.547246279137253, 5.547246279138651, 5.5472462791084025, 5.5472462791470125, 5.547246279164033, 5.547246279156727, 5.547246279156948, 5.5472462791802775, 5.547246279149794, 5.547246279112783, 5.547246279147964, 5.547246279149524, 5.54724627907464, 5.547246279145776, 5.5472462791729, 5.547246279164776, 5.547246279120368, 5.528489688276383, 5.528489688278118, 5.528489688179971, 5.528489688331527, 5.528489688332282, 5.528489688275108, 5.528489688239361, 5.528489688246415, 5.528489688306574, 5.528489688304816, 5.52848968826376, 5.528489688330157, 5.528489688286768, 5.528489688263611, 5.52848968828503, 5.528489688276388, 5.528489688200422, 5.528489688271023, 5.528489688293766, 5.52848968827817, 5.528489688224186, 5.520726493258968, 5.520726493257373, 5.5207264931628375, 5.520726493289888, 5.520726493334279, 5.520726493250941, 5.520726493230556, 5.520726493213821, 5.520726493285749, 5.520726493284735, 5.520726493231425, 5.520726493318589, 5.5207264932720985, 5.5207264932646085, 5.52072649326806, 5.520726493258974, 5.520726493181564, 5.52072649324338, 5.520726493263105, 5.520726493248113, 5.520726493197479, 5.532620543693272, 5.532620543693185, 5.532620543626351, 5.532620543700483, 5.532620543742623, 5.532620543670283, 5.532620543680501, 5.5326205436445495, 5.53262054369741, 5.532620543697481, 5.532620543660856, 5.532620543744797, 5.532620543700672, 5.5326205437068054, 5.532620543693116, 5.532620543693273, 5.532620543612477, 5.532620543668271, 5.532620543683395, 5.532620543678731, 5.532620543628194, 5.553299554701429, 5.553299554707974, 5.553299554680423, 5.55329955469367, 5.553299554706289, 5.553299554665426, 5.553299554708273, 5.55329955465834, 5.553299554676691, 5.5532995546807955, 5.553299554676414, 5.553299554738092, 5.553299554699384, 5.553299554717061, 5.553299554689193, 5.553299554701428, 5.55329955461655, 5.553299554677434, 5.553299554685013, 5.553299554696439, 5.553299554633201, 5.575164235803165, 5.57516423581537, 5.575164235825855, 5.575164235789692, 5.575164235772858, 5.575164235760709, 5.575164235825983, 5.575164235772011, 5.57516423576157, 5.575164235770482, 5.575164235792781, 5.575164235825066, 5.575164235797524, 5.575164235823554, 5.575164235785574, 5.575164235803169, 5.575164235717854, 5.575164235790434, 5.5751642357892095, 5.575164235813453, 5.575164235736309, 5.599831487220223, 5.599831487228888, 5.599831487266882, 5.599831487208351, 5.5998314871802775, 5.599831487181577, 5.599831487248939, 5.5998314872036445, 5.599831487185826, 5.59983148719631, 5.599831487221709, 5.599831487231752, 5.599831487223405, 5.599831487253388, 5.599831487209426, 5.599831487220223, 5.599831487143401, 5.59983148722042, 5.599831487211612, 5.59983148723764, 5.599831487168206, 5.623354200271262, 5.623354200265018, 5.623354200317813, 5.623354200269498, 5.623354200248581, 5.623354200251886, 5.623354200294477, 5.623354200268208, 5.623354200266161, 5.6233542002729635, 5.623354200275608, 5.623354200276702, 5.623354200292333, 5.623354200323006, 5.623354200276284, 5.62335420027126, 5.623354200212259, 5.623354200279127, 5.623354200264724, 5.6233542002816534, 5.6233542002499926, 5.637109610809884, 5.6371096107854, 5.637109610843766, 5.637109610827159, 5.63710961081703, 5.637109610821368, 5.637109610822426, 5.637109610817276, 5.637109610838376, 5.6371096108383725, 5.637109610811642, 5.637109610810529, 5.637109610845068, 5.6371096108748855, 5.6371096108288, 5.637109610809882, 5.637109610770648, 5.637109610819497, 5.6371096108016285, 5.637109610806772, 5.6371096108256875, 5.646436027209382, 5.6464360271751985, 5.646436027232287, 5.6464360272460885, 5.646436027235869, 5.646436027245442, 5.646436027217184, 5.646436027225027, 5.646436027252229, 5.646436027247143, 5.646436027212742, 5.646436027204639, 5.646436027242187, 5.64643602726984, 5.6464360272286855, 5.64643602720938, 5.646436027182614, 5.646436027217765, 5.646436027198356, 5.646436027199291, 5.646436027254019, 5.660782122433767, 5.660782122403975, 5.660782122451608, 5.6607821224747745, 5.6607821224552675, 5.6607821224704455, 5.660782122447562, 5.660782122456555, 5.660782122463346, 5.6607821224591, 5.660782122447707, 5.660782122422815, 5.66078212244813, 5.660782122471248, 5.6607821224390635, 5.660782122433762, 5.660782122409454, 5.660782122440643, 5.660782122420088, 5.660782122428493, 5.660782122491129, 5.676041078399115, 5.676041078383803, 5.67604107841382, 5.676041078421029, 5.676041078397012, 5.676041078411739, 5.676041078423168, 5.676041078426133, 5.676041078401325, 5.676041078403841, 5.676041078426173, 5.67604107838159, 5.676041078392707, 5.676041078408219, 5.676041078386966, 5.676041078399112, 5.676041078371815, 5.676041078404399, 5.67604107838238, 5.676041078404449, 5.676041078454551, 5.687939075715623, 5.687939075714921, 5.68793907572316, 5.687939075705068, 5.687939075690025, 5.687939075697036, 5.687939075745086, 5.687939075742029, 5.687939075697879, 5.687939075707159, 5.687939075746192, 5.687939075693339, 5.687939075699616, 5.687939075705094, 5.687939075694343, 5.687939075715628, 5.687939075687273, 5.687939075717391, 5.687939075696172, 5.687939075726367, 5.687939075760666, 5.700098511841038, 5.7000985118477905, 5.700098511835196, 5.700098511807258, 5.700098511811305, 5.7000985118068925, 5.700098511867623, 5.700098511862966, 5.700098511822855, 5.700098511831547, 5.70009851186064, 5.700098511819065, 5.700098511828582, 5.7000985118230165, 5.700098511821947, 5.700098511841036, 5.700098511817425, 5.700098511837235, 5.700098511822539, 5.700098511846692, 5.700098511873073, 5.711922822308882, 5.711922822318251, 5.7119228222890515, 5.711922822277386, 5.711922822301594, 5.711922822285651, 5.7119228223251834, 5.7119228223252785, 5.711922822306987, 5.71192282230602, 5.711922822311011, 5.711922822293173, 5.711922822306411, 5.711922822290269, 5.711922822299449, 5.7119228223088765, 5.71192282229299, 5.711922822301964, 5.711922822300111, 5.711922822304657, 5.711922822326694, 5.71683754511666]
Total optimisation time observed during ADAM optimization: 58.161798 seconds
Median time per evaluation during ADAM optimization: 1.164788 seconds
5.71683754511666
QAOA optimisation for n=7 took 61.12 seconds; started at 1777578789.898717 and finished at 1777578851.014601
Finished QAOA for n=10 nodes, m=15 edges at 2026-04-30 21:54:11 on Apple M4. Time taken: 61.12 seconds. Hours: 0.02 hours. Peak RAM: 367.84 MB.
Unknown graph type for approximation ratio calculation; skipping approx ratio computation.
CSV writing for n=7 took 0.00 seconds; started at 1777578851.014602 and finished at 1777578851.015082
results: {7: 5.71683754511666}
durations: {10: 61.115885972976685}
Results saved to: logs/adam/qaoa_results_adam_20260430_200911.csv
Global end time: 1777578851.0150862
Finalisation time: 0.00 seconds; started at 1777578851.015083 and finished at 1777578851.0150871
Sum of all section times: 61.20 seconds
