2026-04-30 23:59:49.331 system_profiler[96506:1683313] hw.cpufamily: 0x6f5129ac
Starting QAOA benchmark with global start time: 1777586389.263844
Benchmark parameters: {'optimiser': 'adam', 'circuit_type': 'hamqaoa', 'parameter_vector': [1, 1, 1], 'iterations_list': [50, 100, 200, 500], 'learning_rate_adam': 0.05, 'depth_list': [1, 2, 5, 10], 'n_start': 0, 'n_end': 30, 'singlet_injection': False, 'start_index_singlet': 0, 'warm_start': True, 'compare_with_010101': False, 'warm_start_correlations': False, 'init_QAOAparams_close_to_zero': False, 'use_correlations_as_initial_params': False, 'time_limit': 10800, 'failed_instance_termination_thrsh': 10, 'graph_generation_type': 'HOG', 'weighted': False, 'easiest_first': True, 'cpu_util_threshold': 90, 'debug': False, 'save_circuit_svg': False, 'rerun_exclude_finished_instances': False, 'optimiser_debug_iterations': 1, 'relative_graph_adjList_path': '/Users/julian_dev/Projects/MasterThesis/QAOA/HOG_graphs/list_27_graphs_adjacency_list.txt'}, Running QAOA with equal superposition
Benchmark run ID: 5e9aad53
Processor: Apple M4
Hostname: Mac-mini-som-tillhor-Julian.local
Total RAM (GB): 16.0
Physical cores: 10
Logical cores: 10
Python version: 3.13.1
Initialisation time: 0.09 seconds; started at {'initialisation': 0.08588504791259766} and finished at 1777586389.349737
Loaded HOG graph index 6 with 15 edges.
Instance generation for n=6 took 0.00 seconds; started at 1777586389.349741 and finished at 1777586389.350035
Running QAOA for n=10 nodes, m=15 edges...; Max iterations: 50
Warm-start: using parameter_vector=[1, 1, 1]
Warm-start: starting SDP solve for n_vertices=10
Starting SDP solve (solver preference: MOSEK, fallback: SCS) for n_vertices=10, matrix_dim=30, edges=15
Finished SDP solve with MOSEK. status=optimal. elapsed_seconds=0.06
Rounding...
n_vertices: 10 for n = 30
Using seed None to generate random matrix for x.
r_0: [-0.37472474 -0.03884566 -0.92632197]
Product state qubit 0: [[ 0.03683902+0.j         -0.18736237+0.01942283j]
 [-0.18736237-0.01942283j  0.96316098+0.j        ]]
Diagonal entries of product state 0: [0.03683902 0.96316098]
r_1: [0.37476117 0.03885794 0.92630671]
Product state qubit 1: [[0.96315336+0.j         0.18738058-0.01942897j]
 [0.18738058+0.01942897j 0.03684664+0.j        ]]
Diagonal entries of product state 1: [0.96315336 0.03684664]
r_2: [-0.91328115 -0.31093626  0.26312768]
Product state qubit 2: [[ 0.63156384+0.j         -0.45664058+0.15546813j]
 [-0.45664058-0.15546813j  0.36843616+0.j        ]]
Diagonal entries of product state 2: [0.63156384 0.36843616]
r_3: [0.94376312 0.28335699 0.17035254]
Product state qubit 3: [[0.58517627+0.j         0.47188156-0.14167849j]
 [0.47188156+0.14167849j 0.41482373+0.j        ]]
Diagonal entries of product state 3: [0.58517627 0.41482373]
r_4: [-0.91327197 -0.31097414  0.26311479]
Product state qubit 4: [[ 0.63155739+0.j         -0.45663599+0.15548707j]
 [-0.45663599-0.15548707j  0.36844261+0.j        ]]
Diagonal entries of product state 4: [0.63155739 0.36844261]
r_5: [0.94375191 0.28338673 0.17036519]
Product state qubit 5: [[0.5851826 +0.j         0.47187595-0.14169336j]
 [0.47187595+0.14169336j 0.4148174 +0.j        ]]
Diagonal entries of product state 5: [0.5851826 0.4148174]
r_6: [-0.37472612 -0.03884492 -0.92632144]
Product state qubit 6: [[ 0.03683928+0.j         -0.18736306+0.01942246j]
 [-0.18736306-0.01942246j  0.96316072+0.j        ]]
Diagonal entries of product state 6: [0.03683928 0.96316072]
r_7: [-0.37472591 -0.03884192 -0.92632165]
Product state qubit 7: [[ 0.03683917+0.j         -0.18736295+0.01942096j]
 [-0.18736295-0.01942096j  0.96316083+0.j        ]]
Diagonal entries of product state 7: [0.03683917 0.96316083]
r_8: [0.94374178 0.28341673 0.17037138]
Product state qubit 8: [[0.58518569+0.j         0.47187089-0.14170836j]
 [0.47187089+0.14170836j 0.41481431+0.j        ]]
Diagonal entries of product state 8: [0.58518569 0.41481431]
r_9: [-0.91328455 -0.31091286  0.26314354]
Product state qubit 9: [[ 0.63157177+0.j         -0.45664228+0.15545643j]
 [-0.45664228-0.15545643j  0.36842823+0.j        ]]
Diagonal entries of product state 9: [0.63157177 0.36842823]
y_scalar: False
[-1, 1, 1, 1, 1, 1, -1, -1, 1, 1]
Hamiltonian equals product state? [[False False False False]
 [False False False False]
 [False False False False]
 [False False False False]]
Hamiltonian: [[ 0. +0.j  0. +0.j  0. +0.j  0. +0.j]
 [ 0. +0.j  0.5+0.j -0.5+0.j  0. +0.j]
 [ 0. +0.j -0.5+0.j  0.5+0.j  0. +0.j]
 [ 0. +0.j  0. +0.j  0. +0.j  0. +0.j]], product state: [[ 0.36958081+0.j         -0.26721622+0.09096941j  0.29802707-0.08948014j
  -0.19345624+0.13805341j]
 [-0.26721622-0.09096941j  0.21559546+0.j         -0.2375059 -0.00866063j
   0.17385449-0.05219836j]
 [ 0.29802707+0.08948014j -0.2375059 +0.00866063j  0.26199096+0.j
  -0.18942605+0.06448702j]
 [-0.19345624-0.13805341j  0.17385449+0.05219836j -0.18942605-0.06448702j
   0.15283277+0.j        ]]
Hamiltonian equals product state? [[False False False False]
 [False False False False]
 [False False False False]
 [False False False False]]
Hamiltonian: [[ 0. +0.j  0. +0.j  0. +0.j  0. +0.j]
 [ 0. +0.j  0.5+0.j -0.5+0.j  0. +0.j]
 [ 0. +0.j -0.5+0.j  0.5+0.j  0. +0.j]
 [ 0. +0.j  0. +0.j  0. +0.j  0. +0.j]], product state: [[ 0.03548162+0.00000000e+00j  0.00690292-7.15744111e-04j
  -0.18045869+1.87071631e-02j -0.0347307 +7.27971869e-03j]
 [ 0.00690292+7.15744111e-04j  0.00135739+0.00000000e+00j
  -0.03548544-7.96602634e-07j -0.00690367+7.15666046e-04j]
 [-0.18045869-1.87071631e-02j -0.03548544+7.96602634e-07j
   0.92767173+0.00000000e+00j  0.18047767-1.87132248e-02j]
 [-0.0347307 -7.27971869e-03j -0.00690367-7.15666046e-04j
   0.18047767+1.87132248e-02j  0.03548925+0.00000000e+00j]]
Hamiltonian equals product state? [[False False False False]
 [False False False False]
 [False False False False]
 [False False False False]]
Hamiltonian: [[ 0. +0.j  0. +0.j  0. +0.j  0. +0.j]
 [ 0. +0.j  0.5+0.j -0.5+0.j  0. +0.j]
 [ 0. +0.j -0.5+0.j  0.5+0.j  0. +0.j]
 [ 0. +0.j  0. +0.j  0. +0.j  0. +0.j]], product state: [[ 0.36957617+0.j          0.29802333-0.08947901j -0.26721523+0.09097626j
  -0.19345378+0.13805869j]
 [ 0.29802333+0.08947901j  0.26198767+0.j         -0.23750676+0.0086664j
  -0.18942535+0.06449187j]
 [-0.26721523-0.09097626j -0.23750676-0.0086664j   0.2156001 +0.j
   0.17385823-0.05219948j]
 [-0.19345378-0.13805869j -0.18942535-0.06449187j  0.17385823+0.05219948j
   0.15283606+0.j        ]]
Hamiltonian equals product state? [[False False False False]
 [False False False False]
 [False False False False]
 [False False False False]]
Hamiltonian: [[ 0. +0.j  0. +0.j  0. +0.j  0. +0.j]
 [ 0. +0.j  0.5+0.j -0.5+0.j  0. +0.j]
 [ 0. +0.j -0.5+0.j  0.5+0.j  0. +0.j]
 [ 0. +0.j  0. +0.j  0. +0.j  0. +0.j]], product state: [[ 0.03548188+0.00000000e+00j -0.18045936+1.87068099e-02j
   0.00690297-7.15749230e-04j -0.03473084+7.27966338e-03j]
 [-0.18045936-1.87068099e-02j  0.92767148+0.00000000e+00j
  -0.03548556+8.78698086e-07j  0.18047762-1.87132197e-02j]
 [ 0.00690297+7.15749230e-04j -0.03548556-8.78698086e-07j
   0.0013574 +0.00000000e+00j -0.0069037 +7.15652537e-04j]
 [-0.03473084-7.27966338e-03j  0.18047762+1.87132197e-02j
  -0.0069037 -7.15652537e-04j  0.03548924+0.00000000e+00j]]
Hamiltonian equals product state? [[False False False False]
 [False False False False]
 [False False False False]
 [False False False False]]
Hamiltonian: [[ 0. +0.j  0. +0.j  0. +0.j  0. +0.j]
 [ 0. +0.j  0.5+0.j -0.5+0.j  0. +0.j]
 [ 0. +0.j -0.5+0.j  0.5+0.j  0. +0.j]
 [ 0. +0.j  0. +0.j  0. +0.j  0. +0.j]], product state: [[ 0.02155764+0.j         -0.10964154+0.01136481j  0.01738352-0.00521987j
  -0.08566025+0.03571237j]
 [-0.10964154-0.01136481j  0.56362495+0.j         -0.09116389+0.0173838j
   0.45449243-0.1364735j ]
 [ 0.01738352+0.00521987j -0.09116389-0.0173838j   0.01528153+0.j
  -0.07772141+0.00805615j]
 [-0.08566025-0.03571237j  0.45449243+0.1364735j  -0.07772141-0.00805615j
   0.39953587+0.j        ]]
Hamiltonian equals product state? [[False False False False]
 [False False False False]
 [False False False False]
 [False False False False]]
Hamiltonian: [[ 0. +0.j  0. +0.j  0. +0.j  0. +0.j]
 [ 0. +0.j  0.5+0.j -0.5+0.j  0. +0.j]
 [ 0. +0.j -0.5+0.j  0.5+0.j  0. +0.j]
 [ 0. +0.j  0. +0.j  0. +0.j  0. +0.j]], product state: [[ 0.02326658+0.j         -0.01682232+0.00572689j -0.11833315+0.01226573j
   0.08253873-0.03799521j]
 [-0.01682232-0.00572689j  0.01357259+0.j          0.08857696+0.02025834j
  -0.0690298 +0.00715523j]
 [-0.11833315-0.01226573j  0.08857696-0.02025834j  0.60830519+0.j
  -0.43981995+0.14972954j]
 [ 0.08253873+0.03799521j -0.0690298 -0.00715523j -0.43981995-0.14972954j
   0.35485564+0.j        ]]
Hamiltonian equals product state? [[False False False False]
 [False False False False]
 [False False False False]
 [False False False False]]
Hamiltonian: [[ 0. +0.j  0. +0.j  0. +0.j  0. +0.j]
 [ 0. +0.j  0.5+0.j -0.5+0.j  0. +0.j]
 [ 0. +0.j -0.5+0.j  0.5+0.j  0. +0.j]
 [ 0. +0.j  0. +0.j  0. +0.j  0. +0.j]], product state: [[ 0.02155732+0.j          0.01738365-0.0052193j  -0.10964001+0.01136578j
  -0.08566105+0.03571049j]
 [ 0.01738365+0.0052193j   0.0152817 +0.j         -0.09116464-0.01737994j
  -0.07772236+0.00805705j]
 [-0.10964001-0.01136578j -0.09116464+0.01737994j  0.56361895+0.j
   0.45449791-0.1364592j ]
 [-0.08566105-0.03571049j -0.07772236-0.00805705j  0.45449791+0.1364592j
   0.39954203+0.j        ]]
Hamiltonian equals product state? [[False False False False]
 [False False False False]
 [False False False False]
 [False False False False]]
Hamiltonian: [[ 0. +0.j  0. +0.j  0. +0.j  0. +0.j]
 [ 0. +0.j  0.5+0.j -0.5+0.j  0. +0.j]
 [ 0. +0.j -0.5+0.j  0.5+0.j  0. +0.j]
 [ 0. +0.j  0. +0.j  0. +0.j  0. +0.j]], product state: [[ 0.02326612+0.j         -0.11833052+0.0122664j  -0.01682214+0.00572803j
   0.08253677-0.03800153j]
 [-0.11833052-0.0122664j   0.60829127+0.j          0.08857666-0.02026354j
  -0.43981384+0.14975904j]
 [-0.01682214-0.00572803j  0.08857666+0.02026354j  0.01357316+0.j
  -0.06903253+0.00715606j]
 [ 0.08253677+0.03800153j -0.43981384-0.14975904j -0.06903253-0.00715606j
   0.35486945+0.j        ]]
Hamiltonian equals product state? [[False False False False]
 [False False False False]
 [False False False False]
 [False False False False]]
Hamiltonian: [[ 0. +0.j  0. +0.j  0. +0.j  0. +0.j]
 [ 0. +0.j  0.5+0.j -0.5+0.j  0. +0.j]
 [ 0. +0.j -0.5+0.j  0.5+0.j  0. +0.j]
 [ 0. +0.j  0. +0.j  0. +0.j  0. +0.j]], product state: [[ 0.02155782+0.j          0.01738338-0.00522043j -0.10964218+0.01136575j
  -0.08565885+0.03571581j]
 [ 0.01738338+0.00522043j  0.01528146+0.j         -0.0911635 -0.01738602j
  -0.07772088+0.00805672j]
 [-0.10964218-0.01136575j -0.0911635 +0.01738602j  0.56362787+0.j
   0.45448751-0.13648793j]
 [-0.08565885-0.03571581j -0.07772088-0.00805672j  0.45448751+0.13648793j
   0.39953285+0.j        ]]
Hamiltonian equals product state? [[False False False False]
 [False False False False]
 [False False False False]
 [False False False False]]
Hamiltonian: [[ 0. +0.j  0. +0.j  0. +0.j  0. +0.j]
 [ 0. +0.j  0.5+0.j -0.5+0.j  0. +0.j]
 [ 0. +0.j -0.5+0.j  0.5+0.j  0. +0.j]
 [ 0. +0.j  0. +0.j  0. +0.j  0. +0.j]], product state: [[ 0.36958212+0.j          0.29801659-0.08949788j -0.26721953+0.09097773j
  -0.19344426+0.13807067j]
 [ 0.29801659+0.08949788j  0.26198172+0.j         -0.23750653+0.0086511j
  -0.18942105+0.06449041j]
 [-0.26721953-0.09097773j -0.23750653-0.0086511j   0.21560357+0.j
   0.1738543 -0.05221049j]
 [-0.19344426-0.13807067j -0.18942105-0.06449041j  0.1738543 +0.05221049j
   0.15283259+0.j        ]]
Hamiltonian equals product state? [[False False False False]
 [False False False False]
 [False False False False]
 [False False False False]]
Hamiltonian: [[ 0. +0.j  0. +0.j  0. +0.j  0. +0.j]
 [ 0. +0.j  0.5+0.j -0.5+0.j  0. +0.j]
 [ 0. +0.j -0.5+0.j  0.5+0.j  0. +0.j]
 [ 0. +0.j  0. +0.j  0. +0.j  0. +0.j]], product state: [[ 0.36957639+0.j          0.29801675-0.08948749j -0.26721543+0.09098833j
  -0.19344406+0.1380729j ]
 [ 0.29801675+0.08948749j  0.261981  +0.j         -0.23750703+0.00866832j
  -0.18942055+0.06449874j]
 [-0.26721543-0.09098833j -0.23750703-0.00866832j  0.2156062 +0.j
   0.17385921-0.05220587j]
 [-0.19344406-0.1380729j  -0.18942055-0.06449874j  0.17385921+0.05220587j
   0.15283641+0.j        ]]
Hamiltonian equals product state? [[False False False False]
 [False False False False]
 [False False False False]
 [False False False False]]
Hamiltonian: [[ 0. +0.j  0. +0.j  0. +0.j  0. +0.j]
 [ 0. +0.j  0.5+0.j -0.5+0.j  0. +0.j]
 [ 0. +0.j -0.5+0.j  0.5+0.j  0. +0.j]
 [ 0. +0.j  0. +0.j  0. +0.j  0. +0.j]], product state: [[ 0.36958481+0.j         -0.26721911+0.0909704j   0.29802353-0.08948953j
  -0.19345136+0.13805933j]
 [-0.26721911-0.0909704j   0.21559779+0.j         -0.23750565-0.00865297j
   0.17385242-0.05220384j]
 [ 0.29802353+0.08948953j -0.23750565+0.00865297j  0.26198696+0.j
  -0.18942316+0.06448603j]
 [-0.19345136-0.13805933j  0.17385242+0.05220384j -0.18942316-0.06448603j
   0.15283044+0.j        ]]
Hamiltonian equals product state? [[False False False False]
 [False False False False]
 [False False False False]
 [False False False False]]
Hamiltonian: [[ 0. +0.j  0. +0.j  0. +0.j  0. +0.j]
 [ 0. +0.j  0.5+0.j -0.5+0.j  0. +0.j]
 [ 0. +0.j -0.5+0.j  0.5+0.j  0. +0.j]
 [ 0. +0.j  0. +0.j  0. +0.j  0. +0.j]], product state: [[ 0.36957835+0.j          0.29801355-0.08949696j -0.26721684+0.09098881j
  -0.19343941+0.13807896j]
 [ 0.29801355+0.08949696j  0.26197904+0.j         -0.23750705+0.00866068j
  -0.18941914+0.06449826j]
 [-0.26721684-0.09098881j -0.23750705-0.00866068j  0.21560734+0.j
   0.17385734-0.0522114j ]
 [-0.19343941-0.13807896j -0.18941914-0.06449826j  0.17385734+0.0522114j
   0.15283527+0.j        ]]
Hamiltonian equals product state? [[False False False False]
 [False False False False]
 [False False False False]
 [False False False False]]
Hamiltonian: [[ 0. +0.j  0. +0.j  0. +0.j  0. +0.j]
 [ 0. +0.j  0.5+0.j -0.5+0.j  0. +0.j]
 [ 0. +0.j -0.5+0.j  0.5+0.j  0. +0.j]
 [ 0. +0.j  0. +0.j  0. +0.j  0. +0.j]], product state: [[ 0.02326619+0.j         -0.01682219+0.00572729j -0.1183313 +0.01226676j
   0.08253763-0.03799813j]
 [-0.01682219-0.00572729j  0.01357283+0.j          0.08857689+0.02025963j
  -0.06903107+0.00715607j]
 [-0.1183313 -0.01226676j  0.08857689-0.02025963j  0.60829765+0.j
  -0.43981839+0.14974084j]
 [ 0.08253763+0.03799813j -0.06903107-0.00715607j -0.43981839-0.14974084j
   0.35486334+0.j        ]]
Hamiltonian equals product state? [[False False False False]
 [False False False False]
 [False False False False]
 [False False False False]]
Hamiltonian: [[ 0. +0.j  0. +0.j  0. +0.j  0. +0.j]
 [ 0. +0.j  0.5+0.j -0.5+0.j  0. +0.j]
 [ 0. +0.j -0.5+0.j  0.5+0.j  0. +0.j]
 [ 0. +0.j  0. +0.j  0. +0.j  0. +0.j]], product state: [[ 0.03548177+0.00000000e+00j -0.18045926+1.87053629e-02j
   0.00690295-7.15747176e-04j -0.03473085+7.27937981e-03j]
 [-0.18045926-1.87053629e-02j  0.92767158+0.00000000e+00j
  -0.03548551+1.15816081e-06j  0.18047764-1.87132218e-02j]
 [ 0.00690295+7.15747176e-04j -0.03548551-1.15816081e-06j
   0.0013574 +0.00000000e+00j -0.0069037 +7.15597179e-04j]
 [-0.03473085-7.27937981e-03j  0.18047764+1.87132218e-02j
  -0.0069037 -7.15597179e-04j  0.03548924+0.00000000e+00j]]
Energy of rounded cut: 6.166723927061497
Check the cut: [-1, 1, 1, 1, 1, 1, -1, -1, 1, 1]
9 in cut out of a total of 15 edges
Warm-start: SDP solve + rounding finished in 0.08 seconds
Warm-start: statevector build finished in 0.00 seconds
warm_start_correlations: None
Edges: [(3, 9), (0, 1), (2, 3), (1, 6), (5, 7), (7, 9), (0, 3), (4, 6), (6, 8), (2, 8), (4, 5), (5, 9), (4, 8), (0, 2), (1, 7)], weights: [1.0, 1.0, 1.0, 1.0, 1.0, 1.0, 1.0, 1.0, 1.0, 1.0, 1.0, 1.0, 1.0, 1.0, 1.0], set of nodes: {0, 1, 2, 3, 4, 5, 6, 7, 8, 9}, n: 10 nodes, p: 10 layers, N_bayes: 50 iterations
Initial state injected as warm start
Initial state energy for vector-normalised SDP solution used as warm start: 3.057085471941849
Running ADAM optimization with a single iteration (no debug loop)
ADAM optimizer configured with maxiter=50 and learning_rate=0.05
Generated 4 random initial parameter sets for ADAM optimization
Using random initial parameters with:
Param_type 1:  [-2.23763219 -2.30869402  1.5779054   2.9757584  -0.525381    1.61014523
 -0.94431262  1.02693548 -0.37717217  2.97139743]
Param_type 2:  [-0.65319627 -2.54810273 -2.60252261  2.25425259  1.85145117 -1.27112508
  1.84674831  1.70525938 -2.26157927  2.42847377]
Param_type 3:  [ 0.77343691  0.54260246  1.50012147 -0.97440246  0.22268649  1.39026616
  2.29524467 -0.92266609  2.58778722 -2.2116729 ]
Param_type 4:  [ 0.26253974 -2.68102973  1.46274922  0.86284618 -0.06136783 -2.43323755
  2.34570932  2.75852261 -1.51280998  0.45964886]
Energies observed during ADAM optimization: [3.7952452745931846, 3.7952452746160152, 3.7952452745877747, 3.79524527465172, 3.795245274665882, 3.7952452745669425, 3.795245274565545, 3.7952452745749783, 3.7952452745807195, 3.795245274584216, 3.7952452746118466, 3.79524527458108, 3.7952452746202523, 3.7952452746262058, 3.7952452746284395, 3.795245274595891, 3.7952452745942833, 3.795245274519954, 3.7952452745901177, 3.7952452745951852, 3.7952452745961995, 3.79524527454582, 3.79524527452807, 3.795245274515361, 3.795245274569747, 3.795245274620097, 3.795245274568943, 3.7952452745954166, 3.795245274589251, 3.795245274591851, 3.795245274593186, 3.795245274589025, 3.7952452745374554, 3.7952452745546226, 3.7952452745715326, 3.795245274602575, 3.79524527457338, 3.795245274599125, 3.7952452745921956, 3.7952452745919296, 3.7952452745686847, 3.848661209305185, 3.848661209298168, 3.8486612093035424, 3.8486612092828953, 3.848661209272819, 3.848661209337615, 3.848661209357542, 3.8486612093380477, 3.8486612093285886, 3.848661209338902, 3.8486612093393546, 3.8486612093639945, 3.8486612093243315, 3.8486612092902317, 3.8486612092942476, 3.848661209351301, 3.8486612092829, 3.848661209316558, 3.8486612092982755, 3.8486612092948476, 3.84866120932684, 3.8486612093228114, 3.8486612093232497, 3.8486612093075534, 3.8486612093155554, 3.848661209318797, 3.8486612093288586, 3.8486612092917065, 3.8486612093225574, 3.848661209296276, 3.8486612093051815, 3.8486612093144172, 3.84866120930469, 3.8486612092954906, 3.8486612093077306, 3.848661209304881, 3.84866120930817, 3.8486612092988826, 3.8486612093148924, 3.8486612093222754, 3.8486612092946713, 3.9295261609639986, 3.9295261610052528, 3.9295261609307865, 3.9295261609392593, 3.9295261609444356, 3.9295261609789516, 3.9295261609978067, 3.929526160964917, 3.9295261609787366, 3.929526160980571, 3.9295261609987384, 3.929526161015421, 3.9295261609924057, 3.929526160927786, 3.9295261609164664, 3.9295261609352163, 3.929526160995926, 3.9295261610311956, 3.9295261609896985, 3.9295261609542798, 3.929526160978638, 3.9295261610122103, 3.9295261610055006, 3.929526160961486, 3.92952616098649, 3.9295261609474976, 3.929526160974367, 3.9295261609542473, 3.9295261609771033, 3.9295261609531167, 3.929526160964002, 3.9295261610004153, 3.9295261609708256, 3.9295261609362844, 3.9295261609569136, 3.9295261609701804, 3.9295261609485648, 3.9295261609635515, 3.9295261609648517, 3.9295261609857266, 3.9295261609831966, 3.9838630052870245, 3.9838630052791397, 3.983863005214154, 3.98386300524792, 3.983863005256246, 3.9838630051928017, 3.983863005233281, 3.9838630051948316, 3.983863005204829, 3.9838630052029793, 3.983863005268456, 3.983863005317114, 3.9838630052646016, 3.983863005276689, 3.983863005246213, 3.9838630052710324, 3.983863005286939, 3.9838630053579513, 3.983863005305322, 3.983863005281568, 3.983863005249729, 3.983863005326371, 3.9838630053041957, 3.983863005311189, 3.983863005262483, 3.9838630052917847, 3.9838630052623256, 3.98386300532414, 3.983863005250711, 3.9838630052662123, 3.983863005287031, 3.9838630052952886, 3.983863005335522, 3.983863005280009, 3.983863005314162, 3.983863005256669, 3.9838630053093644, 3.9838630052587485, 3.9838630053153046, 3.9838630052507935, 3.9838630052958774, 4.135961371754909, 4.13596137184038, 4.135961371745028, 4.135961371722282, 4.135961371720956, 4.135961371756799, 4.135961371765554, 4.135961371724019, 4.135961371734883, 4.135961371742729, 4.135961371725115, 4.135961371698202, 4.1359613717257275, 4.135961371749805, 4.135961371753346, 4.135961371726819, 4.135961371737292, 4.135961371761969, 4.135961371787638, 4.135961371746086, 4.135961371743247, 4.135961371785884, 4.135961371760956, 4.135961371792387, 4.135961371729746, 4.135961371732419, 4.13596137173805, 4.135961371768381, 4.135961371738197, 4.135961371739515, 4.135961371754903, 4.135961371750798, 4.135961371764159, 4.135961371758439, 4.135961371762706, 4.135961371720246, 4.135961371760076, 4.135961371736962, 4.135961371769474, 4.135961371752613, 4.135961371780432, 4.113839602998415, 4.1138396031144335, 4.113839603124215, 4.11383960300318, 4.1138396029569, 4.11383960315747, 4.113839603089254, 4.113839603075323, 4.113839603075574, 4.113839603100882, 4.113839603017072, 4.113839602873047, 4.113839602981839, 4.113839602984923, 4.1138396030538065, 4.113839602971072, 4.1138396030102, 4.113839602922512, 4.1138396030208675, 4.113839603010388, 4.113839603024743, 4.113839602992943, 4.113839602995942, 4.113839603028135, 4.113839603001587, 4.113839602985675, 4.113839603004638, 4.113839602970751, 4.113839603022294, 4.113839603024478, 4.113839602998417, 4.113839602992961, 4.113839602923079, 4.113839603013617, 4.113839602949694, 4.113839603011315, 4.113839602948683, 4.113839603027, 4.113839602967986, 4.113839603034396, 4.113839603022945, 4.256439311056831, 4.25643931113995, 4.256439311187783, 4.256439311026954, 4.256439311026879, 4.256439311119113, 4.256439311056184, 4.256439311053605, 4.256439311038724, 4.2564393110681165, 4.256439311098079, 4.256439310975994, 4.256439311032291, 4.256439311038817, 4.2564393111363845, 4.256439311046863, 4.256439311076565, 4.256439310979363, 4.256439311025868, 4.256439311076276, 4.256439311072868, 4.2564393110486645, 4.256439311033228, 4.256439311083923, 4.256439311045548, 4.256439311079905, 4.256439311053104, 4.256439311043814, 4.25643931106609, 4.256439311095861, 4.25643931105684, 4.256439311038532, 4.256439310943437, 4.2564393110500305, 4.256439310995036, 4.256439311078228, 4.2564393109932155, 4.2564393110975045, 4.256439311017322, 4.256439311083834, 4.25643931108839, 4.445839538095914, 4.445839538134672, 4.4458395381338445, 4.4458395380601745, 4.445839538078356, 4.4458395380253215, 4.4458395379993245, 4.44583953799557, 4.445839537972121, 4.445839537995605, 4.445839538107855, 4.445839538050365, 4.4458395380446465, 4.445839538093378, 4.445839538153325, 4.445839538094474, 4.445839538095971, 4.445839538059034, 4.445839538039584, 4.445839538105266, 4.445839538092265, 4.445839538111979, 4.445839538082357, 4.4458395381548454, 4.445839538064365, 4.445839538117172, 4.445839538075509, 4.445839538114922, 4.445839538071654, 4.445839538115484, 4.445839538095916, 4.445839538051461, 4.445839538005304, 4.445839538070196, 4.445839538057964, 4.445839538080717, 4.4458395380705875, 4.445839538104876, 4.445839538077706, 4.445839538104903, 4.445839538124468, 4.595253180189666, 4.595253180186476, 4.595253180119233, 4.595253180235433, 4.5952531801956455, 4.595253180157009, 4.59525318013699, 4.59525318014088, 4.595253180121871, 4.595253180137204, 4.595253180145647, 4.595253180180732, 4.5952531801844705, 4.595253180168378, 4.59525318016302, 4.595253180212795, 4.595253180122396, 4.595253180219188, 4.595253180111806, 4.595253180202996, 4.5952531801899035, 4.59525318023495, 4.595253180212908, 4.595253180251024, 4.595253180173873, 4.59525318015199, 4.595253180191203, 4.595253180191629, 4.595253180173578, 4.59525318020894, 4.59525318018967, 4.595253180137781, 4.595253180175546, 4.595253180166724, 4.5952531801566305, 4.595253180151506, 4.595253180192065, 4.595253180184199, 4.595253180173792, 4.595253180174007, 4.595253180153071, 4.621541037474495, 4.621541037433464, 4.6215410374056605, 4.621541037562498, 4.621541037538888, 4.621541037544829, 4.621541037511577, 4.621541037524942, 4.621541037517238, 4.6215410375189885, 4.621541037446501, 4.621541037482683, 4.621541037548263, 4.621541037446317, 4.621541037409495, 4.621541037508784, 4.621541037384435, 4.6215410375500525, 4.621541037416725, 4.621541037486078, 4.621541037489981, 4.621541037497569, 4.621541037483296, 4.621541037473315, 4.6215410374937465, 4.621541037392395, 4.621541037509445, 4.621541037430543, 4.621541037500038, 4.621541037495932, 4.621541037474497, 4.621541037417446, 4.621541037529247, 4.621541037464823, 4.621541037454192, 4.621541037431748, 4.6215410374834285, 4.621541037471108, 4.621541037461987, 4.6215410374401475, 4.621541037375926, 4.678864815728034, 4.678864815673816, 4.678864815678242, 4.678864815807689, 4.678864815845196, 4.678864815790824, 4.678864815756929, 4.67886481578265, 4.67886481577459, 4.678864815773969, 4.67886481574705, 4.678864815741151, 4.678864815772815, 4.678864815744126, 4.6788648156867945, 4.678864815755959, 4.678864815646352, 4.678864815792061, 4.678864815712062, 4.678864815717154, 4.678864815736234, 4.67886481571829, 4.678864815675259, 4.678864815688086, 4.678864815743359, 4.678864815653656, 4.678864815757077, 4.678864815685716, 4.67886481575677, 4.678864815723474, 4.678864815728034, 4.678864815664734, 4.678864815805169, 4.678864815732974, 4.678864815748431, 4.678864815672021, 4.6788648157608375, 4.678864815709234, 4.678864815740709, 4.678864815690757, 4.6788648156376444, 4.763510910912941, 4.763510910871399, 4.763510910866131, 4.763510910956617, 4.763510911010091, 4.7635109108996945, 4.763510910857436, 4.763510910904083, 4.763510910883048, 4.763510910891064, 4.763510910960672, 4.763510910929543, 4.763510910865691, 4.76351091097993, 4.7635109108979155, 4.7635109109199245, 4.76351091085358, 4.76351091092683, 4.76351091095092, 4.7635109108760405, 4.763510910900758, 4.7635109108882, 4.763510910830337, 4.763510910884453, 4.7635109108974145, 4.763510910880964, 4.763510910909599, 4.763510910909682, 4.763510910911591, 4.763510910877058, 4.763510910912951, 4.763510910864556, 4.763510910991791, 4.763510910938056, 4.763510910970377, 4.763510910854657, 4.763510910968023, 4.763510910876603, 4.763510910950634, 4.7635109108859535, 4.7635109108757385, 4.841532337017159, 4.841532336982455, 4.8415323369865435, 4.841532336999217, 4.841532337039107, 4.841532336988492, 4.841532336928102, 4.84153233698826, 4.841532336958571, 4.8415323369702294, 4.841532337062553, 4.841532337033632, 4.841532336948936, 4.841532337084809, 4.8415323370293, 4.841532336987593, 4.841532337005883, 4.8415323369885375, 4.841532337084257, 4.841532336981627, 4.841532337000315, 4.841532336985835, 4.841532336946481, 4.841532336993127, 4.841532336987757, 4.841532337021188, 4.841532336991559, 4.841532337039926, 4.841532336994537, 4.841532336983507, 4.84153233701715, 4.841532337012705, 4.8415323370766385, 4.841532337051577, 4.841532337063103, 4.841532336982538, 4.841532337054708, 4.841532336991782, 4.841532337044291, 4.8415323370216035, 4.841532337050768, 4.860883976856656, 4.860883976825524, 4.860883976846101, 4.860883976803592, 4.86088397682724, 4.860883976901232, 4.860883976843362, 4.860883976899747, 4.860883976872472, 4.860883976881432, 4.860883976870773, 4.860883976858956, 4.860883976854807, 4.860883976869317, 4.8608839768955985, 4.860883976797192, 4.860883976902246, 4.860883976813717, 4.860883976908037, 4.86088397685563, 4.860883976860553, 4.8608839768260985, 4.860883976801364, 4.860883976803356, 4.860883976846634, 4.860883976857954, 4.860883976844275, 4.860883976863003, 4.8608839768504275, 4.8608839768648755, 4.860883976856652, 4.860883976890988, 4.860883976850692, 4.860883976860157, 4.86088397683415, 4.8608839768740655, 4.8608839768335, 4.860883976877297, 4.860883976833659, 4.860883976905044, 4.860883976944552, 4.8299351302416085, 4.829935130217207, 4.829935130215204, 4.829935130187206, 4.829935130175151, 4.829935130314809, 4.829935130266939, 4.8299351303154605, 4.829935130285726, 4.82993513029501, 4.829935130222315, 4.829935130226555, 4.82993513027531, 4.829935130216809, 4.829935130278253, 4.829935130191566, 4.829935130297779, 4.8299351301923945, 4.829935130263083, 4.829935130270328, 4.829935130243967, 4.829935130227369, 4.829935130215336, 4.829935130187636, 4.829935130234678, 4.8299351302443085, 4.82993513023216, 4.829935130250218, 4.82993513023327, 4.829935130281044, 4.82993513024161, 4.829935130302441, 4.829935130205467, 4.829935130230363, 4.829935130178707, 4.829935130287623, 4.829935130185617, 4.829935130295328, 4.829935130182657, 4.829935130298521, 4.829935130347627, 4.879128820349707, 4.879128820331, 4.879128820293701, 4.879128820308743, 4.879128820263599, 4.879128820388969, 4.879128820342578, 4.8791288203847385, 4.879128820353565, 4.879128820367763, 4.879128820294278, 4.879128820330324, 4.879128820370492, 4.879128820327482, 4.879128820362779, 4.8791288203367555, 4.879128820372911, 4.879128820294598, 4.879128820339455, 4.87912882038901, 4.879128820332682, 4.879128820350046, 4.8791288203527055, 4.87912882031559, 4.879128820323704, 4.879128820377074, 4.879128820319725, 4.879128820385334, 4.879128820315778, 4.879128820390197, 4.879128820349698, 4.879128820430995, 4.879128820345875, 4.8791288203620224, 4.879128820297603, 4.87912882038828, 4.879128820303194, 4.879128820406297, 4.8791288202874945, 4.879128820389028, 4.8791288204499965, 4.992659730323514, 4.992659730295634, 4.9926597302542755, 4.992659730316192, 4.992659730260921, 4.992659730334749, 4.992659730290109, 4.992659730322708, 4.992659730306803, 4.992659730323433, 4.992659730247202, 4.992659730303568, 4.992659730329832, 4.992659730315179, 4.992659730304908, 4.9926597303462295, 4.992659730311257, 4.992659730276561, 4.992659730296249, 4.992659730360284, 4.9926597303020985, 4.99265973032314, 4.992659730332581, 4.99265973029795, 4.992659730291068, 4.992659730362308, 4.992659730284668, 4.992659730365874, 4.992659730281729, 4.992659730349536, 4.992659730323517, 4.992659730399274, 4.99265973036432, 4.992659730361218, 4.99265973030272, 4.992659730333534, 4.992659730307074, 4.9926597303600335, 4.992659730279621, 4.992659730346372, 4.992659730397625, 5.1018186122809706, 5.101818612232805, 5.101818612236693, 5.101818612319063, 5.101818612301022, 5.101818612293298, 5.101818612266296, 5.101818612275216, 5.101818612301487, 5.101818612307434, 5.1018186122167135, 5.101818612263305, 5.1018186122946885, 5.10181861228633, 5.101818612240581, 5.101818612298156, 5.10181861227768, 5.101818612257609, 5.10181861226083, 5.10181861230394, 5.101818612283414, 5.101818612259415, 5.101818612279677, 5.101818612251201, 5.1018186122820195, 5.101818612286668, 5.101818612273975, 5.101818612285195, 5.101818612272247, 5.101818612281541, 5.1018186122809706, 5.1018186123063645, 5.101818612329941, 5.101818612307341, 5.101818612291993, 5.101818612252826, 5.1018186123023614, 5.101818612274735, 5.101818612274658, 5.101818612290806, 5.101818612297449, 5.103356280137288, 5.103356280095162, 5.103356280143256, 5.1033562801947445, 5.103356280256663, 5.103356280159543, 5.1033562801681995, 5.103356280143832, 5.1033562802100345, 5.103356280199521, 5.103356280127207, 5.10335628013601, 5.103356280160887, 5.103356280154803, 5.1033562800999785, 5.1033562801109955, 5.10335628017988, 5.103356280133794, 5.103356280133966, 5.103356280135509, 5.103356280167037, 5.103356280096693, 5.103356280133284, 5.10335628011386, 5.1033562801871595, 5.103356280092488, 5.103356280176903, 5.1033562800965475, 5.103356280169025, 5.103356280106709, 5.103356280137288, 5.10335628009837, 5.103356280149892, 5.103356280120781, 5.103356280166925, 5.103356280079294, 5.1033562801881125, 5.1033562800856815, 5.103356280171622, 5.103356280130095, 5.103356280084777, 5.099226361764953, 5.099226361768483, 5.0992263617670215, 5.099226361790956, 5.099226361881219, 5.099226361762858, 5.09922636177863, 5.0992263617406435, 5.099226361805675, 5.0992263617951785, 5.099226361818348, 5.099226361780333, 5.099226361759692, 5.099226361789985, 5.099226361740672, 5.0992263617265525, 5.09922636181013, 5.099226361744908, 5.099226361778646, 5.099226361747104, 5.099226361784351, 5.099226361744349, 5.099226361770608, 5.099226361783277, 5.099226361819799, 5.099226361719824, 5.099226361802613, 5.099226361731862, 5.099226361792007, 5.099226361721205, 5.099226361764961, 5.099226361707746, 5.099226361765704, 5.099226361746788, 5.099226361803237, 5.099226361700764, 5.099226361826999, 5.099226361698303, 5.099226361815926, 5.09922636173631, 5.099226361683453, 5.116305306656591, 5.116305306731105, 5.116305306616073, 5.116305306638478, 5.1163053066819035, 5.116305306611869, 5.116305306611695, 5.1163053065771145, 5.116305306615925, 5.116305306617104, 5.116305306750386, 5.116305306675711, 5.11630530661922, 5.116305306668272, 5.11630530664253, 5.1163053066426345, 5.116305306668448, 5.116305306614614, 5.116305306676619, 5.116305306645567, 5.11630530665368, 5.116305306684164, 5.1163053066842945, 5.116305306733402, 5.11630530668657, 5.116305306642192, 5.116305306661466, 5.116305306659825, 5.1163053066525155, 5.116305306629684, 5.116305306656598, 5.116305306624454, 5.1163053066667885, 5.116305306668516, 5.116305306681208, 5.1163053066147315, 5.116305306700162, 5.1163053066121105, 5.116305306689253, 5.116305306624717, 5.116305306596286, 5.134485803073926, 5.134485803180719, 5.134485803037163, 5.134485803052236, 5.134485803037359, 5.134485803039812, 5.134485803044676, 5.134485803009337, 5.134485803028581, 5.134485803032485, 5.134485803154004, 5.134485803083526, 5.134485803051093, 5.134485803057375, 5.134485803074808, 5.1344858030881, 5.134485803057647, 5.134485803051167, 5.134485803080669, 5.134485803087665, 5.134485803062402, 5.134485803125348, 5.1344858031022245, 5.134485803162866, 5.134485803083905, 5.134485803079292, 5.13448580305621, 5.134485803097113, 5.134485803049918, 5.134485803081671, 5.134485803073922, 5.13448580305816, 5.134485803055064, 5.134485803073575, 5.134485803065555, 5.134485803069175, 5.134485803077684, 5.134485803064636, 5.134485803074744, 5.13448580304878, 5.1344858030372516, 5.1467597025431235, 5.1467597026286604, 5.146759702555331, 5.146759702540996, 5.146759702500286, 5.146759702563488, 5.146759702584901, 5.146759702547261, 5.146759702559101, 5.146759702555652, 5.146759702573858, 5.146759702530062, 5.14675970255835, 5.146759702508976, 5.146759702565381, 5.146759702570598, 5.1467597025177865, 5.146759702556488, 5.14675970253669, 5.146759702580945, 5.146759702542777, 5.146759702572744, 5.146759702541914, 5.146759702596358, 5.146759702552163, 5.146759702547333, 5.146759702527862, 5.146759702556644, 5.146759702525281, 5.146759702579753, 5.14675970254312, 5.146759702516771, 5.1467597024722815, 5.146759702502301, 5.146759702510272, 5.146759702565454, 5.146759702515287, 5.146759702556724, 5.146759702523585, 5.146759702527296, 5.146759702512899, 5.159108153748014, 5.159108153787653, 5.1591081537974235, 5.159108153750318, 5.159108153701616, 5.15910815378877, 5.1591081538082815, 5.159108153782434, 5.159108153791665, 5.159108153789115, 5.159108153726265, 5.159108153707277, 5.159108153778879, 5.159108153710965, 5.159108153779984, 5.159108153777425, 5.1591081537278, 5.159108153774323, 5.159108153750998, 5.1591081537891075, 5.159108153764693, 5.1591081537514425, 5.159108153718493, 5.159108153769888, 5.159108153754859, 5.159108153752995, 5.159108153737928, 5.159108153752019, 5.159108153738587, 5.159108153785079, 5.15910815374801, 5.1591081537188765, 5.159108153665537, 5.15910815369974, 5.159108153710951, 5.159108153777049, 5.159108153710575, 5.159108153771402, 5.15910815372009, 5.15910815374951, 5.159108153732658, 5.194828193606032, 5.194828193593544, 5.19482819365193, 5.194828193590962, 5.1948281935370115, 5.1948281936136596, 5.194828193609924, 5.194828193606735, 5.194828193614598, 5.1948281936259555, 5.194828193541734, 5.194828193550742, 5.19482819362162, 5.194828193572055, 5.194828193627511, 5.19482819363988, 5.194828193590699, 5.194828193618479, 5.19482819363252, 5.194828193628411, 5.194828193628655, 5.194828193608336, 5.194828193567744, 5.194828193625964, 5.194828193600341, 5.194828193623224, 5.194828193589668, 5.194828193616782, 5.194828193592369, 5.19482819362038, 5.194828193606038, 5.19482819359993, 5.194828193566208, 5.194828193597308, 5.194828193579088, 5.194828193626203, 5.194828193576033, 5.194828193630618, 5.1948281935782905, 5.194828193624146, 5.194828193615275, 5.22711294778159, 5.227112947725916, 5.227112947806995, 5.227112947749099, 5.227112947704721, 5.227112947766626, 5.2271129477389575, 5.227112947750484, 5.227112947759337, 5.227112947785359, 5.227112947708426, 5.2271129477402605, 5.227112947778878, 5.227112947755464, 5.227112947784256, 5.227112947818714, 5.227112947771964, 5.227112947774864, 5.227112947825107, 5.22711294777753, 5.2271129478061535, 5.227112947788909, 5.227112947750269, 5.227112947809676, 5.227112947774342, 5.227112947800889, 5.227112947765623, 5.22711294779407, 5.227112947768487, 5.227112947767186, 5.227112947781592, 5.227112947797463, 5.22711294779567, 5.227112947817839, 5.227112947771772, 5.2271129477829845, 5.2271129477693545, 5.227112947796654, 5.227112947763288, 5.22711294780825, 5.2271129478036285, 5.263585205166823, 5.263585205097331, 5.263585205187758, 5.263585205137509, 5.263585205127676, 5.2635852051803385, 5.2635852051519825, 5.263585205156383, 5.263585205168374, 5.263585205196256, 5.263585205126537, 5.2635852051640155, 5.263585205160933, 5.263585205155341, 5.263585205163684, 5.263585205192518, 5.263585205166736, 5.263585205153626, 5.263585205206623, 5.263585205144199, 5.263585205193228, 5.263585205160734, 5.2635852051391705, 5.263585205185974, 5.263585205176887, 5.263585205170656, 5.26358520516678, 5.2635852051644, 5.263585205168328, 5.263585205132213, 5.263585205166828, 5.263585205173488, 5.263585205194811, 5.2635852052061525, 5.263585205174646, 5.263585205147974, 5.263585205176604, 5.263585205161279, 5.26358520516829, 5.263585205183986, 5.263585205170055, 5.289654089877499, 5.289654089828876, 5.289654089899233, 5.289654089871216, 5.289654089893771, 5.289654089931757, 5.289654089918636, 5.289654089906541, 5.289654089920298, 5.2896540899393605, 5.289654089891389, 5.2896540899147055, 5.289654089874933, 5.289654089879419, 5.289654089878427, 5.289654089878207, 5.289654089890707, 5.28965408986708, 5.289654089900962, 5.28965408984661, 5.289654089899856, 5.289654089855039, 5.289654089847591, 5.289654089878952, 5.2896540899031415, 5.28965408986868, 5.289654089890521, 5.289654089862755, 5.289654089891505, 5.289654089839337, 5.289654089877498, 5.289654089861037, 5.28965408988549, 5.289654089888979, 5.289654089895009, 5.289654089846691, 5.289654089903841, 5.289654089853198, 5.289654089898415, 5.289654089873197, 5.289654089850711, 5.320257794536588, 5.320257794537229, 5.320257794528604, 5.320257794556765, 5.320257794567771, 5.3202577945872545, 5.320257794572611, 5.320257794555758, 5.320257794566987, 5.320257794581688, 5.320257794581863, 5.320257794583278, 5.320257794533553, 5.320257794538444, 5.320257794530276, 5.3202577945167535, 5.320257794560687, 5.3202577945272225, 5.320257794555336, 5.320257794505738, 5.320257794549966, 5.320257794522425, 5.3202577945126075, 5.320257794538372, 5.3202577945567935, 5.320257794535601, 5.320257794542466, 5.320257794530296, 5.320257794546351, 5.320257794513533, 5.320257794536591, 5.320257794520646, 5.320257794531772, 5.32025779453593, 5.320257794544789, 5.320257794515152, 5.3202577945587946, 5.320257794516368, 5.320257794556044, 5.320257794527375, 5.320257794512049, 5.342508176656864, 5.342508176718286, 5.342508176612897, 5.34250817670139, 5.34250817667517, 5.342508176667266, 5.342508176637676, 5.342508176626887, 5.342508176633397, 5.342508176648246, 5.342508176705748, 5.342508176673563, 5.342508176648694, 5.342508176652845, 5.34250817663739, 5.342508176627858, 5.342508176684849, 5.342508176647031, 5.342508176684795, 5.342508176635107, 5.342508176659183, 5.342508176664485, 5.342508176648095, 5.34250817667187, 5.342508176653686, 5.342508176674734, 5.342508176643247, 5.342508176670896, 5.342508176650709, 5.342508176658981, 5.342508176656863, 5.342508176660885, 5.34250817665378, 5.342508176664823, 5.342508176642092, 5.342508176662039, 5.34250817665594, 5.342508176660855, 5.342508176655092, 5.342508176665457, 5.342508176667152, 5.353121279667475, 5.353121279754521, 5.353121279632731, 5.353121279722535, 5.353121279691143, 5.353121279655544, 5.353121279635584, 5.353121279627188, 5.3531212796303915, 5.3531212796309875, 5.353121279709393, 5.353121279649766, 5.353121279656532, 5.353121279666342, 5.353121279652227, 5.353121279640922, 5.353121279680881, 5.35312127965604, 5.353121279688015, 5.353121279666718, 5.353121279659427, 5.353121279671548, 5.353121279659144, 5.353121279672224, 5.353121279648878, 5.353121279688916, 5.3531212796489696, 5.353121279685962, 5.353121279653496, 5.353121279693837, 5.3531212796674765, 5.3531212796780165, 5.35312127966317, 5.353121279676052, 5.353121279645097, 5.353121279688561, 5.3531212796512415, 5.353121279686014, 5.353121279653299, 5.353121279678546, 5.353121279687574, 5.369268289722037, 5.369268289788842, 5.36926828972754, 5.369268289757922, 5.369268289750824, 5.369268289725937, 5.369268289736278, 5.369268289723565, 5.369268289724769, 5.369268289699868, 5.369268289749118, 5.3692682896985735, 5.369268289714705, 5.3692682897275175, 5.369268289722115, 5.369268289712837, 5.369268289701473, 5.369268289710297, 5.369268289706695, 5.3692682897519814, 5.36926828971123, 5.369268289699322, 5.369268289704697, 5.36926828969937, 5.369268289712386, 5.369268289723685, 5.36926828972153, 5.369268289722189, 5.369268289715584, 5.3692682897665245, 5.369268289722028, 5.369268289725006, 5.369268289720395, 5.369268289725822, 5.369268289717932, 5.36926828973476, 5.369268289710994, 5.369268289733986, 5.369268289712366, 5.369268289709185, 5.369268289712361, 5.3768568447726475, 5.376856844804097, 5.376856844800387, 5.376856844766445, 5.37685684477771, 5.376856844797464, 5.376856844820898, 5.376856844805241, 5.376856844805285, 5.37685684476866, 5.376856844775229, 5.376856844757268, 5.3768568447795, 5.376856844770777, 5.376856844775239, 5.376856844779796, 5.376856844731216, 5.376856844768284, 5.376856844737738, 5.376856844817167, 5.376856844763192, 5.376856844739556, 5.376856844756572, 5.376856844739611, 5.376856844775675, 5.376856844753172, 5.376856844788901, 5.376856844756396, 5.376856844772226, 5.376856844821469, 5.376856844772646, 5.376856844776482, 5.376856844784393, 5.3768568447802645, 5.376856844785858, 5.376856844770455, 5.376856844771855, 5.376856844773479, 5.376856844770344, 5.376856844745157, 5.376856844744071, 5.395261628830004, 5.395261628839782, 5.395261628848819, 5.395261628792508, 5.39526162879903, 5.395261628857693, 5.395261628864406, 5.395261628852968, 5.395261628852831, 5.395261628826215, 5.395261628802882, 5.395261628813908, 5.395261628855292, 5.39526162880964, 5.395261628821551, 5.395261628837189, 5.395261628798646, 5.39526162883629, 5.395261628820371, 5.395261628858297, 5.39526162881787, 5.395261628813779, 5.395261628826761, 5.395261628811601, 5.39526162883181, 5.395261628806393, 5.395261628844864, 5.395261628815135, 5.395261628823986, 5.395261628868322, 5.395261628830008, 5.395261628847983, 5.395261628852438, 5.395261628846019, 5.395261628840102, 5.395261628825426, 5.395261628830458, 5.395261628828646, 5.395261628830407, 5.395261628816102, 5.395261628819969, 5.41597965526828, 5.415979655273502, 5.4159796552683, 5.4159796552381, 5.415979655229058, 5.415979655284645, 5.415979655266766, 5.415979655260473, 5.415979655261214, 5.415979655253894, 5.415979655227133, 5.415979655242331, 5.415979655293765, 5.415979655243215, 5.415979655259337, 5.415979655252953, 5.415979655262538, 5.415979655278958, 5.415979655303472, 5.415979655261972, 5.41597965525114, 5.415979655268345, 5.415979655273129, 5.415979655266654, 5.415979655263592, 5.415979655253146, 5.415979655272904, 5.4159796552631985, 5.415979655256715, 5.415979655289015, 5.415979655268279, 5.4159796552956765, 5.415979655277221, 5.415979655280488, 5.415979655261808, 5.415979655276122, 5.415979655262388, 5.415979655273001, 5.415979655269869, 5.4159796552792105, 5.415979655291129, 5.431230984769998, 5.431230984773168, 5.431230984759917, 5.431230984771589, 5.431230984754997, 5.431230984772454, 5.431230984747274, 5.431230984740704, 5.431230984743763, 5.4312309847555715, 5.431230984738109, 5.431230984747639, 5.431230984764186, 5.431230984771143, 5.4312309847849845, 5.431230984731165, 5.431230984771488, 5.431230984770686, 5.431230984821631, 5.431230984741058, 5.431230984753825, 5.431230984766696, 5.431230984776273, 5.431230984774782, 5.431230984774218, 5.431230984758082, 5.43123098477369, 5.431230984765582, 5.4312309847651505, 5.431230984776502, 5.431230984769995, 5.431230984792678, 5.431230984751554, 5.431230984769238, 5.43123098475722, 5.4312309847883355, 5.43123098476208, 5.431230984778165, 5.431230984776509, 5.431230984792665, 5.431230984806437, 5.4461781278688415, 5.446178127854757, 5.446178127863044, 5.446178127890325, 5.446178127873901, 5.446178127874565, 5.446178127857467, 5.446178127846469, 5.446178127852592, 5.44617812787424, 5.446178127853358, 5.446178127873977, 5.446178127832339, 5.446178127901752, 5.446178127907377, 5.446178127832084, 5.446178127852728, 5.446178127861077, 5.446178127899158, 5.446178127851296, 5.446178127856245, 5.446178127854919, 5.446178127877608, 5.44617812787593, 5.446178127891641, 5.446178127851995, 5.446178127879899, 5.446178127857087, 5.446178127874251, 5.446178127871507, 5.446178127868836, 5.4461781278807875, 5.446178127839831, 5.446178127861315, 5.446178127867683, 5.446178127882109, 5.446178127868723, 5.446178127871137, 5.446178127882073, 5.446178127885993, 5.446178127896805, 5.464612434913054, 5.464612434870501, 5.464612434908985, 5.464612434936226, 5.464612434918401, 5.464612434934583, 5.464612434926446, 5.4646124349079095, 5.464612434914623, 5.464612434928507, 5.464612434909957, 5.4646124349428336, 5.464612434887622, 5.464612434942585, 5.464612434941439, 5.464612434894979, 5.464612434886371, 5.4646124349216185, 5.464612434917661, 5.464612434921518, 5.4646124348955345, 5.464612434901929, 5.464612434921428, 5.4646124349212455, 5.464612434935003, 5.464612434899315, 5.4646124349222065, 5.4646124349035, 5.464612434915542, 5.464612434919786, 5.464612434913052, 5.464612434917338, 5.464612434886573, 5.4646124348998715, 5.4646124349218566, 5.464612434913968, 5.4646124349207605, 5.46461243490882, 5.464612434928514, 5.4646124349192675, 5.464612434930871, 5.481283240720454, 5.48128324066846, 5.481283240704037, 5.481283240739591, 5.481283240722561, 5.481283240743468, 5.481283240740283, 5.481283240716258, 5.481283240719717, 5.481283240719767, 5.481283240724011, 5.481283240753745, 5.481283240728616, 5.481283240721288, 5.48128324071885, 5.48128324071907, 5.481283240702341, 5.481283240750068, 5.4812832407117105, 5.481283240740109, 5.48128324069707, 5.481283240723445, 5.481283240727835, 5.481283240731304, 5.481283240725707, 5.481283240718068, 5.481283240719614, 5.481283240722001, 5.481283240712291, 5.4812832407318774, 5.481283240720449, 5.481283240724784, 5.48128324069728, 5.481283240702603, 5.48128324072727, 5.481283240715118, 5.481283240727991, 5.481283240717097, 5.481283240732611, 5.481283240721018, 5.4812832407352134, 5.492856209899794, 5.492856209873323, 5.492856209865276, 5.492856209912795, 5.4928562099041, 5.492856209901779, 5.492856209899709, 5.492856209876161, 5.492856209875484, 5.4928562098766545, 5.492856209909769, 5.492856209925132, 5.492856209929705, 5.492856209874571, 5.492856209875976, 5.49285620991026, 5.4928562098953195, 5.492856209928526, 5.492856209884353, 5.492856209907015, 5.492856209883482, 5.49285620991481, 5.492856209914043, 5.492856209918572, 5.492856209896735, 5.492856209901855, 5.492856209896173, 5.492856209905194, 5.492856209889183, 5.492856209912318, 5.492856209899789, 5.492856209912554, 5.492856209881903, 5.492856209885981, 5.4928562098969484, 5.492856209897875, 5.492856209899559, 5.4928562099042395, 5.492856209907011, 5.492856209901277, 5.492856209911968, 5.505442203787234, 5.505442203793789, 5.5054422037520485, 5.505442203788122, 5.505442203794857, 5.505442203775222, 5.505442203773439, 5.5054422037547655, 5.505442203751981, 5.505442203762828, 5.505442203806022, 5.505442203809025, 5.505442203818534, 5.505442203753472, 5.505442203762418, 5.5054422038064965, 5.505442203786142, 5.50544220379493, 5.505442203765472, 5.50544220377613, 5.505442203786753, 5.505442203802977, 5.505442203811395, 5.505442203813928, 5.50544220379371, 5.505442203780105, 5.505442203793857, 5.50544220378246, 5.5054422037849235, 5.505442203798736, 5.505442203787235, 5.505442203807912, 5.505442203778652, 5.505442203782881, 5.505442203780837, 5.505442203787778, 5.5054422037829935, 5.505442203795132, 5.505442203796206, 5.505442203786709, 5.5054422037868855, 5.525085020520542, 5.525085020532497, 5.5250850205061495, 5.5250850205044575, 5.52508502052908, 5.525085020518481, 5.525085020517122, 5.525085020504728, 5.525085020501598, 5.525085020507338, 5.525085020542866, 5.525085020537929, 5.525085020539299, 5.525085020496146, 5.5250850205148065, 5.525085020537696, 5.525085020512039, 5.525085020501602, 5.52508502050032, 5.525085020503008, 5.525085020524871, 5.525085020531673, 5.525085020538897, 5.525085020543832, 5.525085020533254, 5.525085020509172, 5.525085020531803, 5.525085020510615, 5.525085020520459, 5.525085020531115, 5.525085020520536, 5.525085020541829, 5.525085020519207, 5.525085020522535, 5.525085020519159, 5.525085020519716, 5.525085020519277, 5.525085020524851, 5.52508502053961, 5.525085020513931, 5.52508502050851, 5.543282435829911, 5.543282435820459, 5.543282435835561, 5.543282435805962, 5.543282435839398, 5.543282435845044, 5.543282435842451, 5.5432824358353265, 5.543282435832229, 5.543282435819687, 5.5432824358514114, 5.5432824358343655, 5.543282435830306, 5.543282435824902, 5.543282435847418, 5.543282435830949, 5.543282435815608, 5.543282435794772, 5.543282435823756, 5.5432824358150565, 5.5432824358265895, 5.543282435840744, 5.543282435826546, 5.543282435838492, 5.543282435830977, 5.543282435831359, 5.543282435828269, 5.543282435832206, 5.543282435820266, 5.543282435836669, 5.543282435829905, 5.543282435846337, 5.543282435827845, 5.54328243583158, 5.5432824358332535, 5.543282435829182, 5.543282435831466, 5.543282435830814, 5.54328243585696, 5.543282435824699, 5.543282435825034, 5.554801332656596, 5.554801332634481, 5.554801332667229, 5.554801332646264, 5.554801332668969, 5.554801332682195, 5.55480133267652, 5.554801332672567, 5.554801332669469, 5.5548013326525725, 5.554801332675922, 5.55480133265012, 5.5548013326428745, 5.554801332671434, 5.55480133268269, 5.554801332641705, 5.554801332648304, 5.554801332627675, 5.554801332666562, 5.554801332641225, 5.554801332655938, 5.554801332666041, 5.554801332641021, 5.554801332654184, 5.554801332647528, 5.5548013326680765, 5.554801332644653, 5.554801332668544, 5.554801332644171, 5.554801332654908, 5.554801332656601, 5.554801332666038, 5.554801332652056, 5.554801332655555, 5.554801332662097, 5.554801332654793, 5.554801332660329, 5.554801332654772, 5.554801332684113, 5.554801332664258, 5.554801332668219, 5.565669913021446, 5.5656699130131395, 5.5656699130199305, 5.565669913037356, 5.565669913033953, 5.565669913046883, 5.565669913038511, 5.565669913035883, 5.565669913032442, 5.5656699130353555, 5.56566991303098, 5.565669913012692, 5.565669913005011, 5.565669913047951, 5.5656699130371114, 5.565669913004705, 5.565669913026903, 5.565669913018818, 5.565669913039264, 5.565669913000131, 5.565669913038536, 5.565669913022393, 5.565669913015057, 5.565669913021513, 5.565669913017204, 5.565669913026765, 5.5656699130155465, 5.565669913026816, 5.565669913020224, 5.5656699130107254, 5.565669913021444, 5.565669913025505, 5.565669913019909, 5.5656699130213205, 5.565669913026643, 5.5656699130166905, 5.565669913027138, 5.565669913016816, 5.565669913046967, 5.565669913043247, 5.565669913040463, 5.577441858222055, 5.577441858227813, 5.577441858195869, 5.577441858253549, 5.577441858227031, 5.577441858235388, 5.577441858227272, 5.577441858225289, 5.577441858219947, 5.577441858240292, 5.577441858213428, 5.577441858211951, 5.577441858213396, 5.577441858248467, 5.577441858219355, 5.577441858211184, 5.577441858237991, 5.577441858247222, 5.577441858238177, 5.577441858199679, 5.577441858248384, 5.577441858216369, 5.577441858225091, 5.577441858226007, 5.57744185822146, 5.577441858221223, 5.577441858222485, 5.577441858221287, 5.577441858228497, 5.5774418582080445, 5.57744185822205, 5.577441858225217, 5.577441858224897, 5.577441858224589, 5.577441858223292, 5.577441858218206, 5.577441858226022, 5.577441858218345, 5.577441858246165, 5.577441858248786, 5.5774418582417455, 5.59484002396188, 5.594840023965229, 5.594840023915066, 5.594840023986264, 5.594840023954209, 5.594840023962027, 5.594840023957609, 5.594840023956458, 5.5948400239478175, 5.594840023961214, 5.594840023935954, 5.594840023950784, 5.594840023963364, 5.594840023982103, 5.594840023947512, 5.59484002395695, 5.594840023976187, 5.594840023994087, 5.5948400239673175, 5.594840023950255, 5.594840023975202, 5.594840023957513, 5.594840023960201, 5.594840023961855, 5.594840023956349, 5.594840023964178, 5.594840023959443, 5.5948400239647995, 5.594840023961689, 5.594840023953133, 5.594840023961884, 5.594840023967581, 5.594840023968147, 5.594840023967276, 5.594840023959572, 5.59484002396185, 5.594840023961899, 5.594840023961812, 5.59484002398684, 5.594840023980478, 5.594840023979883, 5.615310198429902, 5.615310198434105, 5.615310198379308, 5.615310198433741, 5.615310198411786, 5.61531019842894, 5.615310198429792, 5.61531019842958, 5.615310198418138, 5.615310198413471, 5.615310198400231, 5.61531019842648, 5.615310198437542, 5.615310198444547, 5.615310198416161, 5.615310198432153, 5.615310198435208, 5.615310198444694, 5.615310198417983, 5.615310198434199, 5.615310198424612, 5.615310198428019, 5.61531019842374, 5.6153101984284115, 5.6153101984259415, 5.615310198431309, 5.615310198428488, 5.615310198432183, 5.61531019842031, 5.615310198431897, 5.615310198429903, 5.615310198438582, 5.615310198438147, 5.615310198436824, 5.615310198428878, 5.615310198430074, 5.6153101984297304, 5.615310198430296, 5.61531019845764, 5.615310198434204, 5.6153101984401195, 5.635547372229089, 5.635547372251125, 5.63554737218882, 5.635547372215702, 5.635547372210792, 5.635547372236092, 5.635547372240621, 5.635547372241361, 5.635547372228488, 5.635547372214536, 5.6355473722153535, 5.635547372235908, 5.635547372237708, 5.635547372239914, 5.635547372225156, 5.635547372236754, 5.635547372230251, 5.635547372216576, 5.635547372202085, 5.635547372242418, 5.635547372216157, 5.635547372227769, 5.635547372226681, 5.635547372234537, 5.635547372234247, 5.6355473722237654, 5.6355473722344165, 5.635547372224174, 5.635547372216699, 5.6355473722398575, 5.635547372229089, 5.635547372240653, 5.635547372231961, 5.635547372231796, 5.635547372231577, 5.6355473722261955, 5.6355473722320175, 5.635547372227033, 5.635547372258006, 5.635547372222661, 5.635547372228258, 5.65818700436031, 5.658187004401351, 5.658187004331901, 5.6581870043397045, 5.6581870043514115, 5.658187004368713, 5.6581870043735725, 5.658187004375048, 5.658187004361712, 5.658187004352588, 5.658187004369112, 5.658187004363306, 5.658187004365973, 5.658187004368126, 5.65818700436828, 5.658187004367384, 5.658187004363713, 5.658187004327031, 5.6581870043314275, 5.658187004371068, 5.658187004347668, 5.658187004363293, 5.658187004356442, 5.658187004371722, 5.658187004364306, 5.658187004358283, 5.658187004362274, 5.658187004357646, 5.658187004347175, 5.658187004370809, 5.6581870043603075, 5.658187004378427, 5.658187004348859, 5.658187004354853, 5.658187004361549, 5.658187004358595, 5.65818700436216, 5.658187004359912, 5.658187004385726, 5.658187004351211, 5.658187004354973, 5.686354877175938]
Total optimisation time observed during ADAM optimization: 132.775142 seconds
Median time per evaluation during ADAM optimization: 2.631910 seconds
5.686354877175938
QAOA optimisation for n=6 took 136.21 seconds; started at 1777586389.350037 and finished at 1777586525.562345
Finished QAOA for n=10 nodes, m=15 edges at 2026-05-01 00:02:05 on Apple M4. Time taken: 136.21 seconds. Hours: 0.04 hours. Peak RAM: 369.73 MB.
Unknown graph type for approximation ratio calculation; skipping approx ratio computation.
CSV writing for n=6 took 0.00 seconds; started at 1777586525.562349 and finished at 1777586525.5629902
results: {6: 5.686354877175938}
durations: {10: 136.2123122215271}
Results saved to: logs/adam/qaoa_results_adam_20260430_200911.csv
Global end time: 1777586525.562997
Finalisation time: 0.00 seconds; started at 1777586525.5629928 and finished at 1777586525.562999
Sum of all section times: 136.30 seconds
