2026-04-30 21:03:48.551 system_profiler[82707:1235572] hw.cpufamily: 0x6f5129ac
Starting QAOA benchmark with global start time: 1777575828.413522
Benchmark parameters: {'optimiser': 'adam', 'circuit_type': 'hamqaoa', 'parameter_vector': [1, 1, 1], 'iterations_list': [50, 100, 200, 500], 'learning_rate_adam': 0.05, 'depth_list': [1, 2, 5, 10], 'n_start': 0, 'n_end': 30, 'singlet_injection': False, 'start_index_singlet': 0, 'warm_start': True, 'compare_with_010101': False, 'warm_start_correlations': False, 'init_QAOAparams_close_to_zero': False, 'use_correlations_as_initial_params': False, 'time_limit': 10800, 'failed_instance_termination_thrsh': 10, 'graph_generation_type': 'HOG', 'weighted': False, 'easiest_first': True, 'cpu_util_threshold': 90, 'debug': False, 'save_circuit_svg': False, 'rerun_exclude_finished_instances': False, 'optimiser_debug_iterations': 1, 'relative_graph_adjList_path': '/Users/julian_dev/Projects/MasterThesis/QAOA/HOG_graphs/list_27_graphs_adjacency_list.txt'}, Running QAOA with equal superposition
Benchmark run ID: 3fd40000
Processor: Apple M4
Hostname: Mac-mini-som-tillhor-Julian.local
Total RAM (GB): 16.0
Physical cores: 10
Logical cores: 10
Python version: 3.13.1
Initialisation time: 0.16 seconds; started at {'initialisation': 0.15857410430908203} and finished at 1777575828.572105
Loaded HOG graph index 20 with 15 edges.
Instance generation for n=20 took 0.00 seconds; started at 1777575828.5721102 and finished at 1777575828.572452
Running QAOA for n=10 nodes, m=15 edges...; Max iterations: 50
Warm-start: using parameter_vector=[1, 1, 1]
Warm-start: starting SDP solve for n_vertices=10
Starting SDP solve (solver preference: MOSEK, fallback: SCS) for n_vertices=10, matrix_dim=30, edges=15
Finished SDP solve with MOSEK. status=optimal. elapsed_seconds=0.07
Rounding...
n_vertices: 10 for n = 30
Using seed None to generate random matrix for x.
r_0: [ 0.69097256  0.16156763 -0.70459408]
Product state qubit 0: [[0.14770296+0.j         0.34548628-0.08078381j]
 [0.34548628+0.08078381j 0.85229704+0.j        ]]
Diagonal entries of product state 0: [0.14770296 0.85229704]
r_1: [-0.48345001  0.14696106  0.86294758]
Product state qubit 1: [[ 0.93147379+0.j         -0.24172501-0.07348053j]
 [-0.24172501+0.07348053j  0.06852621+0.j        ]]
Diagonal entries of product state 1: [0.93147379 0.06852621]
r_2: [-0.66311084 -0.21887936  0.71580433]
Product state qubit 2: [[ 0.85790216+0.j         -0.33155542+0.10943968j]
 [-0.33155542-0.10943968j  0.14209784+0.j        ]]
Diagonal entries of product state 2: [0.85790216 0.14209784]
r_3: [-0.79011304 -0.26797798  0.55127959]
Product state qubit 3: [[ 0.77563979+0.j         -0.39505652+0.13398899j]
 [-0.39505652-0.13398899j  0.22436021+0.j        ]]
Diagonal entries of product state 3: [0.77563979 0.22436021]
r_4: [-0.75897748 -0.27172571  0.59170797]
Product state qubit 4: [[ 0.79585398+0.j         -0.37948874+0.13586285j]
 [-0.37948874-0.13586285j  0.20414602+0.j        ]]
Diagonal entries of product state 4: [0.79585398 0.20414602]
r_5: [-0.69714212 -0.21596216  0.68363237]
Product state qubit 5: [[ 0.84181618+0.j         -0.34857106+0.10798108j]
 [-0.34857106-0.10798108j  0.15818382+0.j        ]]
Diagonal entries of product state 5: [0.84181618 0.15818382]
r_6: [ 0.75468092  0.3114673  -0.57744682]
Product state qubit 6: [[0.21127659+0.j         0.37734046-0.15573365j]
 [0.37734046+0.15573365j 0.78872341+0.j        ]]
Diagonal entries of product state 6: [0.21127659 0.78872341]
r_7: [-0.78463572 -0.43600889  0.44073011]
Product state qubit 7: [[ 0.72036506+0.j         -0.39231786+0.21800444j]
 [-0.39231786-0.21800444j  0.27963494+0.j        ]]
Diagonal entries of product state 7: [0.72036506 0.27963494]
r_8: [ 0.69097378  0.16156707 -0.70459301]
Product state qubit 8: [[0.14770349+0.j         0.34548689-0.08078354j]
 [0.34548689+0.08078354j 0.85229651+0.j        ]]
Diagonal entries of product state 8: [0.14770349 0.85229651]
r_9: [ 0.75467918  0.31146812 -0.57744866]
Product state qubit 9: [[0.21127567+0.j         0.37733959-0.15573406j]
 [0.37733959+0.15573406j 0.78872433+0.j        ]]
Diagonal entries of product state 9: [0.21127567 0.78872433]
y_scalar: False
[-1, 1, 1, 1, 1, 1, -1, 1, -1, -1]
Hamiltonian equals product state? [[False False False False]
 [False False False False]
 [False False False False]
 [False False False False]]
Hamiltonian: [[ 0. +0.j  0. +0.j  0. +0.j  0. +0.j]
 [ 0. +0.j  0.5+0.j -0.5+0.j  0. +0.j]
 [ 0. +0.j -0.5+0.j  0.5+0.j  0. +0.j]
 [ 0. +0.j  0. +0.j  0. +0.j  0. +0.j]], product state: [[ 0.16387382+0.j          0.2926796 -0.12079353j -0.08346583+0.02830861j
  -0.12820382+0.11208311j]
 [ 0.2926796 +0.12079353j  0.61176598+0.j         -0.16993711-0.0109644j
  -0.31159069+0.10568038j]
 [-0.08346583-0.02830861j -0.16993711+0.0109644j   0.04740185+0.j
   0.08465999-0.03494053j]
 [-0.12820382-0.11208311j -0.31159069-0.10568038j  0.08465999+0.03494053j
   0.17695835+0.j        ]]
Hamiltonian equals product state? [[False False False False]
 [False False False False]
 [False False False False]
 [False False False False]]
Hamiltonian: [[ 0. +0.j  0. +0.j  0. +0.j  0. +0.j]
 [ 0. +0.j  0.5+0.j -0.5+0.j  0. +0.j]
 [ 0. +0.j -0.5+0.j  0.5+0.j  0. +0.j]
 [ 0. +0.j  0. +0.j  0. +0.j  0. +0.j]], product state: [[ 0.13758144+0.j         -0.0357035 -0.01085329j  0.32181142-0.07524801j
  -0.08944871-0.00585905j]
 [-0.0357035 +0.01085329j  0.01012152+0.j         -0.07757664+0.04491398j
   0.02367486-0.00553581j]
 [ 0.32181142+0.07524801j -0.07757664-0.04491398j  0.79389236+0.j
  -0.20602151-0.06262724j]
 [-0.08944871+0.00585905j  0.02367486+0.00553581j -0.20602151+0.06262724j
   0.05840468+0.j        ]]
Hamiltonian equals product state? [[False False False False]
 [False False False False]
 [False False False False]
 [False False False False]]
Hamiltonian: [[ 0. +0.j  0. +0.j  0. +0.j  0. +0.j]
 [ 0. +0.j  0.5+0.j -0.5+0.j  0. +0.j]
 [ 0. +0.j -0.5+0.j  0.5+0.j  0. +0.j]
 [ 0. +0.j  0. +0.j  0. +0.j  0. +0.j]], product state: [[ 0.66542306+0.j         -0.33891984+0.11494944j -0.25716758+0.08488577j
   0.11631942-0.08765964j]
 [-0.33891984-0.11494944j  0.19247911+0.j          0.14564684+0.00118992j
  -0.07438784+0.02455391j]
 [-0.25716758-0.08488577j  0.14564684-0.00118992j  0.11021674+0.j
  -0.05613668+0.01903955j]
 [ 0.11631942+0.08765964j -0.07438784-0.02455391j -0.05613668-0.01903955j
   0.0318811 +0.j        ]]
Hamiltonian equals product state? [[False False False False]
 [False False False False]
 [False False False False]
 [False False False False]]
Hamiltonian: [[ 0. +0.j  0. +0.j  0. +0.j  0. +0.j]
 [ 0. +0.j  0.5+0.j -0.5+0.j  0. +0.j]
 [ 0. +0.j -0.5+0.j  0.5+0.j  0. +0.j]
 [ 0. +0.j  0. +0.j  0. +0.j  0. +0.j]], product state: [[ 0.12433919+0.j          0.29083646-0.06800489j -0.05148516+0.01594918j
  -0.11170364+0.06546485j]
 [ 0.29083646+0.06800489j  0.71747699+0.j         -0.12914982+0.00914725j
  -0.29708589+0.0920319j ]
 [-0.05148516-0.01594918j -0.12914982-0.00914725j  0.0233643 +0.j
   0.05465043-0.01277865j]
 [-0.11170364-0.06546485j -0.29708589-0.0920319j   0.05465043+0.01277865j
   0.13481951+0.j        ]]
Hamiltonian equals product state? [[False False False False]
 [False False False False]
 [False False False False]
 [False False False False]]
Hamiltonian: [[ 0. +0.j  0. +0.j  0. +0.j  0. +0.j]
 [ 0. +0.j  0.5+0.j -0.5+0.j  0. +0.j]
 [ 0. +0.j -0.5+0.j  0.5+0.j  0. +0.j]
 [ 0. +0.j  0. +0.j  0. +0.j  0. +0.j]], product state: [[ 0.15219561+0.j          0.27182225-0.11218537j -0.08288722+0.04605904j
  -0.11408634+0.14335896j]
 [ 0.27182225+0.11218537j  0.56816945+0.j         -0.18198778+0.02116445j
  -0.30943064+0.17194541j]
 [-0.08288722-0.04605904j -0.18198778-0.02116445j  0.05908006+0.j
   0.10551733-0.04354868j]
 [-0.11408634-0.14335896j -0.30943064-0.17194541j  0.10551733+0.04354868j
   0.22055488+0.j        ]]
Hamiltonian equals product state? [[False False False False]
 [False False False False]
 [False False False False]
 [False False False False]]
Hamiltonian: [[ 0. +0.j  0. +0.j  0. +0.j  0. +0.j]
 [ 0. +0.j  0.5+0.j -0.5+0.j  0. +0.j]
 [ 0. +0.j -0.5+0.j  0.5+0.j  0. +0.j]
 [ 0. +0.j  0. +0.j  0. +0.j  0. +0.j]], product state: [[ 0.18125386+0.j          0.32372045-0.13360458j -0.07004959+0.02312194j
  -0.1080655 +0.0929304j ]
 [ 0.32372045+0.13360458j  0.67664831+0.j         -0.14215247-0.01033855j
  -0.26150583+0.08631774j]
 [-0.07004959-0.02312194j -0.14215247+0.01033855j  0.03002182+0.j
   0.05361914-0.02212947j]
 [-0.1080655 -0.0929304j  -0.26150583-0.08631774j  0.05361914+0.02212947j
   0.11207602+0.j        ]]
Hamiltonian equals product state? [[False False False False]
 [False False False False]
 [False False False False]
 [False False False False]]
Hamiltonian: [[ 0. +0.j  0. +0.j  0. +0.j  0. +0.j]
 [ 0. +0.j  0.5+0.j -0.5+0.j  0. +0.j]
 [ 0. +0.j -0.5+0.j  0.5+0.j  0. +0.j]
 [ 0. +0.j  0. +0.j  0. +0.j  0. +0.j]], product state: [[ 0.11456429+0.j         -0.05835102+0.01979057j  0.26797291-0.06265914j
  -0.12566247+0.07820553j]
 [-0.05835102-0.01979057j  0.03313867+0.j         -0.14731075-0.01437719j
   0.07751337-0.01812467j]
 [ 0.26797291+0.06265914j -0.14731075+0.01437719j  0.6610755 +0.j
  -0.3367055 +0.11419842j]
 [-0.12566247-0.07820553j  0.07751337+0.01812467j -0.3367055 -0.11419842j
   0.19122154+0.j        ]]
Hamiltonian equals product state? [[False False False False]
 [False False False False]
 [False False False False]
 [False False False False]]
Hamiltonian: [[ 0. +0.j  0. +0.j  0. +0.j  0. +0.j]
 [ 0. +0.j  0.5+0.j -0.5+0.j  0. +0.j]
 [ 0. +0.j -0.5+0.j  0.5+0.j  0. +0.j]
 [ 0. +0.j  0. +0.j  0. +0.j  0. +0.j]], product state: [[ 0.16814532+0.j          0.30030791-0.12394124j -0.08017709+0.02870464j
  -0.12203804+0.11036572j]
 [ 0.30030791+0.12394124j  0.62770867+0.j         -0.16435487-0.00783261j
  -0.29931165+0.10715821j]
 [-0.08017709-0.02870464j -0.16435487+0.00783261j  0.04313127+0.j
   0.07703255-0.0317924j ]
 [-0.12203804-0.11036572j -0.29931165-0.10715821j  0.07703255+0.0317924j
   0.16101474+0.j        ]]
Hamiltonian equals product state? [[False False False False]
 [False False False False]
 [False False False False]
 [False False False False]]
Hamiltonian: [[ 0. +0.j  0. +0.j  0. +0.j  0. +0.j]
 [ 0. +0.j  0.5+0.j -0.5+0.j  0. +0.j]
 [ 0. +0.j -0.5+0.j  0.5+0.j  0. +0.j]
 [ 0. +0.j  0. +0.j  0. +0.j  0. +0.j]], product state: [[ 0.13758193+0.j          0.32181198-0.07524775j -0.03570363-0.01085333j
  -0.08944884-0.00585916j]
 [ 0.32181198+0.07524775j  0.79389186+0.j         -0.0775768 -0.04491396j
  -0.20602138-0.0626272j ]
 [-0.03570363+0.01085333j -0.0775768 +0.04491396j  0.01012156+0.j
   0.02367491-0.00553579j]
 [-0.08944884+0.00585916j -0.20602138+0.0626272j   0.02367491+0.00553579j
   0.05840465+0.j        ]]
Hamiltonian equals product state? [[False False False False]
 [False False False False]
 [False False False False]
 [False False False False]]
Hamiltonian: [[ 0. +0.j  0. +0.j  0. +0.j  0. +0.j]
 [ 0. +0.j  0.5+0.j -0.5+0.j  0. +0.j]
 [ 0. +0.j -0.5+0.j  0.5+0.j  0. +0.j]
 [ 0. +0.j  0. +0.j  0. +0.j  0. +0.j]], product state: [[ 0.17785605+0.j          0.31765131-0.13109911j -0.0736449 +0.02281387j
  -0.11471368+0.09502987j]
 [ 0.31765131+0.13109911j  0.66396013+0.j         -0.14834625-0.01353861j
  -0.27492615+0.08516721j]
 [-0.0736449 -0.02281387j -0.14834625+0.01353861j  0.03342054+0.j
   0.05968915-0.02463454j]
 [-0.11471368-0.09502987j -0.27492615-0.08516721j  0.05968915+0.02463454j
   0.12476328+0.j        ]]
Hamiltonian equals product state? [[False False False False]
 [False False False False]
 [False False False False]
 [False False False False]]
Hamiltonian: [[ 0. +0.j  0. +0.j  0. +0.j  0. +0.j]
 [ 0. +0.j  0.5+0.j -0.5+0.j  0. +0.j]
 [ 0. +0.j -0.5+0.j  0.5+0.j  0. +0.j]
 [ 0. +0.j  0. +0.j  0. +0.j  0. +0.j]], product state: [[ 0.66996276+0.j         -0.27741166+0.08593717j -0.31945976+0.11437155j
   0.11760817-0.08833546j]
 [-0.27741166-0.08593717j  0.12589122+0.j          0.14694941-0.00638025j
  -0.06002898+0.0214913j ]
 [-0.31945976-0.11437155j  0.14694941+0.00638025j  0.17185342+0.j
  -0.07115939+0.02204391j]
 [ 0.11760817+0.08833546j -0.06002898-0.0214913j  -0.07115939-0.02204391j
   0.0322926 +0.j        ]]
Hamiltonian equals product state? [[False False False False]
 [False False False False]
 [False False False False]
 [False False False False]]
Hamiltonian: [[ 0. +0.j  0. +0.j  0. +0.j  0. +0.j]
 [ 0. +0.j  0.5+0.j -0.5+0.j  0. +0.j]
 [ 0. +0.j -0.5+0.j  0.5+0.j  0. +0.j]
 [ 0. +0.j  0. +0.j  0. +0.j  0. +0.j]], product state: [[ 0.11755041+0.j          0.27495712-0.0642919j  -0.05605181+0.02006742j
  -0.1201329 +0.07759528j]
 [ 0.27495712+0.0642919j   0.67830357+0.j         -0.14208387+0.01628239j
  -0.32343693+0.11579544j]
 [-0.05605181-0.02006742j -0.14208387-0.01628239j  0.03015308+0.j
   0.07052977-0.01649164j]
 [-0.1201329 -0.07759528j -0.32343693-0.11579544j  0.07052977+0.01649164j
   0.17399294+0.j        ]]
Hamiltonian equals product state? [[False False False False]
 [False False False False]
 [False False False False]
 [False False False False]]
Hamiltonian: [[ 0. +0.j  0. +0.j  0. +0.j  0. +0.j]
 [ 0. +0.j  0.5+0.j -0.5+0.j  0. +0.j]
 [ 0. +0.j -0.5+0.j  0.5+0.j  0. +0.j]
 [ 0. +0.j  0. +0.j  0. +0.j  0. +0.j]], product state: [[ 0.12671469+0.j         -0.04897172+0.01616457j  0.29639343-0.06930461j
  -0.1057069 +0.06459422j]
 [-0.04897172-0.01616457j  0.02098827+0.j         -0.1233888 -0.0110256j
   0.04909285-0.01147921j]
 [ 0.29639343+0.06930461j -0.1233888 +0.0110256j   0.73118747+0.j
  -0.2825837 +0.09327512j]
 [-0.1057069 -0.06459422j  0.04909285+0.01147921j -0.2825837 -0.09327512j
   0.12110957+0.j        ]]
Hamiltonian equals product state? [[False False False False]
 [False False False False]
 [False False False False]
 [False False False False]]
Hamiltonian: [[ 0. +0.j  0. +0.j  0. +0.j  0. +0.j]
 [ 0. +0.j  0.5+0.j -0.5+0.j  0. +0.j]
 [ 0. +0.j -0.5+0.j  0.5+0.j  0. +0.j]
 [ 0. +0.j  0. +0.j  0. +0.j  0. +0.j]], product state: [[ 0.15219627+0.j         -0.08288758+0.04605924j  0.27182288-0.11218508j
  -0.11408678+0.14335899j]
 [-0.08288758-0.04605924j  0.05908032+0.j         -0.18198803-0.0211648j
   0.10551758-0.04354857j]
 [ 0.27182288+0.11218508j -0.18198803+0.0211648j   0.56816878+0.j
  -0.30943028+0.17194521j]
 [-0.11408678-0.14335899j  0.10551758+0.04354857j -0.30943028-0.17194521j
   0.22055463+0.j        ]]
Hamiltonian equals product state? [[False False False False]
 [False False False False]
 [False False False False]
 [False False False False]]
Hamiltonian: [[ 0. +0.j  0. +0.j  0. +0.j  0. +0.j]
 [ 0. +0.j  0.5+0.j -0.5+0.j  0. +0.j]
 [ 0. +0.j -0.5+0.j  0.5+0.j  0. +0.j]
 [ 0. +0.j  0. +0.j  0. +0.j  0. +0.j]], product state: [[ 0.67100117+0.j         -0.36543381+0.20306543j -0.17413025-0.0529328j
   0.11085212-0.0238694j ]
 [-0.36543381-0.20306543j  0.26047262+0.j          0.07881396+0.08152485j
  -0.06759476-0.02054772j]
 [-0.17413025+0.0529328j   0.07881396-0.08152485j  0.04936389+0.j
  -0.02688406+0.01493902j]
 [ 0.11085212+0.0238694j  -0.06759476+0.02054772j -0.02688406-0.01493902j
   0.01916232+0.j        ]]
Energy of rounded cut: 6.015717655294097
Check the cut: [-1, 1, 1, 1, 1, 1, -1, 1, -1, -1]
12 in cut out of a total of 15 edges
Warm-start: SDP solve + rounding finished in 0.09 seconds
Warm-start: statevector build finished in 0.00 seconds
warm_start_correlations: None
Edges: [(3, 9), (0, 1), (2, 3), (5, 8), (7, 9), (2, 9), (0, 3), (4, 6), (1, 8), (5, 6), (4, 5), (4, 8), (0, 2), (6, 7), (1, 7)], weights: [1.0, 1.0, 1.0, 1.0, 1.0, 1.0, 1.0, 1.0, 1.0, 1.0, 1.0, 1.0, 1.0, 1.0, 1.0], set of nodes: {0, 1, 2, 3, 4, 5, 6, 7, 8, 9}, n: 10 nodes, p: 2 layers, N_bayes: 50 iterations
Initial state injected as warm start
Initial state energy for vector-normalised SDP solution used as warm start: 3.0395703675604833
Running ADAM optimization with a single iteration (no debug loop)
ADAM optimizer configured with maxiter=50 and learning_rate=0.05
Generated 4 random initial parameter sets for ADAM optimization
Using random initial parameters with:
Param_type 1:  [-0.75195377 -2.20731051]
Param_type 2:  [1.36173145 0.165931  ]
Param_type 3:  [-0.64952822 -2.42088042]
Param_type 4:  [-0.60016426  2.11024205]
Energies observed during ADAM optimization: [2.9185522605344834, 2.9185522605720653, 2.9185522605628904, 2.9185522605369796, 2.9185522605435454, 2.918552260507101, 2.9185522605344834, 2.9185522604916243, 2.9185522604908214, 3.097893190661499, 3.097893190790235, 3.0978931907670675, 3.097893190718212, 3.097893190688669, 3.0978931906142577, 3.0978931906615013, 3.0978931905818663, 3.097893190582243, 3.379202155026351, 3.379202155171442, 3.3792021551288283, 3.379202155170135, 3.379202155099483, 3.3792021549845694, 3.379202155026347, 3.3792021549327402, 3.3792021549530453, 3.650852026342679, 3.6508520264022506, 3.650852026348285, 3.650852026560363, 3.6508520264368287, 3.650852026345738, 3.650852026342677, 3.650852026268458, 3.6508520263181548, 3.77231172832726, 3.772311728245011, 3.7723117282095897, 3.772311728548558, 3.7723117284018715, 3.7723117283868977, 3.772311728327251, 3.772311728295936, 3.7723117283618954, 3.8348059591448878, 3.8348059589661614, 3.8348059589744126, 3.8348059593362542, 3.834805959201947, 3.8348059592285018, 3.834805959144884, 3.8348059591471944, 3.834805959226692, 3.965618816160168, 3.9656188159350694, 3.965618815988712, 3.9656188163395063, 3.965618816217851, 3.9656188162413186, 3.965618816160173, 3.965618816180942, 3.965618816291439, 4.174159951675955, 4.174159951465893, 4.17415995154883, 4.174159951847761, 4.1741599517408075, 4.174159951731487, 4.174159951675954, 4.174159951697978, 4.174159951843458, 4.391540810298047, 4.391540810183672, 4.3915408102674505, 4.391540810444794, 4.391540810364102, 4.391540810304309, 4.391540810298054, 4.39154081030449, 4.391540810458109, 4.522634224365872, 4.522634224399365, 4.522634224454156, 4.522634224470366, 4.522634224421516, 4.522634224315834, 4.522634224365872, 4.522634224351295, 4.52263422446806, 4.557013307931697, 4.557013308082369, 4.557013308094202, 4.557013307988704, 4.557013307966528, 4.557013307849543, 4.5570133079317054, 4.55701330790899, 4.557013307958872, 4.558275672538228, 4.558275672731179, 4.558275672707066, 4.558275672544353, 4.558275672543924, 4.558275672457189, 4.5582756725382225, 4.558275672526627, 4.55827567250467, 4.549009696087567, 4.549009696266599, 4.549009696224173, 4.549009696045724, 4.549009696058782, 4.549009696025954, 4.549009696087566, 4.549009696099138, 4.54900969601361, 4.5295673204043245, 4.5295673205439675, 4.529567320502209, 4.529567320329852, 4.529567320342749, 4.529567320366235, 4.529567320404332, 4.529567320440706, 4.52956732031103, 4.511639386995109, 4.511639387090198, 4.511639387063917, 4.511639386907639, 4.511639386909774, 4.511639386979022, 4.511639386995115, 4.5116393870496845, 4.511639386902544, 4.507126627504297, 4.507126627556328, 4.507126627555052, 4.5071266274192014, 4.507126627407499, 4.507126627509021, 4.5071266275043, 4.507126627567608, 4.507126627427403, 4.516485100624855, 4.516485100634734, 4.516485100664308, 4.516485100552212, 4.516485100528677, 4.516485100650176, 4.516485100624857, 4.516485100688418, 4.516485100571554, 4.533158831718345, 4.5331588316861025, 4.533158831750135, 4.533158831664335, 4.53315883163308, 4.53315883176359, 4.533158831718346, 4.53315883177569, 4.533158831690076, 4.551513383855094, 4.551513383781891, 4.5515133838816455, 4.551513383821773, 4.551513383788305, 4.551513383918151, 4.551513383855091, 4.551513383901563, 4.551513383848476, 4.570444567352884, 4.570444567242633, 4.5704445673758824, 4.5704445673377165, 4.570444567308798, 4.570444567430595, 4.570444567352884, 4.570444567385462, 4.5704445673617045, 4.592704940857519, 4.592704940717796, 4.592704940877524, 4.592704940854506, 4.592704940837037, 4.592704940946224, 4.592704940857514, 4.592704940874833, 4.592704940874495, 4.622130980447918, 4.622130980290163, 4.622130980464339, 4.622130980450316, 4.622130980449218, 4.622130980543671, 4.62213098044791, 4.622130980450034, 4.622130980465871, 4.660736935799802, 4.6607369356393304, 4.660736935811459, 4.660736935802815, 4.660736935819039, 4.6607369358978925, 4.660736935799803, 4.660736935787958, 4.660736935812261, 4.7068204219649665, 4.7068204218199705, 4.706820421970808, 4.706820421967058, 4.706820421996799, 4.7068204220596055, 4.706820421964965, 4.706820421941351, 4.706820421966438, 4.7546759827032945, 4.754675982592144, 4.754675982702649, 4.754675982705662, 4.754675982741297, 4.7546759827879335, 4.754675982703293, 4.754675982670957, 4.754675982689322, 4.796310299943063, 4.796310299880192, 4.796310299935502, 4.796310299947714, 4.796310299980253, 4.796310300011518, 4.796310299943061, 4.796310299905807, 4.79631029991057, 4.8250922818323305, 4.825092281823885, 4.82509228181719, 4.8250922818400355, 4.82509228186217, 4.825092281880536, 4.825092281832328, 4.825092281794519, 4.825092281780375, 4.839687349704005, 4.839687349745715, 4.839687349680228, 4.839687349713206, 4.839687349721637, 4.839687349731362, 4.839687349703999, 4.83968734967015, 4.839687349634522, 4.845051931704254, 4.845051931783171, 4.8450519316707, 4.845051931711729, 4.845051931707413, 4.845051931713684, 4.845051931704262, 4.845051931678518, 4.845051931622276, 4.849076746848327, 4.849076746947377, 4.849076746804701, 4.849076746850823, 4.849076746837462, 4.849076746845148, 4.849076746848326, 4.849076746833916, 4.849076746761349, 4.857788693149536, 4.857788693251662, 4.85778869309772, 4.857788693145345, 4.857788693127448, 4.85778869313971, 4.857788693149536, 4.857788693148212, 4.85778869306651, 4.872637767853168, 4.872637767943295, 4.8726377677980865, 4.872637767842793, 4.8726377678244335, 4.872637767841916, 4.87263776785316, 4.87263776786486, 4.872637767783597, 4.890368397152332, 4.890368397217857, 4.890368397101703, 4.890368397138171, 4.890368397122385, 4.890368397143115, 4.8903683971523355, 4.890368397174997, 4.890368397105259, 4.904754454186817, 4.904754454218259, 4.904754454149523, 4.904754454172068, 4.904754454160822, 4.904754454180932, 4.9047544541868096, 4.9047544542167625, 4.904754454169226, 4.910076773521503, 4.910076773514448, 4.910076773504974, 4.910076773508797, 4.9100767735031505, 4.9100767735184165, 4.910076773521505, 4.910076773554005, 4.910076773536196, 4.9052552758187185, 4.905255275775665, 4.905255275826404, 4.9052552758090355, 4.905255275809486, 4.9052552758168755, 4.905255275818725, 4.9052552758490195, 4.905255275862612, 4.8952748670007615, 4.895274866931288, 4.895274867031182, 4.895274866993278, 4.895274867000167, 4.89527486699863, 4.895274867000758, 4.89527486702475, 4.895274867065036, 4.887651959898254, 4.88765195981681, 4.88765195994612, 4.8876519598909915, 4.887651959904674, 4.887651959894842, 4.887651959898254, 4.887651959912944, 4.8876519599704285, 4.886992544888323, 4.886992544810972, 4.886992544946631, 4.886992544879298, 4.8869925448998215, 4.886992544883226, 4.886992544888326, 4.886992544891958, 4.886992544955439, 4.892635511122263, 4.892635511063579, 4.892635511183875, 4.892635511110132, 4.89263551113675, 4.892635511115526, 4.892635511122264, 4.892635511114627, 4.892635511173417, 4.9004979048790505, 4.900497904849297, 4.90049790493787, 4.900497904863258, 4.90049790489433, 4.900497904870921, 4.900497904879053, 4.900497904861719, 4.900497904907347, 4.906780753557281, 4.906780753559938, 4.906780753608808, 4.906780753537792, 4.906780753571025, 4.906780753548259, 4.906780753557284, 4.906780753533727, 4.906780753561012, 4.9105374144448275, 4.9105374144757175, 4.910537414486182, 4.910537414421829, 4.910537414454832, 4.910537414435725, 4.91053741444483, 4.91053741441996, 4.910537414427427, 4.913351008059098, 4.913351008107587, 4.913351008088586, 4.913351008033098, 4.913351008063731, 4.9133510080511185, 4.9133510080591005, 4.913351008038325, 4.913351008027843, 4.916907908209917, 4.91690790826212, 4.916907908226525, 4.91690790818215, 4.916907908208478, 4.9169079082045695, 4.916907908209913, 4.9169079081978015, 4.916907908173732, 4.921130286084788, 4.921130286127342, 4.921130286088297, 4.921130286057584, 4.921130286077756, 4.921130286083673, 4.9211302860848045, 4.92113028608398, 4.921130286052038, 4.924549997178363, 4.924549997201503, 4.924549997169752, 4.924549997154855, 4.924549997167286, 4.924549997182641, 4.924549997178361, 4.924549997188913, 4.924549997155154, 4.926068581135169, 4.926068581134652, 4.926068581116936, 4.926068581118473, 4.92606858112229, 4.926068581145247, 4.92606858113517, 4.926068581154599, 4.926068581124538, 4.926127616454241, 4.926127616431607, 4.926127616430338, 4.926127616446383, 4.926127616441931, 4.926127616469529, 4.92612761645424, 4.926127616478342, 4.9261276164560766, 4.9263165991441245, 4.926316599105924, 4.926316599119278, 4.926316599145467, 4.926316599134285, 4.926316599163254, 4.926316599144127, 4.926316599168097, 4.92631659915578, 4.92799808888278]
Total optimisation time observed during ADAM optimization: 21.959816 seconds
Median time per evaluation during ADAM optimization: 0.430154 seconds
4.92799808888278
QAOA optimisation for n=20 took 24.79 seconds; started at 1777575828.572454 and finished at 1777575853.367289
Finished QAOA for n=10 nodes, m=15 edges at 2026-04-30 21:04:13 on Apple M4. Time taken: 24.79 seconds. Hours: 0.01 hours. Peak RAM: 366.12 MB.
Unknown graph type for approximation ratio calculation; skipping approx ratio computation.
CSV writing for n=20 took 0.00 seconds; started at 1777575853.367291 and finished at 1777575853.367573
results: {20: 4.92799808888278}
durations: {10: 24.79483699798584}
Results saved to: logs/adam/qaoa_results_adam_20260430_200911.csv
Global end time: 1777575853.367577
Finalisation time: 0.00 seconds; started at 1777575853.367574 and finished at 1777575853.367579
Sum of all section times: 24.95 seconds
