2026-04-30 20:14:25.569 system_profiler[12996:1086100] hw.cpufamily: 0x6f5129ac
Starting QAOA benchmark with global start time: 1777572865.434141
Benchmark parameters: {'optimiser': 'adam', 'circuit_type': 'hamqaoa', 'parameter_vector': [1, 1, 1], 'iterations_list': [50, 100, 200, 500], 'learning_rate_adam': 0.05, 'depth_list': [1, 2, 5, 10], 'n_start': 0, 'n_end': 30, 'singlet_injection': False, 'start_index_singlet': 0, 'warm_start': True, 'compare_with_010101': False, 'warm_start_correlations': False, 'init_QAOAparams_close_to_zero': False, 'use_correlations_as_initial_params': False, 'time_limit': 10800, 'failed_instance_termination_thrsh': 10, 'graph_generation_type': 'HOG', 'weighted': False, 'easiest_first': True, 'cpu_util_threshold': 90, 'debug': False, 'save_circuit_svg': False, 'rerun_exclude_finished_instances': False, 'optimiser_debug_iterations': 1, 'relative_graph_adjList_path': '/Users/julian_dev/Projects/MasterThesis/QAOA/HOG_graphs/list_27_graphs_adjacency_list.txt'}, Running QAOA with equal superposition
Benchmark run ID: 47ee9343
Processor: Apple M4
Hostname: Mac-mini-som-tillhor-Julian.local
Total RAM (GB): 16.0
Physical cores: 10
Logical cores: 10
Python version: 3.13.1
Initialisation time: 0.16 seconds; started at {'initialisation': 0.1554548740386963} and finished at 1777572865.5896058
Loaded HOG graph index 4 with 9 edges.
Instance generation for n=4 took 0.00 seconds; started at 1777572865.589612 and finished at 1777572865.589956
Running QAOA for n=6 nodes, m=9 edges...; Max iterations: 100
Warm-start: using parameter_vector=[1, 1, 1]
Warm-start: starting SDP solve for n_vertices=6
Starting SDP solve (solver preference: MOSEK, fallback: SCS) for n_vertices=6, matrix_dim=18, edges=9
Finished SDP solve with MOSEK. status=optimal. elapsed_seconds=0.03
Rounding...
n_vertices: 6 for n = 18
Using seed None to generate random matrix for x.
r_0: [ 0.30765864 -0.89169093 -0.33201423]
Product state qubit 0: [[0.33399288+0.j         0.15382932+0.44584546j]
 [0.15382932-0.44584546j 0.66600712+0.j        ]]
Diagonal entries of product state 0: [0.33399288 0.66600712]
r_1: [ 0.37937313 -0.49105764  0.7841801 ]
Product state qubit 1: [[0.89209005+0.j         0.18968656+0.24552882j]
 [0.18968656-0.24552882j 0.10790995+0.j        ]]
Diagonal entries of product state 1: [0.89209005 0.10790995]
r_2: [-0.37949284  0.92306827  0.06269091]
Product state qubit 2: [[ 0.53134546+0.j         -0.18974642-0.46153414j]
 [-0.18974642+0.46153414j  0.46865454+0.j        ]]
Diagonal entries of product state 2: [0.53134546 0.46865454]
r_3: [-0.30764576  0.8916807   0.33205362]
Product state qubit 3: [[ 0.66602681+0.j         -0.15382288-0.44584035j]
 [-0.15382288+0.44584035j  0.33397319+0.j        ]]
Diagonal entries of product state 3: [0.66602681 0.33397319]
r_4: [-0.37940564  0.49110001 -0.78413783]
Product state qubit 4: [[ 0.10793108+0.j      -0.18970282-0.24555j]
 [-0.18970282+0.24555j  0.89206892+0.j     ]]
Diagonal entries of product state 4: [0.10793108 0.89206892]
r_5: [ 0.37948959 -0.92306693 -0.06273028]
Product state qubit 5: [[0.46863486+0.j         0.1897448 +0.46153347j]
 [0.1897448 -0.46153347j 0.53136514+0.j        ]]
Diagonal entries of product state 5: [0.46863486 0.53136514]
y_scalar: False
[-1, 1, 1, 1, -1, -1]
Hamiltonian equals product state? [[False False False False]
 [False False False False]
 [False False False False]
 [False False False False]]
Hamiltonian: [[ 0. +0.j  0. +0.j  0. +0.j  0. +0.j]
 [ 0. +0.j  0.5+0.j -0.5+0.j  0. +0.j]
 [ 0. +0.j -0.5+0.j  0.5+0.j  0. +0.j]
 [ 0. +0.j  0. +0.j  0. +0.j  0. +0.j]], product state: [[ 0.29795173+0.j          0.06335396+0.08200488j  0.13722961+0.3977343j
  -0.08028856+0.12234043j]
 [ 0.06335396-0.08200488j  0.03604116+0.j          0.13864727+0.04680136j
   0.01659971+0.04811116j]
 [ 0.13722961-0.3977343j   0.13864727-0.04680136j  0.59413832+0.j
   0.1263326 +0.16352394j]
 [-0.08028856-0.12234043j  0.01659971-0.04811116j  0.1263326 -0.16352394j
   0.0718688 +0.j        ]]
Hamiltonian equals product state? [[False False False False]
 [False False False False]
 [False False False False]
 [False False False False]]
Hamiltonian: [[ 0. +0.j  0. +0.j  0. +0.j  0. +0.j]
 [ 0. +0.j  0.5+0.j -0.5+0.j  0. +0.j]
 [ 0. +0.j -0.5+0.j  0.5+0.j  0. +0.j]
 [ 0. +0.j  0. +0.j  0. +0.j  0. +0.j]], product state: [[ 0.31212338+0.j          0.12637512+0.30739366j -0.07208676-0.20893633j
   0.17658315-0.15559029j]
 [ 0.12637512-0.30739366j  0.35390343+0.j         -0.23495733-0.01360148j
  -0.08173612-0.23690402j]
 [-0.07208676+0.20893633j -0.23495733+0.01360148j  0.15651148+0.j
   0.06336967+0.1541398j ]
 [ 0.17658315+0.15559029j -0.08173612+0.23690402j  0.06336967-0.1541398j
   0.17746171+0.j        ]]
Hamiltonian equals product state? [[False False False False]
 [False False False False]
 [False False False False]
 [False False False False]]
Hamiltonian: [[ 0. +0.j  0. +0.j  0. +0.j  0. +0.j]
 [ 0. +0.j  0.5+0.j -0.5+0.j  0. +0.j]
 [ 0. +0.j -0.5+0.j  0.5+0.j  0. +0.j]
 [ 0. +0.j  0. +0.j  0. +0.j  0. +0.j]], product state: [[ 0.22244822+0.00000000e+00j -0.05137575-1.48907505e-01j
   0.10245445+2.96945033e-01j  0.17511343-1.37164552e-01j]
 [-0.05137575+1.48907505e-01j  0.11154467+0.00000000e+00j
  -0.22243837+2.08537911e-06j  0.05137487+1.48900431e-01j]
 [ 0.10245445-2.96945033e-01j -0.22243837-2.08537911e-06j
   0.4435786 +0.00000000e+00j -0.10244713-2.96932847e-01j]
 [ 0.17511343+1.37164552e-01j  0.05137487-1.48900431e-01j
  -0.10244713+2.96932847e-01j  0.22242852+0.00000000e+00j]]
Hamiltonian equals product state? [[False False False False]
 [False False False False]
 [False False False False]
 [False False False False]]
Hamiltonian: [[ 0. +0.j  0. +0.j  0. +0.j  0. +0.j]
 [ 0. +0.j  0.5+0.j -0.5+0.j  0. +0.j]
 [ 0. +0.j -0.5+0.j  0.5+0.j  0. +0.j]
 [ 0. +0.j  0. +0.j  0. +0.j  0. +0.j]], product state: [[ 0.47400799+0.j         -0.16927089-0.41173001j  0.10078909+0.13046062j
   0.07732759-0.13413504j]
 [-0.16927089+0.41173001j  0.41808206+0.j         -0.14931228+0.04095861j
   0.08889747+0.1150682j ]
 [ 0.10078909-0.13046062j -0.14931228-0.04095861j  0.05733746+0.j
  -0.02047553-0.04980413j]
 [ 0.07732759+0.13413504j  0.08889747-0.1150682j  -0.02047553+0.04980413j
   0.05057249+0.j        ]]
Hamiltonian equals product state? [[False False False False]
 [False False False False]
 [False False False False]
 [False False False False]]
Hamiltonian: [[ 0. +0.j  0. +0.j  0. +0.j  0. +0.j]
 [ 0. +0.j  0.5+0.j -0.5+0.j  0. +0.j]
 [ 0. +0.j -0.5+0.j  0.5+0.j  0. +0.j]
 [ 0. +0.j  0. +0.j  0. +0.j  0. +0.j]], product state: [[ 0.071885  +0.j         -0.12634716-0.16354289j -0.01660227-0.04812003j
  -0.08029547+0.12234838j]
 [-0.12634716+0.16354289j  0.59414182+0.j          0.13865673+0.04680596j
  -0.13722061-0.39772032j]
 [-0.01660227+0.04812003j  0.13865673-0.04680596j  0.03604609+0.j
  -0.06335566-0.08200712j]
 [-0.08029547-0.12234838j -0.13722061+0.39772032j -0.06335566+0.08200712j
   0.2979271 +0.j        ]]
Hamiltonian equals product state? [[False False False False]
 [False False False False]
 [False False False False]
 [False False False False]]
Hamiltonian: [[ 0. +0.j  0. +0.j  0. +0.j  0. +0.j]
 [ 0. +0.j  0.5+0.j -0.5+0.j  0. +0.j]
 [ 0. +0.j -0.5+0.j  0.5+0.j  0. +0.j]
 [ 0. +0.j  0. +0.j  0. +0.j  0. +0.j]], product state: [[ 0.05058027+0.j          0.02047936+0.04981381j -0.08890136-0.11507329j
   0.07733442-0.13414604j]
 [ 0.02047936-0.04981381j  0.05735082+0.j         -0.14932467+0.04096236j
  -0.10080147-0.13047671j]
 [-0.08890136+0.11507329j -0.14932467-0.04096236j  0.41805459+0.j
   0.16926544+0.41171966j]
 [ 0.07733442+0.13414604j -0.10080147+0.13047671j  0.16926544-0.41171966j
   0.47401432+0.j        ]]
Hamiltonian equals product state? [[False False False False]
 [False False False False]
 [False False False False]
 [False False False False]]
Hamiltonian: [[ 0. +0.j  0. +0.j  0. +0.j  0. +0.j]
 [ 0. +0.j  0.5+0.j -0.5+0.j  0. +0.j]
 [ 0. +0.j -0.5+0.j  0.5+0.j  0. +0.j]
 [ 0. +0.j  0. +0.j  0. +0.j  0. +0.j]], product state: [[ 0.249007  +0.00000000e+00j  0.10082004+2.45233709e-01j
  -0.08892179-2.16290986e-01j  0.17701005-1.75148023e-01j]
 [ 0.10082004-2.45233709e-01j  0.28233845+0.00000000e+00j
  -0.24901685+6.21304218e-07j -0.10082463-2.45243150e-01j]
 [-0.08892179+2.16290986e-01j -0.24901685-6.21304218e-07j
   0.21962786+0.00000000e+00j  0.08892476+2.16299756e-01j]
 [ 0.17701005+1.75148023e-01j -0.10082463+2.45243150e-01j
   0.08892476-2.16299756e-01j  0.24902669+0.00000000e+00j]]
Hamiltonian equals product state? [[False False False False]
 [False False False False]
 [False False False False]
 [False False False False]]
Hamiltonian: [[ 0. +0.j  0. +0.j  0. +0.j  0. +0.j]
 [ 0. +0.j  0.5+0.j -0.5+0.j  0. +0.j]
 [ 0. +0.j -0.5+0.j  0.5+0.j  0. +0.j]
 [ 0. +0.j  0. +0.j  0. +0.j  0. +0.j]], product state: [[ 0.09628425+0.00000000e+00j -0.169232  -2.19052715e-01j
   0.02047308+2.65001916e-02j  0.02430553-9.31550465e-02j]
 [-0.169232  +2.19052715e-01j  0.7958058 +0.00000000e+00j
  -0.09627368+2.69456850e-08j  0.16921349+2.19028629e-01j]
 [ 0.02047308-2.65001916e-02j -0.09627368-2.69456850e-08j
   0.01164684+0.00000000e+00j -0.02047082-2.64972892e-02j]
 [ 0.02430553+9.31550465e-02j  0.16921349-2.19028629e-01j
  -0.02047082+2.64972892e-02j  0.09626311+0.00000000e+00j]]
Hamiltonian equals product state? [[False False False False]
 [False False False False]
 [False False False False]
 [False False False False]]
Hamiltonian: [[ 0. +0.j  0. +0.j  0. +0.j  0. +0.j]
 [ 0. +0.j  0.5+0.j -0.5+0.j  0. +0.j]
 [ 0. +0.j -0.5+0.j  0.5+0.j  0. +0.j]
 [ 0. +0.j  0. +0.j  0. +0.j  0. +0.j]], product state: [[ 0.1774656 +0.j         -0.06337395-0.15414912j  0.08173651+0.23689796j
   0.17658434-0.15559506j]
 [-0.06337395+0.15414912j  0.15652728+0.j         -0.23496146-0.0136001j
   0.07209281+0.2089475j ]
 [ 0.08173651-0.23689796j -0.23496146+0.0136001j   0.35387985+0.j
  -0.12637247-0.30738502j]
 [ 0.17658434+0.15559506j  0.07209281-0.2089475j  -0.12637247+0.30738502j
   0.31212726+0.j        ]]
Energy of rounded cut: 3.6072589183626165
Check the cut: [-1, 1, 1, 1, -1, -1]
7 in cut out of a total of 9 edges
Warm-start: SDP solve + rounding finished in 0.04 seconds
Warm-start: statevector build finished in 0.00 seconds
warm_start_correlations: None
Edges: [(0, 1), (3, 5), (0, 3), (1, 2), (3, 4), (4, 5), (2, 5), (1, 4), (0, 2)], weights: [1.0, 1.0, 1.0, 1.0, 1.0, 1.0, 1.0, 1.0, 1.0], set of nodes: {0, 1, 2, 3, 4, 5}, n: 6 nodes, p: 1 layers, N_bayes: 100 iterations
Initial state injected as warm start
Initial state energy for vector-normalised SDP solution used as warm start: 3.607258918362618
Running ADAM optimization with a single iteration (no debug loop)
ADAM optimizer configured with maxiter=100 and learning_rate=0.05
Generated 4 random initial parameter sets for ADAM optimization
Using random initial parameters with:
Param_type 1:  [2.36201385]
Param_type 2:  [0.21425065]
Param_type 3:  [3.03179912]
Param_type 4:  [1.27988058]
Energies observed during ADAM optimization: [2.6362112992172886, 2.6362112991858093, 2.6362112992140316, 2.63621129921729, 2.6362112992313866, 2.647040537343807, 2.6470405373485426, 2.6470405373430084, 2.6470405373438064, 2.647040537351222, 2.6490384113676075, 2.64903841137231, 2.6490384113652987, 2.6490384113676053, 2.6490384113737417, 2.6528864222795634, 2.652886422271438, 2.6528864222763557, 2.652886422279564, 2.652886422284036, 2.6595466104166894, 2.6595466103927565, 2.6595466104117973, 2.6595466104166894, 2.6595466104187833, 2.6721635048884913, 2.6721635048463943, 2.672163504881867, 2.6721635048884904, 2.6721635048848653, 2.6918639936864825, 2.691863993624792, 2.691863993679691, 2.6918639936864803, 2.691863993670008, 2.7253647489255375, 2.7253647488382615, 2.725364748915519, 2.725364748925538, 2.725364748891027, 2.785273247013168, 2.7852732468902133, 2.785273246992359, 2.7852732470131714, 2.785273246960075, 2.878345123096757, 2.878345122933819, 2.878345123057342, 2.8783451230967567, 2.8783451230315595, 3.003489648710805, 3.0034896485148583, 3.003489648646118, 3.003489648710806, 3.003489648647869, 3.150948152451647, 3.1509481522427896, 3.1509481523570138, 3.1509481524516474, 3.15094815241156, 3.3008997142943453, 3.3008997141043297, 3.3008997141681613, 3.3008997142943435, 3.300899714299315, 3.431060626864353, 3.431060626727314, 3.431060626711145, 3.4310606268643555, 3.4310606269241033, 3.5386714320531465, 3.5386714319902604, 3.5386714318880754, 3.5386714320531487, 3.538671432147843, 3.6254095776219404, 3.625409577641591, 3.6254095774650295, 3.6254095776219404, 3.6254095777211566, 3.6828228737300717, 3.682822873827708, 3.6828228735975497, 3.68282287373007, 3.6828228738122277, 3.713902652221337, 3.7139026523747694, 3.7139026521207485, 3.7139026522213343, 3.7139026522743883, 3.731972445764152, 3.7319724459406993, 3.731972445694352, 3.7319724457641548, 3.7319724457817984, 3.745360200329847, 3.7453602005000373, 3.745360200284879, 3.7453602003298476, 3.7453602003095208, 3.7563271522814006, 3.7563271524280575, 3.756327152254326, 3.7563271522814, 3.756327152224534, 3.768119720514893, 3.768119720634775, 3.768119720500355, 3.7681197205148944, 3.768119720427369, 3.7858437711904527, 3.785843771288776, 3.785843771186013, 3.78584377119045, 3.785843771081954, 3.811884328404833, 3.811884328487336, 3.8118843284110375, 3.811884328404831, 3.8118843282877033, 3.8433380419081047, 3.843338041976383, 3.8433380419276264, 3.843338041908104, 3.8433380417964513, 3.873016321664204, 3.8730163217153057, 3.8730163217004208, 3.873016321664203, 3.87301632157267, 3.8923602167506695, 3.8923602167792124, 3.8923602168058404, 3.8923602167506686, 3.8923602166923024, 3.8953370826262255, 3.8953370826273646, 3.8953370826998426, 3.895337082626228, 3.8953370826096103, 3.8821827965072413, 3.882182796479014, 3.88218279659531, 3.8821827965072444, 3.882182796533923, 3.860762600214154, 3.8607626001585116, 3.8607626003100504, 3.8607626002141555, 3.8607626002778277, 3.84321108522494, 3.843211085147376, 3.8432110853214025, 3.843211085224934, 3.8432110853133534, 3.8391522605723667, 3.839152260480956, 3.8391522606632393, 3.839152260572369, 3.839152260671033, 3.8511695327611255, 3.8511695326653967, 3.8511695328418387, 3.851169532761123, 3.8511695328563587, 3.875138236315694, 3.8751382362257956, 3.875138236383088, 3.875138236315694, 3.875138236396269, 3.9031818094635398, 3.9031818093889465, 3.9031818095156017, 3.9031818094635433, 3.9031818095215494, 3.9271173794631693, 3.9271173794112255, 3.9271173794990815, 3.9271173794631706, 3.9271173794947467, 3.9414470734853206, 3.941447073459937, 3.941447073505533, 3.941447073485322, 3.941447073490972, 3.9449614745061403, 3.9449614745073753, 3.9449614745122017, 3.9449614745061417, 3.9449614744901482, 3.9402557145698434, 3.9402557145945307, 3.9402557145639245, 3.940255714569846, 3.9402557145386696, 3.9316926509988313, 3.9316926510417756, 3.9316926509831407, 3.9316926509988313, 3.931692650959218, 3.9233148569872807, 3.923314857042341, 3.923314856963702, 3.92331485698728, 3.923314856944861, 3.9177329788676163, 3.917732978928334, 3.9177329788376283, 3.9177329788676194, 3.9177329788264466, 3.9159504865852988, 3.9159504866452695, 3.9159504865501162, 3.915950486585299, 3.915950486548104, 3.917653176079833, 3.9176531761329842, 3.9176531760406426, 3.917653176079836, 3.9176531760485034, 3.9216525804225113, 3.921652580463523, 3.9216525803806346, 3.921652580422512, 3.921652580398492, 3.9263990460405385, 3.926399046065373, 3.9263990459976115, 3.9263990460405367, 3.9263990460250158, 3.9305247752913486, 3.9305247752978327, 3.930524775249251, 3.930524775291349, 3.930524775285099, 3.9333104246463573, 3.9333104246346573, 3.933310424607094, 3.933310424646361, 3.9333104246494637, 3.9348757696634733, 3.934875769636166, 3.9348757696289782, 3.934875769663477, 3.9348757696750787, 3.935953937963806, 3.9359539379256008, 3.935953937935735, 3.9359539379638053, 3.9359539379820827, 3.937342197902027, 3.9373421978589596, 3.937342197881605, 3.937342197902025, 3.937342197924393, 3.939364166776077, 3.939364166734537, 3.9393641667639945, 3.939364166776077, 3.9393641667996158, 3.9416828217126687, 3.9416828216783752, 3.9416828217090303, 3.941682821712671, 3.9416828217346174, 3.9435525929902426, 3.943552592967356, 3.9435525929945587, 3.9435525929902435, 3.943552593008374, 3.944306903685877, 3.944306903676464, 3.9443069036971328, 3.9443069036858787, 3.9443069036986915, 3.943757507954679, 3.9437575079585225, 3.943757507971471, 3.9437575079546834, 3.94375750796141, 3.9422841483359217, 3.94228414835079, 3.9422841483566393, 3.94228414833592, 3.9422841483364133, 3.9406111352251805, 3.940611135247459, 3.9406111352482074, 3.940611135225181, 3.9406111352197883, 3.939452183834721, 3.9394521838601997, 3.9394521838585783, 3.9394521838347187, 3.939452183824238, 3.9392334770912685, 3.9392334771158968, 3.939233477114667, 3.939233477091271, 3.9392334770769484, 3.9399966468623058, 3.939996646882775, 3.9399966468841536, 3.939996646862305, 3.939996646845861, 3.941459243262716, 3.9414592432767552, 3.9414592432820745, 3.9414592432627145, 3.941459243246257, 3.943157417638577, 3.9431574176451374, 3.9431574176546618, 3.9431574176385764, 3.9431574176243736, 3.944614459600956, 3.9446144596001305, 3.944614459613125, 3.944614459600953, 3.9446144595910915, 3.9454948594803603, 3.945494859473241, 3.945494859488174, 3.9454948594803625, 3.945494859476329, 3.945706616834079, 3.9457066168225223, 3.9457066168373287, 3.945706616834075, 3.9457066168364467, 3.94540942426395, 3.945409424250248, 3.9454094242627487, 3.9454094242639526, 3.9454094242721895, 3.944915892629801, 3.944915892616273, 3.9449158926245627, 3.9449158926298016, 3.9449158926423746, 3.9445302011622294, 3.9445302011508687, 3.944530201153675, 3.944530201162226, 3.9445302011768906, 3.9444113312330207, 3.944411331225214, 3.9444113312220814, 3.944411331233016, 3.944411331247225, 3.9445336306042234, 3.9445336306005556, 3.9445336305919407, 3.944533630604229, 3.9445336306156475, 3.9447544634224627, 3.944754463422741, 3.944754463409843, 3.944754463422463, 3.9447544634293523, 3.9449305974357864, 3.9449305974392437, 3.944930597423724, 3.9449305974357882, 3.94493059743727, 3.9450084493515734, 3.9450084493571, 3.9450084493407727, 3.945008449351574, 3.9450084493477267, 3.9450397411007696, 3.9450397411072298, 3.9450397410917315, 3.945039741100771, 3.9450397410925766, 3.9451247535400804, 3.945124753546471, 3.9451247535331144, 3.9451247535400817, 3.9451247535292056, 3.9453273531857174, 3.9453273531913124, 3.9453273531809936, 3.9453273531857143, 3.9453273531741972, 3.9456203130234666, 3.9456203130277805, 3.9456203130210064, 3.9456203130234653, 3.945620313013333, 3.9458967178899993, 3.945896717892775, 3.945896717889727, 3.94589671789, 3.9458967178829187, 3.9460380704274285, 3.946038070428542, 3.946038070429178, 3.9460380704274325, 3.94603807042442, 3.9459921486773495, 3.9459921486768326, 3.945992148680842, 3.9459921486773535, 3.94599214867863, 3.945807886003593, 3.945807886001615, 3.945807886008467, 3.94580788600359, 3.9458078860085815, 3.9456045483413424, 3.945604548338203, 3.94560454834715, 3.9456045483413416, 3.945604548348799, 3.94549795285173, 3.9454979528478757, 3.9454979528580054, 3.94549795285173, 3.945497952860066, 3.945535458806758, 3.9455354588027194, 3.945535458813032, 3.945535458806758, 3.9455354588143527, 3.945680317436952, 3.9456803174332853, 3.945680317442795, 3.9456803174369486, 3.9456803174424695, 3.945848643313334, 3.9458486433105278, 3.9458486433183797, 3.945848643313332, 3.9458486433159767, 3.9459669424159416, 3.9459669424143864, 3.94596694241992, 3.9459669424159403, 3.945966942415541, 3.946009845138438, 3.9460098451383607, 3.9460098451411705, 3.946009845138436, 3.9460098451354315, 3.9459993115730674, 3.945999311574488, 3.945999311574483, 3.9459993115730674, 3.945999311568354, 3.9459756955957386, 3.9459756955984444, 3.945975695595834, 3.945975695595743, 3.945975695590425, 3.9459669387078664, 3.945966938711395, 3.9459669387067366, 3.94596693870787, 3.945966938703046, 3.945975807056951, 3.9459758070607003, 3.945975807054768, 3.9459758070569513, 3.94597580705349, 3.945987935565853, 3.945987935569109, 3.945987935562854, 3.945987935565854, 3.945987935564236, 3.945989096864299, 3.9459890968664433, 3.945989096860766, 3.9459890968642997, 3.945989096864586, 3.9459778695404575, 3.9459778695410654, 3.9459778695367196, 3.9459778695404553, 3.945977869542322, 3.945965931381452, 3.9459659313804227, 3.945965931377816, 3.945965931381453, 3.945965931384303, 3.945968529988094, 3.9459685299856626, 3.945968529984866, 3.945968529988093, 3.945968529991215, 3.9459926827014113, 3.945992682698137, 3.9459926826988303, 3.9459926827014176, 3.945992682704151, 3.9460318019803347, 3.9460318019769196, 3.946031801978545, 3.946031801980336, 3.946031801982197, 3.946069616228359]
Total optimisation time observed during ADAM optimization: 0.769116 seconds
Median time per evaluation during ADAM optimization: 0.006577 seconds
3.946069616228359
QAOA optimisation for n=4 took 1.00 seconds; started at 1777572865.589959 and finished at 1777572866.588421
Finished QAOA for n=6 nodes, m=9 edges at 2026-04-30 20:14:26 on Apple M4. Time taken: 1.00 seconds. Hours: 0.00 hours. Peak RAM: 218.23 MB.
Unknown graph type for approximation ratio calculation; skipping approx ratio computation.
CSV writing for n=4 took 0.00 seconds; started at 1777572866.588423 and finished at 1777572866.588914
results: {4: 3.946069616228359}
durations: {6: 0.9984645843505859}
Results saved to: logs/adam/qaoa_results_adam_20260430_200911.csv
Global end time: 1777572866.588922
Finalisation time: 0.00 seconds; started at 1777572866.588919 and finished at 1777572866.588927
Sum of all section times: 1.15 seconds
