2026-04-30 21:55:05.503 system_profiler[47315:1370516] hw.cpufamily: 0x6f5129ac
Starting QAOA benchmark with global start time: 1777578905.4363031
Benchmark parameters: {'optimiser': 'adam', 'circuit_type': 'hamqaoa', 'parameter_vector': [1, 1, 1], 'iterations_list': [50, 100, 200, 500], 'learning_rate_adam': 0.05, 'depth_list': [1, 2, 5, 10], 'n_start': 0, 'n_end': 30, 'singlet_injection': False, 'start_index_singlet': 0, 'warm_start': True, 'compare_with_010101': False, 'warm_start_correlations': False, 'init_QAOAparams_close_to_zero': False, 'use_correlations_as_initial_params': False, 'time_limit': 10800, 'failed_instance_termination_thrsh': 10, 'graph_generation_type': 'HOG', 'weighted': False, 'easiest_first': True, 'cpu_util_threshold': 90, 'debug': False, 'save_circuit_svg': False, 'rerun_exclude_finished_instances': False, 'optimiser_debug_iterations': 1, 'relative_graph_adjList_path': '/Users/julian_dev/Projects/MasterThesis/QAOA/HOG_graphs/list_27_graphs_adjacency_list.txt'}, Running QAOA with equal superposition
Benchmark run ID: 7419486c
Processor: Apple M4
Hostname: Mac-mini-som-tillhor-Julian.local
Total RAM (GB): 16.0
Physical cores: 10
Logical cores: 10
Python version: 3.13.1
Initialisation time: 0.08 seconds; started at {'initialisation': 0.08374190330505371} and finished at 1777578905.520053
Loaded HOG graph index 11 with 12 edges.
Instance generation for n=11 took 0.00 seconds; started at 1777578905.5200589 and finished at 1777578905.520344
Running QAOA for n=8 nodes, m=12 edges...; Max iterations: 200
Warm-start: using parameter_vector=[1, 1, 1]
Warm-start: starting SDP solve for n_vertices=8
Starting SDP solve (solver preference: MOSEK, fallback: SCS) for n_vertices=8, matrix_dim=24, edges=12
Finished SDP solve with MOSEK. status=optimal. elapsed_seconds=0.05
Rounding...
n_vertices: 8 for n = 24
Using seed None to generate random matrix for x.
r_0: [0.37593264 0.56380792 0.73538784]
Product state qubit 0: [[0.86769392+0.j         0.18796632-0.28190396j]
 [0.18796632+0.28190396j 0.13230608+0.j        ]]
Diagonal entries of product state 0: [0.86769392 0.13230608]
r_1: [-0.37162691 -0.56277722 -0.73835983]
Product state qubit 1: [[ 0.13082008+0.j         -0.18581345+0.28138861j]
 [-0.18581345-0.28138861j  0.86917992+0.j        ]]
Diagonal entries of product state 1: [0.13082008 0.86917992]
r_2: [-0.37162647 -0.56277762 -0.73835975]
Product state qubit 2: [[ 0.13082013+0.j         -0.18581323+0.28138881j]
 [-0.18581323-0.28138881j  0.86917987+0.j        ]]
Diagonal entries of product state 2: [0.13082013 0.86917987]
r_3: [0.36718916 0.56170128 0.74139314]
Product state qubit 3: [[0.87069657+0.j         0.18359458-0.28085064j]
 [0.18359458+0.28085064j 0.12930343+0.j        ]]
Diagonal entries of product state 3: [0.87069657 0.12930343]
r_4: [-0.37358354 -0.55795463 -0.74102764]
Product state qubit 4: [[ 0.12948618+0.j         -0.18679177+0.27897732j]
 [-0.18679177-0.27897732j  0.87051382+0.j        ]]
Diagonal entries of product state 4: [0.12948618 0.87051382]
r_5: [-0.36969223 -0.56749629 -0.73571435]
Product state qubit 5: [[ 0.13214282+0.j         -0.18484611+0.28374815j]
 [-0.18484611-0.28374815j  0.86785718+0.j        ]]
Diagonal entries of product state 5: [0.13214282 0.86785718]
r_6: [0.37162659 0.56277698 0.73836018]
Product state qubit 6: [[0.86918009+0.j         0.18581329-0.28138849j]
 [0.18581329+0.28138849j 0.13081991+0.j        ]]
Diagonal entries of product state 6: [0.86918009 0.13081991]
r_7: [0.3716266  0.56277721 0.73835999]
Product state qubit 7: [[0.86918  +0.j         0.1858133-0.28138861j]
 [0.1858133+0.28138861j 0.13082  +0.j        ]]
Diagonal entries of product state 7: [0.86918 0.13082]
y_scalar: False
[1, -1, -1, 1, -1, -1, 1, 1]
Hamiltonian equals product state? [[False False False False]
 [False False False False]
 [False False False False]
 [False False False False]]
Hamiltonian: [[ 0. +0.j  0. +0.j  0. +0.j  0. +0.j]
 [ 0. +0.j  0.5+0.j -0.5+0.j  0. +0.j]
 [ 0. +0.j -0.5+0.j  0.5+0.j  0. +0.j]
 [ 0. +0.j  0. +0.j  0. +0.j  0. +0.j]], product state: [[ 0.1139046 +0.j          0.02401786-0.0367409j  -0.16178714+0.2450041j
   0.04491383+0.10384725j]
 [ 0.02401786+0.0367409j   0.01691549+0.j         -0.11314251-0.0005244j
  -0.02402632+0.03638451j]
 [-0.16178714-0.2450041j  -0.11314251+0.0005244j   0.75679197+0.j
   0.15957672-0.24410973j]
 [ 0.04491383-0.10384725j -0.02402632-0.03638451j  0.15957672+0.24410973j
   0.11238794+0.j        ]]
Hamiltonian equals product state? [[False False False False]
 [False False False False]
 [False False False False]
 [False False False False]]
Hamiltonian: [[ 0. +0.j  0. +0.j  0. +0.j  0. +0.j]
 [ 0. +0.j  0.5+0.j -0.5+0.j  0. +0.j]
 [ 0. +0.j -0.5+0.j  0.5+0.j  0. +0.j]
 [ 0. +0.j  0. +0.j  0. +0.j  0. +0.j]], product state: [[ 0.11351179+0.j         -0.1612292 +0.24415919j  0.02458977-0.0368787j
   0.04439789+0.10527313j]
 [-0.1612292 -0.24415919j  0.75418213+0.j         -0.11425123-0.00051003j
   0.16337655-0.24502526j]
 [ 0.02458977+0.0368787j  -0.11425123+0.00051003j  0.01730829+0.j
  -0.02458425+0.03722942j]
 [ 0.04439789-0.10527313j  0.16337655+0.24502526j -0.02458425-0.03722942j
   0.11499779+0.j        ]]
Hamiltonian equals product state? [[False False False False]
 [False False False False]
 [False False False False]
 [False False False False]]
Hamiltonian: [[ 0. +0.j  0. +0.j  0. +0.j  0. +0.j]
 [ 0. +0.j  0.5+0.j -0.5+0.j  0. +0.j]
 [ 0. +0.j -0.5+0.j  0.5+0.j  0. +0.j]
 [ 0. +0.j  0. +0.j  0. +0.j  0. +0.j]], product state: [[ 0.11370624+0.00000000e+00j  0.02430812-3.68112927e-02j
  -0.16150515+2.44577525e-01j  0.04465303+1.04571511e-01j]
 [ 0.02430812+3.68112927e-02j  0.01711389+0.00000000e+00j
  -0.11370618+5.70710997e-08j -0.02430809+3.68112853e-02j]
 [-0.16150515-2.44577525e-01j -0.11370618-5.70710997e-08j
   0.75547376+0.00000000e+00j  0.16150518-2.44577314e-01j]
 [ 0.04465303-1.04571511e-01j -0.02430809-3.68112853e-02j
   0.16150518+2.44577314e-01j  0.11370612+0.00000000e+00j]]
Hamiltonian equals product state? [[False False False False]
 [False False False False]
 [False False False False]
 [False False False False]]
Hamiltonian: [[ 0. +0.j  0. +0.j  0. +0.j  0. +0.j]
 [ 0. +0.j  0.5+0.j -0.5+0.j  0. +0.j]
 [ 0. +0.j -0.5+0.j  0.5+0.j  0. +0.j]
 [ 0. +0.j  0. +0.j  0. +0.j  0. +0.j]], product state: [[ 0.11390463+0.j          0.02401787-0.03674092j -0.16178695+0.24500427j
   0.04491392+0.10384723j]
 [ 0.02401787+0.03674092j  0.01691549+0.j         -0.11314253-0.0005243j
  -0.02402629+0.03638454j]
 [-0.16178695-0.24500427j -0.11314253+0.0005243j   0.75679194+0.j
   0.15957672-0.24410972j]
 [ 0.04491392-0.10384723j -0.02402629-0.03638454j  0.15957672+0.24410972j
   0.11238794+0.j        ]]
Hamiltonian equals product state? [[False False False False]
 [False False False False]
 [False False False False]
 [False False False False]]
Hamiltonian: [[ 0. +0.j  0. +0.j  0. +0.j  0. +0.j]
 [ 0. +0.j  0.5+0.j -0.5+0.j  0. +0.j]
 [ 0. +0.j -0.5+0.j  0.5+0.j  0. +0.j]
 [ 0. +0.j  0. +0.j  0. +0.j  0. +0.j]], product state: [[ 0.11370621+0.00000000e+00j  0.02430811-3.68112658e-02j
  -0.16150535+2.44577377e-01j  0.04465291+1.04571512e-01j]
 [ 0.02430811+3.68112658e-02j  0.01711387+0.00000000e+00j
  -0.11370613-2.22902437e-08j -0.0243081 +3.68112333e-02j]
 [-0.16150535-2.44577377e-01j -0.11370613+2.22902437e-08j
   0.75547388+0.00000000e+00j  0.16150518-2.44577224e-01j]
 [ 0.04465291-1.04571512e-01j -0.0243081 -3.68112333e-02j
   0.16150518+2.44577224e-01j  0.11370604+0.00000000e+00j]]
Hamiltonian equals product state? [[False False False False]
 [False False False False]
 [False False False False]
 [False False False False]]
Hamiltonian: [[ 0. +0.j  0. +0.j  0. +0.j  0. +0.j]
 [ 0. +0.j  0.5+0.j -0.5+0.j  0. +0.j]
 [ 0. +0.j -0.5+0.j  0.5+0.j  0. +0.j]
 [ 0. +0.j  0. +0.j  0. +0.j  0. +0.j]], product state: [[ 0.1125468 +0.j          0.02406025-0.03643594j -0.16235567+0.2424815j
   0.04379264+0.10439877j]
 [ 0.02406025+0.03643594j  0.01693938+0.j         -0.11320943-0.00072338j
  -0.0244361 +0.03649581j]
 [-0.16235567-0.2424815j  -0.11320943+0.00072338j  0.7566332 +0.j
   0.16175305-0.24495267j]
 [ 0.04379264-0.10439877j -0.0244361 -0.03649581j  0.16175305+0.24495267j
   0.11388062+0.j        ]]
Hamiltonian equals product state? [[False False False False]
 [False False False False]
 [False False False False]
 [False False False False]]
Hamiltonian: [[ 0. +0.j  0. +0.j  0. +0.j  0. +0.j]
 [ 0. +0.j  0.5+0.j -0.5+0.j  0. +0.j]
 [ 0. +0.j -0.5+0.j  0.5+0.j  0. +0.j]
 [ 0. +0.j  0. +0.j  0. +0.j  0. +0.j]], product state: [[ 0.1148559 +0.j          0.02455389-0.03718348j -0.16066454+0.24662821j
   0.04549663+0.10473777j]
 [ 0.02455389+0.03718348j  0.01728692+0.j         -0.11419036+0.00071059j
  -0.02418157+0.03711993j]
 [-0.16066454-0.24662821j -0.11419036-0.00071059j  0.7543241 +0.j
   0.16125941-0.24420512j]
 [ 0.04549663-0.10473777j -0.02418157-0.03711993j  0.16125941+0.24420512j
   0.11353308+0.j        ]]
Hamiltonian equals product state? [[False False False False]
 [False False False False]
 [False False False False]
 [False False False False]]
Hamiltonian: [[ 0. +0.j  0. +0.j  0. +0.j  0. +0.j]
 [ 0. +0.j  0.5+0.j -0.5+0.j  0. +0.j]
 [ 0. +0.j -0.5+0.j  0.5+0.j  0. +0.j]
 [ 0. +0.j  0. +0.j  0. +0.j  0. +0.j]], product state: [[ 0.75549812+0.j          0.1593039 -0.24369239j  0.16366163-0.24545281j
  -0.04466331-0.1045465j ]
 [ 0.1593039 +0.24369239j  0.1121958 +0.j          0.11368251+0.00103442j
   0.02430469-0.03645115j]
 [ 0.16366163+0.24545281j  0.11368251-0.00103442j  0.11519845+0.j
   0.02429068-0.03715825j]
 [-0.04466331+0.1045465j   0.02430469+0.03645115j  0.02429068+0.03715825j
   0.01710763+0.j        ]]
Hamiltonian equals product state? [[False False False False]
 [False False False False]
 [False False False False]
 [False False False False]]
Hamiltonian: [[ 0. +0.j  0. +0.j  0. +0.j  0. +0.j]
 [ 0. +0.j  0.5+0.j -0.5+0.j  0. +0.j]
 [ 0. +0.j -0.5+0.j  0.5+0.j  0. +0.j]
 [ 0. +0.j  0. +0.j  0. +0.j  0. +0.j]], product state: [[ 0.11254681+0.j          0.02406025-0.03643592j -0.16235569+0.24248153j
   0.04379261+0.10439875j]
 [ 0.02406025+0.03643592j  0.01693937+0.j         -0.1132094 -0.00072336j
  -0.02443608+0.03649579j]
 [-0.16235569-0.24248153j -0.1132094 +0.00072336j  0.75663328+0.j
   0.16175304-0.24495257j]
 [ 0.04379261-0.10439875j -0.02443608-0.03649579j  0.16175304+0.24495257j
   0.11388054+0.j        ]]
Hamiltonian equals product state? [[False False False False]
 [False False False False]
 [False False False False]
 [False False False False]]
Hamiltonian: [[ 0. +0.j  0. +0.j  0. +0.j  0. +0.j]
 [ 0. +0.j  0.5+0.j -0.5+0.j  0. +0.j]
 [ 0. +0.j -0.5+0.j  0.5+0.j  0. +0.j]
 [ 0. +0.j  0. +0.j  0. +0.j  0. +0.j]], product state: [[ 0.11485591+0.j          0.02455389-0.03718347j -0.16066456+0.24662824j
   0.0454966 +0.10473775j]
 [ 0.02455389+0.03718347j  0.01728691+0.j         -0.11419033+0.00071061j
  -0.02418155+0.03711991j]
 [-0.16066456-0.24662824j -0.11419033-0.00071061j  0.75432418+0.j
   0.1612594 -0.24420502j]
 [ 0.0454966 -0.10473775j -0.02418155-0.03711991j  0.1612594 +0.24420502j
   0.113533  +0.j        ]]
Hamiltonian equals product state? [[False False False False]
 [False False False False]
 [False False False False]
 [False False False False]]
Hamiltonian: [[ 0. +0.j  0. +0.j  0. +0.j  0. +0.j]
 [ 0. +0.j  0.5+0.j -0.5+0.j  0. +0.j]
 [ 0. +0.j -0.5+0.j  0.5+0.j  0. +0.j]
 [ 0. +0.j  0. +0.j  0. +0.j  0. +0.j]], product state: [[ 0.01711067+0.j         -0.02393502+0.03674146j -0.02468319+0.03686485j
  -0.04463156-0.10456969j]
 [-0.02393502-0.03674146j  0.11237551+0.j          0.11368703+0.00143395j
  -0.16210858+0.24211247j]
 [-0.02468319-0.03686485j  0.11368703-0.00143395j  0.11503215+0.j
  -0.1609111 +0.24700668j]
 [-0.04463156+0.10456969j -0.16210858-0.24211247j -0.1609111 -0.24700668j
   0.75548167+0.j        ]]
Hamiltonian equals product state? [[False False False False]
 [False False False False]
 [False False False False]
 [False False False False]]
Hamiltonian: [[ 0. +0.j  0. +0.j  0. +0.j  0. +0.j]
 [ 0. +0.j  0.5+0.j -0.5+0.j  0. +0.j]
 [ 0. +0.j -0.5+0.j  0.5+0.j  0. +0.j]
 [ 0. +0.j  0. +0.j  0. +0.j  0. +0.j]], product state: [[ 0.11351183+0.j         -0.16122901+0.24415936j  0.02458978-0.03687871j
   0.04439799+0.10527311j]
 [-0.16122901-0.24415936j  0.75418209+0.j         -0.11425125-0.00051013j
   0.16337654-0.24502525j]
 [ 0.02458978+0.03687871j -0.11425125+0.00051013j  0.0173083 +0.j
  -0.02458422+0.03722945j]
 [ 0.04439799-0.10527311j  0.16337654+0.24502525j -0.02458422-0.03722945j
   0.11499778+0.j        ]]
Energy of rounded cut: 4.999999995648166
Check the cut: [1, -1, -1, 1, -1, -1, 1, 1]
10 in cut out of a total of 12 edges
Warm-start: SDP solve + rounding finished in 0.06 seconds
Warm-start: statevector build finished in 0.00 seconds
warm_start_correlations: None
Edges: [(1, 3), (0, 1), (2, 7), (2, 3), (1, 6), (4, 7), (5, 7), (0, 3), (4, 6), (5, 6), (4, 5), (0, 2)], weights: [1.0, 1.0, 1.0, 1.0, 1.0, 1.0, 1.0, 1.0, 1.0, 1.0, 1.0, 1.0], set of nodes: {0, 1, 2, 3, 4, 5, 6, 7}, n: 8 nodes, p: 2 layers, N_bayes: 200 iterations
Initial state injected as warm start
Initial state energy for vector-normalised SDP solution used as warm start: 4.000001095024508
Running ADAM optimization with a single iteration (no debug loop)
ADAM optimizer configured with maxiter=200 and learning_rate=0.05
Generated 4 random initial parameter sets for ADAM optimization
Using random initial parameters with:
Param_type 1:  [-0.9586304   1.75702884]
Param_type 2:  [ 0.79577248 -1.52911475]
Param_type 3:  [2.40685388 1.93715161]
Param_type 4:  [ 1.86652767 -3.01429706]
Energies observed during ADAM optimization: [3.815368829866657, 3.815368829819862, 3.815368829850867, 3.8153688298354163, 3.8153688298654584, 3.815368829865994, 3.815368829866654, 3.8153688297974675, 3.815368829935705, 3.895363896371469, 3.895363896345013, 3.895363896380825, 3.8953638963568245, 3.895363896377433, 3.895363896371503, 3.895363896371472, 3.8953638963424932, 3.8953638964001844, 3.915674457099899, 3.9156744570857613, 3.9156744571154243, 3.9156744570956326, 3.915674457094511, 3.915674457099927, 3.9156744570998954, 3.91567445711183, 3.9156744570874604, 3.908756941636331, 3.9087569416330856, 3.9087569416433414, 3.9087569416381815, 3.9087569416211907, 3.9087569416363994, 3.9087569416363297, 3.9087569416677295, 3.9087569416039427, 3.903730878964503, 3.903730878972515, 3.903730878958117, 3.903730878971761, 3.9037308789494554, 3.903730878964421, 3.9037308789645015, 3.9037308789961904, 3.903730878933298, 3.9023293407142696, 3.902329340729867, 3.902329340696989, 3.9023293407257884, 3.902329340705438, 3.9023293407137287, 3.9023293407142745, 3.9023293407379414, 3.9023293406918684, 3.9050270271390297, 3.9050270271545493, 3.9050270271172427, 3.905027027152452, 3.905027027138195, 3.9050270271380367, 3.9050270271390257, 3.9050270271513465, 3.905027027126793, 3.9093907865056843, 3.9093907865149693, 3.909390786485905, 3.9093907865187827, 3.9093907865124127, 3.909390786504332, 3.9093907865056803, 3.9093907865057327, 3.909390786502648, 3.9129197626005303, 3.9129197626005396, 3.912919762587661, 3.9129197626114722, 3.91291976261228, 3.9129197625988907, 3.912919762600527, 3.912919762590587, 3.9129197626042993, 3.915529358267982, 3.915529358258135, 3.915529358264463, 3.9155293582757564, 3.9155293582811557, 3.9155293582662383, 3.915529358267983, 3.9155293582528983, 3.915529358275628, 3.917873008843691, 3.9178730088250013, 3.9178730088493747, 3.9178730088483587, 3.9178730088553047, 3.9178730088421494, 3.9178730088436873, 3.917873008828698, 3.917873008852208, 3.921198844476637, 3.921198844451331, 3.92119884448875, 3.9211988444791364, 3.921198844484901, 3.9211988444755983, 3.921198844476635, 3.9211988444657533, 3.921198844483246, 3.9267140105436087, 3.9267140105146368, 3.9267140105577534, 3.9267140105451364, 3.926714010547916, 3.926714010543199, 3.9267140105436082, 3.926714010539084, 3.926714010546145, 3.9343032442888504, 3.9343032442589796, 3.934303244300688, 3.9343032442904167, 3.9343032442894645, 3.9343032442889316, 3.9343032442888477, 3.9343032442912653, 3.934303244286142, 3.9430523845559846, 3.943052384527152, 3.943052384562485, 3.943052384558261, 3.943052384553781, 3.9430523845562893, 3.9430523845559895, 3.943052384564356, 3.9430523845482432, 3.952450197359961, 3.9524501973330306, 3.9524501973599486, 3.952450197363152, 3.9524501973562685, 3.9524501973602697, 3.9524501973599593, 3.9524501973718413, 3.9524501973490183, 3.9625359842747097, 3.962535984249781, 3.9625359842689867, 3.9625359842784524, 3.9625359842709913, 3.9625359842749157, 3.9625359842747114, 3.962535984286628, 3.9625359842636434, 3.9731232763542663, 3.9731232763314543, 3.9731232763451954, 3.973123276357738, 3.9731232763517648, 3.9731232763543516, 3.9731232763542543, 3.9731232763625957, 3.9731232763464748, 3.983147892900178, 3.9831478928803317, 3.983147892890865, 3.983147892902567, 3.9831478928996207, 3.9831478929002015, 3.9831478929001776, 3.983147892902352, 3.983147892898125, 3.991095768387075, 3.9910957683716792, 3.9910957683802195, 3.9910957683881425, 3.991095768388483, 3.9910957683870727, 3.9910957683870727, 3.991095768382597, 3.991095768391262, 3.9961332332134774, 3.996133233203865, 3.9961332332105037, 3.9961332332136332, 3.996133233216264, 3.9961332332134734, 3.9961332332134747, 3.9961332332041843, 3.9961332332222037, 3.998474332356291, 3.9984743323530076, 3.9984743323571563, 3.9984743323562237, 3.9984743323595247, 3.998474332356284, 3.998474332356287, 3.9984743323455447, 3.9984743323664502, 3.9987361685266323, 3.9987361685293, 3.9987361685301286, 3.9987361685268636, 3.9987361685293443, 3.998736168526624, 3.9987361685266287, 3.998736168517825, 3.9987361685350353, 3.9974072746847416, 3.9974072746924167, 3.9974072746892286, 3.9974072746854765, 3.997407274686217, 3.9974072746847407, 3.99740727468474, 3.997407274680142, 3.99740727468919, 3.9949301626577496, 3.994930162669285, 3.9949301626617406, 3.9949301626589593, 3.994930162657675, 3.994930162657755, 3.994930162657747, 3.994930162658011, 3.9949301626574973, 3.9919690901948086, 3.991969090209151, 3.9919690901973848, 3.991969090196319, 3.9919690901933538, 3.9919690901948144, 3.991969090194808, 3.991969090199091, 3.991969090190543, 3.989370985965703, 3.989370985981957, 3.9893709859665383, 3.989370985967297, 3.9893709859633977, 3.989370985965695, 3.989370985965706, 3.9893709859722324, 3.989370985959123, 3.9877985318869533, 3.987798531904374, 3.987798531886228, 3.98779853188847, 3.9877985318845055, 3.9877985318869342, 3.9877985318869555, 3.9877985318936764, 3.987798531880127, 3.9874413029737172, 3.987441302991618, 3.987441302971889, 3.9874413029750952, 3.987441302971732, 3.987441302973704, 3.9874413029737097, 3.9874413029788727, 3.987441302968462, 3.988077458740823, 3.9880774587585313, 3.9880774587384877, 3.9880774587421093, 3.9880774587397005, 3.9880774587408254, 3.9880774587408285, 3.988077458743343, 3.9880774587382524, 3.989357412842863, 3.989357412859714, 3.9893574128405764, 3.989357412844159, 3.9893574128426943, 3.9893574128428693, 3.9893574128428613, 3.9893574128424962, 3.989357412843222, 3.9910256793029157, 3.9910256793183065, 3.9910256793011345, 3.9910256793043186, 3.991025679303561, 3.991025679302935, 3.9910256793029144, 3.9910256793001557, 3.9910256793057006, 3.9929384089929396, 3.99293840900633, 3.9929384089919377, 3.9929384089944584, 3.9929384089940925, 3.9929384089929605, 3.9929384089929445, 3.992938408988795, 3.992938408997127, 3.994945307793285, 3.9949453078042527, 3.9949453077931625, 3.994945307794866, 3.9949453077945365, 3.9949453077933015, 3.994945307793291, 3.99494530778893, 3.994945307797694, 3.9968070723628006, 3.996807072371006, 3.99680707236356, 3.9968070723643123, 3.9968070723637616, 3.996807072362821, 3.9968070723628024, 3.996807072359266, 3.9968070723663827, 3.998242532746429, 3.9982425327516724, 3.998242532748, 3.9982425327477698, 3.9982425327468105, 3.998242532746458, 3.9982425327464317, 3.99824253274436, 3.998242532748516, 3.999064196548648, 3.9990641965508966, 3.9990641965509255, 3.999064196549774, 3.999064196548326, 3.9990641965486695, 3.9990641965486464, 3.9990641965482303, 3.999064196549037, 3.999277372055038, 3.99927737205443, 3.999277372057932, 3.9992773720559422, 3.9992773720540575, 3.9992773720550496, 3.9992773720550345, 3.999277372056036, 3.9992773720539576, 3.999067550773874, 3.999067550770773, 3.9990675507772484, 3.9990675507745657, 3.9990675507724496, 3.9990675507738866, 3.9990675507738747, 3.999067550775771, 3.9990675507718496, 3.9986954738080227, 3.998695473802939, 3.9986954738117264, 3.99869547380852, 3.998695473806446, 3.9986954738080276, 3.9986954738080183, 3.998695473810205, 3.9986954738057077, 3.99838269412016, 3.9983826941137046, 3.99838269412403, 3.998382694120486, 3.998382694118717, 3.9983826941201643, 3.9983826941201586, 3.99838269412209, 3.998382694118123, 3.9982521751776257, 3.9982521751704483, 3.9982521751814413, 3.9982521751778104, 3.9982521751765474, 3.998252175177627, 3.9982521751776283, 3.998252175178918, 3.998252175176267, 3.9983277895190352, 3.998327789511769, 3.998327789522585, 3.998327789519111, 3.998327789518439, 3.998327789519041, 3.9983277895190366, 3.9983277895195104, 3.998327789518534, 3.9985680938503223, 3.9985680938434935, 3.998568093853417, 3.9985680938503414, 3.9985680938502326, 3.998568093850327, 3.9985680938503196, 3.9985680938499883, 3.9985680938506585, 3.9989031904103207, 3.99890319040439, 3.9989031904128023, 3.998903190410325, 3.9989031904106667, 3.9989031904103167, 3.998903190410318, 3.9989031904093206, 3.9989031904113133, 3.9992581558841405, 3.9992581558794247, 3.9992581558859466, 3.999258155884182, 3.9992581558848057, 3.9992581558841303, 3.9992581558841396, 3.999258155882749, 3.9992581558855216, 3.999566940583683, 3.9995669405803635, 3.9995669405847525, 3.9995669405837937, 3.9995669405844967, 3.9995669405836707, 3.9995669405836836, 3.999566940582178, 3.999566940585154, 3.9997794749800093, 3.999779474978184, 3.9997794749803752, 3.9997794749802154, 3.999779474980821, 3.9997794749800053, 3.999779474980012, 3.999779474978681, 3.9997794749813105, 3.9998698410813605, 3.999869841080979, 3.999869841081079, 3.9998698410816873, 3.9998698410820372, 3.9998698410813573, 3.9998698410813573, 3.9998698410804074, 3.9998698410822815, 3.999843074819105, 3.9998430748200344, 3.999843074818269, 3.999843074819545, 3.9998430748195424, 3.999843074819106, 3.9998430748191045, 3.9998430748186475, 3.9998430748195326, 3.999734787626914, 3.9997347876289653, 3.999734787625664, 3.999734787627472, 3.9997347876270957, 3.999734787626914, 3.9997347876269087, 3.999734787626989, 3.9997347876268274, 3.9996010802180146, 3.9996010802208763, 3.9996010802164785, 3.9996010802186746, 3.999601080217955, 3.9996010802180213, 3.9996010802180173, 3.999601080218549, 3.9996010802174844, 3.999499299136589, 3.999499299139948, 3.9994992991349223, 3.9994992991373013, 3.9994992991363514, 3.9994992991365836, 3.9994992991365823, 3.999499299137449, 3.999499299135732, 3.9994681428946217, 3.99946814289815, 3.9994681428929537, 3.999468142895348, 3.9994681428943055, 3.999468142894632, 3.9994681428946235, 3.9994681428956462, 3.9994681428936074, 3.99951628386243, 3.999516283865788, 3.9995162838608853, 3.9995162838631066, 3.999516283862119, 3.9995162838624356, 3.9995162838624316, 3.9995162838634455, 3.9995162838614213, 3.9996228199427426, 3.999622819945665, 3.999622819941409, 3.999622819943325, 3.999622819942522, 3.9996228199427515, 3.99962281994275, 3.99962281994361, 3.9996228199418833, 3.9997500474383827, 3.9997500474406587, 3.999750047437306, 3.999750047438831, 3.9997500474382885, 3.9997500474383867, 3.9997500474383814, 3.9997500474389973, 3.999750047437767, 3.9998597649957497, 3.9998597649972316, 3.999859764994974, 3.9998597649960597, 3.9998597649958105, 3.9998597649957532, 3.9998597649957452, 3.999859764996075, 3.9998597649954175, 3.999926303695336, 3.9999263036959536, 3.99992630369486, 3.999926303695483, 3.9999263036955353, 3.9999263036953403, 3.9999263036953363, 3.999926303695372, 3.9999263036952954, 3.9999425871088974, 3.9999425871086784, 3.999942587108692, 3.9999425871089, 3.9999425871091994, 3.9999425871088943, 3.9999425871088894, 3.9999425871086793, 3.999942587109095, 3.9999184473359612, 3.999918447334999, 3.9999184473359977, 3.9999184473358422, 3.9999184473363063, 3.9999184473359564, 3.9999184473359626, 3.9999184473355656, 3.999918447336334, 3.9998733595528186, 3.999873359551236, 3.9998733595530287, 3.9998733595525944, 3.9998733595531557, 3.9998733595528155, 3.9998733595528146, 3.999873359552332, 3.9998733595532983, 3.999828338193916, 3.999828338191899, 3.999828338194237, 3.9998283381936184, 3.9998283381941717, 3.9998283381939066, 3.999828338193911, 3.9998283381934057, 3.999828338194413, 3.999799114634978, 3.999799114632709, 3.999799114635366, 3.999799114634621, 3.9997991146351373, 3.9997991146349756, 3.999799114634976, 3.9997991146345346, 3.9997991146354224, 3.9997932342919507, 3.9997932342896236, 3.9997932342923552, 3.999793234291573, 3.9997932342919715, 3.99979323429195, 3.9997932342919515, 3.999793234291609, 3.999793234292289, 3.9998098169927543, 3.999809816990551, 3.9998098169931082, 3.999809816992364, 3.999809816992644, 3.999809816992758, 3.9998098169927503, 3.999809816992558, 3.999809816992956, 3.9998418302763876, 3.999841830274474, 3.99984183027666, 3.9998418302760252, 3.9998418302761567, 3.9998418302763956, 3.9998418302763916, 3.9998418302763294, 3.99984183027645, 3.9998792790535367, 3.9998792790520343, 3.9998792790536957, 3.9998792790532143, 3.999879279053217, 3.9998792790535354, 3.9998792790535296, 3.9998792790535984, 3.999879279053474, 3.9999125473123236, 3.999912547311302, 3.9999125473123454, 3.999912547312057, 3.9999125473119745, 3.9999125473123223, 3.999912547312321, 3.9999125473124773, 3.999912547312166, 3.999934729555528, 3.9999347295550507, 3.9999347295554157, 3.9999347295553256, 3.9999347295552004, 3.999934729555528, 3.9999347295555316, 3.9999347295557204, 3.999934729555333, 3.999942938899858, 3.999942938899897, 3.9999429388996024, 3.999942938899714, 3.999942938899579, 3.9999429388998657, 3.99994293889986, 3.9999429389000487, 3.999942938899662, 3.99993889804479, 3.9999388980452872, 3.999938898044412, 3.999938898044711, 3.9999388980446122, 3.999938898044798, 3.999938898044794, 3.999938898044955, 3.9999388980446327, 3.9999277012531316, 3.999927701253995, 3.9999277012526684, 3.9999277012530863, 3.9999277012530676, 3.9999277012531294, 3.9999277012531307, 3.999927701253227, 3.9999277012530348, 3.999916019059687, 3.999916019060791, 3.999916019059146, 3.9999160190596688, 3.9999160190597265, 3.9999160190596874, 3.9999160190596834, 3.999916019059715, 3.9999160190596683, 3.9999098915783606, 3.9999098915795943, 3.9999098915778046, 3.9999098915783664, 3.9999098915785116, 3.999909891578365, 3.99990989157836, 3.99990989157831, 3.999909891578401, 3.9999127490570126, 3.9999127490582342, 3.999912749056462, 3.999912749057019, 3.999912749057231, 3.9999127490570077, 3.999912749057007, 3.9999127490569233, 3.9999127490570925, 3.999924456422825, 3.9999244564239236, 3.9999244564223164, 3.999924456422821, 3.9999244564230754, 3.9999244564228267, 3.999924456422817, 3.9999244564227125, 3.999924456422925, 3.9999416795762404, 3.9999416795771148, 3.9999416795758167, 3.9999416795762173, 3.9999416795764917, 3.999941679576237, 3.9999416795762364, 3.999941679576136, 3.9999416795763354, 3.9999593436260197, 3.999959343626604, 3.999959343625695, 3.999959343625975, 3.999959343626227, 3.9999593436260215, 3.9999593436260197, 3.9999593436259624, 3.999959343626074, 3.9999727565891776, 3.9999727565894503, 3.9999727565889582, 3.9999727565891114, 3.9999727565893184, 3.999972756589176, 3.9999727565891767, 3.999972756589161, 3.9999727565891847, 3.999979368827292, 3.999979368827238, 3.99997936882718, 3.9999793688271965, 3.999979368827353, 3.999979368827291, 3.9999793688272924, 3.999979368827335, 3.9999793688272485, 3.9999794056991806, 3.999979405698841, 3.999979405699162, 3.9999794056990745, 3.99997940569917, 3.9999794056991824, 3.99997940569918, 3.999979405699272, 3.9999794056990914, 3.999975391221376, 3.9999753912207954, 3.9999753912214513, 3.9999753912212546, 3.999975391221298, 3.999975391221374, 3.999975391221377, 3.999975391221495, 3.9999753912212577, 3.9999708594281684, 3.999970859427418, 3.9999708594282946, 3.9999708594280494, 3.9999708594280463, 3.9999708594281604, 3.9999708594281604, 3.99997085942829, 3.999970859428044, 3.999968797120342, 3.9999687971195086, 3.9999687971205047, 3.9999687971202276, 3.999968797120204, 3.9999687971203364, 3.999968797120338, 3.9999687971204514, 3.9999687971202293, 3.9999705868938307, 3.999970586892995, 3.99997058689401, 3.999970586893717, 3.999970586893707, 3.9999705868938333, 3.9999705868938324, 3.9999705868938937, 3.999970586893761, 3.9999757872628665, 3.9999757872621133, 3.9999757872630237, 3.9999757872627715, 3.999975787262774, 3.9999757872628696, 3.999975787262865, 3.999975787262892, 3.999975787262858, 3.999982619681176, 3.9999826196805683, 3.9999826196812864, 3.9999826196810866, 3.9999826196811092, 3.9999826196811683, 3.9999826196811767, 3.9999826196811203, 3.999982619681217, 3.9999890281865143, 3.9999890281860897, 3.9999890281865866, 3.9999890281864467, 3.9999890281864863, 3.999989028186512, 3.9999890281865165, 3.999989028186423, 3.9999890281866075, 3.9999934711236036, 3.9999934711233798, 3.999993471123609, 3.9999934711235507, 3.9999934711236103, 3.9999934711236054, 3.9999934711236036, 3.999993471123473, 3.9999934711237364, 3.9999953702512006, 3.99999537025119, 3.9999953702511477, 3.99999537025117, 3.9999953702512356, 3.999995370251199, 3.999995370251206, 3.9999953702510602, 3.9999953702513413, 3.999995099911694, 3.9999950999118634, 3.9999950999115708, 3.99999509991168, 3.9999950999117457, 3.9999950999116898, 3.999995099911694, 3.999995099911568, 3.999995099911812, 3.999993692544503, 3.9999936925448267, 3.9999936925443373, 3.999993692544507, 3.999993692544554, 3.9999936925445065, 3.9999936925445048, 3.9999936925444173, 3.999993692544585, 3.9999923344841757, 3.9999923344846007, 3.999992334483981, 3.9999923344841832, 3.9999923344842143, 3.9999923344841743, 3.9999923344841783, 3.9999923344841384, 3.9999923344842188, 3.9999919432089435, 3.999991943209397, 3.9999919432087383, 3.9999919432089563, 3.9999919432089617, 3.999991943208943, 3.999991943208936, 3.9999919432089617, 3.9999919432089266, 3.99999285281678, 3.999992852817232, 3.999992852816592, 3.9999928528167916, 3.999992852816777, 3.9999928528167867, 3.999992852816777, 3.999992852816847, 3.999992852816719, 3.999994870395081, 3.9999948703954513, 3.999994870394913, 3.9999948703950974, 3.9999948703950583, 3.9999948703950814, 3.9999948703950836, 3.999994870395181, 3.999994870394993, 3.9999973354341103, 3.99999733543438, 3.9999973354339806, 3.9999973354341156, 3.9999973354340974, 3.9999973354341187, 3.9999973354341174, 3.99999733543422, 3.999997335434005, 3.9999994793756155, 3.999999479375762, 3.9999994793755267, 3.999999479375619, 3.9999994793756017, 3.9999994793756115, 3.9999994793756097, 3.9999994793757256, 3.9999994793755165, 4.000000725686448, 4.000000725686453, 4.000000725686402, 4.000000725686437, 4.000000725686436, 4.000000725686441, 4.000000725686448, 4.0000007256865215, 4.000000725686376, 4.00000088998599, 4.000000889985879, 4.000000889985993, 4.000000889985979, 4.000000889985995, 4.000000889985988, 4.000000889985992, 4.000000889986039, 4.000000889985951, 4.000000256314182, 4.00000025631397, 4.000000256314232, 4.00000025631417, 4.000000256314208, 4.000000256314184, 4.000000256314189, 4.000000256314188, 4.000000256314177, 3.9999994078754955, 3.9999994078752095, 3.9999994078755683, 3.9999994078754737, 3.99999940787553, 3.9999994078754995, 3.9999994078754932, 3.9999994078754595, 3.9999994078755283, 3.9999989414729966, 3.999998941472673, 3.999998941473083, 3.9999989414729695, 3.9999989414730392, 3.9999989414729966, 3.9999989414729935, 3.9999989414729327, 3.9999989414730504, 3.999999187712477, 3.9999991877121515, 3.9999991877125525, 3.9999991877124526, 3.9999991877125085, 3.9999991877124788, 3.99999918771247, 3.9999991877124152, 3.9999991877125374, 4.000000054781944, 4.0000000547816565, 4.000000054782006, 4.000000054781928, 4.000000054781947, 4.000000054781942, 4.000000054781935, 4.000000054781885, 4.000000054781993, 4.000001164593197, 4.000001164592986, 4.000001164593253, 4.000001164593181, 4.000001164593197, 4.0000011645932, 4.000001164593199, 4.000001164593159, 4.000001164593248, 4.000002087107517, 4.000002087107398, 4.000002087107545, 4.0000020871075135, 4.000002087107499, 4.000002087107521, 4.000002087107516, 4.000002087107497, 4.000002087107544, 4.000002530659124, 4.000002530659088, 4.000002530659112, 4.000002530659119, 4.000002530659083, 4.000002530659129, 4.000002530659127, 4.0000025306591285, 4.000002530659126, 4.000002495578118, 4.0000024955781655, 4.0000024955780855, 4.000002495578123, 4.000002495578079, 4.00000249557812, 4.000002495578125, 4.000002495578145, 4.000002495578101, 4.00000217548018, 4.000002175480296, 4.000002175480108, 4.000002175480188, 4.0000021754801365, 4.000002175480184, 4.000002175480184, 4.000002175480209, 4.000002175480155, 4.0000018635146155, 4.000001863514788, 4.000001863514536, 4.000001863514621, 4.000001863514578, 4.000001863514614, 4.000001863514615, 4.0000018635146475, 4.000001863514587, 4.0000017730944295, 4.000001773094618, 4.000001773094343, 4.000001773094442, 4.0000017730944135, 4.0000017730944295, 4.000001773094432, 4.000001773094444, 4.000001773094413, 4.000001955297093, 4.00000195529728, 4.000001955297009, 4.000001955297105, 4.000001955297094, 4.000001955297087, 4.000001955297087, 4.000001955297091, 4.000001955297084, 4.000002342237814, 4.000002342237965, 4.000002342237739, 4.000002342237824, 4.00000234223784, 4.000002342237819, 4.000002342237814, 4.000002342237807, 4.000002342237825, 4.000002783907573, 4.000002783907685, 4.000002783907526, 4.0000027839075845, 4.000002783907608, 4.000002783907576, 4.0000027839075685, 4.00000278390756, 4.000002783907589, 4.000003127262805, 4.000003127262841, 4.000003127262771, 4.000003127262809, 4.000003127262838, 4.000003127262806, 4.000003127262809, 4.0000031272627865, 4.000003127262818, 4.000003275933478, 4.000003275933451, 4.0000032759334685, 4.000003275933483, 4.000003275933509, 4.000003275933478, 4.0000032759334765, 4.000003275933462, 4.000003275933482, 4.000003242376104, 4.000003242376039, 4.000003242376115, 4.000003242376102, 4.000003242376125, 4.000003242376102, 4.000003242376109, 4.000003242376115, 4.000003242376106, 4.0000031091936235, 4.00000310919351, 4.0000031091936465, 4.000003109193621, 4.000003109193634, 4.000003109193624, 4.000003109193619, 4.0000031091936314, 4.000003109193614, 4.00000299863064, 4.000002998630502, 4.000002998630659, 4.000002998630633, 4.0000029986306345, 4.00000299863064, 4.000002998630635, 4.0000029986306505, 4.000002998630625, 4.000002996726911, 4.00000299672678, 4.000002996726943, 4.000002996726902, 4.000002996726896, 4.000002996726908, 4.000002996726917, 4.000002996726922, 4.000002996726888, 4.000003121627814, 4.000003121627694, 4.000003121627843, 4.000003121627815, 4.000003121627796, 4.000003121627818, 4.000003121627815, 4.00000312162784, 4.000003121627794, 4.000003326939675, 4.00000332693956, 4.000003326939693, 4.000003326939671, 4.000003326939649, 4.000003326939673, 4.0000033269396695, 4.000003326939678, 4.000003326939662, 4.000003535592512, 4.000003535592449, 4.000003535592518, 4.0000035355925085, 4.000003535592498, 4.0000035355925085, 4.000003535592508, 4.0000035355925165, 4.000003535592518, 4.000003656638475, 4.000003656638456, 4.000003656638464, 4.000003656638468, 4.000003656638474, 4.000003656638483, 4.000003656638471, 4.000003656638465, 4.000003656638489, 4.000003673552739, 4.000003673552759, 4.0000036735527305, 4.00000367355275, 4.000003673552746, 4.000003673552744, 4.0000036735527384, 4.000003673552727, 4.000003673552762, 4.000003625027141, 4.000003625027197, 4.000003625027105, 4.000003625027146, 4.000003625027145, 4.000003625027138, 4.000003625027141, 4.000003625027115, 4.000003625027157, 4.00000358149121, 4.000003581491276, 4.000003581491178, 4.000003581491217, 4.0000035814912085, 4.000003581491206, 4.000003581491206, 4.000003581491187, 4.0000035814912325, 4.0000035804563465, 4.000003580456426, 4.000003580456307, 4.000003580456353, 4.000003580456351, 4.00000358045634, 4.000003580456345, 4.000003580456332, 4.00000358045636, 4.000003636594726, 4.000003636594796, 4.000003636594688, 4.000003636594735, 4.000003636594719, 4.000003636594726, 4.000003636594727, 4.000003636594724, 4.000003636594728, 4.000003726461946, 4.000003726461995, 4.000003726461921, 4.000003726461949, 4.0000037264619515, 4.000003726461944, 4.000003726461951, 4.000003726461955, 4.000003726461949, 4.000003811062896, 4.000003811062934, 4.000003811062875, 4.000003811062899, 4.000003811062897, 4.000003811062899, 4.000003811062895, 4.000003811062907, 4.0000038110628795, 4.000003870118514, 4.0000038701185145, 4.000003870118498, 4.000003870118515, 4.000003870118502, 4.000003870118518, 4.000003870118521, 4.000003870118528, 4.000003870118497, 4.000003893204623, 4.000003893204595, 4.000003893204611, 4.000003893204625, 4.000003893204624, 4.000003893204624, 4.000003893204619, 4.000003893204633, 4.000003893204606, 4.000003890847702, 4.000003890847661, 4.000003890847701, 4.000003890847699, 4.000003890847705, 4.000003890847702, 4.000003890847702, 4.000003890847712, 4.0000038908476885, 4.000003882593019, 4.000003882592969, 4.000003882593019, 4.000003882593018, 4.0000038825930275, 4.000003882593017, 4.0000038825930275, 4.000003882593033, 4.000003882593013, 4.00000388626088, 4.0000038862608305, 4.000003886260884, 4.0000038862608855, 4.000003886260885, 4.000003886260882, 4.000003886260886, 4.000003886260887, 4.000003886260879, 4.000003906957958, 4.0000039069579, 4.000003906957968, 4.000003906957963, 4.000003906957974, 4.00000390695797, 4.000003906957963, 4.000003906957959, 4.000003906957967, 4.000003950888186, 4.000003950888129, 4.000003950888193, 4.000003950888173, 4.000003950888194, 4.000003950888179, 4.000003950888184, 4.000003950888173, 4.000003950888194, 4.000004005230519, 4.000004005230479, 4.00000400523052, 4.000004005230512, 4.000004005230512, 4.000004005230514, 4.000004005230518, 4.0000040052305135, 4.000004005230532, 4.0000040479758585, 4.00000404797584, 4.000004047975866, 4.0000040479758665, 4.000004047975865, 4.000004047975865, 4.000004047975857, 4.000004047975856, 4.000004047975867, 4.000004067583554, 4.000004067583554, 4.0000040675835455, 4.000004067583554, 4.000004067583552, 4.000004067583555, 4.000004067583559, 4.000004067583557, 4.000004067583553, 4.000004066468165, 4.000004066468181, 4.000004066468147, 4.0000040664681755, 4.000004066468156, 4.000004066468159, 4.000004066468164, 4.000004066468165, 4.000004066468166, 4.000004061526211, 4.000004061526247, 4.000004061526195, 4.000004061526216, 4.000004061526202, 4.0000040615262105, 4.000004061526208, 4.000004061526215, 4.000004061526216, 4.000004067299113, 4.000004067299141, 4.000004067299084, 4.000004067299112, 4.000004067299104, 4.000004067299108, 4.00000406729911, 4.00000406729911, 4.000004067299111, 4.000004089281503, 4.000004089281535, 4.000004089281478, 4.000004089281502, 4.000004089281496, 4.000004089281502, 4.000004089281498, 4.000004089281504, 4.0000040892815045, 4.0000041215763344, 4.000004121576359, 4.000004121576319, 4.000004121576336, 4.00000412157633, 4.000004121576333, 4.000004121576335, 4.000004121576332, 4.000004121576338, 4.000004150814097, 4.000004150814107, 4.000004150814085, 4.000004150814099, 4.0000041508141075, 4.000004150814104, 4.000004150814098, 4.000004150814098, 4.0000041508140995, 4.000004169972008, 4.000004169972014, 4.000004169971998, 4.000004169972012, 4.000004169972015, 4.000004169972004, 4.0000041699720095, 4.000004169972004, 4.00000416997201, 4.000004177680096, 4.000004177680084, 4.000004177680099, 4.000004177680103, 4.000004177680097, 4.0000041776801, 4.000004177680098, 4.000004177680101, 4.000004177680093, 4.000004177088174, 4.000004177088144, 4.000004177088181, 4.000004177088167, 4.000004177088174, 4.000004177088169, 4.0000041770881785, 4.0000041770881705, 4.000004177088164, 4.000004179246785, 4.000004179246748, 4.000004179246781, 4.00000417924678, 4.00000417924679, 4.000004179246778, 4.000004179246779, 4.00000417924679, 4.000004179246782, 4.000004190117126, 4.000004190117089, 4.000004190117125, 4.000004190117128, 4.0000041901171315, 4.000004190117125, 4.000004190117129, 4.0000041901171315, 4.000004190117118, 4.00000420892587, 4.0000042089258425, 4.000004208925886, 4.000004208925872, 4.000004208925873, 4.000004208925884, 4.000004208925873, 4.000004208925872, 4.000004208925869, 4.0000042287870965, 4.000004228787078, 4.000004228787106, 4.000004228787091, 4.000004228787089, 4.000004228787098, 4.0000042287871, 4.0000042287871, 4.000004228787095, 4.00000424241434, 4.000004242414332, 4.000004242414337, 4.000004242414338, 4.000004242414345, 4.0000042424143425, 4.000004242414338, 4.000004242414338, 4.000004242414339, 4.000004246646016, 4.0000042466460215, 4.000004246646001, 4.000004246646016, 4.000004246646011, 4.000004246646022, 4.000004246646014, 4.000004246646015, 4.0000042466460215, 4.000004247351878, 4.000004247351895, 4.000004247351862, 4.000004247351878, 4.000004247351875, 4.000004247351883, 4.000004247351878, 4.000004247351873, 4.000004247351882, 4.000004251205556, 4.000004251205575, 4.000004251205538, 4.000004251205557, 4.000004251205557, 4.000004251205558, 4.000004251205561, 4.000004251205553, 4.000004251205563, 4.0000042612292175, 4.000004261229232, 4.000004261229214, 4.000004261229222, 4.0000042612292175, 4.000004261229216, 4.000004261229216, 4.000004261229216, 4.000004261229222, 4.000004272637408, 4.000004272637428, 4.000004272637394, 4.000004272637408, 4.0000042726374065, 4.0000042726374065, 4.000004272637412, 4.000004272637409, 4.000004272637417, 4.000004285791608, 4.000004285791621, 4.000004285791599, 4.000004285791611, 4.000004285791605, 4.000004285791606, 4.000004285791609, 4.000004285791616, 4.000004285791612, 4.00000429523008, 4.000004295230081, 4.000004295230084, 4.000004295230084, 4.000004295230072, 4.000004295230085, 4.000004295230079, 4.000004295230077, 4.000004295230077, 4.000004299071765, 4.000004299071761, 4.000004299071764, 4.000004299071766, 4.000004299071762, 4.0000042990717635, 4.000004299071771, 4.00000429907177, 4.000004299071763, 4.000004298825502, 4.000004298825473, 4.000004298825497, 4.000004298825499, 4.000004298825498, 4.0000042988254965, 4.0000042988254965, 4.000004298825501, 4.0000042988255, 4.000004300217402, 4.000004300217378, 4.000004300217402, 4.000004300217403, 4.000004300217411, 4.000004300217408, 4.000004300217404, 4.000004300217403, 4.000004300217406, 4.000004306454611, 4.000004306454588, 4.000004306454607, 4.0000043064546125, 4.000004306454624, 4.000004306454613, 4.000004306454617, 4.00000430645461, 4.000004306454611, 4.000004317979013, 4.000004317978984, 4.000004317979016, 4.000004317979008, 4.000004317979021, 4.0000043179790135, 4.000004317979009, 4.0000043179790135, 4.000004317979016, 4.000004330476967, 4.000004330476961, 4.000004330476961, 4.000004330476966, 4.000004330476967, 4.000004330476959, 4.000004330476971, 4.000004330476969, 4.000004330476973, 4.000004337396359, 4.00000433739636, 4.000004337396366, 4.00000433739636, 4.0000043373963585, 4.000004337396362, 4.000004337396364, 4.000004337396366, 4.000004337396359, 4.000004339065282, 4.000004339065279, 4.000004339065267, 4.00000433906528, 4.000004339065276, 4.000004339065283, 4.000004339065288, 4.000004339065287, 4.000004339065277, 4.0000043415630095, 4.000004341563023, 4.000004341562994, 4.000004341563001, 4.000004341563002, 4.000004341563006, 4.000004341563007, 4.000004341563011, 4.000004341563007, 4.000004348263637, 4.0000043482636425, 4.000004348263627, 4.000004348263635, 4.000004348263635, 4.000004348263633, 4.00000434826363, 4.000004348263638, 4.000004348263627, 4.000004356627644, 4.000004356627649, 4.00000435662763, 4.00000435662764, 4.000004356627631, 4.000004356627641, 4.000004356627639, 4.000004356627642, 4.000004356627646, 4.000004365964069, 4.000004365964072, 4.0000043659640605, 4.000004365964072, 4.000004365964073, 4.000004365964067, 4.00000436596407, 4.000004365964069, 4.000004365964075, 4.000004373201659, 4.000004373201669, 4.000004373201653, 4.000004373201661, 4.000004373201662, 4.000004373201659, 4.00000437320166, 4.000004373201649, 4.000004373201663, 4.0000043794258975, 4.000004379425903, 4.000004379425895, 4.000004379425906, 4.000004379425904, 4.0000043794258975, 4.000004379425901, 4.000004379425898, 4.000004379425902, 4.000004383822479, 4.000004383822463, 4.000004383822478, 4.000004383822484, 4.00000438382248, 4.000004383822477, 4.0000043838224775, 4.000004383822478, 4.000004383822486, 4.000004387530992, 4.000004387530965, 4.000004387530986, 4.000004387530991, 4.000004387530992, 4.000004387530986, 4.000004387530989, 4.00000438753099, 4.000004387530992, 4.00000439311072, 4.000004393110712, 4.000004393110725, 4.000004393110719, 4.000004393110723, 4.000004393110713, 4.000004393110719, 4.000004393110722, 4.000004393110719, 4.000004398909284, 4.0000043989092715, 4.000004398909286, 4.0000043989092795, 4.000004398909288, 4.000004398909279, 4.000004398909283, 4.0000043989092875, 4.000004398909279, 4.000004405243859, 4.000004405243851, 4.000004405243857, 4.000004405243856, 4.000004405243866, 4.000004405243857, 4.000004405243859, 4.000004405243871, 4.000004405243858, 4.000004410937662, 4.000004410937656, 4.00000441093766, 4.00000441093766, 4.00000441093766, 4.000004410937658, 4.000004410937662, 4.000004410937671, 4.000004410937655, 4.000004415729756, 4.000004415729762, 4.000004415729746, 4.000004415729748, 4.000004415729759, 4.00000441572975, 4.000004415729757, 4.000004415729763, 4.000004415729748, 4.000004419721271, 4.000004419721281, 4.000004419721259, 4.000004419721274, 4.000004419721267, 4.000004419721265, 4.000004419721266, 4.000004419721276, 4.000004419721265, 4.0000044237673515, 4.00000442376735, 4.0000044237673436, 4.000004423767351, 4.000004423767345, 4.000004423767349, 4.000004423767358, 4.00000442376735, 4.000004423767358, 4.00000442748426, 4.000004427484262, 4.00000442748426, 4.000004427484262, 4.000004427484261, 4.0000044274842645, 4.0000044274842645, 4.000004427484258, 4.000004427484274, 4.00000443115644, 4.000004431156441, 4.000004431156436, 4.000004431156437, 4.000004431156435, 4.0000044311564364, 4.000004431156439, 4.000004431156432, 4.000004431156448, 4.000004436588731, 4.000004436588739, 4.000004436588722, 4.000004436588728, 4.000004436588722, 4.000004436588728, 4.000004436588732, 4.000004436588715, 4.000004436588741, 4.000004443028736, 4.000004443028729, 4.000004443028733, 4.000004443028736, 4.000004443028734, 4.000004443028739, 4.000004443028735, 4.00000444302873, 4.000004443028738, 4.000004446539854, 4.000004446539846, 4.000004446539856, 4.000004446539851, 4.000004446539854, 4.000004446539857, 4.000004446539853, 4.0000044465398465, 4.000004446539854, 4.000004447507791, 4.000004447507776, 4.000004447507794, 4.000004447507791, 4.000004447507794, 4.00000444750779, 4.000004447507794, 4.000004447507797, 4.0000044475077825, 4.000004448957886, 4.000004448957874, 4.000004448957893, 4.00000444895789, 4.000004448957895, 4.000004448957885, 4.0000044489578865, 4.000004448957898, 4.000004448957883, 4.000004452875918, 4.0000044528759044, 4.000004452875915, 4.000004452875908, 4.000004452875919, 4.000004452875918, 4.000004452875914, 4.0000044528759195, 4.000004452875914, 4.000004456066116, 4.0000044560661046, 4.000004456066108, 4.000004456066112, 4.000004456066122, 4.000004456066108, 4.0000044560661205, 4.000004456066115, 4.000004456066108, 4.000004458433431, 4.0000044584334296, 4.000004458433423, 4.000004458433427, 4.000004458433432, 4.000004458433425, 4.0000044584334375, 4.000004458433434, 4.00000445843342, 4.000004460103299, 4.000004460103306, 4.000004460103291, 4.000004460103299, 4.000004460103304, 4.000004460103295, 4.000004460103296, 4.000004460103303, 4.0000044601032885, 4.000004462566308, 4.000004462566324, 4.000004462566303, 4.000004462566306, 4.000004462566306, 4.00000446256631, 4.000004462566307, 4.0000044625663085, 4.000004462566307, 4.0000044661275655, 4.000004466127571, 4.000004466127562, 4.000004466127564, 4.000004466127562, 4.000004466127561, 4.000004466127569, 4.000004466127562, 4.000004466127564, 4.000004469485252]
Total optimisation time observed during ADAM optimization: 7.459984 seconds
Median time per evaluation during ADAM optimization: 0.034154 seconds
4.000004469485252
QAOA optimisation for n=11 took 8.42 seconds; started at 1777578905.5203462 and finished at 1777578913.943439
Finished QAOA for n=8 nodes, m=12 edges at 2026-04-30 21:55:13 on Apple M4. Time taken: 8.42 seconds. Hours: 0.00 hours. Peak RAM: 268.58 MB.
Unknown graph type for approximation ratio calculation; skipping approx ratio computation.
CSV writing for n=11 took 0.00 seconds; started at 1777578913.9434419 and finished at 1777578913.944097
results: {11: 4.000004469485252}
durations: {8: 8.423096895217896}
Results saved to: logs/adam/qaoa_results_adam_20260430_200911.csv
Global end time: 1777578913.944104
Finalisation time: 0.00 seconds; started at 1777578913.9441001 and finished at 1777578913.944106
Sum of all section times: 8.51 seconds
