2026-04-30 23:53:39.382 system_profiler[89422:1668661] hw.cpufamily: 0x6f5129ac
Starting QAOA benchmark with global start time: 1777586019.2330182
Benchmark parameters: {'optimiser': 'adam', 'circuit_type': 'hamqaoa', 'parameter_vector': [1, 1, 1], 'iterations_list': [50, 100, 200, 500], 'learning_rate_adam': 0.05, 'depth_list': [1, 2, 5, 10], 'n_start': 0, 'n_end': 30, 'singlet_injection': False, 'start_index_singlet': 0, 'warm_start': True, 'compare_with_010101': False, 'warm_start_correlations': False, 'init_QAOAparams_close_to_zero': False, 'use_correlations_as_initial_params': False, 'time_limit': 10800, 'failed_instance_termination_thrsh': 10, 'graph_generation_type': 'HOG', 'weighted': False, 'easiest_first': True, 'cpu_util_threshold': 90, 'debug': False, 'save_circuit_svg': False, 'rerun_exclude_finished_instances': False, 'optimiser_debug_iterations': 1, 'relative_graph_adjList_path': '/Users/julian_dev/Projects/MasterThesis/QAOA/HOG_graphs/list_27_graphs_adjacency_list.txt'}, Running QAOA with equal superposition
Benchmark run ID: 7bc3f742
Processor: Apple M4
Hostname: Mac-mini-som-tillhor-Julian.local
Total RAM (GB): 16.0
Physical cores: 10
Logical cores: 10
Python version: 3.13.1
Initialisation time: 0.17 seconds; started at {'initialisation': 0.16995882987976074} and finished at 1777586019.402987
Loaded HOG graph index 12 with 15 edges.
Instance generation for n=12 took 0.00 seconds; started at 1777586019.402993 and finished at 1777586019.403358
Running QAOA for n=10 nodes, m=15 edges...; Max iterations: 100
Warm-start: using parameter_vector=[1, 1, 1]
Warm-start: starting SDP solve for n_vertices=10
Starting SDP solve (solver preference: MOSEK, fallback: SCS) for n_vertices=10, matrix_dim=30, edges=15
Finished SDP solve with MOSEK. status=optimal. elapsed_seconds=0.06
Rounding...
n_vertices: 10 for n = 30
Using seed None to generate random matrix for x.
r_0: [-0.10743688 -0.90631719  0.40871319]
Product state qubit 0: [[ 0.70435659+0.j         -0.05371844+0.45315859j]
 [-0.05371844-0.45315859j  0.29564341+0.j        ]]
Diagonal entries of product state 0: [0.70435659 0.29564341]
r_1: [ 0.10741722  0.90631004 -0.40873421]
Product state qubit 1: [[0.2956329 +0.j         0.05370861-0.45315502j]
 [0.05370861+0.45315502j 0.7043671 +0.j        ]]
Diagonal entries of product state 1: [0.2956329 0.7043671]
r_2: [ 0.17055686  0.97076576 -0.1688911 ]
Product state qubit 2: [[0.41555445+0.j         0.08527843-0.48538288j]
 [0.08527843+0.48538288j 0.58444555+0.j        ]]
Diagonal entries of product state 2: [0.41555445 0.58444555]
r_3: [ 0.02657179  0.75966767 -0.6497684 ]
Product state qubit 3: [[0.1751158 +0.j         0.01328589-0.37983383j]
 [0.01328589+0.37983383j 0.8248842 +0.j        ]]
Diagonal entries of product state 3: [0.1751158 0.8248842]
r_4: [-0.17249856  0.13625924 -0.97553968]
Product state qubit 4: [[ 0.01223016+0.j         -0.08624928-0.06812962j]
 [-0.08624928+0.06812962j  0.98776984+0.j        ]]
Diagonal entries of product state 4: [0.01223016 0.98776984]
r_5: [0.25623835 0.91899834 0.29963971]
Product state qubit 5: [[0.64981985+0.j         0.12811918-0.45949917j]
 [0.12811918+0.45949917j 0.35018015+0.j        ]]
Diagonal entries of product state 5: [0.64981985 0.35018015]
r_6: [-0.25640277 -0.91897096 -0.29958304]
Product state qubit 6: [[ 0.35020848+0.j         -0.12820138+0.45948548j]
 [-0.12820138-0.45948548j  0.64979152+0.j        ]]
Diagonal entries of product state 6: [0.35020848 0.64979152]
r_7: [ 0.17257123 -0.13623726  0.9755299 ]
Product state qubit 7: [[0.98776495+0.j         0.08628561+0.06811863j]
 [0.08628561-0.06811863j 0.01223505+0.j        ]]
Diagonal entries of product state 7: [0.98776495 0.01223505]
r_8: [-0.17056897 -0.97075249  0.16895513]
Product state qubit 8: [[ 0.58447756+0.j         -0.08528448+0.48537624j]
 [-0.08528448-0.48537624j  0.41552244+0.j        ]]
Diagonal entries of product state 8: [0.58447756 0.41552244]
r_9: [-0.02668234 -0.75961522  0.64982519]
Product state qubit 9: [[ 0.82491259+0.j         -0.01334117+0.37980761j]
 [-0.01334117-0.37980761j  0.17508741+0.j        ]]
Diagonal entries of product state 9: [0.82491259 0.17508741]
y_scalar: False
[1, -1, -1, -1, -1, 1, -1, 1, 1, 1]
Hamiltonian equals product state? [[False False False False]
 [False False False False]
 [False False False False]
 [False False False False]]
Hamiltonian: [[ 0. +0.j  0. +0.j  0. +0.j  0. +0.j]
 [ 0. +0.j  0.5+0.j -0.5+0.j  0. +0.j]
 [ 0. +0.j -0.5+0.j  0.5+0.j  0. +0.j]
 [ 0. +0.j  0. +0.j  0. +0.j  0. +0.j]], product state: [[ 0.14445523+0.00000000e+00j -0.00233625+6.65103132e-02j
   0.0109597 -3.13329713e-01j  0.14408653+1.01135109e-02j]
 [-0.00233625-6.65103132e-02j  0.03066057+0.00000000e+00j
  -0.14444103+2.13438604e-05j  0.00232619-6.65041210e-02j]
 [ 0.0109597 +3.13329713e-01j -0.14444103-2.13438604e-05j
   0.68045736+0.00000000e+00j -0.01100492+3.13297296e-01j]
 [ 0.14408653-1.01135109e-02j  0.00232619+6.65041210e-02j
  -0.01100492-3.13297296e-01j  0.14442684+0.00000000e+00j]]
Hamiltonian equals product state? [[False False False False]
 [False False False False]
 [False False False False]
 [False False False False]]
Hamiltonian: [[ 0. +0.j  0. +0.j  0. +0.j  0. +0.j]
 [ 0. +0.j  0.5+0.j -0.5+0.j  0. +0.j]
 [ 0. +0.j -0.5+0.j  0.5+0.j  0. +0.j]
 [ 0. +0.j  0. +0.j  0. +0.j  0. +0.j]], product state: [[ 0.20823098+0.00000000e+00j  0.03783001-3.19182725e-01j
  -0.01588094+1.33968587e-01j  0.20246595+4.86813000e-02j]
 [ 0.03783001+3.19182725e-01j  0.49612561+0.00000000e+00j
  -0.20823623-4.26347156e-06j -0.0378375 +3.19190007e-01j]
 [-0.01588094-1.33968587e-01j -0.20823623+4.26347156e-06j
   0.08740192+0.00000000e+00j  0.0158786 -1.33972294e-01j]
 [ 0.20246595-4.86813000e-02j -0.0378375 -3.19190007e-01j
   0.0158786 +1.33972294e-01j  0.20824149+0.00000000e+00j]]
Hamiltonian equals product state? [[False False False False]
 [False False False False]
 [False False False False]
 [False False False False]]
Hamiltonian: [[ 0. +0.j  0. +0.j  0. +0.j  0. +0.j]
 [ 0. +0.j  0.5+0.j -0.5+0.j  0. +0.j]
 [ 0. +0.j -0.5+0.j  0.5+0.j  0. +0.j]
 [ 0. +0.j  0. +0.j  0. +0.j  0. +0.j]], product state: [[ 1.20805237e-02+0.00000000e+00j  1.05528689e-03+8.33101771e-04j
  -8.51940158e-02-6.72960510e-02j -2.80117565e-03-1.17537890e-02j]
 [ 1.05528689e-03-8.33101771e-04j  1.49636641e-04+0.00000000e+00j
  -1.20829685e-02-3.42328404e-06j -1.05526438e-03-8.33569412e-04j]
 [-8.51940158e-02+6.72960510e-02j -1.20829685e-02+3.42328404e-06j
   9.75684425e-01+0.00000000e+00j  8.52303270e-02+6.72855286e-02j]
 [-2.80117565e-03+1.17537890e-02j -1.05526438e-03+8.33569412e-04j
   8.52303270e-02-6.72855286e-02j  1.20854148e-02+0.00000000e+00j]]
Hamiltonian equals product state? [[False False False False]
 [False False False False]
 [False False False False]
 [False False False False]]
Hamiltonian: [[ 0. +0.j  0. +0.j  0. +0.j  0. +0.j]
 [ 0. +0.j  0.5+0.j -0.5+0.j  0. +0.j]
 [ 0. +0.j -0.5+0.j  0.5+0.j  0. +0.j]
 [ 0. +0.j  0. +0.j  0. +0.j  0. +0.j]], product state: [[ 0.37980512+0.j         -0.05541955+0.31540712j  0.07488278-0.26856696j
   0.2121034 +0.10137415j]
 [-0.05541955-0.31540712j  0.27001473+0.j         -0.23395656-0.02299786j
   0.05323639-0.19093221j]
 [ 0.07488278+0.26856696j -0.23395656+0.02299786j  0.20467244+0.j
  -0.02986493+0.16996912j]
 [ 0.2121034 -0.10137415j  0.05323639+0.19093221j -0.02986493-0.16996912j
   0.14550771+0.j        ]]
Hamiltonian equals product state? [[False False False False]
 [False False False False]
 [False False False False]
 [False False False False]]
Hamiltonian: [[ 0. +0.j  0. +0.j  0. +0.j  0. +0.j]
 [ 0. +0.j  0.5+0.j -0.5+0.j  0. +0.j]
 [ 0. +0.j -0.5+0.j  0.5+0.j  0. +0.j]
 [ 0. +0.j  0. +0.j  0. +0.j  0. +0.j]], product state: [[ 0.14553069+0.j         -0.05327466+0.19094124j  0.02986523-0.1699852j
   0.21209357+0.10141096j]
 [-0.05327466-0.19094124j  0.27002376+0.j         -0.2339592 +0.02304256j
   0.0554132 -0.31539768j]
 [ 0.02986523+0.1699852j  -0.2339592 -0.02304256j  0.20467779+0.j
  -0.07492673+0.26854424j]
 [ 0.21209357-0.10141096j  0.0554132 +0.31539768j -0.07492673-0.26854424j
   0.37976776+0.j        ]]
Hamiltonian equals product state? [[False False False False]
 [False False False False]
 [False False False False]
 [False False False False]]
Hamiltonian: [[ 0. +0.j  0. +0.j  0. +0.j  0. +0.j]
 [ 0. +0.j  0.5+0.j -0.5+0.j  0. +0.j]
 [ 0. +0.j -0.5+0.j  0.5+0.j  0. +0.j]
 [ 0. +0.j  0. +0.j  0. +0.j  0. +0.j]], product state: [[ 0.2438713 +0.j         -0.00394409+0.11228362j  0.04430491-0.37381328j
   0.17139519+0.02644456j]
 [-0.00394409-0.11228362j  0.0517616 +0.j         -0.17282826-0.01435332j
   0.0094037 -0.07934174j]
 [ 0.04430491+0.37381328j -0.17282826+0.01435332j  0.58104129+0.j
  -0.00939708+0.26752399j]
 [ 0.17139519-0.02644456j  0.0094037 +0.07934174j -0.00939708-0.26752399j
   0.12332581+0.j        ]]
Hamiltonian equals product state? [[False False False False]
 [False False False False]
 [False False False False]
 [False False False False]]
Hamiltonian: [[ 0. +0.j  0. +0.j  0. +0.j  0. +0.j]
 [ 0. +0.j  0.5+0.j -0.5+0.j  0. +0.j]
 [ 0. +0.j -0.5+0.j  0.5+0.j  0. +0.j]
 [ 0. +0.j  0. +0.j  0. +0.j  0. +0.j]], product state: [[ 0.12334397+0.j          0.00935801-0.26753847j -0.00940695+0.07935523j
   0.17141127+0.0264247j ]
 [ 0.00935801+0.26753847j  0.58101262+0.j         -0.17283866-0.01438346j
  -0.04431149+0.37380337j]
 [-0.00940695-0.07935523j -0.17283866+0.01438346j  0.05177183+0.j
   0.00392789-0.11229537j]
 [ 0.17141127-0.0264247j  -0.04431149-0.37380337j  0.00392789+0.11229537j
   0.24387158+0.j        ]]
Hamiltonian equals product state? [[False False False False]
 [False False False False]
 [False False False False]
 [False False False False]]
Hamiltonian: [[ 0. +0.j  0. +0.j  0. +0.j  0. +0.j]
 [ 0. +0.j  0.5+0.j -0.5+0.j  0. +0.j]
 [ 0. +0.j -0.5+0.j  0.5+0.j  0. +0.j]
 [ 0. +0.j  0. +0.j  0. +0.j  0. +0.j]], product state: [[ 0.17279079+0.j         -0.0252129 +0.14349318j  0.03139148-0.26485894j
   0.21537017+0.06471597j]
 [-0.0252129 -0.14349318j  0.1228421 +0.j         -0.22453119+0.01257821j
   0.02231713-0.18829608j]
 [ 0.03139148+0.26485894j -0.22453119-0.01257821j  0.41168677+0.j
  -0.06007158+0.34188306j]
 [ 0.21537017-0.06471597j  0.02231713+0.18829608j -0.06007158-0.34188306j
   0.29268034+0.j        ]]
Hamiltonian equals product state? [[False False False False]
 [False False False False]
 [False False False False]
 [False False False False]]
Hamiltonian: [[ 0. +0.j  0. +0.j  0. +0.j  0. +0.j]
 [ 0. +0.j  0.5+0.j -0.5+0.j  0. +0.j]
 [ 0. +0.j -0.5+0.j  0.5+0.j  0. +0.j]
 [ 0. +0.j  0. +0.j  0. +0.j  0. +0.j]], product state: [[ 1.00888133e-02+0.j         -1.63164636e-04+0.00464511j
  -7.11481173e-02-0.05620098j  2.70268145e-02-0.0318492j ]
 [-1.63164636e-04-0.00464511j  2.14134706e-03+0.j
  -2.47254820e-02+0.03366706j -1.51011628e-02-0.01192864j]
 [-7.11481173e-02+0.05620098j -2.47254820e-02-0.03366706j
   8.14823780e-01+0.j         -1.31780044e-02+0.3751625j ]
 [ 2.70268145e-02+0.0318492j  -1.51011628e-02+0.01192864j
  -1.31780044e-02-0.3751625j   1.72946060e-01+0.j        ]]
Hamiltonian equals product state? [[False False False False]
 [False False False False]
 [False False False False]
 [False False False False]]
Hamiltonian: [[ 0. +0.j  0. +0.j  0. +0.j  0. +0.j]
 [ 0. +0.j  0.5+0.j -0.5+0.j  0. +0.j]
 [ 0. +0.j -0.5+0.j  0.5+0.j  0. +0.j]
 [ 0. +0.j  0. +0.j  0. +0.j  0. +0.j]], product state: [[ 0.22757242+0.00000000e+00j -0.0833078 +2.98582787e-01j
   0.04486842-1.60920507e-01j  0.19470814+1.17777331e-01j]
 [-0.0833078 -2.98582787e-01j  0.42224743+0.00000000e+00j
  -0.22755825+3.95283133e-05j  0.08325075-2.98578664e-01j]
 [ 0.04486842+1.60920507e-01j -0.22755825-3.95283133e-05j
   0.12263606+0.00000000e+00j -0.04489358+1.60902693e-01j]
 [ 0.19470814-1.17777331e-01j  0.08325075+2.98578664e-01j
  -0.04489358-1.60902693e-01j  0.22754409+0.00000000e+00j]]
Hamiltonian equals product state? [[False False False False]
 [False False False False]
 [False False False False]
 [False False False False]]
Hamiltonian: [[ 0. +0.j  0. +0.j  0. +0.j  0. +0.j]
 [ 0. +0.j  0.5+0.j -0.5+0.j  0. +0.j]
 [ 0. +0.j -0.5+0.j  0.5+0.j  0. +0.j]
 [ 0. +0.j  0. +0.j  0. +0.j  0. +0.j]], product state: [[ 0.24288225+0.00000000e+00j -0.03544035+2.01700259e-01j
   0.04984333-2.83695403e-01j  0.22832039+8.27877519e-02j]
 [-0.03544035-2.01700259e-01j  0.1726722 +0.00000000e+00j
  -0.24286625+3.50377066e-06j  0.0354351 -2.01687476e-01j]
 [ 0.04984333+2.83695403e-01j -0.24286625-3.50377066e-06j
   0.34159531+0.00000000e+00j -0.04984414+2.83675985e-01j]
 [ 0.22832039-8.27877519e-02j  0.0354351 +2.01687476e-01j
  -0.04984414-2.83675985e-01j  0.24285024+0.00000000e+00j]]
Hamiltonian equals product state? [[False False False False]
 [False False False False]
 [False False False False]
 [False False False False]]
Hamiltonian: [[ 0. +0.j  0. +0.j  0. +0.j  0. +0.j]
 [ 0. +0.j  0.5+0.j -0.5+0.j  0. +0.j]
 [ 0. +0.j -0.5+0.j  0.5+0.j  0. +0.j]
 [ 0. +0.j  0. +0.j  0. +0.j  0. +0.j]], product state: [[ 0.0079474 +0.j          0.00156692-0.00561975j -0.05604649-0.04427198j
  -0.04235569+0.03090276j]
 [ 0.00156692+0.00561975j  0.00428276+0.j          0.02025532-0.04836018j
  -0.03020279-0.02385764j]
 [-0.05604649+0.04427198j  0.02025532+0.04836018j  0.64187245+0.j
   0.12655226-0.45387942j]
 [-0.04235569-0.03090276j -0.03020279+0.02385764j  0.12655226+0.45387942j
   0.34589739+0.j        ]]
Hamiltonian equals product state? [[False False False False]
 [False False False False]
 [False False False False]
 [False False False False]]
Hamiltonian: [[ 0. +0.j  0. +0.j  0. +0.j  0. +0.j]
 [ 0. +0.j  0.5+0.j -0.5+0.j  0. +0.j]
 [ 0. +0.j -0.5+0.j  0.5+0.j  0. +0.j]
 [ 0. +0.j  0. +0.j  0. +0.j  0. +0.j]], product state: [[ 1.72973249e-01+0.j          1.51099743e-02+0.01192865j
   1.31233401e-02-0.37518655j  2.70201420e-02-0.03186918j]
 [ 1.51099743e-02-0.01192865j  2.14255082e-03+0.j
  -2.47273791e-02-0.03367921j  1.62553593e-04-0.00464729j]
 [ 1.31233401e-02+0.37518655j -2.47273791e-02+0.03367921j
   8.14791700e-01+0.j          7.11756396e-02+0.05618998j]
 [ 2.70201420e-02+0.03186918j  1.62553593e-04+0.00464729j
   7.11756396e-02-0.05618998j  1.00925006e-02+0.j        ]]
Hamiltonian equals product state? [[False False False False]
 [False False False False]
 [False False False False]
 [False False False False]]
Hamiltonian: [[ 0. +0.j  0. +0.j  0. +0.j  0. +0.j]
 [ 0. +0.j  0.5+0.j -0.5+0.j  0. +0.j]
 [ 0. +0.j -0.5+0.j  0.5+0.j  0. +0.j]
 [ 0. +0.j  0. +0.j  0. +0.j  0. +0.j]], product state: [[ 0.29269852+0.j          0.06006642-0.34188263j -0.02232294+0.18831207j
   0.2153744 +0.06471867j]
 [ 0.06006642+0.34188263j  0.41165807+0.j         -0.22453645+0.01257064j
  -0.0313955 +0.26484652j]
 [-0.02232294-0.18831207j -0.22453645-0.01257064j  0.12285593+0.j
   0.02521201-0.14350025j]
 [ 0.2153744 -0.06471867j -0.0313955 -0.26484652j  0.02521201+0.14350025j
   0.17278747+0.j        ]]
Hamiltonian equals product state? [[False False False False]
 [False False False False]
 [False False False False]
 [False False False False]]
Hamiltonian: [[ 0. +0.j  0. +0.j  0. +0.j  0. +0.j]
 [ 0. +0.j  0.5+0.j -0.5+0.j  0. +0.j]
 [ 0. +0.j -0.5+0.j  0.5+0.j  0. +0.j]
 [ 0. +0.j  0. +0.j  0. +0.j  0. +0.j]], product state: [[ 0.34592366+0.j          0.03021795+0.02385572j -0.12663283+0.45386365j
  -0.04236146+0.03091408j]
 [ 0.03021795-0.02385572j  0.00428482+0.j          0.02023759+0.04837989j
  -0.00156855+0.00562183j]
 [-0.12663283-0.45386365j  0.02023759-0.04837989j  0.64184128+0.j
   0.05606766+0.04426291j]
 [-0.04236146-0.03091408j -0.00156855-0.00562183j  0.05606766-0.04426291j
   0.00795023+0.j        ]]
Energy of rounded cut: 6.876710088050892
Check the cut: [1, -1, -1, -1, -1, 1, -1, 1, 1, 1]
13 in cut out of a total of 15 edges
Warm-start: SDP solve + rounding finished in 0.08 seconds
Warm-start: statevector build finished in 0.00 seconds
warm_start_correlations: None
Edges: [(3, 9), (0, 1), (4, 7), (5, 8), (2, 6), (1, 9), (0, 3), (1, 8), (4, 9), (5, 6), (2, 8), (4, 5), (3, 7), (0, 2), (6, 7)], weights: [1.0, 1.0, 1.0, 1.0, 1.0, 1.0, 1.0, 1.0, 1.0, 1.0, 1.0, 1.0, 1.0, 1.0, 1.0], set of nodes: {0, 1, 2, 3, 4, 5, 6, 7, 8, 9}, n: 10 nodes, p: 5 layers, N_bayes: 100 iterations
Initial state injected as warm start
Initial state energy for vector-normalised SDP solution used as warm start: 3.0661780216795536
Running ADAM optimization with a single iteration (no debug loop)
ADAM optimizer configured with maxiter=100 and learning_rate=0.05
Generated 4 random initial parameter sets for ADAM optimization
Using random initial parameters with:
Param_type 1:  [-1.00191184  0.25602788  0.47260727 -0.19742366  2.52335062]
Param_type 2:  [1.34499228 0.76508665 1.49386396 1.20039927 0.1791432 ]
Param_type 3:  [ 0.06181436 -2.95053314 -2.56642547 -1.3896291  -2.00453026]
Param_type 4:  [ 1.04649291  2.04934644 -1.14460734  2.56885904  2.1367655 ]
Energies observed during ADAM optimization: [3.6357779989327517, 3.6357779988608603, 3.6357779988314824, 3.635777998895191, 3.6357779988835857, 3.6357779988768755, 3.6357779989162813, 3.635777998911135, 3.6357779989522676, 3.635777998916106, 3.6357779989123533, 3.6357779989948718, 3.635777998943135, 3.635777998927376, 3.635777998943328, 3.6357779989327494, 3.635777998945353, 3.6357779989124723, 3.635777998951371, 3.635777998929624, 3.635777998925819, 3.82534512026843, 3.8253451201938793, 3.825345120217229, 3.8253451202879307, 3.825345120288621, 3.8253451202881803, 3.8253451202456623, 3.825345120250268, 3.825345120307747, 3.8253451202848345, 3.8253451202674658, 3.825345120306222, 3.8253451202212405, 3.825345120313381, 3.825345120272719, 3.825345120268427, 3.8253451202400646, 3.825345120290162, 3.82534512024336, 3.8253451202818463, 3.825345120282162, 3.9450101019994817, 3.9450101019061377, 3.9450101020093755, 3.9450101020181134, 3.9450101020183204, 3.945010102084196, 3.945010102003119, 3.945010101971132, 3.9450101020143, 3.9450101020523625, 3.945010102026735, 3.945010101999308, 3.9450101019636614, 3.94501010203732, 3.94501010199034, 3.945010101999482, 3.945010101949919, 3.94501010205279, 3.9450101019500656, 3.94501010199167, 3.9450101019943755, 4.119457271136052, 4.119457270991454, 4.119457271156955, 4.119457271162725, 4.119457271166377, 4.119457271270977, 4.119457271174968, 4.119457271088682, 4.11945727111814, 4.119457271217592, 4.11945727119752, 4.119457271107809, 4.119457271126752, 4.1194572711532125, 4.119457271123023, 4.119457271136051, 4.1194572711029425, 4.119457271204093, 4.119457271080828, 4.119457271129216, 4.119457271136035, 4.344508927167895, 4.3445089270489365, 4.344508927178068, 4.344508927147826, 4.3445089271544335, 4.344508927258298, 4.344508927173584, 4.344508927131763, 4.344508927137431, 4.344508927262762, 4.3445089272443385, 4.344508927120546, 4.3445089271763235, 4.3445089271687705, 4.344508927163609, 4.344508927167895, 4.344508927168826, 4.34450892718897, 4.34450892715697, 4.344508927149981, 4.3445089271603905, 4.442833391134639, 4.4428333911183895, 4.442833391153117, 4.442833391012782, 4.442833391024264, 4.442833391134559, 4.44283339107233, 4.4428333911084374, 4.442833391077071, 4.442833391231401, 4.442833391172963, 4.44283339107926, 4.442833391170212, 4.4428333911093425, 4.442833391143246, 4.442833391134647, 4.442833391146275, 4.442833391078805, 4.4428333911898905, 4.4428333910900175, 4.442833391094858, 4.576928379700517, 4.576928379715941, 4.576928379723281, 4.576928379582512, 4.576928379591317, 4.576928379715629, 4.576928379655152, 4.576928379667572, 4.57692837959536, 4.576928379782138, 4.576928379692051, 4.576928379671194, 4.576928379734239, 4.576928379678686, 4.57692837971335, 4.576928379700515, 4.5769283797209415, 4.57692837966303, 4.5769283797325855, 4.576928379695773, 4.576928379692986, 4.6716129176030305, 4.671612917606126, 4.671612917628275, 4.6716129175422445, 4.6716129175483445, 4.671612917639616, 4.671612917633747, 4.671612917562014, 4.671612917484201, 4.671612917586817, 4.671612917558146, 4.671612917637957, 4.671612917614128, 4.67161291759782, 4.671612917609548, 4.6716129176030305, 4.671612917662099, 4.67161291765323, 4.671612917548652, 4.671612917689122, 4.67161291768343, 4.7516257505197235, 4.751625750533638, 4.7516257505740045, 4.751625750534659, 4.751625750537257, 4.751625750575332, 4.751625750542808, 4.751625750489581, 4.75162575041709, 4.751625750460468, 4.7516257504766335, 4.751625750574426, 4.751625750517913, 4.751625750523169, 4.751625750519202, 4.7516257505197315, 4.751625750547569, 4.751625750546893, 4.751625750491309, 4.751625750576007, 4.751625750567752, 4.77499469437568, 4.774994694400705, 4.77499469443213, 4.774994694431513, 4.774994694426933, 4.7749946944355806, 4.774994694368699, 4.774994694381647, 4.774994694318185, 4.774994694331585, 4.774994694356277, 4.7749946944109265, 4.774994694366178, 4.7749946943823485, 4.774994694371786, 4.7749946943756845, 4.77499469433175, 4.774994694333507, 4.77499469441936, 4.774994694343709, 4.774994694331782, 4.761017641676452, 4.761017641687644, 4.761017641690332, 4.761017641713422, 4.761017641703378, 4.76101764170073, 4.761017641684141, 4.761017641712633, 4.761017641674358, 4.761017641644034, 4.7610176416616525, 4.761017641699985, 4.761017641667498, 4.7610176416804, 4.761017641673489, 4.7610176416764505, 4.76101764159087, 4.7610176416097865, 4.761017641745522, 4.76101764160266, 4.761017641585959, 4.767876438303084, 4.767876438285491, 4.7678764382695915, 4.767876438308618, 4.76787643829547, 4.767876438284772, 4.767876438355996, 4.767876438341032, 4.767876438346538, 4.767876438257233, 4.767876438263143, 4.7678764383400045, 4.767876438299672, 4.767876438302603, 4.76787643830248, 4.767876438303079, 4.767876438235143, 4.7678764382727055, 4.767876438336709, 4.767876438259878, 4.767876438238543, 4.776201030107717, 4.776201030072802, 4.7762010300646605, 4.776201030112137, 4.776201030095321, 4.77620103007827, 4.776201030188504, 4.77620103013546, 4.77620103017652, 4.776201030041743, 4.776201030044115, 4.776201030160085, 4.7762010301041595, 4.7762010301067575, 4.7762010301075914, 4.776201030107718, 4.776201030089325, 4.776201030134566, 4.776201030084651, 4.776201030123824, 4.776201030101747, 4.791721284300551, 4.791721284283954, 4.791721284284574, 4.79172128433756, 4.791721284320692, 4.791721284303303, 4.791721284353775, 4.791721284328793, 4.791721284370888, 4.791721284234149, 4.791721284236757, 4.791721284347986, 4.791721284283869, 4.791721284304579, 4.791721284298993, 4.791721284300555, 4.791721284320894, 4.791721284354557, 4.7917212842504115, 4.791721284350758, 4.79172128433264, 4.818232366249617, 4.818232366279684, 4.818232366260974, 4.8182323663198305, 4.818232366309791, 4.818232366303851, 4.818232366234484, 4.818232366291278, 4.818232366312013, 4.818232366210788, 4.818232366202095, 4.818232366270607, 4.818232366212558, 4.818232366258761, 4.818232366248326, 4.818232366249621, 4.818232366273215, 4.818232366283592, 4.818232366221072, 4.818232366287852, 4.818232366274844, 4.8527545009289215, 4.852754500992722, 4.8527545009386674, 4.852754501001805, 4.852754500997068, 4.852754501013623, 4.85275450086397, 4.852754500980903, 4.852754500988746, 4.852754500922345, 4.852754500895165, 4.852754500922384, 4.852754500880714, 4.852754500936921, 4.852754500931661, 4.8527545009289295, 4.8527545009321535, 4.852754500926065, 4.85275450094174, 4.852754500930971, 4.852754500920691, 4.907888531018376, 4.907888531068452, 4.907888530993441, 4.9078885310577745, 4.9078885310494895, 4.907888531090192, 4.907888530956414, 4.907888531067771, 4.907888531080694, 4.907888531027006, 4.907888530982603, 4.907888530998579, 4.907888530977418, 4.9078885310189655, 4.907888531025736, 4.907888531018377, 4.9078885310025635, 4.907888530996876, 4.907888531055907, 4.907888530989119, 4.907888530978228, 4.968795946422633, 4.968795946419086, 4.968795946357223, 4.968795946412427, 4.968795946395503, 4.9687959464517935, 4.96879594639485, 4.968795946458438, 4.968795946474109, 4.968795946428392, 4.968795946373328, 4.968795946403312, 4.968795946399995, 4.968795946415371, 4.968795946431835, 4.96879594642264, 4.968795946415361, 4.968795946418879, 4.968795946446098, 4.968795946392621, 4.968795946380905, 5.0100927747042485, 5.010092774655189, 5.010092774631872, 5.010092774660033, 5.010092774637089, 5.010092774695443, 5.010092774706569, 5.010092774721695, 5.0100927747229225, 5.010092774697021, 5.010092774651915, 5.010092774691721, 5.010092774697098, 5.010092774694923, 5.010092774712418, 5.0100927747042405, 5.0100927747343995, 5.010092774740646, 5.010092774686046, 5.0100927747030495, 5.010092774694222, 5.0358963653056605, 5.035896365257319, 5.0358963652651685, 5.035896365258505, 5.035896365234323, 5.035896365284105, 5.03589636531231, 5.03589636530507, 5.035896365284869, 5.035896365288932, 5.035896365273771, 5.035896365294878, 5.035896365302843, 5.035896365301569, 5.0358963653106645, 5.035896365305663, 5.035896365365429, 5.035896365360147, 5.035896365264644, 5.03589636532391, 5.035896365320616, 5.045909809063716, 5.045909809068851, 5.045909809081788, 5.045909809048379, 5.045909809028597, 5.045909809062404, 5.045909809030004, 5.045909809055407, 5.045909809012537, 5.04590980905718, 5.04590980907642, 5.045909809038141, 5.045909809082017, 5.0459098090731915, 5.045909809064828, 5.045909809063717, 5.045909809121331, 5.0459098090890055, 5.045909809049029, 5.04590980907059, 5.045909809071047, 5.030567503541644, 5.030567503587784, 5.03056750360829, 5.03056750355926, 5.030567503539403, 5.030567503550471, 5.030567503476779, 5.030567503527196, 5.030567503483652, 5.030567503548247, 5.030567503583186, 5.030567503507051, 5.030567503567591, 5.030567503557465, 5.030567503541351, 5.030567503541645, 5.030567503574886, 5.0305675035261155, 5.030567503565399, 5.0305675035246225, 5.0305675035233195, 5.024943856261959, 5.024943856315428, 5.02494385635191, 5.024943856297107, 5.024943856274177, 5.0249438562638655, 5.0249438562019835, 5.024943856237806, 5.024943856209393, 5.024943856269853, 5.024943856308203, 5.024943856227764, 5.024943856284796, 5.0249438562765105, 5.024943856261838, 5.0249438562619675, 5.024943856282909, 5.024943856235708, 5.024943856295333, 5.024943856237785, 5.024943856233823, 5.043826464444546, 5.043826464474341, 5.043826464533971, 5.0438264644794035, 5.043826464452619, 5.043826464429293, 5.043826464422269, 5.043826464406266, 5.043826464400672, 5.043826464437821, 5.04382646447724, 5.043826464418737, 5.04382646445841, 5.0438264644547015, 5.043826464443399, 5.043826464444543, 5.043826464473154, 5.043826464442466, 5.043826464454026, 5.043826464434771, 5.04382646443066, 5.066752978149453, 5.0667529781386795, 5.066752978217658, 5.066752978170539, 5.066752978140244, 5.06675297811947, 5.066752978169319, 5.066752978100207, 5.066752978118936, 5.066752978123425, 5.066752978158259, 5.066752978136898, 5.066752978151583, 5.0667529781525165, 5.06675297814661, 5.066752978149456, 5.066752978182045, 5.0667529781752725, 5.0667529781318965, 5.066752978153691, 5.066752978152355, 5.085669213660845, 5.085669213615878, 5.085669213691764, 5.085669213659732, 5.08566921362829, 5.085669213626343, 5.085669213698561, 5.085669213610869, 5.085669213647781, 5.08566921362949, 5.085669213647444, 5.085669213658139, 5.085669213651187, 5.085669213654574, 5.085669213657557, 5.0856692136608475, 5.0856692136753745, 5.085669213688812, 5.085669213642343, 5.0856692136585115, 5.085669213660936, 5.101053823030961, 5.10105382297374, 5.101053823023812, 5.10105382300976, 5.101053822982253, 5.101053823002213, 5.101053823061262, 5.101053822989925, 5.101053823037884, 5.1010538230116005, 5.101053823008136, 5.101053823031881, 5.101053823013896, 5.101053823017741, 5.101053823028733, 5.101053823030963, 5.101053823017256, 5.101053823040999, 5.101053823032142, 5.101053823010354, 5.101053823015033, 5.114433128171283, 5.114433128123468, 5.114433128145038, 5.114433128146102, 5.114433128127367, 5.1144331281572075, 5.114433128182618, 5.114433128145122, 5.114433128198659, 5.114433128170911, 5.114433128154075, 5.114433128174237, 5.114433128154626, 5.11443312815732, 5.114433128170698, 5.114433128171274, 5.114433128142209, 5.114433128166728, 5.114433128188515, 5.114433128144853, 5.114433128148961, 5.123915505090945, 5.123915505066911, 5.123915505071735, 5.123915505081376, 5.123915505072601, 5.123915505096439, 5.123915505081353, 5.123915505083659, 5.123915505134178, 5.123915505108501, 5.123915505088055, 5.123915505097495, 5.123915505081867, 5.123915505081528, 5.123915505092126, 5.123915505090952, 5.123915505067939, 5.123915505087019, 5.1239155051072665, 5.123915505082391, 5.123915505083151, 5.120136730624611, 5.120136730631238, 5.120136730627102, 5.120136730637867, 5.120136730636869, 5.1201367306465455, 5.120136730597658, 5.120136730637497, 5.120136730672542, 5.1201367306562, 5.1201367306352905, 5.1201367306351075, 5.120136730625359, 5.120136730621199, 5.120136730627448, 5.120136730624612, 5.120136730619793, 5.120136730630734, 5.120136730628847, 5.120136730645504, 5.120136730641891, 5.110544605520073, 5.110544605555098, 5.110544605535317, 5.110544605542392, 5.110544605546195, 5.110544605548606, 5.1105446054855355, 5.1105446055480295, 5.110544605559745, 5.110544605560896, 5.110544605536899, 5.110544605532698, 5.110544605526762, 5.110544605520837, 5.110544605524022, 5.1105446055200785, 5.110544605528484, 5.110544605531874, 5.110544605516944, 5.110544605557309, 5.110544605550932, 5.111065768242626, 5.111065768294027, 5.111065768247101, 5.111065768249401, 5.111065768256226, 5.111065768265024, 5.1110657682156235, 5.111065768276025, 5.1110657682642255, 5.111065768284809, 5.111065768256944, 5.111065768256294, 5.111065768249157, 5.111065768244923, 5.11106576824658, 5.11106576824263, 5.11106576824993, 5.111065768249105, 5.111065768245026, 5.1110657682708975, 5.111065768264976, 5.1163582908284395, 5.1163582908778675, 5.116358290807175, 5.116358290805985, 5.11635829081451, 5.116358290832939, 5.116358290823181, 5.11635829085856, 5.116358290826894, 5.116358290859795, 5.116358290833846, 5.116358290844928, 5.116358290830961, 5.116358290829987, 5.116358290831106, 5.116358290828441, 5.116358290825248, 5.116358290824767, 5.116358290841874, 5.116358290833396, 5.116358290830917, 5.118470892202522, 5.118470892232328, 5.118470892165315, 5.118470892162866, 5.118470892170848, 5.11847089218755, 5.118470892222982, 5.118470892224642, 5.118470892181494, 5.11847089221246, 5.118470892197171, 5.1184708922251225, 5.118470892200854, 5.118470892201542, 5.118470892203131, 5.118470892202524, 5.11847089219118, 5.118470892195472, 5.118470892218878, 5.118470892191557, 5.118470892193877, 5.1211980055389, 5.121198005539631, 5.121198005513544, 5.121198005512807, 5.1211980055171855, 5.121198005516048, 5.121198005576431, 5.121198005551551, 5.121198005511107, 5.121198005526004, 5.121198005526634, 5.121198005568432, 5.121198005535664, 5.121198005535417, 5.121198005537529, 5.121198005538893, 5.121198005527949, 5.121198005539776, 5.121198005545091, 5.121198005530286, 5.121198005536311, 5.122732964051286, 5.1227329640280885, 5.122732964057336, 5.122732964063107, 5.122732964062053, 5.12273296403469, 5.122732964091121, 5.1227329640547055, 5.122732964029889, 5.122732964025073, 5.122732964039192, 5.122732964082009, 5.122732964050245, 5.122732964047947, 5.12273296404876, 5.12273296405128, 5.122732964043372, 5.122732964062236, 5.122732964045283, 5.122732964052678, 5.122732964059249, 5.12251797651778, 5.122517976489407, 5.1225179765449145, 5.122517976562811, 5.12251797655778, 5.122517976512925, 5.122517976546232, 5.122517976513248, 5.122517976507226, 5.122517976494128, 5.12251797651137, 5.122517976538679, 5.122517976521537, 5.1225179765178055, 5.12251797651529, 5.122517976517779, 5.122517976506029, 5.122517976527331, 5.122517976513448, 5.12251797651832, 5.122517976521967, 5.125412981658002, 5.1254129816409195, 5.1254129816767735, 5.125412981707143, 5.125412981702265, 5.125412981660189, 5.125412981668593, 5.125412981646922, 5.125412981653467, 5.125412981648491, 5.125412981658872, 5.125412981661626, 5.12541298166716, 5.12541298166291, 5.125412981656394, 5.125412981658002, 5.125412981638993, 5.125412981656629, 5.125412981667756, 5.12541298164629, 5.125412981645286, 5.1300123870447685, 5.130012387039804, 5.130012387037111, 5.13001238707128, 5.130012387070288, 5.130012387045453, 5.130012387042195, 5.130012387029235, 5.130012387039732, 5.130012387049602, 5.130012387052547, 5.130012387034374, 5.1300123870587395, 5.1300123870543395, 5.130012387043925, 5.130012387044766, 5.130012387030023, 5.130012387040969, 5.130012387060937, 5.1300123870295735, 5.130012387024027, 5.132178919404433, 5.132178919404502, 5.132178919374225, 5.1321789194007446, 5.132178919404933, 5.132178919399756, 5.132178919398354, 5.132178919388376, 5.132178919396853, 5.132178919417004, 5.132178919417945, 5.132178919389382, 5.132178919421837, 5.132178919417274, 5.132178919403791, 5.13217891940444, 5.132178919408685, 5.132178919414408, 5.132178919409332, 5.132178919404533, 5.132178919395655, 5.132401055707082, 5.132401055710013, 5.132401055669585, 5.132401055684681, 5.132401055692503, 5.132401055701106, 5.132401055701941, 5.132401055695135, 5.132401055700007, 5.132401055721749, 5.1324010557233075, 5.1324010556935535, 5.1324010557254365, 5.132401055720957, 5.132401055706377, 5.132401055707076, 5.132401055728504, 5.132401055732701, 5.132401055696613, 5.132401055725691, 5.1324010557154685, 5.138264409519951, 5.13826440952905, 5.1382644094890795, 5.138264409497772, 5.138264409506084, 5.13826440951981, 5.138264409514585, 5.138264409514649, 5.138264409518486, 5.138264409534231, 5.138264409534342, 5.138264409508972, 5.138264409535943, 5.138264409532095, 5.138264409519354, 5.138264409519953, 5.138264409539139, 5.138264409545381, 5.138264409508564, 5.138264409539543, 5.138264409530472, 5.146998867911696, 5.1469988679280165, 5.1469988678972705, 5.14699886790374, 5.146998867909518, 5.146998867921161, 5.146998867905868, 5.146998867913, 5.146998867918934, 5.146998867923047, 5.14699886792018, 5.146998867903821, 5.146998867922332, 5.146998867919662, 5.146998867911329, 5.146998867911691, 5.146998867910431, 5.146998867921076, 5.146998867914214, 5.146998867914461, 5.146998867908762, 5.150337146920295, 5.150337146935647, 5.150337146926431, 5.150337146928138, 5.150337146930316, 5.150337146935662, 5.15033714691953, 5.150337146926922, 5.15033714693492, 5.1503371469232055, 5.150337146921082, 5.150337146919881, 5.150337146923842, 5.150337146922693, 5.150337146919819, 5.150337146920296, 5.150337146899236, 5.15033714691547, 5.150337146933669, 5.150337146908509, 5.150337146907468, 5.150408027439877, 5.15040802744134, 5.150408027460926, 5.150408027453057, 5.150408027453201, 5.1504080274518405, 5.150408027451507, 5.150408027450096, 5.150408027456301, 5.150408027429399, 5.1504080274338575, 5.150408027452561, 5.150408027436001, 5.1504080274367245, 5.150408027438851, 5.150408027439885, 5.150408027415553, 5.150408027436763, 5.15040802744761, 5.150408027431251, 5.150408027434937, 5.15032138759293, 5.150321387578316, 5.1503213876155725, 5.150321387598106, 5.15032138759893, 5.150321387594743, 5.150321387615079, 5.150321387604621, 5.150321387602783, 5.15032138757248, 5.150321387583105, 5.150321387617088, 5.150321387583258, 5.150321387586232, 5.150321387591481, 5.15032138759293, 5.150321387576532, 5.150321387599067, 5.150321387588651, 5.150321387595359, 5.150321387602079, 5.152767659887916, 5.152767659870155, 5.152767659900701, 5.15276765987906, 5.152767659882157, 5.152767659880736, 5.152767659907402, 5.152767659898409, 5.152767659884514, 5.1527676598696495, 5.152767659878715, 5.152767659912719, 5.152767659876372, 5.1527676598815395, 5.152767659886669, 5.152767659887913, 5.152767659876103, 5.152767659894348, 5.152767659882865, 5.152767659891177, 5.1527676598975765, 5.156615353820635, 5.156615353813939, 5.156615353822449, 5.156615353803096, 5.1566153538082435, 5.156615353811649, 5.156615353823727, 5.156615353827749, 5.156615353804458, 5.156615353815929, 5.156615353816599, 5.156615353835411, 5.156615353811717, 5.1566153538182675, 5.156615353820176, 5.156615353820632, 5.156615353808325, 5.156615353818702, 5.156615353825192, 5.156615353815807, 5.156615353818385, 5.158513440581056, 5.158513440588291, 5.1585134405800925, 5.158513440566231, 5.158513440572874, 5.158513440577997, 5.158513440564297, 5.158513440584408, 5.158513440560196, 5.1585134405919835, 5.158513440584726, 5.158513440583817, 5.158513440577209, 5.158513440583988, 5.158513440581461, 5.158513440581058, 5.158513440573027, 5.1585134405766455, 5.158513440589545, 5.158513440575658, 5.158513440572869, 5.158890122442633, 5.158890122455849, 5.158890122445783, 5.1588901224371035, 5.158890122445085, 5.1588901224482395, 5.1588901224143635, 5.158890122442574, 5.158890122426145, 5.158890122461624, 5.15889012245238, 5.158890122438417, 5.158890122442937, 5.158890122449258, 5.158890122443385, 5.158890122442631, 5.15889012244606, 5.15889012244751, 5.158890122442829, 5.158890122449013, 5.158890122442317, 5.160025352219874, 5.160025352230041, 5.160025352225434, 5.160025352220366, 5.160025352229796, 5.160025352231619, 5.160025352192642, 5.160025352215051, 5.160025352211137, 5.160025352236847, 5.160025352230504, 5.160025352213657, 5.160025352220815, 5.160025352226887, 5.160025352220389, 5.1600253522198765, 5.16002535223046, 5.160025352233914, 5.160025352211922, 5.1600253522348085, 5.1600253522277635, 5.163554786461406, 5.1635547864642835, 5.163554786462855, 5.163554786459505, 5.163554786470393, 5.163554786474658, 5.1635547864444415, 5.163554786449665, 5.163554786458034, 5.163554786469801, 5.163554786467339, 5.163554786455534, 5.163554786459161, 5.163554786465701, 5.163554786461406, 5.163554786461405, 5.163554786465902, 5.163554786472887, 5.1635547864574365, 5.163554786468753, 5.163554786464853, 5.16616759039359, 5.1661675903880875, 5.166167590389716, 5.166167590384804, 5.1661675903968725, 5.166167590404111, 5.1661675903909545, 5.166167590376806, 5.166167590392453, 5.1661675903902164, 5.166167590392251, 5.1661675903905815, 5.166167590386566, 5.166167590393951, 5.16616759039301, 5.1661675903935915, 5.166167590386362, 5.1661675903965705, 5.166167590399114, 5.166167590386417, 5.16616759038707, 5.167527269199819, 5.167527269186783, 5.167527269197758, 5.1675272691874845, 5.167527269200262, 5.167527269206291, 5.167527269210307, 5.167527269184928, 5.167527269201135, 5.167527269184619, 5.167527269193025, 5.167527269202979, 5.167527269189515, 5.167527269197359, 5.167527269198687, 5.167527269199821, 5.16752726918911, 5.1675272692013845, 5.167527269206052, 5.167527269188715, 5.167527269192895, 5.169922337583325, 5.169922337568558, 5.1699223375905135, 5.169922337573972, 5.169922337586748, 5.169922337587829, 5.169922337599684, 5.169922337576743, 5.16992233758824, 5.16992233756147, 5.169922337575506, 5.16992233759236, 5.169922337573201, 5.1699223375806405, 5.169922337581843, 5.169922337583324, 5.1699223375786705, 5.169922337590793, 5.169922337581655, 5.169922337579727, 5.169922337584862, 5.173593446962254, 5.173593446955845, 5.173593446977574, 5.173593446957727, 5.173593446970277, 5.173593446967246, 5.1735934469734115, 5.173593446964609, 5.173593446967897, 5.173593446943368, 5.173593446957338, 5.173593446971243, 5.1735934469555795, 5.173593446962035, 5.173593446960824, 5.173593446962261, 5.173593446962332, 5.173593446971339, 5.173593446957559, 5.17359344696291, 5.173593446966255, 5.177213929354935, 5.177213929362437, 5.17721392937039, 5.177213929351053, 5.177213929363768, 5.177213929360597, 5.177213929353402, 5.1772139293626624, 5.177213929355302, 5.177213929346406, 5.177213929354802, 5.177213929358154, 5.17721392935318, 5.177213929358659, 5.177213929353893, 5.177213929354944, 5.1772139293535595, 5.177213929357594, 5.17721392935683, 5.177213929350552, 5.177213929350495, 5.179675346673971, 5.179675346689597, 5.179675346683542, 5.179675346666034, 5.179675346679577, 5.1796753466782235, 5.179675346662135, 5.179675346684725, 5.17967534666592, 5.179675346675005, 5.1796753466783105, 5.17967534667223, 5.179675346676431, 5.179675346681201, 5.1796753466732675, 5.179675346673973, 5.1796753466730046, 5.179675346672863, 5.179675346680326, 5.17967534666677, 5.179675346663506, 5.182614830457593, 5.1826148304698725, 5.182614830461043, 5.182614830444997, 5.182614830459263, 5.182614830458854, 5.182614830444632, 5.182614830471048, 5.182614830443247, 5.182614830461685, 5.182614830464174, 5.182614830455878, 5.1826148304618656, 5.18261483046612, 5.182614830456987, 5.1826148304575925, 5.182614830463368, 5.182614830462045, 5.182614830458549, 5.182614830457235, 5.182614830452493, 5.186542948062706, 5.18654294806546, 5.186542948062408, 5.186542948048534, 5.186542948062438, 5.186542948062293, 5.1865429480557435, 5.186542948076507, 5.1865429480463305, 5.186542948065174, 5.18654294806855, 5.186542948063553, 5.186542948065987, 5.186542948069724, 5.186542948062155, 5.186542948062703, 5.186542948072655, 5.1865429480732415, 5.1865429480579275, 5.1865429480684355, 5.186542948064327, 5.191145384611404, 5.1911453846063775, 5.191145384609895, 5.191145384600035, 5.191145384612065, 5.19114538461277, 5.191145384611987, 5.191145384620752, 5.191145384596704, 5.191145384612072, 5.191145384614418, 5.1911453846133595, 5.191145384611766, 5.191145384614822, 5.191145384611135, 5.191145384611399, 5.191145384615187, 5.191145384619686, 5.191145384610347, 5.191145384612318, 5.191145384610118, 5.194716375677776, 5.194716375669003, 5.194716375679141, 5.194716375673416, 5.194716375682699, 5.194716375683938, 5.194716375684589, 5.194716375680773, 5.19471637566835, 5.1947163756780395, 5.194716375677862, 5.19471637567959, 5.194716375675012, 5.1947163756770545, 5.194716375677908, 5.194716375677774, 5.194716375671559, 5.194716375681015, 5.194716375683615, 5.194716375670425, 5.194716375670153, 5.1974258119256564, 5.197425811914971, 5.197425811933117, 5.197425811929185, 5.197425811935901, 5.197425811936727, 5.197425811937079, 5.197425811925754, 5.197425811923528, 5.197425811926249, 5.197425811924452, 5.197425811928396, 5.197425811921222, 5.19742581192183, 5.19742581192611, 5.197425811925653, 5.197425811916264, 5.197425811930333, 5.197425811930718, 5.197425811918958, 5.197425811919671, 5.200572844808403, 5.200572844797404, 5.200572844818578, 5.200572844814089, 5.200572844819189, 5.20057284482077, 5.2005728448214805, 5.200572844809379, 5.2005728448101465, 5.200572844810496, 5.200572844807996, 5.200572844811999, 5.20057284480478, 5.200572844803672, 5.200572844808993, 5.200572844808412, 5.200572844801752, 5.200572844818138, 5.200572844807699, 5.200572844808402, 5.200572844808706, 5.204323742950034, 5.204323742942156, 5.204323742954712, 5.2043237429491835, 5.204323742953441, 5.20432374295888, 5.204323742960444, 5.204323742952097, 5.204323742948355, 5.204323742955608, 5.204323742951935, 5.204323742951552, 5.2043237429496605, 5.2043237429468014, 5.204323742950639, 5.20432374295004, 5.204323742944069, 5.204323742959446, 5.204323742948462, 5.204323742951797, 5.204323742950363, 5.207428483594793, 5.207428483592167, 5.207428483591226, 5.207428483584969, 5.207428483588309, 5.207428483597854, 5.207428483599702, 5.207428483598013, 5.207428483586733, 5.207428483604413, 5.207428483599402, 5.207428483592587, 5.207428483598756, 5.207428483594295, 5.207428483595362, 5.207428483594794, 5.207428483587058, 5.2074284835996005, 5.207428483596273, 5.2074284835940965, 5.207428483590413, 5.210060426840332, 5.210060426841289, 5.210060426835161, 5.210060426828083, 5.210060426830129, 5.21006042683948, 5.210060426840241, 5.21006042684698, 5.210060426830522, 5.210060426851937, 5.2100604268466855, 5.210060426836905, 5.21006042684741, 5.210060426841752, 5.21006042684077, 5.210060426840329, 5.2100604268338335, 5.210060426844086, 5.210060426840249, 5.210060426841625, 5.210060426836498, 5.213094476029778, 5.213094476031768, 5.213094476030088, 5.213094476022864, 5.213094476023824, 5.213094476028833, 5.213094476027044, 5.213094476039875, 5.213094476023466, 5.213094476040335, 5.213094476036012, 5.213094476028205, 5.2130944760372, 5.213094476031067, 5.213094476030087, 5.213094476029782, 5.2130944760260896, 5.2130944760355264, 5.2130944760249145, 5.213094476035669, 5.2130944760306726, 5.216227498977027, 5.216227498978935, 5.21622749898164, 5.216227498976895, 5.21622749897768, 5.216227498978231, 5.216227498973858, 5.216227498985669, 5.216227498973449, 5.216227498983832, 5.216227498981452, 5.216227498977575, 5.216227498982221, 5.2162274989764965, 5.216227498977254, 5.216227498977034, 5.2162274989714055, 5.216227498980695, 5.216227498973111, 5.216227498980784, 5.2162274989772515, 5.218681165161175, 5.218681165161595, 5.218681165164668, 5.218681165164585, 5.218681165166223, 5.218681165164133, 5.2186811651594995, 5.218681165164367, 5.21868116515647, 5.21868116516209, 5.2186811651632095, 5.218681165163615, 5.218681165163027, 5.218681165158298, 5.2186811651613345, 5.218681165161168, 5.218681165151145, 5.218681165159903, 5.218681165162505, 5.218681165158451, 5.21868116515676, 5.2204645746633656, 5.220464574660096, 5.220464574663307, 5.220464574667237, 5.2204645746705145, 5.220464574666484, 5.220464574664526, 5.220464574663209, 5.220464574656322, 5.220464574657705, 5.220464574663687, 5.220464574668856, 5.220464574662487, 5.220464574658746, 5.220464574663391, 5.220464574663365, 5.220464574654606, 5.220464574661821, 5.2204645746643985, 5.220464574660665, 5.220464574660371, 5.222069257988823, 5.22206925798317, 5.2220692579852965, 5.222069257991157, 5.222069257996468, 5.222069257991191, 5.222069257991394, 5.222069257988852, 5.222069257980113, 5.222069257978804, 5.222069257988806, 5.222069257996833, 5.22206925798716, 5.222069257983971, 5.22206925798873, 5.222069257988821, 5.22206925798574, 5.222069257990452, 5.22206925798512, 5.222069257991524, 5.222069257991567, 5.223942910792906, 5.223942910790431, 5.223942910785673, 5.223942910792255, 5.2239429107993764, 5.223942910794434, 5.223942910792978, 5.223942910793083, 5.22394291078256, 5.2239429107828155, 5.223942910793768, 5.223942910799912, 5.223942910792426, 5.223942910789489, 5.223942910792756, 5.223942910792906, 5.22394291079173, 5.223942910793715, 5.223942910789387, 5.223942910796234, 5.223942910795607, 5.225977147816926, 5.225977147821247, 5.225977147808357, 5.225977147814102, 5.225977147822229, 5.225977147818138, 5.225977147812179, 5.225977147817529, 5.225977147806635, 5.225977147810359, 5.22597714781926, 5.225977147820683, 5.225977147818545, 5.225977147815744, 5.225977147816771, 5.225977147816933, 5.225977147813952, 5.22597714781418, 5.225977147817329, 5.225977147817033, 5.225977147815268, 5.2279376640131865, 5.227937664022006, 5.2279376640083965, 5.227937664010946, 5.2279376640190645, 5.227937664014343, 5.22793766400541, 5.227937664017262, 5.2279376640065465, 5.22793766401128, 5.227937664016818, 5.227937664015095, 5.227937664016492, 5.227937664013728, 5.227937664013055, 5.227937664013179, 5.227937664010679, 5.227937664010614, 5.227937664013081, 5.2279376640145365, 5.227937664011864, 5.229883188858475, 5.229883188866903, 5.229883188858639, 5.229883188857997, 5.2298831888648545, 5.229883188858734, 5.229883188851212, 5.229883188866281, 5.229883188855948, 5.229883188859922, 5.2298831888626784, 5.229883188860237, 5.229883188862121, 5.229883188859562, 5.229883188858408, 5.22988318885847, 5.229883188857483, 5.229883188858088, 5.229883188855782, 5.229883188863125, 5.229883188860127, 5.231881252434913, 5.231881252439456, 5.2318812524357785, 5.2318812524352065, 5.231881252439467, 5.231881252433257, 5.2318812524307905, 5.231881252441928, 5.231881252432955, 5.231881252437269, 5.231881252438992, 5.231881252436427, 5.231881252437362, 5.231881252435488, 5.231881252434905, 5.231881252434913, 5.231881252431841, 5.231881252433666, 5.231881252434668, 5.231881252437627, 5.231881252434868, 5.23350888250288, 5.2335088825017815, 5.233508882501793, 5.233508882503597, 5.233508882504874, 5.2335088824995895, 5.233508882503576, 5.233508882506446, 5.233508882499541, 5.233508882504228, 5.233508882506478, 5.233508882504113, 5.23350888250336, 5.233508882502414, 5.233508882502921, 5.233508882502877, 5.233508882497386, 5.2335088825007015, 5.233508882506531, 5.233508882502341, 5.233508882500043, 5.234638426954461, 5.234638426948135, 5.234638426952962, 5.234638426956366, 5.2346384269557475, 5.234638426951316, 5.234638426960342, 5.234638426956187, 5.23463842695129, 5.234638426954518, 5.234638426957626, 5.234638426955898, 5.234638426953381, 5.234638426953132, 5.234638426954533, 5.234638426954462, 5.234638426950898, 5.234638426955565, 5.234638426957154, 5.234638426955735, 5.234638426953879, 5.235487756739369, 5.235487756731543, 5.235487756738274, 5.235487756742104, 5.235487756741026, 5.235487756738096, 5.235487756748242, 5.235487756739928, 5.235487756737295, 5.2354877567391975, 5.2354877567425, 5.235487756739896, 5.235487756737767, 5.235487756738033, 5.235487756739453, 5.235487756739361, 5.235487756738559, 5.235487756744316, 5.2354877567405955, 5.235487756742997, 5.235487756741356, 5.236380836859716, 5.2363808368548215, 5.236380836857932, 5.23638083686176, 5.236380836860834, 5.236380836860615, 5.236380836867956, 5.236380836858413, 5.236380836858092, 5.236380836860562, 5.236380836863231, 5.2363808368576645, 5.236380836858436, 5.236380836859268, 5.236380836859804, 5.236380836859726, 5.236380836858406, 5.2363808368648685, 5.2363808368637415, 5.236380836861105, 5.236380836859516, 5.237277832392815, 5.237277832391931, 5.23727783239117, 5.237277832393205, 5.237277832392631, 5.237277832394602, 5.237277832398269, 5.237277832392046, 5.237277832392068, 5.237277832395253, 5.237277832396873, 5.237277832388936, 5.237277832392229, 5.237277832393659, 5.2372778323928815, 5.2372778323928175, 5.237277832391334, 5.237277832397182, 5.237277832398936, 5.2372778323925235, 5.237277832390983, 5.238128091647507, 5.238128091648829, 5.238128091647791, 5.238128091646174, 5.2381280916459625, 5.238128091648462, 5.238128091649924, 5.238128091650729, 5.238128091648483, 5.2381280916510935, 5.238128091651932, 5.238128091644208, 5.238128091647218, 5.2381280916494015, 5.238128091647564, 5.238128091647506, 5.238128091648647, 5.2381280916521735, 5.238128091651726, 5.238128091649435, 5.238128091648134, 5.238920724120071, 5.238920724121984, 5.238920724121549, 5.23892072411735, 5.238920724117148, 5.238920724119385, 5.238920724119833, 5.238920724126072, 5.23892072412146, 5.238920724123381, 5.238920724124496, 5.238920724118518, 5.23892072411889, 5.238920724122336, 5.238920724120098, 5.238920724120074, 5.2389207241227655, 5.238920724123267, 5.238920724123745, 5.238920724122562, 5.2389207241217, 5.239777200242156, 5.239777200244142, 5.239777200243255, 5.239777200239059, 5.2397772002387475, 5.239777200240816, 5.2397772002404475, 5.239777200247427, 5.239777200242169, 5.239777200243673, 5.239777200246306, 5.239777200242373, 5.239777200238989, 5.239777200244084, 5.239777200242157, 5.239777200242153, 5.2397772002441325, 5.239777200242166, 5.2397772002484295, 5.239777200241823, 5.2397772002414555, 5.240748011976895, 5.240748011978506, 5.240748011977997, 5.24074801197479, 5.240748011974937, 5.240748011976495, 5.240748011975685, 5.240748011980813, 5.2407480119756595, 5.240748011976147, 5.240748011980593, 5.240748011978839, 5.240748011971787, 5.24074801197809, 5.240748011976876, 5.2407480119768906, 5.240748011979868, 5.24074801197614, 5.240748011983432, 5.240748011976065, 5.240748011976193, 5.241868425549172, 5.241868425550656, 5.241868425550323, 5.241868425548822, 5.241868425549372, 5.241868425550682, 5.2418684255497086, 5.241868425552359, 5.2418684255472465, 5.24186842554684, 5.241868425552508, 5.241868425552131, 5.24186842554317, 5.2418684255497165, 5.241868425549163, 5.241868425549177, 5.241868425554768, 5.241868425550144, 5.241868425553293, 5.2418684255506145, 5.241868425551133, 5.243187351037784, 5.243187351040102, 5.243187351036916, 5.243187351038931, 5.243187351038621, 5.243187351041045, 5.243187351039399, 5.243187351039292, 5.243187351034548, 5.243187351035068, 5.243187351041083, 5.243187351040077, 5.243187351032092, 5.243187351038021, 5.243187351037757, 5.24318735103779, 5.243187351043263, 5.243187351039151, 5.243187351041995, 5.243187351038857, 5.243187351039781, 5.244697038014034, 5.244697038017263, 5.244697038010322, 5.244697038016119, 5.2446970380136895, 5.244697038017867, 5.244697038015503, 5.244697038014706, 5.244697038009916, 5.244697038012342, 5.244697038017568, 5.244697038014898, 5.244697038009692, 5.244697038014238, 5.244697038013982, 5.244697038014036, 5.244697038017351, 5.244697038014623, 5.244697038019726, 5.2446970380131885, 5.244697038014645, 5.246297282326967, 5.246297282329777, 5.246297282322248, 5.246297282329771, 5.246297282325107, 5.246297282330052, 5.246297282327853, 5.24629728233009, 5.246297282324135, 5.246297282327383, 5.246297282330821, 5.246297282327312, 5.246297282324518, 5.246297282327254, 5.246297282326887, 5.24629728232697, 5.2462972823294365, 5.246297282328045, 5.246297282331258, 5.246297282327012, 5.246297282329082, 5.2478808210154995, 5.247880821016894, 5.247880821011189, 5.247880821018951, 5.247880821012948, 5.247880821017718, 5.247880821015719, 5.2478808210215355, 5.247880821014977, 5.247880821017961, 5.247880821019546, 5.247880821016123, 5.2478808210144186, 5.2478808210156345, 5.247880821015373, 5.247880821015501, 5.2478808210168655, 5.247880821017059, 5.247880821018227, 5.247880821016357, 5.247880821019076, 5.249501076365449, 5.249501076365412, 5.249501076361462, 5.24950107636933, 5.2495010763637335, 5.2495010763678955, 5.249501076365371, 5.249501076371791, 5.249501076366503, 5.24950107636882, 5.249501076369573, 5.249501076366499, 5.249501076364741, 5.249501076365148, 5.249501076365281, 5.2495010763654495, 5.249501076364028, 5.249501076366176, 5.249501076369474, 5.249501076364131, 5.249501076367343, 5.251218219024257, 5.25121821902248, 5.251218219020622, 5.251218219028266, 5.251218219024727, 5.2512182190276295, 5.251218219024965, 5.251218219029842, 5.2512182190260495, 5.251218219027312, 5.251218219028304, 5.251218219026209, 5.251218219023425, 5.251218219023456, 5.251218219024063, 5.25121821902426, 5.251218219021703, 5.251218219024994, 5.251218219028748, 5.251218219021672, 5.251218219025252, 5.25306828458165, 5.25306828457812, 5.253068284578208, 5.253068284585319, 5.253068284584302, 5.253068284585609, 5.25306828458394, 5.253068284586851, 5.253068284583226, 5.253068284583762, 5.253068284585571, 5.253068284584794, 5.253068284580881, 5.253068284580651, 5.25306828458143, 5.253068284581649, 5.253068284581026, 5.253068284583723, 5.253068284584262, 5.253068284580433, 5.2530682845843035, 5.255036622831669, 5.2550366228277845, 5.255036622827293, 5.25503662283458, 5.255036622835239, 5.255036622835836, 5.255036622834954, 5.2550366228355125, 5.255036622831404, 5.255036622832702, 5.255036622835677, 5.25503662283519, 5.255036622831371, 5.255036622830843, 5.255036622831441, 5.255036622831672, 5.255036622832611, 5.255036622833802, 5.255036622834043, 5.255036622830246, 5.255036622834579, 5.257110583971307, 5.2571105839686645, 5.257110583966238, 5.257110583973481, 5.257110583974525, 5.257110583975204, 5.25711058397439, 5.257110583973764, 5.257110583968745, 5.257110583971903, 5.257110583975709, 5.257110583974382, 5.2571105839717776, 5.257110583970859, 5.257110583971074, 5.257110583971305, 5.257110583972862, 5.25711058397223, 5.257110583975022, 5.257110583968018, 5.257110583973102, 5.259248716680338, 5.259248716679302, 5.2592487166768995, 5.259248716682187, 5.259248716682573, 5.259248716683254, 5.259248716682423, 5.259248716683565, 5.259248716676874, 5.259248716681577, 5.259248716685212, 5.259248716683089, 5.2592487166816255, 5.259248716680302, 5.25924871668009, 5.259248716680346, 5.259248716683443, 5.259248716680938, 5.259248716683489, 5.25924871667702, 5.259248716682996, 5.261376506615795, 5.261376506616038, 5.261376506615421, 5.261376506617666, 5.261376506617195, 5.261376506617849, 5.261376506616456, 5.26137650662029, 5.261376506612674, 5.261376506617917, 5.261376506621019, 5.26137650661815, 5.261376506617339, 5.261376506615871, 5.26137650661551, 5.261376506615799, 5.26137650661996, 5.261376506616598, 5.261376506617885, 5.261376506612794, 5.261376506619531, 5.2634432880273545, 5.263443288027898, 5.2634432880291975, 5.263443288029123, 5.263443288028525, 5.263443288029457, 5.263443288026591, 5.263443288031208, 5.263443288024909, 5.2634432880293005, 5.263443288032679, 5.2634432880288715, 5.263443288028247, 5.263443288027038, 5.263443288026998, 5.263443288027351, 5.2634432880303965, 5.26344328802794, 5.263443288030093, 5.263443288022833, 5.2634432880299205, 5.265354158737617, 5.265354158736769, 5.26535415874014, 5.265354158739038, 5.265354158738708, 5.265354158739855, 5.265354158736065, 5.265354158740215, 5.265354158736133, 5.265354158738244, 5.265354158742712, 5.265354158738321, 5.265354158737474, 5.265354158736647, 5.26535415873716, 5.265354158737628, 5.265354158739611, 5.265354158738763, 5.2653541587401005, 5.2653541587325785, 5.265354158739564, 5.2669876813016705]
Total optimisation time observed during ADAM optimization: 115.718846 seconds
Median time per evaluation during ADAM optimization: 1.155337 seconds
5.2669876813016705
QAOA optimisation for n=12 took 122.16 seconds; started at 1777586019.403361 and finished at 1777586141.564394
Finished QAOA for n=10 nodes, m=15 edges at 2026-04-30 23:55:41 on Apple M4. Time taken: 122.16 seconds. Hours: 0.03 hours. Peak RAM: 371.19 MB.
Unknown graph type for approximation ratio calculation; skipping approx ratio computation.
CSV writing for n=12 took 0.00 seconds; started at 1777586141.5643961 and finished at 1777586141.5648699
results: {12: 5.2669876813016705}
durations: {10: 122.16103601455688}
Results saved to: logs/adam/qaoa_results_adam_20260430_200911.csv
Global end time: 1777586141.5648751
Finalisation time: 0.00 seconds; started at 1777586141.564872 and finished at 1777586141.564876
Sum of all section times: 122.33 seconds
