2026-04-30 20:12:39.918 system_profiler[9764:1079018] hw.cpufamily: 0x6f5129ac
Starting QAOA benchmark with global start time: 1777572759.837883
Benchmark parameters: {'optimiser': 'adam', 'circuit_type': 'hamqaoa', 'parameter_vector': [1, 1, 1], 'iterations_list': [50, 100, 200, 500], 'learning_rate_adam': 0.05, 'depth_list': [1, 2, 5, 10], 'n_start': 0, 'n_end': 30, 'singlet_injection': False, 'start_index_singlet': 0, 'warm_start': True, 'compare_with_010101': False, 'warm_start_correlations': False, 'init_QAOAparams_close_to_zero': False, 'use_correlations_as_initial_params': False, 'time_limit': 10800, 'failed_instance_termination_thrsh': 10, 'graph_generation_type': 'HOG', 'weighted': False, 'easiest_first': True, 'cpu_util_threshold': 90, 'debug': False, 'save_circuit_svg': False, 'rerun_exclude_finished_instances': False, 'optimiser_debug_iterations': 1, 'relative_graph_adjList_path': '/Users/julian_dev/Projects/MasterThesis/QAOA/HOG_graphs/list_27_graphs_adjacency_list.txt'}, Running QAOA with equal superposition
Benchmark run ID: 1b2ce778
Processor: Apple M4
Hostname: Mac-mini-som-tillhor-Julian.local
Total RAM (GB): 16.0
Physical cores: 10
Logical cores: 10
Python version: 3.13.1
Initialisation time: 0.10 seconds; started at {'initialisation': 0.09720420837402344} and finished at 1777572759.935094
Loaded HOG graph index 2 with 12 edges.
Instance generation for n=2 took 0.00 seconds; started at 1777572759.9350982 and finished at 1777572759.935361
Running QAOA for n=8 nodes, m=12 edges...; Max iterations: 50
Warm-start: using parameter_vector=[1, 1, 1]
Warm-start: starting SDP solve for n_vertices=8
Starting SDP solve (solver preference: MOSEK, fallback: SCS) for n_vertices=8, matrix_dim=24, edges=12
Finished SDP solve with MOSEK. status=optimal. elapsed_seconds=0.05
Rounding...
n_vertices: 8 for n = 24
Using seed None to generate random matrix for x.
r_0: [ 0.25765606 -0.96571388 -0.03178142]
Product state qubit 0: [[0.48410929+0.j         0.12882803+0.48285694j]
 [0.12882803-0.48285694j 0.51589071+0.j        ]]
Diagonal entries of product state 0: [0.48410929 0.51589071]
r_1: [-0.26273998  0.95544045  0.13454085]
Product state qubit 1: [[ 0.56727042+0.j         -0.13136999-0.47772023j]
 [-0.13136999+0.47772023j  0.43272958+0.j        ]]
Diagonal entries of product state 1: [0.56727042 0.43272958]
r_2: [-0.25057069  0.96606442 -0.06272056]
Product state qubit 2: [[ 0.46863972+0.j         -0.12528534-0.48303221j]
 [-0.12528534+0.48303221j  0.53136028+0.j        ]]
Diagonal entries of product state 2: [0.46863972 0.53136028]
r_3: [-0.25767195  0.96570981  0.03177641]
Product state qubit 3: [[ 0.51588821+0.j        -0.12883597-0.4828549j]
 [-0.12883597+0.4828549j  0.48411179+0.j       ]]
Diagonal entries of product state 3: [0.51588821 0.48411179]
r_4: [-0.04692856  0.43551742 -0.89895622]
Product state qubit 4: [[ 0.05052189+0.j         -0.02346428-0.21775871j]
 [-0.02346428+0.21775871j  0.94947811+0.j        ]]
Diagonal entries of product state 4: [0.05052189 0.94947811]
r_5: [ 0.04681438 -0.43565658  0.89889474]
Product state qubit 5: [[0.94944737+0.j         0.02340719+0.21782829j]
 [0.02340719-0.21782829j 0.05055263+0.j        ]]
Diagonal entries of product state 5: [0.94944737 0.05055263]
r_6: [ 0.26276201 -0.95543508 -0.13453602]
Product state qubit 6: [[0.43273199+0.j         0.131381  +0.47771754j]
 [0.131381  -0.47771754j 0.56726801+0.j        ]]
Diagonal entries of product state 6: [0.43273199 0.56726801]
r_7: [ 0.25059133 -0.96605848  0.06272959]
Product state qubit 7: [[0.53136479+0.j         0.12529566+0.48302924j]
 [0.12529566-0.48302924j 0.46863521+0.j        ]]
Diagonal entries of product state 7: [0.53136479 0.46863521]
y_scalar: False
[-1, 1, -1, 1, -1, 1, -1, 1]
Hamiltonian equals product state? [[False False False False]
 [False False False False]
 [False False False False]
 [False False False False]]
Hamiltonian: [[ 0. +0.j  0. +0.j  0. +0.j  0. +0.j]
 [ 0. +0.j  0.5+0.j -0.5+0.j  0. +0.j]
 [ 0. +0.j -0.5+0.j  0.5+0.j  0. +0.j]
 [ 0. +0.j  0. +0.j  0. +0.j  0. +0.j]], product state: [[ 0.24901865+0.00000000e+00j  0.05871852+2.26366687e-01j
  -0.06657222-2.56666310e-01j  0.21762097-1.21038326e-01j]
 [ 0.05871852-2.26366687e-01j  0.21962107+0.00000000e+00j
  -0.24901639-5.35715275e-06j -0.05871312-2.26365900e-01j]
 [-0.06657222+2.56666310e-01j -0.24901639+5.35715275e-06j
   0.28234615+0.00000000e+00j  0.06657714+2.56662553e-01j]
 [ 0.21762097+1.21038326e-01j -0.05871312+2.26365900e-01j
   0.06657714-2.56662553e-01j  0.24901414+0.00000000e+00j]]
Hamiltonian equals product state? [[False False False False]
 [False False False False]
 [False False False False]
 [False False False False]]
Hamiltonian: [[ 0. +0.j  0. +0.j  0. +0.j  0. +0.j]
 [ 0. +0.j  0.5+0.j -0.5+0.j  0. +0.j]
 [ 0. +0.j -0.5+0.j  0.5+0.j  0. +0.j]
 [ 0. +0.j  0. +0.j  0. +0.j  0. +0.j]], product state: [[ 0.27462088+0.j         -0.06359743-0.2312688j   0.07308033+0.27391046j
   0.21374639-0.12497667j]
 [-0.06359743+0.2312688j   0.20948841+0.j         -0.24759466-0.00188916j
   0.0557477 +0.20894648j]
 [ 0.07308033-0.27391046j -0.24759466+0.00188916j  0.29264954+0.j
  -0.06777256-0.24645143j]
 [ 0.21374639+0.12497667j  0.0557477 -0.20894648j -0.06777256+0.24645143j
   0.22324117+0.j        ]]
Hamiltonian equals product state? [[False False False False]
 [False False False False]
 [False False False False]
 [False False False False]]
Hamiltonian: [[ 0. +0.j  0. +0.j  0. +0.j  0. +0.j]
 [ 0. +0.j  0.5+0.j -0.5+0.j  0. +0.j]
 [ 0. +0.j -0.5+0.j  0.5+0.j  0. +0.j]
 [ 0. +0.j  0. +0.j  0. +0.j  0. +0.j]], product state: [[ 0.24547606+0.00000000e+00j  0.07452856+2.70995030e-01j
  -0.056848  -2.06724823e-01j  0.21095581-1.25521112e-01j]
 [ 0.07452856-2.70995030e-01j  0.32179437+0.00000000e+00j
  -0.24547485-5.61350289e-06j -0.07452199-2.70995404e-01j]
 [-0.056848  +2.06724823e-01j -0.24547485+5.61350289e-06j
   0.18725593+0.00000000e+00j  0.05685245+2.06722508e-01j]
 [ 0.21095581+1.25521112e-01j -0.07452199+2.70995404e-01j
   0.05685245-2.06722508e-01j  0.24547365+0.00000000e+00j]]
Hamiltonian equals product state? [[False False False False]
 [False False False False]
 [False False False False]
 [False False False False]]
Hamiltonian: [[ 0. +0.j  0. +0.j  0. +0.j  0. +0.j]
 [ 0. +0.j  0.5+0.j -0.5+0.j  0. +0.j]
 [ 0. +0.j -0.5+0.j  0.5+0.j  0. +0.j]
 [ 0. +0.j  0. +0.j  0. +0.j  0. +0.j]], product state: [[ 0.02684555+0.j          0.00633017+0.02440355j -0.01246809-0.11570931j
   0.10224385-0.03861815j]
 [ 0.00633017-0.02440355j  0.02367634+0.j         -0.1081238 -0.01595029j
  -0.01099619-0.1020494j ]
 [-0.01246809+0.11570931j -0.1081238 +0.01595029j  0.50451924+0.j
   0.11896549+0.45862569j]
 [ 0.10224385+0.03861815j -0.01099619+0.1020494j   0.11896549-0.45862569j
   0.44495887+0.j        ]]
Hamiltonian equals product state? [[False False False False]
 [False False False False]
 [False False False False]
 [False False False False]]
Hamiltonian: [[ 0. +0.j  0. +0.j  0. +0.j  0. +0.j]
 [ 0. +0.j  0.5+0.j -0.5+0.j  0. +0.j]
 [ 0. +0.j -0.5+0.j  0.5+0.j  0. +0.j]
 [ 0. +0.j  0. +0.j  0. +0.j  0. +0.j]], product state: [[ 0.24974627+0.00000000e+00j -0.06237069-2.33754545e-01j
   0.06646086+2.49100201e-01j  0.21655216-1.24414589e-01j]
 [-0.06237069+2.33754545e-01j  0.23436302+0.00000000e+00j
  -0.24974753-4.09839873e-06j  0.06236717+2.33756739e-01j]
 [ 0.06646086-2.49100201e-01j -0.24974753+4.09839873e-06j
   0.26614193+0.00000000e+00j -0.06646528-2.49100358e-01j]
 [ 0.21655216+1.24414589e-01j  0.06236717-2.33756739e-01j
  -0.06646528+2.49100358e-01j  0.24974878+0.00000000e+00j]]
Hamiltonian equals product state? [[False False False False]
 [False False False False]
 [False False False False]
 [False False False False]]
Hamiltonian: [[ 0. +0.j  0. +0.j  0. +0.j  0. +0.j]
 [ 0. +0.j  0.5+0.j -0.5+0.j  0. +0.j]
 [ 0. +0.j -0.5+0.j  0.5+0.j  0. +0.j]
 [ 0. +0.j  0. +0.j  0. +0.j  0. +0.j]], product state: [[ 0.41085625+0.j          0.12473935+0.45356766j  0.01012904+0.09426127j
  -0.10098513+0.03980052j]
 [ 0.12473935-0.45356766j  0.53859112+0.j          0.10713565+0.01743647j
   0.01327815+0.12356702j]
 [ 0.01012904-0.09426127j  0.10713565-0.01743647j  0.02187574+0.j
   0.00664166+0.02414988j]
 [-0.10098513-0.03980052j  0.01327815-0.12356702j  0.00664166-0.02414988j
   0.02867689+0.j        ]]
Hamiltonian equals product state? [[False False False False]
 [False False False False]
 [False False False False]
 [False False False False]]
Hamiltonian: [[ 0. +0.j  0. +0.j  0. +0.j  0. +0.j]
 [ 0. +0.j  0.5+0.j -0.5+0.j  0. +0.j]
 [ 0. +0.j -0.5+0.j  0.5+0.j  0. +0.j]
 [ 0. +0.j  0. +0.j  0. +0.j  0. +0.j]], product state: [[ 0.04796787+0.00000000e+00j  0.00118258+1.10050966e-02j
  -0.0222781 -2.06750433e-01j  0.04688477-1.02083032e-02j]
 [ 0.00118258-1.10050966e-02j  0.00255401+0.00000000e+00j
  -0.04798324+1.40640494e-05j -0.00118618-1.10082751e-02j]
 [-0.0222781 +2.06750433e-01j -0.04798324-1.40640494e-05j
   0.9014795 +0.00000000e+00j  0.02222462+2.06823193e-01j]
 [ 0.04688477+1.02083032e-02j -0.00118618+1.10082751e-02j
   0.02222462-2.06823193e-01j  0.04799861+0.00000000e+00j]]
Hamiltonian equals product state? [[False False False False]
 [False False False False]
 [False False False False]
 [False False False False]]
Hamiltonian: [[ 0. +0.j  0. +0.j  0. +0.j  0. +0.j]
 [ 0. +0.j  0.5+0.j -0.5+0.j  0. +0.j]
 [ 0. +0.j -0.5+0.j  0.5+0.j  0. +0.j]
 [ 0. +0.j  0. +0.j  0. +0.j  0. +0.j]], product state: [[ 0.27412483+0.j          0.06463856+0.24918909j -0.0684589 -0.2565721j
   0.21709045-0.12273117j]
 [ 0.06463856-0.24918909j  0.24176338+0.j         -0.24937563+0.00173192j
  -0.06037707-0.22628281j]
 [-0.0684589 +0.2565721j  -0.24937563-0.00173192j  0.25723996+0.j
   0.06065711+0.23384015j]
 [ 0.21709045+0.12273117j -0.06037707+0.22628281j  0.06065711-0.23384015j
   0.22687183+0.j        ]]
Hamiltonian equals product state? [[False False False False]
 [False False False False]
 [False False False False]
 [False False False False]]
Hamiltonian: [[ 0. +0.j  0. +0.j  0. +0.j  0. +0.j]
 [ 0. +0.j  0.5+0.j -0.5+0.j  0. +0.j]
 [ 0. +0.j -0.5+0.j  0.5+0.j  0. +0.j]
 [ 0. +0.j  0. +0.j  0. +0.j  0. +0.j]], product state: [[ 0.44494875+0.j          0.01096954+0.10208299j -0.11895184-0.45861366j
   0.1022855 -0.03859712j]
 [ 0.01096954-0.10208299j  0.02369097+0.j         -0.10815066+0.01598427j
  -0.0063335 -0.02441855j]
 [-0.11895184+0.45861366j -0.10815066-0.01598427j  0.50449862+0.j
   0.01243765+0.1157453j ]
 [ 0.1022855 +0.03859712j -0.0063335 +0.02441855j  0.01243765-0.1157453j
   0.02686166+0.j        ]]
Hamiltonian equals product state? [[False False False False]
 [False False False False]
 [False False False False]
 [False False False False]]
Hamiltonian: [[ 0. +0.j  0. +0.j  0. +0.j  0. +0.j]
 [ 0. +0.j  0.5+0.j -0.5+0.j  0. +0.j]
 [ 0. +0.j -0.5+0.j  0.5+0.j  0. +0.j]
 [ 0. +0.j  0. +0.j  0. +0.j  0. +0.j]], product state: [[ 0.02865957+0.j         -0.01331059-0.12352807j -0.00663706-0.02413533j
  -0.10094524+0.03981632j]
 [-0.01331059+0.12352807j  0.53861085+0.j          0.10711024-0.0173976j
  -0.12473293-0.4535849j ]
 [-0.00663706+0.02413533j  0.10711024+0.0173976j   0.02186232+0.j
  -0.01015369-0.09423063j]
 [-0.10094524-0.03981632j -0.12473293+0.4535849j  -0.01015369+0.09423063j
   0.41086726+0.j        ]]
Hamiltonian equals product state? [[False False False False]
 [False False False False]
 [False False False False]
 [False False False False]]
Hamiltonian: [[ 0. +0.j  0. +0.j  0. +0.j  0. +0.j]
 [ 0. +0.j  0.5+0.j -0.5+0.j  0. +0.j]
 [ 0. +0.j -0.5+0.j  0.5+0.j  0. +0.j]
 [ 0. +0.j  0. +0.j  0. +0.j  0. +0.j]], product state: [[ 0.22687284+0.j         -0.0606518 -0.23384038j  0.06037393+0.22628594j
   0.21709519-0.12272298j]
 [-0.0606518 +0.23384038j  0.25723645+0.j         -0.24937572+0.00173319j
   0.0684541 +0.256571j  ]
 [ 0.06037393-0.22628594j -0.24937572-0.00173319j  0.24176688+0.j
  -0.06463354-0.24919183j]
 [ 0.21709519+0.12272298j  0.0684541 -0.256571j   -0.06463354+0.24919183j
   0.27412383+0.j        ]]
Hamiltonian equals product state? [[False False False False]
 [False False False False]
 [False False False False]
 [False False False False]]
Hamiltonian: [[ 0. +0.j  0. +0.j  0. +0.j  0. +0.j]
 [ 0. +0.j  0.5+0.j -0.5+0.j  0. +0.j]
 [ 0. +0.j -0.5+0.j  0.5+0.j  0. +0.j]
 [ 0. +0.j  0. +0.j  0. +0.j  0. +0.j]], product state: [[ 0.22324133+0.j          0.06777791+0.24644884j -0.05575145-0.20894676j
   0.21374166-0.12498517j]
 [ 0.06777791-0.24644884j  0.29264688+0.j         -0.24759485-0.00189076j
  -0.07308453-0.27390814j]
 [-0.05575145+0.20894676j -0.24759485+0.00189076j  0.20949066+0.j
   0.06360309+0.23126869j]
 [ 0.21374166+0.12498517j -0.07308453+0.27390814j  0.06360309-0.23126869j
   0.27462113+0.j        ]]
Energy of rounded cut: 5.0857730886736645
Check the cut: [-1, 1, -1, 1, -1, 1, -1, 1]
10 in cut out of a total of 12 edges
Warm-start: SDP solve + rounding finished in 0.05 seconds
Warm-start: statevector build finished in 0.00 seconds
warm_start_correlations: None
Edges: [(2, 7), (0, 1), (1, 6), (4, 7), (0, 3), (5, 6), (4, 5), (3, 7), (2, 5), (1, 4), (0, 2), (3, 6)], weights: [1.0, 1.0, 1.0, 1.0, 1.0, 1.0, 1.0, 1.0, 1.0, 1.0, 1.0, 1.0], set of nodes: {0, 1, 2, 3, 4, 5, 6, 7}, n: 8 nodes, p: 1 layers, N_bayes: 50 iterations
Initial state injected as warm start
Initial state energy for vector-normalised SDP solution used as warm start: 3.0548991883416896
Running ADAM optimization with a single iteration (no debug loop)
ADAM optimizer configured with maxiter=50 and learning_rate=0.05
Generated 4 random initial parameter sets for ADAM optimization
Using random initial parameters with:
Param_type 1:  [0.50490871]
Param_type 2:  [0.11710027]
Param_type 3:  [-1.77630277]
Param_type 4:  [-2.93111661]
Energies observed during ADAM optimization: [3.1811939849592825, 3.1811939848828112, 3.18119398500383, 3.1811939849592807, 3.181193984967357, 3.252981488134308, 3.2529814880471273, 3.2529814881928916, 3.252981488134304, 3.252981488143178, 3.331231949661232, 3.3312319495780356, 3.3312319497282985, 3.331231949661233, 3.3312319496639957, 3.4004556795679153, 3.4004556795087515, 3.400455679634569, 3.4004556795679166, 3.4004556795594523, 3.4487667814558853, 3.448766781444295, 3.4487667815128424, 3.448766781455886, 3.448766781449553, 3.466740512420931, 3.466740512465536, 3.4667405124627946, 3.466740512420935, 3.4667405124225588, 3.4647672053372895, 3.46476720542413, 3.4647672053639758, 3.464767205337286, 3.4647672053407113, 3.464855286517101, 3.464855286622982, 3.4648552865317157, 3.464855286517105, 3.464855286515171, 3.474267886426806, 3.4742678865334424, 3.474267886432731, 3.474267886426809, 3.4742678864193817, 3.490951097400911, 3.490951097496223, 3.4909510974012505, 3.4909510974009095, 3.4909510973939297, 3.509249163037811, 3.5092491631132696, 3.5092491630349154, 3.5092491630378135, 3.509249163036739, 3.5234499836024713, 3.5234499836520667, 3.523449983597814, 3.523449983602472, 3.5234499836079256, 3.5309970225543776, 3.530997022574722, 3.5309970225487812, 3.5309970225543768, 3.5309970225602663, 3.531155754709424, 3.5311557547007766, 3.5311557547035615, 3.531155754709423, 3.531155754710009, 3.5251749871595046, 3.525174987126344, 3.5251749871538918, 3.5251749871595064, 3.525174987155039, 3.5170859287203626, 3.517085928670184, 3.517085928714972, 3.5170859287203617, 3.5170859287161433, 3.5103495441121653, 3.5103495440530366, 3.510349544106389, 3.5103495441121613, 3.5103495441126125, 3.5065936025597955, 3.5065936024986657, 3.506593602552833, 3.506593602559797, 3.5065936025647404, 3.506475143356764, 3.5064751432989825, 3.5064751433479007, 3.5064751433567656, 3.5064751433619046, 3.509103378822794, 3.509103378772761, 3.5091033788114623, 3.5091033788227994, 3.50910337882412, 3.5126857978723036, 3.5126857978337647, 3.5126857978581563, 3.5126857978723045, 3.512685797869276, 3.5160705601920004, 3.5160705601677362, 3.5160705601750935, 3.5160705601920004, 3.5160705601879316, 3.5185340582661677, 3.518534058257307, 3.518534058246999, 3.5185340582661695, 3.5185340582649713, 3.519657147615869, 3.5196571476216265, 3.5196571475952885, 3.5196571476158693, 3.519657147618528, 3.5200560754940273, 3.5200560755117603, 3.520056075472934, 3.5200560754940318, 3.5200560754978483, 3.5206830674023415, 3.5206830674282132, 3.520683067381602, 3.5206830674023437, 3.5206830674038128, 3.522006121857769, 3.5220061218874807, 3.5220061218383694, 3.522006121857768, 3.522006121855779, 3.524280213355959, 3.524280213385395, 3.524280213338996, 3.524280213355964, 3.5242802133526605, 3.527281444034016, 3.527281444059611, 3.527281444020503, 3.5272814440340183, 3.5272814440325124, 3.5301513068185013, 3.530151306837357, 3.5301513068091075, 3.5301513068185013, 3.5301513068198953, 3.53218054594746, 3.5321805459574422, 3.532180545942399, 3.532180545947456, 3.5321805459499056, 3.533019469006526, 3.533019469006651, 3.5330194690056858, 3.533019469006525, 3.533019469007308, 3.532611326700407, 3.5326113266913732, 3.532611326703431, 3.5326113267004073, 3.5326113266987798, 3.5314748941744014, 3.531474894158575, 3.531474894180754, 3.531474894174402, 3.5314748941722423, 3.5302888009256517, 3.53028880090636, 3.530288800934599, 3.530288800925648, 3.5302888009253444, 3.529456634566327, 3.5294566345467673, 3.529456634577012, 3.5294566345663285, 3.529456634568269, 3.529228562130533, 3.529228562113185, 3.529228562142038, 3.529228562130533, 3.529228562132811, 3.5295198185486836, 3.529519818535515, 3.5295198185601535, 3.5295198185486836, 3.5295198185491725, 3.529967524243954, 3.529967524236646, 3.529967524254697, 3.529967524243953, 3.5299675242424726, 3.530340847317548, 3.53034084731731, 3.530340847327089, 3.5303408473175484, 3.530340847315885, 3.5305163886009785, 3.5305163886079067, 3.53051638860907, 3.5305163886009763, 3.530516388600844, 3.5305188534118255, 3.530518853424629, 3.5305188534183647, 3.5305188534118246, 3.5305188534130174, 3.530587927631903, 3.5305879276481944, 3.5305879276368914, 3.5305879276318977, 3.530587927632723, 3.5308764508590835, 3.5308764508762005, 3.5308764508626767, 3.5308764508590795, 3.530876450858331, 3.5313991570438814, 3.5313991570595253, 3.5313991570463785, 3.5313991570438845, 3.5313991570422205, 3.532069280917639, 3.532069280930063, 3.532069280919401, 3.5320692809176415, 3.532069280916777, 3.5326497851958747, 3.5326497852037626, 3.5326497851971763, 3.5326497851958782, 3.5326497851965346, 3.5329747371971747, 3.5329747371996754, 3.5329747371981055, 3.532974737197176, 3.532974737198328, 3.5330099773439376, 3.533009977340989, 3.533009977344506, 3.5330099773439394, 3.5330099773441304, 3.532810581177042, 3.5328105811695942, 3.532810581177199, 3.5328105811770443, 3.53281058117618, 3.532555677378232]
Total optimisation time observed during ADAM optimization: 0.791388 seconds
Median time per evaluation during ADAM optimization: 0.012961 seconds
3.532555677378232
QAOA optimisation for n=2 took 1.03 seconds; started at 1777572759.935362 and finished at 1777572760.964521
Finished QAOA for n=8 nodes, m=12 edges at 2026-04-30 20:12:40 on Apple M4. Time taken: 1.03 seconds. Hours: 0.00 hours. Peak RAM: 268.95 MB.
Unknown graph type for approximation ratio calculation; skipping approx ratio computation.
CSV writing for n=2 took 0.00 seconds; started at 1777572760.964525 and finished at 1777572760.965188
results: {2: 3.532555677378232}
durations: {8: 1.0291640758514404}
Results saved to: logs/adam/qaoa_results_adam_20260430_200911.csv
Global end time: 1777572760.965194
Finalisation time: 0.00 seconds; started at 1777572760.96519 and finished at 1777572760.9651961
Sum of all section times: 1.13 seconds
