2026-04-30 21:15:23.261 system_profiler[97529:1267136] hw.cpufamily: 0x6f5129ac
Starting QAOA benchmark with global start time: 1777576523.196747
Benchmark parameters: {'optimiser': 'adam', 'circuit_type': 'hamqaoa', 'parameter_vector': [1, 1, 1], 'iterations_list': [50, 100, 200, 500], 'learning_rate_adam': 0.05, 'depth_list': [1, 2, 5, 10], 'n_start': 0, 'n_end': 30, 'singlet_injection': False, 'start_index_singlet': 0, 'warm_start': True, 'compare_with_010101': False, 'warm_start_correlations': False, 'init_QAOAparams_close_to_zero': False, 'use_correlations_as_initial_params': False, 'time_limit': 10800, 'failed_instance_termination_thrsh': 10, 'graph_generation_type': 'HOG', 'weighted': False, 'easiest_first': True, 'cpu_util_threshold': 90, 'debug': False, 'save_circuit_svg': False, 'rerun_exclude_finished_instances': False, 'optimiser_debug_iterations': 1, 'relative_graph_adjList_path': '/Users/julian_dev/Projects/MasterThesis/QAOA/HOG_graphs/list_27_graphs_adjacency_list.txt'}, Running QAOA with equal superposition
Benchmark run ID: 2266ab58
Processor: Apple M4
Hostname: Mac-mini-som-tillhor-Julian.local
Total RAM (GB): 16.0
Physical cores: 10
Logical cores: 10
Python version: 3.13.1
Initialisation time: 0.08 seconds; started at {'initialisation': 0.0832679271697998} and finished at 1777576523.280025
Loaded HOG graph index 6 with 15 edges.
Instance generation for n=6 took 0.00 seconds; started at 1777576523.2800288 and finished at 1777576523.280322
Running QAOA for n=10 nodes, m=15 edges...; Max iterations: 200
Warm-start: using parameter_vector=[1, 1, 1]
Warm-start: starting SDP solve for n_vertices=10
Starting SDP solve (solver preference: MOSEK, fallback: SCS) for n_vertices=10, matrix_dim=30, edges=15
Finished SDP solve with MOSEK. status=optimal. elapsed_seconds=0.06
Rounding...
n_vertices: 10 for n = 30
Using seed None to generate random matrix for x.
r_0: [-0.63827626  0.21599069 -0.73888527]
Product state qubit 0: [[ 0.13055736+0.j         -0.31913813-0.10799534j]
 [-0.31913813+0.10799534j  0.86944264+0.j        ]]
Diagonal entries of product state 0: [0.13055736 0.86944264]
r_1: [ 0.63827285 -0.21599539  0.73888684]
Product state qubit 1: [[0.86944342+0.j         0.31913643+0.10799769j]
 [0.31913643-0.10799769j 0.13055658+0.j        ]]
Diagonal entries of product state 1: [0.86944342 0.13055658]
r_2: [-0.20967383 -0.74843449  0.62919209]
Product state qubit 2: [[ 0.81459605+0.j         -0.10483691+0.37421725j]
 [-0.10483691-0.37421725j  0.18540395+0.j        ]]
Diagonal entries of product state 2: [0.81459605 0.18540395]
r_3: [ 0.31869942  0.76491644 -0.55976201]
Product state qubit 3: [[0.22011899+0.j         0.15934971-0.38245822j]
 [0.15934971+0.38245822j 0.77988101+0.j        ]]
Diagonal entries of product state 3: [0.22011899 0.77988101]
r_4: [-0.20969039 -0.74842656  0.62919601]
Product state qubit 4: [[ 0.814598  +0.j         -0.10484519+0.37421328j]
 [-0.10484519-0.37421328j  0.185402  +0.j        ]]
Diagonal entries of product state 4: [0.814598 0.185402]
r_5: [ 0.3187122   0.76491056 -0.55976278]
Product state qubit 5: [[0.22011861+0.j         0.1593561 -0.38245528j]
 [0.1593561 +0.38245528j 0.77988139+0.j        ]]
Diagonal entries of product state 5: [0.22011861 0.77988139]
r_6: [-0.63827319  0.21599313 -0.7388872 ]
Product state qubit 6: [[ 0.1305564+0.j         -0.3191366-0.10799656j]
 [-0.3191366+0.10799656j  0.8694436+0.j        ]]
Diagonal entries of product state 6: [0.1305564 0.8694436]
r_7: [-0.6382726   0.2159915  -0.73888819]
Product state qubit 7: [[ 0.13055591+0.j         -0.3191363 -0.10799575j]
 [-0.3191363 +0.10799575j  0.86944409+0.j        ]]
Diagonal entries of product state 7: [0.13055591 0.86944409]
r_8: [ 0.31871473  0.76490598 -0.5597676 ]
Product state qubit 8: [[0.2201162 +0.j         0.15935737-0.38245299j]
 [0.15935737+0.38245299j 0.7798838 +0.j        ]]
Diagonal entries of product state 8: [0.2201162 0.7798838]
r_9: [-0.20967564 -0.7484353   0.62919053]
Product state qubit 9: [[ 0.81459527+0.j         -0.10483782+0.37421765j]
 [-0.10483782-0.37421765j  0.18540473+0.j        ]]
Diagonal entries of product state 9: [0.81459527 0.18540473]
y_scalar: False
[-1, 1, 1, -1, 1, -1, -1, -1, -1, 1]
Hamiltonian equals product state? [[False False False False]
 [False False False False]
 [False False False False]
 [False False False False]]
Hamiltonian: [[ 0. +0.j  0. +0.j  0. +0.j  0. +0.j]
 [ 0. +0.j  0.5+0.j -0.5+0.j  0. +0.j]
 [ 0. +0.j -0.5+0.j  0.5+0.j  0. +0.j]
 [ 0. +0.j  0. +0.j  0. +0.j  0. +0.j]], product state: [[ 0.17930789+0.j         -0.0230768 +0.08237241j  0.12980552-0.31154866j
   0.12641674+0.09972756j]
 [-0.0230768 -0.08237241j  0.0408111 +0.j         -0.15982849-0.01953539j
   0.02954419-0.07090956j]
 [ 0.12980552+0.31154866j -0.15982849+0.01953539j  0.63528738+0.j
  -0.08176102+0.29184524j]
 [ 0.12641674-0.09972756j  0.02954419+0.07090956j -0.08176102-0.29184524j
   0.14459363+0.j        ]]
Hamiltonian equals product state? [[False False False False]
 [False False False False]
 [False False False False]
 [False False False False]]
Hamiltonian: [[ 0. +0.j  0. +0.j  0. +0.j  0. +0.j]
 [ 0. +0.j  0.5+0.j -0.5+0.j  0. +0.j]
 [ 0. +0.j -0.5+0.j  0.5+0.j  0. +0.j]
 [ 0. +0.j  0. +0.j  0. +0.j  0. +0.j]], product state: [[ 0.11351224+0.00000000e+00j  0.04166561+1.40998942e-02j
  -0.27747254-9.38958409e-02j -0.09018535-6.89314299e-02j]
 [ 0.04166561-1.40998942e-02j  0.01704512+0.00000000e+00j
  -0.11351185+9.33603860e-07j -0.04166558-1.40995029e-02j]
 [-0.27747254+9.38958409e-02j -0.11351185-9.33603860e-07j
   0.75593118+0.00000000e+00j  0.27747082+9.38977994e-02j]
 [-0.09018535+6.89314299e-02j -0.04166558+1.40995029e-02j
   0.27747082-9.38977994e-02j  0.11351146+0.00000000e+00j]]
Hamiltonian equals product state? [[False False False False]
 [False False False False]
 [False False False False]
 [False False False False]]
Hamiltonian: [[ 0. +0.j  0. +0.j  0. +0.j  0. +0.j]
 [ 0. +0.j  0.5+0.j -0.5+0.j  0. +0.j]
 [ 0. +0.j -0.5+0.j  0.5+0.j  0. +0.j]
 [ 0. +0.j  0. +0.j  0. +0.j  0. +0.j]], product state: [[ 0.17930806+0.j          0.12980565-0.31154896j -0.0230766 +0.08237232j
   0.12641673+0.09972715j]
 [ 0.12980565+0.31154896j  0.63528799+0.j         -0.1598282 +0.01953567j
  -0.08176032+0.29184492j]
 [-0.0230766 -0.08237232j -0.1598282 -0.01953567j  0.04081093+0.j
   0.02954407-0.07090927j]
 [ 0.12641673-0.09972715j -0.08176032-0.29184492j  0.02954407+0.07090927j
   0.14459302+0.j        ]]
Hamiltonian equals product state? [[False False False False]
 [False False False False]
 [False False False False]
 [False False False False]]
Hamiltonian: [[ 0. +0.j  0. +0.j  0. +0.j  0. +0.j]
 [ 0. +0.j  0.5+0.j -0.5+0.j  0. +0.j]
 [ 0. +0.j -0.5+0.j  0.5+0.j  0. +0.j]
 [ 0. +0.j  0. +0.j  0. +0.j  0. +0.j]], product state: [[ 0.1135114 +0.00000000e+00j -0.27747121-9.38969021e-02j
   0.0416653 +1.40997898e-02j -0.09018473-6.89316539e-02j]
 [-0.27747121+9.38969021e-02j  0.75593202+0.00000000e+00j
  -0.11351149-3.78630998e-07j  0.27747112+9.38979038e-02j]
 [ 0.0416653 -1.40997898e-02j -0.11351149+3.78630998e-07j
   0.017045  +0.00000000e+00j -0.04166538-1.40996623e-02j]
 [-0.09018473+6.89316539e-02j  0.27747112-9.38979038e-02j
  -0.04166538+1.40996623e-02j  0.11351158+0.00000000e+00j]]
Hamiltonian equals product state? [[False False False False]
 [False False False False]
 [False False False False]
 [False False False False]]
Hamiltonian: [[ 0. +0.j  0. +0.j  0. +0.j  0. +0.j]
 [ 0. +0.j  0.5+0.j -0.5+0.j  0. +0.j]
 [ 0. +0.j -0.5+0.j  0.5+0.j  0. +0.j]
 [ 0. +0.j  0. +0.j  0. +0.j  0. +0.j]], product state: [[ 0.02873778+0.j         -0.07024784-0.02377187j  0.02080488-0.0499318j
  -0.09215986+0.10484558j]
 [-0.07024784+0.02377187j  0.19138082+0.j         -0.00955277+0.13926514j
   0.13855122-0.33252348j]
 [ 0.02080488+0.0499318j  -0.00955277-0.13926514j  0.10181812+0.j
  -0.24888846-0.08422388j]
 [-0.09215986-0.10484558j  0.13855122+0.33252348j -0.24888846+0.08422388j
   0.67806327+0.j        ]]
Hamiltonian equals product state? [[False False False False]
 [False False False False]
 [False False False False]
 [False False False False]]
Hamiltonian: [[ 0. +0.j  0. +0.j  0. +0.j  0. +0.j]
 [ 0. +0.j  0.5+0.j -0.5+0.j  0. +0.j]
 [ 0. +0.j -0.5+0.j  0.5+0.j  0. +0.j]
 [ 0. +0.j  0. +0.j  0. +0.j  0. +0.j]], product state: [[ 0.10635022+0.j         -0.0136872 +0.04885632j -0.25996692-0.08797283j
   0.07387147-0.1081044j ]
 [-0.0136872 -0.04885632j  0.02420568+0.j         -0.00695636+0.13074848j
  -0.05916938-0.02002292j]
 [-0.25996692+0.08797283j -0.00695636-0.13074848j  0.70824504+0.j
  -0.09115062+0.32536133j]
 [ 0.07387147+0.1081044j  -0.05916938+0.02002292j -0.09115062-0.32536133j
   0.16119905+0.j        ]]
Hamiltonian equals product state? [[False False False False]
 [False False False False]
 [False False False False]
 [False False False False]]
Hamiltonian: [[ 0. +0.j  0. +0.j  0. +0.j  0. +0.j]
 [ 0. +0.j  0.5+0.j -0.5+0.j  0. +0.j]
 [ 0. +0.j -0.5+0.j  0.5+0.j  0. +0.j]
 [ 0. +0.j  0. +0.j  0. +0.j  0. +0.j]], product state: [[ 0.02873816+0.j          0.02080428-0.04993274j -0.07024836-0.02377183j
  -0.09215828+0.10484797j]
 [ 0.02080428+0.04993274j  0.10181921+0.j         -0.00955086-0.13926603j
  -0.24888976-0.08422352j]
 [-0.07024836+0.02377183j -0.00955086+0.13926603j  0.19138084+0.j
   0.13854543-0.33252548j]
 [-0.09215828-0.10484797j -0.24888976+0.08422352j  0.13854543+0.33252548j
   0.6780618 +0.j        ]]
Hamiltonian equals product state? [[False False False False]
 [False False False False]
 [False False False False]
 [False False False False]]
Hamiltonian: [[ 0. +0.j  0. +0.j  0. +0.j  0. +0.j]
 [ 0. +0.j  0.5+0.j -0.5+0.j  0. +0.j]
 [ 0. +0.j -0.5+0.j  0.5+0.j  0. +0.j]
 [ 0. +0.j  0. +0.j  0. +0.j  0. +0.j]], product state: [[ 0.10635098+0.j         -0.25996803-0.08797379j -0.01368821+0.04885594j
   0.07387369-0.10810223j]
 [-0.25996803+0.08797379j  0.70824702+0.j         -0.00695381-0.13074807j
  -0.09115698+0.32535734j]
 [-0.01368821-0.04885594j -0.00695381+0.13074807j  0.02420542+0.j
  -0.05916856-0.02002278j]
 [ 0.07387369+0.10810223j -0.09115698-0.32535734j -0.05916856+0.02002278j
   0.16119658+0.j        ]]
Hamiltonian equals product state? [[False False False False]
 [False False False False]
 [False False False False]
 [False False False False]]
Hamiltonian: [[ 0. +0.j  0. +0.j  0. +0.j  0. +0.j]
 [ 0. +0.j  0.5+0.j -0.5+0.j  0. +0.j]
 [ 0. +0.j -0.5+0.j  0.5+0.j  0. +0.j]
 [ 0. +0.j  0. +0.j  0. +0.j  0. +0.j]], product state: [[ 0.02873758+0.j          0.02080512-0.04993168j -0.07024714-0.02377179j
  -0.09216038+0.1048447j ]
 [ 0.02080512+0.04993168j  0.10181882+0.j         -0.00955316-0.13926479j
  -0.24888946-0.08422477j]
 [-0.07024714+0.02377179j -0.00955316+0.13926479j  0.19137862+0.j
   0.13855224-0.3325213j ]
 [-0.09216038-0.1048447j  -0.24888946+0.08422477j  0.13855224+0.3325213j
   0.67806498+0.j        ]]
Hamiltonian equals product state? [[False False False False]
 [False False False False]
 [False False False False]
 [False False False False]]
Hamiltonian: [[ 0. +0.j  0. +0.j  0. +0.j  0. +0.j]
 [ 0. +0.j  0.5+0.j -0.5+0.j  0. +0.j]
 [ 0. +0.j -0.5+0.j  0.5+0.j  0. +0.j]
 [ 0. +0.j  0. +0.j  0. +0.j  0. +0.j]], product state: [[ 0.17930579+0.j          0.12981188-0.31154469j -0.0230763 +0.08237128j
   0.12641397+0.09972947j]
 [ 0.12981188+0.31154469j  0.63529026+0.j         -0.15982704+0.01953908j
  -0.08176061+0.29184597j]
 [-0.0230763 -0.08237128j -0.15982704-0.01953908j  0.04081041+0.j
   0.02954549-0.0709083j ]
 [ 0.12641397-0.09972947j -0.08176061-0.29184597j  0.02954549+0.0709083j
   0.14459354+0.j        ]]
Hamiltonian equals product state? [[False False False False]
 [False False False False]
 [False False False False]
 [False False False False]]
Hamiltonian: [[ 0. +0.j  0. +0.j  0. +0.j  0. +0.j]
 [ 0. +0.j  0.5+0.j -0.5+0.j  0. +0.j]
 [ 0. +0.j -0.5+0.j  0.5+0.j  0. +0.j]
 [ 0. +0.j  0. +0.j  0. +0.j  0. +0.j]], product state: [[ 0.17930818+0.j          0.12981116-0.31154731j -0.02307838+0.08237131j
   0.12641212+0.09973177j]
 [ 0.12981116+0.31154731j  0.63528983+0.j         -0.15982757+0.01953457j
  -0.08176682+0.29184198j]
 [-0.02307838-0.08237131j -0.15982757-0.01953457j  0.04081043+0.j
   0.02954494-0.07090797j]
 [ 0.12641212-0.09973177j -0.08176682-0.29184198j  0.02954494+0.07090797j
   0.14459157+0.j        ]]
Hamiltonian equals product state? [[False False False False]
 [False False False False]
 [False False False False]
 [False False False False]]
Hamiltonian: [[ 0. +0.j  0. +0.j  0. +0.j  0. +0.j]
 [ 0. +0.j  0.5+0.j -0.5+0.j  0. +0.j]
 [ 0. +0.j -0.5+0.j  0.5+0.j  0. +0.j]
 [ 0. +0.j  0. +0.j  0. +0.j  0. +0.j]], product state: [[ 0.17930758+0.j         -0.02307675+0.08237227j  0.12981072-0.31154626j
   0.12641497+0.09972964j]
 [-0.02307675-0.08237227j  0.04081103+0.j         -0.15982806-0.01953809j
   0.02954537-0.07090902j]
 [ 0.12981072+0.31154626j -0.15982806+0.01953809j  0.63528769+0.j
  -0.08176106+0.29184538j]
 [ 0.12641497-0.09972964j  0.02954537+0.07090902j -0.08176106-0.29184538j
   0.1445937 +0.j        ]]
Hamiltonian equals product state? [[False False False False]
 [False False False False]
 [False False False False]
 [False False False False]]
Hamiltonian: [[ 0. +0.j  0. +0.j  0. +0.j  0. +0.j]
 [ 0. +0.j  0.5+0.j -0.5+0.j  0. +0.j]
 [ 0. +0.j -0.5+0.j  0.5+0.j  0. +0.j]
 [ 0. +0.j  0. +0.j  0. +0.j  0. +0.j]], product state: [[ 0.17930622+0.j          0.12981219-0.31154544j -0.02307813+0.08237041j
   0.12641113+0.099732j  ]
 [ 0.12981219+0.31154544j  0.63529179+0.j         -0.15982684+0.01953529j
  -0.08176707+0.29184288j]
 [-0.02307813-0.08237041j -0.15982684-0.01953529j  0.04080998+0.j
   0.02954517-0.07090755j]
 [ 0.12641113-0.099732j   -0.08176707-0.29184288j  0.02954517+0.07090755j
   0.14459201+0.j        ]]
Hamiltonian equals product state? [[False False False False]
 [False False False False]
 [False False False False]
 [False False False False]]
Hamiltonian: [[ 0. +0.j  0. +0.j  0. +0.j  0. +0.j]
 [ 0. +0.j  0.5+0.j -0.5+0.j  0. +0.j]
 [ 0. +0.j -0.5+0.j  0.5+0.j  0. +0.j]
 [ 0. +0.j  0. +0.j  0. +0.j  0. +0.j]], product state: [[ 0.10635151+0.j         -0.01368723+0.04885682j -0.25996866-0.08797258j
   0.07387118-0.10810509j]
 [-0.01368723-0.04885682j  0.02420585+0.j         -0.00695626+0.13074889j
  -0.05916947-0.02002276j]
 [-0.25996866+0.08797258j -0.00695626-0.13074889j  0.70824453+0.j
  -0.09114968+0.32536043j]
 [ 0.07387118+0.10810509j -0.05916947+0.02002276j -0.09114968-0.32536043j
   0.1611981 +0.j        ]]
Hamiltonian equals product state? [[False False False False]
 [False False False False]
 [False False False False]
 [False False False False]]
Hamiltonian: [[ 0. +0.j  0. +0.j  0. +0.j  0. +0.j]
 [ 0. +0.j  0.5+0.j -0.5+0.j  0. +0.j]
 [ 0. +0.j -0.5+0.j  0.5+0.j  0. +0.j]
 [ 0. +0.j  0. +0.j  0. +0.j  0. +0.j]], product state: [[ 0.11351097+0.00000000e+00j -0.27747096-9.38961955e-02j
   0.04166515+1.40997367e-02j -0.09018473-6.89313627e-02j]
 [-0.27747096+9.38961955e-02j  0.75593245+0.00000000e+00j
  -0.11351131-6.06133836e-07j  0.27747128+9.38979569e-02j]
 [ 0.04166515-1.40997367e-02j -0.11351131+6.06133836e-07j
   0.01704493+0.00000000e+00j -0.04166534-1.40995562e-02j]
 [-0.09018473+6.89313627e-02j  0.27747128-9.38979569e-02j
  -0.04166534+1.40995562e-02j  0.11351165+0.00000000e+00j]]
Energy of rounded cut: 6.075263827993558
Check the cut: [-1, 1, 1, -1, 1, -1, -1, -1, -1, 1]
12 in cut out of a total of 15 edges
Warm-start: SDP solve + rounding finished in 0.08 seconds
Warm-start: statevector build finished in 0.00 seconds
warm_start_correlations: None
Edges: [(3, 9), (0, 1), (2, 3), (1, 6), (5, 7), (7, 9), (0, 3), (4, 6), (6, 8), (2, 8), (4, 5), (5, 9), (4, 8), (0, 2), (1, 7)], weights: [1.0, 1.0, 1.0, 1.0, 1.0, 1.0, 1.0, 1.0, 1.0, 1.0, 1.0, 1.0, 1.0, 1.0, 1.0], set of nodes: {0, 1, 2, 3, 4, 5, 6, 7, 8, 9}, n: 10 nodes, p: 2 layers, N_bayes: 200 iterations
Initial state injected as warm start
Initial state energy for vector-normalised SDP solution used as warm start: 4.17405545740802
Running ADAM optimization with a single iteration (no debug loop)
ADAM optimizer configured with maxiter=200 and learning_rate=0.05
Generated 4 random initial parameter sets for ADAM optimization
Using random initial parameters with:
Param_type 1:  [-0.12979765  0.26254973]
Param_type 2:  [ 2.6986476  -1.57608962]
Param_type 3:  [0.47537405 1.19588924]
Param_type 4:  [-1.46565828 -0.97029745]
Energies observed during ADAM optimization: [4.712094853226244, 4.712094853067661, 4.712094853101462, 4.712094853286584, 4.712094853421404, 4.712094853226092, 4.712094853226241, 4.712094853117433, 4.7120948533342695, 4.943002438575528, 4.943002438565193, 4.9430024385622335, 4.9430024386292, 4.9430024386467455, 4.943002438571104, 4.943002438575524, 4.943002438596129, 4.943002438556596, 4.916225858658636, 4.9162258587564, 4.916225858742291, 4.916225858709885, 4.916225858639952, 4.916225858641721, 4.916225858658642, 4.916225858780274, 4.91622585853431, 4.944592267736694, 4.944592267798352, 4.944592267825155, 4.944592267747996, 4.944592267704389, 4.944592267708059, 4.9445922677366925, 4.944592267839581, 4.944592267628836, 4.986726336151918, 4.986726336127893, 4.986726336193624, 4.986726336108981, 4.9867263361352006, 4.986726336117245, 4.9867263361519205, 4.9867263361927705, 4.986726336107982, 4.994717411485502, 4.994717411385271, 4.994717411472344, 4.9947174114118305, 4.994717411478154, 4.994717411453234, 4.994717411485499, 4.994717411467775, 4.994717411503319, 5.004664437266489, 5.004664437133266, 5.004664437225005, 5.004664437193857, 5.004664437260521, 5.004664437239467, 5.004664437266482, 5.004664437215403, 5.004664437319825, 5.039208301146589, 5.039208301025888, 5.039208301110272, 5.039208301097171, 5.039208301142749, 5.039208301123501, 5.039208301146591, 5.039208301091073, 5.039208301205287, 5.080793129002837, 5.080793128930556, 5.080793128998251, 5.080793128990904, 5.0807931290026875, 5.0807931289830774, 5.080793129002841, 5.08079312896907, 5.080793129039101, 5.100396476129868, 5.1003964761220955, 5.100396476166123, 5.100396476158921, 5.100396476134177, 5.100396476114908, 5.1003964761298635, 5.100396476133001, 5.100396476127203, 5.097026049793024, 5.097026049836336, 5.097026049855717, 5.097026049852455, 5.0970260498039694, 5.097026049785614, 5.097026049793022, 5.097026049827213, 5.09702604975771, 5.095661059868606, 5.095661059928791, 5.095661059929611, 5.095661059939968, 5.095661059887684, 5.095661059871363, 5.095661059868603, 5.095661059910712, 5.095661059825966, 5.104996368583773, 5.104996368625882, 5.104996368616099, 5.104996368649962, 5.104996368608413, 5.104996368598446, 5.104996368583781, 5.104996368609281, 5.104996368560511, 5.1122090322415215, 5.112209032243998, 5.112209032230122, 5.11220903229153, 5.112209032265663, 5.112209032267879, 5.11220903224153, 5.112209032237338, 5.112209032251514, 5.112030022618158, 5.112030022581952, 5.112030022569255, 5.112030022649325, 5.112030022636532, 5.112030022652738, 5.112030022618159, 5.112030022588318, 5.112030022656397, 5.116378526804717, 5.116378526751997, 5.116378526745048, 5.116378526820899, 5.116378526816237, 5.116378526841463, 5.116378526804719, 5.116378526766441, 5.116378526851702, 5.130172255646608, 5.130172255606281, 5.13017225560853, 5.130172255652847, 5.130172255652161, 5.130172255679229, 5.1301722556466105, 5.130172255618974, 5.130172255680389, 5.14128012672277, 5.141280126714689, 5.1412801267275405, 5.141280126721795, 5.141280126721763, 5.141280126746641, 5.141280126722777, 5.14128012671721, 5.141280126729097, 5.140369758782005, 5.1403697588064645, 5.1403697588286015, 5.140369758773308, 5.1403697587727315, 5.140369758795123, 5.140369758782003, 5.140369758797394, 5.14036975876083, 5.134597324381459, 5.134597324420194, 5.134597324447739, 5.1345973243619625, 5.13459732436379, 5.134597324384093, 5.134597324381458, 5.134597324405823, 5.134597324346585, 5.133264432851668, 5.133264432880729, 5.133264432909155, 5.133264432818628, 5.133264432827485, 5.133264432845505, 5.13326443285167, 5.133264432870454, 5.133264432821299, 5.1350211249635915, 5.135021124966071, 5.1350211249918045, 5.135021124917897, 5.135021124935679, 5.135021124951469, 5.135021124963589, 5.135021124967264, 5.1350211249504545, 5.1359920094864995, 5.135992009459715, 5.135992009480582, 5.135992009434123, 5.135992009458131, 5.135992009472066, 5.135992009486498, 5.135992009474115, 5.135992009492914, 5.138418797113993, 5.138418797070568, 5.138418797085612, 5.138418797064675, 5.138418797089298, 5.1384187971006465, 5.138418797113991, 5.138418797093082, 5.138418797131936, 5.145375394004967, 5.145375393965127, 5.145375393974366, 5.145375393969058, 5.145375393988347, 5.145375393994817, 5.145375394004965, 5.1453753939875835, 5.145375394021028, 5.152628641675216, 5.152628641654953, 5.152628641659072, 5.152628641660377, 5.152628641669559, 5.152628641669243, 5.15262864167522, 5.152628641671735, 5.152628641677741, 5.1537866771121275, 5.153786677115264, 5.153786677115338, 5.153786677120499, 5.15378667711758, 5.153786677110561, 5.153786677112136, 5.153786677125882, 5.153786677097283, 5.149841477044669, 5.149841477062858, 5.149841477059854, 5.149841477071923, 5.149841477059136, 5.149841477047134, 5.149841477044675, 5.149841477070067, 5.14984147701868, 5.146930484930644, 5.146930484949932, 5.146930484944418, 5.1469304849679975, 5.1469304849509205, 5.14693048493615, 5.14693048493065, 5.146930484956421, 5.146930484905984, 5.147400197690582, 5.147400197699138, 5.14740019769187, 5.147400197728668, 5.147400197712886, 5.147400197697692, 5.147400197690583, 5.147400197705959, 5.147400197678901, 5.148982077184088, 5.148982077177271, 5.148982077169944, 5.1489820772159405, 5.148982077204571, 5.148982077191085, 5.148982077184084, 5.148982077183979, 5.1489820771903245, 5.150405150511803, 5.150405150493825, 5.150405150488961, 5.150405150533997, 5.150405150527256, 5.150405150516831, 5.1504051505118, 5.150405150498641, 5.150405150532189, 5.15251677937421, 5.152516779355403, 5.152516779355474, 5.152516779386184, 5.152516779382685, 5.1525167793756745, 5.152516779374208, 5.152516779355753, 5.152516779398957, 5.154638233583177, 5.154638233574005, 5.154638233580354, 5.154638233585821, 5.154638233583942, 5.154638233580345, 5.154638233583181, 5.1546382335678045, 5.154638233601908, 5.154672726594932, 5.154672726600242, 5.1546727266122465, 5.154672726589624, 5.154672726588471, 5.154672726588352, 5.1546727265949315, 5.154672726587464, 5.154672726601789, 5.1530190679537995, 5.153019067970313, 5.153019067985456, 5.153019067942197, 5.153019067941924, 5.153019067945114, 5.153019067953806, 5.153019067953718, 5.153019067949865, 5.1525018415513975, 5.1525018415698876, 5.152501841584496, 5.152501841535486, 5.152501841536991, 5.152501841542773, 5.152501841551396, 5.152501841554232, 5.152501841543034, 5.154042747902494, 5.154042747913024, 5.154042747923752, 5.154042747884811, 5.1540427478886714, 5.154042747896122, 5.154042747902494, 5.15404274790319, 5.154042747896982, 5.155637888456375, 5.155637888453424, 5.1556378884584, 5.155637888439885, 5.155637888445548, 5.155637888453953, 5.155637888456377, 5.155637888452502, 5.155637888457496, 5.155862760170924, 5.155862760156364, 5.15586276015576, 5.155862760158722, 5.155862760164531, 5.155862760173113, 5.1558627601709235, 5.155862760164288, 5.155862760176896, 5.155571947782971, 5.155571947764767, 5.155571947760519, 5.155571947777488, 5.155571947781638, 5.155571947789229, 5.155571947782975, 5.155571947778596, 5.155571947787845, 5.155548509386297, 5.1555485093732125, 5.155548509368084, 5.155548509388366, 5.155548509389663, 5.155548509395073, 5.155548509386289, 5.155548509389029, 5.155548509384081, 5.1554375937531125, 5.155437593749353, 5.155437593745835, 5.1554375937613335, 5.155437593759848, 5.1554375937625725, 5.155437593753109, 5.155437593764222, 5.155437593741845, 5.155464078272614, 5.155464078276205, 5.15546407827551, 5.155464078283525, 5.155464078280681, 5.155464078281097, 5.15546407827262, 5.155464078288645, 5.155464078255888, 5.156404930974028, 5.156404930979117, 5.156404930981066, 5.156404930983455, 5.156404930981423, 5.156404930980197, 5.156404930974035, 5.156404930988521, 5.156404930958968, 5.157776341056833, 5.157776341057709, 5.157776341061514, 5.157776341061572, 5.157776341061942, 5.1577763410598365, 5.157776341056829, 5.157776341063915, 5.157776341049974, 5.158249236962241, 5.158249236956676, 5.158249236961795, 5.158249236961197, 5.158249236964048, 5.158249236961776, 5.158249236962235, 5.158249236959638, 5.158249236965968, 5.157719816121927, 5.157719816112193, 5.1577198161187345, 5.157719816116202, 5.157719816120287, 5.157719816118363, 5.15771981612193, 5.157719816111896, 5.157719816133462, 5.1572911053152435, 5.157291105306252, 5.157291105314598, 5.157291105307415, 5.157291105310863, 5.15729110530953, 5.15729110531525, 5.157291105302939, 5.157291105328579, 5.1574979768291405, 5.157497976825029, 5.15749797683535, 5.157497976822151, 5.157497976823333, 5.15749797682268, 5.1574979768291485, 5.157497976819797, 5.157497976838423, 5.1579794167576765, 5.157979416759194, 5.157979416770848, 5.157979416753882, 5.157979416751968, 5.157979416751954, 5.157979416757672, 5.1579794167539905, 5.157979416760191, 5.158504253332506, 5.158504253336672, 5.158504253348236, 5.158504253333043, 5.158504253328314, 5.158504253328729, 5.158504253332512, 5.158504253333812, 5.158504253329511, 5.15909150480099, 5.1590915048031185, 5.159091504812924, 5.159091504805584, 5.159091504799282, 5.159091504799832, 5.159091504800989, 5.159091504804406, 5.159091504796322, 5.159497139571256, 5.159497139567782, 5.1594971395747615, 5.159497139578455, 5.159497139572289, 5.159497139572734, 5.159497139571258, 5.159497139573787, 5.159497139568557, 5.1595527731391275, 5.159552773129657, 5.159552773134084, 5.159552773146824, 5.159552773142342, 5.159552773142615, 5.159552773139132, 5.159552773139572, 5.159552773139632, 5.1596469078530225, 5.159646907840558, 5.159646907843813, 5.15964690785913, 5.159646907857371, 5.159646907857525, 5.159646907853025, 5.159646907852432, 5.159646907855137, 5.160129336621039, 5.160129336610043, 5.160129336613875, 5.16012933662387, 5.160129336625279, 5.1601293366254835, 5.160129336621038, 5.160129336621484, 5.160129336621887, 5.160717924776179, 5.1607179247697585, 5.160717924775425, 5.160717924774774, 5.160717924779041, 5.160717924779693, 5.160717924776176, 5.160717924778908, 5.160717924773842, 5.161072147123124, 5.161072147121296, 5.161072147129018, 5.161072147117548, 5.161072147123682, 5.161072147125293, 5.161072147123122, 5.1610721471275145, 5.161072147118071, 5.161367122788394, 5.161367122788448, 5.161367122797431, 5.161367122779823, 5.161367122786389, 5.161367122789316, 5.161367122788392, 5.161367122792274, 5.161367122783094, 5.161864816602, 5.161864816600349, 5.16186481660957, 5.161864816592524, 5.161864816597832, 5.161864816602083, 5.161864816602004, 5.161864816603147, 5.1618648165992465, 5.1624999963970035, 5.162499996391483, 5.162499996400294, 5.1624999963889415, 5.162499996391589, 5.162499996396882, 5.162499996397005, 5.162499996394684, 5.162499996397968, 5.16317532207673, 5.163175322067704, 5.163175322076265, 5.163175322071937, 5.16317532207128, 5.163175322077014, 5.163175322076722, 5.163175322072266, 5.163175322080241, 5.16394056256023, 5.163940562549808, 5.163940562559008, 5.163940562559465, 5.16394056255585, 5.163940562561318, 5.163940562560235, 5.163940562556185, 5.16394056256361, 5.1647620205126366, 5.164762020503075, 5.164762020513846, 5.164762020515343, 5.164762020510111, 5.16476202051457, 5.164762020512633, 5.164762020511208, 5.164762020513502, 5.165553442078211, 5.165553442070417, 5.165553442083228, 5.165553442082829, 5.165553442077778, 5.16555344208081, 5.16555344207821, 5.165553442079941, 5.1655534420760185, 5.166414524824564, 5.16641452481783, 5.166414524832332, 5.166414524829108, 5.166414524825911, 5.166414524827383, 5.166414524824563, 5.166414524828124, 5.166414524820809, 5.1674913788031045, 5.167491378795983, 5.167491378811244, 5.167491378805859, 5.167491378805447, 5.167491378805708, 5.167491378803109, 5.167491378806181, 5.167491378800235, 5.1687216731685055, 5.168721673159948, 5.168721673175004, 5.168721673168536, 5.168721673170832, 5.16872167317056, 5.168721673168507, 5.168721673169306, 5.168721673168314, 5.169965966917807, 5.16996596690788, 5.169965966922058, 5.169965966915103, 5.169965966919114, 5.1699659669192215, 5.169965966917805, 5.169965966915915, 5.169965966920428, 5.171230209843226, 5.1712302098329745, 5.171230209846183, 5.171230209838553, 5.171230209842818, 5.17123020984421, 5.171230209843229, 5.171230209839743, 5.171230209847181, 5.172579231774853, 5.1725792317655515, 5.172579231777866, 5.172579231769402, 5.172579231772546, 5.172579231775791, 5.172579231774854, 5.1725792317714685, 5.172579231778062, 5.173970608737614, 5.173970608729964, 5.173970608741437, 5.173970608732689, 5.1739706087338035, 5.173970608738947, 5.173970608737612, 5.173970608735717, 5.173970608738627, 5.175300562988837, 5.175300562982763, 5.175300562993147, 5.175300562985445, 5.175300562984387, 5.1753005629908575, 5.17530056298884, 5.175300562988776, 5.175300562987497, 5.1765030182231255, 5.1765030182180265, 5.176503018226758, 5.1765030182218155, 5.176503018219041, 5.17650301822584, 5.176503018223118, 5.1765030182242695, 5.176503018220525, 5.177527249151715, 5.177527249147139, 5.177527249153631, 5.1775272491523845, 5.177527249148924, 5.177527249154879, 5.177527249151717, 5.1775272491530036, 5.17752724914936, 5.178302970326811, 5.178302970322978, 5.178302970326723, 5.178302970328679, 5.1783029703258725, 5.178302970330014, 5.178302970326809, 5.1783029703274, 5.178302970325854, 5.17877308561432, 5.17877308561198, 5.178773085612835, 5.17877308561629, 5.178773085615232, 5.178773085617076, 5.1787730856143215, 5.178773085613928, 5.178773085615036, 5.1789232249777815, 5.178923224977871, 5.178923224975934, 5.178923224978874, 5.178923224980077, 5.1789232249796555, 5.178923224977787, 5.178923224976691, 5.178923224979708, 5.178780006723577, 5.178780006726691, 5.178780006722139, 5.178780006723344, 5.1787800067265, 5.178780006724334, 5.17878000672357, 5.178780006722316, 5.178780006725853, 5.178417522811701, 5.178417522817668, 5.178417522810844, 5.178417522810525, 5.178417522814416, 5.178417522811276, 5.1784175228117, 5.178417522810749, 5.178417522813567, 5.17795082167396, 5.1779508216819385, 5.177950821673149, 5.1779508216728285, 5.177950821675799, 5.17795082167243, 5.177950821673962, 5.177950821673526, 5.177950821674973, 5.177494848408798, 5.177494848417604, 5.177494848407257, 5.1774948484088155, 5.17749484840949, 5.177494848406335, 5.177494848408807, 5.177494848408883, 5.177494848408909, 5.177135485500977, 5.177135485509508, 5.1771354854981615, 5.177135485502772, 5.1771354855006875, 5.1771354854978275, 5.177135485500982, 5.177135485501452, 5.177135485500339, 5.176939480930304, 5.176939480937891, 5.176939480926193, 5.176939480933653, 5.176939480929597, 5.176939480926732, 5.176939480930311, 5.17693948093114, 5.176939480929157, 5.176955237415328, 5.17695523742181, 5.1769552374104855, 5.1769552374192624, 5.1769552374148775, 5.176955237411565, 5.1769552374153225, 5.176955237416479, 5.176955237413881, 5.177178147833669, 5.177178147839214, 5.177178147828899, 5.177178147836925, 5.177178147834052, 5.177178147829947, 5.177178147833663, 5.177178147835086, 5.17717814783215, 5.1775377694182625, 5.177537769423147, 5.177537769414223, 5.177537769419945, 5.177537769419638, 5.17753776941482, 5.177537769418269, 5.177537769419786, 5.177537769416914, 5.177942668219199, 5.177942668223552, 5.177942668216088, 5.177942668219086, 5.177942668221345, 5.177942668216239, 5.1779426682191945, 5.177942668220523, 5.177942668218293, 5.178326498400543, 5.178326498404327, 5.178326498398264, 5.178326498399249, 5.1783264984029, 5.1783264983983255, 5.178326498400541, 5.178326498401342, 5.178326498400317, 5.178645929525597, 5.178645929528667, 5.178645929523832, 5.178645929524061, 5.1786459295275264, 5.17864592952429, 5.1786459295256035, 5.178645929525724, 5.178645929526023, 5.178866891526491, 5.1788668915287435, 5.178866891525044, 5.1788668915255744, 5.178866891527499, 5.178866891526165, 5.178866891526489, 5.178866891526044, 5.178866891527297, 5.178972524923218, 5.178972524924686, 5.178972524922175, 5.178972524923308, 5.178972524923129, 5.178972524923826, 5.178972524923226, 5.1789725249225365, 5.17897252492398, 5.178978354898268, 5.178978354899042, 5.178978354897927, 5.1789783548991855, 5.178978354897259, 5.178978354899617, 5.178978354898265, 5.1789783548977075, 5.178978354898611, 5.178924548165546, 5.178924548165735, 5.178924548166091, 5.178924548166769, 5.178924548164095, 5.178924548167304, 5.178924548165542, 5.178924548165331, 5.178924548165367, 5.1788499363494545, 5.178849936348986, 5.17884993635081, 5.17884993635036, 5.178849936348076, 5.178849936351261, 5.178849936349455, 5.178849936349498, 5.178849936348987, 5.178773106120677, 5.178773106119396, 5.178773106122513, 5.178773106120852, 5.178773106119782, 5.17877310612222, 5.178773106120669, 5.178773106120715, 5.178773106120363, 5.178696318579924, 5.178696318577646, 5.178696318581778, 5.178696318579279, 5.178696318579678, 5.178696318581017, 5.178696318579921, 5.178696318579713, 5.178696318580108, 5.178625484486988, 5.178625484483766, 5.178625484488577, 5.178625484485751, 5.178625484487255, 5.178625484487597, 5.178625484486988, 5.178625484486459, 5.178625484487666, 5.178578933184451, 5.178578933180504, 5.178578933185773, 5.17857893318301, 5.178578933184916, 5.178578933184661, 5.178578933184459, 5.178578933183838, 5.178578933185289, 5.1785724819012815, 5.178572481897068, 5.178572481902554, 5.178572481900035, 5.1785724819015675, 5.178572481901309, 5.17857248190128, 5.178572481900903, 5.178572481901797, 5.178604062123133, 5.178604062119122, 5.178604062124556, 5.1786040621223695, 5.178604062122996, 5.178604062123168, 5.17860406212313, 5.178604062123193, 5.17860406212302, 5.178661272721227, 5.178661272717712, 5.178661272722809, 5.178661272720991, 5.178661272720585, 5.17866127272139, 5.178661272721225, 5.1786612727216506, 5.178661272720545, 5.1787345333594885, 5.1787345333566055, 5.178734533361038, 5.178734533359675, 5.17873453335848, 5.1787345333599, 5.178734533359493, 5.178734533359958, 5.178734533358627, 5.178814690805943, 5.178814690803731, 5.1788146908072346, 5.178814690806288, 5.1788146908048605, 5.178814690806556, 5.178814690805939, 5.178814690806151, 5.178814690805397, 5.178888317400152, 5.178888317398606, 5.178888317401073, 5.178888317400358, 5.178888317399306, 5.178888317400916, 5.178888317400154, 5.178888317399869, 5.178888317400216, 5.178944402415187, 5.178944402414332, 5.178944402415822, 5.17894440241503, 5.178944402414803, 5.178944402415997, 5.17894440241519, 5.178944402414539, 5.178944402415806, 5.178980888949954, 5.178980888949801, 5.178980888950427, 5.178980888949469, 5.17898088895009, 5.178980888950726, 5.178980888949952, 5.178980888949242, 5.178980888950836, 5.179001239573905, 5.179001239574329, 5.179001239574224, 5.179001239573294, 5.17900123957439, 5.17900123957455, 5.1790012395739025, 5.179001239573395, 5.179001239574626, 5.179007541234883, 5.179007541235675, 5.179007541234997, 5.179007541234458, 5.179007541235488, 5.179007541235322, 5.179007541234878, 5.179007541234756, 5.179007541235207, 5.17899961300068, 5.178999613001608, 5.17899961300043, 5.17899961300067, 5.178999613001127, 5.178999613000842, 5.178999613000687, 5.17899961300089, 5.17899961300056, 5.178979336599115, 5.1789793366000305, 5.178979336598419, 5.178979336599513, 5.178979336599272, 5.178979336598964, 5.178979336599111, 5.178979336599521, 5.178979336598709, 5.17895373536119, 5.178953735362075, 5.178953735360125, 5.178953735361821, 5.178953735361072, 5.178953735360715, 5.178953735361197, 5.178953735361605, 5.178953735360677, 5.178932020494316, 5.17893202049525, 5.178932020493099, 5.17893202049488, 5.178932020494058, 5.178932020493552, 5.178932020494321, 5.178932020494645, 5.178932020493868, 5.178920117828485, 5.178920117829587, 5.178920117827375, 5.178920117828736, 5.178920117828313, 5.178920117827535, 5.178920117828492, 5.178920117828693, 5.178920117828197, 5.178919128816272, 5.178919128817579, 5.17891912881539, 5.178919128816171, 5.178919128816363, 5.1789191288152745, 5.178919128816273, 5.178919128816399, 5.1789191288161405, 5.178927971668408, 5.178927971669853, 5.1789279716678145, 5.178927971668167, 5.1789279716687835, 5.178927971667532, 5.178927971668403, 5.178927971668493, 5.178927971668435, 5.178943976885471, 5.178943976886903, 5.178943976885039, 5.1789439768854075, 5.178943976886056, 5.1789439768848355, 5.178943976885468, 5.178943976885511, 5.17894397688559, 5.1789629928505905, 5.178962992851893, 5.178962992850202, 5.178962992850881, 5.178962992851186, 5.178962992850218, 5.1789629928505905, 5.1789629928505985, 5.178962992850748, 5.178981243203302, 5.178981243204389, 5.178981243202945, 5.178981243203927, 5.1789812432037206, 5.178981243203203, 5.17898124320331, 5.1789812432032925, 5.178981243203432, 5.178996707202429, 5.17899670720332, 5.17899670720215, 5.178996707203152, 5.178996707202585, 5.178996707202493, 5.178996707202426, 5.178996707202416, 5.178996707202486, 5.179008291309027, 5.179008291309701, 5.179008291308888, 5.179008291309532, 5.179008291308912, 5.179008291309179, 5.179008291309028, 5.1790082913090245, 5.179008291308995, 5.179014561686807, 5.179014561687204, 5.179014561686822, 5.179014561686907, 5.1790145616865395, 5.179014561686944, 5.179014561686803, 5.179014561686787, 5.179014561686743, 5.179015029587706, 5.179015029587786, 5.179015029587802, 5.179015029587411, 5.179015029587429, 5.179015029587794, 5.179015029587708, 5.179015029587668, 5.179015029587671, 5.179011083001794, 5.179011083001481, 5.179011083001886, 5.179011083001282, 5.179011083001621, 5.1790110830018525, 5.179011083001796, 5.179011083001724, 5.179011083001831, 5.179005054389361, 5.179005054388664, 5.179005054389385, 5.1790050543888775, 5.17900505438935, 5.1790050543894095, 5.1790050543893615, 5.179005054389303, 5.179005054389436, 5.178999111624707, 5.1789991116237415, 5.178999111624718, 5.178999111624398, 5.178999111624767, 5.178999111624785, 5.178999111624708, 5.178999111624701, 5.178999111624718, 5.17899478482426, 5.178994784823224, 5.178994784824394, 5.178994784824172, 5.17899478482435, 5.178994784824411, 5.178994784824268, 5.178994784824373, 5.178994784824151, 5.178992805887212, 5.178992805886249, 5.178992805887527, 5.178992805887237, 5.178992805887201, 5.178992805887423, 5.178992805887216, 5.178992805887367, 5.178992805887018, 5.178993245910466, 5.1789932459097, 5.178993245910954, 5.178993245910515, 5.178993245910349, 5.178993245910731, 5.178993245910473, 5.1789932459105605, 5.178993245910304, 5.1789955641760885, 5.178995564175502, 5.178995564176651, 5.178995564176077, 5.178995564175851, 5.178995564176343, 5.17899556417609, 5.178995564176018, 5.178995564176093, 5.178999148629049, 5.178999148628598, 5.178999148629565, 5.178999148628965, 5.178999148628793, 5.178999148629277, 5.178999148629053, 5.178999148628821, 5.178999148629237, 5.179003667853668, 5.179003667853302, 5.179003667854108, 5.179003667853542, 5.179003667853462, 5.179003667853861, 5.179003667853661, 5.179003667853357, 5.179003667853957, 5.179008625083476, 5.179008625083189, 5.179008625083816, 5.17900862508338, 5.179008625083367, 5.179008625083644, 5.179008625083477, 5.1790086250832115, 5.179008625083741, 5.179012829332868, 5.179012829332656, 5.179012829333091, 5.179012829332845, 5.17901282933291, 5.1790128293329944, 5.179012829332868, 5.179012829332784, 5.17901282933298, 5.179015236720464, 5.17901523672029, 5.179015236720593, 5.179015236720508, 5.179015236720578, 5.179015236720541, 5.179015236720462, 5.179015236720552, 5.179015236720392, 5.179015943317529, 5.179015943317417, 5.179015943317511, 5.179015943317615, 5.179015943317665, 5.179015943317542, 5.179015943317538, 5.1790159433177125, 5.179015943317358, 5.17901549517074, 5.179015495170694, 5.179015495170558, 5.179015495170801, 5.179015495170807, 5.179015495170679, 5.1790154951707414, 5.179015495170898, 5.179015495170564, 5.179014260149451, 5.179014260149534, 5.179014260149185, 5.179014260149439, 5.179014260149419, 5.179014260149327, 5.1790142601494535, 5.179014260149525, 5.179014260149363, 5.179012650471601, 5.179012650471828, 5.179012650471284, 5.179012650471493, 5.179012650471535, 5.1790126504714395, 5.179012650471603, 5.179012650471588, 5.179012650471602, 5.179011302341252, 5.179011302341612, 5.179011302340998, 5.179011302341133, 5.179011302341192, 5.179011302341117, 5.179011302341245, 5.179011302341211, 5.17901130234129, 5.179010510180833, 5.179010510181323, 5.17901051018065, 5.17901051018078, 5.179010510180837, 5.179010510180729, 5.179010510180835, 5.179010510180817, 5.1790105101808575, 5.179010328981297, 5.179010328981795, 5.179010328981163, 5.179010328981379, 5.179010328981383, 5.179010328981217, 5.179010328981291, 5.1790103289813345, 5.179010328981275, 5.179010743182623, 5.1790107431830625, 5.179010743182496, 5.179010743182832, 5.1790107431827686, 5.179010743182578, 5.179010743182633, 5.179010743182679, 5.179010743182609, 5.179011762339213, 5.1790117623395515, 5.179011762339069, 5.179011762339453, 5.179011762339359, 5.179011762339164, 5.179011762339209, 5.179011762339244, 5.1790117623392105, 5.17901314751515, 5.179013147515437, 5.17901314751502, 5.179013147515325, 5.17901314751525, 5.179013147515062, 5.179013147515152, 5.179013147515156, 5.179013147515187, 5.179014476182699, 5.179014476182912, 5.179014476182624, 5.179014476182739, 5.179014476182745, 5.1790144761825925, 5.179014476182697, 5.1790144761826955, 5.17901447618272, 5.179015428542894, 5.179015428543037, 5.179015428542862, 5.179015428542818, 5.179015428542867, 5.179015428542774, 5.179015428542893, 5.179015428542888, 5.179015428542903, 5.179016008529482, 5.179016008529542, 5.179016008529475, 5.179016008529386, 5.179016008529421, 5.179016008529392, 5.179016008529481, 5.179016008529482, 5.179016008529465, 5.17901622304342, 5.179016223043356, 5.179016223043399, 5.179016223043381, 5.1790162230433685, 5.179016223043375, 5.179016223043432, 5.1790162230434325, 5.179016223043385, 5.179016065860386, 5.1790160658602415, 5.1790160658603375, 5.179016065860411, 5.179016065860365, 5.179016065860392, 5.17901606586039, 5.179016065860397, 5.17901606586037, 5.179015668820267, 5.179015668820096, 5.179015668820281, 5.179015668820304, 5.1790156688202735, 5.1790156688203375, 5.1790156688202655, 5.179015668820294, 5.179015668820237, 5.179015214787398, 5.179015214787228, 5.179015214787473, 5.17901521478738, 5.179015214787424, 5.179015214787487, 5.179015214787395, 5.179015214787427, 5.179015214787376, 5.179014842405564, 5.1790148424054365, 5.179014842405684, 5.179014842405504, 5.17901484240559, 5.179014842405672, 5.179014842405568, 5.17901484240556, 5.179014842405577, 5.17901464854998, 5.179014648549828, 5.1790146485500985, 5.1790146485499005, 5.179014648549944, 5.179014648550076, 5.17901464854997, 5.179014648549935, 5.179014648550027, 5.179014678907957, 5.1790146789078095, 5.179014678908094, 5.179014678907896, 5.179014678907892, 5.179014678908055, 5.1790146789079605, 5.179014678907887, 5.179014678908014, 5.179014928841178, 5.1790149288410285, 5.179014928841265, 5.179014928841156, 5.179014928841106, 5.179014928841263, 5.17901492884118, 5.179014928841122, 5.179014928841221, 5.179015282214406, 5.179015282214247, 5.179015282214505, 5.179015282214403, 5.179015282214349, 5.179015282214466, 5.1790152822144115, 5.179015282214386, 5.179015282214414, 5.179015639641724, 5.179015639641575, 5.179015639641805, 5.179015639641744, 5.179015639641699, 5.179015639641748, 5.179015639641716, 5.179015639641749, 5.179015639641692, 5.179015939889769, 5.179015939889626, 5.179015939889815, 5.1790159398897755, 5.179015939889776, 5.179015939889761, 5.179015939889769, 5.179015939889794, 5.179015939889743, 5.179016155639838, 5.179016155639741, 5.17901615563987, 5.179016155639832, 5.179016155639876, 5.179016155639825, 5.179016155639837, 5.179016155639867, 5.179016155639819, 5.179016260391177, 5.1790162603911245, 5.179016260391166, 5.179016260391153, 5.179016260391197, 5.179016260391138, 5.179016260391174, 5.179016260391164, 5.179016260391189, 5.17901625234406, 5.179016252344074, 5.179016252344052, 5.179016252344023, 5.179016252344056, 5.1790162523440335, 5.179016252344055, 5.179016252344053, 5.179016252344087, 5.179016151564617, 5.179016151564711, 5.179016151564601, 5.179016151564604, 5.179016151564603, 5.179016151564597, 5.179016151564617, 5.179016151564599, 5.179016151564632, 5.179016006503635, 5.179016006503746, 5.179016006503594, 5.179016006503672, 5.179016006503623, 5.179016006503631, 5.179016006503638, 5.179016006503649, 5.179016006503624, 5.17901587720003, 5.1790158772001655, 5.179015877199968, 5.179015877200086, 5.179015877200028, 5.179015877200029, 5.179015877200031, 5.179015877200037, 5.179015877200017, 5.179015818240166, 5.179015818240297, 5.179015818240087, 5.179015818240201, 5.179015818240179, 5.179015818240152, 5.17901581824016, 5.17901581824018, 5.1790158182401616, 5.179015833070638, 5.179015833070767, 5.179015833070574, 5.179015833070646, 5.179015833070678, 5.1790158330706255, 5.179015833070641, 5.179015833070656, 5.179015833070628, 5.179015905218044, 5.179015905218133, 5.179015905217963, 5.179015905218038, 5.179015905218075, 5.179015905218017, 5.1790159052180496, 5.179015905218056, 5.179015905218043, 5.179016009125298, 5.179016009125382, 5.1790160091252515, 5.179016009125304, 5.179016009125345, 5.179016009125262, 5.179016009125294, 5.179016009125299, 5.179016009125312, 5.17901611981633, 5.179016119816397, 5.179016119816309, 5.179016119816313, 5.179016119816332, 5.1790161198162865, 5.179016119816334, 5.179016119816352, 5.179016119816326, 5.179016211486867, 5.179016211486894, 5.179016211486841, 5.1790162114868785, 5.179016211486851, 5.1790162114868314, 5.179016211486872, 5.179016211486877, 5.179016211486853, 5.179016268970428, 5.179016268970431, 5.179016268970417, 5.179016268970452, 5.179016268970416, 5.179016268970401, 5.179016268970427, 5.179016268970418, 5.179016268970431, 5.179016288472097, 5.179016288472072, 5.179016288472096, 5.179016288472126, 5.179016288472086, 5.179016288472087, 5.179016288472111, 5.1790162884721065, 5.1790162884721, 5.179016271572206, 5.179016271572182, 5.1790162715722365, 5.179016271572214, 5.179016271572215, 5.179016271572211, 5.179016271572212, 5.179016271572212, 5.179016271572207, 5.179016229533096, 5.179016229533095, 5.179016229533153, 5.179016229533083, 5.1790162295331035, 5.1790162295331115, 5.1790162295330955, 5.179016229533106, 5.179016229533099, 5.179016183862133, 5.179016183862103, 5.179016183862172, 5.179016183862127, 5.179016183862131, 5.17901618386217, 5.17901618386214, 5.179016183862117, 5.17901618386215, 5.179016149028088, 5.179016149028002, 5.179016149028102, 5.179016149028066, 5.179016149028075, 5.179016149028119, 5.179016149028088, 5.179016149028058, 5.179016149028113, 5.179016144278459, 5.179016144278407, 5.179016144278474, 5.179016144278446, 5.179016144278451, 5.179016144278497, 5.179016144278463, 5.17901614427846, 5.179016144278469, 5.179016159795323, 5.1790161597952675, 5.179016159795333, 5.179016159795299, 5.17901615979531, 5.1790161597953555, 5.179016159795327, 5.179016159795319, 5.179016159795315, 5.179016189067333, 5.179016189067257, 5.179016189067366, 5.179016189067312, 5.179016189067314, 5.179016189067342, 5.179016189067333, 5.179016189067342, 5.1790161890672985, 5.179016231266362, 5.17901623126633, 5.179016231266386, 5.179016231266348, 5.179016231266347, 5.179016231266373, 5.179016231266357, 5.179016231266366, 5.1790162312663455, 5.179016265536555, 5.179016265536507, 5.179016265536541, 5.179016265536559, 5.179016265536545, 5.179016265536549, 5.179016265536552, 5.1790162655365455, 5.179016265536564, 5.17901628724336, 5.179016287243327, 5.179016287243368, 5.1790162872433605, 5.179016287243366, 5.179016287243357, 5.1790162872433525, 5.179016287243347, 5.179016287243369, 5.1790162924183205, 5.1790162924183205, 5.179016292418348, 5.1790162924183205, 5.179016292418337, 5.179016292418317, 5.17901629241832, 5.179016292418329, 5.179016292418318, 5.179016285054924, 5.179016285054951, 5.179016285054942, 5.179016285054926, 5.1790162850549315, 5.179016285054934, 5.179016285054933, 5.179016285054924, 5.179016285054924, 5.179016270644892, 5.179016270644922, 5.179016270644903, 5.179016270644916, 5.179016270644898, 5.179016270644901, 5.179016270644886, 5.179016270644883, 5.1790162706449046, 5.179016253170086, 5.179016253170106, 5.17901625317005, 5.179016253170092, 5.179016253170071, 5.179016253170081, 5.1790162531700945, 5.179016253170072, 5.179016253170087, 5.17901623728208, 5.179016237282115, 5.179016237282072, 5.179016237282088, 5.17901623728208, 5.179016237282066, 5.17901623728207, 5.179016237282079, 5.179016237282077, 5.1790162266282795, 5.179016226628317, 5.17901622662825, 5.179016226628268, 5.179016226628277, 5.179016226628246, 5.179016226628269, 5.179016226628285, 5.179016226628281, 5.179016229490039, 5.17901622949007, 5.179016229490029, 5.179016229490036, 5.179016229490047, 5.179016229490031, 5.179016229490041, 5.179016229490059, 5.179016229490024, 5.179016238212398, 5.179016238212416, 5.179016238212381, 5.179016238212412, 5.179016238212428, 5.179016238212393, 5.17901623821239, 5.179016238212416, 5.179016238212394, 5.179016252028634, 5.179016252028649, 5.179016252028579, 5.179016252028654, 5.179016252028644, 5.179016252028609, 5.179016252028646, 5.179016252028635, 5.179016252028639, 5.1790162708428324, 5.1790162708428635, 5.179016270842818, 5.179016270842825, 5.179016270842823, 5.17901627084282, 5.179016270842828, 5.1790162708428245, 5.179016270842828, 5.179016282214041, 5.179016282214081, 5.179016282214053, 5.179016282214029, 5.179016282214034, 5.179016282214037, 5.179016282214048, 5.179016282214037, 5.179016282214041, 5.1790162893520755, 5.1790162893521074, 5.1790162893520995, 5.179016289352077, 5.179016289352075, 5.179016289352087, 5.179016289352074, 5.179016289352077, 5.179016289352064, 5.179016290268879, 5.179016290268876, 5.179016290268876, 5.179016290268909, 5.179016290268877, 5.179016290268897, 5.179016290268879, 5.1790162902688675, 5.179016290268888, 5.179016287338425, 5.179016287338412, 5.179016287338406, 5.179016287338438, 5.17901628733844, 5.179016287338436, 5.17901628733843, 5.17901628733841, 5.179016287338439, 5.179016281808101, 5.179016281808062, 5.1790162818081, 5.179016281808082, 5.179016281808117, 5.179016281808103, 5.179016281808098, 5.179016281808099, 5.179016281808101, 5.1790162719612285, 5.17901627196121, 5.1790162719612445, 5.179016271961203, 5.179016271961227, 5.179016271961217, 5.179016271961235, 5.17901627196124, 5.179016271961208, 5.179016267374491]
Total optimisation time observed during ADAM optimization: 87.510720 seconds
Median time per evaluation during ADAM optimization: 0.424370 seconds
5.179016267374491
QAOA optimisation for n=6 took 98.52 seconds; started at 1777576523.280324 and finished at 1777576621.802954
Finished QAOA for n=10 nodes, m=15 edges at 2026-04-30 21:17:01 on Apple M4. Time taken: 98.52 seconds. Hours: 0.03 hours. Peak RAM: 366.0 MB.
Unknown graph type for approximation ratio calculation; skipping approx ratio computation.
CSV writing for n=6 took 0.00 seconds; started at 1777576621.802956 and finished at 1777576621.8034508
results: {6: 5.179016267374491}
durations: {10: 98.52263307571411}
Results saved to: logs/adam/qaoa_results_adam_20260430_200911.csv
Global end time: 1777576621.8034549
Finalisation time: 0.00 seconds; started at 1777576621.803452 and finished at 1777576621.803457
Sum of all section times: 98.61 seconds
