2026-04-30 20:38:49.707 system_profiler[49562:1164895] hw.cpufamily: 0x6f5129ac
Starting QAOA benchmark with global start time: 1777574329.6433868
Benchmark parameters: {'optimiser': 'adam', 'circuit_type': 'hamqaoa', 'parameter_vector': [1, 1, 1], 'iterations_list': [50, 100, 200, 500], 'learning_rate_adam': 0.05, 'depth_list': [1, 2, 5, 10], 'n_start': 0, 'n_end': 30, 'singlet_injection': False, 'start_index_singlet': 0, 'warm_start': True, 'compare_with_010101': False, 'warm_start_correlations': False, 'init_QAOAparams_close_to_zero': False, 'use_correlations_as_initial_params': False, 'time_limit': 10800, 'failed_instance_termination_thrsh': 10, 'graph_generation_type': 'HOG', 'weighted': False, 'easiest_first': True, 'cpu_util_threshold': 90, 'debug': False, 'save_circuit_svg': False, 'rerun_exclude_finished_instances': False, 'optimiser_debug_iterations': 1, 'relative_graph_adjList_path': '/Users/julian_dev/Projects/MasterThesis/QAOA/HOG_graphs/list_27_graphs_adjacency_list.txt'}, Running QAOA with equal superposition
Benchmark run ID: c198f476
Processor: Apple M4
Hostname: Mac-mini-som-tillhor-Julian.local
Total RAM (GB): 16.0
Physical cores: 10
Logical cores: 10
Python version: 3.13.1
Initialisation time: 0.08 seconds; started at {'initialisation': 0.08228921890258789} and finished at 1777574329.725684
Loaded HOG graph index 11 with 12 edges.
Instance generation for n=11 took 0.00 seconds; started at 1777574329.7256892 and finished at 1777574329.725985
Running QAOA for n=8 nodes, m=12 edges...; Max iterations: 200
Warm-start: using parameter_vector=[1, 1, 1]
Warm-start: starting SDP solve for n_vertices=8
Starting SDP solve (solver preference: MOSEK, fallback: SCS) for n_vertices=8, matrix_dim=24, edges=12
Finished SDP solve with MOSEK. status=optimal. elapsed_seconds=0.05
Rounding...
n_vertices: 8 for n = 24
Using seed None to generate random matrix for x.
r_0: [-0.76183587  0.43371584  0.48114101]
Product state qubit 0: [[ 0.74057051+0.j         -0.38091794-0.21685792j]
 [-0.38091794+0.21685792j  0.25942949+0.j        ]]
Diagonal entries of product state 0: [0.74057051 0.25942949]
r_1: [ 0.76551017 -0.43167139 -0.47713099]
Product state qubit 1: [[0.2614345 +0.j         0.38275509+0.21583569j]
 [0.38275509-0.21583569j 0.7385655 +0.j        ]]
Diagonal entries of product state 1: [0.2614345 0.7385655]
r_2: [ 0.76550858 -0.43167268 -0.47713239]
Product state qubit 2: [[0.26143381+0.j         0.38275429+0.21583634j]
 [0.38275429-0.21583634j 0.73856619+0.j        ]]
Diagonal entries of product state 2: [0.26143381 0.73856619]
r_3: [-0.7693958   0.429478    0.47284116]
Product state qubit 3: [[ 0.73642058+0.j       -0.3846979 -0.214739j]
 [-0.3846979 +0.214739j  0.26357942+0.j      ]]
Diagonal entries of product state 3: [0.73642058 0.26357942]
r_4: [ 0.75469835 -0.44976005 -0.47764663]
Product state qubit 4: [[0.26117668+0.j         0.37734917+0.22488002j]
 [0.37734917-0.22488002j 0.73882332+0.j        ]]
Diagonal entries of product state 4: [0.26117668 0.73882332]
r_5: [ 0.77603712 -0.41329127 -0.47639974]
Product state qubit 5: [[0.26180013+0.j         0.38801856+0.20664564j]
 [0.38801856-0.20664564j 0.73819987+0.j        ]]
Diagonal entries of product state 5: [0.26180013 0.73819987]
r_6: [-0.76550841  0.43167303  0.47713234]
Product state qubit 6: [[ 0.73856617+0.j         -0.3827542 -0.21583651j]
 [-0.3827542 +0.21583651j  0.26143383+0.j        ]]
Diagonal entries of product state 6: [0.73856617 0.26143383]
r_7: [-0.76550958  0.43167309  0.47713041]
Product state qubit 7: [[ 0.73856521+0.j         -0.38275479-0.21583654j]
 [-0.38275479+0.21583654j  0.26143479+0.j        ]]
Diagonal entries of product state 7: [0.73856521 0.26143479]
y_scalar: False
[1, -1, -1, 1, -1, -1, 1, 1]
Hamiltonian equals product state? [[False False False False]
 [False False False False]
 [False False False False]
 [False False False False]]
Hamiltonian: [[ 0. +0.j  0. +0.j  0. +0.j  0. +0.j]
 [ 0. +0.j  0.5+0.j -0.5+0.j  0. +0.j]
 [ 0. +0.j -0.5+0.j  0.5+0.j  0. +0.j]
 [ 0. +0.j  0. +0.j  0. +0.j  0. +0.j]], product state: [[ 0.19252575+0.j         -0.1005733 -0.05614018j  0.28186872+0.15894585j
  -0.10089674-0.16522398j]
 [-0.1005733 +0.05614018j  0.06890876+0.j         -0.19359342-0.00083909j
   0.10088636+0.05688985j]
 [ 0.28186872-0.15894585j -0.19359342+0.00083909j  0.54389483+0.j
  -0.28412459-0.15859882j]
 [-0.10089674+0.16522398j  0.10088636-0.05688985j -0.28412459+0.15859882j
   0.19467067+0.j        ]]
Hamiltonian equals product state? [[False False False False]
 [False False False False]
 [False False False False]
 [False False False False]]
Hamiltonian: [[ 0. +0.j  0. +0.j  0. +0.j  0. +0.j]
 [ 0. +0.j  0.5+0.j -0.5+0.j  0. +0.j]
 [ 0. +0.j -0.5+0.j  0.5+0.j  0. +0.j]
 [ 0. +0.j  0. +0.j  0. +0.j  0. +0.j]], product state: [[ 0.19361068+0.j          0.28345713+0.15984155j -0.09958509-0.05669414j
  -0.0989926 -0.16521916j]
 [ 0.28345713-0.15984155j  0.54695982+0.j         -0.19260396-0.00078778j
  -0.28133285-0.16016378j]
 [-0.09958509+0.05669414j -0.19260396+0.00078778j  0.06782382+0.j
   0.09929796+0.05599414j]
 [-0.0989926 +0.16521916j -0.28133285+0.16016378j  0.09929796-0.05599414j
   0.19160567+0.j        ]]
Hamiltonian equals product state? [[False False False False]
 [False False False False]
 [False False False False]
 [False False False False]]
Hamiltonian: [[ 0. +0.j  0. +0.j  0. +0.j  0. +0.j]
 [ 0. +0.j  0.5+0.j -0.5+0.j  0. +0.j]
 [ 0. +0.j -0.5+0.j  0.5+0.j  0. +0.j]
 [ 0. +0.j  0. +0.j  0. +0.j  0. +0.j]], product state: [[ 0.19308591+0.00000000e+00j -0.10006504-5.64269695e-02j
   0.282689  +1.59409211e-01j -0.09991567-1.65224756e-01j]
 [-0.10006504+5.64269695e-02j  0.06834789+0.00000000e+00j
  -0.19308641-2.93971650e-08j  0.10006529+5.64271288e-02j]
 [ 0.282689  -1.59409211e-01j -0.19308641+2.93971650e-08j
   0.54547929+0.00000000e+00j -0.28268975-1.59409575e-01j]
 [-0.09991567+1.65224756e-01j  0.10006529-5.64271288e-02j
  -0.28268975+1.59409575e-01j  0.1930869 +0.00000000e+00j]]
Hamiltonian equals product state? [[False False False False]
 [False False False False]
 [False False False False]
 [False False False False]]
Hamiltonian: [[ 0. +0.j  0. +0.j  0. +0.j  0. +0.j]
 [ 0. +0.j  0.5+0.j -0.5+0.j  0. +0.j]
 [ 0. +0.j -0.5+0.j  0.5+0.j  0. +0.j]
 [ 0. +0.j  0. +0.j  0. +0.j  0. +0.j]], product state: [[ 0.19252524+0.j         -0.10057304-0.05614003j  0.28186814+0.15894632j
  -0.10089629-0.16522406j]
 [-0.10057304+0.05614003j  0.06890857+0.j         -0.19359325-0.00083951j
   0.10088615+0.05689002j]
 [ 0.28186814-0.15894632j -0.19359325+0.00083951j  0.54389534+0.j
  -0.28412486-0.15859896j]
 [-0.10089629+0.16522406j  0.10088615-0.05689002j -0.28412486+0.15859896j
   0.19467085+0.j        ]]
Hamiltonian equals product state? [[False False False False]
 [False False False False]
 [False False False False]
 [False False False False]]
Hamiltonian: [[ 0. +0.j  0. +0.j  0. +0.j  0. +0.j]
 [ 0. +0.j  0.5+0.j -0.5+0.j  0. +0.j]
 [ 0. +0.j -0.5+0.j  0.5+0.j  0. +0.j]
 [ 0. +0.j  0. +0.j  0. +0.j  0. +0.j]], product state: [[ 0.19308668+0.00000000e+00j -0.10006516-5.64271116e-02j
   0.28268996+1.59408942e-01j -0.0999159 -1.65224543e-01j]
 [-0.10006516+5.64271116e-02j  0.06834782+0.00000000e+00j
  -0.19308634+5.04493398e-07j  0.10006513+5.64267517e-02j]
 [ 0.28268996-1.59408942e-01j -0.19308634-5.04493398e-07j
   0.54547949+0.00000000e+00j -0.28268905-1.59409402e-01j]
 [-0.0999159 +1.65224543e-01j  0.10006513-5.64267517e-02j
  -0.28268905+1.59409402e-01j  0.19308601+0.00000000e+00j]]
Hamiltonian equals product state? [[False False False False]
 [False False False False]
 [False False False False]
 [False False False False]]
Hamiltonian: [[ 0. +0.j  0. +0.j  0. +0.j  0. +0.j]
 [ 0. +0.j  0.5+0.j -0.5+0.j  0. +0.j]
 [ 0. +0.j -0.5+0.j  0.5+0.j  0. +0.j]
 [ 0. +0.j  0. +0.j  0. +0.j  0. +0.j]], product state: [[ 0.19289601+0.j         -0.09996663-0.05637147j  0.27869697+0.16608856j
  -0.09589488-0.16751965j]
 [-0.09996663+0.05637147j  0.06828067+0.j         -0.19296953-0.00462816j
   0.0986522 +0.05879146j]
 [ 0.27869697-0.16608856j -0.19296953+0.00462816j  0.5456692 +0.j
  -0.28278816-0.15946507j]
 [-0.09589488+0.16751965j  0.0986522 -0.05879146j -0.28278816+0.15946507j
   0.19315412+0.j        ]]
Hamiltonian equals product state? [[False False False False]
 [False False False False]
 [False False False False]
 [False False False False]]
Hamiltonian: [[ 0. +0.j  0. +0.j  0. +0.j  0. +0.j]
 [ 0. +0.j  0.5+0.j -0.5+0.j  0. +0.j]
 [ 0. +0.j -0.5+0.j  0.5+0.j  0. +0.j]
 [ 0. +0.j  0. +0.j  0. +0.j  0. +0.j]], product state: [[ 0.19335647+0.j         -0.10020525-0.05650604j  0.28657701+0.15262128j
  -0.10391428-0.16284319j]
 [-0.10020525+0.05650604j  0.06844366+0.j         -0.19311764+0.00465398j
   0.10144155+0.05402436j]
 [ 0.28657701-0.15262128j -0.19311764-0.00465398j  0.54520874+0.j
  -0.28254954-0.15933051j]
 [-0.10391428+0.16284319j  0.10144155-0.05402436j -0.28254954+0.15933051j
   0.19299113+0.j        ]]
Hamiltonian equals product state? [[False False False False]
 [False False False False]
 [False False False False]
 [False False False False]]
Hamiltonian: [[ 0. +0.j  0. +0.j  0. +0.j  0. +0.j]
 [ 0. +0.j  0.5+0.j -0.5+0.j  0. +0.j]
 [ 0. +0.j -0.5+0.j  0.5+0.j  0. +0.j]
 [ 0. +0.j  0. +0.j  0. +0.j  0. +0.j]], product state: [[ 0.54537136+0.j         -0.28489592-0.15902937j -0.28051581-0.15969863j
   0.09997048+0.16522272j]
 [-0.28489592+0.15902937j  0.19519915+0.j          0.19310618+0.00162685j
  -0.10040213-0.05715928j]
 [-0.28051581+0.15969863j  0.19310618-0.00162685j  0.19104922+0.j
  -0.09980198-0.05570963j]
 [ 0.09997048-0.16522272j -0.10040213+0.05715928j -0.09980198+0.05570963j
   0.06838028+0.j        ]]
Hamiltonian equals product state? [[False False False False]
 [False False False False]
 [False False False False]
 [False False False False]]
Hamiltonian: [[ 0. +0.j  0. +0.j  0. +0.j  0. +0.j]
 [ 0. +0.j  0.5+0.j -0.5+0.j  0. +0.j]
 [ 0. +0.j -0.5+0.j  0.5+0.j  0. +0.j]
 [ 0. +0.j  0. +0.j  0. +0.j  0. +0.j]], product state: [[ 0.19289626+0.j         -0.09996647-0.05637146j  0.27869733+0.16608878j
  -0.09589466-0.1675195j ]
 [-0.09996647+0.05637146j  0.06828042+0.j         -0.1929693 -0.00462804j
   0.09865184+0.05879125j]
 [ 0.27869733-0.16608878j -0.1929693 +0.00462804j  0.54566991+0.j
  -0.28278773-0.15946505j]
 [-0.09589466+0.1675195j   0.09865184-0.05879125j -0.28278773+0.15946505j
   0.19315341+0.j        ]]
Hamiltonian equals product state? [[False False False False]
 [False False False False]
 [False False False False]
 [False False False False]]
Hamiltonian: [[ 0. +0.j  0. +0.j  0. +0.j  0. +0.j]
 [ 0. +0.j  0.5+0.j -0.5+0.j  0. +0.j]
 [ 0. +0.j -0.5+0.j  0.5+0.j  0. +0.j]
 [ 0. +0.j  0. +0.j  0. +0.j  0. +0.j]], product state: [[ 0.19335672+0.j         -0.1002051 -0.05650603j  0.28657738+0.15262148j
  -0.10391406-0.16284306j]
 [-0.1002051 +0.05650603j  0.06844341+0.j         -0.19311741+0.00465409j
   0.10144118+0.05402416j]
 [ 0.28657738-0.15262148j -0.19311741-0.00465409j  0.54520945+0.j
  -0.2825491 -0.15933049j]
 [-0.10391406+0.16284306j  0.10144118-0.05402416j -0.2825491 +0.15933049j
   0.19299042+0.j        ]]
Hamiltonian equals product state? [[False False False False]
 [False False False False]
 [False False False False]
 [False False False False]]
Hamiltonian: [[ 0. +0.j  0. +0.j  0. +0.j  0. +0.j]
 [ 0. +0.j  0.5+0.j -0.5+0.j  0. +0.j]
 [ 0. +0.j -0.5+0.j  0.5+0.j  0. +0.j]
 [ 0. +0.j  0. +0.j  0. +0.j  0. +0.j]], product state: [[0.06837609+0.j         0.1013414 +0.05397102j 0.09879006+0.05887362j
  0.09994801+0.16523518j]
 [0.1013414 -0.05397102j 0.19280059+0.j         0.19288896+0.00928006j
  0.27855911+0.1660064j ]
 [0.09879006-0.05887362j 0.19288896-0.00928006j 0.19342404+0.j
  0.28667716+0.15267461j]
 [0.09994801-0.16523518j 0.27855911-0.1660064j  0.28667716-0.15267461j
  0.54539928+0.j        ]]
Hamiltonian equals product state? [[False False False False]
 [False False False False]
 [False False False False]
 [False False False False]]
Hamiltonian: [[ 0. +0.j  0. +0.j  0. +0.j  0. +0.j]
 [ 0. +0.j  0.5+0.j -0.5+0.j  0. +0.j]
 [ 0. +0.j -0.5+0.j  0.5+0.j  0. +0.j]
 [ 0. +0.j  0. +0.j  0. +0.j  0. +0.j]], product state: [[ 0.19361017+0.j          0.28345654+0.15984203j -0.09958483-0.05669399j
  -0.09899216-0.16521923j]
 [ 0.28345654-0.15984203j  0.54696034+0.j         -0.19260379-0.00078737j
  -0.28133311-0.16016393j]
 [-0.09958483+0.05669399j -0.19260379+0.00078737j  0.06782364+0.j
   0.09929775+0.05599431j]
 [-0.09899216+0.16521923j -0.28133311+0.16016393j  0.09929775-0.05599431j
   0.19160585+0.j        ]]
Energy of rounded cut: 4.999999954931108
Check the cut: [1, -1, -1, 1, -1, -1, 1, 1]
10 in cut out of a total of 12 edges
Warm-start: SDP solve + rounding finished in 0.06 seconds
Warm-start: statevector build finished in 0.00 seconds
warm_start_correlations: None
Edges: [(1, 3), (0, 1), (2, 7), (2, 3), (1, 6), (4, 7), (5, 7), (0, 3), (4, 6), (5, 6), (4, 5), (0, 2)], weights: [1.0, 1.0, 1.0, 1.0, 1.0, 1.0, 1.0, 1.0, 1.0, 1.0, 1.0, 1.0], set of nodes: {0, 1, 2, 3, 4, 5, 6, 7}, n: 8 nodes, p: 1 layers, N_bayes: 200 iterations
Initial state injected as warm start
Initial state energy for vector-normalised SDP solution used as warm start: 3.999980170188144
Running ADAM optimization with a single iteration (no debug loop)
ADAM optimizer configured with maxiter=200 and learning_rate=0.05
Generated 4 random initial parameter sets for ADAM optimization
Using random initial parameters with:
Param_type 1:  [-1.01452739]
Param_type 2:  [-0.46380417]
Param_type 3:  [1.68228338]
Param_type 4:  [-2.91385002]
Energies observed during ADAM optimization: [3.576071086912212, 3.5760710868997667, 3.5760710869195202, 3.5760710869122168, 3.5760710868343257, 3.6289287321247987, 3.6289287320884744, 3.6289287321318824, 3.628928732124796, 3.628928732056899, 3.682679728165961, 3.6826797281116037, 3.6826797281706645, 3.6826797281659616, 3.6826797281151435, 3.732800159761513, 3.732800159693638, 3.7328001597634186, 3.73280015976151, 3.7328001597305613, 3.7775576808883824, 3.7775576808109217, 3.7775576808886395, 3.777557680888383, 3.777557680876793, 3.8179411688380713, 3.817941168755161, 3.817941168838067, 3.8179411688380718, 3.817941168839264, 3.8557277080012438, 3.855727707917969, 3.8557277080014263, 3.85572770800124, 3.8557277080175965, 3.88967891827792, 3.889678918200272, 3.889678918277968, 3.8896789182779195, 3.8896789183072134, 3.9197906251970522, 3.919790625130762, 3.919790625196336, 3.919790625197048, 3.919790625236521, 3.9457188523216917, 3.945718852271405, 3.9457188523200593, 3.945718852321689, 3.9457188523676017, 3.966507765257081, 3.9665077652259537, 3.966507765255006, 3.9665077652570826, 3.966507765304671, 3.980633337006887, 3.9806333369964166, 3.9806333370050644, 3.9806333370068865, 3.9806333370510587, 3.986900696484656, 3.986900696494362, 3.9869006964835, 3.986900696484657, 3.98690069652108, 3.985679621514707, 3.9856796215420527, 3.9856796215142243, 3.985679621514711, 3.985679621540615, 3.9791797015106867, 3.979179701551648, 3.9791797015106143, 3.97917970151069, 3.979179701525009, 3.9704704355656086, 3.9704704356157743, 3.97047043556564, 3.970470435565607, 3.9704704355686125, 3.9626011403757135, 3.9626011404312296, 3.9626011403757495, 3.9626011403757135, 3.962601140371283, 3.9572366829137438, 3.957236682971465, 3.957236682913744, 3.9572366829137415, 3.9572366829005365, 3.9551325142899736, 3.9551325143473828, 3.9551325142898763, 3.955132514289976, 3.9551325142698954, 3.956642935373288, 3.95664293542835, 3.9566429353730594, 3.956642935373291, 3.9566429353485013, 3.961541035459372, 3.961541035510312, 3.96154103545902, 3.9615410354593688, 3.961541035432177, 3.9690512972328786, 3.9690512972780776, 3.969051297232473, 3.969051297232879, 3.969051297205634, 3.977939740763416, 3.977939740801316, 3.9779397407630404, 3.9779397407634196, 3.9779397407384023, 3.9867104923016705, 3.986710492330931, 3.9867104923014, 3.98671049230167, 3.986710492280918, 3.9939105727817386, 3.993910572801331, 3.9939105727815947, 3.993910572781737, 3.993910572766813, 3.998474127559467, 3.998474127568944, 3.998474127559443, 3.9984741275594704, 3.9984741275513027, 3.9999977387897774, 3.999997738789345, 3.9999977387897836, 3.999997738789779, 3.9999977387885743, 3.99906205935711, 3.999062059347681, 3.999062059357122, 3.9990620593571085, 3.9990620593584265, 3.996493395183972, 3.996493395166983, 3.996493395183933, 3.9964933951839714, 3.996493395190868, 3.9931681627765623, 3.9931681627536806, 3.9931681627764504, 3.9931681627765667, 3.99316816278785, 3.9901685517455987, 3.9901685517186047, 3.990168551745418, 3.990168551745601, 3.9901685517597802, 3.9882917337058634, 3.988291733676542, 3.988291733705639, 3.988291733705866, 3.988291733721355, 3.987907662217159, 3.987907662187177, 3.98790766221695, 3.9879076622171565, 3.9879076622324243, 3.9889579232801538, 3.9889579232510592, 3.9889579232799908, 3.9889579232801493, 3.988957923293818, 3.991054745204987, 3.9910547451781615, 3.991054745204886, 3.991054745204986, 3.9910547452159193, 3.993633283301668, 3.993633283278347, 3.993633283301627, 3.9936332833016666, 3.9936332833090877, 3.9961140778899296, 3.996114077871088, 3.9961140778899313, 3.9961140778899362, 3.9961140778934285, 3.998043449461609, 3.9980434494479566, 3.998043449461617, 3.9980434494616084, 3.9980434494611887, 3.999326633762117, 3.999326633754046, 3.9993266337621267, 3.9993266337621174, 3.999326633761916, 3.9998304394336817, 3.9998304394312436, 3.999830439433687, 3.9998304394336843, 3.999830439430184, 3.9995735003253814, 3.999573500328222, 3.9995735003253694, 3.9995735003253863, 3.999573500319246, 3.9988470738498854, 3.9988470738573456, 3.998847073849873, 3.998847073849884, 3.9988470738420037, 3.9979953003829376, 3.9979953003941495, 3.9979953003829207, 3.9979953003829407, 3.997995300374306, 3.997311137575443, 3.997311137589361, 3.997311137575433, 3.997311137575443, 3.9973111375670447, 3.9969699725431544, 3.99696997255869, 3.996969972543148, 3.9969699725431527, 3.996969972535875, 3.997013102605259, 3.9970131026213123, 3.9970131026052718, 3.997013102605256, 3.9970131025997757, 3.997372591922431, 3.997372591937948, 3.997372591922453, 3.997372591922436, 3.997372591919188, 3.9979184849693836, 3.9979184849834377, 3.997918484969395, 3.997918484969388, 3.9979184849685465, 3.9985098669190404, 3.998509866930872, 3.9985098669190413, 3.9985098669190386, 3.9985098669205077, 3.9991434780915083, 3.9991434781005806, 3.9991434780915136, 3.999143478091507, 3.9991434780916384, 3.9996063586660067, 3.9996063586719695, 3.9996063586660218, 3.9996063586660044, 3.99960635866783, 3.999838141575691, 3.99983814157841, 3.9998381415756996, 3.9998381415756894, 3.9998381415788358, 3.9998548527380984, 3.9998548527376885, 3.99985485273811, 3.999854852738097, 3.9998548527420748, 3.9997202171997372, 3.9997202171964803, 3.999720217199743, 3.999720217199734, 3.9997202172040085, 3.9995181106176063, 3.999518110611991, 3.999518110617614, 3.999518110617603, 3.9995181106216267, 3.999326845335926, 3.9993268453285458, 3.9993268453359327, 3.999326845335926, 3.9993268453392368, 3.9992024321429542, 3.9992024321344903, 3.999202432142965, 3.999202432142955, 3.999202432145227, 3.999171857932642, 3.999171857923781, 3.9991718579326525, 3.999171857932639, 3.9991718579336895, 3.9992349153440614, 3.9992349153354887, 3.9992349153440663, 3.999234915344065, 3.999234915343877, 3.9993704454241628, 3.9993704454164574, 3.999370445424161, 3.9993704454241636, 3.9993704454228896, 3.999566882157255, 3.9995668821509143, 3.9995668821572625, 3.999566882157252, 3.9995668821587245, 3.9997820724794124, 3.999782072474783, 3.9997820724794253, 3.9997820724794164, 3.9997820724799045, 3.999928992406845, 3.999928992404131, 3.9999289924068555, 3.999928992406844, 3.999928992406388, 3.9999865899458706, 3.9999865899451077, 3.9999865899458795, 3.999986589945865, 3.9999865899446005, 3.9999645952887946, 3.999964595289851, 3.999964595288803, 3.999964595288796, 3.9999645952869565, 3.9998940005317625, 3.9998940005343977, 3.9998940005317776, 3.999894000531761, 3.999894000529655, 3.999812741524615, 3.999812741528474, 3.9998127415246265, 3.999812741524613, 3.999812741522552, 3.999752476430891, 3.999752476435561, 3.9997524764309005, 3.9997524764308943, 3.999752476429158, 3.9997306998871522, 3.999730699892181, 3.9997306998871687, 3.9997306998871545, 3.9997306998859634, 3.999749230873279, 3.9997492308782263, 3.999749230873291, 3.9997492308732827, 3.9997492308727556, 3.9997978471888938, 3.9997978471933746, 3.999797847188908, 3.9997978471888898, 3.9997978471890523, 3.9998603815388805, 3.999860381542563, 3.999860381538884, 3.9998603815388774, 3.999860381539639, 3.999920327377259, 3.9999203273799138, 3.9999203273772683, 3.999920327377257, 3.9999203273784603, 3.999965069619056, 3.9999650696205586, 3.9999650696190594, 3.999965069619057, 3.999965069620486, 3.9999879361533055, 3.9999879361536395, 3.999987936153311, 3.999987936153308, 3.9999879361547306, 3.999988578403535, 3.9999885784027667, 3.999988578403534, 3.999988578403532, 3.999988578404744, 3.999972234321244, 3.9999722343195465, 3.9999722343212447, 3.999972234321248, 3.9999722343220814, 3.999947996680233, 3.9999479966778426, 3.9999479966802327, 3.9999479966802287, 3.999947996680595, 3.999926153695904, 3.999926153693107, 3.999926153695915, 3.999926153695901, 3.9999261536957853, 3.999915199691639, 3.999915199688701, 3.999915199691649, 3.999915199691633, 3.9999151996910918, 3.9999194391456845, 3.99991943914289, 3.999919439145693, 3.9999194391456845, 3.999919439144832, 3.9999375499958645, 3.999937549993445, 3.9999375499958716, 3.999937549995867, 3.9999375499948755, 3.9999632926967505, 3.9999632926948903, 3.999963292696758, 3.9999632926967505, 3.9999632926957793, 3.9999880586775727, 3.9999880586763985, 3.999988058677584, 3.9999880586775722, 3.999988058676774, 4.000004219231457, 4.000004219231, 4.000004219231469, 4.000004219231458, 4.000004219230953, 4.000008085399331, 4.000008085399569, 4.000008085399339, 4.000008085399334, 4.000008085399168, 4.000001032801148, 4.0000010328019995, 4.000001032801153, 4.000001032801141, 4.000001032801329, 3.9999884580839224, 3.999988458085256, 3.9999884580839282, 3.9999884580839313, 3.9999884580843763, 3.9999771328075, 3.9999771328091267, 3.999977132807505, 3.999977132807501, 3.999977132808135, 3.9999721720549446, 3.9999721720566934, 3.9999721720549517, 3.9999721720549437, 3.9999721720556387, 3.9999752291300257, 3.9999752291317114, 3.999975229130028, 3.999975229130025, 3.9999752291306465, 3.9999842950995848, 3.999984295101056, 3.9999842950995927, 3.9999842950995808, 3.999984295100042, 3.9999952646875507, 3.999995264688677, 3.9999952646875596, 3.9999952646875503, 3.9999952646877843, 4.000003991214235, 4.000003991214937, 4.000003991214243, 4.000003991214241, 4.000003991214225, 4.000008044413031, 4.000008044413282, 4.000008044413035, 4.000008044413033, 4.0000080444127954, 4.000007357988705, 4.000007357988523, 4.000007357988719, 4.000007357988704, 4.000007357988317, 4.000003700760938, 4.000003700760365, 4.000003700760947, 4.000003700760936, 4.000003700760469, 3.9999995571165865, 3.9999995571157316, 3.999999557116598, 3.999999557116581, 3.9999995571161384, 3.9999969224908685, 3.999996922489834, 3.9999969224908756, 3.999996922490876, 3.9999969224905216, 3.999996707006238, 3.999996707005163, 3.999996707006245, 3.999996707006235, 3.9999967070060354, 3.9999986716395473, 3.9999986716385347, 3.9999986716395526, 3.999998671639548, 3.9999986716395215, 4.000001877761618, 4.0000018777607735, 4.000001877761625, 4.000001877761623, 4.000001877761749, 4.000005166933355, 4.000005166932763, 4.00000516693336, 4.000005166933353, 4.000005166933608, 4.000007578225158, 4.000007578224859, 4.000007578225164, 4.000007578225158, 4.0000075782254765, 4.000008624775512, 4.000008624775498, 4.000008624775514, 4.000008624775512, 4.000008624775814, 4.000008312045099, 4.000008312045356, 4.000008312045103, 4.000008312045102, 4.000008312045343, 4.000007098037976, 4.000007098038446, 4.000007098037983, 4.000007098037968, 4.000007098038114, 4.0000056998177, 4.000005699818308, 4.0000056998177085, 4.000005699817698, 4.000005699817716, 4.000004831561137, 4.000004831561805, 4.00000483156115, 4.000004831561137, 4.000004831561038, 4.000004938317358, 4.0000049383180105, 4.000004938317371, 4.000004938317359, 4.000004938317171, 4.000006021736154, 4.000006021736714, 4.000006021736165, 4.000006021736153, 4.0000060217359374, 4.000007616029011, 4.000007616029423, 4.000007616029018, 4.00000761602901, 4.000007616028802, 4.000009051841551, 4.000009051841781, 4.000009051841563, 4.000009051841551, 4.000009051841406, 4.000009782984713, 4.0000097829847405, 4.000009782984725, 4.000009782984714, 4.000009782984633, 4.000009665325396, 4.000009665325251, 4.000009665325405, 4.000009665325397, 4.00000966532541, 4.000008973924481, 4.000008973924188, 4.000008973924488, 4.000008973924479, 4.000008973924572, 4.000008228115552, 4.000008228115173, 4.00000822811556, 4.000008228115551, 4.000008228115696, 4.000007878334903, 4.000007878334471, 4.000007878334908, 4.000007878334908, 4.000007878335062, 4.000008109179395, 4.000008109178991, 4.000008109179409, 4.000008109179402, 4.000008109179536, 4.000008758678901, 4.000008758678549, 4.000008758678911, 4.000008758678902, 4.000008758678988, 4.000009497674801, 4.00000949767455, 4.000009497674812, 4.000009497674794, 4.000009497674824, 4.000010012785925, 4.0000100127858, 4.000010012785934, 4.00001001278593, 4.000010012785885, 4.000010168139507, 4.0000101681395135, 4.00001016813951, 4.000010168139501, 4.000010168139409, 4.000010037253869, 4.000010037253983, 4.000010037253878, 4.000010037253868, 4.000010037253759, 4.000009801826769, 4.000009801826972, 4.000009801826774, 4.000009801826765, 4.000009801826654, 4.00000963974188, 4.000009639742136, 4.000009639741888, 4.0000096397418785, 4.000009639741803, 4.000009640259807, 4.000009640260079, 4.000009640259819, 4.000009640259809, 4.000009640259775, 4.000009803378369, 4.000009803378619, 4.000009803378375, 4.000009803378362, 4.000009803378384, 4.000010058566844, 4.0000100585670335, 4.000010058566847, 4.000010058566843, 4.000010058566904, 4.0000103123325745, 4.000010312332715, 4.00001031233258, 4.000010312332571, 4.000010312332655, 4.000010499457926, 4.000010499457978, 4.00001049945793, 4.000010499457927, 4.000010499458005, 4.0000105695232655, 4.00001056952323, 4.000010569523272, 4.000010569523266, 4.000010569523336, 4.000010536027757, 4.000010536027648, 4.000010536027765, 4.000010536027757, 4.000010536027795, 4.000010457057165, 4.000010457057016, 4.000010457057169, 4.000010457057172, 4.0000104570571615, 4.000010401850356, 4.000010401850184, 4.000010401850364, 4.0000104018503535, 4.000010401850319, 4.000010429630474, 4.0000104296303025, 4.00001042963048, 4.000010429630468, 4.000010429630415, 4.000010547817797, 4.000010547817648, 4.000010547817805, 4.0000105478177925, 4.000010547817737, 4.000010712919198, 4.000010712919087, 4.000010712919205, 4.0000107129192015, 4.00001071291914, 4.000010857966488, 4.000010857966446, 4.000010857966499, 4.000010857966491, 4.000010857966459, 4.000010931960518, 4.0000109319605155, 4.00001093196052, 4.000010931960517, 4.000010931960523, 4.0000109307531435, 4.000010930753203, 4.00001093075315, 4.00001093075314, 4.000010930753169, 4.0000108992732875, 4.000010899273386, 4.0000108992732955, 4.000010899273288, 4.000010899273326, 4.000010890494168, 4.000010890494291, 4.0000108904941785, 4.000010890494171, 4.00001089049422, 4.000010937919804, 4.000010937919915, 4.000010937919813, 4.000010937919805, 4.000010937919843, 4.000011025832421, 4.00001102583251, 4.000011025832433, 4.000011025832419, 4.000011025832445, 4.000011123731355, 4.000011123731422, 4.0000111237313645, 4.000011123731358, 4.00001112373136, 4.00001120484055, 4.000011204840595, 4.000011204840553, 4.000011204840544, 4.000011204840532, 4.000011255304216, 4.000011255304217, 4.000011255304228, 4.000011255304214, 4.000011255304177, 4.000011287539514, 4.000011287539481, 4.000011287539526, 4.000011287539514, 4.000011287539474, 4.0000113163288935, 4.00001131632883, 4.0000113163289, 4.000011316328892, 4.0000113163288615, 4.0000113516815325, 4.00001135168145, 4.00001135168154, 4.000011351681528, 4.0000113516815095, 4.000011401182066, 4.000011401181993, 4.000011401182072, 4.000011401182066, 4.0000114011820695, 4.000011459455377, 4.0000114594553144, 4.000011459455385, 4.000011459455377, 4.0000114594554, 4.000011524114839, 4.0000115241147975, 4.000011524114842, 4.000011524114837, 4.000011524114873, 4.000011585963329, 4.000011585963305, 4.000011585963338, 4.000011585963337, 4.00001158596336, 4.000011641360569, 4.000011641360567, 4.000011641360575, 4.000011641360569, 4.000011641360591, 4.0000116835480695, 4.000011683548094, 4.000011683548076, 4.000011683548073, 4.000011683548079, 4.000011715764145, 4.0000117157641935, 4.000011715764149, 4.0000117157641455, 4.000011715764132, 4.000011748391506, 4.000011748391555, 4.000011748391512, 4.0000117483915085, 4.000011748391487, 4.000011789950274, 4.0000117899503245, 4.000011789950283, 4.000011789950278, 4.000011789950251, 4.000011843039543, 4.000011843039578, 4.000011843039547, 4.0000118430395455, 4.000011843039526, 4.000011897002749, 4.000011897002783, 4.000011897002754, 4.000011897002751, 4.000011897002743, 4.000011945619043, 4.000011945619042, 4.000011945619046, 4.000011945619044, 4.000011945619047, 4.000011984253168, 4.000011984253167, 4.000011984253172, 4.00001198425317, 4.0000119842531765, 4.000012017032444, 4.00001201703242, 4.0000120170324545, 4.000012017032449, 4.000012017032461, 4.000012052914187, 4.00001205291415, 4.000012052914193, 4.000012052914193, 4.000012052914199, 4.000012092474664, 4.000012092474626, 4.000012092474665, 4.000012092474665, 4.000012092474664, 4.0000121323890125, 4.0000121323889894, 4.00001213238902, 4.000012132389017, 4.000012132389011, 4.0000121740236905, 4.000012174023674, 4.000012174023699, 4.000012174023686, 4.00001217402369, 4.000012216606297, 4.00001221660628, 4.000012216606307, 4.000012216606295, 4.000012216606286, 4.000012259830622, 4.000012259830618, 4.0000122598306245, 4.000012259830625, 4.000012259830619, 4.000012297893159, 4.000012297893172, 4.000012297893165, 4.000012297893166, 4.0000122978931545, 4.000012335004658, 4.000012335004676, 4.000012335004666, 4.000012335004654, 4.0000123350046595, 4.0000123741723295, 4.0000123741723534, 4.00001237417234, 4.000012374172328, 4.00001237417233, 4.000012418394656, 4.000012418394681, 4.000012418394664, 4.000012418394652, 4.000012418394655, 4.000012465431138, 4.000012465431149, 4.000012465431148, 4.000012465431134, 4.000012465431139, 4.000012514310402, 4.000012514310413, 4.000012514310404, 4.000012514310403, 4.000012514310409, 4.000012559391925, 4.000012559391933, 4.000012559391934, 4.00001255939192, 4.000012559391933, 4.00001260493253, 4.000012604932536, 4.000012604932532, 4.000012604932528, 4.000012604932529, 4.000012646142563, 4.000012646142556, 4.000012646142572, 4.000012646142562, 4.0000126461425625, 4.000012688183383, 4.000012688183371, 4.000012688183385, 4.000012688183379, 4.000012688183385, 4.000012727460126, 4.0000127274600965, 4.000012727460131, 4.000012727460126, 4.000012727460117, 4.000012768795075, 4.000012768795061, 4.000012768795082, 4.000012768795078, 4.000012768795073, 4.000012811555901, 4.000012811555889, 4.000012811555909, 4.000012811555905, 4.000012811555895, 4.000012855512934, 4.000012855512923, 4.00001285551294, 4.000012855512932, 4.000012855512935, 4.000012898612364, 4.000012898612365, 4.000012898612373, 4.000012898612361, 4.000012898612367, 4.00001294238017, 4.00001294238017, 4.000012942380178, 4.000012942380169, 4.000012942380179, 4.000012986639366, 4.000012986639378, 4.000012986639372, 4.000012986639367, 4.00001298663937, 4.000013030874472, 4.000013030874483, 4.000013030874476, 4.000013030874475, 4.000013030874472, 4.000013074187287, 4.000013074187307, 4.00001307418729, 4.000013074187287, 4.000013074187285, 4.000013116811223, 4.0000131168112265, 4.000013116811229, 4.000013116811224, 4.000013116811211, 4.0000131596369375, 4.000013159636947, 4.000013159636943, 4.000013159636935, 4.000013159636936, 4.000013201732279, 4.000013201732276, 4.000013201732286, 4.000013201732281, 4.000013201732276, 4.00001324382742, 4.000013243827422, 4.000013243827428, 4.00001324382742, 4.000013243827427, 4.000013287035641, 4.000013287035639, 4.000013287035646, 4.000013287035641, 4.000013287035648, 4.000013329674608, 4.000013329674598, 4.0000133296746165, 4.000013329674609, 4.000013329674612, 4.0000133744576996, 4.000013374457694, 4.0000133744577075, 4.000013374457698, 4.000013374457702, 4.000013420369172, 4.000013420369157, 4.000013420369184, 4.000013420369174, 4.00001342036917, 4.000013470104474, 4.000013470104474, 4.000013470104478, 4.00001347010447, 4.000013470104476, 4.00001351766865, 4.000013517668653, 4.000013517668659, 4.000013517668653, 4.000013517668641, 4.000013566918253]
Total optimisation time observed during ADAM optimization: 2.929695 seconds
Median time per evaluation during ADAM optimization: 0.013655 seconds
4.000013566918253
QAOA optimisation for n=11 took 3.73 seconds; started at 1777574329.725987 and finished at 1777574333.459695
Finished QAOA for n=8 nodes, m=12 edges at 2026-04-30 20:38:53 on Apple M4. Time taken: 3.73 seconds. Hours: 0.00 hours. Peak RAM: 270.28 MB.
Unknown graph type for approximation ratio calculation; skipping approx ratio computation.
CSV writing for n=11 took 0.00 seconds; started at 1777574333.459698 and finished at 1777574333.460187
results: {11: 4.000013566918253}
durations: {8: 3.7337119579315186}
Results saved to: logs/adam/qaoa_results_adam_20260430_200911.csv
Global end time: 1777574333.460191
Finalisation time: 0.00 seconds; started at 1777574333.460188 and finished at 1777574333.460193
Sum of all section times: 3.82 seconds
