2026-04-30 20:10:28.273 system_profiler[5848:1070691] hw.cpufamily: 0x6f5129ac
Starting QAOA benchmark with global start time: 1777572628.198487
Benchmark parameters: {'optimiser': 'adam', 'circuit_type': 'hamqaoa', 'parameter_vector': [1, 1, 1], 'iterations_list': [50, 100, 200, 500], 'learning_rate_adam': 0.05, 'depth_list': [1, 2, 5, 10], 'n_start': 0, 'n_end': 30, 'singlet_injection': False, 'start_index_singlet': 0, 'warm_start': True, 'compare_with_010101': False, 'warm_start_correlations': False, 'init_QAOAparams_close_to_zero': False, 'use_correlations_as_initial_params': False, 'time_limit': 10800, 'failed_instance_termination_thrsh': 10, 'graph_generation_type': 'HOG', 'weighted': False, 'easiest_first': True, 'cpu_util_threshold': 90, 'debug': False, 'save_circuit_svg': False, 'rerun_exclude_finished_instances': False, 'optimiser_debug_iterations': 1, 'relative_graph_adjList_path': '/Users/julian_dev/Projects/MasterThesis/QAOA/HOG_graphs/list_27_graphs_adjacency_list.txt'}, Running QAOA with equal superposition
Benchmark run ID: f6ec8393
Processor: Apple M4
Hostname: Mac-mini-som-tillhor-Julian.local
Total RAM (GB): 16.0
Physical cores: 10
Logical cores: 10
Python version: 3.13.1
Initialisation time: 0.09 seconds; started at {'initialisation': 0.09312987327575684} and finished at 1777572628.291626
Loaded HOG graph index 0 with 6 edges.
Instance generation for n=0 took 0.00 seconds; started at 1777572628.2916312 and finished at 1777572628.291936
Running QAOA for n=4 nodes, m=6 edges...; Max iterations: 50
Warm-start: using parameter_vector=[1, 1, 1]
Warm-start: starting SDP solve for n_vertices=4
Starting SDP solve (solver preference: MOSEK, fallback: SCS) for n_vertices=4, matrix_dim=12, edges=6
Finished SDP solve with MOSEK. status=optimal. elapsed_seconds=0.02
Rounding...
n_vertices: 4 for n = 12
Using seed None to generate random matrix for x.
r_0: [-0.0331427  -0.96696611  0.25274118]
Product state qubit 0: [[ 0.62637059+0.j         -0.01657135+0.48348306j]
 [-0.01657135-0.48348306j  0.37362941+0.j        ]]
Diagonal entries of product state 0: [0.62637059 0.37362941]
r_1: [-0.1291776   0.98332973 -0.12796793]
Product state qubit 1: [[ 0.43601604+0.j         -0.0645888 -0.49166486j]
 [-0.0645888 +0.49166486j  0.56398396+0.j        ]]
Diagonal entries of product state 1: [0.43601604 0.56398396]
r_2: [-0.97837167  0.20442541  0.03160891]
Product state qubit 2: [[ 0.51580446+0.j        -0.48918584-0.1022127j]
 [-0.48918584+0.1022127j  0.48419554+0.j       ]]
Diagonal entries of product state 2: [0.51580446 0.48419554]
r_3: [ 0.87705762  0.40846215 -0.25284106]
Product state qubit 3: [[0.37357947+0.j         0.43852881-0.20423108j]
 [0.43852881+0.20423108j 0.62642053+0.j        ]]
Diagonal entries of product state 3: [0.37357947 0.62642053]
y_scalar: False
[1, -1, 1, -1]
Hamiltonian equals product state? [[False False False False]
 [False False False False]
 [False False False False]
 [False False False False]]
Hamiltonian: [[ 0. +0.j  0. +0.j  0. +0.j  0. +0.j]
 [ 0. +0.j  0.5+0.j -0.5+0.j  0. +0.j]
 [ 0. +0.j -0.5+0.j  0.5+0.j  0. +0.j]
 [ 0. +0.j  0. +0.j  0. +0.j  0. +0.j]], product state: [[ 0.16288664+0.j          0.19120559-0.08904802j -0.02412905-0.1836759j
  -0.12873729-0.20241817j]
 [ 0.19120559+0.08904802j  0.2731294 +0.j          0.07208919-0.22880025j
  -0.04045975-0.30798897j]
 [-0.02412905+0.1836759j   0.07208919+0.22880025j  0.21069283+0.j
   0.24732322-0.11518305j]
 [-0.12873729+0.20241817j -0.04045975+0.30798897j  0.24732322+0.11518305j
   0.35329114+0.j        ]]
Hamiltonian equals product state? [[False False False False]
 [False False False False]
 [False False False False]
 [False False False False]]
Hamiltonian: [[ 0. +0.j  0. +0.j  0. +0.j  0. +0.j]
 [ 0. +0.j  0.5+0.j -0.5+0.j  0. +0.j]
 [ 0. +0.j -0.5+0.j  0.5+0.j  0. +0.j]
 [ 0. +0.j  0. +0.j  0. +0.j  0. +0.j]], product state: [[ 0.27310762+0.j         -0.04045652-0.30796441j -0.00722537+0.21080636j
   0.23878195-0.02308004j]
 [-0.04045652+0.30796441j  0.35326297+0.j         -0.23664131-0.03937514j
  -0.00934598+0.27267669j]
 [-0.00722537-0.21080636j -0.23664131+0.03937514j  0.16290841+0.j
  -0.02413228-0.18370045j]
 [ 0.23878195+0.02308004j -0.00934598-0.27267669j -0.02413228+0.18370045j
   0.210721  +0.j        ]]
Hamiltonian equals product state? [[False False False False]
 [False False False False]
 [False False False False]
 [False False False False]]
Hamiltonian: [[ 0. +0.j  0. +0.j  0. +0.j  0. +0.j]
 [ 0. +0.j  0.5+0.j -0.5+0.j  0. +0.j]
 [ 0. +0.j -0.5+0.j  0.5+0.j  0. +0.j]
 [ 0. +0.j  0. +0.j  0. +0.j  0. +0.j]], product state: [[ 0.19269395+0.j          0.22619511-0.1053433j  -0.18274978-0.03818457j
  -0.23539709+0.05508373j]
 [ 0.22619511+0.1053433j   0.3231105 +0.j         -0.19364707-0.14473016j
  -0.30643605-0.06402814j]
 [-0.18274978+0.03818457j -0.19364707+0.14473016j  0.18088551+0.j
   0.21233369-0.09888778j]
 [-0.23539709-0.05508373j -0.30643605+0.06402814j  0.21233369+0.09888778j
   0.30331003+0.j        ]]
Hamiltonian equals product state? [[False False False False]
 [False False False False]
 [False False False False]
 [False False False False]]
Hamiltonian: [[ 0. +0.j  0. +0.j  0. +0.j  0. +0.j]
 [ 0. +0.j  0.5+0.j -0.5+0.j  0. +0.j]
 [ 0. +0.j -0.5+0.j  0.5+0.j  0. +0.j]
 [ 0. +0.j  0. +0.j  0. +0.j  0. +0.j]], product state: [[ 0.23399919+0.j          0.27468155-0.12792434j -0.00619072+0.18061934j
   0.09147525+0.21540563j]
 [ 0.27468155+0.12792434j  0.3923714 +0.j         -0.10600928+0.20863686j
  -0.01038063+0.30286371j]
 [-0.00619072-0.18061934j -0.10600928-0.20863686j  0.13958028+0.j
   0.16384726-0.07630674j]
 [ 0.09147525-0.21540563j -0.01038063-0.30286371j  0.16384726+0.07630674j
   0.23404914+0.j        ]]
Hamiltonian equals product state? [[False False False False]
 [False False False False]
 [False False False False]
 [False False False False]]
Hamiltonian: [[ 0. +0.j  0. +0.j  0. +0.j  0. +0.j]
 [ 0. +0.j  0.5+0.j -0.5+0.j  0. +0.j]
 [ 0. +0.j -0.5+0.j  0.5+0.j  0. +0.j]
 [ 0. +0.j  0. +0.j  0. +0.j  0. +0.j]], product state: [[ 0.22489901+0.j         -0.21329287-0.04456638j -0.03331519-0.25360293j
  -0.01865847+0.24711728j]
 [-0.21329287+0.04456638j  0.21111702+0.j          0.08185032+0.23391369j
  -0.03127361-0.23806194j]
 [-0.03331519+0.25360293j  0.08185032-0.23391369j  0.29090544+0.j
  -0.27589297-0.05764633j]
 [-0.01865847-0.24711728j -0.03127361+0.23806194j -0.27589297+0.05764633j
   0.27307852+0.j        ]]
Hamiltonian equals product state? [[False False False False]
 [False False False False]
 [False False False False]
 [False False False False]]
Hamiltonian: [[ 0. +0.j  0. +0.j  0. +0.j  0. +0.j]
 [ 0. +0.j  0.5+0.j -0.5+0.j  0. +0.j]
 [ 0. +0.j -0.5+0.j  0.5+0.j  0. +0.j]
 [ 0. +0.j  0. +0.j  0. +0.j  0. +0.j]], product state: [[ 0.32308474+0.j         -0.30641162-0.06402303j -0.00854758+0.24938271j
   0.05752458-0.23481926j]
 [-0.30641162+0.06402303j  0.30328585+0.j         -0.04131164-0.23820687j
  -0.00802377+0.23410034j]
 [-0.00854758-0.24938271j -0.04131164+0.23820687j  0.19271972+0.j
  -0.18277422-0.03818967j]
 [ 0.05752458+0.23481926j -0.00802377-0.23410034j -0.18277422+0.03818967j
   0.1809097 +0.j        ]]
Energy of rounded cut: 1.9406544454118726
Check the cut: [1, -1, 1, -1]
4 in cut out of a total of 6 edges
Warm-start: SDP solve + rounding finished in 0.03 seconds
Warm-start: statevector build finished in 0.00 seconds
warm_start_correlations: None
Edges: [(1, 3), (0, 1), (2, 3), (0, 3), (1, 2), (0, 2)], weights: [1.0, 1.0, 1.0, 1.0, 1.0, 1.0], set of nodes: {0, 1, 2, 3}, n: 4 nodes, p: 1 layers, N_bayes: 50 iterations
Initial state injected as warm start
Initial state energy for vector-normalised SDP solution used as warm start: 1.940654445411873
Running ADAM optimization with a single iteration (no debug loop)
ADAM optimizer configured with maxiter=50 and learning_rate=0.05
Generated 4 random initial parameter sets for ADAM optimization
Using random initial parameters with:
Param_type 1:  [2.22668978]
Param_type 2:  [-2.4607378]
Param_type 3:  [-2.79222684]
Param_type 4:  [-2.40858072]
Energies observed during ADAM optimization: [1.4762494573295575, 1.4762494573363814, 1.4762494573862803, 1.4762494573295575, 1.4762494572893752, 1.5221175776110172, 1.5221175776001108, 1.5221175776567788, 1.522117577611018, 1.5221175775645344, 1.5743156695279579, 1.574315669499029, 1.5743156695631244, 1.5743156695279585, 1.574315669457473, 1.6438250336177211, 1.6438250335640667, 1.6438250336427807, 1.6438250336177198, 1.64382503352221, 1.7311302416326595, 1.7311302415529148, 1.731130241647851, 1.7311302416326595, 1.7311302415173044, 1.8329089939777072, 1.8329089938774412, 1.832908993983149, 1.8329089939777072, 1.8329089938520358, 1.9414950348338313, 1.941495034724492, 1.941495034829777, 1.941495034833831, 1.9414950347108542, 2.0454762954594705, 2.0454762953556975, 2.045476295446888, 2.045476295459469, 2.045476295353979, 2.131696406230643, 2.1316964061465544, 2.131696406211745, 2.131696406230644, 2.1316964061565797, 2.1884289373119525, 2.1884289372573917, 2.1884289372901606, 2.1884289373119516, 2.188428937279123, 2.209865720092118, 2.209865720069927, 2.2098657200711647, 2.20986572009212, 2.209865720103045, 2.2005598370909096, 2.200559837096767, 2.200559837073488, 2.200559837090911, 2.2005598371396387, 2.1744344227347137, 2.174434422760474, 2.174434422721691, 2.1744344227347128, 2.1744344228094366, 2.1463900699677567, 2.1463900700060305, 2.1463900699585854, 2.1463900699677567, 2.1463900700558654, 2.125225978610977, 2.12522597865738, 2.1252259786045915, 2.125225978610977, 2.125225978702641, 2.1135840058550213, 2.11358400590779, 2.113584005850421, 2.1135840058550213, 2.113584005943985, 2.1110085833303414, 2.111008583389003, 2.1110085833267203, 2.111008583330342, 2.1110085834131898, 2.116219098975278, 2.1162190990394434, 2.116219098971982, 2.1162190989752783, 2.116219099050391, 2.127950741225252, 2.1279507412937892, 2.127950741221732, 2.127950741225251, 2.1279507412918717, 2.1449037670548887, 2.1449037671254465, 2.144903767050725, 2.144903767054887, 2.1449037671123854, 2.1653614976254394, 2.165361497694321, 2.165361497620439, 2.1653614976254394, 2.1653614976728544, 2.186890452117996, 2.186890452180385, 2.186890452112315, 2.1868904521179955, 2.1868904521538943, 2.206401470970416, 2.2064014710210413, 2.2064014709646176, 2.206401470970417, 2.2064014709931126, 2.2207055897012262, 2.220705589735336, 2.220705589696232, 2.2207055897012262, 2.2207055897092842, 2.2274810649129395, 2.2274810649274213, 2.2274810649098225, 2.2274810649129395, 2.227481064905801, 2.226280033010876, 2.226280033005059, 2.2262800330105343, 2.226280033010876, 2.2262800329893087, 2.218959236322259, 2.2189592362980206, 2.218959236325135, 2.218959236322258, 2.2189592362884243, 2.2090780103792835, 2.209078010340436, 2.209078010385211, 2.209078010379283, 2.209078010336384, 2.2004932206077217, 2.2004932205590086, 2.2004932206160004, 2.2004932206077212, 2.200493220559446, 2.1959886344542108, 2.195988634400474, 2.1959886344637964, 2.195988634454212, 2.195988634404264, 2.1966056768342113, 2.196605676779969, 2.196605676843952, 2.1966056768342104, 2.1966056767860604, 2.2017156205989634, 2.2017156205482564, 2.2017156206078043, 2.201715620598965, 2.2017156205556914, 2.2095331114948995, 2.209533111451195, 2.2095331115020183, 2.2095331114948995, 2.2095331114590935, 2.2177999091015224, 2.217799909067568, 2.217799909106437, 2.217799909101521, 2.2177999090750964, 2.2244716073166684, 2.2244716072942503, 2.224471607319251, 2.22447160731667, 2.2244716073006994, 2.2282630659814586, 2.228263065971215, 2.2282630659818934, 2.228263065981458, 2.228263065976072, 2.2289095618909407, 2.2289095618923565, 2.228909561889619, 2.2289095618909407, 2.228909561895361, 2.2270719512484445, 2.2270719512600277, 2.2270719512458363, 2.2270719512484445, 2.227071951261182, 2.223959865363116, 2.223959865382744, 2.2239598653596664, 2.2239598653631174, 2.223959865382266, 2.220863962030644, 2.220863962055911, 2.22086396202671, 2.220863962030644, 2.2208639620541506, 2.2187856473943723, 2.218785647422841, 2.2187856473902254, 2.2187856473943715, 2.2187856474202214, 2.2182490233934793, 2.2182490234228256, 2.2182490233893177, 2.2182490233934784, 2.218249023419784, 2.219278197951072, 2.2192781979791425, 2.2192781979470713, 2.2192781979510725, 2.219278197976104, 2.2214835965129307, 2.221483596537769, 2.221483596509267, 2.2214835965129294, 2.221483596535133, 2.224212532203642, 2.2242125322235697, 2.2242125322005175, 2.2242125322036417, 2.22421253222168, 2.22673857299593, 2.226738573009654, 2.226738572993556, 2.22673857299593, 2.226738573008756, 2.2284616913239925, 2.2284616913307396, 2.228461691322566, 2.228461691323994, 2.228461691330955, 2.229075079269616, 2.229075079269234, 2.2290750792692666, 2.2290750792696175, 2.2290750792705425, 2.228643018541201, 2.2286430185342145, 2.2286430185419577, 2.2286430185412, 2.228643018536435, 2.22755269339149, 2.2275526933790353, 2.2275526933932452, 2.2275526933914906, 2.227552693381858, 2.226352479492148]
Total optimisation time observed during ADAM optimization: 0.226131 seconds
Median time per evaluation during ADAM optimization: 0.003044 seconds
2.226352479492148
QAOA optimisation for n=0 took 0.31 seconds; started at 1777572628.291938 and finished at 1777572628.6057081
Finished QAOA for n=4 nodes, m=6 edges at 2026-04-30 20:10:28 on Apple M4. Time taken: 0.31 seconds. Hours: 0.00 hours. Peak RAM: 216.28 MB.
Computing complete graph approximation ratio
CSV writing for n=0 took 0.01 seconds; started at 1777572628.605709 and finished at 1777572628.611614
results: {0: 2.226352479492148}
durations: {4: 0.31377196311950684}
Results saved to: logs/adam/qaoa_results_adam_20260430_200911.csv
Global end time: 1777572628.611619
Finalisation time: 0.00 seconds; started at 1777572628.611616 and finished at 1777572628.6116202
Sum of all section times: 0.41 seconds
