Starting QAOA benchmark with global start time: 1786933189.2997775
Benchmark parameters: {'optimiser': 'adam', 'optimiser_use_heuristic': True, 'heuristic_optimiser_iterations': 1, 'heuristic_optimiser_sampleSize': 20, 'circuit_type': 'hamqaoa', 'parameter_vector': [1, 1, 1], 'iterations_list': [50], 'learning_rate_adam': 0.005, 'depth_list': [1, 2, 3, 5], 'n_start': None, 'n_end': None, 'singlet_injection': False, 'start_index_singlet': None, 'warm_start': True, 'warm_start_mode': 'standard', 'lasserre_level': 1, 'initial_solver_level_M': 1, 'sdp_seed': None, 'sdp_solver_mode': 'scs', 'sdp_scs_eps': 1e-06, 'sdp_scs_max_iters': 100000, 'warm_start_corr_strength': None, 'warm_start_corr_repeats': None, 'compare_with_010101': False, 'init_QAOAparams_close_to_zero': False, 'use_correlations_as_initial_params': False, 'time_limit': None, 'failed_instance_termination_thrsh': None, 'graph_generation_type': 'hog', 'weighted': False, 'easiest_first': False, 'cpu_util_threshold': None, 'debug': False, 'save_circuit_svg': False, 'rerun_exclude_finished_instances': True, 'warm_start_cache_producer_only': False, 'qaoa_only_from_existing_warm_start_cache': True, 'optimiser_debug_iterations': None, 'num_repeats': 1, 'relative_graph_adjList_path': 'HOG_graphs/Exp5/list_193_graphs_adjacency_listhog_v04-12_planar_clawFree.txt', 'persistent_warm_start_cache': True, 'warm_start_cache_dir': 'Results/warm_start_cache', 'warm_start_cache_max_file_mb': 512, 'warm_start_cache_max_total_gb': 60, 'sdp_max_parallel': 0, 'qaoa_max_parallel': 16, 'sdp_threads': 1, 'qaoa_threads': 1, 'sdp_memory_limit_total_gb': 0, 'sdp_memory_limit_single_gb': 0, 'sdp_memory_poll_seconds': 5, 'sdp_max_retries': 0, 'queue_poll_interval_seconds': 5, 'max_graph_vertices': 11, 'completed_result_csv_paths': [], 'qaoa_seed': 1, 'initialise_standard_warm_start_with_zero_angles': False, 'result_name_suffix': '_Exp5_subexp4_standardWithHeuristic'}, Running QAOA with equal superposition
Benchmark run ID: a08834e4
Benchmark repeat index: 1
SDP seed override: None
QAOA seed: 17400201
Processor: x86_64
Hostname: dacsgpu0002
Total RAM (GB): None
Physical cores: 64
Logical cores: 64
Python version: 3.11.15
Initialisation time: 0.00 seconds; started at stardate {'initialisation': 0.0036978721618652344} and finished at stardate1786933189.303481
Loaded HOG graph index 174 with 8 edges.
Instance generation for n=174 took 0.00 seconds; started at stardate 1786933189.303486 and finished at stardate 1786933189.3081431
Running QAOA for n=7 nodes, m=8 edges...; Max iterations: 50
Warm-start cache: loading Results/warm_start_cache/list_193_graphs_adjacency_listhog_v04-12_planar_clawFree__filehash_62ae5075/hog_idx000174_995c1462b3ee_noseed_L1_M1_amplified.npz
Warm-start cache: loaded in 0.0015 seconds; effective compute time=0.13327646255493164
Edges: [(0, 1), (2, 3), (4, 6), (5, 6), (4, 5), (2, 5), (1, 4), (3, 6)], weights: [1.0, 1.0, 1.0, 1.0, 1.0, 1.0, 1.0, 1.0], set of nodes: {0, 1, 2, 3, 4, 5, 6}, n: 7 nodes, p: 3 layers, N_bayes: 50 iterations
Solving for uuid: abceeeda
Initial state injected as warm start
Running ADAM optimization with a single iteration (no debug loop)
3.9173024180947555
QAOA optimisation for n=174 took 9.41 seconds; started at stardate 1786933189.3081477 and finished at stardate 1786933198.723149
Finished QAOA for n=7 nodes, m=8 edges at 2026-08-17 04:19:58 on x86_64. Time taken: 9.42 seconds. Hours: 0.00 hours. Peak RAM: 0.24 MB.
Unknown graph type for approximation ratio calculation; checking misc CSV.
Checking optimal_results_misc.csv for matching edges and weights...
Found matching exact result in misc CSV: 5.06681194625097
CSV writing for n=174 took 0.01 seconds; started at stardate 1786933198.7231586 and finished at stardate 1786933198.736415
results: {174: 3.9173024180947555}
durations: {7: 9.415005922317505}
Results saved to: Results/logs/adam/qaoa_results_adam_20260817_021622_pid3070102_Exp5_subexp4_standardWithHeuristic.csv
Global end time: 1786933198.7364283
Finalisation time: 0.00 seconds; started at stardate 1786933198.7364194 and finished at stardate 1786933198.7364337
Sum of all section times: 9.44 seconds
run_id: a08834e4
