Starting QAOA benchmark with global start time: 1787621026.6088119
Benchmark parameters: {'optimiser': 'adam', 'optimiser_use_heuristic': False, 'heuristic_optimiser_iterations': None, 'heuristic_optimiser_sampleSize': None, 'circuit_type': 'hamqaoa', 'parameter_vector': [1, 1, 1], 'iterations_list': [50], 'learning_rate_adam': 0.01, 'depth_list': [1, 2, 3, 4, 5], 'n_start': None, 'n_end': None, 'singlet_injection': False, 'start_index_singlet': None, 'warm_start': True, 'warm_start_mode': 'standard', 'lasserre_level': 1, 'initial_solver_level_M': 1, 'sdp_seed': None, 'sdp_solver_mode': 'scs', 'sdp_scs_eps': 1e-06, 'sdp_scs_max_iters': 100000, 'warm_start_corr_strength': None, 'warm_start_corr_repeats': None, 'compare_with_010101': False, 'init_QAOAparams_close_to_zero': False, 'use_correlations_as_initial_params': False, 'time_limit': None, 'failed_instance_termination_thrsh': None, 'graph_generation_type': 'hog', 'weighted': False, 'easiest_first': False, 'cpu_util_threshold': None, 'debug': False, 'save_circuit_svg': False, 'rerun_exclude_finished_instances': False, 'warm_start_cache_producer_only': False, 'qaoa_only_from_existing_warm_start_cache': True, 'optimiser_debug_iterations': None, 'num_repeats': 1, 'relative_graph_adjList_path': 'HOG_graphs/Exp5/list_193_graphs_adjacency_listhog_v04-12_planar_clawFree.txt', 'persistent_warm_start_cache': True, 'warm_start_cache_dir': 'Results/warm_start_cache', 'warm_start_cache_max_file_mb': 512, 'warm_start_cache_max_total_gb': 60, 'sdp_max_parallel': 0, 'qaoa_max_parallel': 16, 'sdp_threads': 1, 'qaoa_threads': 1, 'sdp_memory_limit_total_gb': 0, 'sdp_memory_limit_single_gb': 0, 'sdp_memory_poll_seconds': 5, 'sdp_max_retries': 0, 'queue_poll_interval_seconds': 5, 'max_graph_vertices': 10, 'completed_result_csv_paths': [], 'qaoa_seed': 1, 'initialise_standard_warm_start_with_zero_angles': False, 'result_name_suffix': '_Exp5_subexp4_standardWithHeuristic_rerun2508'}, Running QAOA with equal superposition
Benchmark run ID: 729491e2
Benchmark repeat index: 1
SDP seed override: None
QAOA seed used: 1
Processor: x86_64
Hostname: dacsgpu0003
Total RAM (GB): None
Physical cores: 64
Logical cores: 64
Python version: 3.11.15
Initialisation time: 0.00 seconds; started at stardate {'initialisation': 0.0033724308013916016} and finished at stardate1787621026.6121907
Loaded HOG graph index 21 with 9 edges.
Instance generation for n=21 took 0.00 seconds; started at stardate 1787621026.6121953 and finished at stardate 1787621026.615987
Running QAOA for n=10 nodes, m=9 edges...; Max iterations: 50
Warm-start cache: loading Results/warm_start_cache/list_193_graphs_adjacency_listhog_v04-12_planar_clawFree__filehash_62ae5075/hog_idx000021_f8a7b7126715_noseed_L1_M1_amplified.npz
Warm-start cache: loaded in 0.0012 seconds; effective compute time=0.323580265045166
Edges: [(2, 3), (6, 9), (5, 7), (3, 5), (4, 6), (1, 8), (7, 8), (0, 9), (2, 4)], weights: [1.0, 1.0, 1.0, 1.0, 1.0, 1.0, 1.0, 1.0, 1.0], set of nodes: {0, 1, 2, 3, 4, 5, 6, 7, 8, 9}, n: 10 nodes, p: 3 layers, N_bayes: 50 iterations
Solving for uuid: caf579de
Initial state injected as warm start
Running ADAM optimization with a single iteration (no debug loop)
5.534580072575267
QAOA optimisation for n=21 took 55.34 seconds; started at stardate 1787621026.6159918 and finished at stardate 1787621081.9555357
Finished QAOA for n=10 nodes, m=9 edges at 2026-08-25 03:24:41 on x86_64. Time taken: 55.34 seconds. Hours: 0.02 hours. Peak RAM: 1.0 MB.
Computing line approximation ratio
CSV writing for n=21 took 0.01 seconds; started at stardate 1787621081.955544 and finished at stardate 1787621081.9637418
results: {21: 5.534580072575267}
durations: {10: 55.33954954147339}
Results saved to: Results/logs/adam/qaoa_results_adam_20260825_014921_pid880146_Exp5_subexp4_standardWithHeuristic_rerun2508.csv
Global end time: 1787621081.9637532
Finalisation time: 0.00 seconds; started at stardate 1787621081.9637463 and finished at stardate 1787621081.963757
Sum of all section times: 55.35 seconds
run_id: 729491e2
