Starting QAOA benchmark with global start time: 1782863316.8326182
Benchmark parameters: {'optimiser': 'adam', 'optimiser_use_heuristic': True, 'heuristic_optimiser_iterations': 2, 'heuristic_optimiser_sampleSize': 1000, 'circuit_type': 'hamqaoa', 'parameter_vector': [1, 1, 1], 'iterations_list': [50], 'learning_rate_adam': 0.05, 'depth_list': [1, 3, 5], 'n_start': None, 'n_end': 77, 'singlet_injection': False, 'start_index_singlet': None, 'warm_start': True, 'warm_start_mode': 'standard', 'lasserre_level': 2, 'initial_solver_level_M': 2, 'sdp_seed': None, 'warm_start_corr_strength': None, 'warm_start_corr_repeats': None, 'compare_with_010101': False, 'init_QAOAparams_close_to_zero': False, 'use_correlations_as_initial_params': False, 'time_limit': None, 'failed_instance_termination_thrsh': None, 'graph_generation_type': 'hog', 'weighted': False, 'easiest_first': True, 'cpu_util_threshold': None, 'debug': False, 'save_circuit_svg': False, 'rerun_exclude_finished_instances': True, 'warm_start_cache_producer_only': False, 'qaoa_only_from_existing_warm_start_cache': True, 'optimiser_debug_iterations': None, 'num_repeats': 1, 'relative_graph_adjList_path': 'HOG_graphs/random_graphs_8to14vertices_78instances_20260625_143415_AdjacencyList.txt', 'persistent_warm_start_cache': True, 'warm_start_cache_dir': 'Results/warm_start_cache/fast_test_scs_mosek', 'warm_start_cache_max_file_mb': 512, 'warm_start_cache_max_total_gb': 60, 'sdp_max_parallel': 0, 'qaoa_max_parallel': 32, 'sdp_threads': 1, 'qaoa_threads': 1, 'sdp_memory_limit_total_gb': 40, 'sdp_memory_limit_single_gb': 40, 'sdp_memory_poll_seconds': 5, 'sdp_max_retries': 3, 'queue_poll_interval_seconds': 5}, Running QAOA with equal superposition
Benchmark run ID: 63226eb3
Benchmark repeat index: 1
SDP seed override: None
Processor: x86_64
Hostname: dacsgpu0002
Total RAM (GB): None
Physical cores: 64
Logical cores: 64
Python version: 3.11.15
Initialisation time: 0.06 seconds; started at stardate {'initialisation': 0.058743953704833984} and finished at stardate1782863316.8913898
Loaded HOG graph index 25 with 15 edges.
Instance generation for n=25 took 0.00 seconds; started at stardate 1782863316.8913984 and finished at stardate 1782863316.8955312
Running QAOA for n=10 nodes, m=15 edges...; Max iterations: 50
Warm-start cache: loading Results/warm_start_cache/fast_test_scs_mosek/random_graphs_8to14vertices_78instances_20260625_143415_AdjacencyList__filehash_a79662a0/hog_idx000025_30d35430afb5_noseed_L2_M2_standard.npz
Warm-start cache: loaded in 0.0211 seconds; effective compute time=50849.8620557785
Edges: [(8, 9), (3, 9), (1, 3), (0, 1), (2, 7), (4, 7), (4, 6), (0, 6), (4, 9), (1, 5), (2, 8), (7, 8), (2, 5), (0, 5), (3, 6)], weights: [1.0, 1.0, 1.0, 1.0, 1.0, 1.0, 1.0, 1.0, 1.0, 1.0, 1.0, 1.0, 1.0, 1.0, 1.0], set of nodes: {0, 1, 2, 3, 4, 5, 6, 7, 8, 9}, n: 10 nodes, p: 1 layers, N_bayes: 50 iterations
Solving for uuid: 3871bc98
Initial state injected as warm start
Running ADAM optimization with a single iteration (no debug loop)
10.28786735495642
QAOA optimisation for n=25 took 6590.23 seconds; started at stardate 1782863316.8955379 and finished at stardate 1782869907.1284575
Finished QAOA for n=10 nodes, m=15 edges at 2026-07-01 03:38:27 on x86_64. Time taken: 6590.23 seconds. Hours: 1.83 hours. Peak RAM: 0.51 MB.
Unknown graph type for approximation ratio calculation; checking misc CSV.
Checking optimal_results_misc.csv for matching edges and weights...
Found matching exact result in misc CSV: 8.907724921400774
CSV writing for n=25 took 0.03 seconds; started at stardate 1782869907.1284661 and finished at stardate 1782869907.1603036
results: {25: 10.28786735495642}
durations: {10: 6590.2329268455505}
Results saved to: Results/logs/adam/qaoa_results_adam_20260701_012151_pid3267108.csv
Global end time: 1782869907.1603181
Finalisation time: 0.00 seconds; started at stardate 1782869907.1603093 and finished at stardate 1782869907.160322
Sum of all section times: 6590.33 seconds
run_id: 63226eb3
