Starting QAOA benchmark with global start time: 1784650624.4955986
Benchmark parameters: {'optimiser': 'adam', 'optimiser_use_heuristic': True, 'heuristic_optimiser_iterations': 1, 'heuristic_optimiser_sampleSize': 20, 'circuit_type': 'hamqaoa', 'parameter_vector': [1, 1, 1], 'iterations_list': [5, 10, 25, 50], 'learning_rate_adam': 0.005, 'depth_list': [1, 2], 'n_start': None, 'n_end': 44, 'singlet_injection': False, 'start_index_singlet': None, 'warm_start': True, 'warm_start_mode': 'standard', 'lasserre_level': 1, 'initial_solver_level_M': 1, 'sdp_seed': 42, 'sdp_solver_mode': 'scs', 'sdp_scs_eps': 1e-06, 'sdp_scs_max_iters': 100000, 'warm_start_corr_strength': None, 'warm_start_corr_repeats': None, 'compare_with_010101': False, 'init_QAOAparams_close_to_zero': False, 'use_correlations_as_initial_params': False, 'time_limit': None, 'failed_instance_termination_thrsh': None, 'graph_generation_type': 'hog', 'weighted': False, 'easiest_first': True, 'cpu_util_threshold': None, 'debug': False, 'save_circuit_svg': False, 'rerun_exclude_finished_instances': False, 'warm_start_cache_producer_only': False, 'qaoa_only_from_existing_warm_start_cache': True, 'optimiser_debug_iterations': None, 'num_repeats': 1, 'relative_graph_adjList_path': 'HOG_graphs/random_graphs_8to14vertices_78instances_20260625_143415_AdjacencyList.txt', 'persistent_warm_start_cache': True, 'warm_start_cache_dir': 'Results/warm_start_cache/experiment_3', 'warm_start_cache_max_file_mb': 512, 'warm_start_cache_max_total_gb': 60, 'sdp_max_parallel': 0, 'qaoa_max_parallel': 32, 'sdp_threads': 1, 'qaoa_threads': 1, 'sdp_memory_limit_total_gb': 100, 'sdp_memory_limit_single_gb': 100, 'sdp_memory_poll_seconds': 5, 'sdp_max_retries': 3, 'queue_poll_interval_seconds': 5}, Running QAOA with equal superposition
Benchmark run ID: 54b5d56f
Benchmark repeat index: 1
SDP seed override: 42
Processor: x86_64
Hostname: dacsgpu0002
Total RAM (GB): None
Physical cores: 64
Logical cores: 64
Python version: 3.11.15
Initialisation time: 0.00 seconds; started at stardate {'initialisation': 0.003093242645263672} and finished at stardate1784650624.498732
Loaded HOG graph index 0 with 11 edges.
Instance generation for n=0 took 0.00 seconds; started at stardate 1784650624.4987383 and finished at stardate 1784650624.5010893
Running QAOA for n=8 nodes, m=11 edges...; Max iterations: 25
Warm-start cache: loading Results/warm_start_cache/experiment_3/random_graphs_8to14vertices_78instances_20260625_143415_AdjacencyList__filehash_a79662a0/hog_idx000000_bd4f8ca3e79e_seed42_L1_M1_amplified.npz
Warm-start cache: loaded in 0.0011 seconds; effective compute time=0.16493439674377441
Edges: [(1, 3), (1, 6), (0, 7), (3, 5), (0, 3), (5, 6), (1, 5), (1, 4), (0, 2), (3, 6), (6, 7)], weights: [1.0, 1.0, 1.0, 1.0, 1.0, 1.0, 1.0, 1.0, 1.0, 1.0, 1.0], set of nodes: {0, 1, 2, 3, 4, 5, 6, 7}, n: 8 nodes, p: 2 layers, N_bayes: 25 iterations
Solving for uuid: c887f143
Initial state injected as warm start
Running ADAM optimization with a single iteration (no debug loop)
3.745868241172589
QAOA optimisation for n=0 took 3.70 seconds; started at stardate 1784650624.5010924 and finished at stardate 1784650628.204866
Finished QAOA for n=8 nodes, m=11 edges at 2026-07-21 18:17:08 on x86_64. Time taken: 3.70 seconds. Hours: 0.00 hours. Peak RAM: 0.24 MB.
Unknown graph type for approximation ratio calculation; checking misc CSV.
Checking optimal_results_misc.csv for matching edges and weights...
Found matching exact result in misc CSV: 6.1405390212315885
CSV writing for n=0 took 0.00 seconds; started at stardate 1784650628.2048757 and finished at stardate 1784650628.2073412
results: {0: 3.745868241172589}
durations: {8: 3.7037785053253174}
Results saved to: Results/logs/adam/qaoa_results_adam_20260721_181041_pid3075070.csv
Global end time: 1784650628.207351
Finalisation time: 0.00 seconds; started at stardate 1784650628.207344 and finished at stardate 1784650628.2073548
Sum of all section times: 3.71 seconds
run_id: 54b5d56f
