Starting QAOA benchmark with global start time: 1788258363.5768156
Benchmark parameters: {'optimiser': 'adam', 'optimiser_use_heuristic': None, 'heuristic_optimiser_iterations': None, 'heuristic_optimiser_sampleSize': None, 'circuit_type': 'hamqaoa', 'parameter_vector': [1, 1, 1], 'iterations_list': [75], 'learning_rate_adam': None, 'depth_list': [1], 'n_start': None, 'n_end': None, 'singlet_injection': False, 'start_index_singlet': None, 'warm_start': True, 'warm_start_mode': 'amplified', 'lasserre_level': 2, 'initial_solver_level_M': 2, 'sdp_seed': 46, 'sdp_solver_mode': 'scs', 'sdp_scs_eps': 1e-07, 'sdp_scs_max_iters': 250000, 'warm_start_corr_strength': None, 'warm_start_corr_repeats': None, 'compare_with_010101': False, 'init_QAOAparams_close_to_zero': False, 'use_correlations_as_initial_params': False, 'time_limit': None, 'failed_instance_termination_thrsh': None, 'graph_generation_type': 'hog', 'weighted': False, 'easiest_first': False, 'cpu_util_threshold': None, 'debug': False, 'save_circuit_svg': False, 'rerun_exclude_finished_instances': True, 'warm_start_cache_producer_only': True, 'qaoa_only_from_existing_warm_start_cache': False, 'optimiser_debug_iterations': None, 'num_repeats': 1, 'relative_graph_adjList_path': 'HOG_graphs/triangleFree_connected_4to8vertices_176instances_AdjacencyList.txt', 'persistent_warm_start_cache': True, 'warm_start_cache_dir': 'Results/warm_start_cache_experiments/Exp4_v2_tf176_L2M2_scs_eps1e-7_gpseed46_alg17seed47', 'warm_start_cache_max_file_mb': 512, 'warm_start_cache_max_total_gb': 60, 'sdp_max_parallel': 32, 'qaoa_max_parallel': 0, 'sdp_threads': 1, 'qaoa_threads': 1, 'sdp_memory_limit_total_gb': 250, 'sdp_memory_limit_single_gb': 100, 'sdp_memory_poll_seconds': 5, 'sdp_max_retries': 3, 'queue_poll_interval_seconds': 5, 'max_graph_vertices': 10, 'completed_result_csv_paths': [], 'qaoa_seed': 1, 'initialise_standard_warm_start_with_zero_angles': False, 'result_name_suffix': '_Exp4_v2_tf176_L2M2_scs_eps1e-7_gpseed46_alg17seed47'}, Running QAOA with equal superposition
Benchmark run ID: 253c237a
Benchmark repeat index: 1
Configured SDP rounding seed: 46
QAOA seed used: 1
Processor: x86_64
Hostname: dacsgpu0002
Total RAM (GB): None
Physical cores: 64
Logical cores: 64
Python version: 3.11.15
Initialisation time: 0.00 seconds; started at stardate {'initialisation': 0.0043792724609375} and finished at stardate1788258363.581204
Loaded HOG graph index 57 with 6 edges.
Instance generation for n=57 took 0.00 seconds; started at stardate 1788258363.581211 and finished at stardate 1788258363.5846343
Running QAOA for n=7 nodes, m=6 edges...; Max iterations: 75
Warm-start: starting SDP solve for n_vertices=7
Warm-start: using configured sdp_seed=46
Using SCS solver for SDP with eps=1e-07, max_iters=250000.
SDP solver status: optimal
SDP solver name: SCS
SDP solver iterations: 3600
SDP solve time: 43.032829505
SDP extra stats: {'x': array([ 1.00000000e+00, -5.60845755e-13, -5.01536638e-13, ...,
        1.00000000e+00, -3.70967844e-18,  1.00000000e+00], shape=(22366,)), 'y': array([ 3.91887808e-02,  1.62325168e-02,  1.62325168e-02, ...,
        6.84887923e-04, -1.12171368e-14,  1.79210036e-02], shape=(63107,)), 's': array([0.00000000e+00, 0.00000000e+00, 0.00000000e+00, ...,
       1.00000000e+00, 1.02536466e-15, 1.00000000e+00], shape=(63107,)), 'info': {'status_val': 1, 'iter': 3600, 'scale_updates': 2, 'scale': 4.2359275907587755, 'pobj': -4.889234048920369, 'dobj': -4.889234097245785, 'res_pri': 8.547604052096119e-08, 'res_dual': 6.48483654515139e-08, 'gap': 4.832541566912596e-08, 'res_infeas': nan, 'res_unbdd_a': 0.20453101446960598, 'res_unbdd_p': 0.0, 'comp_slack': 3.8381415918891804e-12, 'solve_time': 43032.829505, 'setup_time': 44.726038, 'lin_sys_time': 4074.532373999999, 'cone_time': 37332.586791, 'accel_time': 313.86833600000637, 'rejected_accel_steps': 30, 'accepted_accel_steps': 2, 'status': 'solved'}}
Rounding...
Setting seed to 46
n_vertices: 7 for n = 21
Using seed 46 to generate random matrix for x.
Energy of rounded cut/product state: 4.524533768647583
Algorithm 17 lower-bound energy: 4.616284383561183
Algorithm 17 actual entangled-state energy: 4.964446280085418
SDP objective value: 7.889234048920368
4 in cut out of a total of 6 edges
Warm-start: SDP solve + rounding finished in 394.83 seconds
Warm-start: using level-2 Algorithm 17 entangled statevector with shape (128,)
Warm-start cache: moment matrix before save shape=(211, 211), dtype=float64, entries=44521, bytes=356168 (0.34 MiB)
Warm-start cache: saved Results/warm_start_cache_experiments/Exp4_v2_tf176_L2M2_scs_eps1e-7_gpseed46_alg17seed47/triangleFree_connected_4to8vertices_176instances_AdjacencyList__filehash_279b7452/hog_idx000057_84aacabbd721_seed46_L2_M2_amplified.npz in 0.0077 seconds
WARM_START_CACHE_PRODUCER_ONLY is set; warm-start cache has been produced/loaded. Exiting before QAOA optimisation.
