/home/i6408800/MasterThesis/QAOA/Code/Circuit.py:182: UserWarning: No classical warm-start cut provided for HAMQAOA; using random cut values for fourth HAMQAOA gate. This may lead to suboptimal performance and may be unintentional if a classical warm start was intended.
  warnings.warn(
Starting QAOA benchmark with global start time: 1784299499.8274324
Benchmark parameters: {'optimiser': 'adam', 'optimiser_use_heuristic': True, 'heuristic_optimiser_iterations': 1, 'heuristic_optimiser_sampleSize': 10, 'circuit_type': 'hamqaoa', 'parameter_vector': [1, 1, 1], 'iterations_list': [5, 10, 25, 50], 'learning_rate_adam': 0.001, 'depth_list': [1, 2, 3, 4, 5], 'n_start': 1, 'n_end': 175, 'singlet_injection': False, 'start_index_singlet': None, 'warm_start': False, 'warm_start_mode': None, 'lasserre_level': None, 'initial_solver_level_M': None, 'sdp_seed': None, 'sdp_solver_mode': None, 'sdp_scs_eps': None, 'sdp_scs_max_iters': None, 'warm_start_corr_strength': None, 'warm_start_corr_repeats': None, 'compare_with_010101': False, 'init_QAOAparams_close_to_zero': False, 'use_correlations_as_initial_params': None, 'time_limit': None, 'failed_instance_termination_thrsh': None, 'graph_generation_type': 'hog', 'weighted': False, 'easiest_first': False, 'cpu_util_threshold': None, 'debug': False, 'save_circuit_svg': False, 'rerun_exclude_finished_instances': True, 'warm_start_cache_producer_only': False, 'qaoa_only_from_existing_warm_start_cache': False, 'optimiser_debug_iterations': None, 'num_repeats': 1, 'relative_graph_adjList_path': 'HOG_graphs/triangleFree_connected_4to8vertices_176instances_AdjacencyList.txt', 'persistent_warm_start_cache': False, 'warm_start_cache_dir': None, 'warm_start_cache_max_file_mb': None, 'warm_start_cache_max_total_gb': None, 'sdp_max_parallel': 0, 'qaoa_max_parallel': 32, 'sdp_threads': None, 'qaoa_threads': 1, 'sdp_memory_limit_total_gb': None, 'sdp_memory_limit_single_gb': None, 'sdp_memory_poll_seconds': None, 'sdp_max_retries': None, 'queue_poll_interval_seconds': 5}, Running QAOA with equal superposition
Benchmark run ID: dd9a34a3
Benchmark repeat index: 1
SDP seed override: None
Processor: x86_64
Hostname: dacsgpu0002
Total RAM (GB): None
Physical cores: 64
Logical cores: 64
Python version: 3.11.15
Initialisation time: 0.00 seconds; started at stardate {'initialisation': 0.0030364990234375} and finished at stardate1784299499.8304775
Loaded HOG graph index 136 with 12 edges.
Instance generation for n=136 took 0.00 seconds; started at stardate 1784299499.8304832 and finished at stardate 1784299499.8331761
Running QAOA for n=8 nodes, m=12 edges...; Max iterations: 10
Edges: [(1, 3), (4, 7), (5, 7), (0, 7), (4, 6), (5, 6), (0, 6), (1, 5), (3, 7), (2, 5), (3, 6), (2, 4)], weights: [1.0, 1.0, 1.0, 1.0, 1.0, 1.0, 1.0, 1.0, 1.0, 1.0, 1.0, 1.0], set of nodes: {0, 1, 2, 3, 4, 5, 6, 7}, n: 8 nodes, p: 4 layers, N_bayes: 10 iterations
Solving for uuid: 1d8e0751
No warm start: Default initial state is equal superposition
Running ADAM optimization with a single iteration (no debug loop)
3.3780119390665755
QAOA optimisation for n=136 took 3.50 seconds; started at stardate 1784299499.8331807 and finished at stardate 1784299503.3364398
Finished QAOA for n=8 nodes, m=12 edges at 2026-07-17 16:45:03 on x86_64. Time taken: 3.50 seconds. Hours: 0.00 hours. Peak RAM: 0.21 MB.
Unknown graph type for approximation ratio calculation; checking misc CSV.
Checking optimal_results_misc.csv for matching edges and weights...
Found matching exact result in misc CSV: 7.726569284190418
CSV writing for n=136 took 0.00 seconds; started at stardate 1784299503.3364463 and finished at stardate 1784299503.33989
results: {136: 3.3780119390665755}
durations: {8: 3.5032637119293213}
Results saved to: Results/logs/adam/qaoa_results_adam_20260717_164442_pid1233718.csv
Global end time: 1784299503.3398972
Finalisation time: 0.00 seconds; started at stardate 1784299503.3398921 and finished at stardate 1784299503.3398995
Sum of all section times: 3.51 seconds
run_id: dd9a34a3
