/home/i6408800/MasterThesis/QAOA/Code/Circuit.py:182: UserWarning: No classical warm-start cut provided for HAMQAOA; using random cut values for fourth HAMQAOA gate. This may lead to suboptimal performance and may be unintentional if a classical warm start was intended.
  warnings.warn(
Starting QAOA benchmark with global start time: 1784303853.3313031
Benchmark parameters: {'optimiser': 'adam', 'optimiser_use_heuristic': True, 'heuristic_optimiser_iterations': 1, 'heuristic_optimiser_sampleSize': 10, 'circuit_type': 'hamqaoa', 'parameter_vector': [1, 1, 1], 'iterations_list': [5, 10, 25, 50], 'learning_rate_adam': 0.001, 'depth_list': [1, 2, 3, 4, 5], 'n_start': 1, 'n_end': 175, 'singlet_injection': False, 'start_index_singlet': None, 'warm_start': False, 'warm_start_mode': None, 'lasserre_level': None, 'initial_solver_level_M': None, 'sdp_seed': None, 'sdp_solver_mode': None, 'sdp_scs_eps': None, 'sdp_scs_max_iters': None, 'warm_start_corr_strength': None, 'warm_start_corr_repeats': None, 'compare_with_010101': False, 'init_QAOAparams_close_to_zero': False, 'use_correlations_as_initial_params': None, 'time_limit': None, 'failed_instance_termination_thrsh': None, 'graph_generation_type': 'hog', 'weighted': False, 'easiest_first': False, 'cpu_util_threshold': None, 'debug': False, 'save_circuit_svg': False, 'rerun_exclude_finished_instances': True, 'warm_start_cache_producer_only': False, 'qaoa_only_from_existing_warm_start_cache': False, 'optimiser_debug_iterations': None, 'num_repeats': 1, 'relative_graph_adjList_path': 'HOG_graphs/triangleFree_connected_4to8vertices_176instances_AdjacencyList.txt', 'persistent_warm_start_cache': False, 'warm_start_cache_dir': None, 'warm_start_cache_max_file_mb': None, 'warm_start_cache_max_total_gb': None, 'sdp_max_parallel': 0, 'qaoa_max_parallel': 32, 'sdp_threads': None, 'qaoa_threads': 1, 'sdp_memory_limit_total_gb': None, 'sdp_memory_limit_single_gb': None, 'sdp_memory_poll_seconds': None, 'sdp_max_retries': None, 'queue_poll_interval_seconds': 5}, Running QAOA with equal superposition
Benchmark run ID: 537dae7a
Benchmark repeat index: 1
SDP seed override: None
Processor: x86_64
Hostname: dacsgpu0002
Total RAM (GB): None
Physical cores: 64
Logical cores: 64
Python version: 3.11.15
Initialisation time: 0.00 seconds; started at stardate {'initialisation': 0.003004312515258789} and finished at stardate1784303853.3343182
Loaded HOG graph index 143 with 7 edges.
Instance generation for n=143 took 0.00 seconds; started at stardate 1784303853.3343253 and finished at stardate 1784303853.337286
Running QAOA for n=8 nodes, m=7 edges...; Max iterations: 50
Edges: [(2, 7), (4, 7), (3, 5), (0, 7), (4, 6), (5, 6), (1, 7)], weights: [1.0, 1.0, 1.0, 1.0, 1.0, 1.0, 1.0], set of nodes: {0, 1, 2, 3, 4, 5, 6, 7}, n: 8 nodes, p: 3 layers, N_bayes: 50 iterations
Solving for uuid: a8f1de03
No warm start: Default initial state is equal superposition
Running ADAM optimization with a single iteration (no debug loop)
2.490263756308296
QAOA optimisation for n=143 took 5.44 seconds; started at stardate 1784303853.3372903 and finished at stardate 1784303858.7790127
Finished QAOA for n=8 nodes, m=7 edges at 2026-07-17 17:57:38 on x86_64. Time taken: 5.44 seconds. Hours: 0.00 hours. Peak RAM: 0.21 MB.
Unknown graph type for approximation ratio calculation; checking misc CSV.
Checking optimal_results_misc.csv for matching edges and weights...
Found matching exact result in misc CSV: 4.723912748101652
CSV writing for n=143 took 0.01 seconds; started at stardate 1784303858.77902 and finished at stardate 1784303858.784231
results: {143: 2.490263756308296}
durations: {8: 5.441727638244629}
Results saved to: Results/logs/adam/qaoa_results_adam_20260717_164442_pid1233718.csv
Global end time: 1784303858.7842398
Finalisation time: 0.00 seconds; started at stardate 1784303858.7842336 and finished at stardate 1784303858.7842438
Sum of all section times: 5.45 seconds
run_id: 537dae7a
