/home/i6408800/MasterThesis/QAOA/Code/Circuit.py:182: UserWarning: No classical warm-start cut provided for HAMQAOA; using random cut values for fourth HAMQAOA gate. This may lead to suboptimal performance and may be unintentional if a classical warm start was intended.
  warnings.warn(
Starting QAOA benchmark with global start time: 1784302951.1689086
Benchmark parameters: {'optimiser': 'adam', 'optimiser_use_heuristic': True, 'heuristic_optimiser_iterations': 1, 'heuristic_optimiser_sampleSize': 10, 'circuit_type': 'hamqaoa', 'parameter_vector': [1, 1, 1], 'iterations_list': [5, 10, 25, 50], 'learning_rate_adam': 0.001, 'depth_list': [1, 2, 3, 4, 5], 'n_start': 1, 'n_end': 175, 'singlet_injection': False, 'start_index_singlet': None, 'warm_start': False, 'warm_start_mode': None, 'lasserre_level': None, 'initial_solver_level_M': None, 'sdp_seed': None, 'sdp_solver_mode': None, 'sdp_scs_eps': None, 'sdp_scs_max_iters': None, 'warm_start_corr_strength': None, 'warm_start_corr_repeats': None, 'compare_with_010101': False, 'init_QAOAparams_close_to_zero': False, 'use_correlations_as_initial_params': None, 'time_limit': None, 'failed_instance_termination_thrsh': None, 'graph_generation_type': 'hog', 'weighted': False, 'easiest_first': False, 'cpu_util_threshold': None, 'debug': False, 'save_circuit_svg': False, 'rerun_exclude_finished_instances': True, 'warm_start_cache_producer_only': False, 'qaoa_only_from_existing_warm_start_cache': False, 'optimiser_debug_iterations': None, 'num_repeats': 1, 'relative_graph_adjList_path': 'HOG_graphs/triangleFree_connected_4to8vertices_176instances_AdjacencyList.txt', 'persistent_warm_start_cache': False, 'warm_start_cache_dir': None, 'warm_start_cache_max_file_mb': None, 'warm_start_cache_max_total_gb': None, 'sdp_max_parallel': 0, 'qaoa_max_parallel': 32, 'sdp_threads': None, 'qaoa_threads': 1, 'sdp_memory_limit_total_gb': None, 'sdp_memory_limit_single_gb': None, 'sdp_memory_poll_seconds': None, 'sdp_max_retries': None, 'queue_poll_interval_seconds': 5}, Running QAOA with equal superposition
Benchmark run ID: ba50428b
Benchmark repeat index: 1
SDP seed override: None
Processor: x86_64
Hostname: dacsgpu0002
Total RAM (GB): None
Physical cores: 64
Logical cores: 64
Python version: 3.11.15
Initialisation time: 0.00 seconds; started at stardate {'initialisation': 0.0024912357330322266} and finished at stardate1784302951.1714058
Loaded HOG graph index 146 with 15 edges.
Instance generation for n=146 took 0.00 seconds; started at stardate 1784302951.1714113 and finished at stardate 1784302951.1739807
Running QAOA for n=8 nodes, m=15 edges...; Max iterations: 10
Edges: [(2, 7), (1, 6), (4, 7), (2, 6), (0, 7), (3, 5), (4, 6), (0, 6), (1, 5), (4, 5), (3, 7), (2, 5), (0, 5), (3, 6), (1, 7)], weights: [1.0, 1.0, 1.0, 1.0, 1.0, 1.0, 1.0, 1.0, 1.0, 1.0, 1.0, 1.0, 1.0, 1.0, 1.0], set of nodes: {0, 1, 2, 3, 4, 5, 6, 7}, n: 8 nodes, p: 3 layers, N_bayes: 10 iterations
Solving for uuid: 4b21abcd
No warm start: Default initial state is equal superposition
Running ADAM optimization with a single iteration (no debug loop)
4.416284711190076
QAOA optimisation for n=146 took 2.53 seconds; started at stardate 1784302951.1739848 and finished at stardate 1784302953.704782
Finished QAOA for n=8 nodes, m=15 edges at 2026-07-17 17:42:33 on x86_64. Time taken: 2.53 seconds. Hours: 0.00 hours. Peak RAM: 0.21 MB.
Unknown graph type for approximation ratio calculation; checking misc CSV.
Checking optimal_results_misc.csv for matching edges and weights...
Found matching exact result in misc CSV: 9.000000000000021
CSV writing for n=146 took 0.00 seconds; started at stardate 1784302953.704789 and finished at stardate 1784302953.7078454
results: {146: 4.416284711190076}
durations: {8: 2.530801773071289}
Results saved to: Results/logs/adam/qaoa_results_adam_20260717_164442_pid1233718.csv
Global end time: 1784302953.707855
Finalisation time: 0.00 seconds; started at stardate 1784302953.7078485 and finished at stardate 1784302953.707859
Sum of all section times: 2.54 seconds
run_id: ba50428b
