Starting QAOA benchmark with global start time: 1787043832.8739479
Benchmark parameters: {'optimiser': 'adam', 'optimiser_use_heuristic': True, 'heuristic_optimiser_iterations': 1, 'heuristic_optimiser_sampleSize': 20, 'circuit_type': 'hamqaoa', 'parameter_vector': [1, 1, 1], 'iterations_list': [50], 'learning_rate_adam': 0.05, 'depth_list': [1, 2, 3, 4, 5], 'n_start': None, 'n_end': None, 'singlet_injection': False, 'start_index_singlet': None, 'warm_start': True, 'warm_start_mode': 'amplified_king', 'lasserre_level': 2, 'initial_solver_level_M': 2, 'sdp_seed': None, 'sdp_solver_mode': 'scs', 'sdp_scs_eps': 1e-06, 'sdp_scs_max_iters': 100000, 'warm_start_corr_strength': None, 'warm_start_corr_repeats': None, 'compare_with_010101': False, 'init_QAOAparams_close_to_zero': False, 'use_correlations_as_initial_params': False, 'time_limit': None, 'failed_instance_termination_thrsh': None, 'graph_generation_type': 'hog', 'weighted': False, 'easiest_first': True, 'cpu_util_threshold': None, 'debug': False, 'save_circuit_svg': False, 'rerun_exclude_finished_instances': True, 'warm_start_cache_producer_only': False, 'qaoa_only_from_existing_warm_start_cache': True, 'optimiser_debug_iterations': None, 'num_repeats': 1, 'relative_graph_adjList_path': 'HOG_graphs/Exp5/list_454_graphs_adjacency_listhog_v04-12_bipartite.txt', 'persistent_warm_start_cache': True, 'warm_start_cache_dir': 'Results/warm_start_cache', 'warm_start_cache_max_file_mb': 512, 'warm_start_cache_max_total_gb': 60, 'sdp_max_parallel': 0, 'qaoa_max_parallel': 16, 'sdp_threads': 1, 'qaoa_threads': 1, 'sdp_memory_limit_total_gb': 0, 'sdp_memory_limit_single_gb': 0, 'sdp_memory_poll_seconds': 5, 'sdp_max_retries': 0, 'queue_poll_interval_seconds': 5, 'max_graph_vertices': 11, 'completed_result_csv_paths': [], 'qaoa_seed': 1, 'initialise_standard_warm_start_with_zero_angles': False, 'result_name_suffix': '_Exp6_KingAmplifiedWithHeuristic'}, Running QAOA with equal superposition
Benchmark run ID: 311e82fc
Benchmark repeat index: 1
SDP seed override: None
QAOA seed: 16500201
Processor: x86_64
Hostname: dacsgpu0003
Total RAM (GB): None
Physical cores: 64
Logical cores: 64
Python version: 3.11.15
Initialisation time: 0.01 seconds; started at stardate {'initialisation': 0.011759519577026367} and finished at stardate1787043832.8857243
Loaded HOG graph index 165 with 10 edges.
Instance generation for n=165 took 0.03 seconds; started at stardate 1787043832.885734 and finished at stardate 1787043832.9123962
Running QAOA for n=11 nodes, m=10 edges...; Max iterations: 50
Warm-start cache: loading Results/warm_start_cache/list_454_graphs_adjacency_listhog_v04-12_bipartite__filehash_0815e7e8/hog_idx000165_e8e191da850e_noseed_L2_M2_amplified.npz
Warm-start cache: loaded in 0.0486 seconds; effective compute time=19189.00930404663
Edges: [(9, 10), (0, 10), (1, 9), (4, 6), (6, 8), (2, 8), (4, 5), (3, 7), (5, 9), (7, 10)], weights: [1.0, 1.0, 1.0, 1.0, 1.0, 1.0, 1.0, 1.0, 1.0, 1.0], set of nodes: {0, 1, 2, 3, 4, 5, 6, 7, 8, 9, 10}, n: 11 nodes, p: 3 layers, N_bayes: 50 iterations
Solving for uuid: 20b3dcff
Initial state injected as warm start
Running ADAM optimization with a single iteration (no debug loop)
10.502527115913203
QAOA optimisation for n=165 took 2327.31 seconds; started at stardate 1787043832.9124012 and finished at stardate 1787046160.2268457
Finished QAOA for n=11 nodes, m=10 edges at 2026-08-18 11:42:40 on x86_64. Time taken: 2327.31 seconds. Hours: 0.65 hours. Peak RAM: 2.91 MB.
Unknown graph type for approximation ratio calculation; checking misc CSV.
Checking optimal_results_misc.csv for matching edges and weights...
Found matching exact result in misc CSV: 7.054259180699072
CSV writing for n=165 took 0.05 seconds; started at stardate 1787046160.226858 and finished at stardate 1787046160.279592
results: {165: 10.502527115913203}
durations: {11: 2327.3144521713257}
Results saved to: Results/logs/adam/qaoa_results_adam_20260818_004827_pid1763466_Exp6_KingAmplifiedWithHeuristic.csv
Global end time: 1787046160.2796109
Finalisation time: 0.00 seconds; started at stardate 1787046160.2795985 and finished at stardate 1787046160.2796154
Sum of all section times: 2327.41 seconds
run_id: 311e82fc
