Starting QAOA benchmark with global start time: 1789069197.9951053
Benchmark parameters: {'optimiser': 'adam', 'optimiser_use_heuristic': True, 'heuristic_optimiser_iterations': 1, 'heuristic_optimiser_sampleSize': 25, 'circuit_type': 'hamqaoa', 'parameter_vector': [1, 1, 1], 'iterations_list': [75], 'learning_rate_adam': 0.05, 'depth_list': [6, 7, 8, 9, 10], 'n_start': None, 'n_end': None, 'singlet_injection': False, 'start_index_singlet': None, 'warm_start': True, 'warm_start_mode': 'entangled_king', 'lasserre_level': 2, 'initial_solver_level_M': 2, 'sdp_seed': 42, 'sdp_solver_mode': 'scs', 'sdp_scs_eps': 1e-06, 'sdp_scs_max_iters': 100000, 'warm_start_corr_strength': None, 'warm_start_corr_repeats': None, 'compare_with_010101': False, 'init_QAOAparams_close_to_zero': False, 'use_correlations_as_initial_params': False, 'time_limit': None, 'failed_instance_termination_thrsh': None, 'graph_generation_type': 'hog', 'weighted': False, 'easiest_first': False, 'cpu_util_threshold': None, 'debug': False, 'save_circuit_svg': False, 'rerun_exclude_finished_instances': False, 'warm_start_cache_producer_only': False, 'qaoa_only_from_existing_warm_start_cache': True, 'optimiser_debug_iterations': None, 'num_repeats': 1, 'relative_graph_adjList_path': 'HOG_graphs/triangleFree_connected_4to8vertices_176instances_AdjacencyList.txt', 'persistent_warm_start_cache': True, 'warm_start_cache_dir': 'Results/warm_start_cache', 'warm_start_cache_max_file_mb': 512, 'warm_start_cache_max_total_gb': 60, 'sdp_max_parallel': 0, 'qaoa_max_parallel': 16, 'sdp_threads': 1, 'qaoa_threads': 1, 'sdp_memory_limit_total_gb': 0, 'sdp_memory_limit_single_gb': 0, 'sdp_memory_poll_seconds': 5, 'sdp_max_retries': 0, 'queue_poll_interval_seconds': 5, 'max_graph_vertices': 10, 'completed_result_csv_paths': [], 'qaoa_seed': 42, 'initialise_standard_warm_start_with_zero_angles': False, 'result_name_suffix': '_FINAL_BENCHMARKS_KINGENTANGLED_BestPerformers', 'algorithm17_beta_mode': 'analytic_instance'}, Running QAOA with equal superposition
Benchmark run ID: 323596f6
Benchmark repeat index: 1
Configured SDP rounding seed: 42
QAOA seed used: 42
Processor: x86_64
Hostname: dacsvm-cpunode01
Total RAM (GB): None
Physical cores: 32
Logical cores: 32
Python version: 3.11.15
Initialisation time: 0.01 seconds; started at stardate {'initialisation': 0.00687098503112793} and finished at stardate1789069198.001988
Loaded HOG graph index 116 with 8 edges.
Instance generation for n=116 took 0.00 seconds; started at stardate 1789069198.0019968 and finished at stardate 1789069198.006904
Running QAOA for n=8 nodes, m=8 edges...; Max iterations: 75
Warm-start cache: loading Results/warm_start_cache/triangleFree_connected_4to8vertices_176instances_AdjacencyList__filehash_279b7452/hog_idx000116_cdbbfefaed6e_seed42_L2_M2_betaanalytic_instance_amplified.npz
Warm-start cache: loaded in 0.0066 seconds; effective compute time=1040.879887342453
Edges: [(2, 6), (3, 5), (0, 7), (4, 5), (6, 7), (3, 6), (2, 4), (1, 7)], weights: [1.0, 1.0, 1.0, 1.0, 1.0, 1.0, 1.0, 1.0], set of nodes: {0, 1, 2, 3, 4, 5, 6, 7}, n: 8 nodes, p: 9 layers, N_bayes: 75 iterations
Solving for uuid: 8883a085
Entangled King warm start: equal superposition; King rotations applied in each QAOA layer
Running ADAM optimization with a single iteration (no debug loop)
9.231933278654505
QAOA optimisation for n=116 took 269.25 seconds; started at stardate 1789069198.0069127 and finished at stardate 1789069467.255647
Finished QAOA for n=8 nodes, m=8 edges at 2026-09-10 21:44:27 on x86_64. Time taken: 269.25 seconds. Hours: 0.07 hours. Peak RAM: 0.28 MB.
Unknown graph type for approximation ratio calculation; checking misc CSV.
Checking optimal_results_misc.csv for matching edges and weights...
Found matching exact result in misc CSV: 5.062220518508268
CSV writing for n=116 took 0.01 seconds; started at stardate 1789069467.255654 and finished at stardate 1789069467.2624612
results: {116: 9.231933278654505}
durations: {8: 269.24874114990234}
Results saved to: Results/logs/adam/qaoa_results_adam_20260910_152008_pid1581354_FINAL_BENCHMARKS_KINGENTANGLED_BestPerformers.csv
Global end time: 1789069467.2624702
Finalisation time: 0.00 seconds; started at stardate 1789069467.2624645 and finished at stardate 1789069467.2624743
Sum of all section times: 269.27 seconds
run_id: 323596f6
