Starting QAOA benchmark with global start time: 1788378476.481692
Benchmark parameters: {'optimiser': 'adam', 'optimiser_use_heuristic': None, 'heuristic_optimiser_iterations': None, 'heuristic_optimiser_sampleSize': None, 'circuit_type': 'hamqaoa', 'parameter_vector': [1, 1, 1], 'iterations_list': [75], 'learning_rate_adam': None, 'depth_list': [1], 'n_start': None, 'n_end': None, 'singlet_injection': False, 'start_index_singlet': None, 'warm_start': True, 'warm_start_mode': 'amplified', 'lasserre_level': 2, 'initial_solver_level_M': 2, 'sdp_seed': 42, 'sdp_solver_mode': 'scs', 'sdp_scs_eps': 1e-06, 'sdp_scs_max_iters': 100000, 'warm_start_corr_strength': None, 'warm_start_corr_repeats': None, 'compare_with_010101': False, 'init_QAOAparams_close_to_zero': False, 'use_correlations_as_initial_params': False, 'time_limit': None, 'failed_instance_termination_thrsh': None, 'graph_generation_type': 'hog', 'weighted': False, 'easiest_first': False, 'cpu_util_threshold': None, 'debug': False, 'save_circuit_svg': False, 'rerun_exclude_finished_instances': True, 'warm_start_cache_producer_only': True, 'qaoa_only_from_existing_warm_start_cache': False, 'optimiser_debug_iterations': None, 'num_repeats': 1, 'relative_graph_adjList_path': 'HOG_graphs/Exp5/list_193_graphs_adjacency_listhog_v04-12_planar_clawFree.txt', 'persistent_warm_start_cache': True, 'warm_start_cache_dir': 'Results/warm_start_cache', 'warm_start_cache_max_file_mb': 512, 'warm_start_cache_max_total_gb': 60, 'sdp_max_parallel': 32, 'qaoa_max_parallel': 0, 'sdp_threads': 1, 'qaoa_threads': 1, 'sdp_memory_limit_total_gb': 250, 'sdp_memory_limit_single_gb': 100, 'sdp_memory_poll_seconds': 5, 'sdp_max_retries': 3, 'queue_poll_interval_seconds': 5, 'max_graph_vertices': 10, 'completed_result_csv_paths': [], 'qaoa_seed': 42, 'initialise_standard_warm_start_with_zero_angles': False, 'result_name_suffix': '_Exp8_standardZeroAngles_v3', 'algorithm17_beta_mode': 'analytic_instance'}, Running QAOA with equal superposition
Benchmark run ID: 958c3cef
Benchmark repeat index: 1
Configured SDP rounding seed: 42
QAOA seed used: 42
Processor: x86_64
Hostname: dacsvm-cpunode01
Total RAM (GB): None
Physical cores: 32
Logical cores: 32
Python version: 3.11.15
Initialisation time: 0.00 seconds; started at stardate {'initialisation': 0.0035147666931152344} and finished at stardate1788378476.4852147
Loaded HOG graph index 182 with 11 edges.
Instance generation for n=182 took 0.00 seconds; started at stardate 1788378476.4852195 and finished at stardate 1788378476.487744
Running QAOA for n=7 nodes, m=11 edges...; Max iterations: 75
Warm-start: starting SDP solve for n_vertices=7
Warm-start: using configured sdp_seed=42
Using SCS solver for SDP with eps=1e-06, max_iters=100000.
SDP solver status: optimal
SDP solver name: SCS
SDP solver iterations: 525
SDP solve time: 4.203374051
SDP extra stats: {'x': array([ 1.00000000e+00,  1.71086848e-13, -2.38666362e-13, ...,
        1.00000000e+00,  4.98309500e-18,  1.00000000e+00], shape=(22366,)), 'y': array([3.07718542e-02, 1.27460612e-02, 1.27460612e-02, ...,
       2.98849099e-02, 4.33016780e-14, 6.32863369e-02], shape=(63107,)), 's': array([ 0.00000000e+00,  0.00000000e+00,  0.00000000e+00, ...,
        9.99999959e-01, -2.50332461e-15,  1.00000003e+00], shape=(63107,)), 'info': {'status_val': 1, 'iter': 525, 'scale_updates': 2, 'scale': 1.2087532841217727, 'pobj': -6.10934036648024, 'dobj': -6.109341524917616, 'res_pri': 7.8858326699232e-07, 'res_dual': 1.2567749031281505e-06, 'gap': 1.1584373753592558e-06, 'res_infeas': nan, 'res_unbdd_a': 0.16368379236564048, 'res_unbdd_p': 0.0, 'comp_slack': 1.7430945634116387e-11, 'solve_time': 4203.374051, 'setup_time': 29.031393, 'lin_sys_time': 449.58467699999983, 'cone_time': 3593.1574269999983, 'accel_time': 35.083811, 'rejected_accel_steps': 4, 'accepted_accel_steps': 3, 'status': 'solved'}}
Rounding...
Setting seed to 42
n_vertices: 7 for n = 21
Using seed 42 to generate random matrix for x.
Energy of rounded cut/product state: 8.033432980953734
Algorithm 17 instance beta optimisation selected beta_star=0.0691559791072 in 0.012067 seconds.
Algorithm 17 analytical F-bound is not applicable because the graph is not triangle-free.
Algorithm 17 actual entangled-state energy: 8.087404484686079
SDP objective value: 11.609340366480241
8 in cut out of a total of 11 edges
Warm-start: SDP solve + rounding finished in 200.30 seconds
Warm-start: using level-2 Algorithm 17 entangled statevector with shape (128,)
Warm-start cache: moment matrix before save shape=(211, 211), dtype=float64, entries=44521, bytes=356168 (0.34 MiB)
Warm-start cache: saved Results/warm_start_cache/list_193_graphs_adjacency_listhog_v04-12_planar_clawFree__filehash_62ae5075/hog_idx000182_0c5e597aa261_seed42_L2_M2_betaanalytic_instance_amplified.npz in 0.0096 seconds
WARM_START_CACHE_PRODUCER_ONLY is set; warm-start cache has been produced/loaded. Exiting before QAOA optimisation.
