Starting QAOA benchmark with global start time: 1788369303.7974887
Benchmark parameters: {'optimiser': 'adam', 'optimiser_use_heuristic': None, 'heuristic_optimiser_iterations': None, 'heuristic_optimiser_sampleSize': None, 'circuit_type': 'hamqaoa', 'parameter_vector': [1, 1, 1], 'iterations_list': [75], 'learning_rate_adam': None, 'depth_list': [1], 'n_start': None, 'n_end': None, 'singlet_injection': False, 'start_index_singlet': None, 'warm_start': True, 'warm_start_mode': 'amplified', 'lasserre_level': 2, 'initial_solver_level_M': 2, 'sdp_seed': 42, 'sdp_solver_mode': 'scs', 'sdp_scs_eps': 1e-06, 'sdp_scs_max_iters': 100000, 'warm_start_corr_strength': None, 'warm_start_corr_repeats': None, 'compare_with_010101': False, 'init_QAOAparams_close_to_zero': False, 'use_correlations_as_initial_params': False, 'time_limit': None, 'failed_instance_termination_thrsh': None, 'graph_generation_type': 'hog', 'weighted': False, 'easiest_first': False, 'cpu_util_threshold': None, 'debug': False, 'save_circuit_svg': False, 'rerun_exclude_finished_instances': True, 'warm_start_cache_producer_only': True, 'qaoa_only_from_existing_warm_start_cache': False, 'optimiser_debug_iterations': None, 'num_repeats': 1, 'relative_graph_adjList_path': 'HOG_graphs/3regular_connected_74instances.txt', 'persistent_warm_start_cache': True, 'warm_start_cache_dir': 'Results/warm_start_cache/experiment_3', 'warm_start_cache_max_file_mb': 512, 'warm_start_cache_max_total_gb': 48, 'sdp_max_parallel': 32, 'qaoa_max_parallel': 0, 'sdp_threads': 1, 'qaoa_threads': 1, 'sdp_memory_limit_total_gb': 250, 'sdp_memory_limit_single_gb': 100, 'sdp_memory_poll_seconds': 5, 'sdp_max_retries': 3, 'queue_poll_interval_seconds': 5, 'max_graph_vertices': 10, 'completed_result_csv_paths': [], 'qaoa_seed': 42, 'initialise_standard_warm_start_with_zero_angles': False, 'result_name_suffix': '_Exp4_v3_standardZeroAngles', 'algorithm17_beta_mode': 'analytic_instance'}, Running QAOA with equal superposition
Benchmark run ID: f1902f66
Benchmark repeat index: 1
Configured SDP rounding seed: 42
QAOA seed used: 42
Processor: x86_64
Hostname: dacsgpu0003
Total RAM (GB): None
Physical cores: 64
Logical cores: 64
Python version: 3.11.15
Initialisation time: 0.02 seconds; started at stardate {'initialisation': 0.015298843383789062} and finished at stardate1788369303.8128064
Loaded HOG graph index 30 with 16 edges.
Instance generation for n=30 took 0.00 seconds; started at stardate 1788369303.8128211 and finished at stardate 1788369303.8156002
Running QAOA for n=7 nodes, m=16 edges...; Max iterations: 75
Warm-start: starting SDP solve for n_vertices=7
Warm-start: using configured sdp_seed=42
Using SCS solver for SDP with eps=1e-06, max_iters=100000.
SDP solver status: optimal
SDP solver name: SCS
SDP solver iterations: 13825
SDP solve time: 165.28776832900002
SDP extra stats: {'x': array([ 1.00000000e+00,  1.72133047e-14,  3.06351039e-15, ...,
        1.00000000e+00, -7.64679451e-19,  1.00000000e+00], shape=(22366,)), 'y': array([ 5.68504769e-02,  2.35481284e-02,  2.35481284e-02, ...,
        4.18180679e-03, -1.25531871e-14,  2.80896125e-02], shape=(63107,)), 's': array([0.00000000e+00, 0.00000000e+00, 0.00000000e+00, ...,
       9.99999981e-01, 4.91220229e-16, 9.99999928e-01], shape=(63107,)), 'info': {'status_val': 1, 'iter': 13825, 'scale_updates': 4, 'scale': 25.36036308091841, 'pobj': -7.0019440309036, 'dobj': -7.001944117209315, 'res_pri': 1.8796315963233714e-06, 'res_dual': 7.670844016682682e-07, 'gap': 8.630571546319743e-08, 'res_infeas': nan, 'res_unbdd_a': 0.14281747977351633, 'res_unbdd_p': 0.0, 'comp_slack': 3.368215702274142e-12, 'solve_time': 165287.768329, 'setup_time': 41.278519, 'lin_sys_time': 15321.490024000062, 'cone_time': 143832.49103499964, 'accel_time': 1191.2117749999823, 'rejected_accel_steps': 122, 'accepted_accel_steps': 7, 'status': 'solved'}}
Rounding...
Setting seed to 42
n_vertices: 7 for n = 21
Using seed 42 to generate random matrix for x.
Energy of rounded cut/product state: 9.812116887663596
Algorithm 17 instance beta optimisation selected beta_star=0.0429276445122 in 0.028915 seconds.
Algorithm 17 analytical F-bound is not applicable because the graph is not triangle-free.
Algorithm 17 actual entangled-state energy: 9.869667432915733
SDP objective value: 15.0019440309036
10 in cut out of a total of 16 edges
Warm-start: SDP solve + rounding finished in 521.68 seconds
Warm-start: using level-2 Algorithm 17 entangled statevector with shape (128,)
Warm-start cache: moment matrix before save shape=(211, 211), dtype=float64, entries=44521, bytes=356168 (0.34 MiB)
Warm-start cache: saved Results/warm_start_cache/experiment_3/3regular_connected_74instances__filehash_688b5b4e/hog_idx000030_d8a5ca7eb05b_seed42_L2_M2_betaanalytic_instance_amplified.npz in 0.0079 seconds
WARM_START_CACHE_PRODUCER_ONLY is set; warm-start cache has been produced/loaded. Exiting before QAOA optimisation.
