Starting QAOA benchmark with global start time: 1786563806.4503183
Benchmark parameters: {'optimiser': 'adam', 'optimiser_use_heuristic': False, 'heuristic_optimiser_iterations': None, 'heuristic_optimiser_sampleSize': None, 'circuit_type': 'hamqaoa', 'parameter_vector': [1, 1, 1], 'iterations_list': [50], 'learning_rate_adam': 0.05, 'depth_list': [1, 2, 3, 5], 'n_start': None, 'n_end': None, 'singlet_injection': False, 'start_index_singlet': None, 'warm_start': True, 'warm_start_mode': 'standard', 'lasserre_level': 1, 'initial_solver_level_M': 1, 'sdp_seed': None, 'sdp_solver_mode': 'scs', 'sdp_scs_eps': 1e-06, 'sdp_scs_max_iters': 100000, 'warm_start_corr_strength': None, 'warm_start_corr_repeats': None, 'compare_with_010101': False, 'init_QAOAparams_close_to_zero': False, 'use_correlations_as_initial_params': False, 'time_limit': None, 'failed_instance_termination_thrsh': None, 'graph_generation_type': 'hog', 'weighted': False, 'easiest_first': False, 'cpu_util_threshold': None, 'debug': False, 'save_circuit_svg': False, 'rerun_exclude_finished_instances': True, 'warm_start_cache_producer_only': False, 'qaoa_only_from_existing_warm_start_cache': True, 'optimiser_debug_iterations': None, 'num_repeats': 1, 'relative_graph_adjList_path': 'HOG_graphs/Exp5/list_388_graphs_adjacency_list_hog_v04-12_regular.txt', 'persistent_warm_start_cache': True, 'warm_start_cache_dir': 'Results/warm_start_cache', 'warm_start_cache_max_file_mb': 512, 'warm_start_cache_max_total_gb': 60, 'sdp_max_parallel': 0, 'qaoa_max_parallel': 16, 'sdp_threads': 1, 'qaoa_threads': 1, 'sdp_memory_limit_total_gb': 0, 'sdp_memory_limit_single_gb': 0, 'sdp_memory_poll_seconds': 5, 'sdp_max_retries': 0, 'queue_poll_interval_seconds': 5, 'max_graph_vertices': None, 'completed_result_csv_paths': [], 'qaoa_seed': 1, 'initialise_standard_warm_start_with_zero_angles': False, 'result_name_suffix': '_Exp5_subexp4_standardWithHeuristic'}, Running QAOA with equal superposition
Benchmark run ID: 3ea1ae88
Benchmark repeat index: 1
SDP seed override: None
QAOA seed: 24000201
Processor: x86_64
Hostname: dacsgpu0002
Total RAM (GB): None
Physical cores: 64
Logical cores: 64
Python version: 3.11.15
Initialisation time: 0.04 seconds; started at stardate {'initialisation': 0.04437685012817383} and finished at stardate1786563806.494708
Loaded HOG graph index 240 with 18 edges.
Instance generation for n=240 took 0.42 seconds; started at stardate 1786563806.4947174 and finished at stardate 1786563806.912725
Running QAOA for n=12 nodes, m=18 edges...; Max iterations: 50
Warm-start cache: loading Results/warm_start_cache/list_388_graphs_adjacency_list_hog_v04-12_regular__filehash_5b7f8d46/hog_idx000240_1b12d3af01b7_noseed_L1_M1_amplified.npz
Warm-start cache: loaded in 0.0244 seconds; effective compute time=0.5082924365997314
Edges: [(5, 11), (3, 9), (0, 1), (4, 7), (5, 8), (6, 9), (3, 11), (7, 9), (0, 3), (4, 6), (7, 8), (2, 8), (1, 11), (4, 5), (6, 10), (0, 2), (1, 10), (2, 10)], weights: [1.0, 1.0, 1.0, 1.0, 1.0, 1.0, 1.0, 1.0, 1.0, 1.0, 1.0, 1.0, 1.0, 1.0, 1.0, 1.0, 1.0, 1.0], set of nodes: {0, 1, 2, 3, 4, 5, 6, 7, 8, 9, 10, 11}, n: 12 nodes, p: 3 layers, N_bayes: 50 iterations
Solving for uuid: 0504a72e
Initial state injected as warm start
Running ADAM optimization with a single iteration (no debug loop)
5.970447805622016
QAOA optimisation for n=240 took 12571.95 seconds; started at stardate 1786563806.9127305 and finished at stardate 1786576378.8666036
Finished QAOA for n=12 nodes, m=18 edges at 2026-08-13 01:12:58 on x86_64. Time taken: 12571.95 seconds. Hours: 3.49 hours. Peak RAM: 10.83 MB.
Unknown graph type for approximation ratio calculation; checking misc CSV.
Checking optimal_results_misc.csv for matching edges and weights...
Found matching exact result in misc CSV: 11.457032574058793
CSV writing for n=240 took 0.09 seconds; started at stardate 1786576378.866614 and finished at stardate 1786576378.961332
results: {240: 5.970447805622016}
durations: {12: 12571.953879594803}
Results saved to: Results/logs/adam/qaoa_results_adam_20260812_140733_pid645855_Exp5_subexp4_standardWithHeuristic.csv
Global end time: 1786576378.9613547
Finalisation time: 0.00 seconds; started at stardate 1786576378.9613407 and finished at stardate 1786576378.96136
Sum of all section times: 12572.51 seconds
run_id: 3ea1ae88
