/home/i6408800/MasterThesis/QAOA/Code/Circuit.py:192: UserWarning: No classical warm-start cut provided for HAMQAOA; using random cut values for fourth HAMQAOA gate. This may lead to suboptimal performance and may be unintentional if a classical warm start was intended.
  warnings.warn(
Starting QAOA benchmark with global start time: 1786056820.725239
Benchmark parameters: {'optimiser': 'adam', 'optimiser_use_heuristic': True, 'heuristic_optimiser_iterations': 2, 'heuristic_optimiser_sampleSize': 20, 'circuit_type': 'hamqaoa', 'parameter_vector': [1, 1, 1], 'iterations_list': [50], 'learning_rate_adam': 0.01, 'depth_list': [1, 2, 3, 5], 'n_start': None, 'n_end': None, 'singlet_injection': False, 'start_index_singlet': None, 'warm_start': False, 'warm_start_mode': None, 'lasserre_level': None, 'initial_solver_level_M': None, 'sdp_seed': None, 'sdp_solver_mode': None, 'sdp_scs_eps': None, 'sdp_scs_max_iters': None, 'warm_start_corr_strength': None, 'warm_start_corr_repeats': None, 'compare_with_010101': False, 'init_QAOAparams_close_to_zero': False, 'use_correlations_as_initial_params': None, 'time_limit': None, 'failed_instance_termination_thrsh': None, 'graph_generation_type': 'hog', 'weighted': False, 'easiest_first': False, 'cpu_util_threshold': None, 'debug': False, 'save_circuit_svg': False, 'rerun_exclude_finished_instances': True, 'warm_start_cache_producer_only': False, 'qaoa_only_from_existing_warm_start_cache': False, 'optimiser_debug_iterations': None, 'num_repeats': 1, 'relative_graph_adjList_path': 'HOG_graphs/Exp5/complete_graphs_2to12vertices_11instances_AdjacencyList.txt', 'persistent_warm_start_cache': False, 'warm_start_cache_dir': None, 'warm_start_cache_max_file_mb': None, 'warm_start_cache_max_total_gb': None, 'sdp_max_parallel': 0, 'qaoa_max_parallel': 16, 'sdp_threads': 1, 'qaoa_threads': 1, 'sdp_memory_limit_total_gb': 0, 'sdp_memory_limit_single_gb': 0, 'sdp_memory_poll_seconds': None, 'sdp_max_retries': 0, 'queue_poll_interval_seconds': 5, 'completed_result_csv_paths': [], 'initialise_standard_warm_start_with_zero_angles': False, 'result_name_suffix': '_Exp5_subexp4_standardWithHeuristic'}, Running QAOA with equal superposition
Benchmark run ID: 9b63354a
Benchmark repeat index: 1
SDP seed override: None
Processor: x86_64
Hostname: dacsvm-cpunode01
Total RAM (GB): None
Physical cores: 32
Logical cores: 32
Python version: 3.11.15
Initialisation time: 0.01 seconds; started at stardate {'initialisation': 0.005033731460571289} and finished at stardate1786056820.7303028
Loaded HOG graph index 0 with 1 edges.
Instance generation for n=0 took 0.00 seconds; started at stardate 1786056820.730319 and finished at stardate 1786056820.7317078
Running QAOA for n=2 nodes, m=1 edges...; Max iterations: 50
Edges: [(0, 1)], weights: [1.0], set of nodes: {0, 1}, n: 2 nodes, p: 2 layers, N_bayes: 50 iterations
Solving for uuid: b8fb62c6
No warm start: Default initial state is equal superposition
Running ADAM optimization with a single iteration (no debug loop)
4.163336342344337e-17
QAOA optimisation for n=0 took 3.79 seconds; started at stardate 1786056820.7317169 and finished at stardate 1786056824.5238497
Finished QAOA for n=2 nodes, m=1 edges at 2026-08-07 00:53:44 on x86_64. Time taken: 3.79 seconds. Hours: 0.00 hours. Peak RAM: 0.22 MB.
Computing line approximation ratio
CSV writing for n=0 took 0.01 seconds; started at stardate 1786056824.5238569 and finished at stardate 1786056824.5367057
results: {0: 4.163336342344337e-17}
durations: {2: 3.792140007019043}
Results saved to: Results/logs/adam/qaoa_results_adam_20260807_005336_pid860925_Exp5_subexp4_standardWithHeuristic.csv
Global end time: 1786056824.536718
Finalisation time: 0.00 seconds; started at stardate 1786056824.5367103 and finished at stardate 1786056824.5367222
Sum of all section times: 3.81 seconds
run_id: 9b63354a
