Starting QAOA benchmark with global start time: 1784873019.3597376
Benchmark parameters: {'optimiser': 'adam', 'optimiser_use_heuristic': True, 'heuristic_optimiser_iterations': 1, 'heuristic_optimiser_sampleSize': 100, 'circuit_type': 'hamqaoa', 'parameter_vector': [1, 1, 1], 'iterations_list': [5, 10, 25, 50], 'learning_rate_adam': 0.05, 'depth_list': [1, 2], 'n_start': None, 'n_end': 44, 'singlet_injection': False, 'start_index_singlet': None, 'warm_start': True, 'warm_start_mode': 'standard', 'lasserre_level': 1, 'initial_solver_level_M': 1, 'sdp_seed': 42, 'sdp_solver_mode': 'scs', 'sdp_scs_eps': 1e-06, 'sdp_scs_max_iters': 100000, 'warm_start_corr_strength': None, 'warm_start_corr_repeats': None, 'compare_with_010101': False, 'init_QAOAparams_close_to_zero': False, 'use_correlations_as_initial_params': False, 'time_limit': None, 'failed_instance_termination_thrsh': None, 'graph_generation_type': 'hog', 'weighted': False, 'easiest_first': True, 'cpu_util_threshold': None, 'debug': False, 'save_circuit_svg': False, 'rerun_exclude_finished_instances': False, 'warm_start_cache_producer_only': False, 'qaoa_only_from_existing_warm_start_cache': True, 'optimiser_debug_iterations': None, 'num_repeats': 1, 'relative_graph_adjList_path': 'HOG_graphs/random_graphs_8to14vertices_78instances_20260625_143415_AdjacencyList.txt', 'persistent_warm_start_cache': True, 'warm_start_cache_dir': 'Results/warm_start_cache/experiment_3', 'warm_start_cache_max_file_mb': 512, 'warm_start_cache_max_total_gb': 60, 'sdp_max_parallel': 0, 'qaoa_max_parallel': 32, 'sdp_threads': 1, 'qaoa_threads': 1, 'sdp_memory_limit_total_gb': 100, 'sdp_memory_limit_single_gb': 100, 'sdp_memory_poll_seconds': 5, 'sdp_max_retries': 3, 'queue_poll_interval_seconds': 5}, Running QAOA with equal superposition
Benchmark run ID: 43442b19
Benchmark repeat index: 1
SDP seed override: 42
Processor: x86_64
Hostname: dacsgpu0002
Total RAM (GB): None
Physical cores: 64
Logical cores: 64
Python version: 3.11.15
Initialisation time: 0.00 seconds; started at stardate {'initialisation': 0.004681587219238281} and finished at stardate1784873019.3644335
Loaded HOG graph index 30 with 20 edges.
Instance generation for n=30 took 0.00 seconds; started at stardate 1784873019.3644395 and finished at stardate 1784873019.3680608
Running QAOA for n=10 nodes, m=20 edges...; Max iterations: 50
Warm-start cache: loading Results/warm_start_cache/experiment_3/random_graphs_8to14vertices_78instances_20260625_143415_AdjacencyList__filehash_a79662a0/hog_idx000030_1eaa2b3db787_seed42_L1_M1_amplified.npz
Warm-start cache: loaded in 0.0026 seconds; effective compute time=0.21600961685180664
Edges: [(2, 3), (3, 5), (4, 6), (7, 8), (0, 2), (0, 8), (1, 7), (5, 7), (3, 4), (4, 5), (8, 9), (1, 3), (0, 1), (6, 8), (2, 4), (7, 9), (1, 2), (1, 5), (0, 9), (6, 7)], weights: [1.0, 1.0, 1.0, 1.0, 1.0, 1.0, 1.0, 1.0, 1.0, 1.0, 1.0, 1.0, 1.0, 1.0, 1.0, 1.0, 1.0, 1.0, 1.0, 1.0], set of nodes: {0, 1, 2, 3, 4, 5, 6, 7, 8, 9}, n: 10 nodes, p: 1 layers, N_bayes: 50 iterations
Solving for uuid: 74757322
Initial state injected as warm start
Running ADAM optimization with a single iteration (no debug loop)
7.2169646594186725
QAOA optimisation for n=30 took 334.83 seconds; started at stardate 1784873019.3680658 and finished at stardate 1784873354.1983905
Finished QAOA for n=10 nodes, m=20 edges at 2026-07-24 08:09:14 on x86_64. Time taken: 334.83 seconds. Hours: 0.09 hours. Peak RAM: 0.51 MB.
Unknown graph type for approximation ratio calculation; checking misc CSV.
Checking optimal_results_misc.csv for matching edges and weights...
Found matching exact result in misc CSV: 10.007511103462296
CSV writing for n=30 took 0.00 seconds; started at stardate 1784873354.198397 and finished at stardate 1784873354.2007978
results: {30: 7.2169646594186725}
durations: {10: 334.8303289413452}
Results saved to: Results/logs/adam/qaoa_results_adam_20260724_073504_pid3592059.csv
Global end time: 1784873354.2008047
Finalisation time: 0.00 seconds; started at stardate 1784873354.2008 and finished at stardate 1784873354.2008073
Sum of all section times: 334.84 seconds
run_id: 43442b19
