Starting QAOA benchmark with global start time: 1784871737.5705583
Benchmark parameters: {'optimiser': 'adam', 'optimiser_use_heuristic': True, 'heuristic_optimiser_iterations': 1, 'heuristic_optimiser_sampleSize': 100, 'circuit_type': 'hamqaoa', 'parameter_vector': [1, 1, 1], 'iterations_list': [5, 10, 25, 50], 'learning_rate_adam': 0.05, 'depth_list': [1, 2], 'n_start': None, 'n_end': 44, 'singlet_injection': False, 'start_index_singlet': None, 'warm_start': True, 'warm_start_mode': 'standard', 'lasserre_level': 1, 'initial_solver_level_M': 1, 'sdp_seed': 42, 'sdp_solver_mode': 'scs', 'sdp_scs_eps': 1e-06, 'sdp_scs_max_iters': 100000, 'warm_start_corr_strength': None, 'warm_start_corr_repeats': None, 'compare_with_010101': False, 'init_QAOAparams_close_to_zero': False, 'use_correlations_as_initial_params': False, 'time_limit': None, 'failed_instance_termination_thrsh': None, 'graph_generation_type': 'hog', 'weighted': False, 'easiest_first': True, 'cpu_util_threshold': None, 'debug': False, 'save_circuit_svg': False, 'rerun_exclude_finished_instances': False, 'warm_start_cache_producer_only': False, 'qaoa_only_from_existing_warm_start_cache': True, 'optimiser_debug_iterations': None, 'num_repeats': 1, 'relative_graph_adjList_path': 'HOG_graphs/random_graphs_8to14vertices_78instances_20260625_143415_AdjacencyList.txt', 'persistent_warm_start_cache': True, 'warm_start_cache_dir': 'Results/warm_start_cache/experiment_3', 'warm_start_cache_max_file_mb': 512, 'warm_start_cache_max_total_gb': 60, 'sdp_max_parallel': 0, 'qaoa_max_parallel': 32, 'sdp_threads': 1, 'qaoa_threads': 1, 'sdp_memory_limit_total_gb': 100, 'sdp_memory_limit_single_gb': 100, 'sdp_memory_poll_seconds': 5, 'sdp_max_retries': 3, 'queue_poll_interval_seconds': 5}, Running QAOA with equal superposition
Benchmark run ID: 5012b8fc
Benchmark repeat index: 1
SDP seed override: 42
Processor: x86_64
Hostname: dacsgpu0002
Total RAM (GB): None
Physical cores: 64
Logical cores: 64
Python version: 3.11.15
Initialisation time: 0.00 seconds; started at stardate {'initialisation': 0.0029273033142089844} and finished at stardate1784871737.5735002
Loaded HOG graph index 13 with 18 edges.
Instance generation for n=13 took 0.00 seconds; started at stardate 1784871737.5735052 and finished at stardate 1784871737.576289
Running QAOA for n=9 nodes, m=18 edges...; Max iterations: 50
Warm-start cache: loading Results/warm_start_cache/experiment_3/random_graphs_8to14vertices_78instances_20260625_143415_AdjacencyList__filehash_a79662a0/hog_idx000013_bb6afa900ad3_seed42_L1_M1_amplified.npz
Warm-start cache: loaded in 0.0013 seconds; effective compute time=0.14361858367919922
Edges: [(2, 7), (0, 1), (2, 3), (0, 4), (2, 6), (0, 7), (3, 5), (4, 6), (1, 2), (5, 6), (0, 6), (3, 4), (6, 8), (4, 5), (0, 5), (1, 4), (5, 8), (0, 8)], weights: [1.0, 1.0, 1.0, 1.0, 1.0, 1.0, 1.0, 1.0, 1.0, 1.0, 1.0, 1.0, 1.0, 1.0, 1.0, 1.0, 1.0, 1.0], set of nodes: {0, 1, 2, 3, 4, 5, 6, 7, 8}, n: 9 nodes, p: 2 layers, N_bayes: 50 iterations
Solving for uuid: 99b78328
Initial state injected as warm start
Running ADAM optimization with a single iteration (no debug loop)
5.828307083882883
QAOA optimisation for n=13 took 54.36 seconds; started at stardate 1784871737.5762925 and finished at stardate 1784871791.9387362
Finished QAOA for n=9 nodes, m=18 edges at 2026-07-24 07:43:11 on x86_64. Time taken: 54.36 seconds. Hours: 0.02 hours. Peak RAM: 0.35 MB.
Unknown graph type for approximation ratio calculation; checking misc CSV.
Checking optimal_results_misc.csv for matching edges and weights...
Found matching exact result in misc CSV: 9.080080501337052
CSV writing for n=13 took 0.00 seconds; started at stardate 1784871791.9387453 and finished at stardate 1784871791.9426987
results: {13: 5.828307083882883}
durations: {9: 54.3624484539032}
Results saved to: Results/logs/adam/qaoa_results_adam_20260724_073504_pid3592059.csv
Global end time: 1784871791.9427192
Finalisation time: 0.00 seconds; started at stardate 1784871791.9427059 and finished at stardate 1784871791.9427238
Sum of all section times: 54.37 seconds
run_id: 5012b8fc
