Starting QAOA benchmark with global start time: 1788944743.682378
Benchmark parameters: {'optimiser': 'adam', 'optimiser_use_heuristic': False, 'heuristic_optimiser_iterations': None, 'heuristic_optimiser_sampleSize': None, 'circuit_type': 'hamqaoa', 'parameter_vector': [1, 1, 1], 'iterations_list': [75], 'learning_rate_adam': 0.001, 'depth_list': [1, 2, 3, 4, 5], 'n_start': None, 'n_end': None, 'singlet_injection': False, 'start_index_singlet': None, 'warm_start': True, 'warm_start_mode': 'standard', 'lasserre_level': 2, 'initial_solver_level_M': 2, 'sdp_seed': 42, 'sdp_solver_mode': 'scs', 'sdp_scs_eps': 1e-06, 'sdp_scs_max_iters': 100000, 'warm_start_corr_strength': None, 'warm_start_corr_repeats': None, 'compare_with_010101': False, 'init_QAOAparams_close_to_zero': False, 'use_correlations_as_initial_params': False, 'time_limit': None, 'failed_instance_termination_thrsh': None, 'graph_generation_type': 'hog', 'weighted': False, 'easiest_first': False, 'cpu_util_threshold': None, 'debug': False, 'save_circuit_svg': False, 'rerun_exclude_finished_instances': False, 'warm_start_cache_producer_only': False, 'qaoa_only_from_existing_warm_start_cache': True, 'optimiser_debug_iterations': None, 'num_repeats': 1, 'relative_graph_adjList_path': 'HOG_graphs/Exp5/list_193_graphs_adjacency_listhog_v04-12_planar_clawFree.txt', 'persistent_warm_start_cache': True, 'warm_start_cache_dir': 'Results/warm_start_cache', 'warm_start_cache_max_file_mb': 512, 'warm_start_cache_max_total_gb': 60, 'sdp_max_parallel': 0, 'qaoa_max_parallel': 16, 'sdp_threads': 1, 'qaoa_threads': 1, 'sdp_memory_limit_total_gb': 0, 'sdp_memory_limit_single_gb': 0, 'sdp_memory_poll_seconds': 5, 'sdp_max_retries': 0, 'queue_poll_interval_seconds': 5, 'max_graph_vertices': 10, 'completed_result_csv_paths': [], 'qaoa_seed': 42, 'initialise_standard_warm_start_with_zero_angles': True, 'result_name_suffix': '_FINAL_BENCHMARKS_STANDARD', 'algorithm17_beta_mode': 'analytic_instance'}, Running QAOA with equal superposition
Benchmark run ID: cb7777b2
Benchmark repeat index: 1
Configured SDP rounding seed: 42
QAOA seed used: 42
Processor: x86_64
Hostname: dacsvm-cpunode01
Total RAM (GB): None
Physical cores: 32
Logical cores: 32
Python version: 3.11.15
Initialisation time: 0.00 seconds; started at stardate {'initialisation': 0.004893779754638672} and finished at stardate1788944743.687286
Loaded HOG graph index 132 with 6 edges.
Instance generation for n=132 took 0.01 seconds; started at stardate 1788944743.6872973 and finished at stardate 1788944743.6930542
Running QAOA for n=6 nodes, m=6 edges...; Max iterations: 75
Warm-start cache: loading Results/warm_start_cache/list_193_graphs_adjacency_listhog_v04-12_planar_clawFree__filehash_62ae5075/hog_idx000132_0cad894dd08e_seed42_L2_M2_betaanalytic_instance_amplified.npz
Warm-start cache: loaded in 0.0030 seconds; effective compute time=114.22063899040222
Edges: [(0, 4), (3, 5), (1, 2), (3, 4), (4, 5), (2, 5)], weights: [1.0, 1.0, 1.0, 1.0, 1.0, 1.0], set of nodes: {0, 1, 2, 3, 4, 5}, n: 6 nodes, p: 4 layers, N_bayes: 75 iterations
Solving for uuid: d979f4b8
Initial state injected as warm start
Running ADAM optimization with a single iteration (no debug loop)
5.472438552557981
QAOA optimisation for n=132 took 30.60 seconds; started at stardate 1788944743.6930635 and finished at stardate 1788944774.291927
Finished QAOA for n=6 nodes, m=6 edges at 2026-09-09 11:06:14 on x86_64. Time taken: 30.60 seconds. Hours: 0.01 hours. Peak RAM: 0.24 MB.
Unknown graph type for approximation ratio calculation; checking misc CSV.
Checking optimal_results_misc.csv for matching edges and weights...
Found matching exact result in misc CSV: 3.883497565249751
CSV writing for n=132 took 0.01 seconds; started at stardate 1788944774.2919323 and finished at stardate 1788944774.305397
results: {132: 5.472438552557981}
durations: {6: 30.598869562149048}
Results saved to: Results/logs/adam/qaoa_results_adam_20260909_084853_pid783416_FINAL_BENCHMARKS_STANDARD.csv
Global end time: 1788944774.3054206
Finalisation time: 0.00 seconds; started at stardate 1788944774.3054006 and finished at stardate 1788944774.3054273
Sum of all section times: 30.62 seconds
run_id: cb7777b2
