Starting QAOA benchmark with global start time: 1788253951.179704
Benchmark parameters: {'optimiser': 'adam', 'optimiser_use_heuristic': None, 'heuristic_optimiser_iterations': None, 'heuristic_optimiser_sampleSize': None, 'circuit_type': 'hamqaoa', 'parameter_vector': [1, 1, 1], 'iterations_list': [75], 'learning_rate_adam': None, 'depth_list': [1], 'n_start': None, 'n_end': None, 'singlet_injection': False, 'start_index_singlet': None, 'warm_start': True, 'warm_start_mode': 'amplified', 'lasserre_level': 2, 'initial_solver_level_M': 2, 'sdp_seed': 43, 'sdp_solver_mode': 'scs', 'sdp_scs_eps': 1e-07, 'sdp_scs_max_iters': 250000, 'warm_start_corr_strength': None, 'warm_start_corr_repeats': None, 'compare_with_010101': False, 'init_QAOAparams_close_to_zero': False, 'use_correlations_as_initial_params': False, 'time_limit': None, 'failed_instance_termination_thrsh': None, 'graph_generation_type': 'hog', 'weighted': False, 'easiest_first': False, 'cpu_util_threshold': None, 'debug': False, 'save_circuit_svg': False, 'rerun_exclude_finished_instances': True, 'warm_start_cache_producer_only': True, 'qaoa_only_from_existing_warm_start_cache': False, 'optimiser_debug_iterations': None, 'num_repeats': 1, 'relative_graph_adjList_path': 'HOG_graphs/triangleFree_connected_4to8vertices_176instances_AdjacencyList.txt', 'persistent_warm_start_cache': True, 'warm_start_cache_dir': 'Results/warm_start_cache_experiments/Exp4_v2_tf176_L2M2_scs_eps1e-7_gpseed43_alg17seed44', 'warm_start_cache_max_file_mb': 512, 'warm_start_cache_max_total_gb': 60, 'sdp_max_parallel': 32, 'qaoa_max_parallel': 0, 'sdp_threads': 1, 'qaoa_threads': 1, 'sdp_memory_limit_total_gb': 250, 'sdp_memory_limit_single_gb': 100, 'sdp_memory_poll_seconds': 5, 'sdp_max_retries': 3, 'queue_poll_interval_seconds': 5, 'max_graph_vertices': 10, 'completed_result_csv_paths': [], 'qaoa_seed': 1, 'initialise_standard_warm_start_with_zero_angles': False, 'result_name_suffix': '_Exp4_v2_tf176_L2M2_scs_eps1e-7_gpseed43_alg17seed44'}, Running QAOA with equal superposition
Benchmark run ID: e7208c7f
Benchmark repeat index: 1
Configured SDP rounding seed: 43
QAOA seed used: 1
Processor: x86_64
Hostname: dacsvm-cpunode01
Total RAM (GB): None
Physical cores: 32
Logical cores: 32
Python version: 3.11.15
Initialisation time: 0.00 seconds; started at stardate {'initialisation': 0.004058837890625} and finished at stardate1788253951.18377
Loaded HOG graph index 26 with 5 edges.
Instance generation for n=26 took 0.00 seconds; started at stardate 1788253951.1837752 and finished at stardate 1788253951.186371
Running QAOA for n=6 nodes, m=5 edges...; Max iterations: 75
Warm-start: starting SDP solve for n_vertices=6
Warm-start: using configured sdp_seed=43
Using SCS solver for SDP with eps=1e-07, max_iters=250000.
SDP solver status: optimal
SDP solver name: SCS
SDP solver iterations: 225
SDP solve time: 0.806838722
SDP extra stats: {'x': array([ 1.00000000e+00, -2.83036511e-16,  2.03396646e-16, ...,
        1.00000000e+00, -1.29580637e-18,  1.00000000e+00], shape=(11935,)), 'y': array([ 3.34910525e-02,  1.39236518e-02,  1.39236518e-02, ...,
        6.70904709e-02, -1.32054647e-16,  9.93048538e-02], shape=(33896,)), 's': array([ 0.00000000e+00,  0.00000000e+00,  0.00000000e+00, ...,
        1.00000000e+00, -1.01130683e-15,  1.00000000e+00], shape=(33896,)), 'info': {'status_val': 1, 'iter': 225, 'scale_updates': 1, 'scale': 0.33837047523366875, 'pobj': -4.949489731138159, 'dobj': -4.949489725049951, 'res_pri': 6.638293753137134e-09, 'res_dual': 2.888407643599082e-09, 'gap': 6.088207271659485e-09, 'res_infeas': nan, 'res_unbdd_a': 0.2020410293444131, 'res_unbdd_p': 0.0, 'comp_slack': 2.3145929617385264e-12, 'solve_time': 806.838722, 'setup_time': 14.238946, 'lin_sys_time': 104.93985099999998, 'cone_time': 668.8212839999995, 'accel_time': 7.329988999999998, 'rejected_accel_steps': 0, 'accepted_accel_steps': 2, 'status': 'solved'}}
Rounding...
Setting seed to 43
n_vertices: 6 for n = 18
Using seed 43 to generate random matrix for x.
Energy of rounded cut/product state: 4.312332833744307
Algorithm 17 lower-bound energy: 4.486679140122087
Algorithm 17 actual entangled-state energy: 5.206355322570275
SDP objective value: 7.44948973113816
3 in cut out of a total of 5 edges
Warm-start: SDP solve + rounding finished in 59.46 seconds
Warm-start: using level-2 Algorithm 17 entangled statevector with shape (64,)
Warm-start cache: moment matrix before save shape=(154, 154), dtype=float64, entries=23716, bytes=189728 (0.18 MiB)
Warm-start cache: saved Results/warm_start_cache_experiments/Exp4_v2_tf176_L2M2_scs_eps1e-7_gpseed43_alg17seed44/triangleFree_connected_4to8vertices_176instances_AdjacencyList__filehash_279b7452/hog_idx000026_c1a8f5359efd_seed43_L2_M2_amplified.npz in 0.0060 seconds
WARM_START_CACHE_PRODUCER_ONLY is set; warm-start cache has been produced/loaded. Exiting before QAOA optimisation.
