Starting QAOA benchmark with global start time: 1788254412.0527637
Benchmark parameters: {'optimiser': 'adam', 'optimiser_use_heuristic': None, 'heuristic_optimiser_iterations': None, 'heuristic_optimiser_sampleSize': None, 'circuit_type': 'hamqaoa', 'parameter_vector': [1, 1, 1], 'iterations_list': [75], 'learning_rate_adam': None, 'depth_list': [1], 'n_start': None, 'n_end': None, 'singlet_injection': False, 'start_index_singlet': None, 'warm_start': True, 'warm_start_mode': 'amplified', 'lasserre_level': 2, 'initial_solver_level_M': 2, 'sdp_seed': 43, 'sdp_solver_mode': 'scs', 'sdp_scs_eps': 1e-07, 'sdp_scs_max_iters': 250000, 'warm_start_corr_strength': None, 'warm_start_corr_repeats': None, 'compare_with_010101': False, 'init_QAOAparams_close_to_zero': False, 'use_correlations_as_initial_params': False, 'time_limit': None, 'failed_instance_termination_thrsh': None, 'graph_generation_type': 'hog', 'weighted': False, 'easiest_first': False, 'cpu_util_threshold': None, 'debug': False, 'save_circuit_svg': False, 'rerun_exclude_finished_instances': True, 'warm_start_cache_producer_only': True, 'qaoa_only_from_existing_warm_start_cache': False, 'optimiser_debug_iterations': None, 'num_repeats': 1, 'relative_graph_adjList_path': 'HOG_graphs/triangleFree_connected_4to8vertices_176instances_AdjacencyList.txt', 'persistent_warm_start_cache': True, 'warm_start_cache_dir': 'Results/warm_start_cache_experiments/Exp4_v2_tf176_L2M2_scs_eps1e-7_gpseed43_alg17seed44', 'warm_start_cache_max_file_mb': 512, 'warm_start_cache_max_total_gb': 60, 'sdp_max_parallel': 32, 'qaoa_max_parallel': 0, 'sdp_threads': 1, 'qaoa_threads': 1, 'sdp_memory_limit_total_gb': 250, 'sdp_memory_limit_single_gb': 100, 'sdp_memory_poll_seconds': 5, 'sdp_max_retries': 3, 'queue_poll_interval_seconds': 5, 'max_graph_vertices': 10, 'completed_result_csv_paths': [], 'qaoa_seed': 1, 'initialise_standard_warm_start_with_zero_angles': False, 'result_name_suffix': '_Exp4_v2_tf176_L2M2_scs_eps1e-7_gpseed43_alg17seed44'}, Running QAOA with equal superposition
Benchmark run ID: 6d0d0e1d
Benchmark repeat index: 1
Configured SDP rounding seed: 43
QAOA seed used: 1
Processor: x86_64
Hostname: dacsvm-cpunode01
Total RAM (GB): None
Physical cores: 32
Logical cores: 32
Python version: 3.11.15
Initialisation time: 0.01 seconds; started at stardate {'initialisation': 0.012850522994995117} and finished at stardate1788254412.065622
Loaded HOG graph index 110 with 9 edges.
Instance generation for n=110 took 0.00 seconds; started at stardate 1788254412.065627 and finished at stardate 1788254412.0674896
Running QAOA for n=8 nodes, m=9 edges...; Max iterations: 75
Warm-start: starting SDP solve for n_vertices=8
Warm-start: using configured sdp_seed=43
Using SCS solver for SDP with eps=1e-07, max_iters=250000.
SDP solver status: optimal
SDP solver name: SCS
SDP solver iterations: 2150
SDP solve time: 32.34858007
SDP extra stats: {'x': array([ 1.00000000e+00,  1.88681925e-13, -1.11707981e-14, ...,
        1.00000000e+00, -1.43624389e-18,  1.00000000e+00], shape=(38503,)), 'y': array([3.64606913e-02, 1.51025165e-02, 1.51025165e-02, ...,
       8.78149437e-03, 1.40327845e-14, 5.41252333e-02], shape=(108050,)), 's': array([0.00000000e+00, 0.00000000e+00, 0.00000000e+00, ...,
       1.00000000e+00, 1.80475661e-15, 1.00000000e+00], shape=(108050,)), 'info': {'status_val': 1, 'iter': 2150, 'scale_updates': 3, 'scale': 4.5605795581075945, 'pobj': -7.484425985683035, 'dobj': -7.484425978768248, 'res_pri': 6.300203479399407e-08, 'res_dual': 1.43579329308417e-07, 'gap': 6.9147869652397276e-09, 'res_infeas': nan, 'res_unbdd_a': 0.13361078082868486, 'res_unbdd_p': 0.0, 'comp_slack': 4.51832183164862e-11, 'solve_time': 32348.58007, 'setup_time': 47.696787, 'lin_sys_time': 3107.433138000004, 'cone_time': 28204.942956000028, 'accel_time': 215.86942200000047, 'rejected_accel_steps': 17, 'accepted_accel_steps': 2, 'status': 'solved'}}
Rounding...
Setting seed to 43
n_vertices: 8 for n = 24
Using seed 43 to generate random matrix for x.
Energy of rounded cut/product state: 8.113613715172601
Algorithm 17 lower-bound energy: 7.039115886498415
Algorithm 17 actual entangled-state energy: 8.875479570020682
SDP objective value: 11.984425985683036
6 in cut out of a total of 9 edges
Warm-start: SDP solve + rounding finished in 583.72 seconds
Warm-start: using level-2 Algorithm 17 entangled statevector with shape (256,)
Warm-start cache: moment matrix before save shape=(277, 277), dtype=float64, entries=76729, bytes=613832 (0.59 MiB)
Warm-start cache: saved Results/warm_start_cache_experiments/Exp4_v2_tf176_L2M2_scs_eps1e-7_gpseed43_alg17seed44/triangleFree_connected_4to8vertices_176instances_AdjacencyList__filehash_279b7452/hog_idx000110_b9ac9cba867a_seed43_L2_M2_amplified.npz in 0.0141 seconds
WARM_START_CACHE_PRODUCER_ONLY is set; warm-start cache has been produced/loaded. Exiting before QAOA optimisation.
