/home/i6408800/MasterThesis/QAOA/Code/Circuit.py:192: UserWarning: No classical warm-start cut provided for HAMQAOA; using random cut values for fourth HAMQAOA gate. This may lead to suboptimal performance and may be unintentional if a classical warm start was intended.
  warnings.warn(
Starting QAOA benchmark with global start time: 1788802451.3288927
Benchmark parameters: {'optimiser': 'adam', 'optimiser_use_heuristic': True, 'heuristic_optimiser_iterations': 1, 'heuristic_optimiser_sampleSize': 25, 'circuit_type': 'hamqaoa', 'parameter_vector': [1, 1, 1], 'iterations_list': [75], 'learning_rate_adam': 0.001, 'depth_list': [1, 2, 3, 4, 5], 'n_start': None, 'n_end': None, 'singlet_injection': False, 'start_index_singlet': None, 'warm_start': False, 'warm_start_mode': None, 'lasserre_level': None, 'initial_solver_level_M': None, 'sdp_seed': None, 'sdp_solver_mode': None, 'sdp_scs_eps': None, 'sdp_scs_max_iters': None, 'warm_start_corr_strength': None, 'warm_start_corr_repeats': None, 'compare_with_010101': False, 'init_QAOAparams_close_to_zero': False, 'use_correlations_as_initial_params': None, 'time_limit': None, 'failed_instance_termination_thrsh': None, 'graph_generation_type': 'hog', 'weighted': False, 'easiest_first': False, 'cpu_util_threshold': None, 'debug': False, 'save_circuit_svg': False, 'rerun_exclude_finished_instances': True, 'warm_start_cache_producer_only': False, 'qaoa_only_from_existing_warm_start_cache': False, 'optimiser_debug_iterations': None, 'num_repeats': 1, 'relative_graph_adjList_path': 'HOG_graphs/Exp5/complete_graphs_2to12vertices_11instances_AdjacencyList.txt', 'persistent_warm_start_cache': False, 'warm_start_cache_dir': None, 'warm_start_cache_max_file_mb': None, 'warm_start_cache_max_total_gb': None, 'sdp_max_parallel': 0, 'qaoa_max_parallel': 16, 'sdp_threads': 1, 'qaoa_threads': 1, 'sdp_memory_limit_total_gb': 0, 'sdp_memory_limit_single_gb': 0, 'sdp_memory_poll_seconds': None, 'sdp_max_retries': 0, 'queue_poll_interval_seconds': 5, 'max_graph_vertices': 10, 'completed_result_csv_paths': [], 'qaoa_seed': 42, 'initialise_standard_warm_start_with_zero_angles': True, 'result_name_suffix': '_FINAL_BENCHMARKS_STANDARD', 'algorithm17_beta_mode': None}, Running QAOA with equal superposition
Benchmark run ID: 4a913f87
Benchmark repeat index: 1
Configured SDP rounding seed: None
QAOA seed used: 42
Processor: x86_64
Hostname: dacsgpu0003
Total RAM (GB): None
Physical cores: 64
Logical cores: 64
Python version: 3.11.15
Initialisation time: 0.00 seconds; started at stardate {'initialisation': 0.00404810905456543} and finished at stardate1788802451.3329492
Loaded HOG graph index 8 with 45 edges.
Instance generation for n=8 took 0.00 seconds; started at stardate 1788802451.3329575 and finished at stardate 1788802451.3337233
Running QAOA for n=10 nodes, m=45 edges...; Max iterations: 75
Edges: [(2, 3), (3, 8), (2, 6), (3, 5), (2, 9), (4, 6), (4, 9), (7, 8), (0, 5), (1, 4), (0, 2), (0, 8), (1, 7), (6, 9), (5, 7), (3, 4), (2, 8), (4, 5), (3, 7), (2, 5), (4, 8), (8, 9), (1, 3), (0, 1), (1, 6), (0, 4), (1, 9), (0, 7), (6, 8), (5, 6), (5, 9), (3, 6), (2, 4), (3, 9), (2, 7), (4, 7), (7, 9), (0, 3), (1, 2), (1, 8), (0, 6), (1, 5), (0, 9), (5, 8), (6, 7)], weights: [1.0, 1.0, 1.0, 1.0, 1.0, 1.0, 1.0, 1.0, 1.0, 1.0, 1.0, 1.0, 1.0, 1.0, 1.0, 1.0, 1.0, 1.0, 1.0, 1.0, 1.0, 1.0, 1.0, 1.0, 1.0, 1.0, 1.0, 1.0, 1.0, 1.0, 1.0, 1.0, 1.0, 1.0, 1.0, 1.0, 1.0, 1.0, 1.0, 1.0, 1.0, 1.0, 1.0, 1.0, 1.0], set of nodes: {0, 1, 2, 3, 4, 5, 6, 7, 8, 9}, n: 10 nodes, p: 5 layers, N_bayes: 75 iterations
Solving for uuid: 7ed84077
No warm start: Default initial state is equal superposition
Ignoring initialise_standard_warm_start_with_zero_angles because this run has no active supported warm start; using the normal Adam initialization.
Running ADAM optimization with a single iteration (no debug loop)
12.569402810483295
QAOA optimisation for n=8 took 92.69 seconds; started at stardate 1788802451.3337276 and finished at stardate 1788802544.026536
Finished QAOA for n=10 nodes, m=45 edges at 2026-09-07 19:35:44 on x86_64. Time taken: 92.69 seconds. Hours: 0.03 hours. Peak RAM: 0.25 MB.
Computing complete graph approximation ratio
CSV writing for n=8 took 0.01 seconds; started at stardate 1788802544.026547 and finished at stardate 1788802544.0385249
results: {8: 12.569402810483295}
durations: {10: 92.69281482696533}
Results saved to: Results/logs/adam/qaoa_results_adam_20260907_193407_pid1989868_FINAL_BENCHMARKS_STANDARD.csv
Global end time: 1788802544.0385413
Finalisation time: 0.00 seconds; started at stardate 1788802544.0385306 and finished at stardate 1788802544.0385478
Sum of all section times: 92.71 seconds
run_id: 4a913f87
