Starting QAOA benchmark with global start time: 1782914344.9259224
Benchmark parameters: {'optimiser': 'adam', 'optimiser_use_heuristic': True, 'heuristic_optimiser_iterations': 2, 'heuristic_optimiser_sampleSize': 1000, 'circuit_type': 'hamqaoa', 'parameter_vector': [1, 1, 1], 'iterations_list': [50], 'learning_rate_adam': 0.05, 'depth_list': [1, 3, 5], 'n_start': None, 'n_end': None, 'singlet_injection': False, 'start_index_singlet': None, 'warm_start': True, 'warm_start_mode': 'standard', 'lasserre_level': 2, 'initial_solver_level_M': 2, 'sdp_seed': None, 'sdp_solver_mode': 'scs', 'sdp_scs_eps': 1e-06, 'sdp_scs_max_iters': 100000, 'warm_start_corr_strength': None, 'warm_start_corr_repeats': None, 'compare_with_010101': False, 'init_QAOAparams_close_to_zero': False, 'use_correlations_as_initial_params': False, 'time_limit': None, 'failed_instance_termination_thrsh': None, 'graph_generation_type': 'hog', 'weighted': False, 'easiest_first': True, 'cpu_util_threshold': None, 'debug': False, 'save_circuit_svg': False, 'rerun_exclude_finished_instances': True, 'warm_start_cache_producer_only': True, 'qaoa_only_from_existing_warm_start_cache': False, 'optimiser_debug_iterations': None, 'num_repeats': 1, 'relative_graph_adjList_path': 'HOG_graphs/stress_test_cycles.txt', 'persistent_warm_start_cache': True, 'warm_start_cache_dir': 'Results/warm_start_cache/fast_test_scs_verificationSuspicious', 'warm_start_cache_max_file_mb': 512, 'warm_start_cache_max_total_gb': 60, 'sdp_max_parallel': 8, 'qaoa_max_parallel': 0, 'sdp_threads': 1, 'qaoa_threads': 1, 'sdp_memory_limit_total_gb': 125, 'sdp_memory_limit_single_gb': 125, 'sdp_memory_poll_seconds': 5, 'sdp_max_retries': 3, 'queue_poll_interval_seconds': 5}, Running QAOA with equal superposition
Benchmark run ID: 2558e02e
Benchmark repeat index: 1
SDP seed override: None
Processor: x86_64
Hostname: dacsvm-cpunode01
Total RAM (GB): None
Physical cores: 32
Logical cores: 32
Python version: 3.11.15
Initialisation time: 0.01 seconds; started at stardate {'initialisation': 0.006785392761230469} and finished at stardate1782914344.9327176
Loaded HOG graph index 12 with 14 edges.
Instance generation for n=12 took 0.00 seconds; started at stardate 1782914344.932725 and finished at stardate 1782914344.9341764
Running QAOA for n=14 nodes, m=14 edges...; Max iterations: 50
Warm-start: starting SDP solve for n_vertices=14
Warm-start: no sdp_seed in config, generated fallback seed 335782673004930888
Using SCS solver for SDP with eps=1e-06, max_iters=100000.
SDP solver status: optimal
SDP solver name: SCS
SDP solver iterations: 14550
SDP solve time: 5044.026217654
SDP extra stats: {'x': array([ 1.00000000e+00, -1.57461112e-14,  6.89631205e-15, ...,
        1.00000000e+00, -1.43104117e-18,  1.00000000e+00], shape=(371953,)), 'y': array([ 1.46527854e-02,  6.06942621e-03,  6.06942621e-03, ...,
        5.77914718e-02, -2.00427869e-13,  8.19541438e-02],
      shape=(1024088,)), 's': array([ 0.00000000e+00,  0.00000000e+00,  0.00000000e+00, ...,
        9.99999819e-01, -2.52416429e-16,  9.99999740e-01],
      shape=(1024088,)), 'info': {'status_val': 1, 'iter': 14550, 'scale_updates': 4, 'scale': 0.2197026243075038, 'pobj': -12.55244263147284, 'dobj': -12.552437823300478, 'res_pri': 1.994327423740347e-06, 'res_dual': 1.4671116507781266e-06, 'gap': 4.808172361592256e-06, 'res_infeas': nan, 'res_unbdd_a': 0.07966576939242023, 'res_unbdd_p': 0.0, 'comp_slack': 3.049613894745562e-10, 'solve_time': 5044026.217654, 'setup_time': 521.4404, 'lin_sys_time': 210688.58339699943, 'cone_time': 4760809.816475004, 'accel_time': 14499.710233000018, 'rejected_accel_steps': 128, 'accepted_accel_steps': 0, 'status': 'solved'}}
Rounding...
Setting seed to 335782673004930888
n_vertices: 14 for n = 42
Using seed 335782673004930888 to generate random matrix for x.
Energy of rounded cut/product state: 10.469940456384034
Algorithm 17 lower-bound energy: 11.402865168414088
Algorithm 17 actual entangled-state energy: 11.389651243415166
SDP objective value: 19.55244263147284
10 in cut out of a total of 14 edges
Warm-start: SDP solve + rounding finished in 81391.45 seconds
Warm-start: using level-2 Algorithm 17 entangled statevector with shape (16384,)
Warm-start cache: saved Results/warm_start_cache/fast_test_scs_verificationSuspicious/stress_test_cycles__filehash_ec2b82f3/hog_idx000012_af8e0d2e63c5_noseed_L2_M2_standard.npz in 0.0455 seconds
WARM_START_CACHE_PRODUCER_ONLY is set; warm-start cache has been produced/loaded. Exiting before QAOA optimisation.
