2026-04-15 18:39:48.851 system_profiler[8677:2623327] hw.cpufamily: 0x6f5129ac
Benchmark parameters: {'optimiser': 'COBYLA', 'parameter_vector': [1, 1, 1], 'iterations_list': [100, 300, 500], 'depth_list': [1, 2, 3, 4, 5, 10, 15, 20], 'n_start': 2, 'n_end': 14, 'singlet_injection': False, 'start_index_singlet': 0, 'warm_start': True, 'compare_with_010101': True, 'warm_start_correlations': False, 'init_QAOAparams_close_to_zero': False, 'use_correlations_as_initial_params': False, 'time_limit': 10800, 'failed_instance_termination_thrsh': 10, 'graph_generation_type': 'complete', 'weighted': False, 'easiest_first': False, 'cpu_util_threshold': 90, 'debug': False, 'rerun_exclude_finished_instances': True}, Running QAOA with equal superposition
Benchmark run ID: 538c5e0e
Processor: Apple M4
Hostname: Julians-MacBook-Air-2.local
Total RAM (GB): 16.0
Physical cores: 10
Logical cores: 10
Python version: 3.13.1
Generating complete graph with 9 nodes...
Running QAOA for n=9 nodes, m=36 edges...; Max iterations: 500
Warm-start: using parameter_vector=[1, 1, 1]
Warm-start: starting SDP solve for n_vertices=9
Starting SDP solve (solver preference: MOSEK, fallback: SCS) for n_vertices=9, matrix_dim=27, edges=36
Finished SDP solve with MOSEK. status=optimal. elapsed_seconds=0.15
Rounding...
n_vertices: 9 for n = 27
Using seed None to generate random matrix for x.
r_0: [-0.12944066  0.18953154  0.97330515]
Product state qubit 0: [[ 0.98665257+0.j         -0.06472033-0.09476577j]
 [-0.06472033+0.09476577j  0.01334743+0.j        ]]
Diagonal entries of product state 0: [0.98665257 0.01334743]
r_1: [ 0.82611789 -0.00809807 -0.56343913]
Product state qubit 1: [[0.21828044+0.j         0.41305895+0.00404904j]
 [0.41305895-0.00404904j 0.78171956+0.j        ]]
Diagonal entries of product state 1: [0.21828044 0.78171956]
r_2: [-0.09663484 -0.28734314  0.95294052]
Product state qubit 2: [[ 0.97647026+0.j         -0.04831742+0.14367157j]
 [-0.04831742-0.14367157j  0.02352974+0.j        ]]
Diagonal entries of product state 2: [0.97647026 0.02352974]
r_3: [ 0.14812884 -0.21385323  0.9655696 ]
Product state qubit 3: [[0.9827848 +0.j         0.07406442+0.10692662j]
 [0.07406442-0.10692662j 0.0172152 +0.j        ]]
Diagonal entries of product state 3: [0.9827848 0.0172152]
r_4: [ 0.77706553 -0.05491582 -0.62701946]
Product state qubit 4: [[0.18649027+0.j         0.38853277+0.02745791j]
 [0.38853277-0.02745791j 0.81350973+0.j        ]]
Diagonal entries of product state 4: [0.18649027 0.81350973]
r_5: [-0.51704595 -0.07575743 -0.85259855]
Product state qubit 5: [[ 0.07370072+0.j         -0.25852298+0.03787871j]
 [-0.25852298-0.03787871j  0.92629928+0.j        ]]
Diagonal entries of product state 5: [0.07370072 0.92629928]
r_6: [-0.31932646 -0.12535642 -0.93931697]
Product state qubit 6: [[ 0.03034151+0.j         -0.15966323+0.06267821j]
 [-0.15966323-0.06267821j  0.96965849+0.j        ]]
Diagonal entries of product state 6: [0.03034151 0.96965849]
r_7: [ 0.23355706  0.94944128 -0.20979122]
Product state qubit 7: [[0.39510439+0.j         0.11677853-0.47472064j]
 [0.11677853+0.47472064j 0.60489561+0.j        ]]
Diagonal entries of product state 7: [0.39510439 0.60489561]
r_8: [-0.87956834 -0.47342176 -0.04723733]
Product state qubit 8: [[ 0.47638134+0.j         -0.43978417+0.23671088j]
 [-0.43978417-0.23671088j  0.52361866+0.j        ]]
Diagonal entries of product state 8: [0.47638134 0.52361866]
y_scalar: False
[1, -1, 1, 1, -1, -1, -1, -1, -1]
Check the cut: [1, -1, 1, 1, -1, -1, -1, -1, -1]
18 in cut out of a total of 36 edges
Warm-start: SDP solve + rounding finished in 0.16 seconds
Warm-start: statevector build finished in 0.00 seconds
warm_start_correlations: None
Edges: [(0, 1), (0, 2), (0, 3), (0, 4), (0, 5), (0, 6), (0, 7), (0, 8), (1, 2), (1, 3), (1, 4), (1, 5), (1, 6), (1, 7), (1, 8), (2, 3), (2, 4), (2, 5), (2, 6), (2, 7), (2, 8), (3, 4), (3, 5), (3, 6), (3, 7), (3, 8), (4, 5), (4, 6), (4, 7), (4, 8), (5, 6), (5, 7), (5, 8), (6, 7), (6, 8), (7, 8)], weights: [1.0, 1.0, 1.0, 1.0, 1.0, 1.0, 1.0, 1.0, 1.0, 1.0, 1.0, 1.0, 1.0, 1.0, 1.0, 1.0, 1.0, 1.0, 1.0, 1.0, 1.0, 1.0, 1.0, 1.0, 1.0, 1.0, 1.0, 1.0, 1.0, 1.0, 1.0, 1.0, 1.0, 1.0, 1.0, 1.0], set of nodes: {0, 1, 2, 3, 4, 5, 6, 7, 8}, n: 9 nodes, p: 3 layers, N_bayes: 500 iterations
Initial state injected as warm start
Layer 0: Added Cost and Mixer unitaries with gamma=γ[0] and beta=β[0]
.rz and .ry mixer terms added in addition to classical .rx mixer
Layer 1: Added Cost and Mixer unitaries with gamma=γ[1] and beta=β[1]
.rz and .ry mixer terms added in addition to classical .rx mixer
Layer 2: Added Cost and Mixer unitaries with gamma=γ[2] and beta=β[2]
.rz and .ry mixer terms added in addition to classical .rx mixer
Using random initial parameters with gamma [0.69146105 6.0747314  2.04922597] and beta [0.67721801 2.01866817 2.10923452]
10.108423992984518
Reusing optimiser initial parameters for 010101 comparison run.
warm_start_correlations: None
Edges: [(0, 1), (0, 2), (0, 3), (0, 4), (0, 5), (0, 6), (0, 7), (0, 8), (1, 2), (1, 3), (1, 4), (1, 5), (1, 6), (1, 7), (1, 8), (2, 3), (2, 4), (2, 5), (2, 6), (2, 7), (2, 8), (3, 4), (3, 5), (3, 6), (3, 7), (3, 8), (4, 5), (4, 6), (4, 7), (4, 8), (5, 6), (5, 7), (5, 8), (6, 7), (6, 8), (7, 8)], weights: [1.0, 1.0, 1.0, 1.0, 1.0, 1.0, 1.0, 1.0, 1.0, 1.0, 1.0, 1.0, 1.0, 1.0, 1.0, 1.0, 1.0, 1.0, 1.0, 1.0, 1.0, 1.0, 1.0, 1.0, 1.0, 1.0, 1.0, 1.0, 1.0, 1.0, 1.0, 1.0, 1.0, 1.0, 1.0, 1.0], set of nodes: {0, 1, 2, 3, 4, 5, 6, 7, 8}, n: 9 nodes, p: 3 layers, N_bayes: 500 iterations
Initial state injected as warm start
Layer 0: Added Cost and Mixer unitaries with gamma=γ[0] and beta=β[0]
.rz and .ry mixer terms added in addition to classical .rx mixer
Layer 1: Added Cost and Mixer unitaries with gamma=γ[1] and beta=β[1]
.rz and .ry mixer terms added in addition to classical .rx mixer
Layer 2: Added Cost and Mixer unitaries with gamma=γ[2] and beta=β[2]
.rz and .ry mixer terms added in addition to classical .rx mixer
Using provided initial parameters x0 with shape (6,)
10.000000000000252
Finished QAOA for n=9 nodes, m=36 edges at 2026-04-15 18:39:58 on Apple M4. Time taken: 9.35 seconds. Hours: 0.00 hours. Peak RAM: 362.11 MB.
Computing complete graph approximation ratio
results: {9: np.float64(10.108423992984518)}
durations: {9: 9.35217809677124}
Results saved to: logs/COBYLA/qaoa_results_COBYLA_20260415_080702.csv
