2026-04-15 18:38:18.284 system_profiler[6361:2617833] hw.cpufamily: 0x6f5129ac
Benchmark parameters: {'optimiser': 'COBYLA', 'parameter_vector': [1, 1, 1], 'iterations_list': [100, 300, 500], 'depth_list': [1, 2, 3, 4, 5, 10, 15, 20], 'n_start': 2, 'n_end': 14, 'singlet_injection': False, 'start_index_singlet': 0, 'warm_start': True, 'compare_with_010101': True, 'warm_start_correlations': False, 'init_QAOAparams_close_to_zero': False, 'use_correlations_as_initial_params': False, 'time_limit': 10800, 'failed_instance_termination_thrsh': 10, 'graph_generation_type': 'complete', 'weighted': False, 'easiest_first': False, 'cpu_util_threshold': 90, 'debug': False, 'rerun_exclude_finished_instances': True}, Running QAOA with equal superposition
Benchmark run ID: 1835b465
Processor: Apple M4
Hostname: Julians-MacBook-Air-2.local
Total RAM (GB): 16.0
Physical cores: 10
Logical cores: 10
Python version: 3.13.1
Generating complete graph with 10 nodes...
Running QAOA for n=10 nodes, m=45 edges...; Max iterations: 500
Warm-start: using parameter_vector=[1, 1, 1]
Warm-start: starting SDP solve for n_vertices=10
Starting SDP solve (solver preference: MOSEK, fallback: SCS) for n_vertices=10, matrix_dim=30, edges=45
Finished SDP solve with MOSEK. status=optimal. elapsed_seconds=0.18
Rounding...
n_vertices: 10 for n = 30
Using seed None to generate random matrix for x.
r_0: [-0.71835589 -0.1343347  -0.6825826 ]
Product state qubit 0: [[ 0.1587087 +0.j         -0.35917794+0.06716735j]
 [-0.35917794-0.06716735j  0.8412913 +0.j        ]]
Diagonal entries of product state 0: [0.1587087 0.8412913]
r_1: [ 0.7441691  -0.20781892  0.63484143]
Product state qubit 1: [[0.81742072+0.j         0.37208455+0.10390946j]
 [0.37208455-0.10390946j 0.18257928+0.j        ]]
Diagonal entries of product state 1: [0.81742072 0.18257928]
r_2: [0.4239456  0.81860507 0.3874995 ]
Product state qubit 2: [[0.69374975+0.j         0.2119728 -0.40930254j]
 [0.2119728 +0.40930254j 0.30625025+0.j        ]]
Diagonal entries of product state 2: [0.69374975 0.30625025]
r_3: [-0.97245794 -0.23011789 -0.03703117]
Product state qubit 3: [[ 0.48148441+0.j         -0.48622897+0.11505894j]
 [-0.48622897-0.11505894j  0.51851559+0.j        ]]
Diagonal entries of product state 3: [0.48148441 0.51851559]
r_4: [-0.710249   -0.27813236  0.64667515]
Product state qubit 4: [[ 0.82333758+0.j         -0.3551245 +0.13906618j]
 [-0.3551245 -0.13906618j  0.17666242+0.j        ]]
Diagonal entries of product state 4: [0.82333758 0.17666242]
r_5: [ 0.42751019 -0.51690154 -0.7416521 ]
Product state qubit 5: [[0.12917395+0.j         0.2137551 +0.25845077j]
 [0.2137551 -0.25845077j 0.87082605+0.j        ]]
Diagonal entries of product state 5: [0.12917395 0.87082605]
r_6: [-0.32180347  0.35026789 -0.87963341]
Product state qubit 6: [[ 0.0601833 +0.j         -0.16090173-0.17513395j]
 [-0.16090173+0.17513395j  0.9398167 +0.j        ]]
Diagonal entries of product state 6: [0.0601833 0.9398167]
r_7: [ 0.9496219  -0.21632587 -0.2267628 ]
Product state qubit 7: [[0.3866186 +0.j         0.47481095+0.10816294j]
 [0.47481095-0.10816294j 0.6133814 +0.j        ]]
Diagonal entries of product state 7: [0.3866186 0.6133814]
r_8: [ 0.26116669  0.46392659 -0.84650108]
Product state qubit 8: [[0.07674946+0.j         0.13058334-0.23196329j]
 [0.13058334+0.23196329j 0.92325054+0.j        ]]
Diagonal entries of product state 8: [0.07674946 0.92325054]
r_9: [-0.04303832  0.02824536  0.99867407]
Product state qubit 9: [[ 9.99337036e-01+0.j         -2.15191586e-02-0.01412268j]
 [-2.15191586e-02+0.01412268j  6.62963728e-04+0.j        ]]
Diagonal entries of product state 9: [9.99337036e-01 6.62963728e-04]
y_scalar: False
[-1, 1, 1, -1, 1, -1, -1, -1, -1, 1]
Check the cut: [-1, 1, 1, -1, 1, -1, -1, -1, -1, 1]
24 in cut out of a total of 45 edges
Warm-start: SDP solve + rounding finished in 0.21 seconds
Warm-start: statevector build finished in 0.00 seconds
warm_start_correlations: None
Edges: [(0, 1), (0, 2), (0, 3), (0, 4), (0, 5), (0, 6), (0, 7), (0, 8), (0, 9), (1, 2), (1, 3), (1, 4), (1, 5), (1, 6), (1, 7), (1, 8), (1, 9), (2, 3), (2, 4), (2, 5), (2, 6), (2, 7), (2, 8), (2, 9), (3, 4), (3, 5), (3, 6), (3, 7), (3, 8), (3, 9), (4, 5), (4, 6), (4, 7), (4, 8), (4, 9), (5, 6), (5, 7), (5, 8), (5, 9), (6, 7), (6, 8), (6, 9), (7, 8), (7, 9), (8, 9)], weights: [1.0, 1.0, 1.0, 1.0, 1.0, 1.0, 1.0, 1.0, 1.0, 1.0, 1.0, 1.0, 1.0, 1.0, 1.0, 1.0, 1.0, 1.0, 1.0, 1.0, 1.0, 1.0, 1.0, 1.0, 1.0, 1.0, 1.0, 1.0, 1.0, 1.0, 1.0, 1.0, 1.0, 1.0, 1.0, 1.0, 1.0, 1.0, 1.0, 1.0, 1.0, 1.0, 1.0, 1.0, 1.0], set of nodes: {0, 1, 2, 3, 4, 5, 6, 7, 8, 9}, n: 10 nodes, p: 3 layers, N_bayes: 500 iterations
Initial state injected as warm start
Layer 0: Added Cost and Mixer unitaries with gamma=γ[0] and beta=β[0]
.rz and .ry mixer terms added in addition to classical .rx mixer
Layer 1: Added Cost and Mixer unitaries with gamma=γ[1] and beta=β[1]
.rz and .ry mixer terms added in addition to classical .rx mixer
Layer 2: Added Cost and Mixer unitaries with gamma=γ[2] and beta=β[2]
.rz and .ry mixer terms added in addition to classical .rx mixer
Using random initial parameters with gamma [4.71116458 4.00172163 1.79861609] and beta [1.83363003 1.87064283 1.31486189]
12.429393028671308
Reusing optimiser initial parameters for 010101 comparison run.
warm_start_correlations: None
Edges: [(0, 1), (0, 2), (0, 3), (0, 4), (0, 5), (0, 6), (0, 7), (0, 8), (0, 9), (1, 2), (1, 3), (1, 4), (1, 5), (1, 6), (1, 7), (1, 8), (1, 9), (2, 3), (2, 4), (2, 5), (2, 6), (2, 7), (2, 8), (2, 9), (3, 4), (3, 5), (3, 6), (3, 7), (3, 8), (3, 9), (4, 5), (4, 6), (4, 7), (4, 8), (4, 9), (5, 6), (5, 7), (5, 8), (5, 9), (6, 7), (6, 8), (6, 9), (7, 8), (7, 9), (8, 9)], weights: [1.0, 1.0, 1.0, 1.0, 1.0, 1.0, 1.0, 1.0, 1.0, 1.0, 1.0, 1.0, 1.0, 1.0, 1.0, 1.0, 1.0, 1.0, 1.0, 1.0, 1.0, 1.0, 1.0, 1.0, 1.0, 1.0, 1.0, 1.0, 1.0, 1.0, 1.0, 1.0, 1.0, 1.0, 1.0, 1.0, 1.0, 1.0, 1.0, 1.0, 1.0, 1.0, 1.0, 1.0, 1.0], set of nodes: {0, 1, 2, 3, 4, 5, 6, 7, 8, 9}, n: 10 nodes, p: 3 layers, N_bayes: 500 iterations
Initial state injected as warm start
Layer 0: Added Cost and Mixer unitaries with gamma=γ[0] and beta=β[0]
.rz and .ry mixer terms added in addition to classical .rx mixer
Layer 1: Added Cost and Mixer unitaries with gamma=γ[1] and beta=β[1]
.rz and .ry mixer terms added in addition to classical .rx mixer
Layer 2: Added Cost and Mixer unitaries with gamma=γ[2] and beta=β[2]
.rz and .ry mixer terms added in addition to classical .rx mixer
Using provided initial parameters x0 with shape (6,)
12.50000000000044
Finished QAOA for n=10 nodes, m=45 edges at 2026-04-15 18:39:11 on Apple M4. Time taken: 52.75 seconds. Hours: 0.01 hours. Peak RAM: 298.25 MB.
Computing complete graph approximation ratio
results: {10: np.float64(12.429393028671308)}
durations: {10: 52.7506639957428}
Results saved to: logs/COBYLA/qaoa_results_COBYLA_20260415_080702.csv
