2026-04-15 11:33:04.119 system_profiler[36359:1315394] hw.cpufamily: 0x6f5129ac
Benchmark parameters: {'optimiser': 'COBYLA', 'parameter_vector': [1, 1, 1], 'iterations_list': [100, 300, 500], 'depth_list': [1, 2, 3, 4, 5, 10, 15, 20], 'n_start': 2, 'n_end': 14, 'singlet_injection': False, 'start_index_singlet': 0, 'warm_start': True, 'compare_with_010101': True, 'warm_start_correlations': False, 'init_QAOAparams_close_to_zero': False, 'use_correlations_as_initial_params': False, 'time_limit': 10800, 'failed_instance_termination_thrsh': 10, 'graph_generation_type': 'complete', 'weighted': False, 'easiest_first': False, 'cpu_util_threshold': 90, 'debug': False, 'rerun_exclude_finished_instances': True}, Running QAOA with equal superposition
Benchmark run ID: 2cec0471
Processor: Apple M4
Hostname: Julians-MacBook-Air-2.local
Total RAM (GB): 16.0
Physical cores: 10
Logical cores: 10
Python version: 3.13.1
Generating complete graph with 12 nodes...
Running QAOA for n=12 nodes, m=66 edges...; Max iterations: 100
Warm-start: using parameter_vector=[1, 1, 1]
Warm-start: starting SDP solve for n_vertices=12
Starting SDP solve (solver preference: MOSEK, fallback: SCS) for n_vertices=12, matrix_dim=36, edges=66
Finished SDP solve with MOSEK. status=optimal. elapsed_seconds=0.23
Rounding...
n_vertices: 12 for n = 36
Using seed None to generate random matrix for x.
r_0: [ 0.23770494  0.5958913  -0.76707882]
Product state qubit 0: [[0.11646059+0.j         0.11885247-0.29794565j]
 [0.11885247+0.29794565j 0.88353941+0.j        ]]
Diagonal entries of product state 0: [0.11646059 0.88353941]
r_1: [-0.87255813  0.44779946  0.19523818]
Product state qubit 1: [[ 0.59761909+0.j         -0.43627907-0.22389973j]
 [-0.43627907+0.22389973j  0.40238091+0.j        ]]
Diagonal entries of product state 1: [0.59761909 0.40238091]
r_2: [-0.88565735  0.00801658 -0.46427016]
Product state qubit 2: [[ 0.26786492+0.j         -0.44282868-0.00400829j]
 [-0.44282868+0.00400829j  0.73213508+0.j        ]]
Diagonal entries of product state 2: [0.26786492 0.73213508]
r_3: [-0.83391166  0.50043768  0.23270896]
Product state qubit 3: [[ 0.61635448+0.j         -0.41695583-0.25021884j]
 [-0.41695583+0.25021884j  0.38364552+0.j        ]]
Diagonal entries of product state 3: [0.61635448 0.38364552]
r_4: [ 0.47710231 -0.83052066 -0.28741749]
Product state qubit 4: [[0.35629125+0.j         0.23855116+0.41526033j]
 [0.23855116-0.41526033j 0.64370875+0.j        ]]
Diagonal entries of product state 4: [0.35629125 0.64370875]
r_5: [ 0.83198094 -0.47346514 -0.28920318]
Product state qubit 5: [[0.35539841+0.j         0.41599047+0.23673257j]
 [0.41599047-0.23673257j 0.64460159+0.j        ]]
Diagonal entries of product state 5: [0.35539841 0.64460159]
r_6: [0.25533811 0.77719966 0.57512011]
Product state qubit 6: [[0.78756005+0.j         0.12766905-0.38859983j]
 [0.12766905+0.38859983j 0.21243995+0.j        ]]
Diagonal entries of product state 6: [0.78756005 0.21243995]
r_7: [ 0.76779024 -0.62839918 -0.12495047]
Product state qubit 7: [[0.43752476+0.j         0.38389512+0.31419959j]
 [0.38389512-0.31419959j 0.56247524+0.j        ]]
Diagonal entries of product state 7: [0.43752476 0.56247524]
r_8: [0.0323864  0.94794479 0.31678352]
Product state qubit 8: [[0.65839176+0.j         0.0161932 -0.47397239j]
 [0.0161932 +0.47397239j 0.34160824+0.j        ]]
Diagonal entries of product state 8: [0.65839176 0.34160824]
r_9: [ 0.30418529 -0.61712968 -0.72568745]
Product state qubit 9: [[0.13715628+0.j         0.15209264+0.30856484j]
 [0.15209264-0.30856484j 0.86284372+0.j        ]]
Diagonal entries of product state 9: [0.13715628 0.86284372]
r_10: [0.48195669 0.60945209 0.62951244]
Product state qubit 10: [[0.81475622+0.j         0.24097834-0.30472604j]
 [0.24097834+0.30472604j 0.18524378+0.j        ]]
Diagonal entries of product state 10: [0.81475622 0.18524378]
r_11: [-0.64106253 -0.64102697  0.42204651]
Product state qubit 11: [[ 0.71102326+0.j         -0.32053126+0.32051349j]
 [-0.32053126-0.32051349j  0.28897674+0.j        ]]
Diagonal entries of product state 11: [0.71102326 0.28897674]
y_scalar: False
[-1, 1, -1, 1, -1, -1, 1, -1, 1, -1, 1, 1]
Check the cut: [-1, 1, -1, 1, -1, -1, 1, -1, 1, -1, 1, 1]
36 in cut out of a total of 66 edges
Warm-start: SDP solve + rounding finished in 0.43 seconds
Warm-start: statevector build finished in 0.00 seconds
warm_start_correlations: None
Edges: [(0, 1), (0, 2), (0, 3), (0, 4), (0, 5), (0, 6), (0, 7), (0, 8), (0, 9), (0, 10), (0, 11), (1, 2), (1, 3), (1, 4), (1, 5), (1, 6), (1, 7), (1, 8), (1, 9), (1, 10), (1, 11), (2, 3), (2, 4), (2, 5), (2, 6), (2, 7), (2, 8), (2, 9), (2, 10), (2, 11), (3, 4), (3, 5), (3, 6), (3, 7), (3, 8), (3, 9), (3, 10), (3, 11), (4, 5), (4, 6), (4, 7), (4, 8), (4, 9), (4, 10), (4, 11), (5, 6), (5, 7), (5, 8), (5, 9), (5, 10), (5, 11), (6, 7), (6, 8), (6, 9), (6, 10), (6, 11), (7, 8), (7, 9), (7, 10), (7, 11), (8, 9), (8, 10), (8, 11), (9, 10), (9, 11), (10, 11)], weights: [1.0, 1.0, 1.0, 1.0, 1.0, 1.0, 1.0, 1.0, 1.0, 1.0, 1.0, 1.0, 1.0, 1.0, 1.0, 1.0, 1.0, 1.0, 1.0, 1.0, 1.0, 1.0, 1.0, 1.0, 1.0, 1.0, 1.0, 1.0, 1.0, 1.0, 1.0, 1.0, 1.0, 1.0, 1.0, 1.0, 1.0, 1.0, 1.0, 1.0, 1.0, 1.0, 1.0, 1.0, 1.0, 1.0, 1.0, 1.0, 1.0, 1.0, 1.0, 1.0, 1.0, 1.0, 1.0, 1.0, 1.0, 1.0, 1.0, 1.0, 1.0, 1.0, 1.0, 1.0, 1.0, 1.0], set of nodes: {0, 1, 2, 3, 4, 5, 6, 7, 8, 9, 10, 11}, n: 12 nodes, p: 20 layers, N_bayes: 100 iterations
Initial state injected as warm start
Layer 0: Added Cost and Mixer unitaries with gamma=γ[0] and beta=β[0]
.rz and .ry mixer terms added in addition to classical .rx mixer
Layer 1: Added Cost and Mixer unitaries with gamma=γ[1] and beta=β[1]
.rz and .ry mixer terms added in addition to classical .rx mixer
Layer 2: Added Cost and Mixer unitaries with gamma=γ[2] and beta=β[2]
.rz and .ry mixer terms added in addition to classical .rx mixer
Layer 3: Added Cost and Mixer unitaries with gamma=γ[3] and beta=β[3]
.rz and .ry mixer terms added in addition to classical .rx mixer
Layer 4: Added Cost and Mixer unitaries with gamma=γ[4] and beta=β[4]
.rz and .ry mixer terms added in addition to classical .rx mixer
Layer 5: Added Cost and Mixer unitaries with gamma=γ[5] and beta=β[5]
.rz and .ry mixer terms added in addition to classical .rx mixer
Layer 6: Added Cost and Mixer unitaries with gamma=γ[6] and beta=β[6]
.rz and .ry mixer terms added in addition to classical .rx mixer
Layer 7: Added Cost and Mixer unitaries with gamma=γ[7] and beta=β[7]
.rz and .ry mixer terms added in addition to classical .rx mixer
Layer 8: Added Cost and Mixer unitaries with gamma=γ[8] and beta=β[8]
.rz and .ry mixer terms added in addition to classical .rx mixer
Layer 9: Added Cost and Mixer unitaries with gamma=γ[9] and beta=β[9]
.rz and .ry mixer terms added in addition to classical .rx mixer
Layer 10: Added Cost and Mixer unitaries with gamma=γ[10] and beta=β[10]
.rz and .ry mixer terms added in addition to classical .rx mixer
Layer 11: Added Cost and Mixer unitaries with gamma=γ[11] and beta=β[11]
.rz and .ry mixer terms added in addition to classical .rx mixer
Layer 12: Added Cost and Mixer unitaries with gamma=γ[12] and beta=β[12]
.rz and .ry mixer terms added in addition to classical .rx mixer
Layer 13: Added Cost and Mixer unitaries with gamma=γ[13] and beta=β[13]
.rz and .ry mixer terms added in addition to classical .rx mixer
Layer 14: Added Cost and Mixer unitaries with gamma=γ[14] and beta=β[14]
.rz and .ry mixer terms added in addition to classical .rx mixer
Layer 15: Added Cost and Mixer unitaries with gamma=γ[15] and beta=β[15]
.rz and .ry mixer terms added in addition to classical .rx mixer
Layer 16: Added Cost and Mixer unitaries with gamma=γ[16] and beta=β[16]
.rz and .ry mixer terms added in addition to classical .rx mixer
Layer 17: Added Cost and Mixer unitaries with gamma=γ[17] and beta=β[17]
.rz and .ry mixer terms added in addition to classical .rx mixer
Layer 18: Added Cost and Mixer unitaries with gamma=γ[18] and beta=β[18]
.rz and .ry mixer terms added in addition to classical .rx mixer
Layer 19: Added Cost and Mixer unitaries with gamma=γ[19] and beta=β[19]
.rz and .ry mixer terms added in addition to classical .rx mixer
Using random initial parameters with gamma [1.9735463  5.48886865 0.89628259 3.01981045 2.98712573 0.45199681
 4.52403519 4.02661208 1.8723565  3.44655589 5.65841916 5.51962188
 0.09835908 6.10083527 4.22842141 6.06134126 4.14655036 3.32120623
 4.68517109 0.1036223 ] and beta [2.44263694 0.05677933 2.29880285 1.67985185 1.91795401 0.01355171
 1.37800814 2.28841746 0.02207767 2.84116837 0.99657753 0.84152658
 0.5245176  1.92871262 1.1271534  2.47200403 1.34003392 1.54336486
 0.98088826 2.12368144]
17.926089855747556
Reusing optimiser initial parameters for 010101 comparison run.
warm_start_correlations: None
Edges: [(0, 1), (0, 2), (0, 3), (0, 4), (0, 5), (0, 6), (0, 7), (0, 8), (0, 9), (0, 10), (0, 11), (1, 2), (1, 3), (1, 4), (1, 5), (1, 6), (1, 7), (1, 8), (1, 9), (1, 10), (1, 11), (2, 3), (2, 4), (2, 5), (2, 6), (2, 7), (2, 8), (2, 9), (2, 10), (2, 11), (3, 4), (3, 5), (3, 6), (3, 7), (3, 8), (3, 9), (3, 10), (3, 11), (4, 5), (4, 6), (4, 7), (4, 8), (4, 9), (4, 10), (4, 11), (5, 6), (5, 7), (5, 8), (5, 9), (5, 10), (5, 11), (6, 7), (6, 8), (6, 9), (6, 10), (6, 11), (7, 8), (7, 9), (7, 10), (7, 11), (8, 9), (8, 10), (8, 11), (9, 10), (9, 11), (10, 11)], weights: [1.0, 1.0, 1.0, 1.0, 1.0, 1.0, 1.0, 1.0, 1.0, 1.0, 1.0, 1.0, 1.0, 1.0, 1.0, 1.0, 1.0, 1.0, 1.0, 1.0, 1.0, 1.0, 1.0, 1.0, 1.0, 1.0, 1.0, 1.0, 1.0, 1.0, 1.0, 1.0, 1.0, 1.0, 1.0, 1.0, 1.0, 1.0, 1.0, 1.0, 1.0, 1.0, 1.0, 1.0, 1.0, 1.0, 1.0, 1.0, 1.0, 1.0, 1.0, 1.0, 1.0, 1.0, 1.0, 1.0, 1.0, 1.0, 1.0, 1.0, 1.0, 1.0, 1.0, 1.0, 1.0, 1.0], set of nodes: {0, 1, 2, 3, 4, 5, 6, 7, 8, 9, 10, 11}, n: 12 nodes, p: 20 layers, N_bayes: 100 iterations
Initial state injected as warm start
Layer 0: Added Cost and Mixer unitaries with gamma=γ[0] and beta=β[0]
.rz and .ry mixer terms added in addition to classical .rx mixer
Layer 1: Added Cost and Mixer unitaries with gamma=γ[1] and beta=β[1]
.rz and .ry mixer terms added in addition to classical .rx mixer
Layer 2: Added Cost and Mixer unitaries with gamma=γ[2] and beta=β[2]
.rz and .ry mixer terms added in addition to classical .rx mixer
Layer 3: Added Cost and Mixer unitaries with gamma=γ[3] and beta=β[3]
.rz and .ry mixer terms added in addition to classical .rx mixer
Layer 4: Added Cost and Mixer unitaries with gamma=γ[4] and beta=β[4]
.rz and .ry mixer terms added in addition to classical .rx mixer
Layer 5: Added Cost and Mixer unitaries with gamma=γ[5] and beta=β[5]
.rz and .ry mixer terms added in addition to classical .rx mixer
Layer 6: Added Cost and Mixer unitaries with gamma=γ[6] and beta=β[6]
.rz and .ry mixer terms added in addition to classical .rx mixer
Layer 7: Added Cost and Mixer unitaries with gamma=γ[7] and beta=β[7]
.rz and .ry mixer terms added in addition to classical .rx mixer
Layer 8: Added Cost and Mixer unitaries with gamma=γ[8] and beta=β[8]
.rz and .ry mixer terms added in addition to classical .rx mixer
Layer 9: Added Cost and Mixer unitaries with gamma=γ[9] and beta=β[9]
.rz and .ry mixer terms added in addition to classical .rx mixer
Layer 10: Added Cost and Mixer unitaries with gamma=γ[10] and beta=β[10]
.rz and .ry mixer terms added in addition to classical .rx mixer
Layer 11: Added Cost and Mixer unitaries with gamma=γ[11] and beta=β[11]
.rz and .ry mixer terms added in addition to classical .rx mixer
Layer 12: Added Cost and Mixer unitaries with gamma=γ[12] and beta=β[12]
.rz and .ry mixer terms added in addition to classical .rx mixer
Layer 13: Added Cost and Mixer unitaries with gamma=γ[13] and beta=β[13]
.rz and .ry mixer terms added in addition to classical .rx mixer
Layer 14: Added Cost and Mixer unitaries with gamma=γ[14] and beta=β[14]
.rz and .ry mixer terms added in addition to classical .rx mixer
Layer 15: Added Cost and Mixer unitaries with gamma=γ[15] and beta=β[15]
.rz and .ry mixer terms added in addition to classical .rx mixer
Layer 16: Added Cost and Mixer unitaries with gamma=γ[16] and beta=β[16]
.rz and .ry mixer terms added in addition to classical .rx mixer
Layer 17: Added Cost and Mixer unitaries with gamma=γ[17] and beta=β[17]
.rz and .ry mixer terms added in addition to classical .rx mixer
Layer 18: Added Cost and Mixer unitaries with gamma=γ[18] and beta=β[18]
.rz and .ry mixer terms added in addition to classical .rx mixer
Layer 19: Added Cost and Mixer unitaries with gamma=γ[19] and beta=β[19]
.rz and .ry mixer terms added in addition to classical .rx mixer
Using provided initial parameters x0 with shape (40,)
18.00000000000412
Finished QAOA for n=12 nodes, m=66 edges at 2026-04-15 12:54:59 on Apple M4. Time taken: 4915.62 seconds. Hours: 1.37 hours. Peak RAM: 942.36 MB.
Computing complete graph approximation ratio
results: {12: np.float64(17.926089855747556)}
durations: {12: 4915.624568223953}
Results saved to: logs/COBYLA/qaoa_results_COBYLA_20260415_080702.csv
