2026-04-15 22:25:26.487 system_profiler[6717:3311063] hw.cpufamily: 0x6f5129ac
Benchmark parameters: {'optimiser': 'COBYLA', 'parameter_vector': [1, 1, 1], 'iterations_list': [100, 300, 500], 'depth_list': [1, 2, 3, 4, 5, 10, 15, 20], 'n_start': 2, 'n_end': 14, 'singlet_injection': False, 'start_index_singlet': 0, 'warm_start': True, 'compare_with_010101': True, 'warm_start_correlations': False, 'init_QAOAparams_close_to_zero': False, 'use_correlations_as_initial_params': False, 'time_limit': 10800, 'failed_instance_termination_thrsh': 10, 'graph_generation_type': 'complete', 'weighted': False, 'easiest_first': False, 'cpu_util_threshold': 90, 'debug': False, 'rerun_exclude_finished_instances': True}, Running QAOA with equal superposition
Benchmark run ID: 13692da5
Processor: Apple M4
Hostname: Julians-MacBook-Air-2.local
Total RAM (GB): 16.0
Physical cores: 10
Logical cores: 10
Python version: 3.13.1
Generating complete graph with 5 nodes...
Running QAOA for n=5 nodes, m=10 edges...; Max iterations: 100
Warm-start: using parameter_vector=[1, 1, 1]
Warm-start: starting SDP solve for n_vertices=5
Starting SDP solve (solver preference: MOSEK, fallback: SCS) for n_vertices=5, matrix_dim=15, edges=10
Finished SDP solve with MOSEK. status=optimal. elapsed_seconds=0.07
Rounding...
n_vertices: 5 for n = 15
Using seed None to generate random matrix for x.
r_0: [-0.45257298  0.66502704 -0.59406796]
Product state qubit 0: [[ 0.20296602+0.j         -0.22628649-0.33251352j]
 [-0.22628649+0.33251352j  0.79703398+0.j        ]]
Diagonal entries of product state 0: [0.20296602 0.79703398]
r_1: [ 0.76773919 -0.51584672 -0.38010353]
Product state qubit 1: [[0.30994824+0.j         0.3838696 +0.25792336j]
 [0.3838696 -0.25792336j 0.69005176+0.j        ]]
Diagonal entries of product state 1: [0.30994824 0.69005176]
r_2: [-0.40249198 -0.902589    0.15275243]
Product state qubit 2: [[ 0.57637621+0.j        -0.20124599+0.4512945j]
 [-0.20124599-0.4512945j  0.42362379+0.j       ]]
Diagonal entries of product state 2: [0.57637621 0.42362379]
r_3: [-0.32812079 -0.40298183  0.85436666]
Product state qubit 3: [[ 0.92718333+0.j         -0.1640604 +0.20149091j]
 [-0.1640604 -0.20149091j  0.07281667+0.j        ]]
Diagonal entries of product state 3: [0.92718333 0.07281667]
r_4: [ 0.5388739   0.78543159 -0.30448668]
Product state qubit 4: [[0.34775666+0.j        0.26943695-0.3927158j]
 [0.26943695+0.3927158j 0.65224334+0.j       ]]
Diagonal entries of product state 4: [0.34775666 0.65224334]
y_scalar: False
[-1, -1, 1, 1, -1]
Check the cut: [-1, -1, 1, 1, -1]
6 in cut out of a total of 10 edges
Warm-start: SDP solve + rounding finished in 0.08 seconds
Warm-start: statevector build finished in 0.00 seconds
warm_start_correlations: None
Edges: [(0, 1), (0, 2), (0, 3), (0, 4), (1, 2), (1, 3), (1, 4), (2, 3), (2, 4), (3, 4)], weights: [1.0, 1.0, 1.0, 1.0, 1.0, 1.0, 1.0, 1.0, 1.0, 1.0], set of nodes: {0, 1, 2, 3, 4}, n: 5 nodes, p: 4 layers, N_bayes: 100 iterations
Initial state injected as warm start
Layer 0: Added Cost and Mixer unitaries with gamma=γ[0] and beta=β[0]
.rz and .ry mixer terms added in addition to classical .rx mixer
Layer 1: Added Cost and Mixer unitaries with gamma=γ[1] and beta=β[1]
.rz and .ry mixer terms added in addition to classical .rx mixer
Layer 2: Added Cost and Mixer unitaries with gamma=γ[2] and beta=β[2]
.rz and .ry mixer terms added in addition to classical .rx mixer
Layer 3: Added Cost and Mixer unitaries with gamma=γ[3] and beta=β[3]
.rz and .ry mixer terms added in addition to classical .rx mixer
Using random initial parameters with gamma [2.56006733 2.17184072 5.91022536 4.43905029] and beta [0.67373737 1.12896712 1.50854815 2.38272764]
3.0966777125440372
Reusing optimiser initial parameters for 010101 comparison run.
warm_start_correlations: None
Edges: [(0, 1), (0, 2), (0, 3), (0, 4), (1, 2), (1, 3), (1, 4), (2, 3), (2, 4), (3, 4)], weights: [1.0, 1.0, 1.0, 1.0, 1.0, 1.0, 1.0, 1.0, 1.0, 1.0], set of nodes: {0, 1, 2, 3, 4}, n: 5 nodes, p: 4 layers, N_bayes: 100 iterations
Initial state injected as warm start
Layer 0: Added Cost and Mixer unitaries with gamma=γ[0] and beta=β[0]
.rz and .ry mixer terms added in addition to classical .rx mixer
Layer 1: Added Cost and Mixer unitaries with gamma=γ[1] and beta=β[1]
.rz and .ry mixer terms added in addition to classical .rx mixer
Layer 2: Added Cost and Mixer unitaries with gamma=γ[2] and beta=β[2]
.rz and .ry mixer terms added in addition to classical .rx mixer
Layer 3: Added Cost and Mixer unitaries with gamma=γ[3] and beta=β[3]
.rz and .ry mixer terms added in addition to classical .rx mixer
Using provided initial parameters x0 with shape (8,)
3.000000000000034
Finished QAOA for n=5 nodes, m=10 edges at 2026-04-15 22:25:27 on Apple M4. Time taken: 1.41 seconds. Hours: 0.00 hours. Peak RAM: 200.42 MB.
Computing complete graph approximation ratio
results: {5: np.float64(3.0966777125440372)}
durations: {5: 1.4145989418029785}
Results saved to: logs/COBYLA/qaoa_results_COBYLA_20260415_080702.csv
