2026-04-15 23:21:49.641 system_profiler[78914:3480345] hw.cpufamily: 0x6f5129ac
Benchmark parameters: {'optimiser': 'COBYLA', 'parameter_vector': [1, 1, 1], 'iterations_list': [100, 300, 500], 'depth_list': [1, 2, 3, 4, 5, 10, 15, 20], 'n_start': 2, 'n_end': 14, 'singlet_injection': False, 'start_index_singlet': 0, 'warm_start': True, 'compare_with_010101': True, 'warm_start_correlations': False, 'init_QAOAparams_close_to_zero': False, 'use_correlations_as_initial_params': False, 'time_limit': 10800, 'failed_instance_termination_thrsh': 10, 'graph_generation_type': 'complete', 'weighted': False, 'easiest_first': False, 'cpu_util_threshold': 90, 'debug': False, 'rerun_exclude_finished_instances': True}, Running QAOA with equal superposition
Benchmark run ID: 1815c341
Processor: Apple M4
Hostname: Julians-MacBook-Air-2.local
Total RAM (GB): 16.0
Physical cores: 10
Logical cores: 10
Python version: 3.13.1
Generating complete graph with 12 nodes...
Running QAOA for n=12 nodes, m=66 edges...; Max iterations: 500
Warm-start: using parameter_vector=[1, 1, 1]
Warm-start: starting SDP solve for n_vertices=12
Starting SDP solve (solver preference: MOSEK, fallback: SCS) for n_vertices=12, matrix_dim=36, edges=66
Finished SDP solve with MOSEK. status=optimal. elapsed_seconds=0.23
Rounding...
n_vertices: 12 for n = 36
Using seed None to generate random matrix for x.
r_0: [ 0.56715157 -0.49998915  0.65448449]
Product state qubit 0: [[0.82724224+0.j         0.28357579+0.24999457j]
 [0.28357579-0.24999457j 0.17275776+0.j        ]]
Diagonal entries of product state 0: [0.82724224 0.17275776]
r_1: [0.27797366 0.54490855 0.79107858]
Product state qubit 1: [[0.89553929+0.j         0.13898683-0.27245428j]
 [0.13898683+0.27245428j 0.10446071+0.j        ]]
Diagonal entries of product state 1: [0.89553929 0.10446071]
r_2: [-0.67511594  0.68386829 -0.27666338]
Product state qubit 2: [[ 0.36166831+0.j         -0.33755797-0.34193414j]
 [-0.33755797+0.34193414j  0.63833169+0.j        ]]
Diagonal entries of product state 2: [0.36166831 0.63833169]
r_3: [-0.18209724  0.17641275  0.96732577]
Product state qubit 3: [[ 0.98366288+0.j         -0.09104862-0.08820637j]
 [-0.09104862+0.08820637j  0.01633712+0.j        ]]
Diagonal entries of product state 3: [0.98366288 0.01633712]
r_4: [-0.98189867  0.09331443  0.16482542]
Product state qubit 4: [[ 0.58241271+0.j         -0.49094933-0.04665721j]
 [-0.49094933+0.04665721j  0.41758729+0.j        ]]
Diagonal entries of product state 4: [0.58241271 0.41758729]
r_5: [0.95899081 0.27807442 0.0548748 ]
Product state qubit 5: [[0.5274374 +0.j         0.47949541-0.13903721j]
 [0.47949541+0.13903721j 0.4725626 +0.j        ]]
Diagonal entries of product state 5: [0.5274374 0.4725626]
r_6: [0.07573041 0.74407991 0.6637846 ]
Product state qubit 6: [[0.8318923 +0.j         0.03786521-0.37203995j]
 [0.03786521+0.37203995j 0.1681077 +0.j        ]]
Diagonal entries of product state 6: [0.8318923 0.1681077]
r_7: [ 0.28637914 -0.80369272 -0.5215985 ]
Product state qubit 7: [[0.23920075+0.j         0.14318957+0.40184636j]
 [0.14318957-0.40184636j 0.76079925+0.j        ]]
Diagonal entries of product state 7: [0.23920075 0.76079925]
r_8: [-0.98718523  0.14359752  0.06960653]
Product state qubit 8: [[ 0.53480327+0.j         -0.49359262-0.07179876j]
 [-0.49359262+0.07179876j  0.46519673+0.j        ]]
Diagonal entries of product state 8: [0.53480327 0.46519673]
r_9: [-0.51820628 -0.4537171  -0.72498486]
Product state qubit 9: [[ 0.13750757+0.j         -0.25910314+0.22685855j]
 [-0.25910314-0.22685855j  0.86249243+0.j        ]]
Diagonal entries of product state 9: [0.13750757 0.86249243]
r_10: [ 0.70531695 -0.50174836 -0.50077598]
Product state qubit 10: [[0.24961201+0.j         0.35265848+0.25087418j]
 [0.35265848-0.25087418j 0.75038799+0.j        ]]
Diagonal entries of product state 10: [0.24961201 0.75038799]
r_11: [ 0.22973842  0.85317137 -0.46831494]
Product state qubit 11: [[0.26584253+0.j         0.11486921-0.42658568j]
 [0.11486921+0.42658568j 0.73415747+0.j        ]]
Diagonal entries of product state 11: [0.26584253 0.73415747]
y_scalar: False
[1, 1, -1, 1, 1, 1, 1, -1, 1, -1, -1, -1]
Check the cut: [1, 1, -1, 1, 1, 1, 1, -1, 1, -1, -1, -1]
35 in cut out of a total of 66 edges
Warm-start: SDP solve + rounding finished in 0.43 seconds
Warm-start: statevector build finished in 0.00 seconds
warm_start_correlations: None
Edges: [(0, 1), (0, 2), (0, 3), (0, 4), (0, 5), (0, 6), (0, 7), (0, 8), (0, 9), (0, 10), (0, 11), (1, 2), (1, 3), (1, 4), (1, 5), (1, 6), (1, 7), (1, 8), (1, 9), (1, 10), (1, 11), (2, 3), (2, 4), (2, 5), (2, 6), (2, 7), (2, 8), (2, 9), (2, 10), (2, 11), (3, 4), (3, 5), (3, 6), (3, 7), (3, 8), (3, 9), (3, 10), (3, 11), (4, 5), (4, 6), (4, 7), (4, 8), (4, 9), (4, 10), (4, 11), (5, 6), (5, 7), (5, 8), (5, 9), (5, 10), (5, 11), (6, 7), (6, 8), (6, 9), (6, 10), (6, 11), (7, 8), (7, 9), (7, 10), (7, 11), (8, 9), (8, 10), (8, 11), (9, 10), (9, 11), (10, 11)], weights: [1.0, 1.0, 1.0, 1.0, 1.0, 1.0, 1.0, 1.0, 1.0, 1.0, 1.0, 1.0, 1.0, 1.0, 1.0, 1.0, 1.0, 1.0, 1.0, 1.0, 1.0, 1.0, 1.0, 1.0, 1.0, 1.0, 1.0, 1.0, 1.0, 1.0, 1.0, 1.0, 1.0, 1.0, 1.0, 1.0, 1.0, 1.0, 1.0, 1.0, 1.0, 1.0, 1.0, 1.0, 1.0, 1.0, 1.0, 1.0, 1.0, 1.0, 1.0, 1.0, 1.0, 1.0, 1.0, 1.0, 1.0, 1.0, 1.0, 1.0, 1.0, 1.0, 1.0, 1.0, 1.0, 1.0], set of nodes: {0, 1, 2, 3, 4, 5, 6, 7, 8, 9, 10, 11}, n: 12 nodes, p: 1 layers, N_bayes: 500 iterations
Initial state injected as warm start
Layer 0: Added Cost and Mixer unitaries with gamma=γ[0] and beta=β[0]
.rz and .ry mixer terms added in addition to classical .rx mixer
Using random initial parameters with gamma [1.92713501] and beta [2.52373664]
17.699290411625825
Reusing optimiser initial parameters for 010101 comparison run.
warm_start_correlations: None
Edges: [(0, 1), (0, 2), (0, 3), (0, 4), (0, 5), (0, 6), (0, 7), (0, 8), (0, 9), (0, 10), (0, 11), (1, 2), (1, 3), (1, 4), (1, 5), (1, 6), (1, 7), (1, 8), (1, 9), (1, 10), (1, 11), (2, 3), (2, 4), (2, 5), (2, 6), (2, 7), (2, 8), (2, 9), (2, 10), (2, 11), (3, 4), (3, 5), (3, 6), (3, 7), (3, 8), (3, 9), (3, 10), (3, 11), (4, 5), (4, 6), (4, 7), (4, 8), (4, 9), (4, 10), (4, 11), (5, 6), (5, 7), (5, 8), (5, 9), (5, 10), (5, 11), (6, 7), (6, 8), (6, 9), (6, 10), (6, 11), (7, 8), (7, 9), (7, 10), (7, 11), (8, 9), (8, 10), (8, 11), (9, 10), (9, 11), (10, 11)], weights: [1.0, 1.0, 1.0, 1.0, 1.0, 1.0, 1.0, 1.0, 1.0, 1.0, 1.0, 1.0, 1.0, 1.0, 1.0, 1.0, 1.0, 1.0, 1.0, 1.0, 1.0, 1.0, 1.0, 1.0, 1.0, 1.0, 1.0, 1.0, 1.0, 1.0, 1.0, 1.0, 1.0, 1.0, 1.0, 1.0, 1.0, 1.0, 1.0, 1.0, 1.0, 1.0, 1.0, 1.0, 1.0, 1.0, 1.0, 1.0, 1.0, 1.0, 1.0, 1.0, 1.0, 1.0, 1.0, 1.0, 1.0, 1.0, 1.0, 1.0, 1.0, 1.0, 1.0, 1.0, 1.0, 1.0], set of nodes: {0, 1, 2, 3, 4, 5, 6, 7, 8, 9, 10, 11}, n: 12 nodes, p: 1 layers, N_bayes: 500 iterations
Initial state injected as warm start
Layer 0: Added Cost and Mixer unitaries with gamma=γ[0] and beta=β[0]
.rz and .ry mixer terms added in addition to classical .rx mixer
Using provided initial parameters x0 with shape (2,)
18.00000000000053
Finished QAOA for n=12 nodes, m=66 edges at 2026-04-15 23:46:05 on Apple M4. Time taken: 1455.98 seconds. Hours: 0.40 hours. Peak RAM: 1004.75 MB.
Computing complete graph approximation ratio
results: {12: np.float64(17.699290411625825)}
durations: {12: 1455.9782750606537}
Results saved to: logs/COBYLA/qaoa_results_COBYLA_20260415_080702.csv
