2026-04-15 22:25:42.699 system_profiler[7371:3312397] hw.cpufamily: 0x6f5129ac
Benchmark parameters: {'optimiser': 'COBYLA', 'parameter_vector': [1, 1, 1], 'iterations_list': [100, 300, 500], 'depth_list': [1, 2, 3, 4, 5, 10, 15, 20], 'n_start': 2, 'n_end': 14, 'singlet_injection': False, 'start_index_singlet': 0, 'warm_start': True, 'compare_with_010101': True, 'warm_start_correlations': False, 'init_QAOAparams_close_to_zero': False, 'use_correlations_as_initial_params': False, 'time_limit': 10800, 'failed_instance_termination_thrsh': 10, 'graph_generation_type': 'complete', 'weighted': False, 'easiest_first': False, 'cpu_util_threshold': 90, 'debug': False, 'rerun_exclude_finished_instances': True}, Running QAOA with equal superposition
Benchmark run ID: ad1d88a8
Processor: Apple M4
Hostname: Julians-MacBook-Air-2.local
Total RAM (GB): 16.0
Physical cores: 10
Logical cores: 10
Python version: 3.13.1
Generating complete graph with 8 nodes...
Running QAOA for n=8 nodes, m=28 edges...; Max iterations: 100
Warm-start: using parameter_vector=[1, 1, 1]
Warm-start: starting SDP solve for n_vertices=8
Starting SDP solve (solver preference: MOSEK, fallback: SCS) for n_vertices=8, matrix_dim=24, edges=28
Finished SDP solve with MOSEK. status=optimal. elapsed_seconds=0.13
Rounding...
n_vertices: 8 for n = 24
Using seed None to generate random matrix for x.
r_0: [ 0.54578562 -0.54290391 -0.6382581 ]
Product state qubit 0: [[0.18087095+0.j         0.27289281+0.27145195j]
 [0.27289281-0.27145195j 0.81912905+0.j        ]]
Diagonal entries of product state 0: [0.18087095 0.81912905]
r_1: [ 0.70407236 -0.70900289  0.03996253]
Product state qubit 1: [[0.51998127+0.j         0.35203618+0.35450145j]
 [0.35203618-0.35450145j 0.48001873+0.j        ]]
Diagonal entries of product state 1: [0.51998127 0.48001873]
r_2: [ 0.18824689 -0.78743164 -0.58695359]
Product state qubit 2: [[0.20652321+0.j         0.09412345+0.39371582j]
 [0.09412345-0.39371582j 0.79347679+0.j        ]]
Diagonal entries of product state 2: [0.20652321 0.79347679]
r_3: [-0.36674571  0.91354147  0.17589644]
Product state qubit 3: [[ 0.58794822+0.j         -0.18337286-0.45677074j]
 [-0.18337286+0.45677074j  0.41205178+0.j        ]]
Diagonal entries of product state 3: [0.58794822 0.41205178]
r_4: [ 0.09193799 -0.38204944  0.9195573 ]
Product state qubit 4: [[0.95977865+0.j         0.04596899+0.19102472j]
 [0.04596899-0.19102472j 0.04022135+0.j        ]]
Diagonal entries of product state 4: [0.95977865 0.04022135]
r_5: [-0.56097257 -0.7733669   0.29531918]
Product state qubit 5: [[ 0.64765959+0.j         -0.28048628+0.38668345j]
 [-0.28048628-0.38668345j  0.35234041+0.j        ]]
Diagonal entries of product state 5: [0.64765959 0.35234041]
r_6: [-0.11334198  0.99035319 -0.07971289]
Product state qubit 6: [[ 0.46014355+0.j        -0.05667099-0.4951766j]
 [-0.05667099+0.4951766j  0.53985645+0.j       ]]
Diagonal entries of product state 6: [0.46014355 0.53985645]
r_7: [-0.34553549  0.81652003 -0.46249354]
Product state qubit 7: [[ 0.26875323+0.j         -0.17276774-0.40826001j]
 [-0.17276774+0.40826001j  0.73124677+0.j        ]]
Diagonal entries of product state 7: [0.26875323 0.73124677]
y_scalar: False
[-1, 1, -1, 1, 1, 1, -1, -1]
Check the cut: [-1, 1, -1, 1, 1, 1, -1, -1]
16 in cut out of a total of 28 edges
Warm-start: SDP solve + rounding finished in 0.14 seconds
Warm-start: statevector build finished in 0.00 seconds
warm_start_correlations: None
Edges: [(0, 1), (0, 2), (0, 3), (0, 4), (0, 5), (0, 6), (0, 7), (1, 2), (1, 3), (1, 4), (1, 5), (1, 6), (1, 7), (2, 3), (2, 4), (2, 5), (2, 6), (2, 7), (3, 4), (3, 5), (3, 6), (3, 7), (4, 5), (4, 6), (4, 7), (5, 6), (5, 7), (6, 7)], weights: [1.0, 1.0, 1.0, 1.0, 1.0, 1.0, 1.0, 1.0, 1.0, 1.0, 1.0, 1.0, 1.0, 1.0, 1.0, 1.0, 1.0, 1.0, 1.0, 1.0, 1.0, 1.0, 1.0, 1.0, 1.0, 1.0, 1.0, 1.0], set of nodes: {0, 1, 2, 3, 4, 5, 6, 7}, n: 8 nodes, p: 3 layers, N_bayes: 100 iterations
Initial state injected as warm start
Layer 0: Added Cost and Mixer unitaries with gamma=γ[0] and beta=β[0]
.rz and .ry mixer terms added in addition to classical .rx mixer
Layer 1: Added Cost and Mixer unitaries with gamma=γ[1] and beta=β[1]
.rz and .ry mixer terms added in addition to classical .rx mixer
Layer 2: Added Cost and Mixer unitaries with gamma=γ[2] and beta=β[2]
.rz and .ry mixer terms added in addition to classical .rx mixer
Using random initial parameters with gamma [3.67513901 6.07582445 2.91619869] and beta [2.33118573 2.92144439 0.78554033]
7.955133648984339
Reusing optimiser initial parameters for 010101 comparison run.
warm_start_correlations: None
Edges: [(0, 1), (0, 2), (0, 3), (0, 4), (0, 5), (0, 6), (0, 7), (1, 2), (1, 3), (1, 4), (1, 5), (1, 6), (1, 7), (2, 3), (2, 4), (2, 5), (2, 6), (2, 7), (3, 4), (3, 5), (3, 6), (3, 7), (4, 5), (4, 6), (4, 7), (5, 6), (5, 7), (6, 7)], weights: [1.0, 1.0, 1.0, 1.0, 1.0, 1.0, 1.0, 1.0, 1.0, 1.0, 1.0, 1.0, 1.0, 1.0, 1.0, 1.0, 1.0, 1.0, 1.0, 1.0, 1.0, 1.0, 1.0, 1.0, 1.0, 1.0, 1.0, 1.0], set of nodes: {0, 1, 2, 3, 4, 5, 6, 7}, n: 8 nodes, p: 3 layers, N_bayes: 100 iterations
Initial state injected as warm start
Layer 0: Added Cost and Mixer unitaries with gamma=γ[0] and beta=β[0]
.rz and .ry mixer terms added in addition to classical .rx mixer
Layer 1: Added Cost and Mixer unitaries with gamma=γ[1] and beta=β[1]
.rz and .ry mixer terms added in addition to classical .rx mixer
Layer 2: Added Cost and Mixer unitaries with gamma=γ[2] and beta=β[2]
.rz and .ry mixer terms added in addition to classical .rx mixer
Using provided initial parameters x0 with shape (6,)
8.000000000000167
Finished QAOA for n=8 nodes, m=28 edges at 2026-04-15 22:25:45 on Apple M4. Time taken: 2.76 seconds. Hours: 0.00 hours. Peak RAM: 219.5 MB.
Computing complete graph approximation ratio
results: {8: np.float64(7.955133648984339)}
durations: {8: 2.7611148357391357}
Results saved to: logs/COBYLA/qaoa_results_COBYLA_20260415_080702.csv
