2026-04-15 15:17:48.697 system_profiler[45298:2014930] hw.cpufamily: 0x6f5129ac
Benchmark parameters: {'optimiser': 'COBYLA', 'parameter_vector': [1, 1, 1], 'iterations_list': [100, 300, 500], 'depth_list': [1, 2, 3, 4, 5, 10, 15, 20], 'n_start': 2, 'n_end': 14, 'singlet_injection': False, 'start_index_singlet': 0, 'warm_start': True, 'compare_with_010101': True, 'warm_start_correlations': False, 'init_QAOAparams_close_to_zero': False, 'use_correlations_as_initial_params': False, 'time_limit': 10800, 'failed_instance_termination_thrsh': 10, 'graph_generation_type': 'complete', 'weighted': False, 'easiest_first': False, 'cpu_util_threshold': 90, 'debug': False, 'rerun_exclude_finished_instances': True}, Running QAOA with equal superposition
Benchmark run ID: 275485c4
Processor: Apple M4
Hostname: Julians-MacBook-Air-2.local
Total RAM (GB): 16.0
Physical cores: 10
Logical cores: 10
Python version: 3.13.1
Generating complete graph with 12 nodes...
Running QAOA for n=12 nodes, m=66 edges...; Max iterations: 100
Warm-start: using parameter_vector=[1, 1, 1]
Warm-start: starting SDP solve for n_vertices=12
Starting SDP solve (solver preference: MOSEK, fallback: SCS) for n_vertices=12, matrix_dim=36, edges=66
Finished SDP solve with MOSEK. status=optimal. elapsed_seconds=0.24
Rounding...
n_vertices: 12 for n = 36
Using seed None to generate random matrix for x.
r_0: [ 0.53902504  0.79864454 -0.2676171 ]
Product state qubit 0: [[0.36619145+0.j         0.26951252-0.39932227j]
 [0.26951252+0.39932227j 0.63380855+0.j        ]]
Diagonal entries of product state 0: [0.36619145 0.63380855]
r_1: [ 0.24674666 -0.91295595  0.32500387]
Product state qubit 1: [[0.66250194+0.j         0.12337333+0.45647797j]
 [0.12337333-0.45647797j 0.33749806+0.j        ]]
Diagonal entries of product state 1: [0.66250194 0.33749806]
r_2: [-0.65524264 -0.64919777 -0.38626329]
Product state qubit 2: [[ 0.30686836+0.j         -0.32762132+0.32459889j]
 [-0.32762132-0.32459889j  0.69313164+0.j        ]]
Diagonal entries of product state 2: [0.30686836 0.69313164]
r_3: [ 0.99824958 -0.053411    0.0253975 ]
Product state qubit 3: [[0.51269875+0.j        0.49912479+0.0267055j]
 [0.49912479-0.0267055j 0.48730125+0.j       ]]
Diagonal entries of product state 3: [0.51269875 0.48730125]
r_4: [-0.82712285  0.13980543  0.54435488]
Product state qubit 4: [[ 0.77217744+0.j         -0.41356142-0.06990271j]
 [-0.41356142+0.06990271j  0.22782256+0.j        ]]
Diagonal entries of product state 4: [0.77217744 0.22782256]
r_5: [-0.65199526  0.39250096  0.64872581]
Product state qubit 5: [[ 0.8243629 +0.j         -0.32599763-0.19625048j]
 [-0.32599763+0.19625048j  0.1756371 +0.j        ]]
Diagonal entries of product state 5: [0.8243629 0.1756371]
r_6: [0.37360049 0.25832426 0.89089351]
Product state qubit 6: [[0.94544676+0.j         0.18680024-0.12916213j]
 [0.18680024+0.12916213j 0.05455324+0.j        ]]
Diagonal entries of product state 6: [0.94544676 0.05455324]
r_7: [ 0.80864609 -0.55451151  0.19649043]
Product state qubit 7: [[0.59824522+0.j         0.40432304+0.27725575j]
 [0.40432304-0.27725575j 0.40175478+0.j        ]]
Diagonal entries of product state 7: [0.59824522 0.40175478]
r_8: [0.34937565 0.83139563 0.43210875]
Product state qubit 8: [[0.71605437+0.j         0.17468783-0.41569781j]
 [0.17468783+0.41569781j 0.28394563+0.j        ]]
Diagonal entries of product state 8: [0.71605437 0.28394563]
r_9: [ 0.13562665  0.89607783 -0.42267   ]
Product state qubit 9: [[0.288665  +0.j         0.06781332-0.44803892j]
 [0.06781332+0.44803892j 0.711335  +0.j        ]]
Diagonal entries of product state 9: [0.288665 0.711335]
r_10: [-0.90278337  0.15695525 -0.40043382]
Product state qubit 10: [[ 0.29978309+0.j         -0.45139168-0.07847763j]
 [-0.45139168+0.07847763j  0.70021691+0.j        ]]
Diagonal entries of product state 10: [0.29978309 0.70021691]
r_11: [-0.78665742 -0.21254878 -0.57964913]
Product state qubit 11: [[ 0.21017544+0.j         -0.39332871+0.10627439j]
 [-0.39332871-0.10627439j  0.78982456+0.j        ]]
Diagonal entries of product state 11: [0.21017544 0.78982456]
y_scalar: False
[-1, 1, -1, 1, 1, 1, 1, 1, 1, -1, -1, -1]
Check the cut: [-1, 1, -1, 1, 1, 1, 1, 1, 1, -1, -1, -1]
35 in cut out of a total of 66 edges
Warm-start: SDP solve + rounding finished in 0.45 seconds
Warm-start: statevector build finished in 0.00 seconds
warm_start_correlations: None
Edges: [(0, 1), (0, 2), (0, 3), (0, 4), (0, 5), (0, 6), (0, 7), (0, 8), (0, 9), (0, 10), (0, 11), (1, 2), (1, 3), (1, 4), (1, 5), (1, 6), (1, 7), (1, 8), (1, 9), (1, 10), (1, 11), (2, 3), (2, 4), (2, 5), (2, 6), (2, 7), (2, 8), (2, 9), (2, 10), (2, 11), (3, 4), (3, 5), (3, 6), (3, 7), (3, 8), (3, 9), (3, 10), (3, 11), (4, 5), (4, 6), (4, 7), (4, 8), (4, 9), (4, 10), (4, 11), (5, 6), (5, 7), (5, 8), (5, 9), (5, 10), (5, 11), (6, 7), (6, 8), (6, 9), (6, 10), (6, 11), (7, 8), (7, 9), (7, 10), (7, 11), (8, 9), (8, 10), (8, 11), (9, 10), (9, 11), (10, 11)], weights: [1.0, 1.0, 1.0, 1.0, 1.0, 1.0, 1.0, 1.0, 1.0, 1.0, 1.0, 1.0, 1.0, 1.0, 1.0, 1.0, 1.0, 1.0, 1.0, 1.0, 1.0, 1.0, 1.0, 1.0, 1.0, 1.0, 1.0, 1.0, 1.0, 1.0, 1.0, 1.0, 1.0, 1.0, 1.0, 1.0, 1.0, 1.0, 1.0, 1.0, 1.0, 1.0, 1.0, 1.0, 1.0, 1.0, 1.0, 1.0, 1.0, 1.0, 1.0, 1.0, 1.0, 1.0, 1.0, 1.0, 1.0, 1.0, 1.0, 1.0, 1.0, 1.0, 1.0, 1.0, 1.0, 1.0], set of nodes: {0, 1, 2, 3, 4, 5, 6, 7, 8, 9, 10, 11}, n: 12 nodes, p: 10 layers, N_bayes: 100 iterations
Initial state injected as warm start
Layer 0: Added Cost and Mixer unitaries with gamma=γ[0] and beta=β[0]
.rz and .ry mixer terms added in addition to classical .rx mixer
Layer 1: Added Cost and Mixer unitaries with gamma=γ[1] and beta=β[1]
.rz and .ry mixer terms added in addition to classical .rx mixer
Layer 2: Added Cost and Mixer unitaries with gamma=γ[2] and beta=β[2]
.rz and .ry mixer terms added in addition to classical .rx mixer
Layer 3: Added Cost and Mixer unitaries with gamma=γ[3] and beta=β[3]
.rz and .ry mixer terms added in addition to classical .rx mixer
Layer 4: Added Cost and Mixer unitaries with gamma=γ[4] and beta=β[4]
.rz and .ry mixer terms added in addition to classical .rx mixer
Layer 5: Added Cost and Mixer unitaries with gamma=γ[5] and beta=β[5]
.rz and .ry mixer terms added in addition to classical .rx mixer
Layer 6: Added Cost and Mixer unitaries with gamma=γ[6] and beta=β[6]
.rz and .ry mixer terms added in addition to classical .rx mixer
Layer 7: Added Cost and Mixer unitaries with gamma=γ[7] and beta=β[7]
.rz and .ry mixer terms added in addition to classical .rx mixer
Layer 8: Added Cost and Mixer unitaries with gamma=γ[8] and beta=β[8]
.rz and .ry mixer terms added in addition to classical .rx mixer
Layer 9: Added Cost and Mixer unitaries with gamma=γ[9] and beta=β[9]
.rz and .ry mixer terms added in addition to classical .rx mixer
Using random initial parameters with gamma [2.79137856 2.49520255 5.12670446 1.82211087 0.31094164 4.24779643
 1.55588668 5.35460201 4.83893092 6.08272302] and beta [1.66114073 0.24693918 1.72765461 0.13835493 1.38878414 0.17924842
 0.30783111 2.80999224 1.23561776 1.63173175]
17.707255525921763
Reusing optimiser initial parameters for 010101 comparison run.
warm_start_correlations: None
Edges: [(0, 1), (0, 2), (0, 3), (0, 4), (0, 5), (0, 6), (0, 7), (0, 8), (0, 9), (0, 10), (0, 11), (1, 2), (1, 3), (1, 4), (1, 5), (1, 6), (1, 7), (1, 8), (1, 9), (1, 10), (1, 11), (2, 3), (2, 4), (2, 5), (2, 6), (2, 7), (2, 8), (2, 9), (2, 10), (2, 11), (3, 4), (3, 5), (3, 6), (3, 7), (3, 8), (3, 9), (3, 10), (3, 11), (4, 5), (4, 6), (4, 7), (4, 8), (4, 9), (4, 10), (4, 11), (5, 6), (5, 7), (5, 8), (5, 9), (5, 10), (5, 11), (6, 7), (6, 8), (6, 9), (6, 10), (6, 11), (7, 8), (7, 9), (7, 10), (7, 11), (8, 9), (8, 10), (8, 11), (9, 10), (9, 11), (10, 11)], weights: [1.0, 1.0, 1.0, 1.0, 1.0, 1.0, 1.0, 1.0, 1.0, 1.0, 1.0, 1.0, 1.0, 1.0, 1.0, 1.0, 1.0, 1.0, 1.0, 1.0, 1.0, 1.0, 1.0, 1.0, 1.0, 1.0, 1.0, 1.0, 1.0, 1.0, 1.0, 1.0, 1.0, 1.0, 1.0, 1.0, 1.0, 1.0, 1.0, 1.0, 1.0, 1.0, 1.0, 1.0, 1.0, 1.0, 1.0, 1.0, 1.0, 1.0, 1.0, 1.0, 1.0, 1.0, 1.0, 1.0, 1.0, 1.0, 1.0, 1.0, 1.0, 1.0, 1.0, 1.0, 1.0, 1.0], set of nodes: {0, 1, 2, 3, 4, 5, 6, 7, 8, 9, 10, 11}, n: 12 nodes, p: 10 layers, N_bayes: 100 iterations
Initial state injected as warm start
Layer 0: Added Cost and Mixer unitaries with gamma=γ[0] and beta=β[0]
.rz and .ry mixer terms added in addition to classical .rx mixer
Layer 1: Added Cost and Mixer unitaries with gamma=γ[1] and beta=β[1]
.rz and .ry mixer terms added in addition to classical .rx mixer
Layer 2: Added Cost and Mixer unitaries with gamma=γ[2] and beta=β[2]
.rz and .ry mixer terms added in addition to classical .rx mixer
Layer 3: Added Cost and Mixer unitaries with gamma=γ[3] and beta=β[3]
.rz and .ry mixer terms added in addition to classical .rx mixer
Layer 4: Added Cost and Mixer unitaries with gamma=γ[4] and beta=β[4]
.rz and .ry mixer terms added in addition to classical .rx mixer
Layer 5: Added Cost and Mixer unitaries with gamma=γ[5] and beta=β[5]
.rz and .ry mixer terms added in addition to classical .rx mixer
Layer 6: Added Cost and Mixer unitaries with gamma=γ[6] and beta=β[6]
.rz and .ry mixer terms added in addition to classical .rx mixer
Layer 7: Added Cost and Mixer unitaries with gamma=γ[7] and beta=β[7]
.rz and .ry mixer terms added in addition to classical .rx mixer
Layer 8: Added Cost and Mixer unitaries with gamma=γ[8] and beta=β[8]
.rz and .ry mixer terms added in addition to classical .rx mixer
Layer 9: Added Cost and Mixer unitaries with gamma=γ[9] and beta=β[9]
.rz and .ry mixer terms added in addition to classical .rx mixer
Using provided initial parameters x0 with shape (20,)
18.000000000001762
Finished QAOA for n=12 nodes, m=66 edges at 2026-04-15 16:52:54 on Apple M4. Time taken: 5706.23 seconds. Hours: 1.59 hours. Peak RAM: 999.56 MB.
Computing complete graph approximation ratio
results: {12: np.float64(17.707255525921763)}
durations: {12: 5706.231069803238}
Results saved to: logs/COBYLA/qaoa_results_COBYLA_20260415_080702.csv
