2026-04-15 20:35:22.001 system_profiler[58957:2974147] hw.cpufamily: 0x6f5129ac
Benchmark parameters: {'optimiser': 'COBYLA', 'parameter_vector': [1, 1, 1], 'iterations_list': [100, 300, 500], 'depth_list': [1, 2, 3, 4, 5, 10, 15, 20], 'n_start': 2, 'n_end': 14, 'singlet_injection': False, 'start_index_singlet': 0, 'warm_start': True, 'compare_with_010101': True, 'warm_start_correlations': False, 'init_QAOAparams_close_to_zero': False, 'use_correlations_as_initial_params': False, 'time_limit': 10800, 'failed_instance_termination_thrsh': 10, 'graph_generation_type': 'complete', 'weighted': False, 'easiest_first': False, 'cpu_util_threshold': 90, 'debug': False, 'rerun_exclude_finished_instances': True}, Running QAOA with equal superposition
Benchmark run ID: 71c9af3e
Processor: Apple M4
Hostname: Julians-MacBook-Air-2.local
Total RAM (GB): 16.0
Physical cores: 10
Logical cores: 10
Python version: 3.13.1
Generating complete graph with 3 nodes...
Running QAOA for n=3 nodes, m=3 edges...; Max iterations: 300
Warm-start: using parameter_vector=[1, 1, 1]
Warm-start: starting SDP solve for n_vertices=3
Starting SDP solve (solver preference: MOSEK, fallback: SCS) for n_vertices=3, matrix_dim=9, edges=3
Finished SDP solve with MOSEK. status=optimal. elapsed_seconds=0.04
Rounding...
n_vertices: 3 for n = 9
Using seed None to generate random matrix for x.
r_0: [-0.32253778  0.41783545 -0.84934264]
Product state qubit 0: [[ 0.07532868+0.j         -0.16126889-0.20891773j]
 [-0.16126889+0.20891773j  0.92467132+0.j        ]]
Diagonal entries of product state 0: [0.07532868 0.92467132]
r_1: [0.61368693 0.28689164 0.73558245]
Product state qubit 1: [[0.86779122+0.j         0.30684346-0.14344582j]
 [0.30684346+0.14344582j 0.13220878+0.j        ]]
Diagonal entries of product state 1: [0.86779122 0.13220878]
r_2: [-0.12225465 -0.85550399  0.50315676]
Product state qubit 2: [[ 0.75157838+0.j         -0.06112732+0.42775199j]
 [-0.06112732-0.42775199j  0.24842162+0.j        ]]
Diagonal entries of product state 2: [0.75157838 0.24842162]
y_scalar: False
[-1, 1, 1]
Check the cut: [-1, 1, 1]
2 in cut out of a total of 3 edges
Warm-start: SDP solve + rounding finished in 0.05 seconds
Warm-start: statevector build finished in 0.00 seconds
warm_start_correlations: None
Edges: [(0, 1), (0, 2), (1, 2)], weights: [1.0, 1.0, 1.0], set of nodes: {0, 1, 2}, n: 3 nodes, p: 5 layers, N_bayes: 300 iterations
Initial state injected as warm start
Layer 0: Added Cost and Mixer unitaries with gamma=γ[0] and beta=β[0]
.rz and .ry mixer terms added in addition to classical .rx mixer
Layer 1: Added Cost and Mixer unitaries with gamma=γ[1] and beta=β[1]
.rz and .ry mixer terms added in addition to classical .rx mixer
Layer 2: Added Cost and Mixer unitaries with gamma=γ[2] and beta=β[2]
.rz and .ry mixer terms added in addition to classical .rx mixer
Layer 3: Added Cost and Mixer unitaries with gamma=γ[3] and beta=β[3]
.rz and .ry mixer terms added in addition to classical .rx mixer
Layer 4: Added Cost and Mixer unitaries with gamma=γ[4] and beta=β[4]
.rz and .ry mixer terms added in addition to classical .rx mixer
Using random initial parameters with gamma [3.38395885 1.4433672  5.55372183 3.57557166 0.71138454] and beta [1.15342559 3.13655535 1.32413481 0.80298602 2.58793157]
1.0996389103711188
Reusing optimiser initial parameters for 010101 comparison run.
warm_start_correlations: None
Edges: [(0, 1), (0, 2), (1, 2)], weights: [1.0, 1.0, 1.0], set of nodes: {0, 1, 2}, n: 3 nodes, p: 5 layers, N_bayes: 300 iterations
Initial state injected as warm start
Layer 0: Added Cost and Mixer unitaries with gamma=γ[0] and beta=β[0]
.rz and .ry mixer terms added in addition to classical .rx mixer
Layer 1: Added Cost and Mixer unitaries with gamma=γ[1] and beta=β[1]
.rz and .ry mixer terms added in addition to classical .rx mixer
Layer 2: Added Cost and Mixer unitaries with gamma=γ[2] and beta=β[2]
.rz and .ry mixer terms added in addition to classical .rx mixer
Layer 3: Added Cost and Mixer unitaries with gamma=γ[3] and beta=β[3]
.rz and .ry mixer terms added in addition to classical .rx mixer
Layer 4: Added Cost and Mixer unitaries with gamma=γ[4] and beta=β[4]
.rz and .ry mixer terms added in addition to classical .rx mixer
Using provided initial parameters x0 with shape (10,)
1.000000000000005
Finished QAOA for n=3 nodes, m=3 edges at 2026-04-15 20:35:22 on Apple M4. Time taken: 0.90 seconds. Hours: 0.00 hours. Peak RAM: 215.08 MB.
Computing complete graph approximation ratio
results: {3: np.float64(1.0996389103711188)}
durations: {3: 0.9049749374389648}
Results saved to: logs/COBYLA/qaoa_results_COBYLA_20260415_080702.csv
