2026-04-15 23:26:47.550 system_profiler[85398:3495911] hw.cpufamily: 0x6f5129ac
Benchmark parameters: {'optimiser': 'COBYLA', 'parameter_vector': [1, 1, 1], 'iterations_list': [100, 300, 500], 'depth_list': [1, 2, 3, 4, 5, 10, 15, 20], 'n_start': 2, 'n_end': 14, 'singlet_injection': False, 'start_index_singlet': 0, 'warm_start': True, 'compare_with_010101': True, 'warm_start_correlations': False, 'init_QAOAparams_close_to_zero': False, 'use_correlations_as_initial_params': False, 'time_limit': 10800, 'failed_instance_termination_thrsh': 10, 'graph_generation_type': 'complete', 'weighted': False, 'easiest_first': False, 'cpu_util_threshold': 90, 'debug': False, 'rerun_exclude_finished_instances': True}, Running QAOA with equal superposition
Benchmark run ID: f9260d19
Processor: Apple M4
Hostname: Julians-MacBook-Air-2.local
Total RAM (GB): 16.0
Physical cores: 10
Logical cores: 10
Python version: 3.13.1
Generating complete graph with 14 nodes...
Running QAOA for n=14 nodes, m=91 edges...; Max iterations: 100
Warm-start: using parameter_vector=[1, 1, 1]
Warm-start: starting SDP solve for n_vertices=14
Starting SDP solve (solver preference: MOSEK, fallback: SCS) for n_vertices=14, matrix_dim=42, edges=91
Finished SDP solve with MOSEK. status=optimal. elapsed_seconds=0.33
Rounding...
n_vertices: 14 for n = 42
Using seed None to generate random matrix for x.
r_0: [-0.98399396  0.10238805 -0.14585117]
Product state qubit 0: [[ 0.42707441+0.j         -0.49199698-0.05119403j]
 [-0.49199698+0.05119403j  0.57292559+0.j        ]]
Diagonal entries of product state 0: [0.42707441 0.57292559]
r_1: [ 0.19757749 -0.17341441  0.96482671]
Product state qubit 1: [[0.98241335+0.j         0.09878874+0.08670721j]
 [0.09878874-0.08670721j 0.01758665+0.j        ]]
Diagonal entries of product state 1: [0.98241335 0.01758665]
r_2: [0.76549836 0.3423664  0.54479125]
Product state qubit 2: [[0.77239562+0.j        0.38274918-0.1711832j]
 [0.38274918+0.1711832j 0.22760438+0.j       ]]
Diagonal entries of product state 2: [0.77239562 0.22760438]
r_3: [-0.11557285 -0.72781212  0.67596778]
Product state qubit 3: [[ 0.83798389+0.j         -0.05778643+0.36390606j]
 [-0.05778643-0.36390606j  0.16201611+0.j        ]]
Diagonal entries of product state 3: [0.83798389 0.16201611]
r_4: [ 0.70143394 -0.70386741  0.11207635]
Product state qubit 4: [[0.55603818+0.j        0.35071697+0.3519337j]
 [0.35071697-0.3519337j 0.44396182+0.j       ]]
Diagonal entries of product state 4: [0.55603818 0.44396182]
r_5: [ 0.63688233  0.74669014 -0.19192374]
Product state qubit 5: [[0.40403813+0.j         0.31844117-0.37334507j]
 [0.31844117+0.37334507j 0.59596187+0.j        ]]
Diagonal entries of product state 5: [0.40403813 0.59596187]
r_6: [-0.8549842   0.51806539  0.02470381]
Product state qubit 6: [[ 0.51235191+0.j         -0.4274921 -0.25903269j]
 [-0.4274921 +0.25903269j  0.48764809+0.j        ]]
Diagonal entries of product state 6: [0.51235191 0.48764809]
r_7: [ 0.87996855 -0.46959125  0.07168967]
Product state qubit 7: [[0.53584483+0.j         0.43998428+0.23479562j]
 [0.43998428-0.23479562j 0.46415517+0.j        ]]
Diagonal entries of product state 7: [0.53584483 0.46415517]
r_8: [-0.58271064 -0.81267206  0.00352506]
Product state qubit 8: [[ 0.50176253+0.j         -0.29135532+0.40633603j]
 [-0.29135532-0.40633603j  0.49823747+0.j        ]]
Diagonal entries of product state 8: [0.50176253 0.49823747]
r_9: [-0.35694126  0.93097562  0.07666379]
Product state qubit 9: [[ 0.5383319 +0.j         -0.17847063-0.46548781j]
 [-0.17847063+0.46548781j  0.4616681 +0.j        ]]
Diagonal entries of product state 9: [0.5383319 0.4616681]
r_10: [ 0.16003544 -0.01498824 -0.98699747]
Product state qubit 10: [[0.00650126+0.j         0.08001772+0.00749412j]
 [0.08001772-0.00749412j 0.99349874+0.j        ]]
Diagonal entries of product state 10: [0.00650126 0.99349874]
r_11: [-0.94845204  0.25128728  0.19311508]
Product state qubit 11: [[ 0.59655754+0.j         -0.47422602-0.12564364j]
 [-0.47422602+0.12564364j  0.40344246+0.j        ]]
Diagonal entries of product state 11: [0.59655754 0.40344246]
r_12: [ 0.04992875 -0.70800193 -0.70444331]
Product state qubit 12: [[0.14777834+0.j         0.02496438+0.35400097j]
 [0.02496438-0.35400097j 0.85222166+0.j        ]]
Diagonal entries of product state 12: [0.14777834 0.85222166]
r_13: [-0.73406659  0.57931048 -0.35432417]
Product state qubit 13: [[ 0.32283792+0.j         -0.36703329-0.28965524j]
 [-0.36703329+0.28965524j  0.67716208+0.j        ]]
Diagonal entries of product state 13: [0.32283792 0.67716208]
y_scalar: False
[-1, 1, 1, 1, 1, -1, 1, 1, 1, 1, -1, 1, -1, -1]
Check the cut: [-1, 1, 1, 1, 1, -1, 1, 1, 1, 1, -1, 1, -1, -1]
45 in cut out of a total of 91 edges
Warm-start: SDP solve + rounding finished in 5.12 seconds
Warm-start: statevector build finished in 0.00 seconds
