2026-04-15 20:50:49.623 system_profiler[79472:3019471] hw.cpufamily: 0x6f5129ac
Benchmark parameters: {'optimiser': 'COBYLA', 'parameter_vector': [1, 1, 1], 'iterations_list': [100, 300, 500], 'depth_list': [1, 2, 3, 4, 5, 10, 15, 20], 'n_start': 2, 'n_end': 14, 'singlet_injection': False, 'start_index_singlet': 0, 'warm_start': True, 'compare_with_010101': True, 'warm_start_correlations': False, 'init_QAOAparams_close_to_zero': False, 'use_correlations_as_initial_params': False, 'time_limit': 10800, 'failed_instance_termination_thrsh': 10, 'graph_generation_type': 'complete', 'weighted': False, 'easiest_first': False, 'cpu_util_threshold': 90, 'debug': False, 'rerun_exclude_finished_instances': True}, Running QAOA with equal superposition
Benchmark run ID: 1804cb79
Processor: Apple M4
Hostname: Julians-MacBook-Air-2.local
Total RAM (GB): 16.0
Physical cores: 10
Logical cores: 10
Python version: 3.13.1
Generating complete graph with 10 nodes...
Running QAOA for n=10 nodes, m=45 edges...; Max iterations: 500
Warm-start: using parameter_vector=[1, 1, 1]
Warm-start: starting SDP solve for n_vertices=10
Starting SDP solve (solver preference: MOSEK, fallback: SCS) for n_vertices=10, matrix_dim=30, edges=45
Finished SDP solve with MOSEK. status=optimal. elapsed_seconds=0.19
Rounding...
n_vertices: 10 for n = 30
Using seed None to generate random matrix for x.
r_0: [0.83558656 0.4054866  0.3706423 ]
Product state qubit 0: [[0.68532115+0.j        0.41779328-0.2027433j]
 [0.41779328+0.2027433j 0.31467885+0.j       ]]
Diagonal entries of product state 0: [0.68532115 0.31467885]
r_1: [ 0.0704856  -0.53623927 -0.84111784]
Product state qubit 1: [[0.07944108+0.j         0.0352428 +0.26811964j]
 [0.0352428 -0.26811964j 0.92055892+0.j        ]]
Diagonal entries of product state 1: [0.07944108 0.92055892]
r_2: [-0.3053325   0.09745678 -0.94724561]
Product state qubit 2: [[ 0.0263772 +0.j         -0.15266625-0.04872839j]
 [-0.15266625+0.04872839j  0.9736228 +0.j        ]]
Diagonal entries of product state 2: [0.0263772 0.9736228]
r_3: [-0.70585979  0.58972634  0.39240897]
Product state qubit 3: [[ 0.69620449+0.j         -0.3529299 -0.29486317j]
 [-0.3529299 +0.29486317j  0.30379551+0.j        ]]
Diagonal entries of product state 3: [0.69620449 0.30379551]
r_4: [-0.96158918 -0.27423229 -0.01195389]
Product state qubit 4: [[ 0.49402306+0.j         -0.48079459+0.13711615j]
 [-0.48079459-0.13711615j  0.50597694+0.j        ]]
Diagonal entries of product state 4: [0.49402306 0.50597694]
r_5: [ 0.49765323 -0.83195363  0.24534551]
Product state qubit 5: [[0.62267275+0.j         0.24882661+0.41597682j]
 [0.24882661-0.41597682j 0.37732725+0.j        ]]
Diagonal entries of product state 5: [0.62267275 0.37732725]
r_6: [0.25263076 0.94816541 0.19276943]
Product state qubit 6: [[0.59638471+0.j         0.12631538-0.47408271j]
 [0.12631538+0.47408271j 0.40361529+0.j        ]]
Diagonal entries of product state 6: [0.59638471 0.40361529]
r_7: [-0.41824538  0.79959343  0.43095377]
Product state qubit 7: [[ 0.71547689+0.j         -0.20912269-0.39979671j]
 [-0.20912269+0.39979671j  0.28452311+0.j        ]]
Diagonal entries of product state 7: [0.71547689 0.28452311]
r_8: [ 0.13776108 -0.8531713  -0.50311094]
Product state qubit 8: [[0.24844453+0.j         0.06888054+0.42658565j]
 [0.06888054-0.42658565j 0.75155547+0.j        ]]
Diagonal entries of product state 8: [0.24844453 0.75155547]
r_9: [ 0.38918771 -0.70488916 -0.59301282]
Product state qubit 9: [[0.20349359+0.j         0.19459385+0.35244458j]
 [0.19459385-0.35244458j 0.79650641+0.j        ]]
Diagonal entries of product state 9: [0.20349359 0.79650641]
y_scalar: False
[1, -1, -1, 1, -1, 1, 1, 1, -1, -1]
Check the cut: [1, -1, -1, 1, -1, 1, 1, 1, -1, -1]
25 in cut out of a total of 45 edges
Warm-start: SDP solve + rounding finished in 0.22 seconds
Warm-start: statevector build finished in 0.00 seconds
warm_start_correlations: None
Edges: [(0, 1), (0, 2), (0, 3), (0, 4), (0, 5), (0, 6), (0, 7), (0, 8), (0, 9), (1, 2), (1, 3), (1, 4), (1, 5), (1, 6), (1, 7), (1, 8), (1, 9), (2, 3), (2, 4), (2, 5), (2, 6), (2, 7), (2, 8), (2, 9), (3, 4), (3, 5), (3, 6), (3, 7), (3, 8), (3, 9), (4, 5), (4, 6), (4, 7), (4, 8), (4, 9), (5, 6), (5, 7), (5, 8), (5, 9), (6, 7), (6, 8), (6, 9), (7, 8), (7, 9), (8, 9)], weights: [1.0, 1.0, 1.0, 1.0, 1.0, 1.0, 1.0, 1.0, 1.0, 1.0, 1.0, 1.0, 1.0, 1.0, 1.0, 1.0, 1.0, 1.0, 1.0, 1.0, 1.0, 1.0, 1.0, 1.0, 1.0, 1.0, 1.0, 1.0, 1.0, 1.0, 1.0, 1.0, 1.0, 1.0, 1.0, 1.0, 1.0, 1.0, 1.0, 1.0, 1.0, 1.0, 1.0, 1.0, 1.0], set of nodes: {0, 1, 2, 3, 4, 5, 6, 7, 8, 9}, n: 10 nodes, p: 2 layers, N_bayes: 500 iterations
Initial state injected as warm start
Layer 0: Added Cost and Mixer unitaries with gamma=γ[0] and beta=β[0]
.rz and .ry mixer terms added in addition to classical .rx mixer
Layer 1: Added Cost and Mixer unitaries with gamma=γ[1] and beta=β[1]
.rz and .ry mixer terms added in addition to classical .rx mixer
Using random initial parameters with gamma [0.56773105 4.92985669] and beta [2.11480614 2.63347213]
12.27858782511337
Reusing optimiser initial parameters for 010101 comparison run.
warm_start_correlations: None
Edges: [(0, 1), (0, 2), (0, 3), (0, 4), (0, 5), (0, 6), (0, 7), (0, 8), (0, 9), (1, 2), (1, 3), (1, 4), (1, 5), (1, 6), (1, 7), (1, 8), (1, 9), (2, 3), (2, 4), (2, 5), (2, 6), (2, 7), (2, 8), (2, 9), (3, 4), (3, 5), (3, 6), (3, 7), (3, 8), (3, 9), (4, 5), (4, 6), (4, 7), (4, 8), (4, 9), (5, 6), (5, 7), (5, 8), (5, 9), (6, 7), (6, 8), (6, 9), (7, 8), (7, 9), (8, 9)], weights: [1.0, 1.0, 1.0, 1.0, 1.0, 1.0, 1.0, 1.0, 1.0, 1.0, 1.0, 1.0, 1.0, 1.0, 1.0, 1.0, 1.0, 1.0, 1.0, 1.0, 1.0, 1.0, 1.0, 1.0, 1.0, 1.0, 1.0, 1.0, 1.0, 1.0, 1.0, 1.0, 1.0, 1.0, 1.0, 1.0, 1.0, 1.0, 1.0, 1.0, 1.0, 1.0, 1.0, 1.0, 1.0], set of nodes: {0, 1, 2, 3, 4, 5, 6, 7, 8, 9}, n: 10 nodes, p: 2 layers, N_bayes: 500 iterations
Initial state injected as warm start
Layer 0: Added Cost and Mixer unitaries with gamma=γ[0] and beta=β[0]
.rz and .ry mixer terms added in addition to classical .rx mixer
Layer 1: Added Cost and Mixer unitaries with gamma=γ[1] and beta=β[1]
.rz and .ry mixer terms added in addition to classical .rx mixer
Using provided initial parameters x0 with shape (4,)
12.500000000000341
Finished QAOA for n=10 nodes, m=45 edges at 2026-04-15 20:51:20 on Apple M4. Time taken: 30.60 seconds. Hours: 0.01 hours. Peak RAM: 277.33 MB.
Computing complete graph approximation ratio
results: {10: np.float64(12.27858782511337)}
durations: {10: 30.600582122802734}
Results saved to: logs/COBYLA/qaoa_results_COBYLA_20260415_080702.csv
