2026-04-15 11:32:45.665 system_profiler[35812:1314117] hw.cpufamily: 0x6f5129ac
Benchmark parameters: {'optimiser': 'COBYLA', 'parameter_vector': [1, 1, 1], 'iterations_list': [100, 300, 500], 'depth_list': [1, 2, 3, 4, 5, 10, 15, 20], 'n_start': 2, 'n_end': 14, 'singlet_injection': False, 'start_index_singlet': 0, 'warm_start': True, 'compare_with_010101': True, 'warm_start_correlations': False, 'init_QAOAparams_close_to_zero': False, 'use_correlations_as_initial_params': False, 'time_limit': 10800, 'failed_instance_termination_thrsh': 10, 'graph_generation_type': 'complete', 'weighted': False, 'easiest_first': False, 'cpu_util_threshold': 90, 'debug': False, 'rerun_exclude_finished_instances': True}, Running QAOA with equal superposition
Benchmark run ID: 51a13196
Processor: Apple M4
Hostname: Julians-MacBook-Air-2.local
Total RAM (GB): 16.0
Physical cores: 10
Logical cores: 10
Python version: 3.13.1
Generating complete graph with 4 nodes...
Running QAOA for n=4 nodes, m=6 edges...; Max iterations: 300
Warm-start: using parameter_vector=[1, 1, 1]
Warm-start: starting SDP solve for n_vertices=4
Starting SDP solve (solver preference: MOSEK, fallback: SCS) for n_vertices=4, matrix_dim=12, edges=6
Finished SDP solve with MOSEK. status=optimal. elapsed_seconds=0.04
Rounding...
n_vertices: 4 for n = 12
Using seed None to generate random matrix for x.
r_0: [-0.45551633 -0.49724857  0.73840959]
Product state qubit 0: [[ 0.8692048 +0.j         -0.22775817+0.24862429j]
 [-0.22775817-0.24862429j  0.1307952 +0.j        ]]
Diagonal entries of product state 0: [0.8692048 0.1307952]
r_1: [-0.94356936 -0.28577911  0.16735339]
Product state qubit 1: [[ 0.5836767 +0.j         -0.47178468+0.14288956j]
 [-0.47178468-0.14288956j  0.4163233 +0.j        ]]
Diagonal entries of product state 1: [0.5836767 0.4163233]
r_2: [ 0.98408451 -0.04000707  0.17313902]
Product state qubit 2: [[0.58656951+0.j         0.49204225+0.02000354j]
 [0.49204225-0.02000354j 0.41343049+0.j        ]]
Diagonal entries of product state 2: [0.58656951 0.41343049]
r_3: [ 0.08549653  0.61129004 -0.78677496]
Product state qubit 3: [[0.10661252+0.j         0.04274827-0.30564502j]
 [0.04274827+0.30564502j 0.89338748+0.j        ]]
Diagonal entries of product state 3: [0.10661252 0.89338748]
y_scalar: False
[1, 1, 1, -1]
Check the cut: [1, 1, 1, -1]
3 in cut out of a total of 6 edges
Warm-start: SDP solve + rounding finished in 0.05 seconds
Warm-start: statevector build finished in 0.00 seconds
warm_start_correlations: None
Edges: [(0, 1), (0, 2), (0, 3), (1, 2), (1, 3), (2, 3)], weights: [1.0, 1.0, 1.0, 1.0, 1.0, 1.0], set of nodes: {0, 1, 2, 3}, n: 4 nodes, p: 20 layers, N_bayes: 300 iterations
Initial state injected as warm start
Layer 0: Added Cost and Mixer unitaries with gamma=γ[0] and beta=β[0]
.rz and .ry mixer terms added in addition to classical .rx mixer
Layer 1: Added Cost and Mixer unitaries with gamma=γ[1] and beta=β[1]
.rz and .ry mixer terms added in addition to classical .rx mixer
Layer 2: Added Cost and Mixer unitaries with gamma=γ[2] and beta=β[2]
.rz and .ry mixer terms added in addition to classical .rx mixer
Layer 3: Added Cost and Mixer unitaries with gamma=γ[3] and beta=β[3]
.rz and .ry mixer terms added in addition to classical .rx mixer
Layer 4: Added Cost and Mixer unitaries with gamma=γ[4] and beta=β[4]
.rz and .ry mixer terms added in addition to classical .rx mixer
Layer 5: Added Cost and Mixer unitaries with gamma=γ[5] and beta=β[5]
.rz and .ry mixer terms added in addition to classical .rx mixer
Layer 6: Added Cost and Mixer unitaries with gamma=γ[6] and beta=β[6]
.rz and .ry mixer terms added in addition to classical .rx mixer
Layer 7: Added Cost and Mixer unitaries with gamma=γ[7] and beta=β[7]
.rz and .ry mixer terms added in addition to classical .rx mixer
Layer 8: Added Cost and Mixer unitaries with gamma=γ[8] and beta=β[8]
.rz and .ry mixer terms added in addition to classical .rx mixer
Layer 9: Added Cost and Mixer unitaries with gamma=γ[9] and beta=β[9]
.rz and .ry mixer terms added in addition to classical .rx mixer
Layer 10: Added Cost and Mixer unitaries with gamma=γ[10] and beta=β[10]
.rz and .ry mixer terms added in addition to classical .rx mixer
Layer 11: Added Cost and Mixer unitaries with gamma=γ[11] and beta=β[11]
.rz and .ry mixer terms added in addition to classical .rx mixer
Layer 12: Added Cost and Mixer unitaries with gamma=γ[12] and beta=β[12]
.rz and .ry mixer terms added in addition to classical .rx mixer
Layer 13: Added Cost and Mixer unitaries with gamma=γ[13] and beta=β[13]
.rz and .ry mixer terms added in addition to classical .rx mixer
Layer 14: Added Cost and Mixer unitaries with gamma=γ[14] and beta=β[14]
.rz and .ry mixer terms added in addition to classical .rx mixer
Layer 15: Added Cost and Mixer unitaries with gamma=γ[15] and beta=β[15]
.rz and .ry mixer terms added in addition to classical .rx mixer
Layer 16: Added Cost and Mixer unitaries with gamma=γ[16] and beta=β[16]
.rz and .ry mixer terms added in addition to classical .rx mixer
Layer 17: Added Cost and Mixer unitaries with gamma=γ[17] and beta=β[17]
.rz and .ry mixer terms added in addition to classical .rx mixer
Layer 18: Added Cost and Mixer unitaries with gamma=γ[18] and beta=β[18]
.rz and .ry mixer terms added in addition to classical .rx mixer
Layer 19: Added Cost and Mixer unitaries with gamma=γ[19] and beta=β[19]
.rz and .ry mixer terms added in addition to classical .rx mixer
Using random initial parameters with gamma [3.11409107 4.23159054 1.47552717 1.01373306 3.83615463 3.65922969
 0.33532494 3.1620127  5.99766355 0.42418161 5.60713506 2.4698736
 1.5858352  3.37976214 4.56889766 4.04776963 2.7810609  4.7296673
 0.02108635 0.09936489] and beta [0.15660797 2.56859855 2.07971526 2.57466988 2.65024137 1.15984536
 0.78810711 0.28545775 0.94710727 0.43764067 2.85257273 0.02952753
 3.13055922 0.10720393 1.37536378 0.31779009 3.02321967 1.71062042
 1.57036927 1.65450039]
1.9701565798269178
Reusing optimiser initial parameters for 010101 comparison run.
warm_start_correlations: None
Edges: [(0, 1), (0, 2), (0, 3), (1, 2), (1, 3), (2, 3)], weights: [1.0, 1.0, 1.0, 1.0, 1.0, 1.0], set of nodes: {0, 1, 2, 3}, n: 4 nodes, p: 20 layers, N_bayes: 300 iterations
Initial state injected as warm start
Layer 0: Added Cost and Mixer unitaries with gamma=γ[0] and beta=β[0]
.rz and .ry mixer terms added in addition to classical .rx mixer
Layer 1: Added Cost and Mixer unitaries with gamma=γ[1] and beta=β[1]
.rz and .ry mixer terms added in addition to classical .rx mixer
Layer 2: Added Cost and Mixer unitaries with gamma=γ[2] and beta=β[2]
.rz and .ry mixer terms added in addition to classical .rx mixer
Layer 3: Added Cost and Mixer unitaries with gamma=γ[3] and beta=β[3]
.rz and .ry mixer terms added in addition to classical .rx mixer
Layer 4: Added Cost and Mixer unitaries with gamma=γ[4] and beta=β[4]
.rz and .ry mixer terms added in addition to classical .rx mixer
Layer 5: Added Cost and Mixer unitaries with gamma=γ[5] and beta=β[5]
.rz and .ry mixer terms added in addition to classical .rx mixer
Layer 6: Added Cost and Mixer unitaries with gamma=γ[6] and beta=β[6]
.rz and .ry mixer terms added in addition to classical .rx mixer
Layer 7: Added Cost and Mixer unitaries with gamma=γ[7] and beta=β[7]
.rz and .ry mixer terms added in addition to classical .rx mixer
Layer 8: Added Cost and Mixer unitaries with gamma=γ[8] and beta=β[8]
.rz and .ry mixer terms added in addition to classical .rx mixer
Layer 9: Added Cost and Mixer unitaries with gamma=γ[9] and beta=β[9]
.rz and .ry mixer terms added in addition to classical .rx mixer
Layer 10: Added Cost and Mixer unitaries with gamma=γ[10] and beta=β[10]
.rz and .ry mixer terms added in addition to classical .rx mixer
Layer 11: Added Cost and Mixer unitaries with gamma=γ[11] and beta=β[11]
.rz and .ry mixer terms added in addition to classical .rx mixer
Layer 12: Added Cost and Mixer unitaries with gamma=γ[12] and beta=β[12]
.rz and .ry mixer terms added in addition to classical .rx mixer
Layer 13: Added Cost and Mixer unitaries with gamma=γ[13] and beta=β[13]
.rz and .ry mixer terms added in addition to classical .rx mixer
Layer 14: Added Cost and Mixer unitaries with gamma=γ[14] and beta=β[14]
.rz and .ry mixer terms added in addition to classical .rx mixer
Layer 15: Added Cost and Mixer unitaries with gamma=γ[15] and beta=β[15]
.rz and .ry mixer terms added in addition to classical .rx mixer
Layer 16: Added Cost and Mixer unitaries with gamma=γ[16] and beta=β[16]
.rz and .ry mixer terms added in addition to classical .rx mixer
Layer 17: Added Cost and Mixer unitaries with gamma=γ[17] and beta=β[17]
.rz and .ry mixer terms added in addition to classical .rx mixer
Layer 18: Added Cost and Mixer unitaries with gamma=γ[18] and beta=β[18]
.rz and .ry mixer terms added in addition to classical .rx mixer
Layer 19: Added Cost and Mixer unitaries with gamma=γ[19] and beta=β[19]
.rz and .ry mixer terms added in addition to classical .rx mixer
Using provided initial parameters x0 with shape (40,)
2.000000000000034
Finished QAOA for n=4 nodes, m=6 edges at 2026-04-15 11:33:00 on Apple M4. Time taken: 14.84 seconds. Hours: 0.00 hours. Peak RAM: 205.81 MB.
Computing complete graph approximation ratio
results: {4: np.float64(1.9701565798269178)}
durations: {4: 14.838659048080444}
Results saved to: logs/COBYLA/qaoa_results_COBYLA_20260415_080702.csv
