2026-04-15 14:13:46.121 system_profiler[56584:1808798] hw.cpufamily: 0x6f5129ac
Benchmark parameters: {'optimiser': 'COBYLA', 'parameter_vector': [1, 1, 1], 'iterations_list': [100, 300, 500], 'depth_list': [1, 2, 3, 4, 5, 10, 15, 20], 'n_start': 2, 'n_end': 14, 'singlet_injection': False, 'start_index_singlet': 0, 'warm_start': True, 'compare_with_010101': True, 'warm_start_correlations': False, 'init_QAOAparams_close_to_zero': False, 'use_correlations_as_initial_params': False, 'time_limit': 10800, 'failed_instance_termination_thrsh': 10, 'graph_generation_type': 'complete', 'weighted': False, 'easiest_first': False, 'cpu_util_threshold': 90, 'debug': False, 'rerun_exclude_finished_instances': True}, Running QAOA with equal superposition
Benchmark run ID: 68bd0730
Processor: Apple M4
Hostname: Julians-MacBook-Air-2.local
Total RAM (GB): 16.0
Physical cores: 10
Logical cores: 10
Python version: 3.13.1
Generating complete graph with 9 nodes...
Running QAOA for n=9 nodes, m=36 edges...; Max iterations: 100
Warm-start: using parameter_vector=[1, 1, 1]
Warm-start: starting SDP solve for n_vertices=9
Starting SDP solve (solver preference: MOSEK, fallback: SCS) for n_vertices=9, matrix_dim=27, edges=36
Finished SDP solve with MOSEK. status=optimal. elapsed_seconds=0.13
Rounding...
n_vertices: 9 for n = 27
Using seed None to generate random matrix for x.
r_0: [-0.13190402  0.18198729 -0.97441365]
Product state qubit 0: [[ 0.01279318+0.j         -0.06595201-0.09099365j]
 [-0.06595201+0.09099365j  0.98720682+0.j        ]]
Diagonal entries of product state 0: [0.01279318 0.98720682]
r_1: [ 0.83668891 -0.46220538  0.29379901]
Product state qubit 1: [[0.64689951+0.j         0.41834446+0.23110269j]
 [0.41834446-0.23110269j 0.35310049+0.j        ]]
Diagonal entries of product state 1: [0.64689951 0.35310049]
r_2: [0.6341459  0.2727343  0.72351571]
Product state qubit 2: [[0.86175786+0.j         0.31707295-0.13636715j]
 [0.31707295+0.13636715j 0.13824214+0.j        ]]
Diagonal entries of product state 2: [0.86175786 0.13824214]
r_3: [-0.31396552  0.80472265  0.50383242]
Product state qubit 3: [[ 0.75191621+0.j         -0.15698276-0.40236133j]
 [-0.15698276+0.40236133j  0.24808379+0.j        ]]
Diagonal entries of product state 3: [0.75191621 0.24808379]
r_4: [ 0.02446054 -0.17647036 -0.98400198]
Product state qubit 4: [[0.00799901+0.j         0.01223027+0.08823518j]
 [0.01223027-0.08823518j 0.99200099+0.j        ]]
Diagonal entries of product state 4: [0.00799901 0.99200099]
r_5: [ 0.14312005 -0.35829623  0.92257274]
Product state qubit 5: [[0.96128637+0.j         0.07156003+0.17914811j]
 [0.07156003-0.17914811j 0.03871363+0.j        ]]
Diagonal entries of product state 5: [0.96128637 0.03871363]
r_6: [-0.02285792 -0.0231353  -0.999471  ]
Product state qubit 6: [[ 2.64501587e-04+0.j         -1.14289603e-02+0.01156765j]
 [-1.14289603e-02-0.01156765j  9.99735498e-01+0.j        ]]
Diagonal entries of product state 6: [2.64501587e-04 9.99735498e-01]
r_7: [-0.33095067 -0.58748914 -0.73846338]
Product state qubit 7: [[ 0.13076831+0.j         -0.16547533+0.29374457j]
 [-0.16547533-0.29374457j  0.86923169+0.j        ]]
Diagonal entries of product state 7: [0.13076831 0.86923169]
r_8: [-0.85128359 -0.48456464  0.2012793 ]
Product state qubit 8: [[ 0.60063965+0.j         -0.4256418 +0.24228232j]
 [-0.4256418 -0.24228232j  0.39936035+0.j        ]]
Diagonal entries of product state 8: [0.60063965 0.39936035]
y_scalar: False
[-1, 1, 1, 1, -1, 1, -1, -1, 1]
Check the cut: [-1, 1, 1, 1, -1, 1, -1, -1, 1]
20 in cut out of a total of 36 edges
Warm-start: SDP solve + rounding finished in 0.14 seconds
Warm-start: statevector build finished in 0.00 seconds
warm_start_correlations: None
Edges: [(0, 1), (0, 2), (0, 3), (0, 4), (0, 5), (0, 6), (0, 7), (0, 8), (1, 2), (1, 3), (1, 4), (1, 5), (1, 6), (1, 7), (1, 8), (2, 3), (2, 4), (2, 5), (2, 6), (2, 7), (2, 8), (3, 4), (3, 5), (3, 6), (3, 7), (3, 8), (4, 5), (4, 6), (4, 7), (4, 8), (5, 6), (5, 7), (5, 8), (6, 7), (6, 8), (7, 8)], weights: [1.0, 1.0, 1.0, 1.0, 1.0, 1.0, 1.0, 1.0, 1.0, 1.0, 1.0, 1.0, 1.0, 1.0, 1.0, 1.0, 1.0, 1.0, 1.0, 1.0, 1.0, 1.0, 1.0, 1.0, 1.0, 1.0, 1.0, 1.0, 1.0, 1.0, 1.0, 1.0, 1.0, 1.0, 1.0, 1.0], set of nodes: {0, 1, 2, 3, 4, 5, 6, 7, 8}, n: 9 nodes, p: 15 layers, N_bayes: 100 iterations
Initial state injected as warm start
Layer 0: Added Cost and Mixer unitaries with gamma=γ[0] and beta=β[0]
.rz and .ry mixer terms added in addition to classical .rx mixer
Layer 1: Added Cost and Mixer unitaries with gamma=γ[1] and beta=β[1]
.rz and .ry mixer terms added in addition to classical .rx mixer
Layer 2: Added Cost and Mixer unitaries with gamma=γ[2] and beta=β[2]
.rz and .ry mixer terms added in addition to classical .rx mixer
Layer 3: Added Cost and Mixer unitaries with gamma=γ[3] and beta=β[3]
.rz and .ry mixer terms added in addition to classical .rx mixer
Layer 4: Added Cost and Mixer unitaries with gamma=γ[4] and beta=β[4]
.rz and .ry mixer terms added in addition to classical .rx mixer
Layer 5: Added Cost and Mixer unitaries with gamma=γ[5] and beta=β[5]
.rz and .ry mixer terms added in addition to classical .rx mixer
Layer 6: Added Cost and Mixer unitaries with gamma=γ[6] and beta=β[6]
.rz and .ry mixer terms added in addition to classical .rx mixer
Layer 7: Added Cost and Mixer unitaries with gamma=γ[7] and beta=β[7]
.rz and .ry mixer terms added in addition to classical .rx mixer
Layer 8: Added Cost and Mixer unitaries with gamma=γ[8] and beta=β[8]
.rz and .ry mixer terms added in addition to classical .rx mixer
Layer 9: Added Cost and Mixer unitaries with gamma=γ[9] and beta=β[9]
.rz and .ry mixer terms added in addition to classical .rx mixer
Layer 10: Added Cost and Mixer unitaries with gamma=γ[10] and beta=β[10]
.rz and .ry mixer terms added in addition to classical .rx mixer
Layer 11: Added Cost and Mixer unitaries with gamma=γ[11] and beta=β[11]
.rz and .ry mixer terms added in addition to classical .rx mixer
Layer 12: Added Cost and Mixer unitaries with gamma=γ[12] and beta=β[12]
.rz and .ry mixer terms added in addition to classical .rx mixer
Layer 13: Added Cost and Mixer unitaries with gamma=γ[13] and beta=β[13]
.rz and .ry mixer terms added in addition to classical .rx mixer
Layer 14: Added Cost and Mixer unitaries with gamma=γ[14] and beta=β[14]
.rz and .ry mixer terms added in addition to classical .rx mixer
Using random initial parameters with gamma [2.11193638 5.36820306 5.41039899 5.18292427 3.47662299 3.14196837
 3.79104801 4.04504844 4.82013564 1.01705594 3.75886065 3.58286998
 2.13375474 2.64712176 5.26073437] and beta [1.24130352 2.07635271 1.09153586 0.93367482 0.37550615 0.2740388
 2.04098218 1.21912492 3.05082557 1.16031002 1.92422364 1.22139951
 2.14710136 0.79292238 0.4753558 ]
9.900135847029752
Reusing optimiser initial parameters for 010101 comparison run.
warm_start_correlations: None
Edges: [(0, 1), (0, 2), (0, 3), (0, 4), (0, 5), (0, 6), (0, 7), (0, 8), (1, 2), (1, 3), (1, 4), (1, 5), (1, 6), (1, 7), (1, 8), (2, 3), (2, 4), (2, 5), (2, 6), (2, 7), (2, 8), (3, 4), (3, 5), (3, 6), (3, 7), (3, 8), (4, 5), (4, 6), (4, 7), (4, 8), (5, 6), (5, 7), (5, 8), (6, 7), (6, 8), (7, 8)], weights: [1.0, 1.0, 1.0, 1.0, 1.0, 1.0, 1.0, 1.0, 1.0, 1.0, 1.0, 1.0, 1.0, 1.0, 1.0, 1.0, 1.0, 1.0, 1.0, 1.0, 1.0, 1.0, 1.0, 1.0, 1.0, 1.0, 1.0, 1.0, 1.0, 1.0, 1.0, 1.0, 1.0, 1.0, 1.0, 1.0], set of nodes: {0, 1, 2, 3, 4, 5, 6, 7, 8}, n: 9 nodes, p: 15 layers, N_bayes: 100 iterations
Initial state injected as warm start
Layer 0: Added Cost and Mixer unitaries with gamma=γ[0] and beta=β[0]
.rz and .ry mixer terms added in addition to classical .rx mixer
Layer 1: Added Cost and Mixer unitaries with gamma=γ[1] and beta=β[1]
.rz and .ry mixer terms added in addition to classical .rx mixer
Layer 2: Added Cost and Mixer unitaries with gamma=γ[2] and beta=β[2]
.rz and .ry mixer terms added in addition to classical .rx mixer
Layer 3: Added Cost and Mixer unitaries with gamma=γ[3] and beta=β[3]
.rz and .ry mixer terms added in addition to classical .rx mixer
Layer 4: Added Cost and Mixer unitaries with gamma=γ[4] and beta=β[4]
.rz and .ry mixer terms added in addition to classical .rx mixer
Layer 5: Added Cost and Mixer unitaries with gamma=γ[5] and beta=β[5]
.rz and .ry mixer terms added in addition to classical .rx mixer
Layer 6: Added Cost and Mixer unitaries with gamma=γ[6] and beta=β[6]
.rz and .ry mixer terms added in addition to classical .rx mixer
Layer 7: Added Cost and Mixer unitaries with gamma=γ[7] and beta=β[7]
.rz and .ry mixer terms added in addition to classical .rx mixer
Layer 8: Added Cost and Mixer unitaries with gamma=γ[8] and beta=β[8]
.rz and .ry mixer terms added in addition to classical .rx mixer
Layer 9: Added Cost and Mixer unitaries with gamma=γ[9] and beta=β[9]
.rz and .ry mixer terms added in addition to classical .rx mixer
Layer 10: Added Cost and Mixer unitaries with gamma=γ[10] and beta=β[10]
.rz and .ry mixer terms added in addition to classical .rx mixer
Layer 11: Added Cost and Mixer unitaries with gamma=γ[11] and beta=β[11]
.rz and .ry mixer terms added in addition to classical .rx mixer
Layer 12: Added Cost and Mixer unitaries with gamma=γ[12] and beta=β[12]
.rz and .ry mixer terms added in addition to classical .rx mixer
Layer 13: Added Cost and Mixer unitaries with gamma=γ[13] and beta=β[13]
.rz and .ry mixer terms added in addition to classical .rx mixer
Layer 14: Added Cost and Mixer unitaries with gamma=γ[14] and beta=β[14]
.rz and .ry mixer terms added in addition to classical .rx mixer
Using provided initial parameters x0 with shape (30,)
10.00000000000113
Finished QAOA for n=9 nodes, m=36 edges at 2026-04-15 14:14:14 on Apple M4. Time taken: 28.69 seconds. Hours: 0.01 hours. Peak RAM: 367.41 MB.
Computing complete graph approximation ratio
results: {9: np.float64(9.900135847029752)}
durations: {9: 28.6874361038208}
Results saved to: logs/COBYLA/qaoa_results_COBYLA_20260415_080702.csv
