2026-04-15 14:22:04.702 system_profiler[68889:1836923] hw.cpufamily: 0x6f5129ac
Benchmark parameters: {'optimiser': 'COBYLA', 'parameter_vector': [1, 1, 1], 'iterations_list': [100, 300, 500], 'depth_list': [1, 2, 3, 4, 5, 10, 15, 20], 'n_start': 2, 'n_end': 14, 'singlet_injection': False, 'start_index_singlet': 0, 'warm_start': True, 'compare_with_010101': True, 'warm_start_correlations': False, 'init_QAOAparams_close_to_zero': False, 'use_correlations_as_initial_params': False, 'time_limit': 10800, 'failed_instance_termination_thrsh': 10, 'graph_generation_type': 'complete', 'weighted': False, 'easiest_first': False, 'cpu_util_threshold': 90, 'debug': False, 'rerun_exclude_finished_instances': True}, Running QAOA with equal superposition
Benchmark run ID: c8ff8101
Processor: Apple M4
Hostname: Julians-MacBook-Air-2.local
Total RAM (GB): 16.0
Physical cores: 10
Logical cores: 10
Python version: 3.13.1
Generating complete graph with 5 nodes...
Running QAOA for n=5 nodes, m=10 edges...; Max iterations: 300
Warm-start: using parameter_vector=[1, 1, 1]
Warm-start: starting SDP solve for n_vertices=5
Starting SDP solve (solver preference: MOSEK, fallback: SCS) for n_vertices=5, matrix_dim=15, edges=10
Finished SDP solve with MOSEK. status=optimal. elapsed_seconds=0.06
Rounding...
n_vertices: 5 for n = 15
Using seed None to generate random matrix for x.
r_0: [3.09855543e-01 9.50783557e-01 4.12619937e-04]
Product state qubit 0: [[0.50020631+0.j         0.15492777-0.47539178j]
 [0.15492777+0.47539178j 0.49979369+0.j        ]]
Diagonal entries of product state 0: [0.50020631 0.49979369]
r_1: [-0.30024853 -0.77623789  0.55435147]
Product state qubit 1: [[ 0.77717573+0.j         -0.15012427+0.38811895j]
 [-0.15012427-0.38811895j  0.22282427+0.j        ]]
Diagonal entries of product state 1: [0.77717573 0.22282427]
r_2: [0.71115105 0.16054226 0.68446356]
Product state qubit 2: [[0.84223178+0.j         0.35557553-0.08027113j]
 [0.35557553+0.08027113j 0.15776822+0.j        ]]
Diagonal entries of product state 2: [0.84223178 0.15776822]
r_3: [-0.92031472 -0.08391434 -0.38207223]
Product state qubit 3: [[ 0.30896388+0.j         -0.46015736+0.04195717j]
 [-0.46015736-0.04195717j  0.69103612+0.j        ]]
Diagonal entries of product state 3: [0.30896388 0.69103612]
r_4: [-0.31693682 -0.18529624 -0.93017007]
Product state qubit 4: [[ 0.03491497+0.j         -0.15846841+0.09264812j]
 [-0.15846841-0.09264812j  0.96508503+0.j        ]]
Diagonal entries of product state 4: [0.03491497 0.96508503]
y_scalar: False
[1, 1, 1, -1, -1]
Check the cut: [1, 1, 1, -1, -1]
6 in cut out of a total of 10 edges
Warm-start: SDP solve + rounding finished in 0.07 seconds
Warm-start: statevector build finished in 0.00 seconds
warm_start_correlations: None
Edges: [(0, 1), (0, 2), (0, 3), (0, 4), (1, 2), (1, 3), (1, 4), (2, 3), (2, 4), (3, 4)], weights: [1.0, 1.0, 1.0, 1.0, 1.0, 1.0, 1.0, 1.0, 1.0, 1.0], set of nodes: {0, 1, 2, 3, 4}, n: 5 nodes, p: 10 layers, N_bayes: 300 iterations
Initial state injected as warm start
Layer 0: Added Cost and Mixer unitaries with gamma=γ[0] and beta=β[0]
.rz and .ry mixer terms added in addition to classical .rx mixer
Layer 1: Added Cost and Mixer unitaries with gamma=γ[1] and beta=β[1]
.rz and .ry mixer terms added in addition to classical .rx mixer
Layer 2: Added Cost and Mixer unitaries with gamma=γ[2] and beta=β[2]
.rz and .ry mixer terms added in addition to classical .rx mixer
Layer 3: Added Cost and Mixer unitaries with gamma=γ[3] and beta=β[3]
.rz and .ry mixer terms added in addition to classical .rx mixer
Layer 4: Added Cost and Mixer unitaries with gamma=γ[4] and beta=β[4]
.rz and .ry mixer terms added in addition to classical .rx mixer
Layer 5: Added Cost and Mixer unitaries with gamma=γ[5] and beta=β[5]
.rz and .ry mixer terms added in addition to classical .rx mixer
Layer 6: Added Cost and Mixer unitaries with gamma=γ[6] and beta=β[6]
.rz and .ry mixer terms added in addition to classical .rx mixer
Layer 7: Added Cost and Mixer unitaries with gamma=γ[7] and beta=β[7]
.rz and .ry mixer terms added in addition to classical .rx mixer
Layer 8: Added Cost and Mixer unitaries with gamma=γ[8] and beta=β[8]
.rz and .ry mixer terms added in addition to classical .rx mixer
Layer 9: Added Cost and Mixer unitaries with gamma=γ[9] and beta=β[9]
.rz and .ry mixer terms added in addition to classical .rx mixer
Using random initial parameters with gamma [5.88789701 0.5972786  3.19145016 4.97952565 2.31975288 1.13933216
 5.36451342 3.3246856  1.94423722 6.25239074] and beta [2.7829038  0.37720809 0.53367374 1.80741693 2.52965112 0.14250276
 0.77410637 2.5703851  2.62031987 2.61953104]
3.090445439104493
Reusing optimiser initial parameters for 010101 comparison run.
warm_start_correlations: None
Edges: [(0, 1), (0, 2), (0, 3), (0, 4), (1, 2), (1, 3), (1, 4), (2, 3), (2, 4), (3, 4)], weights: [1.0, 1.0, 1.0, 1.0, 1.0, 1.0, 1.0, 1.0, 1.0, 1.0], set of nodes: {0, 1, 2, 3, 4}, n: 5 nodes, p: 10 layers, N_bayes: 300 iterations
Initial state injected as warm start
Layer 0: Added Cost and Mixer unitaries with gamma=γ[0] and beta=β[0]
.rz and .ry mixer terms added in addition to classical .rx mixer
Layer 1: Added Cost and Mixer unitaries with gamma=γ[1] and beta=β[1]
.rz and .ry mixer terms added in addition to classical .rx mixer
Layer 2: Added Cost and Mixer unitaries with gamma=γ[2] and beta=β[2]
.rz and .ry mixer terms added in addition to classical .rx mixer
Layer 3: Added Cost and Mixer unitaries with gamma=γ[3] and beta=β[3]
.rz and .ry mixer terms added in addition to classical .rx mixer
Layer 4: Added Cost and Mixer unitaries with gamma=γ[4] and beta=β[4]
.rz and .ry mixer terms added in addition to classical .rx mixer
Layer 5: Added Cost and Mixer unitaries with gamma=γ[5] and beta=β[5]
.rz and .ry mixer terms added in addition to classical .rx mixer
Layer 6: Added Cost and Mixer unitaries with gamma=γ[6] and beta=β[6]
.rz and .ry mixer terms added in addition to classical .rx mixer
Layer 7: Added Cost and Mixer unitaries with gamma=γ[7] and beta=β[7]
.rz and .ry mixer terms added in addition to classical .rx mixer
Layer 8: Added Cost and Mixer unitaries with gamma=γ[8] and beta=β[8]
.rz and .ry mixer terms added in addition to classical .rx mixer
Layer 9: Added Cost and Mixer unitaries with gamma=γ[9] and beta=β[9]
.rz and .ry mixer terms added in addition to classical .rx mixer
Using provided initial parameters x0 with shape (20,)
3.000000000000064
Finished QAOA for n=5 nodes, m=10 edges at 2026-04-15 14:22:11 on Apple M4. Time taken: 6.64 seconds. Hours: 0.00 hours. Peak RAM: 217.67 MB.
Computing complete graph approximation ratio
results: {5: np.float64(3.090445439104493)}
durations: {5: 6.64440393447876}
Results saved to: logs/COBYLA/qaoa_results_COBYLA_20260415_080702.csv
