2026-04-15 21:45:46.529 system_profiler[52677:3185202] hw.cpufamily: 0x6f5129ac
Benchmark parameters: {'optimiser': 'COBYLA', 'parameter_vector': [1, 1, 1], 'iterations_list': [100, 300, 500], 'depth_list': [1, 2, 3, 4, 5, 10, 15, 20], 'n_start': 2, 'n_end': 14, 'singlet_injection': False, 'start_index_singlet': 0, 'warm_start': True, 'compare_with_010101': True, 'warm_start_correlations': False, 'init_QAOAparams_close_to_zero': False, 'use_correlations_as_initial_params': False, 'time_limit': 10800, 'failed_instance_termination_thrsh': 10, 'graph_generation_type': 'complete', 'weighted': False, 'easiest_first': False, 'cpu_util_threshold': 90, 'debug': False, 'rerun_exclude_finished_instances': True}, Running QAOA with equal superposition
Benchmark run ID: 4018c019
Processor: Apple M4
Hostname: Julians-MacBook-Air-2.local
Total RAM (GB): 16.0
Physical cores: 10
Logical cores: 10
Python version: 3.13.1
Generating complete graph with 9 nodes...
Running QAOA for n=9 nodes, m=36 edges...; Max iterations: 100
Warm-start: using parameter_vector=[1, 1, 1]
Warm-start: starting SDP solve for n_vertices=9
Starting SDP solve (solver preference: MOSEK, fallback: SCS) for n_vertices=9, matrix_dim=27, edges=36
Finished SDP solve with MOSEK. status=optimal. elapsed_seconds=0.14
Rounding...
n_vertices: 9 for n = 27
Using seed None to generate random matrix for x.
r_0: [-0.03767247 -0.05992679  0.99749164]
Product state qubit 0: [[ 0.99874582+0.j         -0.01883624+0.02996339j]
 [-0.01883624-0.02996339j  0.00125418+0.j        ]]
Diagonal entries of product state 0: [0.99874582 0.00125418]
r_1: [ 0.08171694 -0.03547884 -0.99602389]
Product state qubit 1: [[0.00198805+0.j         0.04085847+0.01773942j]
 [0.04085847-0.01773942j 0.99801195+0.j        ]]
Diagonal entries of product state 1: [0.00198805 0.99801195]
r_2: [ 0.4895809   0.87075215 -0.04583927]
Product state qubit 2: [[0.47708037+0.j         0.24479045-0.43537607j]
 [0.24479045+0.43537607j 0.52291963+0.j        ]]
Diagonal entries of product state 2: [0.47708037 0.52291963]
r_3: [ 0.22104973  0.41777251 -0.8812509 ]
Product state qubit 3: [[0.05937455+0.j         0.11052487-0.20888626j]
 [0.11052487+0.20888626j 0.94062545+0.j        ]]
Diagonal entries of product state 3: [0.05937455 0.94062545]
r_4: [-0.40738442  0.06618507 -0.91085535]
Product state qubit 4: [[ 0.04457232+0.j         -0.20369221-0.03309253j]
 [-0.20369221+0.03309253j  0.95542768+0.j        ]]
Diagonal entries of product state 4: [0.04457232 0.95542768]
r_5: [ 0.42860163 -0.88189023  0.19639314]
Product state qubit 5: [[0.59819657+0.j         0.21430081+0.44094512j]
 [0.21430081-0.44094512j 0.40180343+0.j        ]]
Diagonal entries of product state 5: [0.59819657 0.40180343]
r_6: [ 0.3691625  -0.53794418  0.757849  ]
Product state qubit 6: [[0.8789245 +0.j         0.18458125+0.26897209j]
 [0.18458125-0.26897209j 0.1210755 +0.j        ]]
Diagonal entries of product state 6: [0.8789245 0.1210755]
r_7: [0.58448775 0.61283374 0.53179777]
Product state qubit 7: [[0.76589888+0.j         0.29224388-0.30641687j]
 [0.29224388+0.30641687j 0.23410112+0.j        ]]
Diagonal entries of product state 7: [0.76589888 0.23410112]
r_8: [-0.84284515 -0.09251877  0.53014369]
Product state qubit 8: [[ 0.76507184+0.j         -0.42142258+0.04625939j]
 [-0.42142258-0.04625939j  0.23492816+0.j        ]]
Diagonal entries of product state 8: [0.76507184 0.23492816]
y_scalar: False
[1, -1, -1, -1, -1, 1, 1, 1, 1]
Check the cut: [1, -1, -1, -1, -1, 1, 1, 1, 1]
20 in cut out of a total of 36 edges
Warm-start: SDP solve + rounding finished in 0.15 seconds
Warm-start: statevector build finished in 0.00 seconds
warm_start_correlations: None
Edges: [(0, 1), (0, 2), (0, 3), (0, 4), (0, 5), (0, 6), (0, 7), (0, 8), (1, 2), (1, 3), (1, 4), (1, 5), (1, 6), (1, 7), (1, 8), (2, 3), (2, 4), (2, 5), (2, 6), (2, 7), (2, 8), (3, 4), (3, 5), (3, 6), (3, 7), (3, 8), (4, 5), (4, 6), (4, 7), (4, 8), (5, 6), (5, 7), (5, 8), (6, 7), (6, 8), (7, 8)], weights: [1.0, 1.0, 1.0, 1.0, 1.0, 1.0, 1.0, 1.0, 1.0, 1.0, 1.0, 1.0, 1.0, 1.0, 1.0, 1.0, 1.0, 1.0, 1.0, 1.0, 1.0, 1.0, 1.0, 1.0, 1.0, 1.0, 1.0, 1.0, 1.0, 1.0, 1.0, 1.0, 1.0, 1.0, 1.0, 1.0], set of nodes: {0, 1, 2, 3, 4, 5, 6, 7, 8}, n: 9 nodes, p: 4 layers, N_bayes: 100 iterations
Initial state injected as warm start
Layer 0: Added Cost and Mixer unitaries with gamma=γ[0] and beta=β[0]
.rz and .ry mixer terms added in addition to classical .rx mixer
Layer 1: Added Cost and Mixer unitaries with gamma=γ[1] and beta=β[1]
.rz and .ry mixer terms added in addition to classical .rx mixer
Layer 2: Added Cost and Mixer unitaries with gamma=γ[2] and beta=β[2]
.rz and .ry mixer terms added in addition to classical .rx mixer
Layer 3: Added Cost and Mixer unitaries with gamma=γ[3] and beta=β[3]
.rz and .ry mixer terms added in addition to classical .rx mixer
Using random initial parameters with gamma [5.95925402 5.73142335 6.10324016 3.27035477] and beta [1.92704265 1.4259019  0.37456802 2.32459761]
10.006503564541323
Reusing optimiser initial parameters for 010101 comparison run.
warm_start_correlations: None
Edges: [(0, 1), (0, 2), (0, 3), (0, 4), (0, 5), (0, 6), (0, 7), (0, 8), (1, 2), (1, 3), (1, 4), (1, 5), (1, 6), (1, 7), (1, 8), (2, 3), (2, 4), (2, 5), (2, 6), (2, 7), (2, 8), (3, 4), (3, 5), (3, 6), (3, 7), (3, 8), (4, 5), (4, 6), (4, 7), (4, 8), (5, 6), (5, 7), (5, 8), (6, 7), (6, 8), (7, 8)], weights: [1.0, 1.0, 1.0, 1.0, 1.0, 1.0, 1.0, 1.0, 1.0, 1.0, 1.0, 1.0, 1.0, 1.0, 1.0, 1.0, 1.0, 1.0, 1.0, 1.0, 1.0, 1.0, 1.0, 1.0, 1.0, 1.0, 1.0, 1.0, 1.0, 1.0, 1.0, 1.0, 1.0, 1.0, 1.0, 1.0], set of nodes: {0, 1, 2, 3, 4, 5, 6, 7, 8}, n: 9 nodes, p: 4 layers, N_bayes: 100 iterations
Initial state injected as warm start
Layer 0: Added Cost and Mixer unitaries with gamma=γ[0] and beta=β[0]
.rz and .ry mixer terms added in addition to classical .rx mixer
Layer 1: Added Cost and Mixer unitaries with gamma=γ[1] and beta=β[1]
.rz and .ry mixer terms added in addition to classical .rx mixer
Layer 2: Added Cost and Mixer unitaries with gamma=γ[2] and beta=β[2]
.rz and .ry mixer terms added in addition to classical .rx mixer
Layer 3: Added Cost and Mixer unitaries with gamma=γ[3] and beta=β[3]
.rz and .ry mixer terms added in addition to classical .rx mixer
Using provided initial parameters x0 with shape (8,)
10.000000000000293
Finished QAOA for n=9 nodes, m=36 edges at 2026-04-15 21:45:59 on Apple M4. Time taken: 12.84 seconds. Hours: 0.00 hours. Peak RAM: 348.45 MB.
Computing complete graph approximation ratio
results: {9: np.float64(10.006503564541323)}
durations: {9: 12.843127250671387}
Results saved to: logs/COBYLA/qaoa_results_COBYLA_20260415_080702.csv
