2026-04-16 00:44:19.235 system_profiler[87161:3739809] hw.cpufamily: 0x6f5129ac
Benchmark parameters: {'optimiser': 'COBYLA', 'parameter_vector': [1, 1, 1], 'iterations_list': [100, 300, 500], 'depth_list': [1, 2, 3, 4, 5, 10, 15, 20], 'n_start': 2, 'n_end': 14, 'singlet_injection': False, 'start_index_singlet': 0, 'warm_start': True, 'compare_with_010101': True, 'warm_start_correlations': False, 'init_QAOAparams_close_to_zero': False, 'use_correlations_as_initial_params': False, 'time_limit': 10800, 'failed_instance_termination_thrsh': 10, 'graph_generation_type': 'complete', 'weighted': False, 'easiest_first': False, 'cpu_util_threshold': 90, 'debug': False, 'rerun_exclude_finished_instances': True}, Running QAOA with equal superposition
Benchmark run ID: 0f5988f9
Processor: Apple M4
Hostname: Julians-MacBook-Air-2.local
Total RAM (GB): 16.0
Physical cores: 10
Logical cores: 10
Python version: 3.13.1
Generating complete graph with 10 nodes...
Running QAOA for n=10 nodes, m=45 edges...; Max iterations: 300
Warm-start: using parameter_vector=[1, 1, 1]
Warm-start: starting SDP solve for n_vertices=10
Starting SDP solve (solver preference: MOSEK, fallback: SCS) for n_vertices=10, matrix_dim=30, edges=45
Finished SDP solve with MOSEK. status=optimal. elapsed_seconds=0.18
Rounding...
n_vertices: 10 for n = 30
Using seed None to generate random matrix for x.
r_0: [-0.22494465  0.3531023   0.90814023]
Product state qubit 0: [[ 0.95407011+0.j         -0.11247233-0.17655115j]
 [-0.11247233+0.17655115j  0.04592989+0.j        ]]
Diagonal entries of product state 0: [0.95407011 0.04592989]
r_1: [ 0.69064222 -0.13269368  0.71091892]
Product state qubit 1: [[0.85545946+0.j         0.34532111+0.06634684j]
 [0.34532111-0.06634684j 0.14454054+0.j        ]]
Diagonal entries of product state 1: [0.85545946 0.14454054]
r_2: [-0.07499097 -0.36513795  0.92792814]
Product state qubit 2: [[ 0.96396407+0.j         -0.03749549+0.18256897j]
 [-0.03749549-0.18256897j  0.03603593+0.j        ]]
Diagonal entries of product state 2: [0.96396407 0.03603593]
r_3: [-0.78477037  0.46113793  0.41411022]
Product state qubit 3: [[ 0.70705511+0.j         -0.39238519-0.23056896j]
 [-0.39238519+0.23056896j  0.29294489+0.j        ]]
Diagonal entries of product state 3: [0.70705511 0.29294489]
r_4: [ 0.0829739  -0.17665886 -0.98076857]
Product state qubit 4: [[0.00961572+0.j         0.04148695+0.08832943j]
 [0.04148695-0.08832943j 0.99038428+0.j        ]]
Diagonal entries of product state 4: [0.00961572 0.99038428]
r_5: [ 0.85511418 -0.5152322  -0.05758064]
Product state qubit 5: [[0.47120968+0.j        0.42755709+0.2576161j]
 [0.42755709-0.2576161j 0.52879032+0.j       ]]
Diagonal entries of product state 5: [0.47120968 0.52879032]
r_6: [0.40308441 0.85579559 0.32424816]
Product state qubit 6: [[0.66212408+0.j         0.20154221-0.42789779j]
 [0.20154221+0.42789779j 0.33787592+0.j        ]]
Diagonal entries of product state 6: [0.66212408 0.33787592]
r_7: [-0.90366372 -0.4182844   0.09181527]
Product state qubit 7: [[ 0.54590764+0.j        -0.45183186+0.2091422j]
 [-0.45183186-0.2091422j  0.45409236+0.j       ]]
Diagonal entries of product state 7: [0.54590764 0.45409236]
r_8: [ 0.07551754  0.57187238 -0.81685928]
Product state qubit 8: [[0.09157036+0.j         0.03775877-0.28593619j]
 [0.03775877+0.28593619j 0.90842964+0.j        ]]
Diagonal entries of product state 8: [0.09157036 0.90842964]
r_9: [ 0.55201447 -0.20081015 -0.80929309]
Product state qubit 9: [[0.09535346+0.j         0.27600724+0.10040508j]
 [0.27600724-0.10040508j 0.90464654+0.j        ]]
Diagonal entries of product state 9: [0.09535346 0.90464654]
y_scalar: False
[1, 1, 1, 1, -1, -1, 1, 1, -1, -1]
Check the cut: [1, 1, 1, 1, -1, -1, 1, 1, -1, -1]
24 in cut out of a total of 45 edges
Warm-start: SDP solve + rounding finished in 0.20 seconds
Warm-start: statevector build finished in 0.00 seconds
warm_start_correlations: None
Edges: [(0, 1), (0, 2), (0, 3), (0, 4), (0, 5), (0, 6), (0, 7), (0, 8), (0, 9), (1, 2), (1, 3), (1, 4), (1, 5), (1, 6), (1, 7), (1, 8), (1, 9), (2, 3), (2, 4), (2, 5), (2, 6), (2, 7), (2, 8), (2, 9), (3, 4), (3, 5), (3, 6), (3, 7), (3, 8), (3, 9), (4, 5), (4, 6), (4, 7), (4, 8), (4, 9), (5, 6), (5, 7), (5, 8), (5, 9), (6, 7), (6, 8), (6, 9), (7, 8), (7, 9), (8, 9)], weights: [1.0, 1.0, 1.0, 1.0, 1.0, 1.0, 1.0, 1.0, 1.0, 1.0, 1.0, 1.0, 1.0, 1.0, 1.0, 1.0, 1.0, 1.0, 1.0, 1.0, 1.0, 1.0, 1.0, 1.0, 1.0, 1.0, 1.0, 1.0, 1.0, 1.0, 1.0, 1.0, 1.0, 1.0, 1.0, 1.0, 1.0, 1.0, 1.0, 1.0, 1.0, 1.0, 1.0, 1.0, 1.0], set of nodes: {0, 1, 2, 3, 4, 5, 6, 7, 8, 9}, n: 10 nodes, p: 1 layers, N_bayes: 300 iterations
Initial state injected as warm start
Layer 0: Added Cost and Mixer unitaries with gamma=γ[0] and beta=β[0]
.rz and .ry mixer terms added in addition to classical .rx mixer
Using random initial parameters with gamma [5.39917149] and beta [0.11136604]
12.356792340521814
Reusing optimiser initial parameters for 010101 comparison run.
warm_start_correlations: None
Edges: [(0, 1), (0, 2), (0, 3), (0, 4), (0, 5), (0, 6), (0, 7), (0, 8), (0, 9), (1, 2), (1, 3), (1, 4), (1, 5), (1, 6), (1, 7), (1, 8), (1, 9), (2, 3), (2, 4), (2, 5), (2, 6), (2, 7), (2, 8), (2, 9), (3, 4), (3, 5), (3, 6), (3, 7), (3, 8), (3, 9), (4, 5), (4, 6), (4, 7), (4, 8), (4, 9), (5, 6), (5, 7), (5, 8), (5, 9), (6, 7), (6, 8), (6, 9), (7, 8), (7, 9), (8, 9)], weights: [1.0, 1.0, 1.0, 1.0, 1.0, 1.0, 1.0, 1.0, 1.0, 1.0, 1.0, 1.0, 1.0, 1.0, 1.0, 1.0, 1.0, 1.0, 1.0, 1.0, 1.0, 1.0, 1.0, 1.0, 1.0, 1.0, 1.0, 1.0, 1.0, 1.0, 1.0, 1.0, 1.0, 1.0, 1.0, 1.0, 1.0, 1.0, 1.0, 1.0, 1.0, 1.0, 1.0, 1.0, 1.0], set of nodes: {0, 1, 2, 3, 4, 5, 6, 7, 8, 9}, n: 10 nodes, p: 1 layers, N_bayes: 300 iterations
Initial state injected as warm start
Layer 0: Added Cost and Mixer unitaries with gamma=γ[0] and beta=β[0]
.rz and .ry mixer terms added in addition to classical .rx mixer
Using provided initial parameters x0 with shape (2,)
12.500000000000206
Finished QAOA for n=10 nodes, m=45 edges at 2026-04-16 00:44:48 on Apple M4. Time taken: 29.49 seconds. Hours: 0.01 hours. Peak RAM: 275.8 MB.
Computing complete graph approximation ratio
results: {10: np.float64(12.356792340521814)}
durations: {10: 29.487133979797363}
Results saved to: logs/COBYLA/qaoa_results_COBYLA_20260415_080702.csv
