2026-04-15 22:23:47.977 system_profiler[3808:3304159] hw.cpufamily: 0x6f5129ac
Benchmark parameters: {'optimiser': 'COBYLA', 'parameter_vector': [1, 1, 1], 'iterations_list': [100, 300, 500], 'depth_list': [1, 2, 3, 4, 5, 10, 15, 20], 'n_start': 2, 'n_end': 14, 'singlet_injection': False, 'start_index_singlet': 0, 'warm_start': True, 'compare_with_010101': True, 'warm_start_correlations': False, 'init_QAOAparams_close_to_zero': False, 'use_correlations_as_initial_params': False, 'time_limit': 10800, 'failed_instance_termination_thrsh': 10, 'graph_generation_type': 'complete', 'weighted': False, 'easiest_first': False, 'cpu_util_threshold': 90, 'debug': False, 'rerun_exclude_finished_instances': True}, Running QAOA with equal superposition
Benchmark run ID: b20946ef
Processor: Apple M4
Hostname: Julians-MacBook-Air-2.local
Total RAM (GB): 16.0
Physical cores: 10
Logical cores: 10
Python version: 3.13.1
Generating complete graph with 6 nodes...
Running QAOA for n=6 nodes, m=15 edges...; Max iterations: 100
Warm-start: using parameter_vector=[1, 1, 1]
Warm-start: starting SDP solve for n_vertices=6
Starting SDP solve (solver preference: MOSEK, fallback: SCS) for n_vertices=6, matrix_dim=18, edges=15
Finished SDP solve with MOSEK. status=optimal. elapsed_seconds=0.08
Rounding...
n_vertices: 6 for n = 18
Using seed None to generate random matrix for x.
r_0: [-0.95687508 -0.16342564  0.24017107]
Product state qubit 0: [[ 0.62008553+0.j         -0.47843754+0.08171282j]
 [-0.47843754-0.08171282j  0.37991447+0.j        ]]
Diagonal entries of product state 0: [0.62008553 0.37991447]
r_1: [ 0.80229094 -0.57164884 -0.17189198]
Product state qubit 1: [[0.41405401+0.j         0.40114547+0.28582442j]
 [0.40114547-0.28582442j 0.58594599+0.j        ]]
Diagonal entries of product state 1: [0.41405401 0.58594599]
r_2: [0.15879186 0.91611807 0.36812067]
Product state qubit 2: [[0.68406034+0.j         0.07939593-0.45805903j]
 [0.07939593+0.45805903j 0.31593966+0.j        ]]
Diagonal entries of product state 2: [0.68406034 0.31593966]
r_3: [-0.71312786 -0.55376876  0.4298707 ]
Product state qubit 3: [[ 0.71493535+0.j         -0.35656393+0.27688438j]
 [-0.35656393-0.27688438j  0.28506465+0.j        ]]
Diagonal entries of product state 3: [0.71493535 0.28506465]
r_4: [-0.75709787  0.56050327 -0.33561718]
Product state qubit 4: [[ 0.33219141+0.j         -0.37854894-0.28025164j]
 [-0.37854894+0.28025164j  0.66780859+0.j        ]]
Diagonal entries of product state 4: [0.33219141 0.66780859]
r_5: [ 0.53378685  0.72806187 -0.43011337]
Product state qubit 5: [[0.28494332+0.j         0.26689342-0.36403094j]
 [0.26689342+0.36403094j 0.71505668+0.j        ]]
Diagonal entries of product state 5: [0.28494332 0.71505668]
y_scalar: False
[1, -1, 1, 1, -1, -1]
Check the cut: [1, -1, 1, 1, -1, -1]
9 in cut out of a total of 15 edges
Warm-start: SDP solve + rounding finished in 0.09 seconds
Warm-start: statevector build finished in 0.00 seconds
warm_start_correlations: None
Edges: [(0, 1), (0, 2), (0, 3), (0, 4), (0, 5), (1, 2), (1, 3), (1, 4), (1, 5), (2, 3), (2, 4), (2, 5), (3, 4), (3, 5), (4, 5)], weights: [1.0, 1.0, 1.0, 1.0, 1.0, 1.0, 1.0, 1.0, 1.0, 1.0, 1.0, 1.0, 1.0, 1.0, 1.0], set of nodes: {0, 1, 2, 3, 4, 5}, n: 6 nodes, p: 4 layers, N_bayes: 100 iterations
Initial state injected as warm start
Layer 0: Added Cost and Mixer unitaries with gamma=γ[0] and beta=β[0]
.rz and .ry mixer terms added in addition to classical .rx mixer
Layer 1: Added Cost and Mixer unitaries with gamma=γ[1] and beta=β[1]
.rz and .ry mixer terms added in addition to classical .rx mixer
Layer 2: Added Cost and Mixer unitaries with gamma=γ[2] and beta=β[2]
.rz and .ry mixer terms added in addition to classical .rx mixer
Layer 3: Added Cost and Mixer unitaries with gamma=γ[3] and beta=β[3]
.rz and .ry mixer terms added in addition to classical .rx mixer
Using random initial parameters with gamma [5.2288506  6.13390473 2.06173093 0.46036439] and beta [0.32246609 1.18772736 0.51499209 1.07653803]
4.285259238499549
Reusing optimiser initial parameters for 010101 comparison run.
warm_start_correlations: None
Edges: [(0, 1), (0, 2), (0, 3), (0, 4), (0, 5), (1, 2), (1, 3), (1, 4), (1, 5), (2, 3), (2, 4), (2, 5), (3, 4), (3, 5), (4, 5)], weights: [1.0, 1.0, 1.0, 1.0, 1.0, 1.0, 1.0, 1.0, 1.0, 1.0, 1.0, 1.0, 1.0, 1.0, 1.0], set of nodes: {0, 1, 2, 3, 4, 5}, n: 6 nodes, p: 4 layers, N_bayes: 100 iterations
Initial state injected as warm start
Layer 0: Added Cost and Mixer unitaries with gamma=γ[0] and beta=β[0]
.rz and .ry mixer terms added in addition to classical .rx mixer
Layer 1: Added Cost and Mixer unitaries with gamma=γ[1] and beta=β[1]
.rz and .ry mixer terms added in addition to classical .rx mixer
Layer 2: Added Cost and Mixer unitaries with gamma=γ[2] and beta=β[2]
.rz and .ry mixer terms added in addition to classical .rx mixer
Layer 3: Added Cost and Mixer unitaries with gamma=γ[3] and beta=β[3]
.rz and .ry mixer terms added in addition to classical .rx mixer
Using provided initial parameters x0 with shape (8,)
4.500000000000056
Finished QAOA for n=6 nodes, m=15 edges at 2026-04-15 22:23:50 on Apple M4. Time taken: 2.02 seconds. Hours: 0.00 hours. Peak RAM: 198.77 MB.
Computing complete graph approximation ratio
results: {6: np.float64(4.285259238499549)}
durations: {6: 2.0160410404205322}
Results saved to: logs/COBYLA/qaoa_results_COBYLA_20260415_080702.csv
