Starting QAOA benchmark with global start time: 1786829622.2417912
Benchmark parameters: {'optimiser': 'adam', 'optimiser_use_heuristic': True, 'heuristic_optimiser_iterations': 1, 'heuristic_optimiser_sampleSize': 10, 'circuit_type': 'hamqaoa', 'parameter_vector': [1, 1, 1], 'iterations_list': [50], 'learning_rate_adam': 0.005, 'depth_list': [1, 2, 3, 5], 'n_start': None, 'n_end': None, 'singlet_injection': False, 'start_index_singlet': None, 'warm_start': True, 'warm_start_mode': 'standard', 'lasserre_level': 1, 'initial_solver_level_M': 1, 'sdp_seed': None, 'sdp_solver_mode': 'scs', 'sdp_scs_eps': 1e-06, 'sdp_scs_max_iters': 100000, 'warm_start_corr_strength': None, 'warm_start_corr_repeats': None, 'compare_with_010101': False, 'init_QAOAparams_close_to_zero': False, 'use_correlations_as_initial_params': False, 'time_limit': None, 'failed_instance_termination_thrsh': None, 'graph_generation_type': 'hog', 'weighted': False, 'easiest_first': True, 'cpu_util_threshold': None, 'debug': False, 'save_circuit_svg': False, 'rerun_exclude_finished_instances': True, 'warm_start_cache_producer_only': False, 'qaoa_only_from_existing_warm_start_cache': True, 'optimiser_debug_iterations': None, 'num_repeats': 1, 'relative_graph_adjList_path': 'HOG_graphs/Exp5/list_454_graphs_adjacency_listhog_v04-12_bipartite.txt', 'persistent_warm_start_cache': True, 'warm_start_cache_dir': 'Results/warm_start_cache', 'warm_start_cache_max_file_mb': 512, 'warm_start_cache_max_total_gb': 60, 'sdp_max_parallel': 0, 'qaoa_max_parallel': 16, 'sdp_threads': 1, 'qaoa_threads': 1, 'sdp_memory_limit_total_gb': 0, 'sdp_memory_limit_single_gb': 0, 'sdp_memory_poll_seconds': 5, 'sdp_max_retries': 0, 'queue_poll_interval_seconds': 5, 'max_graph_vertices': 11, 'completed_result_csv_paths': [], 'qaoa_seed': 1, 'initialise_standard_warm_start_with_zero_angles': False, 'result_name_suffix': '_Exp5_subexp4_standardWithHeuristic'}, Running QAOA with equal superposition
Benchmark run ID: fce4c9ad
Benchmark repeat index: 1
SDP seed override: None
QAOA seed: 400101
Processor: x86_64
Hostname: dacsgpu0002
Total RAM (GB): None
Physical cores: 64
Logical cores: 64
Python version: 3.11.15
Initialisation time: 0.02 seconds; started at stardate {'initialisation': 0.01601099967956543} and finished at stardate1786829622.257815
Loaded HOG graph index 4 with 10 edges.
Instance generation for n=4 took 0.02 seconds; started at stardate 1786829622.2578228 and finished at stardate 1786829622.2750974
Running QAOA for n=11 nodes, m=10 edges...; Max iterations: 50
Warm-start cache: loading Results/warm_start_cache/list_454_graphs_adjacency_listhog_v04-12_bipartite__filehash_0815e7e8/hog_idx000004_d43d75b8eb53_noseed_L1_M1_standard.npz
Warm-start cache: loaded in 0.0013 seconds; effective compute time=0.222214937210083
Edges: [(9, 10), (4, 10), (5, 10), (0, 10), (8, 10), (3, 10), (6, 10), (1, 10), (7, 10), (2, 10)], weights: [1.0, 1.0, 1.0, 1.0, 1.0, 1.0, 1.0, 1.0, 1.0, 1.0], set of nodes: {0, 1, 2, 3, 4, 5, 6, 7, 8, 9, 10}, n: 11 nodes, p: 2 layers, N_bayes: 50 iterations
Solving for uuid: f7c3c2e3
Initial state injected as warm start
Running ADAM optimization with a single iteration (no debug loop)
4.755341447911937
QAOA optimisation for n=4 took 1908.44 seconds; started at stardate 1786829622.2751024 and finished at stardate 1786831530.7106383
Finished QAOA for n=11 nodes, m=10 edges at 2026-08-16 00:05:30 on x86_64. Time taken: 1908.44 seconds. Hours: 0.53 hours. Peak RAM: 2.0 MB.
Unknown graph type for approximation ratio calculation; checking misc CSV.
Checking optimal_results_misc.csv for matching edges and weights...
Found matching exact result in misc CSV: 5.500000000000007
CSV writing for n=4 took 0.08 seconds; started at stardate 1786831530.7106488 and finished at stardate 1786831530.791451
results: {4: 4.755341447911937}
durations: {11: 1908.4355418682098}
Results saved to: Results/logs/adam/qaoa_results_adam_20260815_113901_pid469778_Exp5_subexp4_standardWithHeuristic.csv
Global end time: 1786831530.79147
Finalisation time: 0.00 seconds; started at stardate 1786831530.7914584 and finished at stardate 1786831530.7914758
Sum of all section times: 1908.55 seconds
run_id: fce4c9ad
