Starting QAOA benchmark with global start time: 1786795360.6414688
Benchmark parameters: {'optimiser': 'adam', 'optimiser_use_heuristic': True, 'heuristic_optimiser_iterations': 1, 'heuristic_optimiser_sampleSize': 10, 'circuit_type': 'hamqaoa', 'parameter_vector': [1, 1, 1], 'iterations_list': [50], 'learning_rate_adam': 0.005, 'depth_list': [1, 2, 3, 5], 'n_start': None, 'n_end': None, 'singlet_injection': False, 'start_index_singlet': None, 'warm_start': True, 'warm_start_mode': 'standard', 'lasserre_level': 1, 'initial_solver_level_M': 1, 'sdp_seed': None, 'sdp_solver_mode': 'scs', 'sdp_scs_eps': 1e-06, 'sdp_scs_max_iters': 100000, 'warm_start_corr_strength': None, 'warm_start_corr_repeats': None, 'compare_with_010101': False, 'init_QAOAparams_close_to_zero': False, 'use_correlations_as_initial_params': False, 'time_limit': None, 'failed_instance_termination_thrsh': None, 'graph_generation_type': 'hog', 'weighted': False, 'easiest_first': True, 'cpu_util_threshold': None, 'debug': False, 'save_circuit_svg': False, 'rerun_exclude_finished_instances': True, 'warm_start_cache_producer_only': False, 'qaoa_only_from_existing_warm_start_cache': True, 'optimiser_debug_iterations': None, 'num_repeats': 1, 'relative_graph_adjList_path': 'HOG_graphs/Exp5/list_454_graphs_adjacency_listhog_v04-12_bipartite.txt', 'persistent_warm_start_cache': True, 'warm_start_cache_dir': 'Results/warm_start_cache', 'warm_start_cache_max_file_mb': 512, 'warm_start_cache_max_total_gb': 60, 'sdp_max_parallel': 0, 'qaoa_max_parallel': 16, 'sdp_threads': 1, 'qaoa_threads': 1, 'sdp_memory_limit_total_gb': 0, 'sdp_memory_limit_single_gb': 0, 'sdp_memory_poll_seconds': 5, 'sdp_max_retries': 0, 'queue_poll_interval_seconds': 5, 'max_graph_vertices': 11, 'completed_result_csv_paths': [], 'qaoa_seed': 1, 'initialise_standard_warm_start_with_zero_angles': False, 'result_name_suffix': '_Exp5_subexp4_standardWithHeuristic'}, Running QAOA with equal superposition
Benchmark run ID: 23a20903
Benchmark repeat index: 1
SDP seed override: None
QAOA seed: 6700001
Processor: x86_64
Hostname: dacsgpu0002
Total RAM (GB): None
Physical cores: 64
Logical cores: 64
Python version: 3.11.15
Initialisation time: 0.01 seconds; started at stardate {'initialisation': 0.00537419319152832} and finished at stardate1786795360.64685
Loaded HOG graph index 67 with 8 edges.
Instance generation for n=67 took 0.02 seconds; started at stardate 1786795360.6468565 and finished at stardate 1786795360.6623132
Running QAOA for n=9 nodes, m=8 edges...; Max iterations: 50
Warm-start cache: loading Results/warm_start_cache/list_454_graphs_adjacency_listhog_v04-12_bipartite__filehash_0815e7e8/hog_idx000067_6c1f2631934e_noseed_L1_M1_standard.npz
Warm-start cache: loaded in 0.0014 seconds; effective compute time=0.1475660800933838
Edges: [(4, 7), (3, 8), (6, 8), (5, 6), (2, 8), (0, 5), (6, 7), (1, 7)], weights: [1.0, 1.0, 1.0, 1.0, 1.0, 1.0, 1.0, 1.0], set of nodes: {0, 1, 2, 3, 4, 5, 6, 7, 8}, n: 9 nodes, p: 1 layers, N_bayes: 50 iterations
Solving for uuid: aa67be91
Initial state injected as warm start
Running ADAM optimization with a single iteration (no debug loop)
2.8578098628241584
QAOA optimisation for n=67 took 22.99 seconds; started at stardate 1786795360.6623192 and finished at stardate 1786795383.6490774
Finished QAOA for n=9 nodes, m=8 edges at 2026-08-15 14:03:03 on x86_64. Time taken: 22.99 seconds. Hours: 0.01 hours. Peak RAM: 0.29 MB.
Unknown graph type for approximation ratio calculation; checking misc CSV.
Checking optimal_results_misc.csv for matching edges and weights...
Found matching exact result in misc CSV: 5.360022667789624
CSV writing for n=67 took 0.01 seconds; started at stardate 1786795383.6490867 and finished at stardate 1786795383.6622972
results: {67: 2.8578098628241584}
durations: {9: 22.986764669418335}
Results saved to: Results/logs/adam/qaoa_results_adam_20260815_113901_pid469778_Exp5_subexp4_standardWithHeuristic.csv
Global end time: 1786795383.6623187
Finalisation time: 0.00 seconds; started at stardate 1786795383.6623056 and finished at stardate 1786795383.6623237
Sum of all section times: 23.02 seconds
run_id: 23a20903
