Starting QAOA benchmark with global start time: 1786790195.9269402
Benchmark parameters: {'optimiser': 'adam', 'optimiser_use_heuristic': True, 'heuristic_optimiser_iterations': 1, 'heuristic_optimiser_sampleSize': 10, 'circuit_type': 'hamqaoa', 'parameter_vector': [1, 1, 1], 'iterations_list': [50], 'learning_rate_adam': 0.005, 'depth_list': [1, 2, 3, 5], 'n_start': None, 'n_end': None, 'singlet_injection': False, 'start_index_singlet': None, 'warm_start': True, 'warm_start_mode': 'standard', 'lasserre_level': 1, 'initial_solver_level_M': 1, 'sdp_seed': None, 'sdp_solver_mode': 'scs', 'sdp_scs_eps': 1e-06, 'sdp_scs_max_iters': 100000, 'warm_start_corr_strength': None, 'warm_start_corr_repeats': None, 'compare_with_010101': False, 'init_QAOAparams_close_to_zero': False, 'use_correlations_as_initial_params': False, 'time_limit': None, 'failed_instance_termination_thrsh': None, 'graph_generation_type': 'hog', 'weighted': False, 'easiest_first': True, 'cpu_util_threshold': None, 'debug': False, 'save_circuit_svg': False, 'rerun_exclude_finished_instances': True, 'warm_start_cache_producer_only': False, 'qaoa_only_from_existing_warm_start_cache': True, 'optimiser_debug_iterations': None, 'num_repeats': 1, 'relative_graph_adjList_path': 'HOG_graphs/Exp5/list_454_graphs_adjacency_listhog_v04-12_bipartite.txt', 'persistent_warm_start_cache': True, 'warm_start_cache_dir': 'Results/warm_start_cache', 'warm_start_cache_max_file_mb': 512, 'warm_start_cache_max_total_gb': 60, 'sdp_max_parallel': 0, 'qaoa_max_parallel': 16, 'sdp_threads': 1, 'qaoa_threads': 1, 'sdp_memory_limit_total_gb': 0, 'sdp_memory_limit_single_gb': 0, 'sdp_memory_poll_seconds': 5, 'sdp_max_retries': 0, 'queue_poll_interval_seconds': 5, 'max_graph_vertices': 11, 'completed_result_csv_paths': [], 'qaoa_seed': 1, 'initialise_standard_warm_start_with_zero_angles': False, 'result_name_suffix': '_Exp5_subexp4_standardWithHeuristic'}, Running QAOA with equal superposition
Benchmark run ID: 192aad73
Benchmark repeat index: 1
SDP seed override: None
QAOA seed: 6400401
Processor: x86_64
Hostname: dacsgpu0002
Total RAM (GB): None
Physical cores: 64
Logical cores: 64
Python version: 3.11.15
Initialisation time: 0.00 seconds; started at stardate {'initialisation': 0.004153251647949219} and finished at stardate1786790195.9311028
Loaded HOG graph index 64 with 7 edges.
Instance generation for n=64 took 0.01 seconds; started at stardate 1786790195.9311087 and finished at stardate 1786790195.9407866
Running QAOA for n=8 nodes, m=7 edges...; Max iterations: 50
Warm-start cache: loading Results/warm_start_cache/list_454_graphs_adjacency_listhog_v04-12_bipartite__filehash_0815e7e8/hog_idx000064_21fe22b79de0_noseed_L1_M1_standard.npz
Warm-start cache: loaded in 0.0013 seconds; effective compute time=0.1383051872253418
Edges: [(2, 6), (5, 7), (0, 7), (1, 5), (4, 5), (3, 6), (6, 7)], weights: [1.0, 1.0, 1.0, 1.0, 1.0, 1.0, 1.0], set of nodes: {0, 1, 2, 3, 4, 5, 6, 7}, n: 8 nodes, p: 5 layers, N_bayes: 50 iterations
Solving for uuid: 61dea0ae
Initial state injected as warm start
Running ADAM optimization with a single iteration (no debug loop)
3.2076462475119976
QAOA optimisation for n=64 took 23.00 seconds; started at stardate 1786790195.9407918 and finished at stardate 1786790218.9376607
Finished QAOA for n=8 nodes, m=7 edges at 2026-08-15 12:36:58 on x86_64. Time taken: 23.00 seconds. Hours: 0.01 hours. Peak RAM: 0.28 MB.
Unknown graph type for approximation ratio calculation; checking misc CSV.
Checking optimal_results_misc.csv for matching edges and weights...
Found matching exact result in misc CSV: 4.718162624394901
CSV writing for n=64 took 0.01 seconds; started at stardate 1786790218.9376693 and finished at stardate 1786790218.9451258
results: {64: 3.2076462475119976}
durations: {8: 22.996874570846558}
Results saved to: Results/logs/adam/qaoa_results_adam_20260815_113901_pid469778_Exp5_subexp4_standardWithHeuristic.csv
Global end time: 1786790218.9451408
Finalisation time: 0.00 seconds; started at stardate 1786790218.9451308 and finished at stardate 1786790218.9451458
Sum of all section times: 23.02 seconds
run_id: 192aad73
