Starting QAOA benchmark with global start time: 1788973244.493715
Benchmark parameters: {'optimiser': 'adam', 'optimiser_use_heuristic': False, 'heuristic_optimiser_iterations': None, 'heuristic_optimiser_sampleSize': None, 'circuit_type': 'hamqaoa', 'parameter_vector': [1, 1, 1], 'iterations_list': [75], 'learning_rate_adam': 0.05, 'depth_list': [1, 2, 3, 4, 5], 'n_start': None, 'n_end': None, 'singlet_injection': False, 'start_index_singlet': None, 'warm_start': True, 'warm_start_mode': 'amplified', 'lasserre_level': 1, 'initial_solver_level_M': 1, 'sdp_seed': 42, 'sdp_solver_mode': 'scs', 'sdp_scs_eps': 1e-06, 'sdp_scs_max_iters': 100000, 'warm_start_corr_strength': None, 'warm_start_corr_repeats': None, 'compare_with_010101': False, 'init_QAOAparams_close_to_zero': False, 'use_correlations_as_initial_params': False, 'time_limit': None, 'failed_instance_termination_thrsh': None, 'graph_generation_type': 'hog', 'weighted': False, 'easiest_first': False, 'cpu_util_threshold': None, 'debug': False, 'save_circuit_svg': False, 'rerun_exclude_finished_instances': False, 'warm_start_cache_producer_only': False, 'qaoa_only_from_existing_warm_start_cache': True, 'optimiser_debug_iterations': None, 'num_repeats': 1, 'relative_graph_adjList_path': 'HOG_graphs/Exp5/list_388_graphs_adjacency_list_hog_v04-12_regular.txt', 'persistent_warm_start_cache': True, 'warm_start_cache_dir': 'Results/warm_start_cache', 'warm_start_cache_max_file_mb': 512, 'warm_start_cache_max_total_gb': 60, 'sdp_max_parallel': 0, 'qaoa_max_parallel': 16, 'sdp_threads': 1, 'qaoa_threads': 1, 'sdp_memory_limit_total_gb': 0, 'sdp_memory_limit_single_gb': 0, 'sdp_memory_poll_seconds': 5, 'sdp_max_retries': 0, 'queue_poll_interval_seconds': 5, 'max_graph_vertices': 10, 'completed_result_csv_paths': [], 'qaoa_seed': 42, 'initialise_standard_warm_start_with_zero_angles': True, 'result_name_suffix': '_FINAL_BENCHMARKS_AMPLIFIED', 'algorithm17_beta_mode': 'fixed'}, Running QAOA with equal superposition
Benchmark run ID: ed56737c
Benchmark repeat index: 1
Configured SDP rounding seed: 42
QAOA seed used: 42
Processor: x86_64
Hostname: dacsgpu0002
Total RAM (GB): None
Physical cores: 64
Logical cores: 64
Python version: 3.11.15
Initialisation time: 0.00 seconds; started at stardate {'initialisation': 0.003056764602661133} and finished at stardate1788973244.496777
Loaded HOG graph index 239 with 30 edges.
Instance generation for n=239 took 0.11 seconds; started at stardate 1788973244.4967816 and finished at stardate 1788973244.6089609
Running QAOA for n=10 nodes, m=30 edges...; Max iterations: 75
Warm-start cache: loading Results/warm_start_cache/list_388_graphs_adjacency_list_hog_v04-12_regular__filehash_5b7f8d46/hog_idx000239_023aa82385f8_seed42_L1_M1_amplified.npz
Warm-start cache: loaded in 0.0015 seconds; effective compute time=0.08612227439880371
Edges: [(2, 3), (3, 8), (2, 6), (3, 5), (4, 9), (7, 8), (0, 5), (1, 4), (0, 2), (1, 7), (6, 9), (5, 7), (3, 4), (2, 8), (4, 5), (4, 8), (8, 9), (0, 1), (1, 6), (0, 4), (6, 8), (5, 9), (3, 9), (2, 7), (7, 9), (0, 3), (1, 2), (0, 6), (1, 5), (6, 7)], weights: [1.0, 1.0, 1.0, 1.0, 1.0, 1.0, 1.0, 1.0, 1.0, 1.0, 1.0, 1.0, 1.0, 1.0, 1.0, 1.0, 1.0, 1.0, 1.0, 1.0, 1.0, 1.0, 1.0, 1.0, 1.0, 1.0, 1.0, 1.0, 1.0, 1.0], set of nodes: {0, 1, 2, 3, 4, 5, 6, 7, 8, 9}, n: 10 nodes, p: 1 layers, N_bayes: 75 iterations
Solving for uuid: 137701bf
Initial state injected as warm start
Warm start correlations applied in the form of weak entanglement
Running ADAM optimization with a single iteration (no debug loop)
8.670791502283738
QAOA optimisation for n=239 took 290.84 seconds; started at stardate 1788973244.6089678 and finished at stardate 1788973535.4525638
Finished QAOA for n=10 nodes, m=30 edges at 2026-09-09 19:05:35 on x86_64. Time taken: 290.84 seconds. Hours: 0.08 hours. Peak RAM: 0.52 MB.
Unknown graph type for approximation ratio calculation; checking misc CSV.
Checking optimal_results_misc.csv for matching edges and weights...
Found matching exact result in misc CSV: 13.076202669586367
CSV writing for n=239 took 0.10 seconds; started at stardate 1788973535.4525726 and finished at stardate 1788973535.548228
results: {239: 8.670791502283738}
durations: {10: 290.8436031341553}
Results saved to: Results/logs/adam/qaoa_results_adam_20260909_140338_pid3082547_FINAL_BENCHMARKS_AMPLIFIED.csv
Global end time: 1788973535.548248
Finalisation time: 0.00 seconds; started at stardate 1788973535.5482345 and finished at stardate 1788973535.548252
Sum of all section times: 291.05 seconds
run_id: ed56737c
