Starting QAOA benchmark with global start time: 1789093477.555024
Benchmark parameters: {'optimiser': 'adam', 'optimiser_use_heuristic': False, 'heuristic_optimiser_iterations': None, 'heuristic_optimiser_sampleSize': None, 'circuit_type': 'hamqaoa', 'parameter_vector': [1, 1, 1], 'iterations_list': [75], 'learning_rate_adam': 0.05, 'depth_list': [6, 7, 8, 9, 10], 'n_start': None, 'n_end': None, 'singlet_injection': False, 'start_index_singlet': None, 'warm_start': True, 'warm_start_mode': 'amplified', 'lasserre_level': 1, 'initial_solver_level_M': 1, 'sdp_seed': 42, 'sdp_solver_mode': 'scs', 'sdp_scs_eps': 1e-06, 'sdp_scs_max_iters': 100000, 'warm_start_corr_strength': None, 'warm_start_corr_repeats': None, 'compare_with_010101': False, 'init_QAOAparams_close_to_zero': False, 'use_correlations_as_initial_params': False, 'time_limit': None, 'failed_instance_termination_thrsh': None, 'graph_generation_type': 'hog', 'weighted': False, 'easiest_first': False, 'cpu_util_threshold': None, 'debug': False, 'save_circuit_svg': False, 'rerun_exclude_finished_instances': False, 'warm_start_cache_producer_only': False, 'qaoa_only_from_existing_warm_start_cache': True, 'optimiser_debug_iterations': None, 'num_repeats': 1, 'relative_graph_adjList_path': 'HOG_graphs/Exp5/list_388_graphs_adjacency_list_hog_v04-12_regular.txt', 'persistent_warm_start_cache': True, 'warm_start_cache_dir': 'Results/warm_start_cache', 'warm_start_cache_max_file_mb': 512, 'warm_start_cache_max_total_gb': 60, 'sdp_max_parallel': 0, 'qaoa_max_parallel': 16, 'sdp_threads': 1, 'qaoa_threads': 1, 'sdp_memory_limit_total_gb': 0, 'sdp_memory_limit_single_gb': 0, 'sdp_memory_poll_seconds': 5, 'sdp_max_retries': 0, 'queue_poll_interval_seconds': 5, 'max_graph_vertices': 10, 'completed_result_csv_paths': [], 'qaoa_seed': 42, 'initialise_standard_warm_start_with_zero_angles': True, 'result_name_suffix': '_FINAL_BENCHMARKS_AMPLIFIED_BestPerformers', 'algorithm17_beta_mode': 'fixed'}, Running QAOA with equal superposition
Benchmark run ID: a4f20e56
Benchmark repeat index: 1
Configured SDP rounding seed: 42
QAOA seed used: 42
Processor: x86_64
Hostname: dacsgpu0002
Total RAM (GB): None
Physical cores: 64
Logical cores: 64
Python version: 3.11.15
Initialisation time: 0.06 seconds; started at stardate {'initialisation': 0.06173849105834961} and finished at stardate1789093477.6167748
Loaded HOG graph index 341 with 25 edges.
Instance generation for n=341 took 0.82 seconds; started at stardate 1789093477.6167827 and finished at stardate 1789093478.43847
Running QAOA for n=10 nodes, m=25 edges...; Max iterations: 75
Warm-start cache: loading Results/warm_start_cache/list_388_graphs_adjacency_list_hog_v04-12_regular__filehash_5b7f8d46/hog_idx000341_d271de4d6d85_seed42_L1_M1_amplified.npz
Warm-start cache: loaded in 0.0376 seconds; effective compute time=0.08230829238891602
Edges: [(4, 6), (4, 9), (7, 8), (0, 5), (0, 2), (1, 7), (6, 9), (5, 7), (2, 8), (3, 7), (4, 8), (8, 9), (1, 3), (0, 1), (1, 6), (0, 4), (5, 6), (5, 9), (3, 6), (2, 4), (3, 9), (2, 7), (0, 3), (1, 2), (5, 8)], weights: [1.0, 1.0, 1.0, 1.0, 1.0, 1.0, 1.0, 1.0, 1.0, 1.0, 1.0, 1.0, 1.0, 1.0, 1.0, 1.0, 1.0, 1.0, 1.0, 1.0, 1.0, 1.0, 1.0, 1.0, 1.0], set of nodes: {0, 1, 2, 3, 4, 5, 6, 7, 8, 9}, n: 10 nodes, p: 7 layers, N_bayes: 75 iterations
Solving for uuid: 482df699
Initial state injected as warm start
Warm start correlations applied in the form of weak entanglement
Running ADAM optimization with a single iteration (no debug loop)
7.531480854063954
QAOA optimisation for n=341 took 312.60 seconds; started at stardate 1789093478.4384766 and finished at stardate 1789093791.0339415
Finished QAOA for n=10 nodes, m=25 edges at 2026-09-11 04:29:51 on x86_64. Time taken: 312.60 seconds. Hours: 0.09 hours. Peak RAM: 1.95 MB.
Unknown graph type for approximation ratio calculation; checking misc CSV.
Checking optimal_results_misc.csv for matching edges and weights...
Found matching exact result in misc CSV: 12.113243855959755
CSV writing for n=341 took 0.01 seconds; started at stardate 1789093791.0339499 and finished at stardate 1789093791.046053
results: {341: 7.531480854063954}
durations: {10: 312.5954713821411}
Results saved to: Results/logs/adam/qaoa_results_adam_20260910_213240_pid1609145_FINAL_BENCHMARKS_AMPLIFIED_BestPerformers.csv
Global end time: 1789093791.046065
Finalisation time: 0.00 seconds; started at stardate 1789093791.0460572 and finished at stardate 1789093791.0460682
Sum of all section times: 313.49 seconds
run_id: a4f20e56
