/home/i6408800/MasterThesis/QAOA/Code/Circuit.py:182: UserWarning: No classical warm-start cut provided for HAMQAOA; using random cut values for fourth HAMQAOA gate. This may lead to suboptimal performance and may be unintentional if a classical warm start was intended.
  warnings.warn(
Starting QAOA benchmark with global start time: 1784522671.0724323
Benchmark parameters: {'optimiser': 'adam', 'optimiser_use_heuristic': True, 'heuristic_optimiser_iterations': 1, 'heuristic_optimiser_sampleSize': 10, 'circuit_type': 'hamqaoa', 'parameter_vector': [1, 1, 1], 'iterations_list': [5, 10, 25, 50], 'learning_rate_adam': 0.001, 'depth_list': [1, 2], 'n_start': None, 'n_end': None, 'singlet_injection': False, 'start_index_singlet': None, 'warm_start': False, 'warm_start_mode': None, 'lasserre_level': None, 'initial_solver_level_M': None, 'sdp_seed': None, 'sdp_solver_mode': None, 'sdp_scs_eps': None, 'sdp_scs_max_iters': None, 'warm_start_corr_strength': None, 'warm_start_corr_repeats': None, 'compare_with_010101': False, 'init_QAOAparams_close_to_zero': False, 'use_correlations_as_initial_params': None, 'time_limit': None, 'failed_instance_termination_thrsh': None, 'graph_generation_type': 'hog', 'weighted': False, 'easiest_first': True, 'cpu_util_threshold': None, 'debug': False, 'save_circuit_svg': False, 'rerun_exclude_finished_instances': False, 'warm_start_cache_producer_only': False, 'qaoa_only_from_existing_warm_start_cache': False, 'optimiser_debug_iterations': None, 'num_repeats': 1, 'relative_graph_adjList_path': 'HOG_graphs/random_graphs_8to14vertices_78instances_20260625_143415_AdjacencyList.txt', 'persistent_warm_start_cache': False, 'warm_start_cache_dir': None, 'warm_start_cache_max_file_mb': None, 'warm_start_cache_max_total_gb': None, 'sdp_max_parallel': 0, 'qaoa_max_parallel': 32, 'sdp_threads': None, 'qaoa_threads': 1, 'sdp_memory_limit_total_gb': None, 'sdp_memory_limit_single_gb': None, 'sdp_memory_poll_seconds': None, 'sdp_max_retries': None, 'queue_poll_interval_seconds': 5}, Running QAOA with equal superposition
Benchmark run ID: d8a2a68e
Benchmark repeat index: 1
SDP seed override: None
Processor: x86_64
Hostname: dacsgpu0002
Total RAM (GB): None
Physical cores: 64
Logical cores: 64
Python version: 3.11.15
Initialisation time: 0.00 seconds; started at stardate {'initialisation': 0.0033736228942871094} and finished at stardate1784522671.0758123
Loaded HOG graph index 64 with 39 edges.
Instance generation for n=64 took 0.00 seconds; started at stardate 1784522671.0758164 and finished at stardate 1784522671.0783417
Running QAOA for n=13 nodes, m=39 edges...; Max iterations: 10
Edges: [(2, 3), (3, 8), (3, 5), (11, 12), (4, 6), (4, 12), (2, 12), (7, 8), (0, 5), (0, 2), (9, 11), (1, 7), (0, 11), (6, 9), (5, 7), (3, 4), (4, 5), (2, 5), (4, 8), (7, 10), (8, 9), (1, 3), (0, 1), (9, 10), (0, 10), (10, 12), (1, 9), (0, 7), (1, 12), (6, 8), (6, 11), (3, 6), (2, 4), (9, 12), (10, 11), (1, 8), (0, 12), (5, 8), (6, 7)], weights: [1.0, 1.0, 1.0, 1.0, 1.0, 1.0, 1.0, 1.0, 1.0, 1.0, 1.0, 1.0, 1.0, 1.0, 1.0, 1.0, 1.0, 1.0, 1.0, 1.0, 1.0, 1.0, 1.0, 1.0, 1.0, 1.0, 1.0, 1.0, 1.0, 1.0, 1.0, 1.0, 1.0, 1.0, 1.0, 1.0, 1.0, 1.0, 1.0], set of nodes: {0, 1, 2, 3, 4, 5, 6, 7, 8, 9, 10, 11, 12}, n: 13 nodes, p: 1 layers, N_bayes: 10 iterations
Solving for uuid: 2533ce30
No warm start: Default initial state is equal superposition
Running ADAM optimization with a single iteration (no debug loop)
9.749988194728992
QAOA optimisation for n=64 took 2.02 seconds; started at stardate 1784522671.0783458 and finished at stardate 1784522673.1001172
Finished QAOA for n=13 nodes, m=39 edges at 2026-07-20 06:44:33 on x86_64. Time taken: 2.02 seconds. Hours: 0.00 hours. Peak RAM: 0.21 MB.
Unknown graph type for approximation ratio calculation; checking misc CSV.
Checking optimal_results_misc.csv for matching edges and weights...
Found matching exact result in misc CSV: 17.171679397742054
CSV writing for n=64 took 0.00 seconds; started at stardate 1784522673.1001272 and finished at stardate 1784522673.1039886
results: {64: 9.749988194728992}
durations: {13: 2.021777391433716}
Results saved to: Results/logs/adam/qaoa_results_adam_20260720_063014_pid923649.csv
Global end time: 1784522673.103999
Finalisation time: 0.00 seconds; started at stardate 1784522673.1039917 and finished at stardate 1784522673.1040022
Sum of all section times: 2.03 seconds
run_id: d8a2a68e
