Starting QAOA benchmark with global start time: 1786605870.5661237
Benchmark parameters: {'optimiser': 'adam', 'optimiser_use_heuristic': None, 'heuristic_optimiser_iterations': None, 'heuristic_optimiser_sampleSize': None, 'circuit_type': 'hamqaoa', 'parameter_vector': [1, 1, 1], 'iterations_list': [50], 'learning_rate_adam': None, 'depth_list': [1], 'n_start': None, 'n_end': None, 'singlet_injection': False, 'start_index_singlet': None, 'warm_start': True, 'warm_start_mode': 'amplified', 'lasserre_level': 2, 'initial_solver_level_M': 2, 'sdp_seed': None, 'sdp_solver_mode': 'scs', 'sdp_scs_eps': 1e-06, 'sdp_scs_max_iters': 100000, 'warm_start_corr_strength': None, 'warm_start_corr_repeats': None, 'compare_with_010101': False, 'init_QAOAparams_close_to_zero': False, 'use_correlations_as_initial_params': False, 'time_limit': None, 'failed_instance_termination_thrsh': None, 'graph_generation_type': 'hog', 'weighted': False, 'easiest_first': True, 'cpu_util_threshold': None, 'debug': False, 'save_circuit_svg': False, 'rerun_exclude_finished_instances': True, 'warm_start_cache_producer_only': True, 'qaoa_only_from_existing_warm_start_cache': False, 'optimiser_debug_iterations': None, 'num_repeats': 1, 'relative_graph_adjList_path': 'HOG_graphs/Exp5/list_454_graphs_adjacency_listhog_v04-12_bipartite.txt', 'persistent_warm_start_cache': True, 'warm_start_cache_dir': 'Results/warm_start_cache', 'warm_start_cache_max_file_mb': 512, 'warm_start_cache_max_total_gb': 60, 'sdp_max_parallel': 32, 'qaoa_max_parallel': 0, 'sdp_threads': 1, 'qaoa_threads': 1, 'sdp_memory_limit_total_gb': 250, 'sdp_memory_limit_single_gb': 100, 'sdp_memory_poll_seconds': 5, 'sdp_max_retries': 3, 'queue_poll_interval_seconds': 5, 'max_graph_vertices': 11, 'completed_result_csv_paths': [], 'qaoa_seed': 1, 'initialise_standard_warm_start_with_zero_angles': False, 'result_name_suffix': '_Exp5_subexp4_standardWithHeuristic'}, Running QAOA with equal superposition
Benchmark run ID: 1e11d102
Benchmark repeat index: 1
SDP seed override: None
QAOA seed: 1
Processor: x86_64
Hostname: dacsvm-cpunode01
Total RAM (GB): None
Physical cores: 32
Logical cores: 32
Python version: 3.11.15
Initialisation time: 0.01 seconds; started at stardate {'initialisation': 0.008117198944091797} and finished at stardate1786605870.574255
Loaded HOG graph index 429 with 11 edges.
Instance generation for n=429 took 0.03 seconds; started at stardate 1786605870.5742664 and finished at stardate 1786605870.6001341
Running QAOA for n=8 nodes, m=11 edges...; Max iterations: 50
Warm-start: starting SDP solve for n_vertices=8
Warm-start: no sdp_seed in config, generated fallback seed 1921420978980189234
Using SCS solver for SDP with eps=1e-06, max_iters=100000.
SDP solver status: optimal
SDP solver name: SCS
SDP solver iterations: 4150
SDP solve time: 66.615515801
SDP extra stats: {'x': array([ 1.00000000e+00,  2.59697148e-14, -9.47295128e-16, ...,
        1.00000000e+00,  4.10038343e-18,  1.00000000e+00], shape=(38503,)), 'y': array([3.46774918e-02, 1.43638865e-02, 1.43638865e-02, ...,
       2.37626669e-02, 4.35074947e-15, 2.83984392e-02], shape=(108050,)), 's': array([0.00000000e+00, 0.00000000e+00, 0.00000000e+00, ...,
       9.99999996e-01, 1.17641870e-15, 9.99999993e-01], shape=(108050,)), 'info': {'status_val': 1, 'iter': 4150, 'scale_updates': 4, 'scale': 13.14241539456071, 'pobj': -9.036763638255499, 'dobj': -9.036763645609758, 'res_pri': 1.870154120782932e-06, 'res_dual': 7.840847874619317e-07, 'gap': 7.354259423664189e-09, 'res_infeas': nan, 'res_unbdd_a': 0.11065908549164406, 'res_unbdd_p': 0.0, 'comp_slack': 9.181518334448384e-12, 'solve_time': 66615.515801, 'setup_time': 47.525173, 'lin_sys_time': 6242.530524000016, 'cone_time': 58317.86305200006, 'accel_time': 413.5896649999982, 'rejected_accel_steps': 34, 'accepted_accel_steps': 0, 'status': 'solved'}}
Rounding...
Setting seed to 1921420978980189234
n_vertices: 8 for n = 24
Using seed 1921420978980189234 to generate random matrix for x.
Energy of rounded cut/product state: 9.920709405931207
Algorithm 17 lower-bound energy: 8.484379603313513
Algorithm 17 actual entangled-state energy: 10.537306467856656
SDP objective value: 14.536763638255497
8 in cut out of a total of 11 edges
Warm-start: SDP solve + rounding finished in 629.63 seconds
Warm-start: using level-2 Algorithm 17 entangled statevector with shape (256,)
Warm-start cache: moment matrix before save shape=(277, 277), dtype=float64, entries=76729, bytes=613832 (0.59 MiB)
Warm-start cache: saved Results/warm_start_cache/list_454_graphs_adjacency_listhog_v04-12_bipartite__filehash_0815e7e8/hog_idx000429_6d4ec97ed7f2_noseed_L2_M2_amplified.npz in 0.0086 seconds
WARM_START_CACHE_PRODUCER_ONLY is set; warm-start cache has been produced/loaded. Exiting before QAOA optimisation.
