Starting QAOA benchmark with global start time: 1786608469.4500968
Benchmark parameters: {'optimiser': 'adam', 'optimiser_use_heuristic': None, 'heuristic_optimiser_iterations': None, 'heuristic_optimiser_sampleSize': None, 'circuit_type': 'hamqaoa', 'parameter_vector': [1, 1, 1], 'iterations_list': [50], 'learning_rate_adam': None, 'depth_list': [1], 'n_start': None, 'n_end': None, 'singlet_injection': False, 'start_index_singlet': None, 'warm_start': True, 'warm_start_mode': 'amplified', 'lasserre_level': 2, 'initial_solver_level_M': 2, 'sdp_seed': None, 'sdp_solver_mode': 'scs', 'sdp_scs_eps': 1e-06, 'sdp_scs_max_iters': 100000, 'warm_start_corr_strength': None, 'warm_start_corr_repeats': None, 'compare_with_010101': False, 'init_QAOAparams_close_to_zero': False, 'use_correlations_as_initial_params': False, 'time_limit': None, 'failed_instance_termination_thrsh': None, 'graph_generation_type': 'hog', 'weighted': False, 'easiest_first': True, 'cpu_util_threshold': None, 'debug': False, 'save_circuit_svg': False, 'rerun_exclude_finished_instances': True, 'warm_start_cache_producer_only': True, 'qaoa_only_from_existing_warm_start_cache': False, 'optimiser_debug_iterations': None, 'num_repeats': 1, 'relative_graph_adjList_path': 'HOG_graphs/Exp5/list_454_graphs_adjacency_listhog_v04-12_bipartite.txt', 'persistent_warm_start_cache': True, 'warm_start_cache_dir': 'Results/warm_start_cache', 'warm_start_cache_max_file_mb': 512, 'warm_start_cache_max_total_gb': 60, 'sdp_max_parallel': 32, 'qaoa_max_parallel': 0, 'sdp_threads': 1, 'qaoa_threads': 1, 'sdp_memory_limit_total_gb': 250, 'sdp_memory_limit_single_gb': 100, 'sdp_memory_poll_seconds': 5, 'sdp_max_retries': 3, 'queue_poll_interval_seconds': 5, 'max_graph_vertices': 11, 'completed_result_csv_paths': [], 'qaoa_seed': 1, 'initialise_standard_warm_start_with_zero_angles': False, 'result_name_suffix': '_Exp5_subexp4_standardWithHeuristic'}, Running QAOA with equal superposition
Benchmark run ID: ac937c03
Benchmark repeat index: 1
SDP seed override: None
QAOA seed: 1
Processor: x86_64
Hostname: dacsvm-cpunode01
Total RAM (GB): None
Physical cores: 32
Logical cores: 32
Python version: 3.11.15
Initialisation time: 0.00 seconds; started at stardate {'initialisation': 0.0036096572875976562} and finished at stardate1786608469.4537168
Loaded HOG graph index 452 with 9 edges.
Instance generation for n=452 took 0.01 seconds; started at stardate 1786608469.453725 and finished at stardate 1786608469.4636583
Running QAOA for n=10 nodes, m=9 edges...; Max iterations: 50
Warm-start: starting SDP solve for n_vertices=10
Warm-start: no sdp_seed in config, generated fallback seed 11097883042879637805
Using SCS solver for SDP with eps=1e-06, max_iters=100000.
SDP solver status: optimal
SDP solver name: SCS
SDP solver iterations: 5775
SDP solve time: 323.609346417
SDP extra stats: {'x': array([ 1.00000000e+00, -9.62672782e-13, -6.26446246e-13, ...,
        1.00000000e+00,  1.99501470e-18,  1.00000000e+00], shape=(95266,)), 'y': array([2.54611845e-02, 1.05463764e-02, 1.05463764e-02, ...,
       4.91160447e-03, 1.51767128e-13, 4.58746970e-02], shape=(265112,)), 's': array([ 0.00000000e+00,  0.00000000e+00,  0.00000000e+00, ...,
        1.00000000e+00, -3.92590183e-16,  1.00000040e+00], shape=(265112,)), 'info': {'status_val': 1, 'iter': 5775, 'scale_updates': 4, 'scale': 0.16672353140070342, 'pobj': -8.119181623245074, 'dobj': -8.11918042588288, 'res_pri': 1.7087773608427811e-06, 'res_dual': 3.094894961999715e-07, 'gap': 1.1973621951710811e-06, 'res_infeas': nan, 'res_unbdd_a': 0.12316512261528764, 'res_unbdd_p': 0.0, 'comp_slack': 1.4301448914011416e-11, 'solve_time': 323609.346417, 'setup_time': 146.804195, 'lin_sys_time': 23038.221327000014, 'cone_time': 292078.78888499923, 'accel_time': 1731.8157500000054, 'rejected_accel_steps': 49, 'accepted_accel_steps': 5, 'status': 'solved'}}
Rounding...
Setting seed to 11097883042879637805
n_vertices: 10 for n = 30
Using seed 11097883042879637805 to generate random matrix for x.
Energy of rounded cut/product state: 6.179600783873131
Algorithm 17 lower-bound energy: 7.40198057147864
Algorithm 17 actual entangled-state energy: 6.767212703716936
SDP objective value: 12.619181623245073
6 in cut out of a total of 9 edges
Warm-start: SDP solve + rounding finished in 4768.28 seconds
Warm-start: using level-2 Algorithm 17 entangled statevector with shape (1024,)
Warm-start cache: moment matrix before save shape=(436, 436), dtype=float64, entries=190096, bytes=1520768 (1.45 MiB)
Warm-start cache: saved Results/warm_start_cache/list_454_graphs_adjacency_listhog_v04-12_bipartite__filehash_0815e7e8/hog_idx000452_e1696f4a863f_noseed_L2_M2_amplified.npz in 0.0155 seconds
WARM_START_CACHE_PRODUCER_ONLY is set; warm-start cache has been produced/loaded. Exiting before QAOA optimisation.
