Starting QAOA benchmark with global start time: 1786611762.7679765
Benchmark parameters: {'optimiser': 'adam', 'optimiser_use_heuristic': None, 'heuristic_optimiser_iterations': None, 'heuristic_optimiser_sampleSize': None, 'circuit_type': 'hamqaoa', 'parameter_vector': [1, 1, 1], 'iterations_list': [50], 'learning_rate_adam': None, 'depth_list': [1], 'n_start': None, 'n_end': None, 'singlet_injection': False, 'start_index_singlet': None, 'warm_start': True, 'warm_start_mode': 'amplified', 'lasserre_level': 2, 'initial_solver_level_M': 2, 'sdp_seed': None, 'sdp_solver_mode': 'scs', 'sdp_scs_eps': 1e-06, 'sdp_scs_max_iters': 100000, 'warm_start_corr_strength': None, 'warm_start_corr_repeats': None, 'compare_with_010101': False, 'init_QAOAparams_close_to_zero': False, 'use_correlations_as_initial_params': False, 'time_limit': None, 'failed_instance_termination_thrsh': None, 'graph_generation_type': 'hog', 'weighted': False, 'easiest_first': True, 'cpu_util_threshold': None, 'debug': False, 'save_circuit_svg': False, 'rerun_exclude_finished_instances': True, 'warm_start_cache_producer_only': True, 'qaoa_only_from_existing_warm_start_cache': False, 'optimiser_debug_iterations': None, 'num_repeats': 1, 'relative_graph_adjList_path': 'HOG_graphs/Exp5/list_454_graphs_adjacency_listhog_v04-12_bipartite.txt', 'persistent_warm_start_cache': True, 'warm_start_cache_dir': 'Results/warm_start_cache', 'warm_start_cache_max_file_mb': 512, 'warm_start_cache_max_total_gb': 60, 'sdp_max_parallel': 32, 'qaoa_max_parallel': 0, 'sdp_threads': 1, 'qaoa_threads': 1, 'sdp_memory_limit_total_gb': 250, 'sdp_memory_limit_single_gb': 100, 'sdp_memory_poll_seconds': 5, 'sdp_max_retries': 3, 'queue_poll_interval_seconds': 5, 'max_graph_vertices': 11, 'completed_result_csv_paths': [], 'qaoa_seed': 1, 'initialise_standard_warm_start_with_zero_angles': False, 'result_name_suffix': '_Exp5_subexp4_standardWithHeuristic'}, Running QAOA with equal superposition
Benchmark run ID: bddfc6c1
Benchmark repeat index: 1
SDP seed override: None
QAOA seed: 1
Processor: x86_64
Hostname: dacsvm-cpunode01
Total RAM (GB): None
Physical cores: 32
Logical cores: 32
Python version: 3.11.15
Initialisation time: 0.00 seconds; started at stardate {'initialisation': 0.004591464996337891} and finished at stardate1786611762.7725837
Loaded HOG graph index 275 with 11 edges.
Instance generation for n=275 took 0.01 seconds; started at stardate 1786611762.7725945 and finished at stardate 1786611762.7823117
Running QAOA for n=11 nodes, m=11 edges...; Max iterations: 50
Warm-start: starting SDP solve for n_vertices=11
Warm-start: no sdp_seed in config, generated fallback seed 14275936789485183776
Using SCS solver for SDP with eps=1e-06, max_iters=100000.
SDP solver status: optimal
SDP solver name: SCS
SDP solver iterations: 9675
SDP solve time: 865.227741961
SDP extra stats: {'x': array([ 1.00000000e+00,  2.04288197e-13,  1.19040450e-12, ...,
        1.00000000e+00, -2.16944901e-18,  1.00000000e+00], shape=(140185,)), 'y': array([ 2.55350535e-02,  1.05770025e-02,  1.05770025e-02, ...,
        3.29236112e-04, -3.25255565e-17,  7.47001422e-04], shape=(388841,)), 's': array([0.00000000e+00, 0.00000000e+00, 0.00000000e+00, ...,
       1.00000000e+00, 6.80116069e-16, 9.99999998e-01], shape=(388841,)), 'info': {'status_val': 1, 'iter': 9675, 'scale_updates': 6, 'scale': 6.739246660532233, 'pobj': -8.944050343325484, 'dobj': -8.9440502259114, 'res_pri': 1.7117825080235909e-06, 'res_dual': 1.2399065479846427e-06, 'gap': 1.1741408378895812e-07, 'res_infeas': nan, 'res_unbdd_a': 0.11180616852894898, 'res_unbdd_p': 0.0, 'comp_slack': 7.955330870200718e-11, 'solve_time': 865227.741961, 'setup_time': 181.53974, 'lin_sys_time': 52359.48770699993, 'cone_time': 795217.4186539993, 'accel_time': 3700.4561370000115, 'rejected_accel_steps': 82, 'accepted_accel_steps': 2, 'status': 'solved'}}
Rounding...
Setting seed to 14275936789485183776
n_vertices: 11 for n = 33
Using seed 14275936789485183776 to generate random matrix for x.
Energy of rounded cut/product state: 5.882034575260721
Algorithm 17 lower-bound energy: 8.448889721012405
Algorithm 17 actual entangled-state energy: 6.318650565272956
SDP objective value: 14.444050343325486
6 in cut out of a total of 11 edges
Warm-start: SDP solve + rounding finished in 10392.05 seconds
Warm-start: using level-2 Algorithm 17 entangled statevector with shape (2048,)
Warm-start cache: moment matrix before save shape=(529, 529), dtype=float64, entries=279841, bytes=2238728 (2.14 MiB)
Warm-start cache: saved Results/warm_start_cache/list_454_graphs_adjacency_listhog_v04-12_bipartite__filehash_0815e7e8/hog_idx000275_d9bd83d8ba95_noseed_L2_M2_amplified.npz in 0.0178 seconds
WARM_START_CACHE_PRODUCER_ONLY is set; warm-start cache has been produced/loaded. Exiting before QAOA optimisation.
