Starting QAOA benchmark with global start time: 1786611762.767431
Benchmark parameters: {'optimiser': 'adam', 'optimiser_use_heuristic': None, 'heuristic_optimiser_iterations': None, 'heuristic_optimiser_sampleSize': None, 'circuit_type': 'hamqaoa', 'parameter_vector': [1, 1, 1], 'iterations_list': [50], 'learning_rate_adam': None, 'depth_list': [1], 'n_start': None, 'n_end': None, 'singlet_injection': False, 'start_index_singlet': None, 'warm_start': True, 'warm_start_mode': 'amplified', 'lasserre_level': 2, 'initial_solver_level_M': 2, 'sdp_seed': None, 'sdp_solver_mode': 'scs', 'sdp_scs_eps': 1e-06, 'sdp_scs_max_iters': 100000, 'warm_start_corr_strength': None, 'warm_start_corr_repeats': None, 'compare_with_010101': False, 'init_QAOAparams_close_to_zero': False, 'use_correlations_as_initial_params': False, 'time_limit': None, 'failed_instance_termination_thrsh': None, 'graph_generation_type': 'hog', 'weighted': False, 'easiest_first': True, 'cpu_util_threshold': None, 'debug': False, 'save_circuit_svg': False, 'rerun_exclude_finished_instances': True, 'warm_start_cache_producer_only': True, 'qaoa_only_from_existing_warm_start_cache': False, 'optimiser_debug_iterations': None, 'num_repeats': 1, 'relative_graph_adjList_path': 'HOG_graphs/Exp5/list_454_graphs_adjacency_listhog_v04-12_bipartite.txt', 'persistent_warm_start_cache': True, 'warm_start_cache_dir': 'Results/warm_start_cache', 'warm_start_cache_max_file_mb': 512, 'warm_start_cache_max_total_gb': 60, 'sdp_max_parallel': 32, 'qaoa_max_parallel': 0, 'sdp_threads': 1, 'qaoa_threads': 1, 'sdp_memory_limit_total_gb': 250, 'sdp_memory_limit_single_gb': 100, 'sdp_memory_poll_seconds': 5, 'sdp_max_retries': 3, 'queue_poll_interval_seconds': 5, 'max_graph_vertices': 11, 'completed_result_csv_paths': [], 'qaoa_seed': 1, 'initialise_standard_warm_start_with_zero_angles': False, 'result_name_suffix': '_Exp5_subexp4_standardWithHeuristic'}, Running QAOA with equal superposition
Benchmark run ID: dbddb7dd
Benchmark repeat index: 1
SDP seed override: None
QAOA seed: 1
Processor: x86_64
Hostname: dacsvm-cpunode01
Total RAM (GB): None
Physical cores: 32
Logical cores: 32
Python version: 3.11.15
Initialisation time: 0.00 seconds; started at stardate {'initialisation': 0.004101276397705078} and finished at stardate1786611762.7715425
Loaded HOG graph index 183 with 18 edges.
Instance generation for n=183 took 0.01 seconds; started at stardate 1786611762.7715497 and finished at stardate 1786611762.777291
Running QAOA for n=11 nodes, m=18 edges...; Max iterations: 50
Warm-start: starting SDP solve for n_vertices=11
Warm-start: no sdp_seed in config, generated fallback seed 13182834901984732632
Using SCS solver for SDP with eps=1e-06, max_iters=100000.
SDP solver status: optimal
SDP solver name: SCS
SDP solver iterations: 5925
SDP solve time: 444.88854022099997
SDP extra stats: {'x': array([ 1.00000000e+00,  2.44437216e-13, -1.26755783e-14, ...,
        1.00000000e+00,  3.48266278e-18,  1.00000000e+00], shape=(140185,)), 'y': array([4.32392029e-02, 1.79102520e-02, 1.79102520e-02, ...,
       1.64643450e-04, 2.79849133e-14, 6.96750274e-03], shape=(388841,)), 's': array([ 0.00000000e+00,  0.00000000e+00,  0.00000000e+00, ...,
        1.00000001e+00, -9.42072852e-16,  1.00000006e+00], shape=(388841,)), 'info': {'status_val': 1, 'iter': 5925, 'scale_updates': 4, 'scale': 0.4789504787328384, 'pobj': -11.898634767792226, 'dobj': -11.898635338282844, 'res_pri': 7.999611022645825e-07, 'res_dual': 4.0631390978460665e-07, 'gap': 5.704906183012781e-07, 'res_infeas': nan, 'res_unbdd_a': 0.0840432553437317, 'res_unbdd_p': 0.0, 'comp_slack': 2.7150740676960234e-11, 'solve_time': 444888.540221, 'setup_time': 191.200956, 'lin_sys_time': 31513.835792999926, 'cone_time': 402517.61264299933, 'accel_time': 2184.246557000016, 'rejected_accel_steps': 49, 'accepted_accel_steps': 4, 'status': 'solved'}}
Rounding...
Setting seed to 13182834901984732632
n_vertices: 11 for n = 33
Using seed 13182834901984732632 to generate random matrix for x.
Energy of rounded cut/product state: 8.553606014682558
Algorithm 17 lower-bound energy: 12.235003456773976
Algorithm 17 actual entangled-state energy: 8.880332378463482
SDP objective value: 20.89863476779223
10 in cut out of a total of 18 edges
Warm-start: SDP solve + rounding finished in 9997.10 seconds
Warm-start: using level-2 Algorithm 17 entangled statevector with shape (2048,)
Warm-start cache: moment matrix before save shape=(529, 529), dtype=float64, entries=279841, bytes=2238728 (2.14 MiB)
Warm-start cache: saved Results/warm_start_cache/list_454_graphs_adjacency_listhog_v04-12_bipartite__filehash_0815e7e8/hog_idx000183_c37c2e89fb64_noseed_L2_M2_amplified.npz in 0.0179 seconds
WARM_START_CACHE_PRODUCER_ONLY is set; warm-start cache has been produced/loaded. Exiting before QAOA optimisation.
