Starting QAOA benchmark with global start time: 1787573320.130227
Benchmark parameters: {'optimiser': 'adam', 'optimiser_use_heuristic': False, 'heuristic_optimiser_iterations': None, 'heuristic_optimiser_sampleSize': None, 'circuit_type': 'hamqaoa', 'parameter_vector': [1, 1, 1], 'iterations_list': [50], 'learning_rate_adam': 0.001, 'depth_list': [1, 2, 3, 4, 5], 'n_start': None, 'n_end': None, 'singlet_injection': False, 'start_index_singlet': None, 'warm_start': True, 'warm_start_mode': 'amplified_king', 'lasserre_level': 2, 'initial_solver_level_M': 2, 'sdp_seed': None, 'sdp_solver_mode': 'scs', 'sdp_scs_eps': 1e-06, 'sdp_scs_max_iters': 100000, 'warm_start_corr_strength': None, 'warm_start_corr_repeats': None, 'compare_with_010101': False, 'init_QAOAparams_close_to_zero': False, 'use_correlations_as_initial_params': False, 'time_limit': None, 'failed_instance_termination_thrsh': None, 'graph_generation_type': 'hog', 'weighted': False, 'easiest_first': False, 'cpu_util_threshold': None, 'debug': False, 'save_circuit_svg': False, 'rerun_exclude_finished_instances': False, 'warm_start_cache_producer_only': False, 'qaoa_only_from_existing_warm_start_cache': True, 'optimiser_debug_iterations': None, 'num_repeats': 1, 'relative_graph_adjList_path': 'HOG_graphs/Exp5/cycle_graphs_3to12vertices_10instances_AdjacencyList.txt', 'persistent_warm_start_cache': True, 'warm_start_cache_dir': 'Results/warm_start_cache', 'warm_start_cache_max_file_mb': 512, 'warm_start_cache_max_total_gb': 60, 'sdp_max_parallel': 0, 'qaoa_max_parallel': 16, 'sdp_threads': 1, 'qaoa_threads': 1, 'sdp_memory_limit_total_gb': 0, 'sdp_memory_limit_single_gb': 0, 'sdp_memory_poll_seconds': 5, 'sdp_max_retries': 0, 'queue_poll_interval_seconds': 5, 'max_graph_vertices': 10, 'completed_result_csv_paths': [], 'qaoa_seed': 1, 'initialise_standard_warm_start_with_zero_angles': False, 'result_name_suffix': '_Exp6_KingAmplifiedWithHeuristic_rerun2408'}, Running QAOA with equal superposition
Benchmark run ID: e594e462
Benchmark repeat index: 1
SDP seed override: None
QAOA seed: 500301
Processor: x86_64
Hostname: dacsvm-cpunode01
Total RAM (GB): None
Physical cores: 32
Logical cores: 32
Python version: 3.11.15
Initialisation time: 0.02 seconds; started at stardate {'initialisation': 0.019695758819580078} and finished at stardate1787573320.1499364
Loaded HOG graph index 5 with 8 edges.
Instance generation for n=5 took 0.00 seconds; started at stardate 1787573320.1499434 and finished at stardate 1787573320.151003
Running QAOA for n=8 nodes, m=8 edges...; Max iterations: 50
Warm-start cache: loading Results/warm_start_cache/cycle_graphs_3to12vertices_10instances_AdjacencyList__filehash_1a582721/hog_idx000005_f3b9dd34409c_noseed_L2_M2_amplified.npz
Warm-start cache: loaded in 0.0076 seconds; effective compute time=601.9333875179291
Edges: [(0, 1), (2, 3), (0, 7), (1, 2), (5, 6), (3, 4), (4, 5), (6, 7)], weights: [1.0, 1.0, 1.0, 1.0, 1.0, 1.0, 1.0, 1.0], set of nodes: {0, 1, 2, 3, 4, 5, 6, 7}, n: 8 nodes, p: 4 layers, N_bayes: 50 iterations
Solving for uuid: 8cb130d1
Initial state injected as warm start
Running ADAM optimization with a single iteration (no debug loop)
Warm-start fallback: optimiser result was below the SDP warm-start energy; using the warm-start energy instead.
6.732941835168801
QAOA optimisation for n=5 took 32.39 seconds; started at stardate 1787573320.1510067 and finished at stardate 1787573352.539443
Finished QAOA for n=8 nodes, m=8 edges at 2026-08-24 14:09:12 on x86_64. Time taken: 32.39 seconds. Hours: 0.01 hours. Peak RAM: 0.29 MB.
Computing cycle approximation ratio
CSV writing for n=5 took 0.01 seconds; started at stardate 1787573352.5394516 and finished at stardate 1787573352.5494585
results: {5: 6.732941835168801}
durations: {8: 32.38844156265259}
Results saved to: Results/logs/adam/qaoa_results_adam_20260824_140738_pid2074994_Exp6_KingAmplifiedWithHeuristic_rerun2408.csv
Global end time: 1787573352.5494678
Finalisation time: 0.00 seconds; started at stardate 1787573352.549462 and finished at stardate 1787573352.5494723
Sum of all section times: 32.42 seconds
run_id: e594e462
