/home/i6408800/MasterThesis/QAOA/Code/Circuit.py:182: UserWarning: No classical warm-start cut provided for HAMQAOA; using random cut values for fourth HAMQAOA gate. This may lead to suboptimal performance and may be unintentional if a classical warm start was intended.
  warnings.warn(
Starting QAOA benchmark with global start time: 1784616461.5694242
Benchmark parameters: {'optimiser': 'adam', 'optimiser_use_heuristic': True, 'heuristic_optimiser_iterations': 1, 'heuristic_optimiser_sampleSize': 20, 'circuit_type': 'hamqaoa', 'parameter_vector': [1, 1, 1], 'iterations_list': [5, 10, 25, 50], 'learning_rate_adam': 0.01, 'depth_list': [1, 2], 'n_start': None, 'n_end': None, 'singlet_injection': False, 'start_index_singlet': None, 'warm_start': False, 'warm_start_mode': None, 'lasserre_level': None, 'initial_solver_level_M': None, 'sdp_seed': None, 'sdp_solver_mode': None, 'sdp_scs_eps': None, 'sdp_scs_max_iters': None, 'warm_start_corr_strength': None, 'warm_start_corr_repeats': None, 'compare_with_010101': False, 'init_QAOAparams_close_to_zero': False, 'use_correlations_as_initial_params': None, 'time_limit': None, 'failed_instance_termination_thrsh': None, 'graph_generation_type': 'hog', 'weighted': False, 'easiest_first': True, 'cpu_util_threshold': None, 'debug': False, 'save_circuit_svg': False, 'rerun_exclude_finished_instances': False, 'warm_start_cache_producer_only': False, 'qaoa_only_from_existing_warm_start_cache': False, 'optimiser_debug_iterations': None, 'num_repeats': 1, 'relative_graph_adjList_path': 'HOG_graphs/random_graphs_8to14vertices_78instances_20260625_143415_AdjacencyList.txt', 'persistent_warm_start_cache': False, 'warm_start_cache_dir': None, 'warm_start_cache_max_file_mb': None, 'warm_start_cache_max_total_gb': None, 'sdp_max_parallel': 0, 'qaoa_max_parallel': 32, 'sdp_threads': None, 'qaoa_threads': 1, 'sdp_memory_limit_total_gb': None, 'sdp_memory_limit_single_gb': None, 'sdp_memory_poll_seconds': None, 'sdp_max_retries': None, 'queue_poll_interval_seconds': 5}, Running QAOA with equal superposition
Benchmark run ID: 82d18eb6
Benchmark repeat index: 1
SDP seed override: None
Processor: x86_64
Hostname: dacsgpu0002
Total RAM (GB): None
Physical cores: 64
Logical cores: 64
Python version: 3.11.15
Initialisation time: 0.00 seconds; started at stardate {'initialisation': 0.0033566951751708984} and finished at stardate1784616461.5727894
Loaded HOG graph index 50 with 20 edges.
Instance generation for n=50 took 0.00 seconds; started at stardate 1784616461.572795 and finished at stardate 1784616461.5758543
Running QAOA for n=12 nodes, m=20 edges...; Max iterations: 10
Edges: [(5, 11), (2, 6), (0, 5), (0, 2), (5, 10), (2, 8), (2, 5), (2, 11), (1, 3), (0, 1), (0, 4), (0, 10), (0, 7), (6, 8), (2, 4), (3, 9), (2, 7), (7, 9), (0, 3), (0, 6)], weights: [1.0, 1.0, 1.0, 1.0, 1.0, 1.0, 1.0, 1.0, 1.0, 1.0, 1.0, 1.0, 1.0, 1.0, 1.0, 1.0, 1.0, 1.0, 1.0, 1.0], set of nodes: {0, 1, 2, 3, 4, 5, 6, 7, 8, 9, 10, 11}, n: 12 nodes, p: 1 layers, N_bayes: 10 iterations
Solving for uuid: 08af8bb8
No warm start: Default initial state is equal superposition
Running ADAM optimization with a single iteration (no debug loop)
6.467859870705719
QAOA optimisation for n=50 took 1.99 seconds; started at stardate 1784616461.5758588 and finished at stardate 1784616463.5673277
Finished QAOA for n=12 nodes, m=20 edges at 2026-07-21 08:47:43 on x86_64. Time taken: 1.99 seconds. Hours: 0.00 hours. Peak RAM: 0.21 MB.
Unknown graph type for approximation ratio calculation; checking misc CSV.
Checking optimal_results_misc.csv for matching edges and weights...
Found matching exact result in misc CSV: 10.095913301643497
CSV writing for n=50 took 0.00 seconds; started at stardate 1784616463.5673378 and finished at stardate 1784616463.570101
results: {50: 6.467859870705719}
durations: {12: 1.9914748668670654}
Results saved to: Results/logs/adam/qaoa_results_adam_20260721_083332_pid2841228.csv
Global end time: 1784616463.5701125
Finalisation time: 0.00 seconds; started at stardate 1784616463.5701044 and finished at stardate 1784616463.5701168
Sum of all section times: 2.00 seconds
run_id: 82d18eb6
