Starting QAOA benchmark with global start time: 1784083725.9987752
Benchmark parameters: {'optimiser': 'adam', 'optimiser_use_heuristic': True, 'heuristic_optimiser_iterations': 2, 'heuristic_optimiser_sampleSize': 1000, 'circuit_type': 'hamqaoa', 'parameter_vector': [1, 1, 1], 'iterations_list': [50], 'learning_rate_adam': 0.05, 'depth_list': [1, 3, 5], 'n_start': None, 'n_end': None, 'singlet_injection': False, 'start_index_singlet': None, 'warm_start': True, 'warm_start_mode': 'amplified', 'lasserre_level': 2, 'initial_solver_level_M': 2, 'sdp_seed': 46, 'sdp_solver_mode': 'scs', 'sdp_scs_eps': 1e-06, 'sdp_scs_max_iters': 100000, 'warm_start_corr_strength': None, 'warm_start_corr_repeats': None, 'compare_with_010101': False, 'init_QAOAparams_close_to_zero': False, 'use_correlations_as_initial_params': False, 'time_limit': None, 'failed_instance_termination_thrsh': None, 'graph_generation_type': 'hog', 'weighted': False, 'easiest_first': False, 'cpu_util_threshold': None, 'debug': False, 'save_circuit_svg': False, 'rerun_exclude_finished_instances': True, 'warm_start_cache_producer_only': True, 'qaoa_only_from_existing_warm_start_cache': False, 'optimiser_debug_iterations': None, 'num_repeats': 5, 'relative_graph_adjList_path': 'HOG_graphs/3regular_connected_74instances.txt', 'persistent_warm_start_cache': True, 'warm_start_cache_dir': 'Results/warm_start_cache/experiment_3', 'warm_start_cache_max_file_mb': 512, 'warm_start_cache_max_total_gb': 60, 'sdp_max_parallel': 32, 'qaoa_max_parallel': 0, 'sdp_threads': 1, 'qaoa_threads': 1, 'sdp_memory_limit_total_gb': 250, 'sdp_memory_limit_single_gb': 250, 'sdp_memory_poll_seconds': 5, 'sdp_max_retries': 3, 'queue_poll_interval_seconds': 5}, Running QAOA with equal superposition
Benchmark run ID: f6bd1386
Benchmark repeat index: 5
SDP seed override: 46
Processor: x86_64
Hostname: dacsgpu0002
Total RAM (GB): None
Physical cores: 64
Logical cores: 64
Python version: 3.11.15
Initialisation time: 0.01 seconds; started at stardate {'initialisation': 0.00848245620727539} and finished at stardate1784083726.0072658
Loaded HOG graph index 41 with 21 edges.
Instance generation for n=41 took 0.00 seconds; started at stardate 1784083726.0072715 and finished at stardate 1784083726.0094163
Running QAOA for n=9 nodes, m=21 edges...; Max iterations: 50
Warm-start: starting SDP solve for n_vertices=9
Warm-start: using configured sdp_seed=46
Using SCS solver for SDP with eps=1e-06, max_iters=100000.
SDP solver status: optimal
SDP solver name: SCS
SDP solver iterations: 3825
SDP solve time: 142.073486779
SDP extra stats: {'x': array([ 1.00000000e+00, -1.79204255e-13, -1.68706403e-13, ...,
        1.00000000e+00,  9.39582356e-18,  1.00000000e+00], shape=(62128,)), 'y': array([ 5.01518246e-02,  2.07737184e-02,  2.07737184e-02, ...,
        2.67864907e-02, -5.28943363e-14,  8.53912262e-02], shape=(173558,)), 's': array([ 0.00000000e+00,  0.00000000e+00,  0.00000000e+00, ...,
        9.99999939e-01, -1.52008323e-15,  1.00000003e+00], shape=(173558,)), 'info': {'status_val': 1, 'iter': 3825, 'scale_updates': 4, 'scale': 30.890577858145395, 'pobj': -10.519146098441647, 'dobj': -10.519146028702941, 'res_pri': 8.458559346671146e-07, 'res_dual': 1.482129171667424e-06, 'gap': 6.973870547710703e-08, 'res_infeas': nan, 'res_unbdd_a': 0.09506475056560815, 'res_unbdd_p': 0.0, 'comp_slack': 4.3196115837485196e-12, 'solve_time': 142073.486779, 'setup_time': 146.023096, 'lin_sys_time': 12223.768621000023, 'cone_time': 124677.09767199976, 'accel_time': 1025.0673979999924, 'rejected_accel_steps': 32, 'accepted_accel_steps': 2, 'status': 'solved'}}
Rounding...
Setting seed to 46
n_vertices: 9 for n = 27
Using seed 46 to generate random matrix for x.
Energy of rounded cut/product state: 11.74494991960172
Algorithm 17 lower-bound energy: 12.76754538270422
Algorithm 17 actual entangled-state energy: 12.093530203426834
SDP objective value: 21.019146098441645
12 in cut out of a total of 21 edges
Warm-start: SDP solve + rounding finished in 2712.36 seconds
Warm-start: using level-2 Algorithm 17 entangled statevector with shape (512,)
Warm-start cache: moment matrix before save shape=(352, 352), dtype=float64, entries=123904, bytes=991232 (0.95 MiB)
Warm-start cache: saved Results/warm_start_cache/experiment_3/3regular_connected_74instances__filehash_688b5b4e/hog_idx000041_4319159dd70e_seed46_L2_M2_amplified.npz in 0.0140 seconds
WARM_START_CACHE_PRODUCER_ONLY is set; warm-start cache has been produced/loaded. Exiting before QAOA optimisation.
