Starting QAOA benchmark with global start time: 1784073889.3952074
Benchmark parameters: {'optimiser': 'adam', 'optimiser_use_heuristic': True, 'heuristic_optimiser_iterations': 2, 'heuristic_optimiser_sampleSize': 1000, 'circuit_type': 'hamqaoa', 'parameter_vector': [1, 1, 1], 'iterations_list': [50], 'learning_rate_adam': 0.05, 'depth_list': [1, 3, 5], 'n_start': None, 'n_end': None, 'singlet_injection': False, 'start_index_singlet': None, 'warm_start': True, 'warm_start_mode': 'amplified', 'lasserre_level': 2, 'initial_solver_level_M': 2, 'sdp_seed': 43, 'sdp_solver_mode': 'scs', 'sdp_scs_eps': 1e-06, 'sdp_scs_max_iters': 100000, 'warm_start_corr_strength': None, 'warm_start_corr_repeats': None, 'compare_with_010101': False, 'init_QAOAparams_close_to_zero': False, 'use_correlations_as_initial_params': False, 'time_limit': None, 'failed_instance_termination_thrsh': None, 'graph_generation_type': 'hog', 'weighted': False, 'easiest_first': False, 'cpu_util_threshold': None, 'debug': False, 'save_circuit_svg': False, 'rerun_exclude_finished_instances': True, 'warm_start_cache_producer_only': True, 'qaoa_only_from_existing_warm_start_cache': False, 'optimiser_debug_iterations': None, 'num_repeats': 5, 'relative_graph_adjList_path': 'HOG_graphs/3regular_connected_74instances.txt', 'persistent_warm_start_cache': True, 'warm_start_cache_dir': 'Results/warm_start_cache/experiment_3', 'warm_start_cache_max_file_mb': 512, 'warm_start_cache_max_total_gb': 60, 'sdp_max_parallel': 32, 'qaoa_max_parallel': 0, 'sdp_threads': 1, 'qaoa_threads': 1, 'sdp_memory_limit_total_gb': 250, 'sdp_memory_limit_single_gb': 250, 'sdp_memory_poll_seconds': 5, 'sdp_max_retries': 3, 'queue_poll_interval_seconds': 5}, Running QAOA with equal superposition
Benchmark run ID: 6d1d4626
Benchmark repeat index: 2
SDP seed override: 43
Processor: x86_64
Hostname: dacsgpu0002
Total RAM (GB): None
Physical cores: 64
Logical cores: 64
Python version: 3.11.15
Initialisation time: 0.01 seconds; started at stardate {'initialisation': 0.010134458541870117} and finished at stardate1784073889.4053557
Loaded HOG graph index 38 with 24 edges.
Instance generation for n=38 took 0.00 seconds; started at stardate 1784073889.4053648 and finished at stardate 1784073889.4084368
Running QAOA for n=9 nodes, m=24 edges...; Max iterations: 50
Warm-start: starting SDP solve for n_vertices=9
Warm-start: using configured sdp_seed=43
Using SCS solver for SDP with eps=1e-06, max_iters=100000.
SDP solver status: optimal
SDP solver name: SCS
SDP solver iterations: 1275
SDP solve time: 61.943226626000005
SDP extra stats: {'x': array([ 1.00000000e+00,  1.77307629e-12,  8.08962680e-13, ...,
        1.00000000e+00, -4.57774738e-18,  1.00000000e+00], shape=(62128,)), 'y': array([ 3.10658105e-02,  1.28678966e-02,  1.28678966e-02, ...,
        5.13979146e-03, -3.75509344e-14,  6.28789736e-02], shape=(173558,)), 's': array([0.00000000e+00, 0.00000000e+00, 0.00000000e+00, ...,
       9.99999996e-01, 1.52378963e-15, 9.99999944e-01], shape=(173558,)), 'info': {'status_val': 1, 'iter': 1275, 'scale_updates': 2, 'scale': 1.524117124977421, 'pobj': -8.897675787240166, 'dobj': -8.89767552992141, 'res_pri': 8.023735949578472e-07, 'res_dual': 3.8590360367219754e-07, 'gap': 2.573187565246826e-07, 'res_infeas': nan, 'res_unbdd_a': 0.11238890064448254, 'res_unbdd_p': 0.0, 'comp_slack': 3.018976592648285e-11, 'solve_time': 61943.226626, 'setup_time': 140.055555, 'lin_sys_time': 4322.816049000006, 'cone_time': 55892.54753400006, 'accel_time': 356.28061300000047, 'rejected_accel_steps': 9, 'accepted_accel_steps': 2, 'status': 'solved'}}
Rounding...
Setting seed to 43
n_vertices: 9 for n = 27
Using seed 43 to generate random matrix for x.
Energy of rounded cut/product state: 15.057956775695656
Algorithm 17 lower-bound energy: 13.087346247737688
Algorithm 17 actual entangled-state energy: 15.358977735408791
SDP objective value: 20.89767578724017
14 in cut out of a total of 24 edges
Warm-start: SDP solve + rounding finished in 2622.42 seconds
Warm-start: using level-2 Algorithm 17 entangled statevector with shape (512,)
Warm-start cache: moment matrix before save shape=(352, 352), dtype=float64, entries=123904, bytes=991232 (0.95 MiB)
Warm-start cache: saved Results/warm_start_cache/experiment_3/3regular_connected_74instances__filehash_688b5b4e/hog_idx000038_8a546afbfd4c_seed43_L2_M2_amplified.npz in 0.0126 seconds
WARM_START_CACHE_PRODUCER_ONLY is set; warm-start cache has been produced/loaded. Exiting before QAOA optimisation.
