Starting QAOA benchmark with global start time: 1784068047.646594
Benchmark parameters: {'optimiser': 'adam', 'optimiser_use_heuristic': True, 'heuristic_optimiser_iterations': 2, 'heuristic_optimiser_sampleSize': 1000, 'circuit_type': 'hamqaoa', 'parameter_vector': [1, 1, 1], 'iterations_list': [50], 'learning_rate_adam': 0.05, 'depth_list': [1, 3, 5], 'n_start': None, 'n_end': None, 'singlet_injection': False, 'start_index_singlet': None, 'warm_start': True, 'warm_start_mode': 'amplified', 'lasserre_level': 2, 'initial_solver_level_M': 2, 'sdp_seed': 45, 'sdp_solver_mode': 'scs', 'sdp_scs_eps': 1e-06, 'sdp_scs_max_iters': 100000, 'warm_start_corr_strength': None, 'warm_start_corr_repeats': None, 'compare_with_010101': False, 'init_QAOAparams_close_to_zero': False, 'use_correlations_as_initial_params': False, 'time_limit': None, 'failed_instance_termination_thrsh': None, 'graph_generation_type': 'hog', 'weighted': False, 'easiest_first': False, 'cpu_util_threshold': None, 'debug': False, 'save_circuit_svg': False, 'rerun_exclude_finished_instances': True, 'warm_start_cache_producer_only': True, 'qaoa_only_from_existing_warm_start_cache': False, 'optimiser_debug_iterations': None, 'num_repeats': 5, 'relative_graph_adjList_path': 'HOG_graphs/3regular_connected_74instances.txt', 'persistent_warm_start_cache': True, 'warm_start_cache_dir': 'Results/warm_start_cache/experiment_3', 'warm_start_cache_max_file_mb': 512, 'warm_start_cache_max_total_gb': 60, 'sdp_max_parallel': 32, 'qaoa_max_parallel': 0, 'sdp_threads': 1, 'qaoa_threads': 1, 'sdp_memory_limit_total_gb': 250, 'sdp_memory_limit_single_gb': 250, 'sdp_memory_poll_seconds': 5, 'sdp_max_retries': 3, 'queue_poll_interval_seconds': 5}, Running QAOA with equal superposition
Benchmark run ID: cb5679da
Benchmark repeat index: 4
SDP seed override: 45
Processor: x86_64
Hostname: dacsgpu0002
Total RAM (GB): None
Physical cores: 64
Logical cores: 64
Python version: 3.11.15
Initialisation time: 0.02 seconds; started at stardate {'initialisation': 0.02318263053894043} and finished at stardate1784068047.6697853
Loaded HOG graph index 54 with 15 edges.
Instance generation for n=54 took 0.00 seconds; started at stardate 1784068047.6697922 and finished at stardate 1784068047.6721516
Running QAOA for n=7 nodes, m=15 edges...; Max iterations: 50
Warm-start: starting SDP solve for n_vertices=7
Warm-start: using configured sdp_seed=45
Using SCS solver for SDP with eps=1e-06, max_iters=100000.
SDP solver status: optimal
SDP solver name: SCS
SDP solver iterations: 2325
SDP solve time: 26.495379044
SDP extra stats: {'x': array([ 1.00000000e+00, -1.71016768e-15,  2.81811558e-15, ...,
        1.00000000e+00, -4.77662666e-18,  1.00000000e+00], shape=(22366,)), 'y': array([5.69652212e-02, 2.35957999e-02, 2.35957999e-02, ...,
       1.56416337e-02, 2.87030615e-16, 4.36860034e-02], shape=(63107,)), 's': array([0.00000000e+00, 0.00000000e+00, 0.00000000e+00, ...,
       9.99999989e-01, 5.38396013e-16, 1.00000005e+00], shape=(63107,)), 'info': {'status_val': 1, 'iter': 2325, 'scale_updates': 2, 'scale': 2.7422359907065177, 'pobj': -7.595632305024779, 'dobj': -7.595632021532225, 'res_pri': 1.7561929764412694e-06, 'res_dual': 2.4284122764297416e-07, 'gap': 2.834925538763855e-07, 'res_infeas': nan, 'res_unbdd_a': 0.13165460885135996, 'res_unbdd_p': 0.0, 'comp_slack': 1.3515006758696701e-11, 'solve_time': 26495.379044, 'setup_time': 40.497292, 'lin_sys_time': 2456.916109000006, 'cone_time': 23161.106643000014, 'accel_time': 194.79082300000525, 'rejected_accel_steps': 19, 'accepted_accel_steps': 0, 'status': 'solved'}}
Rounding...
Setting seed to 45
n_vertices: 7 for n = 21
Using seed 45 to generate random matrix for x.
Energy of rounded cut/product state: 11.292659075717435
Algorithm 17 lower-bound energy: 9.138535234279201
Algorithm 17 actual entangled-state energy: 11.732359786616627
SDP objective value: 15.095632305024779
9 in cut out of a total of 15 edges
Warm-start: SDP solve + rounding finished in 289.48 seconds
Warm-start: using level-2 Algorithm 17 entangled statevector with shape (128,)
Warm-start cache: moment matrix before save shape=(211, 211), dtype=float64, entries=44521, bytes=356168 (0.34 MiB)
Warm-start cache: saved Results/warm_start_cache/experiment_3/3regular_connected_74instances__filehash_688b5b4e/hog_idx000054_b24a82214fe1_seed45_L2_M2_amplified.npz in 0.0115 seconds
WARM_START_CACHE_PRODUCER_ONLY is set; warm-start cache has been produced/loaded. Exiting before QAOA optimisation.
