Starting QAOA benchmark with global start time: 1784084647.6666448
Benchmark parameters: {'optimiser': 'adam', 'optimiser_use_heuristic': True, 'heuristic_optimiser_iterations': 2, 'heuristic_optimiser_sampleSize': 1000, 'circuit_type': 'hamqaoa', 'parameter_vector': [1, 1, 1], 'iterations_list': [50], 'learning_rate_adam': 0.05, 'depth_list': [1, 3, 5], 'n_start': None, 'n_end': None, 'singlet_injection': False, 'start_index_singlet': None, 'warm_start': True, 'warm_start_mode': 'amplified', 'lasserre_level': 2, 'initial_solver_level_M': 2, 'sdp_seed': 44, 'sdp_solver_mode': 'scs', 'sdp_scs_eps': 1e-06, 'sdp_scs_max_iters': 100000, 'warm_start_corr_strength': None, 'warm_start_corr_repeats': None, 'compare_with_010101': False, 'init_QAOAparams_close_to_zero': False, 'use_correlations_as_initial_params': False, 'time_limit': None, 'failed_instance_termination_thrsh': None, 'graph_generation_type': 'hog', 'weighted': False, 'easiest_first': False, 'cpu_util_threshold': None, 'debug': False, 'save_circuit_svg': False, 'rerun_exclude_finished_instances': True, 'warm_start_cache_producer_only': True, 'qaoa_only_from_existing_warm_start_cache': False, 'optimiser_debug_iterations': None, 'num_repeats': 5, 'relative_graph_adjList_path': 'HOG_graphs/3regular_connected_74instances.txt', 'persistent_warm_start_cache': True, 'warm_start_cache_dir': 'Results/warm_start_cache/experiment_3', 'warm_start_cache_max_file_mb': 512, 'warm_start_cache_max_total_gb': 60, 'sdp_max_parallel': 32, 'qaoa_max_parallel': 0, 'sdp_threads': 1, 'qaoa_threads': 1, 'sdp_memory_limit_total_gb': 250, 'sdp_memory_limit_single_gb': 250, 'sdp_memory_poll_seconds': 5, 'sdp_max_retries': 3, 'queue_poll_interval_seconds': 5}, Running QAOA with equal superposition
Benchmark run ID: 7fa42be6
Benchmark repeat index: 3
SDP seed override: 44
Processor: x86_64
Hostname: dacsgpu0002
Total RAM (GB): None
Physical cores: 64
Logical cores: 64
Python version: 3.11.15
Initialisation time: 0.00 seconds; started at stardate {'initialisation': 0.003216266632080078} and finished at stardate1784084647.6698744
Loaded HOG graph index 36 with 21 edges.
Instance generation for n=36 took 0.00 seconds; started at stardate 1784084647.669881 and finished at stardate 1784084647.672283
Running QAOA for n=8 nodes, m=21 edges...; Max iterations: 50
Warm-start: starting SDP solve for n_vertices=8
Warm-start: using configured sdp_seed=44
Using SCS solver for SDP with eps=1e-06, max_iters=100000.
SDP solver status: optimal
SDP solver name: SCS
SDP solver iterations: 225
SDP solve time: 5.6876183199999994
SDP extra stats: {'x': array([ 1.00000000e+00,  1.05426936e-15, -8.97565321e-16, ...,
        1.00000000e+00, -9.56916105e-18,  1.00000000e+00], shape=(38503,)), 'y': array([3.22937845e-02, 1.41121619e-02, 1.41121619e-02, ...,
       8.91991003e-03, 4.95179978e-17, 3.04657769e-02], shape=(108050,)), 's': array([0.00000000e+00, 0.00000000e+00, 0.00000000e+00, ...,
       9.99999994e-01, 1.44542855e-15, 9.99999986e-01], shape=(108050,)), 'info': {'status_val': 1, 'iter': 225, 'scale_updates': 0, 'scale': 0.1, 'pobj': -8.500000018351592, 'dobj': -8.500000009181107, 'res_pri': 2.846838969073943e-08, 'res_dual': 3.4847434035833795e-09, 'gap': 9.170484815967939e-09, 'res_infeas': nan, 'res_unbdd_a': 0.117647058572079, 'res_unbdd_p': 0.0, 'comp_slack': 5.944526990351766e-12, 'solve_time': 5687.61832, 'setup_time': 85.280232, 'lin_sys_time': 462.2924180000002, 'cone_time': 5027.965522000001, 'accel_time': 36.511046999999955, 'rejected_accel_steps': 1, 'accepted_accel_steps': 1, 'status': 'solved'}}
Rounding...
Setting seed to 44
n_vertices: 8 for n = 24
Using seed 44 to generate random matrix for x.
Energy of rounded cut/product state: 13.260728863318068
Algorithm 17 lower-bound energy: 11.678184571397644
Algorithm 17 actual entangled-state energy: 13.455415021568564
SDP objective value: 19.000000018351592
14 in cut out of a total of 21 edges
Warm-start: SDP solve + rounding finished in 1113.62 seconds
Warm-start: using level-2 Algorithm 17 entangled statevector with shape (256,)
Warm-start cache: moment matrix before save shape=(277, 277), dtype=float64, entries=76729, bytes=613832 (0.59 MiB)
Warm-start cache: saved Results/warm_start_cache/experiment_3/3regular_connected_74instances__filehash_688b5b4e/hog_idx000036_60bbe39cc295_seed44_L2_M2_amplified.npz in 0.0096 seconds
WARM_START_CACHE_PRODUCER_ONLY is set; warm-start cache has been produced/loaded. Exiting before QAOA optimisation.
