Starting QAOA benchmark with global start time: 1784070483.9104512
Benchmark parameters: {'optimiser': 'adam', 'optimiser_use_heuristic': True, 'heuristic_optimiser_iterations': 2, 'heuristic_optimiser_sampleSize': 1000, 'circuit_type': 'hamqaoa', 'parameter_vector': [1, 1, 1], 'iterations_list': [50], 'learning_rate_adam': 0.05, 'depth_list': [1, 3, 5], 'n_start': None, 'n_end': None, 'singlet_injection': False, 'start_index_singlet': None, 'warm_start': True, 'warm_start_mode': 'amplified', 'lasserre_level': 2, 'initial_solver_level_M': 2, 'sdp_seed': 44, 'sdp_solver_mode': 'scs', 'sdp_scs_eps': 1e-06, 'sdp_scs_max_iters': 100000, 'warm_start_corr_strength': None, 'warm_start_corr_repeats': None, 'compare_with_010101': False, 'init_QAOAparams_close_to_zero': False, 'use_correlations_as_initial_params': False, 'time_limit': None, 'failed_instance_termination_thrsh': None, 'graph_generation_type': 'hog', 'weighted': False, 'easiest_first': False, 'cpu_util_threshold': None, 'debug': False, 'save_circuit_svg': False, 'rerun_exclude_finished_instances': True, 'warm_start_cache_producer_only': True, 'qaoa_only_from_existing_warm_start_cache': False, 'optimiser_debug_iterations': None, 'num_repeats': 5, 'relative_graph_adjList_path': 'HOG_graphs/3regular_connected_74instances.txt', 'persistent_warm_start_cache': True, 'warm_start_cache_dir': 'Results/warm_start_cache/experiment_3', 'warm_start_cache_max_file_mb': 512, 'warm_start_cache_max_total_gb': 60, 'sdp_max_parallel': 32, 'qaoa_max_parallel': 0, 'sdp_threads': 1, 'qaoa_threads': 1, 'sdp_memory_limit_total_gb': 250, 'sdp_memory_limit_single_gb': 250, 'sdp_memory_poll_seconds': 5, 'sdp_max_retries': 3, 'queue_poll_interval_seconds': 5}, Running QAOA with equal superposition
Benchmark run ID: e92bbaff
Benchmark repeat index: 3
SDP seed override: 44
Processor: x86_64
Hostname: dacsgpu0002
Total RAM (GB): None
Physical cores: 64
Logical cores: 64
Python version: 3.11.15
Initialisation time: 0.02 seconds; started at stardate {'initialisation': 0.019645214080810547} and finished at stardate1784070483.9301112
Loaded HOG graph index 42 with 17 edges.
Instance generation for n=42 took 0.00 seconds; started at stardate 1784070483.9301188 and finished at stardate 1784070483.9326174
Running QAOA for n=8 nodes, m=17 edges...; Max iterations: 50
Warm-start: starting SDP solve for n_vertices=8
Warm-start: using configured sdp_seed=44
Using SCS solver for SDP with eps=1e-06, max_iters=100000.
SDP solver status: optimal
SDP solver name: SCS
SDP solver iterations: 7400
SDP solve time: 148.77479817100001
SDP extra stats: {'x': array([1.00000000e+00, 7.02854401e-14, 1.29463018e-13, ...,
       1.00000000e+00, 6.97277415e-18, 1.00000000e+00], shape=(38503,)), 'y': array([4.70731863e-02, 1.94983740e-02, 1.94983740e-02, ...,
       3.23632986e-02, 4.35347795e-15, 3.46157470e-01], shape=(108050,)), 's': array([0.00000000e+00, 0.00000000e+00, 0.00000000e+00, ...,
       9.99999743e-01, 1.43929762e-15, 1.00000037e+00], shape=(108050,)), 'info': {'status_val': 1, 'iter': 7400, 'scale_updates': 2, 'scale': 2.2152613334556226, 'pobj': -9.500016592042611, 'dobj': -9.500016371269565, 'res_pri': 1.999751593487827e-06, 'res_dual': 8.828517515265568e-08, 'gap': 2.2077304606682446e-07, 'res_infeas': nan, 'res_unbdd_a': 0.10526297406598731, 'res_unbdd_p': 0.0, 'comp_slack': 1.4133528947398227e-11, 'solve_time': 148774.798171, 'setup_time': 81.057934, 'lin_sys_time': 13295.106375999954, 'cone_time': 130363.39643800004, 'accel_time': 1014.0087030000516, 'rejected_accel_steps': 65, 'accepted_accel_steps': 1, 'status': 'solved'}}
Rounding...
Setting seed to 44
n_vertices: 8 for n = 24
Using seed 44 to generate random matrix for x.
Energy of rounded cut/product state: 13.236560051032424
Algorithm 17 lower-bound energy: 10.865112003276788
Algorithm 17 actual entangled-state energy: 13.735382817450796
SDP objective value: 18.00001659204261
15 in cut out of a total of 17 edges
Warm-start: SDP solve + rounding finished in 1142.12 seconds
Warm-start: using level-2 Algorithm 17 entangled statevector with shape (256,)
Warm-start cache: moment matrix before save shape=(277, 277), dtype=float64, entries=76729, bytes=613832 (0.59 MiB)
Warm-start cache: saved Results/warm_start_cache/experiment_3/3regular_connected_74instances__filehash_688b5b4e/hog_idx000042_ce8c3a8c73a2_seed44_L2_M2_amplified.npz in 0.0084 seconds
WARM_START_CACHE_PRODUCER_ONLY is set; warm-start cache has been produced/loaded. Exiting before QAOA optimisation.
