Starting QAOA benchmark with global start time: 1784090695.1847782
Benchmark parameters: {'optimiser': 'adam', 'optimiser_use_heuristic': True, 'heuristic_optimiser_iterations': 2, 'heuristic_optimiser_sampleSize': 1000, 'circuit_type': 'hamqaoa', 'parameter_vector': [1, 1, 1], 'iterations_list': [50], 'learning_rate_adam': 0.05, 'depth_list': [1, 3, 5], 'n_start': None, 'n_end': None, 'singlet_injection': False, 'start_index_singlet': None, 'warm_start': True, 'warm_start_mode': 'amplified', 'lasserre_level': 2, 'initial_solver_level_M': 2, 'sdp_seed': 46, 'sdp_solver_mode': 'scs', 'sdp_scs_eps': 1e-06, 'sdp_scs_max_iters': 100000, 'warm_start_corr_strength': None, 'warm_start_corr_repeats': None, 'compare_with_010101': False, 'init_QAOAparams_close_to_zero': False, 'use_correlations_as_initial_params': False, 'time_limit': None, 'failed_instance_termination_thrsh': None, 'graph_generation_type': 'hog', 'weighted': False, 'easiest_first': False, 'cpu_util_threshold': None, 'debug': False, 'save_circuit_svg': False, 'rerun_exclude_finished_instances': True, 'warm_start_cache_producer_only': True, 'qaoa_only_from_existing_warm_start_cache': False, 'optimiser_debug_iterations': None, 'num_repeats': 5, 'relative_graph_adjList_path': 'HOG_graphs/3regular_connected_74instances.txt', 'persistent_warm_start_cache': True, 'warm_start_cache_dir': 'Results/warm_start_cache/experiment_3', 'warm_start_cache_max_file_mb': 512, 'warm_start_cache_max_total_gb': 60, 'sdp_max_parallel': 32, 'qaoa_max_parallel': 0, 'sdp_threads': 1, 'qaoa_threads': 1, 'sdp_memory_limit_total_gb': 250, 'sdp_memory_limit_single_gb': 250, 'sdp_memory_poll_seconds': 5, 'sdp_max_retries': 3, 'queue_poll_interval_seconds': 5}, Running QAOA with equal superposition
Benchmark run ID: ed7486c7
Benchmark repeat index: 5
SDP seed override: 46
Processor: x86_64
Hostname: dacsgpu0002
Total RAM (GB): None
Physical cores: 64
Logical cores: 64
Python version: 3.11.15
Initialisation time: 0.03 seconds; started at stardate {'initialisation': 0.025299072265625} and finished at stardate1784090695.2100916
Loaded HOG graph index 49 with 22 edges.
Instance generation for n=49 took 0.00 seconds; started at stardate 1784090695.2101 and finished at stardate 1784090695.212916
Running QAOA for n=9 nodes, m=22 edges...; Max iterations: 50
Warm-start: starting SDP solve for n_vertices=9
Warm-start: using configured sdp_seed=46
Using SCS solver for SDP with eps=1e-06, max_iters=100000.
SDP solver status: optimal
SDP solver name: SCS
SDP solver iterations: 675
SDP solve time: 19.480790885999998
SDP extra stats: {'x': array([ 1.00000000e+00, -8.48697185e-15,  1.37968123e-13, ...,
        1.00000000e+00, -9.19028239e-16,  1.00000000e+00], shape=(62128,)), 'y': array([2.70529699e-02, 1.12057157e-02, 1.12057157e-02, ...,
       1.68702017e-02, 3.57951876e-13, 4.41360666e-02], shape=(173558,)), 's': array([0.00000000e+00, 0.00000000e+00, 0.00000000e+00, ...,
       1.00000007e+00, 3.91801738e-14, 9.99999958e-01], shape=(173558,)), 'info': {'status_val': 1, 'iter': 675, 'scale_updates': 2, 'scale': 1.791167711255664, 'pobj': -9.340726269663062, 'dobj': -9.340726154379825, 'res_pri': 9.503278360602485e-07, 'res_dual': 8.061596446469863e-07, 'gap': 1.1528323717868716e-07, 'res_infeas': nan, 'res_unbdd_a': 0.10705805643151955, 'res_unbdd_p': 0.0, 'comp_slack': 3.065351103231518e-11, 'solve_time': 19480.790886, 'setup_time': 79.2288, 'lin_sys_time': 1537.2721270000004, 'cone_time': 17418.82727100001, 'accel_time': 101.885144, 'rejected_accel_steps': 4, 'accepted_accel_steps': 2, 'status': 'solved'}}
Rounding...
Setting seed to 46
n_vertices: 9 for n = 27
Using seed 46 to generate random matrix for x.
Energy of rounded cut/product state: 14.403709799431661
Algorithm 17 lower-bound energy: 12.353618265465741
Algorithm 17 actual entangled-state energy: 14.60853767618617
SDP objective value: 20.34072626966306
15 in cut out of a total of 22 edges
Warm-start: SDP solve + rounding finished in 1592.99 seconds
Warm-start: using level-2 Algorithm 17 entangled statevector with shape (512,)
Warm-start cache: moment matrix before save shape=(352, 352), dtype=float64, entries=123904, bytes=991232 (0.95 MiB)
Warm-start cache: saved Results/warm_start_cache/experiment_3/3regular_connected_74instances__filehash_688b5b4e/hog_idx000049_484c7f499754_seed46_L2_M2_amplified.npz in 0.0112 seconds
WARM_START_CACHE_PRODUCER_ONLY is set; warm-start cache has been produced/loaded. Exiting before QAOA optimisation.
