Starting QAOA benchmark with global start time: 1782474977.2379415
Benchmark parameters: {'optimiser': 'exact', 'optimiser_use_heuristic': None, 'heuristic_optimiser_iterations': None, 'heuristic_optimiser_sampleSize': None, 'circuit_type': 'HOG', 'parameter_vector': None, 'iterations_list': None, 'learning_rate_adam': None, 'depth_list': None, 'n_start': 0, 'n_end': 77, 'graph_generation_type': 'hog', 'singlet_injection': None, 'start_index_singlet': None, 'warm_start': None, 'warm_start_mode': None, 'lasserre_level': None, 'initial_solver_level_M': None, 'sdp_seed': None, 'warm_start_corr_strength': None, 'warm_start_corr_repeats': None, 'warm_start_correlations': None, 'compare_with_010101': None, 'init_QAOAparams_close_to_zero': None, 'use_correlations_as_initial_params': None, 'time_limit': 10800, 'failed_instance_termination_thrsh': 10, 'weighted': False, 'easiest_first': True, 'cpu_util_threshold': None, 'debug': False, 'save_circuit_svg': False, 'rerun_exclude_finished_instances': False, 'optimiser_debug_iterations': None, 'num_repeats': 1, 'relative_graph_adjList_path': 'HOG_graphs/random_graphs_8to14vertices_78instances_20260625_143415_AdjacencyList.txt'}, Running QAOA with equal superposition
Benchmark run ID: 5734423d
Benchmark repeat index: 1
SDP seed override: None
Processor: x86_64
Hostname: dacsgpu0003
Total RAM (GB): None
Physical cores: 64
Logical cores: 64
Python version: 3.11.15
Initialisation time: 0.00 seconds; started at stardate {'initialisation': 0.002446889877319336} and finished at stardate1782474977.2403955
Loaded HOG graph index 45 with 23 edges.
Instance generation for n=45 took 0.00 seconds; started at stardate 1782474977.2404017 and finished at stardate 1782474977.2435265
Running QAOA for n=12 nodes, m=23 edges...; Max iterations: 0
Edges: [(5, 11), (2, 6), (3, 11), (2, 9), (1, 4), (0, 8), (1, 7), (0, 11), (4, 5), (3, 7), (2, 5), (4, 8), (3, 10), (7, 10), (5, 9), (3, 6), (2, 10), (3, 9), (7, 9), (1, 8), (1, 5), (1, 11), (0, 9)], weights: [1.0, 1.0, 1.0, 1.0, 1.0, 1.0, 1.0, 1.0, 1.0, 1.0, 1.0, 1.0, 1.0, 1.0, 1.0, 1.0, 1.0, 1.0, 1.0, 1.0, 1.0, 1.0, 1.0], set of nodes: {0, 1, 2, 3, 4, 5, 6, 7, 8, 9, 10, 11}, n: 12 nodes, p: 0 layers, N_bayes: 0 iterations
Solving for uuid: 18483432
No warm start: Default initial state is equal superposition
Building standard QAOA circuit with 2 parameter types (γ and β)
12.144173766467427
QAOA optimisation for n=45 took 0.07 seconds; started at stardate 1782474977.2435315 and finished at stardate 1782474977.3122528
Finished QAOA for n=12 nodes, m=23 edges at 2026-06-26 13:56:17 on x86_64. Time taken: 0.07 seconds. Hours: 0.00 hours. Peak RAM: 0.21 MB.
Unknown graph type for approximation ratio calculation; checking misc CSV.
Checking optimal_results_misc.csv for matching edges and weights...
Found matching exact result in misc CSV: 12.144173766467427
CSV writing for n=45 took 0.01 seconds; started at stardate 1782474977.3122582 and finished at stardate 1782474977.3207583
results: {45: 12.144173766467427}
durations: {12: 0.0687255859375}
Results saved to: Results/logs/exact/qaoa_results_exact_20260626_135539_pid1588178.csv
Global end time: 1782474977.3207648
Finalisation time: 0.00 seconds; started at stardate 1782474977.3207603 and finished at stardate 1782474977.3207674
Sum of all section times: 0.08 seconds
run_id: 5734423d
