Starting QAOA benchmark with global start time: 1787871838.408185
Benchmark parameters: {'optimiser': 'adam', 'optimiser_use_heuristic': False, 'heuristic_optimiser_iterations': None, 'heuristic_optimiser_sampleSize': None, 'circuit_type': 'hamqaoa', 'parameter_vector': [1, 1, 1], 'iterations_list': [75], 'learning_rate_adam': 0.001, 'depth_list': [1, 2, 3, 4, 5], 'n_start': None, 'n_end': None, 'singlet_injection': False, 'start_index_singlet': None, 'warm_start': True, 'warm_start_mode': 'standard', 'lasserre_level': 1, 'initial_solver_level_M': 1, 'sdp_seed': 42, 'sdp_solver_mode': 'scs', 'sdp_scs_eps': 1e-06, 'sdp_scs_max_iters': 100000, 'warm_start_corr_strength': None, 'warm_start_corr_repeats': None, 'compare_with_010101': False, 'init_QAOAparams_close_to_zero': False, 'use_correlations_as_initial_params': False, 'time_limit': None, 'failed_instance_termination_thrsh': None, 'graph_generation_type': 'hog', 'weighted': False, 'easiest_first': False, 'cpu_util_threshold': None, 'debug': False, 'save_circuit_svg': False, 'rerun_exclude_finished_instances': False, 'warm_start_cache_producer_only': False, 'qaoa_only_from_existing_warm_start_cache': True, 'optimiser_debug_iterations': None, 'num_repeats': 1, 'relative_graph_adjList_path': 'HOG_graphs/Exp5/list_193_graphs_adjacency_listhog_v04-12_planar_clawFree.txt', 'persistent_warm_start_cache': True, 'warm_start_cache_dir': 'Results/warm_start_cache', 'warm_start_cache_max_file_mb': 512, 'warm_start_cache_max_total_gb': 60, 'sdp_max_parallel': 0, 'qaoa_max_parallel': 16, 'sdp_threads': 1, 'qaoa_threads': 1, 'sdp_memory_limit_total_gb': 0, 'sdp_memory_limit_single_gb': 0, 'sdp_memory_poll_seconds': 5, 'sdp_max_retries': 0, 'queue_poll_interval_seconds': 5, 'max_graph_vertices': 10, 'completed_result_csv_paths': [], 'qaoa_seed': 42, 'initialise_standard_warm_start_with_zero_angles': True, 'result_name_suffix': '_Exp8_standardZeroAngles_v2'}, Running QAOA with equal superposition
Benchmark run ID: e9ab6d48
Benchmark repeat index: 1
Configured SDP rounding seed: 42
QAOA seed used: 42
Processor: x86_64
Hostname: dacsgpu0003
Total RAM (GB): None
Physical cores: 64
Logical cores: 64
Python version: 3.11.15
Initialisation time: 0.02 seconds; started at stardate {'initialisation': 0.02066206932067871} and finished at stardate1787871838.4288647
Loaded HOG graph index 30 with 7 edges.
Instance generation for n=30 took 0.00 seconds; started at stardate 1787871838.4288719 and finished at stardate 1787871838.432808
Running QAOA for n=7 nodes, m=7 edges...; Max iterations: 75
Warm-start cache: loading Results/warm_start_cache/list_193_graphs_adjacency_listhog_v04-12_planar_clawFree__filehash_62ae5075/hog_idx000030_997a3b1346aa_seed42_L1_M1_amplified.npz
Warm-start cache: loaded in 0.0027 seconds; effective compute time=0.09384417533874512
Edges: [(0, 1), (2, 6), (3, 5), (4, 6), (3, 4), (1, 5), (0, 2)], weights: [1.0, 1.0, 1.0, 1.0, 1.0, 1.0, 1.0], set of nodes: {0, 1, 2, 3, 4, 5, 6}, n: 7 nodes, p: 5 layers, N_bayes: 75 iterations
Solving for uuid: 5f196850
Initial state injected as warm start
Running ADAM optimization with a single iteration (no debug loop)
3.3217321836487543
QAOA optimisation for n=30 took 34.98 seconds; started at stardate 1787871838.4328122 and finished at stardate 1787871873.4084194
Finished QAOA for n=7 nodes, m=7 edges at 2026-08-28 01:04:33 on x86_64. Time taken: 34.98 seconds. Hours: 0.01 hours. Peak RAM: 0.27 MB.
Computing cycle approximation ratio
CSV writing for n=30 took 0.02 seconds; started at stardate 1787871873.408428 and finished at stardate 1787871873.4279904
results: {30: 3.3217321836487543}
durations: {7: 34.9756121635437}
Results saved to: Results/logs/adam/qaoa_results_adam_20260827_233737_pid3507592_Exp8_standardZeroAngles_v2.csv
Global end time: 1787871873.428005
Finalisation time: 0.00 seconds; started at stardate 1787871873.4279966 and finished at stardate 1787871873.4280093
Sum of all section times: 35.02 seconds
run_id: e9ab6d48
