Starting QAOA benchmark with global start time: 1786212903.185985
Benchmark parameters: {'optimiser': 'adam', 'optimiser_use_heuristic': False, 'heuristic_optimiser_iterations': None, 'heuristic_optimiser_sampleSize': None, 'circuit_type': 'hamqaoa', 'parameter_vector': [1, 1, 1], 'iterations_list': [50], 'learning_rate_adam': 0.01, 'depth_list': [1, 2, 3, 5], 'n_start': None, 'n_end': None, 'singlet_injection': False, 'start_index_singlet': None, 'warm_start': True, 'warm_start_mode': 'standard', 'lasserre_level': 1, 'initial_solver_level_M': 1, 'sdp_seed': None, 'sdp_solver_mode': 'scs', 'sdp_scs_eps': 1e-06, 'sdp_scs_max_iters': 100000, 'warm_start_corr_strength': None, 'warm_start_corr_repeats': None, 'compare_with_010101': False, 'init_QAOAparams_close_to_zero': False, 'use_correlations_as_initial_params': False, 'time_limit': None, 'failed_instance_termination_thrsh': None, 'graph_generation_type': 'hog', 'weighted': False, 'easiest_first': False, 'cpu_util_threshold': None, 'debug': False, 'save_circuit_svg': False, 'rerun_exclude_finished_instances': True, 'warm_start_cache_producer_only': False, 'qaoa_only_from_existing_warm_start_cache': True, 'optimiser_debug_iterations': None, 'num_repeats': 1, 'relative_graph_adjList_path': 'HOG_graphs/Exp5/list_193_graphs_adjacency_listhog_v04-12_planar_clawFree.txt', 'persistent_warm_start_cache': True, 'warm_start_cache_dir': 'Results/warm_start_cache', 'warm_start_cache_max_file_mb': 512, 'warm_start_cache_max_total_gb': 60, 'sdp_max_parallel': 0, 'qaoa_max_parallel': 16, 'sdp_threads': 1, 'qaoa_threads': 1, 'sdp_memory_limit_total_gb': 0, 'sdp_memory_limit_single_gb': 0, 'sdp_memory_poll_seconds': 5, 'sdp_max_retries': 0, 'queue_poll_interval_seconds': 5, 'completed_result_csv_paths': [], 'qaoa_seed': 1, 'initialise_standard_warm_start_with_zero_angles': False, 'result_name_suffix': '_Exp5_subexp4_standardWithHeuristic'}, Running QAOA with equal superposition
Benchmark run ID: 81f2016b
Benchmark repeat index: 1
SDP seed override: None
QAOA seed: 1
Processor: x86_64
Hostname: dacsgpu0003
Total RAM (GB): None
Physical cores: 64
Logical cores: 64
Python version: 3.11.15
Initialisation time: 0.02 seconds; started at stardate {'initialisation': 0.01948380470275879} and finished at stardate1786212903.2054772
Loaded HOG graph index 73 with 30 edges.
Instance generation for n=73 took 0.03 seconds; started at stardate 1786212903.2054846 and finished at stardate 1786212903.2332652
Running QAOA for n=12 nodes, m=30 edges...; Max iterations: 50
Warm-start cache: loading Results/warm_start_cache/list_193_graphs_adjacency_listhog_v04-12_planar_clawFree__filehash_62ae5075/hog_idx000073_5a1c0438c031_noseed_L1_M1_amplified.npz
Warm-start cache: loaded in 0.0142 seconds; effective compute time=0.346743106842041
Edges: [(5, 11), (3, 8), (3, 5), (2, 9), (4, 9), (7, 8), (0, 5), (8, 10), (0, 2), (9, 11), (1, 7), (5, 10), (6, 9), (4, 5), (3, 10), (4, 11), (1, 3), (0, 1), (0, 4), (6, 8), (6, 11), (2, 4), (2, 7), (7, 9), (0, 3), (1, 2), (1, 8), (10, 11), (6, 10), (6, 7)], weights: [1.0, 1.0, 1.0, 1.0, 1.0, 1.0, 1.0, 1.0, 1.0, 1.0, 1.0, 1.0, 1.0, 1.0, 1.0, 1.0, 1.0, 1.0, 1.0, 1.0, 1.0, 1.0, 1.0, 1.0, 1.0, 1.0, 1.0, 1.0, 1.0, 1.0], set of nodes: {0, 1, 2, 3, 4, 5, 6, 7, 8, 9, 10, 11}, n: 12 nodes, p: 3 layers, N_bayes: 50 iterations
Solving for uuid: 47852c6d
Initial state injected as warm start
Running ADAM optimization with a single iteration (no debug loop)
9.56966631084978
QAOA optimisation for n=73 took 13717.55 seconds; started at stardate 1786212903.2332764 and finished at stardate 1786226620.7802699
Finished QAOA for n=12 nodes, m=30 edges at 2026-08-09 00:03:40 on x86_64. Time taken: 13717.55 seconds. Hours: 3.81 hours. Peak RAM: 10.83 MB.
Unknown graph type for approximation ratio calculation; checking misc CSV.
Checking optimal_results_misc.csv for matching edges and weights...
Found matching exact result in misc CSV: 13.687889963997636
CSV writing for n=73 took 0.01 seconds; started at stardate 1786226620.780279 and finished at stardate 1786226620.7927318
results: {73: 9.56966631084978}
durations: {12: 13717.547001361847}
Results saved to: Results/logs/adam/qaoa_results_adam_20260808_194556_pid1193709_Exp5_subexp4_standardWithHeuristic.csv
Global end time: 1786226620.7927456
Finalisation time: 0.00 seconds; started at stardate 1786226620.7927365 and finished at stardate 1786226620.7927501
Sum of all section times: 13717.61 seconds
run_id: 81f2016b
