Starting QAOA benchmark with global start time: 1786228469.2599084
Benchmark parameters: {'optimiser': 'adam', 'optimiser_use_heuristic': False, 'heuristic_optimiser_iterations': None, 'heuristic_optimiser_sampleSize': None, 'circuit_type': 'hamqaoa', 'parameter_vector': [1, 1, 1], 'iterations_list': [50], 'learning_rate_adam': 0.01, 'depth_list': [1, 2, 3, 5], 'n_start': None, 'n_end': None, 'singlet_injection': False, 'start_index_singlet': None, 'warm_start': True, 'warm_start_mode': 'standard', 'lasserre_level': 1, 'initial_solver_level_M': 1, 'sdp_seed': None, 'sdp_solver_mode': 'scs', 'sdp_scs_eps': 1e-06, 'sdp_scs_max_iters': 100000, 'warm_start_corr_strength': None, 'warm_start_corr_repeats': None, 'compare_with_010101': False, 'init_QAOAparams_close_to_zero': False, 'use_correlations_as_initial_params': False, 'time_limit': None, 'failed_instance_termination_thrsh': None, 'graph_generation_type': 'hog', 'weighted': False, 'easiest_first': False, 'cpu_util_threshold': None, 'debug': False, 'save_circuit_svg': False, 'rerun_exclude_finished_instances': True, 'warm_start_cache_producer_only': False, 'qaoa_only_from_existing_warm_start_cache': True, 'optimiser_debug_iterations': None, 'num_repeats': 1, 'relative_graph_adjList_path': 'HOG_graphs/Exp5/list_193_graphs_adjacency_listhog_v04-12_planar_clawFree.txt', 'persistent_warm_start_cache': True, 'warm_start_cache_dir': 'Results/warm_start_cache', 'warm_start_cache_max_file_mb': 512, 'warm_start_cache_max_total_gb': 60, 'sdp_max_parallel': 0, 'qaoa_max_parallel': 16, 'sdp_threads': 1, 'qaoa_threads': 1, 'sdp_memory_limit_total_gb': 0, 'sdp_memory_limit_single_gb': 0, 'sdp_memory_poll_seconds': 5, 'sdp_max_retries': 0, 'queue_poll_interval_seconds': 5, 'completed_result_csv_paths': [], 'qaoa_seed': 1, 'initialise_standard_warm_start_with_zero_angles': False, 'result_name_suffix': '_Exp5_subexp4_standardWithHeuristic'}, Running QAOA with equal superposition
Benchmark run ID: 3e89f450
Benchmark repeat index: 1
SDP seed override: None
QAOA seed: 1
Processor: x86_64
Hostname: dacsgpu0003
Total RAM (GB): None
Physical cores: 64
Logical cores: 64
Python version: 3.11.15
Initialisation time: 0.00 seconds; started at stardate {'initialisation': 0.0027005672454833984} and finished at stardate1786228469.2626135
Loaded HOG graph index 137 with 21 edges.
Instance generation for n=137 took 0.00 seconds; started at stardate 1786228469.2626176 and finished at stardate 1786228469.2669709
Running QAOA for n=12 nodes, m=21 edges...; Max iterations: 50
Warm-start cache: loading Results/warm_start_cache/list_193_graphs_adjacency_listhog_v04-12_planar_clawFree__filehash_62ae5075/hog_idx000137_89df47f12b9e_noseed_L1_M1_amplified.npz
Warm-start cache: loaded in 0.0017 seconds; effective compute time=0.3805866241455078
Edges: [(5, 11), (3, 8), (3, 5), (2, 9), (4, 9), (8, 10), (1, 10), (9, 11), (5, 10), (4, 5), (2, 11), (3, 10), (4, 11), (0, 7), (6, 8), (3, 6), (4, 7), (7, 9), (1, 8), (0, 6), (6, 7)], weights: [1.0, 1.0, 1.0, 1.0, 1.0, 1.0, 1.0, 1.0, 1.0, 1.0, 1.0, 1.0, 1.0, 1.0, 1.0, 1.0, 1.0, 1.0, 1.0, 1.0, 1.0], set of nodes: {0, 1, 2, 3, 4, 5, 6, 7, 8, 9, 10, 11}, n: 12 nodes, p: 5 layers, N_bayes: 50 iterations
Solving for uuid: 9c799f97
Initial state injected as warm start
Running ADAM optimization with a single iteration (no debug loop)
6.606358315976158
QAOA optimisation for n=137 took 14194.02 seconds; started at stardate 1786228469.266975 and finished at stardate 1786242663.2875602
Finished QAOA for n=12 nodes, m=21 edges at 2026-08-09 04:31:03 on x86_64. Time taken: 14194.02 seconds. Hours: 3.94 hours. Peak RAM: 17.9 MB.
Unknown graph type for approximation ratio calculation; checking misc CSV.
Checking optimal_results_misc.csv for matching edges and weights...
Found matching exact result in misc CSV: 10.232266913589186
CSV writing for n=137 took 0.04 seconds; started at stardate 1786242663.28757 and finished at stardate 1786242663.3318238
results: {137: 6.606358315976158}
durations: {12: 14194.020590543747}
Results saved to: Results/logs/adam/qaoa_results_adam_20260808_194556_pid1193709_Exp5_subexp4_standardWithHeuristic.csv
Global end time: 1786242663.331842
Finalisation time: 0.00 seconds; started at stardate 1786242663.3318305 and finished at stardate 1786242663.3318465
Sum of all section times: 14194.07 seconds
run_id: 3e89f450
