/home/i6408800/MasterThesis/QAOA/Code/Circuit.py:182: UserWarning: No classical warm-start cut provided for HAMQAOA; using random cut values for fourth HAMQAOA gate. This may lead to suboptimal performance and may be unintentional if a classical warm start was intended.
  warnings.warn(
Starting QAOA benchmark with global start time: 1784726064.7523844
Benchmark parameters: {'optimiser': 'adam', 'optimiser_use_heuristic': True, 'heuristic_optimiser_iterations': 2, 'heuristic_optimiser_sampleSize': 20, 'circuit_type': 'hamqaoa', 'parameter_vector': [1, 1, 1], 'iterations_list': [5, 10, 25, 50], 'learning_rate_adam': 0.05, 'depth_list': [1, 2], 'n_start': None, 'n_end': None, 'singlet_injection': False, 'start_index_singlet': None, 'warm_start': False, 'warm_start_mode': None, 'lasserre_level': None, 'initial_solver_level_M': None, 'sdp_seed': None, 'sdp_solver_mode': None, 'sdp_scs_eps': None, 'sdp_scs_max_iters': None, 'warm_start_corr_strength': None, 'warm_start_corr_repeats': None, 'compare_with_010101': False, 'init_QAOAparams_close_to_zero': False, 'use_correlations_as_initial_params': None, 'time_limit': None, 'failed_instance_termination_thrsh': None, 'graph_generation_type': 'hog', 'weighted': False, 'easiest_first': True, 'cpu_util_threshold': None, 'debug': False, 'save_circuit_svg': False, 'rerun_exclude_finished_instances': False, 'warm_start_cache_producer_only': False, 'qaoa_only_from_existing_warm_start_cache': False, 'optimiser_debug_iterations': None, 'num_repeats': 1, 'relative_graph_adjList_path': 'HOG_graphs/3regular_connected_74instances.txt', 'persistent_warm_start_cache': False, 'warm_start_cache_dir': None, 'warm_start_cache_max_file_mb': None, 'warm_start_cache_max_total_gb': None, 'sdp_max_parallel': 0, 'qaoa_max_parallel': 32, 'sdp_threads': None, 'qaoa_threads': 1, 'sdp_memory_limit_total_gb': None, 'sdp_memory_limit_single_gb': None, 'sdp_memory_poll_seconds': None, 'sdp_max_retries': None, 'queue_poll_interval_seconds': 5}, Running QAOA with equal superposition
Benchmark run ID: a5e40973
Benchmark repeat index: 1
SDP seed override: None
Processor: x86_64
Hostname: dacsgpu0002
Total RAM (GB): None
Physical cores: 64
Logical cores: 64
Python version: 3.11.15
Initialisation time: 0.00 seconds; started at stardate {'initialisation': 0.0037775039672851562} and finished at stardate1784726064.756168
Loaded HOG graph index 52 with 18 edges.
Instance generation for n=52 took 0.00 seconds; started at stardate 1784726064.7561717 and finished at stardate 1784726064.7586634
Running QAOA for n=9 nodes, m=18 edges...; Max iterations: 10
Edges: [(2, 7), (0, 1), (1, 6), (0, 4), (4, 7), (3, 5), (0, 3), (4, 6), (6, 8), (1, 8), (7, 8), (1, 5), (2, 8), (3, 7), (2, 5), (4, 5), (0, 2), (3, 6)], weights: [1.0, 1.0, 1.0, 1.0, 1.0, 1.0, 1.0, 1.0, 1.0, 1.0, 1.0, 1.0, 1.0, 1.0, 1.0, 1.0, 1.0, 1.0], set of nodes: {0, 1, 2, 3, 4, 5, 6, 7, 8}, n: 9 nodes, p: 2 layers, N_bayes: 10 iterations
Solving for uuid: 7b97c463
No warm start: Default initial state is equal superposition
Running ADAM optimization with a single iteration (no debug loop)
6.153526853387357
QAOA optimisation for n=52 took 4.80 seconds; started at stardate 1784726064.7586677 and finished at stardate 1784726069.5561707
Finished QAOA for n=9 nodes, m=18 edges at 2026-07-22 15:14:29 on x86_64. Time taken: 4.80 seconds. Hours: 0.00 hours. Peak RAM: 0.21 MB.
Unknown graph type for approximation ratio calculation; checking misc CSV.
Checking optimal_results_misc.csv for matching edges and weights...
Found matching exact result in misc CSV: 10.02203520869047
CSV writing for n=52 took 0.01 seconds; started at stardate 1784726069.5561783 and finished at stardate 1784726069.5612192
results: {52: 6.153526853387357}
durations: {9: 4.7975077629089355}
Results saved to: Results/logs/adam/qaoa_results_adam_20260722_150005_pid1066032.csv
Global end time: 1784726069.5612285
Finalisation time: 0.00 seconds; started at stardate 1784726069.5612218 and finished at stardate 1784726069.561232
Sum of all section times: 4.81 seconds
run_id: a5e40973
