Starting QAOA benchmark with global start time: 1782184877.7389846
Benchmark parameters: {'optimiser': 'adam', 'optimiser_use_heuristic': True, 'heuristic_optimiser_iterations': 2, 'heuristic_optimiser_sampleSize': 1000, 'circuit_type': 'hamqaoa', 'parameter_vector': [1, 1, 1], 'iterations_list': [50], 'learning_rate_adam': 0.05, 'depth_list': [1, 3, 5], 'n_start': 131, 'n_end': None, 'singlet_injection': False, 'start_index_singlet': None, 'warm_start': True, 'warm_start_mode': 'standard', 'lasserre_level': 2, 'initial_solver_level_M': 2, 'sdp_seed': 1000042, 'warm_start_corr_strength': None, 'warm_start_corr_repeats': None, 'compare_with_010101': False, 'init_QAOAparams_close_to_zero': False, 'use_correlations_as_initial_params': False, 'time_limit': 10800, 'failed_instance_termination_thrsh': None, 'graph_generation_type': 'hog', 'weighted': False, 'easiest_first': True, 'cpu_util_threshold': None, 'debug': False, 'save_circuit_svg': False, 'rerun_exclude_finished_instances': True, 'warm_start_cache_producer_only': False, 'qaoa_only_from_existing_warm_start_cache': True, 'optimiser_debug_iterations': None, 'num_repeats': 10, 'relative_graph_adjList_path': 'HOG_graphs/triangleFree_connected_4to8vertices_176instances_AdjacencyList.txt', 'completed_result_csv_paths': ['Results/logs/adam/qaoa_results_adam_20260617_173540_pid708337.csv', 'Results/logs/adam/qaoa_results_adam_20260621_193700_pid2711608.csv'], 'persistent_warm_start_cache': True, 'warm_start_cache_dir': 'Results/warm_start_cache', 'warm_start_cache_max_file_mb': 512, 'warm_start_cache_max_total_gb': 60, 'sdp_max_parallel': 0, 'qaoa_max_parallel': 32, 'sdp_threads': 1, 'qaoa_threads': 1, 'sdp_memory_limit_total_gb': 1, 'sdp_memory_limit_single_gb': 1, 'sdp_memory_poll_seconds': 5, 'sdp_max_retries': 3, 'queue_poll_interval_seconds': 5}, Running QAOA with equal superposition
Benchmark run ID: 47fd358e
Benchmark repeat index: 2
SDP seed override: 1000042
Processor: x86_64
Hostname: dacsgpu0003
Total RAM (GB): None
Physical cores: 64
Logical cores: 64
Python version: 3.11.15
Initialisation time: 0.01 seconds; started at stardate {'initialisation': 0.010734319686889648} and finished at stardate1782184877.749727
Loaded HOG graph index 140 with 8 edges.
Instance generation for n=140 took 0.00 seconds; started at stardate 1782184877.7497315 and finished at stardate 1782184877.7524862
Running QAOA for n=7 nodes, m=8 edges...; Max iterations: 50
Warm-start cache: loading Results/warm_start_cache/triangleFree_connected_4to8vertices_176instances_AdjacencyList__filehash_279b7452/hog_idx000140_8f4b0e0f52c2_seed1000042_L2_M2_standard.npz
Warm-start cache: loaded in 0.0015 seconds; effective compute time=1315.4545483589172
Edges: [(2, 3), (1, 6), (0, 4), (2, 6), (3, 5), (5, 6), (4, 5), (1, 4)], weights: [1.0, 1.0, 1.0, 1.0, 1.0, 1.0, 1.0, 1.0], set of nodes: {0, 1, 2, 3, 4, 5, 6}, n: 7 nodes, p: 5 layers, N_bayes: 50 iterations
Solving for uuid: 3b281756
Initial state injected as warm start
Running ADAM optimization with a single iteration (no debug loop)
7.784200693216687
QAOA optimisation for n=140 took 628.25 seconds; started at stardate 1782184877.7524905 and finished at stardate 1782185506.0031145
Finished QAOA for n=7 nodes, m=8 edges at 2026-06-23 05:31:46 on x86_64. Time taken: 628.25 seconds. Hours: 0.17 hours. Peak RAM: 0.28 MB.
Unknown graph type for approximation ratio calculation; checking misc CSV.
Checking optimal_results_misc.csv for matching edges and weights...
Found matching exact result in misc CSV: 5.3521998539545015
CSV writing for n=140 took 0.01 seconds; started at stardate 1782185506.0031238 and finished at stardate 1782185506.0132577
results: {140: 7.784200693216687}
durations: {7: 628.2506291866302}
Results saved to: Results/logs/adam/qaoa_results_adam_20260623_041434_pid3602607.csv
Global end time: 1782185506.0132744
Finalisation time: 0.00 seconds; started at stardate 1782185506.0132642 and finished at stardate 1782185506.0132785
Sum of all section times: 628.27 seconds
run_id: 47fd358e
