Starting QAOA benchmark with global start time: 1782197830.757674
Benchmark parameters: {'optimiser': 'adam', 'optimiser_use_heuristic': True, 'heuristic_optimiser_iterations': 2, 'heuristic_optimiser_sampleSize': 1000, 'circuit_type': 'hamqaoa', 'parameter_vector': [1, 1, 1], 'iterations_list': [50], 'learning_rate_adam': 0.05, 'depth_list': [1, 3, 5], 'n_start': 131, 'n_end': None, 'singlet_injection': False, 'start_index_singlet': None, 'warm_start': True, 'warm_start_mode': 'standard', 'lasserre_level': 2, 'initial_solver_level_M': 2, 'sdp_seed': 42, 'warm_start_corr_strength': None, 'warm_start_corr_repeats': None, 'compare_with_010101': False, 'init_QAOAparams_close_to_zero': False, 'use_correlations_as_initial_params': False, 'time_limit': 10800, 'failed_instance_termination_thrsh': None, 'graph_generation_type': 'hog', 'weighted': False, 'easiest_first': True, 'cpu_util_threshold': None, 'debug': False, 'save_circuit_svg': False, 'rerun_exclude_finished_instances': True, 'warm_start_cache_producer_only': False, 'qaoa_only_from_existing_warm_start_cache': True, 'optimiser_debug_iterations': None, 'num_repeats': 10, 'relative_graph_adjList_path': 'HOG_graphs/triangleFree_connected_4to8vertices_176instances_AdjacencyList.txt', 'completed_result_csv_paths': ['Results/logs/adam/qaoa_results_adam_20260617_173540_pid708337.csv', 'Results/logs/adam/qaoa_results_adam_20260621_193700_pid2711608.csv'], 'persistent_warm_start_cache': True, 'warm_start_cache_dir': 'Results/warm_start_cache', 'warm_start_cache_max_file_mb': 512, 'warm_start_cache_max_total_gb': 60, 'sdp_max_parallel': 0, 'qaoa_max_parallel': 32, 'sdp_threads': 1, 'qaoa_threads': 1, 'sdp_memory_limit_total_gb': 1, 'sdp_memory_limit_single_gb': 1, 'sdp_memory_poll_seconds': 5, 'sdp_max_retries': 3, 'queue_poll_interval_seconds': 5}, Running QAOA with equal superposition
Benchmark run ID: de8ccec6
Benchmark repeat index: 1
SDP seed override: 42
Processor: x86_64
Hostname: dacsgpu0003
Total RAM (GB): None
Physical cores: 64
Logical cores: 64
Python version: 3.11.15
Initialisation time: 0.02 seconds; started at stardate {'initialisation': 0.016080141067504883} and finished at stardate1782197830.773767
Loaded HOG graph index 168 with 9 edges.
Instance generation for n=168 took 0.00 seconds; started at stardate 1782197830.7737741 and finished at stardate 1782197830.7764902
Running QAOA for n=8 nodes, m=9 edges...; Max iterations: 50
Warm-start cache: loading Results/warm_start_cache/triangleFree_connected_4to8vertices_176instances_AdjacencyList__filehash_279b7452/hog_idx000168_1377b5083b56_seed42_L2_M2_standard.npz
Warm-start cache: loaded in 0.0028 seconds; effective compute time=8056.669006824493
Edges: [(1, 3), (4, 7), (2, 6), (5, 7), (4, 6), (1, 2), (5, 6), (3, 7), (0, 5)], weights: [1.0, 1.0, 1.0, 1.0, 1.0, 1.0, 1.0, 1.0, 1.0], set of nodes: {0, 1, 2, 3, 4, 5, 6, 7}, n: 8 nodes, p: 5 layers, N_bayes: 50 iterations
Solving for uuid: 7a45a132
Initial state injected as warm start
Running ADAM optimization with a single iteration (no debug loop)
8.595539571498454
QAOA optimisation for n=168 took 911.77 seconds; started at stardate 1782197830.7764952 and finished at stardate 1782198742.5462177
Finished QAOA for n=8 nodes, m=9 edges at 2026-06-23 09:12:22 on x86_64. Time taken: 911.77 seconds. Hours: 0.25 hours. Peak RAM: 0.3 MB.
Unknown graph type for approximation ratio calculation; checking misc CSV.
Checking optimal_results_misc.csv for matching edges and weights...
Found matching exact result in misc CSV: 6.092617085212709
CSV writing for n=168 took 0.01 seconds; started at stardate 1782198742.5462248 and finished at stardate 1782198742.5564725
results: {168: 8.595539571498454}
durations: {8: 911.7697279453278}
Results saved to: Results/logs/adam/qaoa_results_adam_20260623_041434_pid3602607.csv
Global end time: 1782198742.5564854
Finalisation time: 0.00 seconds; started at stardate 1782198742.5564766 and finished at stardate 1782198742.5564895
Sum of all section times: 911.80 seconds
run_id: de8ccec6
