Starting QAOA benchmark with global start time: 1787025287.4232638
Benchmark parameters: {'optimiser': 'adam', 'optimiser_use_heuristic': True, 'heuristic_optimiser_iterations': 1, 'heuristic_optimiser_sampleSize': 50, 'circuit_type': 'hamqaoa', 'parameter_vector': [1, 1, 1], 'iterations_list': [50], 'learning_rate_adam': 0.01, 'depth_list': [1, 2, 3, 5], 'n_start': None, 'n_end': None, 'singlet_injection': False, 'start_index_singlet': None, 'warm_start': True, 'warm_start_mode': 'standard', 'lasserre_level': 1, 'initial_solver_level_M': 1, 'sdp_seed': None, 'sdp_solver_mode': 'scs', 'sdp_scs_eps': 1e-06, 'sdp_scs_max_iters': 100000, 'warm_start_corr_strength': None, 'warm_start_corr_repeats': None, 'compare_with_010101': False, 'init_QAOAparams_close_to_zero': False, 'use_correlations_as_initial_params': False, 'time_limit': None, 'failed_instance_termination_thrsh': None, 'graph_generation_type': 'hog', 'weighted': False, 'easiest_first': True, 'cpu_util_threshold': None, 'debug': False, 'save_circuit_svg': False, 'rerun_exclude_finished_instances': True, 'warm_start_cache_producer_only': False, 'qaoa_only_from_existing_warm_start_cache': True, 'optimiser_debug_iterations': None, 'num_repeats': 1, 'relative_graph_adjList_path': 'HOG_graphs/Exp5/list_454_graphs_adjacency_listhog_v04-12_bipartite.txt', 'persistent_warm_start_cache': True, 'warm_start_cache_dir': 'Results/warm_start_cache', 'warm_start_cache_max_file_mb': 512, 'warm_start_cache_max_total_gb': 60, 'sdp_max_parallel': 0, 'qaoa_max_parallel': 16, 'sdp_threads': 1, 'qaoa_threads': 1, 'sdp_memory_limit_total_gb': 0, 'sdp_memory_limit_single_gb': 0, 'sdp_memory_poll_seconds': 5, 'sdp_max_retries': 0, 'queue_poll_interval_seconds': 5, 'max_graph_vertices': 11, 'completed_result_csv_paths': [], 'qaoa_seed': 1, 'initialise_standard_warm_start_with_zero_angles': False, 'result_name_suffix': '_Exp5_subexp4_standardWithHeuristic'}, Running QAOA with equal superposition
Benchmark run ID: c7d91f35
Benchmark repeat index: 1
SDP seed override: None
QAOA seed: 45100201
Processor: x86_64
Hostname: dacsgpu0002
Total RAM (GB): None
Physical cores: 64
Logical cores: 64
Python version: 3.11.15
Initialisation time: 0.03 seconds; started at stardate {'initialisation': 0.026425838470458984} and finished at stardate1787025287.4497063
Loaded HOG graph index 451 with 16 edges.
Instance generation for n=451 took 0.01 seconds; started at stardate 1787025287.4497173 and finished at stardate 1787025287.4646244
Running QAOA for n=10 nodes, m=16 edges...; Max iterations: 50
Warm-start cache: loading Results/warm_start_cache/list_454_graphs_adjacency_listhog_v04-12_bipartite__filehash_0815e7e8/hog_idx000451_e1892ff6fe07_noseed_L1_M1_standard.npz
Warm-start cache: loaded in 0.0069 seconds; effective compute time=0.1806201934814453
Edges: [(3, 9), (1, 3), (2, 7), (3, 8), (2, 6), (5, 7), (6, 9), (7, 9), (6, 8), (5, 6), (4, 9), (4, 8), (7, 8), (0, 5), (1, 4), (0, 2)], weights: [1.0, 1.0, 1.0, 1.0, 1.0, 1.0, 1.0, 1.0, 1.0, 1.0, 1.0, 1.0, 1.0, 1.0, 1.0, 1.0], set of nodes: {0, 1, 2, 3, 4, 5, 6, 7, 8, 9}, n: 10 nodes, p: 3 layers, N_bayes: 50 iterations
Solving for uuid: 02224573
Initial state injected as warm start
Running ADAM optimization with a single iteration (no debug loop)
5.324230865999465
QAOA optimisation for n=451 took 338.37 seconds; started at stardate 1787025287.4646304 and finished at stardate 1787025625.8337858
Finished QAOA for n=10 nodes, m=16 edges at 2026-08-18 06:00:25 on x86_64. Time taken: 338.37 seconds. Hours: 0.09 hours. Peak RAM: 1.0 MB.
Unknown graph type for approximation ratio calculation; checking misc CSV.
Checking optimal_results_misc.csv for matching edges and weights...
Found matching exact result in misc CSV: 10.213600432956706
CSV writing for n=451 took 0.02 seconds; started at stardate 1787025625.833795 and finished at stardate 1787025625.8534105
results: {451: 5.324230865999465}
durations: {10: 338.3691620826721}
Results saved to: Results/logs/adam/qaoa_results_adam_20260818_002206_pid751127_Exp5_subexp4_standardWithHeuristic.csv
Global end time: 1787025625.8534358
Finalisation time: 0.00 seconds; started at stardate 1787025625.8534205 and finished at stardate 1787025625.8534408
Sum of all section times: 338.43 seconds
run_id: c7d91f35
