Starting QAOA benchmark with global start time: 1781853107.4928958
Benchmark parameters: {'optimiser': 'adam', 'optimiser_use_heuristic': True, 'heuristic_optimiser_iterations': 2, 'heuristic_optimiser_sampleSize': 1000, 'circuit_type': 'hamqaoa', 'parameter_vector': [1, 1, 1], 'iterations_list': [50], 'learning_rate_adam': 0.05, 'depth_list': [1, 3, 5], 'n_start': None, 'n_end': None, 'singlet_injection': False, 'start_index_singlet': None, 'warm_start': True, 'warm_start_mode': 'standard', 'lasserre_level': 1, 'initial_solver_level_M': 1, 'sdp_seed': 7000042, 'warm_start_corr_strength': None, 'warm_start_corr_repeats': None, 'compare_with_010101': False, 'init_QAOAparams_close_to_zero': False, 'use_correlations_as_initial_params': False, 'time_limit': 10800, 'failed_instance_termination_thrsh': None, 'graph_generation_type': 'hog', 'weighted': False, 'easiest_first': True, 'cpu_util_threshold': None, 'debug': False, 'save_circuit_svg': False, 'rerun_exclude_finished_instances': True, 'completed_result_csv_paths': ['Results/logs/adam/qaoa_results_adam_20260617_172309_pid3959588.csv'], 'warm_start_cache_producer_only': False, 'qaoa_only_from_existing_warm_start_cache': True, 'optimiser_debug_iterations': None, 'num_repeats': 10, 'relative_graph_adjList_path': 'HOG_graphs/triangleFree_connected_4to8vertices_176instances_AdjacencyList.txt', 'persistent_warm_start_cache': True, 'warm_start_cache_dir': 'Results/warm_start_cache', 'warm_start_cache_max_file_mb': 512, 'warm_start_cache_max_total_gb': 60, 'sdp_max_parallel': 0, 'qaoa_max_parallel': 8, 'sdp_threads': 1, 'qaoa_threads': 4, 'sdp_memory_limit_total_gb': 32, 'sdp_memory_limit_single_gb': 32, 'sdp_memory_poll_seconds': 5, 'sdp_max_retries': 3, 'queue_poll_interval_seconds': 5}, Running QAOA with equal superposition
Benchmark run ID: 1977f646
Benchmark repeat index: 8
SDP seed override: 7000042
Processor: x86_64
Hostname: dacsgpu0002
Total RAM (GB): None
Physical cores: 64
Logical cores: 64
Python version: 3.11.15
Initialisation time: 0.01 seconds; started at stardate {'initialisation': 0.008682012557983398} and finished at stardate1781853107.5015862
Loaded HOG graph index 126 with 7 edges.
Instance generation for n=126 took 0.00 seconds; started at stardate 1781853107.501591 and finished at stardate 1781853107.5038989
Running QAOA for n=8 nodes, m=7 edges...; Max iterations: 50
Warm-start cache: loading Results/warm_start_cache/triangleFree_connected_4to8vertices_176instances_AdjacencyList__filehash_279b7452/hog_idx000126_6d3dc62fa931_seed7000042_L1_M1_standard.npz
Warm-start cache: loaded in 0.0043 seconds; effective compute time=0.1813335418701172
Edges: [(2, 7), (5, 7), (3, 5), (0, 7), (4, 6), (6, 7), (1, 7)], weights: [1.0, 1.0, 1.0, 1.0, 1.0, 1.0, 1.0], set of nodes: {0, 1, 2, 3, 4, 5, 6, 7}, n: 8 nodes, p: 3 layers, N_bayes: 50 iterations
Solving for uuid: 2dcc2f2d
Initial state injected as warm start
Running ADAM optimization with a single iteration (no debug loop)
3.3951223400615063
QAOA optimisation for n=126 took 283.10 seconds; started at stardate 1781853107.503902 and finished at stardate 1781853390.608107
Finished QAOA for n=8 nodes, m=7 edges at 2026-06-19 09:16:30 on x86_64. Time taken: 283.10 seconds. Hours: 0.08 hours. Peak RAM: 0.22 MB.
Unknown graph type for approximation ratio calculation; checking misc CSV.
Checking optimal_results_misc.csv for matching edges and weights...
Found matching exact result in misc CSV: 4.690531617191808
CSV writing for n=126 took 0.01 seconds; started at stardate 1781853390.608115 and finished at stardate 1781853390.614485
results: {126: 3.3951223400615063}
durations: {8: 283.104208946228}
Results saved to: Results/logs/adam/qaoa_results_adam_20260618_142634_pid3141832.csv
Global end time: 1781853390.6144955
Finalisation time: 0.00 seconds; started at stardate 1781853390.6144881 and finished at stardate 1781853390.6144996
Sum of all section times: 283.12 seconds
run_id: 1977f646
