Starting QAOA benchmark with global start time: 1781875798.794317
Benchmark parameters: {'optimiser': 'adam', 'optimiser_use_heuristic': True, 'heuristic_optimiser_iterations': 2, 'heuristic_optimiser_sampleSize': 1000, 'circuit_type': 'hamqaoa', 'parameter_vector': [1, 1, 1], 'iterations_list': [50], 'learning_rate_adam': 0.05, 'depth_list': [1, 3, 5], 'n_start': None, 'n_end': None, 'singlet_injection': False, 'start_index_singlet': None, 'warm_start': True, 'warm_start_mode': 'standard', 'lasserre_level': 1, 'initial_solver_level_M': 1, 'sdp_seed': 3000042, 'warm_start_corr_strength': None, 'warm_start_corr_repeats': None, 'compare_with_010101': False, 'init_QAOAparams_close_to_zero': False, 'use_correlations_as_initial_params': False, 'time_limit': 10800, 'failed_instance_termination_thrsh': None, 'graph_generation_type': 'hog', 'weighted': False, 'easiest_first': True, 'cpu_util_threshold': None, 'debug': False, 'save_circuit_svg': False, 'rerun_exclude_finished_instances': True, 'completed_result_csv_paths': ['Results/logs/adam/qaoa_results_adam_20260617_172309_pid3959588.csv'], 'warm_start_cache_producer_only': False, 'qaoa_only_from_existing_warm_start_cache': True, 'optimiser_debug_iterations': None, 'num_repeats': 10, 'relative_graph_adjList_path': 'HOG_graphs/triangleFree_connected_4to8vertices_176instances_AdjacencyList.txt', 'persistent_warm_start_cache': True, 'warm_start_cache_dir': 'Results/warm_start_cache', 'warm_start_cache_max_file_mb': 512, 'warm_start_cache_max_total_gb': 60, 'sdp_max_parallel': 0, 'qaoa_max_parallel': 8, 'sdp_threads': 1, 'qaoa_threads': 4, 'sdp_memory_limit_total_gb': 32, 'sdp_memory_limit_single_gb': 32, 'sdp_memory_poll_seconds': 5, 'sdp_max_retries': 3, 'queue_poll_interval_seconds': 5}, Running QAOA with equal superposition
Benchmark run ID: 61056fa8
Benchmark repeat index: 4
SDP seed override: 3000042
Processor: x86_64
Hostname: dacsgpu0002
Total RAM (GB): None
Physical cores: 64
Logical cores: 64
Python version: 3.11.15
Initialisation time: 0.00 seconds; started at stardate {'initialisation': 0.0036051273345947266} and finished at stardate1781875798.797928
Loaded HOG graph index 148 with 15 edges.
Instance generation for n=148 took 0.00 seconds; started at stardate 1781875798.7979324 and finished at stardate 1781875798.8004372
Running QAOA for n=8 nodes, m=15 edges...; Max iterations: 50
Warm-start cache: loading Results/warm_start_cache/triangleFree_connected_4to8vertices_176instances_AdjacencyList__filehash_279b7452/hog_idx000148_1349ea593ca3_seed3000042_L1_M1_standard.npz
Warm-start cache: loaded in 0.0040 seconds; effective compute time=0.25294017791748047
Edges: [(2, 7), (1, 6), (0, 4), (4, 7), (2, 6), (3, 5), (0, 3), (4, 6), (1, 5), (4, 5), (3, 7), (2, 5), (0, 2), (3, 6), (1, 7)], weights: [1.0, 1.0, 1.0, 1.0, 1.0, 1.0, 1.0, 1.0, 1.0, 1.0, 1.0, 1.0, 1.0, 1.0, 1.0], set of nodes: {0, 1, 2, 3, 4, 5, 6, 7}, n: 8 nodes, p: 5 layers, N_bayes: 50 iterations
Solving for uuid: 48fc6a42
Initial state injected as warm start
Running ADAM optimization with a single iteration (no debug loop)
5.68918235734929
QAOA optimisation for n=148 took 734.24 seconds; started at stardate 1781875798.80044 and finished at stardate 1781876533.0405276
Finished QAOA for n=8 nodes, m=15 edges at 2026-06-19 15:42:13 on x86_64. Time taken: 734.24 seconds. Hours: 0.20 hours. Peak RAM: 0.22 MB.
Unknown graph type for approximation ratio calculation; checking misc CSV.
Checking optimal_results_misc.csv for matching edges and weights...
Found matching exact result in misc CSV: 9.436491673103694
CSV writing for n=148 took 0.01 seconds; started at stardate 1781876533.040535 and finished at stardate 1781876533.0460355
results: {148: 5.68918235734929}
durations: {8: 734.2400915622711}
Results saved to: Results/logs/adam/qaoa_results_adam_20260618_142634_pid3141832.csv
Global end time: 1781876533.046043
Finalisation time: 0.00 seconds; started at stardate 1781876533.0460377 and finished at stardate 1781876533.046047
Sum of all section times: 734.25 seconds
run_id: 61056fa8
