Starting QAOA benchmark with global start time: 1781808018.4100723
Benchmark parameters: {'optimiser': 'adam', 'optimiser_use_heuristic': True, 'heuristic_optimiser_iterations': 2, 'heuristic_optimiser_sampleSize': 1000, 'circuit_type': 'hamqaoa', 'parameter_vector': [1, 1, 1], 'iterations_list': [50], 'learning_rate_adam': 0.05, 'depth_list': [1, 3, 5], 'n_start': None, 'n_end': None, 'singlet_injection': False, 'start_index_singlet': None, 'warm_start': True, 'warm_start_mode': 'standard', 'lasserre_level': 1, 'initial_solver_level_M': 1, 'sdp_seed': 9000042, 'warm_start_corr_strength': None, 'warm_start_corr_repeats': None, 'compare_with_010101': False, 'init_QAOAparams_close_to_zero': False, 'use_correlations_as_initial_params': False, 'time_limit': 10800, 'failed_instance_termination_thrsh': None, 'graph_generation_type': 'hog', 'weighted': False, 'easiest_first': True, 'cpu_util_threshold': None, 'debug': False, 'save_circuit_svg': False, 'rerun_exclude_finished_instances': True, 'completed_result_csv_paths': ['Results/logs/adam/qaoa_results_adam_20260617_172309_pid3959588.csv'], 'warm_start_cache_producer_only': False, 'qaoa_only_from_existing_warm_start_cache': True, 'optimiser_debug_iterations': None, 'num_repeats': 10, 'relative_graph_adjList_path': 'HOG_graphs/triangleFree_connected_4to8vertices_176instances_AdjacencyList.txt', 'persistent_warm_start_cache': True, 'warm_start_cache_dir': 'Results/warm_start_cache', 'warm_start_cache_max_file_mb': 512, 'warm_start_cache_max_total_gb': 60, 'sdp_max_parallel': 0, 'qaoa_max_parallel': 8, 'sdp_threads': 1, 'qaoa_threads': 4, 'sdp_memory_limit_total_gb': 32, 'sdp_memory_limit_single_gb': 32, 'sdp_memory_poll_seconds': 5, 'sdp_max_retries': 3, 'queue_poll_interval_seconds': 5}, Running QAOA with equal superposition
Benchmark run ID: 3b17459e
Benchmark repeat index: 10
SDP seed override: 9000042
Processor: x86_64
Hostname: dacsgpu0002
Total RAM (GB): None
Physical cores: 64
Logical cores: 64
Python version: 3.11.15
Initialisation time: 0.01 seconds; started at stardate {'initialisation': 0.008150815963745117} and finished at stardate1781808018.4182298
Loaded HOG graph index 84 with 7 edges.
Instance generation for n=84 took 0.00 seconds; started at stardate 1781808018.4182339 and finished at stardate 1781808018.4205058
Running QAOA for n=8 nodes, m=7 edges...; Max iterations: 50
Warm-start cache: loading Results/warm_start_cache/triangleFree_connected_4to8vertices_176instances_AdjacencyList__filehash_279b7452/hog_idx000084_1d7e86d6a4b8_seed9000042_L1_M1_standard.npz
Warm-start cache: loaded in 0.0041 seconds; effective compute time=0.17340755462646484
Edges: [(2, 7), (5, 7), (0, 7), (4, 6), (5, 6), (3, 7), (1, 7)], weights: [1.0, 1.0, 1.0, 1.0, 1.0, 1.0, 1.0], set of nodes: {0, 1, 2, 3, 4, 5, 6, 7}, n: 8 nodes, p: 3 layers, N_bayes: 50 iterations
Solving for uuid: 54c37d18
Initial state injected as warm start
Running ADAM optimization with a single iteration (no debug loop)
3.5146286944853258
QAOA optimisation for n=84 took 292.77 seconds; started at stardate 1781808018.4205086 and finished at stardate 1781808311.195359
Finished QAOA for n=8 nodes, m=7 edges at 2026-06-18 20:45:11 on x86_64. Time taken: 292.77 seconds. Hours: 0.08 hours. Peak RAM: 0.22 MB.
Unknown graph type for approximation ratio calculation; checking misc CSV.
Checking optimal_results_misc.csv for matching edges and weights...
Found matching exact result in misc CSV: 4.4421805098275975
CSV writing for n=84 took 0.00 seconds; started at stardate 1781808311.1953666 and finished at stardate 1781808311.1992981
results: {84: 3.5146286944853258}
durations: {8: 292.774854183197}
Results saved to: Results/logs/adam/qaoa_results_adam_20260618_142634_pid3141832.csv
Global end time: 1781808311.199307
Finalisation time: 0.00 seconds; started at stardate 1781808311.199301 and finished at stardate 1781808311.19931
Sum of all section times: 292.79 seconds
run_id: 3b17459e
