Starting QAOA benchmark with global start time: 1781849781.3208485
Benchmark parameters: {'optimiser': 'adam', 'optimiser_use_heuristic': True, 'heuristic_optimiser_iterations': 2, 'heuristic_optimiser_sampleSize': 1000, 'circuit_type': 'hamqaoa', 'parameter_vector': [1, 1, 1], 'iterations_list': [50], 'learning_rate_adam': 0.05, 'depth_list': [1, 3, 5], 'n_start': None, 'n_end': None, 'singlet_injection': False, 'start_index_singlet': None, 'warm_start': True, 'warm_start_mode': 'standard', 'lasserre_level': 1, 'initial_solver_level_M': 1, 'sdp_seed': 6000042, 'warm_start_corr_strength': None, 'warm_start_corr_repeats': None, 'compare_with_010101': False, 'init_QAOAparams_close_to_zero': False, 'use_correlations_as_initial_params': False, 'time_limit': 10800, 'failed_instance_termination_thrsh': None, 'graph_generation_type': 'hog', 'weighted': False, 'easiest_first': True, 'cpu_util_threshold': None, 'debug': False, 'save_circuit_svg': False, 'rerun_exclude_finished_instances': True, 'completed_result_csv_paths': ['Results/logs/adam/qaoa_results_adam_20260617_172309_pid3959588.csv'], 'warm_start_cache_producer_only': False, 'qaoa_only_from_existing_warm_start_cache': True, 'optimiser_debug_iterations': None, 'num_repeats': 10, 'relative_graph_adjList_path': 'HOG_graphs/triangleFree_connected_4to8vertices_176instances_AdjacencyList.txt', 'persistent_warm_start_cache': True, 'warm_start_cache_dir': 'Results/warm_start_cache', 'warm_start_cache_max_file_mb': 512, 'warm_start_cache_max_total_gb': 60, 'sdp_max_parallel': 0, 'qaoa_max_parallel': 8, 'sdp_threads': 1, 'qaoa_threads': 4, 'sdp_memory_limit_total_gb': 32, 'sdp_memory_limit_single_gb': 32, 'sdp_memory_poll_seconds': 5, 'sdp_max_retries': 3, 'queue_poll_interval_seconds': 5}, Running QAOA with equal superposition
Benchmark run ID: d836c1bd
Benchmark repeat index: 7
SDP seed override: 6000042
Processor: x86_64
Hostname: dacsgpu0002
Total RAM (GB): None
Physical cores: 64
Logical cores: 64
Python version: 3.11.15
Initialisation time: 0.00 seconds; started at stardate {'initialisation': 0.002920389175415039} and finished at stardate1781849781.3237753
Loaded HOG graph index 123 with 9 edges.
Instance generation for n=123 took 0.00 seconds; started at stardate 1781849781.3237793 and finished at stardate 1781849781.3264017
Running QAOA for n=7 nodes, m=9 edges...; Max iterations: 50
Warm-start cache: loading Results/warm_start_cache/triangleFree_connected_4to8vertices_176instances_AdjacencyList__filehash_279b7452/hog_idx000123_3f103f1de7e6_seed6000042_L1_M1_standard.npz
Warm-start cache: loaded in 0.0040 seconds; effective compute time=0.2692439556121826
Edges: [(0, 4), (2, 6), (3, 5), (0, 3), (4, 6), (1, 2), (1, 5), (4, 5), (3, 6)], weights: [1.0, 1.0, 1.0, 1.0, 1.0, 1.0, 1.0, 1.0, 1.0], set of nodes: {0, 1, 2, 3, 4, 5, 6}, n: 7 nodes, p: 3 layers, N_bayes: 50 iterations
Solving for uuid: 052d5f37
Initial state injected as warm start
Running ADAM optimization with a single iteration (no debug loop)
4.168194662499242
QAOA optimisation for n=123 took 175.85 seconds; started at stardate 1781849781.3264046 and finished at stardate 1781849957.1759055
Finished QAOA for n=7 nodes, m=9 edges at 2026-06-19 08:19:17 on x86_64. Time taken: 175.85 seconds. Hours: 0.05 hours. Peak RAM: 0.22 MB.
Unknown graph type for approximation ratio calculation; checking misc CSV.
Checking optimal_results_misc.csv for matching edges and weights...
Found matching exact result in misc CSV: 5.592582720643354
CSV writing for n=123 took 0.01 seconds; started at stardate 1781849957.1759126 and finished at stardate 1781849957.181271
results: {123: 4.168194662499242}
durations: {7: 175.84950494766235}
Results saved to: Results/logs/adam/qaoa_results_adam_20260618_142634_pid3141832.csv
Global end time: 1781849957.1812897
Finalisation time: 0.00 seconds; started at stardate 1781849957.1812844 and finished at stardate 1781849957.181293
Sum of all section times: 175.86 seconds
run_id: d836c1bd
