Starting QAOA benchmark with global start time: 1781888695.1262758
Benchmark parameters: {'optimiser': 'adam', 'optimiser_use_heuristic': True, 'heuristic_optimiser_iterations': 2, 'heuristic_optimiser_sampleSize': 1000, 'circuit_type': 'hamqaoa', 'parameter_vector': [1, 1, 1], 'iterations_list': [50], 'learning_rate_adam': 0.05, 'depth_list': [1, 3, 5], 'n_start': None, 'n_end': None, 'singlet_injection': False, 'start_index_singlet': None, 'warm_start': True, 'warm_start_mode': 'standard', 'lasserre_level': 1, 'initial_solver_level_M': 1, 'sdp_seed': 7000042, 'warm_start_corr_strength': None, 'warm_start_corr_repeats': None, 'compare_with_010101': False, 'init_QAOAparams_close_to_zero': False, 'use_correlations_as_initial_params': False, 'time_limit': 10800, 'failed_instance_termination_thrsh': None, 'graph_generation_type': 'hog', 'weighted': False, 'easiest_first': True, 'cpu_util_threshold': None, 'debug': False, 'save_circuit_svg': False, 'rerun_exclude_finished_instances': True, 'completed_result_csv_paths': ['Results/logs/adam/qaoa_results_adam_20260617_172309_pid3959588.csv'], 'warm_start_cache_producer_only': False, 'qaoa_only_from_existing_warm_start_cache': True, 'optimiser_debug_iterations': None, 'num_repeats': 10, 'relative_graph_adjList_path': 'HOG_graphs/triangleFree_connected_4to8vertices_176instances_AdjacencyList.txt', 'persistent_warm_start_cache': True, 'warm_start_cache_dir': 'Results/warm_start_cache', 'warm_start_cache_max_file_mb': 512, 'warm_start_cache_max_total_gb': 60, 'sdp_max_parallel': 0, 'qaoa_max_parallel': 8, 'sdp_threads': 1, 'qaoa_threads': 4, 'sdp_memory_limit_total_gb': 32, 'sdp_memory_limit_single_gb': 32, 'sdp_memory_poll_seconds': 5, 'sdp_max_retries': 3, 'queue_poll_interval_seconds': 5}, Running QAOA with equal superposition
Benchmark run ID: b527675b
Benchmark repeat index: 8
SDP seed override: 7000042
Processor: x86_64
Hostname: dacsgpu0002
Total RAM (GB): None
Physical cores: 64
Logical cores: 64
Python version: 3.11.15
Initialisation time: 0.00 seconds; started at stardate {'initialisation': 0.0033681392669677734} and finished at stardate1781888695.1296506
Loaded HOG graph index 159 with 8 edges.
Instance generation for n=159 took 0.00 seconds; started at stardate 1781888695.129657 and finished at stardate 1781888695.1320584
Running QAOA for n=8 nodes, m=8 edges...; Max iterations: 50
Warm-start cache: loading Results/warm_start_cache/triangleFree_connected_4to8vertices_176instances_AdjacencyList__filehash_279b7452/hog_idx000159_4b54cb71eeea_seed7000042_L1_M1_standard.npz
Warm-start cache: loaded in 0.0013 seconds; effective compute time=0.272735595703125
Edges: [(2, 6), (5, 7), (0, 7), (3, 4), (1, 5), (6, 7), (3, 6), (2, 4)], weights: [1.0, 1.0, 1.0, 1.0, 1.0, 1.0, 1.0, 1.0], set of nodes: {0, 1, 2, 3, 4, 5, 6, 7}, n: 8 nodes, p: 5 layers, N_bayes: 50 iterations
Solving for uuid: efb2f382
Initial state injected as warm start
Running ADAM optimization with a single iteration (no debug loop)
5.2795206608171865
QAOA optimisation for n=159 took 598.04 seconds; started at stardate 1781888695.1320617 and finished at stardate 1781889293.173085
Finished QAOA for n=8 nodes, m=8 edges at 2026-06-19 19:14:53 on x86_64. Time taken: 598.04 seconds. Hours: 0.17 hours. Peak RAM: 0.22 MB.
Unknown graph type for approximation ratio calculation; checking misc CSV.
Checking optimal_results_misc.csv for matching edges and weights...
Found matching exact result in misc CSV: 5.7107513315270095
CSV writing for n=159 took 0.01 seconds; started at stardate 1781889293.1730926 and finished at stardate 1781889293.1786816
results: {159: 5.2795206608171865}
durations: {8: 598.0410268306732}
Results saved to: Results/logs/adam/qaoa_results_adam_20260618_142634_pid3141832.csv
Global end time: 1781889293.178689
Finalisation time: 0.00 seconds; started at stardate 1781889293.1786838 and finished at stardate 1781889293.178692
Sum of all section times: 598.05 seconds
run_id: b527675b
