Starting QAOA benchmark with global start time: 1787606693.360058
Benchmark parameters: {'optimiser': 'adam', 'optimiser_use_heuristic': False, 'heuristic_optimiser_iterations': None, 'heuristic_optimiser_sampleSize': None, 'circuit_type': 'hamqaoa', 'parameter_vector': [1, 1, 1], 'iterations_list': [50], 'learning_rate_adam': 0.05, 'depth_list': [1, 2, 3, 4, 5], 'n_start': None, 'n_end': None, 'singlet_injection': False, 'start_index_singlet': None, 'warm_start': True, 'warm_start_mode': 'standard', 'lasserre_level': 2, 'initial_solver_level_M': 2, 'sdp_seed': None, 'sdp_solver_mode': 'scs', 'sdp_scs_eps': 1e-06, 'sdp_scs_max_iters': 100000, 'warm_start_corr_strength': None, 'warm_start_corr_repeats': None, 'compare_with_010101': False, 'init_QAOAparams_close_to_zero': False, 'use_correlations_as_initial_params': False, 'time_limit': None, 'failed_instance_termination_thrsh': None, 'graph_generation_type': 'hog', 'weighted': False, 'easiest_first': False, 'cpu_util_threshold': None, 'debug': False, 'save_circuit_svg': False, 'rerun_exclude_finished_instances': False, 'warm_start_cache_producer_only': False, 'qaoa_only_from_existing_warm_start_cache': True, 'optimiser_debug_iterations': None, 'num_repeats': 1, 'relative_graph_adjList_path': 'HOG_graphs/Exp5/cycle_graphs_3to12vertices_10instances_AdjacencyList.txt', 'persistent_warm_start_cache': True, 'warm_start_cache_dir': 'Results/warm_start_cache', 'warm_start_cache_max_file_mb': 512, 'warm_start_cache_max_total_gb': 60, 'sdp_max_parallel': 0, 'qaoa_max_parallel': 16, 'sdp_threads': 1, 'qaoa_threads': 1, 'sdp_memory_limit_total_gb': 0, 'sdp_memory_limit_single_gb': 0, 'sdp_memory_poll_seconds': 5, 'sdp_max_retries': 0, 'queue_poll_interval_seconds': 5, 'max_graph_vertices': 10, 'completed_result_csv_paths': [], 'qaoa_seed': 1, 'initialise_standard_warm_start_with_zero_angles': False, 'result_name_suffix': '_Exp5_subexp4_standardWithHeuristic_rerun2508'}, Running QAOA with equal superposition
Benchmark run ID: 18aa19f9
Benchmark repeat index: 1
SDP seed override: None
QAOA seed used: 1
Processor: x86_64
Hostname: dacsgpu0003
Total RAM (GB): None
Physical cores: 64
Logical cores: 64
Python version: 3.11.15
Initialisation time: 0.01 seconds; started at stardate {'initialisation': 0.012222528457641602} and finished at stardate1787606693.3722944
Loaded HOG graph index 1 with 4 edges.
Instance generation for n=1 took 0.01 seconds; started at stardate 1787606693.3723025 and finished at stardate 1787606693.3818827
Running QAOA for n=4 nodes, m=4 edges...; Max iterations: 50
Warm-start cache: loading Results/warm_start_cache/cycle_graphs_3to12vertices_10instances_AdjacencyList__filehash_1a582721/hog_idx000001_39af675d2bf7_noseed_L2_M2_standard.npz
Warm-start cache: loaded in 0.0024 seconds; effective compute time=3.422617197036743
Edges: [(1, 2), (0, 1), (2, 3), (0, 3)], weights: [1.0, 1.0, 1.0, 1.0], set of nodes: {0, 1, 2, 3}, n: 4 nodes, p: 1 layers, N_bayes: 50 iterations
Solving for uuid: 01eb074f
Initial state injected as warm start
Running ADAM optimization with a single iteration (no debug loop)
2.4408416121945065
QAOA optimisation for n=1 took 2.25 seconds; started at stardate 1787606693.3818886 and finished at stardate 1787606695.6354115
Finished QAOA for n=4 nodes, m=4 edges at 2026-08-24 23:24:55 on x86_64. Time taken: 2.25 seconds. Hours: 0.00 hours. Peak RAM: 0.22 MB.
Computing cycle approximation ratio
CSV writing for n=1 took 0.01 seconds; started at stardate 1787606695.6354198 and finished at stardate 1787606695.644129
results: {1: 2.4408416121945065}
durations: {4: 2.2535288333892822}
Results saved to: Results/logs/adam/qaoa_results_adam_20260824_232444_pid2110198_Exp5_subexp4_standardWithHeuristic_rerun2508.csv
Global end time: 1787606695.6441412
Finalisation time: 0.00 seconds; started at stardate 1787606695.6441336 and finished at stardate 1787606695.644146
Sum of all section times: 2.28 seconds
run_id: 18aa19f9
