Starting QAOA benchmark with global start time: 1787606689.9581406
Benchmark parameters: {'optimiser': 'adam', 'optimiser_use_heuristic': False, 'heuristic_optimiser_iterations': None, 'heuristic_optimiser_sampleSize': None, 'circuit_type': 'hamqaoa', 'parameter_vector': [1, 1, 1], 'iterations_list': [50], 'learning_rate_adam': 0.05, 'depth_list': [1, 2, 3, 4, 5], 'n_start': None, 'n_end': None, 'singlet_injection': False, 'start_index_singlet': None, 'warm_start': True, 'warm_start_mode': 'standard', 'lasserre_level': 2, 'initial_solver_level_M': 2, 'sdp_seed': None, 'sdp_solver_mode': 'scs', 'sdp_scs_eps': 1e-06, 'sdp_scs_max_iters': 100000, 'warm_start_corr_strength': None, 'warm_start_corr_repeats': None, 'compare_with_010101': False, 'init_QAOAparams_close_to_zero': False, 'use_correlations_as_initial_params': False, 'time_limit': None, 'failed_instance_termination_thrsh': None, 'graph_generation_type': 'hog', 'weighted': False, 'easiest_first': False, 'cpu_util_threshold': None, 'debug': False, 'save_circuit_svg': False, 'rerun_exclude_finished_instances': False, 'warm_start_cache_producer_only': False, 'qaoa_only_from_existing_warm_start_cache': True, 'optimiser_debug_iterations': None, 'num_repeats': 1, 'relative_graph_adjList_path': 'HOG_graphs/Exp5/cycle_graphs_3to12vertices_10instances_AdjacencyList.txt', 'persistent_warm_start_cache': True, 'warm_start_cache_dir': 'Results/warm_start_cache', 'warm_start_cache_max_file_mb': 512, 'warm_start_cache_max_total_gb': 60, 'sdp_max_parallel': 0, 'qaoa_max_parallel': 16, 'sdp_threads': 1, 'qaoa_threads': 1, 'sdp_memory_limit_total_gb': 0, 'sdp_memory_limit_single_gb': 0, 'sdp_memory_poll_seconds': 5, 'sdp_max_retries': 0, 'queue_poll_interval_seconds': 5, 'max_graph_vertices': 10, 'completed_result_csv_paths': [], 'qaoa_seed': 1, 'initialise_standard_warm_start_with_zero_angles': False, 'result_name_suffix': '_Exp5_subexp4_standardWithHeuristic_rerun2508'}, Running QAOA with equal superposition
Benchmark run ID: 0145cd52
Benchmark repeat index: 1
SDP seed override: None
QAOA seed used: 1
Processor: x86_64
Hostname: dacsgpu0003
Total RAM (GB): None
Physical cores: 64
Logical cores: 64
Python version: 3.11.15
Initialisation time: 0.00 seconds; started at stardate {'initialisation': 0.003571033477783203} and finished at stardate1787606689.961717
Loaded HOG graph index 6 with 9 edges.
Instance generation for n=6 took 0.00 seconds; started at stardate 1787606689.9617221 and finished at stardate 1787606689.962168
Running QAOA for n=9 nodes, m=9 edges...; Max iterations: 50
Warm-start cache: loading Results/warm_start_cache/cycle_graphs_3to12vertices_10instances_AdjacencyList__filehash_1a582721/hog_idx000006_babf04d63c05_noseed_L2_M2_standard.npz
Warm-start cache: loaded in 0.0032 seconds; effective compute time=1364.323740720749
Edges: [(0, 1), (2, 3), (1, 2), (5, 6), (3, 4), (7, 8), (4, 5), (0, 8), (6, 7)], weights: [1.0, 1.0, 1.0, 1.0, 1.0, 1.0, 1.0, 1.0, 1.0], set of nodes: {0, 1, 2, 3, 4, 5, 6, 7, 8}, n: 9 nodes, p: 5 layers, N_bayes: 50 iterations
Solving for uuid: 30e9512b
Initial state injected as warm start
Running ADAM optimization with a single iteration (no debug loop)
10.298104558780766
QAOA optimisation for n=6 took 34.47 seconds; started at stardate 1787606689.9621718 and finished at stardate 1787606724.4300172
Finished QAOA for n=9 nodes, m=9 edges at 2026-08-24 23:25:24 on x86_64. Time taken: 34.47 seconds. Hours: 0.01 hours. Peak RAM: 0.49 MB.
Computing cycle approximation ratio
CSV writing for n=6 took 0.01 seconds; started at stardate 1787606724.4300258 and finished at stardate 1787606724.4390736
results: {6: 10.298104558780766}
durations: {9: 34.46785020828247}
Results saved to: Results/logs/adam/qaoa_results_adam_20260824_232444_pid2110198_Exp5_subexp4_standardWithHeuristic_rerun2508.csv
Global end time: 1787606724.43909
Finalisation time: 0.00 seconds; started at stardate 1787606724.4390805 and finished at stardate 1787606724.4390948
Sum of all section times: 34.48 seconds
run_id: 0145cd52
