Starting QAOA benchmark with global start time: 1782117038.6607718
Benchmark parameters: {'optimiser': 'adam', 'optimiser_use_heuristic': True, 'heuristic_optimiser_iterations': 2, 'heuristic_optimiser_sampleSize': 1000, 'circuit_type': 'hamqaoa', 'parameter_vector': [1, 1, 1], 'iterations_list': [50], 'learning_rate_adam': 0.05, 'depth_list': [1, 3, 5], 'n_start': 15, 'n_end': 130, 'singlet_injection': False, 'start_index_singlet': None, 'warm_start': True, 'warm_start_mode': 'standard', 'lasserre_level': 2, 'initial_solver_level_M': 2, 'sdp_seed': 2000042, 'warm_start_corr_strength': None, 'warm_start_corr_repeats': None, 'compare_with_010101': False, 'init_QAOAparams_close_to_zero': False, 'use_correlations_as_initial_params': False, 'time_limit': 10800, 'failed_instance_termination_thrsh': None, 'graph_generation_type': 'hog', 'weighted': False, 'easiest_first': True, 'cpu_util_threshold': None, 'debug': False, 'save_circuit_svg': False, 'rerun_exclude_finished_instances': True, 'warm_start_cache_producer_only': False, 'qaoa_only_from_existing_warm_start_cache': True, 'optimiser_debug_iterations': None, 'num_repeats': 10, 'relative_graph_adjList_path': 'HOG_graphs/triangleFree_connected_4to8vertices_176instances_AdjacencyList.txt', 'completed_result_csv_paths': ['Results/logs/adam/qaoa_results_adam_20260617_173540_pid708337.csv'], 'persistent_warm_start_cache': True, 'warm_start_cache_dir': 'Results/warm_start_cache', 'warm_start_cache_max_file_mb': 512, 'warm_start_cache_max_total_gb': 60, 'sdp_max_parallel': 0, 'qaoa_max_parallel': 3, 'sdp_threads': 1, 'qaoa_threads': 7, 'sdp_memory_limit_total_gb': 1, 'sdp_memory_limit_single_gb': 1, 'sdp_memory_poll_seconds': 5, 'sdp_max_retries': 3, 'queue_poll_interval_seconds': 5}, Running QAOA with equal superposition
Benchmark run ID: 7b3f8106
Benchmark repeat index: 3
SDP seed override: 2000042
Processor: x86_64
Hostname: dacsvm-cpunode01
Total RAM (GB): None
Physical cores: 32
Logical cores: 32
Python version: 3.11.15
Initialisation time: 0.01 seconds; started at stardate {'initialisation': 0.0054187774658203125} and finished at stardate1782117038.6662014
Loaded HOG graph index 80 with 11 edges.
Instance generation for n=80 took 0.00 seconds; started at stardate 1782117038.666209 and finished at stardate 1782117038.66929
Running QAOA for n=8 nodes, m=11 edges...; Max iterations: 50
Warm-start cache: loading Results/warm_start_cache/triangleFree_connected_4to8vertices_176instances_AdjacencyList__filehash_279b7452/hog_idx000080_ad9a6bbf2891_seed2000042_L2_M2_standard.npz
Warm-start cache: loaded in 0.0024 seconds; effective compute time=4798.742842674255
Edges: [(2, 3), (1, 6), (0, 4), (2, 6), (0, 7), (3, 5), (1, 5), (4, 5), (3, 7), (6, 7), (2, 4)], weights: [1.0, 1.0, 1.0, 1.0, 1.0, 1.0, 1.0, 1.0, 1.0, 1.0, 1.0], set of nodes: {0, 1, 2, 3, 4, 5, 6, 7}, n: 8 nodes, p: 5 layers, N_bayes: 50 iterations
Solving for uuid: b514de0d
Initial state injected as warm start
Running ADAM optimization with a single iteration (no debug loop)
9.42268320100253
QAOA optimisation for n=80 took 495.69 seconds; started at stardate 1782117038.6692958 and finished at stardate 1782117534.3629138
Finished QAOA for n=8 nodes, m=11 edges at 2026-06-22 10:38:54 on x86_64. Time taken: 495.69 seconds. Hours: 0.14 hours. Peak RAM: 0.23 MB.
Unknown graph type for approximation ratio calculation; checking misc CSV.
Checking optimal_results_misc.csv for matching edges and weights...
Found matching exact result in misc CSV: 6.683833065357842
CSV writing for n=80 took 0.00 seconds; started at stardate 1782117534.3629203 and finished at stardate 1782117534.3663797
results: {80: 9.42268320100253}
durations: {8: 495.6936225891113}
Results saved to: Results/logs/adam/qaoa_results_adam_20260621_193700_pid2711608.csv
Global end time: 1782117534.3663886
Finalisation time: 0.00 seconds; started at stardate 1782117534.3663828 and finished at stardate 1782117534.3663921
Sum of all section times: 495.71 seconds
run_id: 7b3f8106
