Starting QAOA benchmark with global start time: 1782078780.8902807
Benchmark parameters: {'optimiser': 'adam', 'optimiser_use_heuristic': True, 'heuristic_optimiser_iterations': 2, 'heuristic_optimiser_sampleSize': 1000, 'circuit_type': 'hamqaoa', 'parameter_vector': [1, 1, 1], 'iterations_list': [50], 'learning_rate_adam': 0.05, 'depth_list': [1, 3, 5], 'n_start': 15, 'n_end': 130, 'singlet_injection': False, 'start_index_singlet': None, 'warm_start': True, 'warm_start_mode': 'standard', 'lasserre_level': 2, 'initial_solver_level_M': 2, 'sdp_seed': 2000042, 'warm_start_corr_strength': None, 'warm_start_corr_repeats': None, 'compare_with_010101': False, 'init_QAOAparams_close_to_zero': False, 'use_correlations_as_initial_params': False, 'time_limit': 10800, 'failed_instance_termination_thrsh': None, 'graph_generation_type': 'hog', 'weighted': False, 'easiest_first': True, 'cpu_util_threshold': None, 'debug': False, 'save_circuit_svg': False, 'rerun_exclude_finished_instances': True, 'warm_start_cache_producer_only': False, 'qaoa_only_from_existing_warm_start_cache': True, 'optimiser_debug_iterations': None, 'num_repeats': 10, 'relative_graph_adjList_path': 'HOG_graphs/triangleFree_connected_4to8vertices_176instances_AdjacencyList.txt', 'completed_result_csv_paths': ['Results/logs/adam/qaoa_results_adam_20260617_173540_pid708337.csv'], 'persistent_warm_start_cache': True, 'warm_start_cache_dir': 'Results/warm_start_cache', 'warm_start_cache_max_file_mb': 512, 'warm_start_cache_max_total_gb': 60, 'sdp_max_parallel': 0, 'qaoa_max_parallel': 3, 'sdp_threads': 1, 'qaoa_threads': 7, 'sdp_memory_limit_total_gb': 1, 'sdp_memory_limit_single_gb': 1, 'sdp_memory_poll_seconds': 5, 'sdp_max_retries': 3, 'queue_poll_interval_seconds': 5}, Running QAOA with equal superposition
Benchmark run ID: f68ac1b3
Benchmark repeat index: 3
SDP seed override: 2000042
Processor: x86_64
Hostname: dacsvm-cpunode01
Total RAM (GB): None
Physical cores: 32
Logical cores: 32
Python version: 3.11.15
Initialisation time: 0.00 seconds; started at stardate {'initialisation': 0.00493931770324707} and finished at stardate1782078780.895226
Loaded HOG graph index 56 with 7 edges.
Instance generation for n=56 took 0.00 seconds; started at stardate 1782078780.8952308 and finished at stardate 1782078780.897678
Running QAOA for n=6 nodes, m=7 edges...; Max iterations: 50
Warm-start cache: loading Results/warm_start_cache/triangleFree_connected_4to8vertices_176instances_AdjacencyList__filehash_279b7452/hog_idx000056_cbcc7c9c36ce_seed2000042_L2_M2_standard.npz
Warm-start cache: loaded in 0.0027 seconds; effective compute time=323.71312260627747
Edges: [(3, 5), (3, 4), (1, 5), (2, 5), (0, 5), (1, 4), (2, 4)], weights: [1.0, 1.0, 1.0, 1.0, 1.0, 1.0, 1.0], set of nodes: {0, 1, 2, 3, 4, 5}, n: 6 nodes, p: 1 layers, N_bayes: 50 iterations
Solving for uuid: 6d25f1c2
Initial state injected as warm start
Running ADAM optimization with a single iteration (no debug loop)
3.69024507093697
QAOA optimisation for n=56 took 23.70 seconds; started at stardate 1782078780.8976815 and finished at stardate 1782078804.594763
Finished QAOA for n=6 nodes, m=7 edges at 2026-06-21 23:53:24 on x86_64. Time taken: 23.70 seconds. Hours: 0.01 hours. Peak RAM: 0.22 MB.
Unknown graph type for approximation ratio calculation; checking misc CSV.
Checking optimal_results_misc.csv for matching edges and weights...
Found matching exact result in misc CSV: 4.472997601114035
CSV writing for n=56 took 0.00 seconds; started at stardate 1782078804.5947719 and finished at stardate 1782078804.599024
results: {56: 3.69024507093697}
durations: {6: 23.697086572647095}
Results saved to: Results/logs/adam/qaoa_results_adam_20260621_193700_pid2711608.csv
Global end time: 1782078804.5990357
Finalisation time: 0.00 seconds; started at stardate 1782078804.5990276 and finished at stardate 1782078804.5990407
Sum of all section times: 23.71 seconds
run_id: f68ac1b3
