Starting QAOA benchmark with global start time: 1782092435.4190805
Benchmark parameters: {'optimiser': 'adam', 'optimiser_use_heuristic': True, 'heuristic_optimiser_iterations': 2, 'heuristic_optimiser_sampleSize': 1000, 'circuit_type': 'hamqaoa', 'parameter_vector': [1, 1, 1], 'iterations_list': [50], 'learning_rate_adam': 0.05, 'depth_list': [1, 3, 5], 'n_start': 15, 'n_end': 130, 'singlet_injection': False, 'start_index_singlet': None, 'warm_start': True, 'warm_start_mode': 'standard', 'lasserre_level': 2, 'initial_solver_level_M': 2, 'sdp_seed': 4000042, 'warm_start_corr_strength': None, 'warm_start_corr_repeats': None, 'compare_with_010101': False, 'init_QAOAparams_close_to_zero': False, 'use_correlations_as_initial_params': False, 'time_limit': 10800, 'failed_instance_termination_thrsh': None, 'graph_generation_type': 'hog', 'weighted': False, 'easiest_first': True, 'cpu_util_threshold': None, 'debug': False, 'save_circuit_svg': False, 'rerun_exclude_finished_instances': True, 'warm_start_cache_producer_only': False, 'qaoa_only_from_existing_warm_start_cache': True, 'optimiser_debug_iterations': None, 'num_repeats': 10, 'relative_graph_adjList_path': 'HOG_graphs/triangleFree_connected_4to8vertices_176instances_AdjacencyList.txt', 'completed_result_csv_paths': ['Results/logs/adam/qaoa_results_adam_20260617_173540_pid708337.csv'], 'persistent_warm_start_cache': True, 'warm_start_cache_dir': 'Results/warm_start_cache', 'warm_start_cache_max_file_mb': 512, 'warm_start_cache_max_total_gb': 60, 'sdp_max_parallel': 0, 'qaoa_max_parallel': 3, 'sdp_threads': 1, 'qaoa_threads': 7, 'sdp_memory_limit_total_gb': 1, 'sdp_memory_limit_single_gb': 1, 'sdp_memory_poll_seconds': 5, 'sdp_max_retries': 3, 'queue_poll_interval_seconds': 5}, Running QAOA with equal superposition
Benchmark run ID: 40ac0e3c
Benchmark repeat index: 5
SDP seed override: 4000042
Processor: x86_64
Hostname: dacsvm-cpunode01
Total RAM (GB): None
Physical cores: 32
Logical cores: 32
Python version: 3.11.15
Initialisation time: 0.00 seconds; started at stardate {'initialisation': 0.00376129150390625} and finished at stardate1782092435.4228485
Loaded HOG graph index 65 with 9 edges.
Instance generation for n=65 took 0.00 seconds; started at stardate 1782092435.4228535 and finished at stardate 1782092435.4248133
Running QAOA for n=7 nodes, m=9 edges...; Max iterations: 50
Warm-start cache: loading Results/warm_start_cache/triangleFree_connected_4to8vertices_176instances_AdjacencyList__filehash_279b7452/hog_idx000065_7c60ba700ffd_seed4000042_L2_M2_standard.npz
Warm-start cache: loaded in 0.0022 seconds; effective compute time=978.136435508728
Edges: [(1, 3), (0, 4), (2, 6), (3, 5), (4, 6), (1, 2), (4, 5), (2, 5), (3, 6)], weights: [1.0, 1.0, 1.0, 1.0, 1.0, 1.0, 1.0, 1.0, 1.0], set of nodes: {0, 1, 2, 3, 4, 5, 6}, n: 7 nodes, p: 1 layers, N_bayes: 50 iterations
Solving for uuid: a02c8dd5
Initial state injected as warm start
Running ADAM optimization with a single iteration (no debug loop)
6.885643310778285
QAOA optimisation for n=65 took 30.23 seconds; started at stardate 1782092435.4248166 and finished at stardate 1782092465.6553593
Finished QAOA for n=7 nodes, m=9 edges at 2026-06-22 03:41:05 on x86_64. Time taken: 30.23 seconds. Hours: 0.01 hours. Peak RAM: 0.22 MB.
Unknown graph type for approximation ratio calculation; checking misc CSV.
Checking optimal_results_misc.csv for matching edges and weights...
Found matching exact result in misc CSV: 5.892143963959886
CSV writing for n=65 took 0.00 seconds; started at stardate 1782092465.6553657 and finished at stardate 1782092465.6587431
results: {65: 6.885643310778285}
durations: {7: 30.230546474456787}
Results saved to: Results/logs/adam/qaoa_results_adam_20260621_193700_pid2711608.csv
Global end time: 1782092465.6587515
Finalisation time: 0.00 seconds; started at stardate 1782092465.6587458 and finished at stardate 1782092465.6587548
Sum of all section times: 30.24 seconds
run_id: 40ac0e3c
