Starting QAOA benchmark with global start time: 1782084522.6774802
Benchmark parameters: {'optimiser': 'adam', 'optimiser_use_heuristic': True, 'heuristic_optimiser_iterations': 2, 'heuristic_optimiser_sampleSize': 1000, 'circuit_type': 'hamqaoa', 'parameter_vector': [1, 1, 1], 'iterations_list': [50], 'learning_rate_adam': 0.05, 'depth_list': [1, 3, 5], 'n_start': 15, 'n_end': 130, 'singlet_injection': False, 'start_index_singlet': None, 'warm_start': True, 'warm_start_mode': 'standard', 'lasserre_level': 2, 'initial_solver_level_M': 2, 'sdp_seed': 42, 'warm_start_corr_strength': None, 'warm_start_corr_repeats': None, 'compare_with_010101': False, 'init_QAOAparams_close_to_zero': False, 'use_correlations_as_initial_params': False, 'time_limit': 10800, 'failed_instance_termination_thrsh': None, 'graph_generation_type': 'hog', 'weighted': False, 'easiest_first': True, 'cpu_util_threshold': None, 'debug': False, 'save_circuit_svg': False, 'rerun_exclude_finished_instances': True, 'warm_start_cache_producer_only': False, 'qaoa_only_from_existing_warm_start_cache': True, 'optimiser_debug_iterations': None, 'num_repeats': 10, 'relative_graph_adjList_path': 'HOG_graphs/triangleFree_connected_4to8vertices_176instances_AdjacencyList.txt', 'completed_result_csv_paths': ['Results/logs/adam/qaoa_results_adam_20260617_173540_pid708337.csv'], 'persistent_warm_start_cache': True, 'warm_start_cache_dir': 'Results/warm_start_cache', 'warm_start_cache_max_file_mb': 512, 'warm_start_cache_max_total_gb': 60, 'sdp_max_parallel': 0, 'qaoa_max_parallel': 3, 'sdp_threads': 1, 'qaoa_threads': 7, 'sdp_memory_limit_total_gb': 1, 'sdp_memory_limit_single_gb': 1, 'sdp_memory_poll_seconds': 5, 'sdp_max_retries': 3, 'queue_poll_interval_seconds': 5}, Running QAOA with equal superposition
Benchmark run ID: 8e1ccf0c
Benchmark repeat index: 1
SDP seed override: 42
Processor: x86_64
Hostname: dacsvm-cpunode01
Total RAM (GB): None
Physical cores: 32
Logical cores: 32
Python version: 3.11.15
Initialisation time: 0.00 seconds; started at stardate {'initialisation': 0.004599571228027344} and finished at stardate1782084522.682091
Loaded HOG graph index 60 with 8 edges.
Instance generation for n=60 took 0.00 seconds; started at stardate 1782084522.682095 and finished at stardate 1782084522.6838748
Running QAOA for n=6 nodes, m=8 edges...; Max iterations: 50
Warm-start cache: loading Results/warm_start_cache/triangleFree_connected_4to8vertices_176instances_AdjacencyList__filehash_279b7452/hog_idx000060_4887f0dd899b_seed42_L2_M2_standard.npz
Warm-start cache: loaded in 0.0009 seconds; effective compute time=273.29558205604553
Edges: [(0, 4), (3, 5), (3, 4), (1, 5), (2, 5), (0, 5), (1, 4), (2, 4)], weights: [1.0, 1.0, 1.0, 1.0, 1.0, 1.0, 1.0, 1.0], set of nodes: {0, 1, 2, 3, 4, 5}, n: 6 nodes, p: 3 layers, N_bayes: 50 iterations
Solving for uuid: bbd1f2fb
Initial state injected as warm start
Running ADAM optimization with a single iteration (no debug loop)
6.466495567378443
QAOA optimisation for n=60 took 100.17 seconds; started at stardate 1782084522.6838784 and finished at stardate 1782084622.8516653
Finished QAOA for n=6 nodes, m=8 edges at 2026-06-22 01:30:22 on x86_64. Time taken: 100.17 seconds. Hours: 0.03 hours. Peak RAM: 0.22 MB.
Unknown graph type for approximation ratio calculation; checking misc CSV.
Checking optimal_results_misc.csv for matching edges and weights...
Found matching exact result in misc CSV: 5.000000000000018
CSV writing for n=60 took 0.01 seconds; started at stardate 1782084622.851673 and finished at stardate 1782084622.8567462
results: {60: 6.466495567378443}
durations: {6: 100.16779112815857}
Results saved to: Results/logs/adam/qaoa_results_adam_20260621_193700_pid2711608.csv
Global end time: 1782084622.8567553
Finalisation time: 0.00 seconds; started at stardate 1782084622.8567493 and finished at stardate 1782084622.8567586
Sum of all section times: 100.18 seconds
run_id: 8e1ccf0c
