Starting QAOA benchmark with global start time: 1787336158.9190037
Benchmark parameters: {'optimiser': 'adam', 'optimiser_use_heuristic': True, 'heuristic_optimiser_iterations': 1, 'heuristic_optimiser_sampleSize': 10, 'circuit_type': 'hamqaoa', 'parameter_vector': [1, 1, 1], 'iterations_list': [50], 'learning_rate_adam': 0.05, 'depth_list': [1, 2, 3, 4, 5], 'n_start': None, 'n_end': None, 'singlet_injection': False, 'start_index_singlet': None, 'warm_start': True, 'warm_start_mode': 'amplified', 'lasserre_level': 2, 'initial_solver_level_M': 2, 'sdp_seed': None, 'sdp_solver_mode': 'scs', 'sdp_scs_eps': 1e-06, 'sdp_scs_max_iters': 100000, 'warm_start_corr_strength': None, 'warm_start_corr_repeats': None, 'compare_with_010101': False, 'init_QAOAparams_close_to_zero': False, 'use_correlations_as_initial_params': False, 'time_limit': None, 'failed_instance_termination_thrsh': None, 'graph_generation_type': 'hog', 'weighted': False, 'easiest_first': False, 'cpu_util_threshold': None, 'debug': False, 'save_circuit_svg': False, 'rerun_exclude_finished_instances': True, 'warm_start_cache_producer_only': False, 'qaoa_only_from_existing_warm_start_cache': True, 'optimiser_debug_iterations': None, 'num_repeats': 1, 'relative_graph_adjList_path': 'HOG_graphs/Exp5/list_388_graphs_adjacency_list_hog_v04-12_regular.txt', 'persistent_warm_start_cache': True, 'warm_start_cache_dir': 'Results/warm_start_cache', 'warm_start_cache_max_file_mb': 512, 'warm_start_cache_max_total_gb': 60, 'sdp_max_parallel': 0, 'qaoa_max_parallel': 16, 'sdp_threads': 1, 'qaoa_threads': 1, 'sdp_memory_limit_total_gb': 0, 'sdp_memory_limit_single_gb': 0, 'sdp_memory_poll_seconds': 5, 'sdp_max_retries': 0, 'queue_poll_interval_seconds': 5, 'max_graph_vertices': 11, 'completed_result_csv_paths': [], 'qaoa_seed': 1, 'initialise_standard_warm_start_with_zero_angles': False, 'result_name_suffix': '_Exp7_AmplifiedWithHeuristic'}, Running QAOA with equal superposition
Benchmark run ID: 50522a7b
Benchmark repeat index: 1
SDP seed override: None
QAOA seed: 2100001
Processor: x86_64
Hostname: dacsgpu0003
Total RAM (GB): None
Physical cores: 64
Logical cores: 64
Python version: 3.11.15
Initialisation time: 0.04 seconds; started at stardate {'initialisation': 0.03945517539978027} and finished at stardate1787336158.958473
Loaded HOG graph index 21 with 12 edges.
Instance generation for n=21 took 0.34 seconds; started at stardate 1787336158.958482 and finished at stardate 1787336159.3026369
Running QAOA for n=8 nodes, m=12 edges...; Max iterations: 50
Warm-start cache: loading Results/warm_start_cache/list_388_graphs_adjacency_list_hog_v04-12_regular__filehash_5b7f8d46/hog_idx000021_e3f2dc2813e8_noseed_L2_M2_amplified.npz
Warm-start cache: loaded in 0.0143 seconds; effective compute time=650.808700799942
Edges: [(2, 7), (0, 1), (1, 6), (4, 7), (0, 3), (5, 6), (4, 5), (3, 7), (2, 5), (1, 4), (0, 2), (3, 6)], weights: [1.0, 1.0, 1.0, 1.0, 1.0, 1.0, 1.0, 1.0, 1.0, 1.0, 1.0, 1.0], set of nodes: {0, 1, 2, 3, 4, 5, 6, 7}, n: 8 nodes, p: 1 layers, N_bayes: 50 iterations
Solving for uuid: ff9bc17f
Initial state injected as warm start
Warm start correlations applied in the form of weak entanglement
Running ADAM optimization with a single iteration (no debug loop)
6.575965622385809
QAOA optimisation for n=21 took 12.64 seconds; started at stardate 1787336159.302645 and finished at stardate 1787336171.9389849
Finished QAOA for n=8 nodes, m=12 edges at 2026-08-21 20:16:11 on x86_64. Time taken: 12.64 seconds. Hours: 0.00 hours. Peak RAM: 0.24 MB.
Unknown graph type for approximation ratio calculation; checking misc CSV.
Checking optimal_results_misc.csv for matching edges and weights...
Found matching exact result in misc CSV: 7.38848974754172
CSV writing for n=21 took 0.05 seconds; started at stardate 1787336171.938995 and finished at stardate 1787336171.9932804
results: {21: 6.575965622385809}
durations: {8: 12.63634729385376}
Results saved to: Results/logs/adam/qaoa_results_adam_20260821_171829_pid3708704_Exp7_AmplifiedWithHeuristic.csv
Global end time: 1787336171.9933069
Finalisation time: 0.00 seconds; started at stardate 1787336171.9932902 and finished at stardate 1787336171.9933114
Sum of all section times: 13.07 seconds
run_id: 50522a7b
