Starting QAOA benchmark with global start time: 1786917316.8578758
Benchmark parameters: {'optimiser': 'adam', 'optimiser_use_heuristic': True, 'heuristic_optimiser_iterations': 1, 'heuristic_optimiser_sampleSize': 20, 'circuit_type': 'hamqaoa', 'parameter_vector': [1, 1, 1], 'iterations_list': [50], 'learning_rate_adam': 0.01, 'depth_list': [1, 2, 3, 5], 'n_start': None, 'n_end': None, 'singlet_injection': False, 'start_index_singlet': None, 'warm_start': True, 'warm_start_mode': 'standard', 'lasserre_level': 2, 'initial_solver_level_M': 2, 'sdp_seed': None, 'sdp_solver_mode': 'scs', 'sdp_scs_eps': 1e-06, 'sdp_scs_max_iters': 100000, 'warm_start_corr_strength': None, 'warm_start_corr_repeats': None, 'compare_with_010101': False, 'init_QAOAparams_close_to_zero': False, 'use_correlations_as_initial_params': False, 'time_limit': None, 'failed_instance_termination_thrsh': None, 'graph_generation_type': 'hog', 'weighted': False, 'easiest_first': True, 'cpu_util_threshold': None, 'debug': False, 'save_circuit_svg': False, 'rerun_exclude_finished_instances': True, 'warm_start_cache_producer_only': False, 'qaoa_only_from_existing_warm_start_cache': True, 'optimiser_debug_iterations': None, 'num_repeats': 1, 'relative_graph_adjList_path': 'HOG_graphs/Exp5/list_454_graphs_adjacency_listhog_v04-12_bipartite.txt', 'persistent_warm_start_cache': True, 'warm_start_cache_dir': 'Results/warm_start_cache', 'warm_start_cache_max_file_mb': 512, 'warm_start_cache_max_total_gb': 60, 'sdp_max_parallel': 0, 'qaoa_max_parallel': 16, 'sdp_threads': 1, 'qaoa_threads': 1, 'sdp_memory_limit_total_gb': 0, 'sdp_memory_limit_single_gb': 0, 'sdp_memory_poll_seconds': 5, 'sdp_max_retries': 0, 'queue_poll_interval_seconds': 5, 'max_graph_vertices': 11, 'completed_result_csv_paths': [], 'qaoa_seed': 1, 'initialise_standard_warm_start_with_zero_angles': False, 'result_name_suffix': '_Exp5_subexp4_standardWithHeuristic'}, Running QAOA with equal superposition
Benchmark run ID: 6032ac53
Benchmark repeat index: 1
SDP seed override: None
QAOA seed: 28300401
Processor: x86_64
Hostname: dacsvm-cpunode01
Total RAM (GB): None
Physical cores: 32
Logical cores: 32
Python version: 3.11.15
Initialisation time: 0.01 seconds; started at stardate {'initialisation': 0.005567312240600586} and finished at stardate1786917316.863449
Loaded HOG graph index 283 with 10 edges.
Instance generation for n=283 took 0.01 seconds; started at stardate 1786917316.8634536 and finished at stardate 1786917316.872284
Running QAOA for n=11 nodes, m=10 edges...; Max iterations: 50
Warm-start cache: loading Results/warm_start_cache/list_454_graphs_adjacency_listhog_v04-12_bipartite__filehash_0815e7e8/hog_idx000283_cd943d7ed801_noseed_L2_M2_standard.npz
Warm-start cache: loaded in 0.0070 seconds; effective compute time=17668.315098285675
Edges: [(3, 9), (5, 8), (0, 10), (5, 10), (7, 9), (2, 9), (4, 6), (7, 8), (6, 10), (1, 10)], weights: [1.0, 1.0, 1.0, 1.0, 1.0, 1.0, 1.0, 1.0, 1.0, 1.0], set of nodes: {0, 1, 2, 3, 4, 5, 6, 7, 8, 9, 10}, n: 11 nodes, p: 5 layers, N_bayes: 50 iterations
Solving for uuid: 4c486e5c
Initial state injected as warm start
Running ADAM optimization with a single iteration (no debug loop)
8.798618431504881
QAOA optimisation for n=283 took 1233.25 seconds; started at stardate 1786917316.8722882 and finished at stardate 1786918550.126612
Finished QAOA for n=11 nodes, m=10 edges at 2026-08-17 00:15:50 on x86_64. Time taken: 1233.25 seconds. Hours: 0.34 hours. Peak RAM: 4.7 MB.
Unknown graph type for approximation ratio calculation; checking misc CSV.
Checking optimal_results_misc.csv for matching edges and weights...
Found matching exact result in misc CSV: 6.7070419442624845
CSV writing for n=283 took 0.01 seconds; started at stardate 1786918550.1266196 and finished at stardate 1786918550.1336408
results: {283: 8.798618431504881}
durations: {11: 1233.2543280124664}
Results saved to: Results/logs/adam/qaoa_results_adam_20260816_152257_pid46858_Exp5_subexp4_standardWithHeuristic.csv
Global end time: 1786918550.1336517
Finalisation time: 0.00 seconds; started at stardate 1786918550.1336446 and finished at stardate 1786918550.1336558
Sum of all section times: 1233.28 seconds
run_id: 6032ac53
