Starting QAOA benchmark with global start time: 1787598843.0427861
Benchmark parameters: {'optimiser': 'adam', 'optimiser_use_heuristic': False, 'heuristic_optimiser_iterations': None, 'heuristic_optimiser_sampleSize': None, 'circuit_type': 'hamqaoa', 'parameter_vector': [1, 1, 1], 'iterations_list': [50], 'learning_rate_adam': 0.05, 'depth_list': [1, 2, 3, 4, 5], 'n_start': None, 'n_end': None, 'singlet_injection': False, 'start_index_singlet': None, 'warm_start': True, 'warm_start_mode': 'standard', 'lasserre_level': 1, 'initial_solver_level_M': 1, 'sdp_seed': None, 'sdp_solver_mode': 'scs', 'sdp_scs_eps': 1e-06, 'sdp_scs_max_iters': 100000, 'warm_start_corr_strength': None, 'warm_start_corr_repeats': None, 'compare_with_010101': False, 'init_QAOAparams_close_to_zero': False, 'use_correlations_as_initial_params': False, 'time_limit': None, 'failed_instance_termination_thrsh': None, 'graph_generation_type': 'hog', 'weighted': False, 'easiest_first': False, 'cpu_util_threshold': None, 'debug': False, 'save_circuit_svg': False, 'rerun_exclude_finished_instances': False, 'warm_start_cache_producer_only': False, 'qaoa_only_from_existing_warm_start_cache': True, 'optimiser_debug_iterations': None, 'num_repeats': 1, 'relative_graph_adjList_path': 'HOG_graphs/Exp5/list_193_graphs_adjacency_listhog_v04-12_planar_clawFree.txt', 'persistent_warm_start_cache': True, 'warm_start_cache_dir': 'Results/warm_start_cache', 'warm_start_cache_max_file_mb': 512, 'warm_start_cache_max_total_gb': 60, 'sdp_max_parallel': 0, 'qaoa_max_parallel': 16, 'sdp_threads': 1, 'qaoa_threads': 1, 'sdp_memory_limit_total_gb': 0, 'sdp_memory_limit_single_gb': 0, 'sdp_memory_poll_seconds': 5, 'sdp_max_retries': 0, 'queue_poll_interval_seconds': 5, 'max_graph_vertices': 10, 'completed_result_csv_paths': [], 'qaoa_seed': 1, 'initialise_standard_warm_start_with_zero_angles': False, 'result_name_suffix': '_Exp5_subexp4_standardWithHeuristic_rerun2408'}, Running QAOA with equal superposition
Benchmark run ID: 4976a4f6
Benchmark repeat index: 1
SDP seed override: None
QAOA seed: 18800001
Processor: x86_64
Hostname: dacsgpu0003
Total RAM (GB): None
Physical cores: 64
Logical cores: 64
Python version: 3.11.15
Initialisation time: 0.04 seconds; started at stardate {'initialisation': 0.04276776313781738} and finished at stardate1787598843.0855675
Loaded HOG graph index 188 with 21 edges.
Instance generation for n=188 took 0.01 seconds; started at stardate 1787598843.0855768 and finished at stardate 1787598843.0941846
Running QAOA for n=9 nodes, m=21 edges...; Max iterations: 50
Warm-start cache: loading Results/warm_start_cache/list_193_graphs_adjacency_listhog_v04-12_planar_clawFree__filehash_62ae5075/hog_idx000188_301c312b0a2b_noseed_L1_M1_amplified.npz
Warm-start cache: loaded in 0.0020 seconds; effective compute time=0.18233847618103027
Edges: [(3, 5), (4, 6), (7, 8), (1, 4), (5, 7), (3, 4), (2, 8), (4, 5), (3, 7), (2, 5), (4, 8), (1, 6), (0, 7), (6, 8), (3, 6), (2, 7), (0, 3), (1, 8), (0, 6), (5, 8), (6, 7)], weights: [1.0, 1.0, 1.0, 1.0, 1.0, 1.0, 1.0, 1.0, 1.0, 1.0, 1.0, 1.0, 1.0, 1.0, 1.0, 1.0, 1.0, 1.0, 1.0, 1.0, 1.0], set of nodes: {0, 1, 2, 3, 4, 5, 6, 7, 8}, n: 9 nodes, p: 1 layers, N_bayes: 50 iterations
Solving for uuid: 43551ebf
Initial state injected as warm start
Running ADAM optimization with a single iteration (no debug loop)
6.987316342685389
QAOA optimisation for n=188 took 24.68 seconds; started at stardate 1787598843.094191 and finished at stardate 1787598867.777543
Finished QAOA for n=9 nodes, m=21 edges at 2026-08-24 21:14:27 on x86_64. Time taken: 24.68 seconds. Hours: 0.01 hours. Peak RAM: 0.3 MB.
Unknown graph type for approximation ratio calculation; checking misc CSV.
Checking optimal_results_misc.csv for matching edges and weights...
Found matching exact result in misc CSV: 9.231102682662177
CSV writing for n=188 took 0.02 seconds; started at stardate 1787598867.777552 and finished at stardate 1787598867.7932358
results: {188: 6.987316342685389}
durations: {9: 24.683358430862427}
Results saved to: Results/logs/adam/qaoa_results_adam_20260824_205204_pid3755788_Exp5_subexp4_standardWithHeuristic_rerun2408.csv
Global end time: 1787598867.7932572
Finalisation time: 0.00 seconds; started at stardate 1787598867.7932448 and finished at stardate 1787598867.7932625
Sum of all section times: 24.75 seconds
run_id: 4976a4f6
