Starting QAOA benchmark with global start time: 1787600606.4888527
Benchmark parameters: {'optimiser': 'adam', 'optimiser_use_heuristic': False, 'heuristic_optimiser_iterations': None, 'heuristic_optimiser_sampleSize': None, 'circuit_type': 'hamqaoa', 'parameter_vector': [1, 1, 1], 'iterations_list': [50], 'learning_rate_adam': 0.05, 'depth_list': [1, 2, 3, 4, 5], 'n_start': None, 'n_end': None, 'singlet_injection': False, 'start_index_singlet': None, 'warm_start': True, 'warm_start_mode': 'standard', 'lasserre_level': 1, 'initial_solver_level_M': 1, 'sdp_seed': None, 'sdp_solver_mode': 'scs', 'sdp_scs_eps': 1e-06, 'sdp_scs_max_iters': 100000, 'warm_start_corr_strength': None, 'warm_start_corr_repeats': None, 'compare_with_010101': False, 'init_QAOAparams_close_to_zero': False, 'use_correlations_as_initial_params': False, 'time_limit': None, 'failed_instance_termination_thrsh': None, 'graph_generation_type': 'hog', 'weighted': False, 'easiest_first': False, 'cpu_util_threshold': None, 'debug': False, 'save_circuit_svg': False, 'rerun_exclude_finished_instances': False, 'warm_start_cache_producer_only': False, 'qaoa_only_from_existing_warm_start_cache': True, 'optimiser_debug_iterations': None, 'num_repeats': 1, 'relative_graph_adjList_path': 'HOG_graphs/Exp5/list_193_graphs_adjacency_listhog_v04-12_planar_clawFree.txt', 'persistent_warm_start_cache': True, 'warm_start_cache_dir': 'Results/warm_start_cache', 'warm_start_cache_max_file_mb': 512, 'warm_start_cache_max_total_gb': 60, 'sdp_max_parallel': 0, 'qaoa_max_parallel': 16, 'sdp_threads': 1, 'qaoa_threads': 1, 'sdp_memory_limit_total_gb': 0, 'sdp_memory_limit_single_gb': 0, 'sdp_memory_poll_seconds': 5, 'sdp_max_retries': 0, 'queue_poll_interval_seconds': 5, 'max_graph_vertices': 10, 'completed_result_csv_paths': [], 'qaoa_seed': 1, 'initialise_standard_warm_start_with_zero_angles': False, 'result_name_suffix': '_Exp5_subexp4_standardWithHeuristic_rerun2408'}, Running QAOA with equal superposition
Benchmark run ID: 2c0e458b
Benchmark repeat index: 1
SDP seed override: None
QAOA seed: 3200401
Processor: x86_64
Hostname: dacsgpu0003
Total RAM (GB): None
Physical cores: 64
Logical cores: 64
Python version: 3.11.15
Initialisation time: 0.02 seconds; started at stardate {'initialisation': 0.01528477668762207} and finished at stardate1787600606.5041506
Loaded HOG graph index 32 with 10 edges.
Instance generation for n=32 took 0.01 seconds; started at stardate 1787600606.5041585 and finished at stardate 1787600606.5135005
Running QAOA for n=7 nodes, m=10 edges...; Max iterations: 50
Warm-start cache: loading Results/warm_start_cache/list_193_graphs_adjacency_listhog_v04-12_planar_clawFree__filehash_62ae5075/hog_idx000032_7539aa56fe3c_noseed_L1_M1_amplified.npz
Warm-start cache: loaded in 0.0049 seconds; effective compute time=0.14106178283691406
Edges: [(2, 3), (1, 6), (3, 5), (4, 6), (5, 6), (3, 4), (4, 5), (0, 5), (3, 6), (2, 4)], weights: [1.0, 1.0, 1.0, 1.0, 1.0, 1.0, 1.0, 1.0, 1.0, 1.0], set of nodes: {0, 1, 2, 3, 4, 5, 6}, n: 7 nodes, p: 5 layers, N_bayes: 50 iterations
Solving for uuid: 8560f190
Initial state injected as warm start
Running ADAM optimization with a single iteration (no debug loop)
4.859845400782838
QAOA optimisation for n=32 took 27.95 seconds; started at stardate 1787600606.513507 and finished at stardate 1787600634.462198
Finished QAOA for n=7 nodes, m=10 edges at 2026-08-24 21:43:54 on x86_64. Time taken: 27.95 seconds. Hours: 0.01 hours. Peak RAM: 0.26 MB.
Unknown graph type for approximation ratio calculation; checking misc CSV.
Checking optimal_results_misc.csv for matching edges and weights...
Found matching exact result in misc CSV: 5.413778412130371
CSV writing for n=32 took 0.05 seconds; started at stardate 1787600634.4622087 and finished at stardate 1787600634.5073254
results: {32: 4.859845400782838}
durations: {7: 27.94869875907898}
Results saved to: Results/logs/adam/qaoa_results_adam_20260824_205204_pid3755788_Exp5_subexp4_standardWithHeuristic_rerun2408.csv
Global end time: 1787600634.507345
Finalisation time: 0.00 seconds; started at stardate 1787600634.5073326 and finished at stardate 1787600634.5073497
Sum of all section times: 28.02 seconds
run_id: 2c0e458b
