Starting QAOA benchmark with global start time: 1787266542.3035433
Benchmark parameters: {'optimiser': 'adam', 'optimiser_use_heuristic': False, 'heuristic_optimiser_iterations': None, 'heuristic_optimiser_sampleSize': None, 'circuit_type': 'hamqaoa', 'parameter_vector': [1, 1, 1], 'iterations_list': [50], 'learning_rate_adam': 0.01, 'depth_list': [1, 2, 3, 4, 5], 'n_start': None, 'n_end': None, 'singlet_injection': False, 'start_index_singlet': None, 'warm_start': True, 'warm_start_mode': 'amplified', 'lasserre_level': 1, 'initial_solver_level_M': 1, 'sdp_seed': None, 'sdp_solver_mode': 'scs', 'sdp_scs_eps': 1e-06, 'sdp_scs_max_iters': 100000, 'warm_start_corr_strength': None, 'warm_start_corr_repeats': None, 'compare_with_010101': False, 'init_QAOAparams_close_to_zero': False, 'use_correlations_as_initial_params': False, 'time_limit': None, 'failed_instance_termination_thrsh': None, 'graph_generation_type': 'hog', 'weighted': False, 'easiest_first': True, 'cpu_util_threshold': None, 'debug': False, 'save_circuit_svg': False, 'rerun_exclude_finished_instances': True, 'warm_start_cache_producer_only': False, 'qaoa_only_from_existing_warm_start_cache': True, 'optimiser_debug_iterations': None, 'num_repeats': 1, 'relative_graph_adjList_path': 'HOG_graphs/Exp5/list_454_graphs_adjacency_listhog_v04-12_bipartite.txt', 'persistent_warm_start_cache': True, 'warm_start_cache_dir': 'Results/warm_start_cache', 'warm_start_cache_max_file_mb': 512, 'warm_start_cache_max_total_gb': 60, 'sdp_max_parallel': 0, 'qaoa_max_parallel': 16, 'sdp_threads': 1, 'qaoa_threads': 1, 'sdp_memory_limit_total_gb': 0, 'sdp_memory_limit_single_gb': 0, 'sdp_memory_poll_seconds': 5, 'sdp_max_retries': 0, 'queue_poll_interval_seconds': 5, 'max_graph_vertices': 11, 'completed_result_csv_paths': [], 'qaoa_seed': 1, 'initialise_standard_warm_start_with_zero_angles': False, 'result_name_suffix': '_Exp7_AmplifiedWithHeuristic'}, Running QAOA with equal superposition
Benchmark run ID: 10afa3ca
Benchmark repeat index: 1
SDP seed override: None
QAOA seed: 700301
Processor: x86_64
Hostname: dacsgpu0002
Total RAM (GB): None
Physical cores: 64
Logical cores: 64
Python version: 3.11.15
Initialisation time: 0.00 seconds; started at stardate {'initialisation': 0.003015756607055664} and finished at stardate1787266542.3065667
Loaded HOG graph index 7 with 9 edges.
Instance generation for n=7 took 0.01 seconds; started at stardate 1787266542.3065724 and finished at stardate 1787266542.3122642
Running QAOA for n=10 nodes, m=9 edges...; Max iterations: 50
Warm-start cache: loading Results/warm_start_cache/list_454_graphs_adjacency_listhog_v04-12_bipartite__filehash_0815e7e8/hog_idx000007_51c3f5dd2fdb_noseed_L1_M1_amplified.npz
Warm-start cache: loaded in 0.0043 seconds; effective compute time=0.1828615665435791
Edges: [(8, 9), (2, 6), (6, 9), (7, 9), (1, 5), (5, 9), (3, 7), (0, 9), (4, 8)], weights: [1.0, 1.0, 1.0, 1.0, 1.0, 1.0, 1.0, 1.0, 1.0], set of nodes: {0, 1, 2, 3, 4, 5, 6, 7, 8, 9}, n: 10 nodes, p: 4 layers, N_bayes: 50 iterations
Solving for uuid: 36d3f551
Initial state injected as warm start
Warm start correlations applied in the form of weak entanglement
Running ADAM optimization with a single iteration (no debug loop)
5.454142603078924
QAOA optimisation for n=7 took 240.23 seconds; started at stardate 1787266542.3122675 and finished at stardate 1787266782.5460267
Finished QAOA for n=10 nodes, m=9 edges at 2026-08-21 00:59:42 on x86_64. Time taken: 240.23 seconds. Hours: 0.07 hours. Peak RAM: 1.23 MB.
Unknown graph type for approximation ratio calculation; checking misc CSV.
Checking optimal_results_misc.csv for matching edges and weights...
Found matching exact result in misc CSV: 6.426031530825893
CSV writing for n=7 took 0.01 seconds; started at stardate 1787266782.5460355 and finished at stardate 1787266782.5599368
results: {7: 5.454142603078924}
durations: {10: 240.23376393318176}
Results saved to: Results/logs/adam/qaoa_results_adam_20260820_185410_pid187489_Exp7_AmplifiedWithHeuristic.csv
Global end time: 1787266782.5599563
Finalisation time: 0.00 seconds; started at stardate 1787266782.559943 and finished at stardate 1787266782.5599606
Sum of all section times: 240.26 seconds
run_id: 10afa3ca
