Starting QAOA benchmark with global start time: 1787258813.3956275
Benchmark parameters: {'optimiser': 'adam', 'optimiser_use_heuristic': False, 'heuristic_optimiser_iterations': None, 'heuristic_optimiser_sampleSize': None, 'circuit_type': 'hamqaoa', 'parameter_vector': [1, 1, 1], 'iterations_list': [50], 'learning_rate_adam': 0.01, 'depth_list': [1, 2, 3, 4, 5], 'n_start': None, 'n_end': None, 'singlet_injection': False, 'start_index_singlet': None, 'warm_start': True, 'warm_start_mode': 'amplified', 'lasserre_level': 1, 'initial_solver_level_M': 1, 'sdp_seed': None, 'sdp_solver_mode': 'scs', 'sdp_scs_eps': 1e-06, 'sdp_scs_max_iters': 100000, 'warm_start_corr_strength': None, 'warm_start_corr_repeats': None, 'compare_with_010101': False, 'init_QAOAparams_close_to_zero': False, 'use_correlations_as_initial_params': False, 'time_limit': None, 'failed_instance_termination_thrsh': None, 'graph_generation_type': 'hog', 'weighted': False, 'easiest_first': True, 'cpu_util_threshold': None, 'debug': False, 'save_circuit_svg': False, 'rerun_exclude_finished_instances': True, 'warm_start_cache_producer_only': False, 'qaoa_only_from_existing_warm_start_cache': True, 'optimiser_debug_iterations': None, 'num_repeats': 1, 'relative_graph_adjList_path': 'HOG_graphs/Exp5/list_454_graphs_adjacency_listhog_v04-12_bipartite.txt', 'persistent_warm_start_cache': True, 'warm_start_cache_dir': 'Results/warm_start_cache', 'warm_start_cache_max_file_mb': 512, 'warm_start_cache_max_total_gb': 60, 'sdp_max_parallel': 0, 'qaoa_max_parallel': 16, 'sdp_threads': 1, 'qaoa_threads': 1, 'sdp_memory_limit_total_gb': 0, 'sdp_memory_limit_single_gb': 0, 'sdp_memory_poll_seconds': 5, 'sdp_max_retries': 0, 'queue_poll_interval_seconds': 5, 'max_graph_vertices': 11, 'completed_result_csv_paths': [], 'qaoa_seed': 1, 'initialise_standard_warm_start_with_zero_angles': False, 'result_name_suffix': '_Exp7_AmplifiedWithHeuristic'}, Running QAOA with equal superposition
Benchmark run ID: 972c9062
Benchmark repeat index: 1
SDP seed override: None
QAOA seed: 22800101
Processor: x86_64
Hostname: dacsgpu0002
Total RAM (GB): None
Physical cores: 64
Logical cores: 64
Python version: 3.11.15
Initialisation time: 0.00 seconds; started at stardate {'initialisation': 0.0034215450286865234} and finished at stardate1787258813.3990571
Loaded HOG graph index 228 with 18 edges.
Instance generation for n=228 took 0.01 seconds; started at stardate 1787258813.3990638 and finished at stardate 1787258813.4083495
Running QAOA for n=10 nodes, m=18 edges...; Max iterations: 50
Warm-start cache: loading Results/warm_start_cache/list_454_graphs_adjacency_listhog_v04-12_bipartite__filehash_0815e7e8/hog_idx000228_dfbdaf631aa9_noseed_L1_M1_amplified.npz
Warm-start cache: loaded in 0.0016 seconds; effective compute time=0.17924785614013672
Edges: [(8, 9), (2, 3), (3, 8), (2, 6), (5, 7), (2, 9), (4, 6), (1, 8), (0, 6), (4, 9), (4, 5), (0, 9), (3, 7), (0, 5), (1, 4), (5, 8), (6, 7), (1, 7)], weights: [1.0, 1.0, 1.0, 1.0, 1.0, 1.0, 1.0, 1.0, 1.0, 1.0, 1.0, 1.0, 1.0, 1.0, 1.0, 1.0, 1.0, 1.0], set of nodes: {0, 1, 2, 3, 4, 5, 6, 7, 8, 9}, n: 10 nodes, p: 2 layers, N_bayes: 50 iterations
Solving for uuid: 23a45482
Initial state injected as warm start
Warm start correlations applied in the form of weak entanglement
Running ADAM optimization with a single iteration (no debug loop)
Warm-start fallback: optimiser result was below the SDP warm-start energy; using the warm-start energy instead.
5.999999999928163
QAOA optimisation for n=228 took 222.36 seconds; started at stardate 1787258813.4083529 and finished at stardate 1787259035.773229
Finished QAOA for n=10 nodes, m=18 edges at 2026-08-20 22:50:35 on x86_64. Time taken: 222.36 seconds. Hours: 0.06 hours. Peak RAM: 0.76 MB.
Unknown graph type for approximation ratio calculation; checking misc CSV.
Checking optimal_results_misc.csv for matching edges and weights...
Found matching exact result in misc CSV: 11.204766698320377
CSV writing for n=228 took 0.01 seconds; started at stardate 1787259035.7732382 and finished at stardate 1787259035.7873259
results: {228: 5.999999999928163}
durations: {10: 222.36488103866577}
Results saved to: Results/logs/adam/qaoa_results_adam_20260820_185410_pid187489_Exp7_AmplifiedWithHeuristic.csv
Global end time: 1787259035.7873404
Finalisation time: 0.00 seconds; started at stardate 1787259035.7873309 and finished at stardate 1787259035.7873447
Sum of all section times: 222.39 seconds
run_id: 972c9062
