Starting QAOA benchmark with global start time: 1782467082.3225036
Benchmark parameters: {'optimiser': 'adam', 'optimiser_use_heuristic': True, 'heuristic_optimiser_iterations': 2, 'heuristic_optimiser_sampleSize': 1000, 'circuit_type': 'hamqaoa', 'parameter_vector': [1, 1, 1], 'iterations_list': [50], 'learning_rate_adam': 0.05, 'depth_list': [1, 3, 5], 'n_start': None, 'n_end': 78, 'singlet_injection': False, 'start_index_singlet': None, 'warm_start': True, 'warm_start_mode': 'standard', 'lasserre_level': 2, 'initial_solver_level_M': 2, 'sdp_seed': None, 'warm_start_corr_strength': None, 'warm_start_corr_repeats': None, 'compare_with_010101': False, 'init_QAOAparams_close_to_zero': False, 'use_correlations_as_initial_params': False, 'time_limit': None, 'failed_instance_termination_thrsh': None, 'graph_generation_type': 'hog', 'weighted': False, 'easiest_first': True, 'cpu_util_threshold': None, 'debug': False, 'save_circuit_svg': False, 'rerun_exclude_finished_instances': True, 'warm_start_cache_producer_only': False, 'qaoa_only_from_existing_warm_start_cache': True, 'optimiser_debug_iterations': None, 'num_repeats': 1, 'relative_graph_adjList_path': 'HOG_graphs/random_graphs_8to15vertices_1094instances_20260625_144734_AdjacencyList.txt', 'persistent_warm_start_cache': True, 'warm_start_cache_dir': 'Results/warm_start_cache/fast_test', 'warm_start_cache_max_file_mb': 512, 'warm_start_cache_max_total_gb': 60, 'sdp_max_parallel': 0, 'qaoa_max_parallel': 32, 'sdp_threads': 1, 'qaoa_threads': 1, 'sdp_memory_limit_total_gb': 40, 'sdp_memory_limit_single_gb': 40, 'sdp_memory_poll_seconds': 5, 'sdp_max_retries': 3, 'queue_poll_interval_seconds': 5}, Running QAOA with equal superposition
Benchmark run ID: b8cace37
Benchmark repeat index: 1
SDP seed override: None
Processor: x86_64
Hostname: dacsgpu0003
Total RAM (GB): None
Physical cores: 64
Logical cores: 64
Python version: 3.11.15
Initialisation time: 0.02 seconds; started at stardate {'initialisation': 0.020195722579956055} and finished at stardate1782467082.3427207
Loaded HOG graph index 26 with 8 edges.
Instance generation for n=26 took 0.08 seconds; started at stardate 1782467082.3427286 and finished at stardate 1782467082.427312
Running QAOA for n=8 nodes, m=8 edges...; Max iterations: 50
Warm-start cache: loading Results/warm_start_cache/fast_test/random_graphs_8to15vertices_1094instances_20260625_144734_AdjacencyList__filehash_a0cb3063/hog_idx000026_6729bdc77cdd_noseed_L2_M2_standard.npz
Warm-start cache: loaded in 0.0055 seconds; effective compute time=6659.283141613007
Edges: [(0, 1), (0, 7), (1, 2), (5, 6), (3, 4), (4, 5), (0, 2), (6, 7)], weights: [1.0, 1.0, 1.0, 1.0, 1.0, 1.0, 1.0, 1.0], set of nodes: {0, 1, 2, 3, 4, 5, 6, 7}, n: 8 nodes, p: 1 layers, N_bayes: 50 iterations
Solving for uuid: 9b9cb5b3
Initial state injected as warm start
Running ADAM optimization with a single iteration (no debug loop)
6.2850612467910985
QAOA optimisation for n=26 took 196.85 seconds; started at stardate 1782467082.427319 and finished at stardate 1782467279.2763598
Finished QAOA for n=8 nodes, m=8 edges at 2026-06-26 11:47:59 on x86_64. Time taken: 196.85 seconds. Hours: 0.05 hours. Peak RAM: 0.23 MB.
Unknown graph type for approximation ratio calculation; checking misc CSV.
Checking optimal_results_misc.csv for matching edges and weights...
No matching result found in misc CSV; skipping approx ratio computation.
CSV writing for n=26 took 0.01 seconds; started at stardate 1782467279.2763686 and finished at stardate 1782467279.2885265
results: {26: 6.2850612467910985}
durations: {8: 196.84904718399048}
Results saved to: Results/logs/adam/qaoa_results_adam_20260626_112655_pid2126456.csv
Global end time: 1782467279.2885427
Finalisation time: 0.00 seconds; started at stardate 1782467279.2885315 and finished at stardate 1782467279.288547
Sum of all section times: 196.97 seconds
run_id: b8cace37
