Starting QAOA benchmark with global start time: 1782466211.4654577
Benchmark parameters: {'optimiser': 'adam', 'optimiser_use_heuristic': True, 'heuristic_optimiser_iterations': 2, 'heuristic_optimiser_sampleSize': 1000, 'circuit_type': 'hamqaoa', 'parameter_vector': [1, 1, 1], 'iterations_list': [50], 'learning_rate_adam': 0.05, 'depth_list': [1, 3, 5], 'n_start': None, 'n_end': 78, 'singlet_injection': False, 'start_index_singlet': None, 'warm_start': True, 'warm_start_mode': 'standard', 'lasserre_level': 2, 'initial_solver_level_M': 2, 'sdp_seed': None, 'warm_start_corr_strength': None, 'warm_start_corr_repeats': None, 'compare_with_010101': False, 'init_QAOAparams_close_to_zero': False, 'use_correlations_as_initial_params': False, 'time_limit': None, 'failed_instance_termination_thrsh': None, 'graph_generation_type': 'hog', 'weighted': False, 'easiest_first': True, 'cpu_util_threshold': None, 'debug': False, 'save_circuit_svg': False, 'rerun_exclude_finished_instances': True, 'warm_start_cache_producer_only': False, 'qaoa_only_from_existing_warm_start_cache': True, 'optimiser_debug_iterations': None, 'num_repeats': 1, 'relative_graph_adjList_path': 'HOG_graphs/random_graphs_8to15vertices_1094instances_20260625_144734_AdjacencyList.txt', 'persistent_warm_start_cache': True, 'warm_start_cache_dir': 'Results/warm_start_cache/fast_test', 'warm_start_cache_max_file_mb': 512, 'warm_start_cache_max_total_gb': 60, 'sdp_max_parallel': 0, 'qaoa_max_parallel': 32, 'sdp_threads': 1, 'qaoa_threads': 1, 'sdp_memory_limit_total_gb': 40, 'sdp_memory_limit_single_gb': 40, 'sdp_memory_poll_seconds': 5, 'sdp_max_retries': 3, 'queue_poll_interval_seconds': 5}, Running QAOA with equal superposition
Benchmark run ID: 5dac7d65
Benchmark repeat index: 1
SDP seed override: None
Processor: x86_64
Hostname: dacsgpu0003
Total RAM (GB): None
Physical cores: 64
Logical cores: 64
Python version: 3.11.15
Initialisation time: 0.00 seconds; started at stardate {'initialisation': 0.004759788513183594} and finished at stardate1782466211.4702249
Loaded HOG graph index 12 with 20 edges.
Instance generation for n=12 took 0.04 seconds; started at stardate 1782466211.4702306 and finished at stardate 1782466211.5061305
Running QAOA for n=8 nodes, m=20 edges...; Max iterations: 50
Warm-start cache: loading Results/warm_start_cache/fast_test/random_graphs_8to15vertices_1094instances_20260625_144734_AdjacencyList__filehash_a0cb3063/hog_idx000012_0834886e5235_noseed_L2_M2_standard.npz
Warm-start cache: loaded in 0.0070 seconds; effective compute time=7299.679443836212
Edges: [(2, 6), (4, 6), (1, 4), (0, 2), (1, 7), (5, 7), (3, 4), (4, 5), (3, 7), (0, 1), (1, 6), (0, 7), (5, 6), (3, 6), (2, 4), (2, 7), (0, 3), (1, 2), (1, 5), (6, 7)], weights: [1.0, 1.0, 1.0, 1.0, 1.0, 1.0, 1.0, 1.0, 1.0, 1.0, 1.0, 1.0, 1.0, 1.0, 1.0, 1.0, 1.0, 1.0, 1.0, 1.0], set of nodes: {0, 1, 2, 3, 4, 5, 6, 7}, n: 8 nodes, p: 3 layers, N_bayes: 50 iterations
Solving for uuid: a4ef2ade
Initial state injected as warm start
Running ADAM optimization with a single iteration (no debug loop)
13.28695014807856
QAOA optimisation for n=12 took 597.40 seconds; started at stardate 1782466211.5061367 and finished at stardate 1782466808.9109764
Finished QAOA for n=8 nodes, m=20 edges at 2026-06-26 11:40:08 on x86_64. Time taken: 597.40 seconds. Hours: 0.17 hours. Peak RAM: 0.27 MB.
Unknown graph type for approximation ratio calculation; checking misc CSV.
Checking optimal_results_misc.csv for matching edges and weights...
No matching result found in misc CSV; skipping approx ratio computation.
CSV writing for n=12 took 0.01 seconds; started at stardate 1782466808.9109828 and finished at stardate 1782466808.9182699
results: {12: 13.28695014807856}
durations: {8: 597.4048447608948}
Results saved to: Results/logs/adam/qaoa_results_adam_20260626_112655_pid2126456.csv
Global end time: 1782466808.918282
Finalisation time: 0.00 seconds; started at stardate 1782466808.9182732 and finished at stardate 1782466808.9182866
Sum of all section times: 597.45 seconds
run_id: 5dac7d65
