Starting QAOA benchmark with global start time: 1785500767.3748834
Benchmark parameters: {'optimiser': 'adam', 'optimiser_use_heuristic': None, 'heuristic_optimiser_iterations': None, 'heuristic_optimiser_sampleSize': None, 'circuit_type': 'hamqaoa', 'parameter_vector': [1, 1, 1], 'iterations_list': [10], 'learning_rate_adam': None, 'depth_list': [1], 'n_start': None, 'n_end': None, 'singlet_injection': False, 'start_index_singlet': None, 'warm_start': True, 'warm_start_mode': 'amplified', 'lasserre_level': 2, 'initial_solver_level_M': 2, 'sdp_seed': None, 'sdp_solver_mode': 'scs', 'sdp_scs_eps': 1e-06, 'sdp_scs_max_iters': 100000, 'warm_start_corr_strength': None, 'warm_start_corr_repeats': None, 'compare_with_010101': False, 'init_QAOAparams_close_to_zero': False, 'use_correlations_as_initial_params': False, 'time_limit': None, 'failed_instance_termination_thrsh': None, 'graph_generation_type': 'hog', 'weighted': False, 'easiest_first': False, 'cpu_util_threshold': None, 'debug': False, 'save_circuit_svg': False, 'rerun_exclude_finished_instances': True, 'warm_start_cache_producer_only': True, 'qaoa_only_from_existing_warm_start_cache': False, 'optimiser_debug_iterations': None, 'num_repeats': 1, 'relative_graph_adjList_path': 'HOG_graphs/Exp5/cycle_graphs_3to12vertices_10instances_AdjacencyList.txt', 'persistent_warm_start_cache': True, 'warm_start_cache_dir': 'Results/warm_start_cache', 'warm_start_cache_max_file_mb': 512, 'warm_start_cache_max_total_gb': 60, 'sdp_max_parallel': 32, 'qaoa_max_parallel': 0, 'sdp_threads': 1, 'qaoa_threads': 1, 'sdp_memory_limit_total_gb': 250, 'sdp_memory_limit_single_gb': 100, 'sdp_memory_poll_seconds': 5, 'sdp_max_retries': 3, 'queue_poll_interval_seconds': 5, 'completed_result_csv_paths': []}, Running QAOA with equal superposition
Benchmark run ID: 435c1236
Benchmark repeat index: 1
SDP seed override: None
Processor: x86_64
Hostname: dacsvm-cpunode01
Total RAM (GB): None
Physical cores: 32
Logical cores: 32
Python version: 3.11.15
Initialisation time: 0.00 seconds; started at stardate {'initialisation': 0.003751039505004883} and finished at stardate1785500767.3786414
Loaded HOG graph index 6 with 9 edges.
Instance generation for n=6 took 0.00 seconds; started at stardate 1785500767.378646 and finished at stardate 1785500767.3791444
Running QAOA for n=9 nodes, m=9 edges...; Max iterations: 10
Warm-start: starting SDP solve for n_vertices=9
Warm-start: no sdp_seed in config, generated fallback seed 14952639376314833341
Using SCS solver for SDP with eps=1e-06, max_iters=100000.
SDP solver status: optimal
SDP solver name: SCS
SDP solver iterations: 1550
SDP solve time: 42.928946695
SDP extra stats: {'x': array([ 1.00000000e+00, -2.12234048e-14,  1.49856229e-14, ...,
        1.00000000e+00, -2.28110858e-18,  1.00000000e+00], shape=(62128,)), 'y': array([ 2.27132407e-02,  9.40814334e-03,  9.40814334e-03, ...,
        6.04637558e-02, -5.73246565e-13,  8.68131369e-02], shape=(173558,)), 's': array([0.00000000e+00, 0.00000000e+00, 0.00000000e+00, ...,
       9.99999913e-01, 2.09793948e-15, 9.99999902e-01], shape=(173558,)), 'info': {'status_val': 1, 'iter': 1550, 'scale_updates': 2, 'scale': 1.5808834617622363, 'pobj': -7.991214799485836, 'dobj': -7.991214635339956, 'res_pri': 3.012804341590406e-07, 'res_dual': 5.373264841985993e-07, 'gap': 1.6414587999946662e-07, 'res_infeas': nan, 'res_unbdd_a': 0.12513741967471165, 'res_unbdd_p': 0.0, 'comp_slack': 1.3379483088656887e-10, 'solve_time': 42928.946695, 'setup_time': 71.16317, 'lin_sys_time': 3422.451074999998, 'cone_time': 38401.529920999994, 'accel_time': 215.84935400000091, 'rejected_accel_steps': 12, 'accepted_accel_steps': 1, 'status': 'solved'}}
Rounding...
Setting seed to 14952639376314833341
n_vertices: 9 for n = 27
Using seed 14952639376314833341 to generate random matrix for x.
Energy of rounded cut/product state: 5.040030603397445
Algorithm 17 lower-bound energy: 7.283662322204786
Algorithm 17 actual entangled-state energy: 5.44442501365696
SDP objective value: 12.491214799485839
6 in cut out of a total of 9 edges
Warm-start: SDP solve + rounding finished in 1415.33 seconds
Warm-start: using level-2 Algorithm 17 entangled statevector with shape (512,)
Warm-start cache: moment matrix before save shape=(352, 352), dtype=float64, entries=123904, bytes=991232 (0.95 MiB)
Warm-start cache: saved Results/warm_start_cache/cycle_graphs_3to12vertices_10instances_AdjacencyList__filehash_1a582721/hog_idx000006_babf04d63c05_noseed_L2_M2_amplified.npz in 0.0127 seconds
WARM_START_CACHE_PRODUCER_ONLY is set; warm-start cache has been produced/loaded. Exiting before QAOA optimisation.
