Starting QAOA benchmark with global start time: 1788948684.063857
Benchmark parameters: {'optimiser': 'adam', 'optimiser_use_heuristic': False, 'heuristic_optimiser_iterations': None, 'heuristic_optimiser_sampleSize': None, 'circuit_type': 'hamqaoa', 'parameter_vector': [1, 1, 1], 'iterations_list': [75], 'learning_rate_adam': 0.05, 'depth_list': [1, 2, 3, 4, 5], 'n_start': None, 'n_end': None, 'singlet_injection': False, 'start_index_singlet': None, 'warm_start': True, 'warm_start_mode': 'amplified', 'lasserre_level': 1, 'initial_solver_level_M': 1, 'sdp_seed': 42, 'sdp_solver_mode': 'scs', 'sdp_scs_eps': 1e-06, 'sdp_scs_max_iters': 100000, 'warm_start_corr_strength': None, 'warm_start_corr_repeats': None, 'compare_with_010101': False, 'init_QAOAparams_close_to_zero': False, 'use_correlations_as_initial_params': False, 'time_limit': None, 'failed_instance_termination_thrsh': None, 'graph_generation_type': 'hog', 'weighted': False, 'easiest_first': True, 'cpu_util_threshold': None, 'debug': False, 'save_circuit_svg': False, 'rerun_exclude_finished_instances': False, 'warm_start_cache_producer_only': False, 'qaoa_only_from_existing_warm_start_cache': True, 'optimiser_debug_iterations': None, 'num_repeats': 1, 'relative_graph_adjList_path': 'HOG_graphs/Exp5/list_454_graphs_adjacency_listhog_v04-12_bipartite.txt', 'persistent_warm_start_cache': True, 'warm_start_cache_dir': 'Results/warm_start_cache', 'warm_start_cache_max_file_mb': 512, 'warm_start_cache_max_total_gb': 60, 'sdp_max_parallel': 0, 'qaoa_max_parallel': 16, 'sdp_threads': 1, 'qaoa_threads': 1, 'sdp_memory_limit_total_gb': 0, 'sdp_memory_limit_single_gb': 0, 'sdp_memory_poll_seconds': 5, 'sdp_max_retries': 0, 'queue_poll_interval_seconds': 5, 'max_graph_vertices': 10, 'completed_result_csv_paths': [], 'qaoa_seed': 42, 'initialise_standard_warm_start_with_zero_angles': True, 'result_name_suffix': '_FINAL_BENCHMARKS_AMPLIFIED', 'algorithm17_beta_mode': 'fixed'}, Running QAOA with equal superposition
Benchmark run ID: 1cf3adf3
Benchmark repeat index: 1
Configured SDP rounding seed: 42
QAOA seed used: 42
Processor: x86_64
Hostname: dacsvm-cpunode01
Total RAM (GB): None
Physical cores: 32
Logical cores: 32
Python version: 3.11.15
Initialisation time: 0.01 seconds; started at stardate {'initialisation': 0.005884647369384766} and finished at stardate1788948684.069754
Loaded HOG graph index 82 with 3 edges.
Instance generation for n=82 took 0.01 seconds; started at stardate 1788948684.0697627 and finished at stardate 1788948684.0779278
Running QAOA for n=4 nodes, m=3 edges...; Max iterations: 75
Warm-start cache: loading Results/warm_start_cache/list_454_graphs_adjacency_listhog_v04-12_bipartite__filehash_0815e7e8/hog_idx000082_8f3d1be6e598_seed42_L1_M1_amplified.npz
Warm-start cache: loaded in 0.0011 seconds; effective compute time=0.07847380638122559
Edges: [(1, 3), (0, 2), (2, 3)], weights: [1.0, 1.0, 1.0], set of nodes: {0, 1, 2, 3}, n: 4 nodes, p: 5 layers, N_bayes: 75 iterations
Solving for uuid: a4aff3e2
Initial state injected as warm start
Warm start correlations applied in the form of weak entanglement
Running ADAM optimization with a single iteration (no debug loop)
2.165381216000852
QAOA optimisation for n=82 took 27.90 seconds; started at stardate 1788948684.077931 and finished at stardate 1788948711.981298
Finished QAOA for n=4 nodes, m=3 edges at 2026-09-09 12:11:51 on x86_64. Time taken: 27.90 seconds. Hours: 0.01 hours. Peak RAM: 0.24 MB.
Computing line approximation ratio
CSV writing for n=82 took 0.01 seconds; started at stardate 1788948711.9813054 and finished at stardate 1788948711.9899406
results: {82: 2.165381216000852}
durations: {4: 27.903372287750244}
Results saved to: Results/logs/adam/qaoa_results_adam_20260909_121055_pid3022827_FINAL_BENCHMARKS_AMPLIFIED.csv
Global end time: 1788948711.9899485
Finalisation time: 0.00 seconds; started at stardate 1788948711.9899452 and finished at stardate 1788948711.9899552
Sum of all section times: 27.93 seconds
run_id: 1cf3adf3
