Starting QAOA benchmark with global start time: 1785558249.7474854
Benchmark parameters: {'optimiser': 'adam', 'optimiser_use_heuristic': None, 'heuristic_optimiser_iterations': None, 'heuristic_optimiser_sampleSize': None, 'circuit_type': 'hamqaoa', 'parameter_vector': [1, 1, 1], 'iterations_list': [10], 'learning_rate_adam': None, 'depth_list': [1], 'n_start': None, 'n_end': None, 'singlet_injection': False, 'start_index_singlet': None, 'warm_start': True, 'warm_start_mode': 'amplified', 'lasserre_level': 2, 'initial_solver_level_M': 2, 'sdp_seed': None, 'sdp_solver_mode': 'scs', 'sdp_scs_eps': 1e-06, 'sdp_scs_max_iters': 100000, 'warm_start_corr_strength': None, 'warm_start_corr_repeats': None, 'compare_with_010101': False, 'init_QAOAparams_close_to_zero': False, 'use_correlations_as_initial_params': False, 'time_limit': None, 'failed_instance_termination_thrsh': None, 'graph_generation_type': 'hog', 'weighted': False, 'easiest_first': False, 'cpu_util_threshold': None, 'debug': False, 'save_circuit_svg': False, 'rerun_exclude_finished_instances': True, 'warm_start_cache_producer_only': True, 'qaoa_only_from_existing_warm_start_cache': False, 'optimiser_debug_iterations': None, 'num_repeats': 1, 'relative_graph_adjList_path': 'HOG_graphs/Exp5/list_454_graphs_adjacency_listhog_v04-12_bipartite.txt', 'persistent_warm_start_cache': True, 'warm_start_cache_dir': 'Results/warm_start_cache', 'warm_start_cache_max_file_mb': 512, 'warm_start_cache_max_total_gb': 60, 'sdp_max_parallel': 32, 'qaoa_max_parallel': 0, 'sdp_threads': 1, 'qaoa_threads': 1, 'sdp_memory_limit_total_gb': 250, 'sdp_memory_limit_single_gb': 100, 'sdp_memory_poll_seconds': 5, 'sdp_max_retries': 3, 'queue_poll_interval_seconds': 5, 'completed_result_csv_paths': []}, Running QAOA with equal superposition
Benchmark run ID: df423a5c
Benchmark repeat index: 1
SDP seed override: None
Processor: x86_64
Hostname: dacsgpu0003
Total RAM (GB): None
Physical cores: 64
Logical cores: 64
Python version: 3.11.15
Initialisation time: 0.01 seconds; started at stardate {'initialisation': 0.00635218620300293} and finished at stardate1785558249.7538548
Loaded HOG graph index 47 with 6 edges.
Instance generation for n=47 took 0.01 seconds; started at stardate 1785558249.7538662 and finished at stardate 1785558249.7641187
Running QAOA for n=6 nodes, m=6 edges...; Max iterations: 10
Warm-start: starting SDP solve for n_vertices=6
Warm-start: no sdp_seed in config, generated fallback seed 3141204639132131493
Using SCS solver for SDP with eps=1e-06, max_iters=100000.
SDP solver status: optimal
SDP solver name: SCS
SDP solver iterations: 1425
SDP solve time: 8.655883536
SDP extra stats: {'x': array([ 1.00000000e+00,  4.83485860e-14,  6.19317374e-14, ...,
        1.00000000e+00, -4.10933945e-18,  1.00000000e+00], shape=(11935,)), 'y': array([ 4.84044112e-02,  2.00497641e-02,  2.00497641e-02, ...,
       -2.65847903e-15, -3.30921884e-14,  6.30481524e-02], shape=(33896,)), 's': array([0.00000000e+00, 0.00000000e+00, 0.00000000e+00, ...,
       1.00000000e+00, 1.48910003e-15, 1.00000003e+00], shape=(33896,)), 'info': {'status_val': 1, 'iter': 1425, 'scale_updates': 2, 'scale': 2.6269479249734053, 'pobj': -4.91083569407227, 'dobj': -4.91083569250642, 'res_pri': 2.5489471456135825e-07, 'res_dual': 6.543958717697558e-08, 'gap': 1.5658505603255435e-09, 'res_infeas': nan, 'res_unbdd_a': 0.20363132922984392, 'res_unbdd_p': 0.0, 'comp_slack': 5.805911307277256e-12, 'solve_time': 8655.883536, 'setup_time': 22.819835, 'lin_sys_time': 913.8589999999998, 'cone_time': 7334.341569999985, 'accel_time': 78.74314000000003, 'rejected_accel_steps': 10, 'accepted_accel_steps': 2, 'status': 'solved'}}
Rounding...
Setting seed to 3141204639132131493
n_vertices: 6 for n = 18
Using seed 3141204639132131493 to generate random matrix for x.
Energy of rounded cut/product state: 3.3850511883703485
Algorithm 17 lower-bound energy: 4.611434745762176
Algorithm 17 actual entangled-state energy: 3.6915313074598526
SDP objective value: 7.91083569407227
3 in cut out of a total of 6 edges
Warm-start: SDP solve + rounding finished in 113.74 seconds
Warm-start: using level-2 Algorithm 17 entangled statevector with shape (64,)
Warm-start cache: moment matrix before save shape=(154, 154), dtype=float64, entries=23716, bytes=189728 (0.18 MiB)
Warm-start cache: saved Results/warm_start_cache/list_454_graphs_adjacency_listhog_v04-12_bipartite__filehash_0815e7e8/hog_idx000047_531fbd1393fd_noseed_L2_M2_amplified.npz in 0.0072 seconds
WARM_START_CACHE_PRODUCER_ONLY is set; warm-start cache has been produced/loaded. Exiting before QAOA optimisation.
