Starting QAOA benchmark with global start time: 1785609023.5824826
Benchmark parameters: {'optimiser': 'adam', 'optimiser_use_heuristic': None, 'heuristic_optimiser_iterations': None, 'heuristic_optimiser_sampleSize': None, 'circuit_type': 'hamqaoa', 'parameter_vector': [1, 1, 1], 'iterations_list': [10], 'learning_rate_adam': None, 'depth_list': [1], 'n_start': None, 'n_end': None, 'singlet_injection': False, 'start_index_singlet': None, 'warm_start': True, 'warm_start_mode': 'amplified', 'lasserre_level': 2, 'initial_solver_level_M': 2, 'sdp_seed': None, 'sdp_solver_mode': 'scs', 'sdp_scs_eps': 1e-06, 'sdp_scs_max_iters': 100000, 'warm_start_corr_strength': None, 'warm_start_corr_repeats': None, 'compare_with_010101': False, 'init_QAOAparams_close_to_zero': False, 'use_correlations_as_initial_params': False, 'time_limit': None, 'failed_instance_termination_thrsh': None, 'graph_generation_type': 'hog', 'weighted': False, 'easiest_first': False, 'cpu_util_threshold': None, 'debug': False, 'save_circuit_svg': False, 'rerun_exclude_finished_instances': True, 'warm_start_cache_producer_only': True, 'qaoa_only_from_existing_warm_start_cache': False, 'optimiser_debug_iterations': None, 'num_repeats': 1, 'relative_graph_adjList_path': 'HOG_graphs/Exp5/list_454_graphs_adjacency_listhog_v04-12_bipartite.txt', 'persistent_warm_start_cache': True, 'warm_start_cache_dir': 'Results/warm_start_cache', 'warm_start_cache_max_file_mb': 512, 'warm_start_cache_max_total_gb': 60, 'sdp_max_parallel': 32, 'qaoa_max_parallel': 0, 'sdp_threads': 1, 'qaoa_threads': 1, 'sdp_memory_limit_total_gb': 250, 'sdp_memory_limit_single_gb': 100, 'sdp_memory_poll_seconds': 5, 'sdp_max_retries': 3, 'queue_poll_interval_seconds': 5, 'completed_result_csv_paths': []}, Running QAOA with equal superposition
Benchmark run ID: a7f5d906
Benchmark repeat index: 1
SDP seed override: None
Processor: x86_64
Hostname: dacsgpu0003
Total RAM (GB): None
Physical cores: 64
Logical cores: 64
Python version: 3.11.15
Initialisation time: 0.01 seconds; started at stardate {'initialisation': 0.012329816818237305} and finished at stardate1785609023.594828
Loaded HOG graph index 97 with 10 edges.
Instance generation for n=97 took 0.01 seconds; started at stardate 1785609023.594837 and finished at stardate 1785609023.6043174
Running QAOA for n=11 nodes, m=10 edges...; Max iterations: 10
Warm-start: starting SDP solve for n_vertices=11
Warm-start: no sdp_seed in config, generated fallback seed 12808690072955311876
Using SCS solver for SDP with eps=1e-06, max_iters=100000.
SDP solver status: optimal
SDP solver name: SCS
SDP solver iterations: 7875
SDP solve time: 1190.656800816
SDP extra stats: {'x': array([1.00000000e+00, 2.61753187e-14, 2.83232776e-14, ...,
       1.00000000e+00, 3.99309755e-18, 1.00000000e+00], shape=(140185,)), 'y': array([ 2.56658975e-02,  1.06311575e-02,  1.06311575e-02, ...,
        1.61009660e-04, -9.04996009e-17,  1.50360106e-06], shape=(388841,)), 's': array([ 0.00000000e+00,  0.00000000e+00,  0.00000000e+00, ...,
        9.99999961e-01, -1.44184447e-15,  9.99999999e-01], shape=(388841,)), 'info': {'status_val': 1, 'iter': 7875, 'scale_updates': 5, 'scale': 0.12782167158801858, 'pobj': -6.961738025687035, 'dobj': -6.961738330065969, 'res_pri': 6.844236916737076e-07, 'res_dual': 2.1671588029916795e-08, 'gap': 3.043789336132363e-07, 'res_infeas': nan, 'res_unbdd_a': 0.1436422910953273, 'res_unbdd_p': 0.0, 'comp_slack': 5.380445457728168e-11, 'solve_time': 1190656.800816, 'setup_time': 386.653132, 'lin_sys_time': 79714.27363900011, 'cone_time': 1078183.6098000002, 'accel_time': 6477.720037000161, 'rejected_accel_steps': 69, 'accepted_accel_steps': 3, 'status': 'solved'}}
Rounding...
Setting seed to 12808690072955311876
n_vertices: 11 for n = 33
Using seed 12808690072955311876 to generate random matrix for x.
Energy of rounded cut/product state: 9.15072446532735
Algorithm 17 lower-bound energy: 6.991446083179163
Algorithm 17 actual entangled-state energy: 9.56775144647367
SDP objective value: 11.961738025687037
8 in cut out of a total of 10 edges
Warm-start: SDP solve + rounding finished in 18345.90 seconds
Warm-start: using level-2 Algorithm 17 entangled statevector with shape (2048,)
Warm-start cache: moment matrix before save shape=(529, 529), dtype=float64, entries=279841, bytes=2238728 (2.14 MiB)
Warm-start cache: saved Results/warm_start_cache/list_454_graphs_adjacency_listhog_v04-12_bipartite__filehash_0815e7e8/hog_idx000097_a78a1f0221fc_noseed_L2_M2_amplified.npz in 0.0211 seconds
WARM_START_CACHE_PRODUCER_ONLY is set; warm-start cache has been produced/loaded. Exiting before QAOA optimisation.
