Starting QAOA benchmark with global start time: 1785599914.969287
Benchmark parameters: {'optimiser': 'adam', 'optimiser_use_heuristic': None, 'heuristic_optimiser_iterations': None, 'heuristic_optimiser_sampleSize': None, 'circuit_type': 'hamqaoa', 'parameter_vector': [1, 1, 1], 'iterations_list': [10], 'learning_rate_adam': None, 'depth_list': [1], 'n_start': None, 'n_end': None, 'singlet_injection': False, 'start_index_singlet': None, 'warm_start': True, 'warm_start_mode': 'amplified', 'lasserre_level': 2, 'initial_solver_level_M': 2, 'sdp_seed': None, 'sdp_solver_mode': 'scs', 'sdp_scs_eps': 1e-06, 'sdp_scs_max_iters': 100000, 'warm_start_corr_strength': None, 'warm_start_corr_repeats': None, 'compare_with_010101': False, 'init_QAOAparams_close_to_zero': False, 'use_correlations_as_initial_params': False, 'time_limit': None, 'failed_instance_termination_thrsh': None, 'graph_generation_type': 'hog', 'weighted': False, 'easiest_first': False, 'cpu_util_threshold': None, 'debug': False, 'save_circuit_svg': False, 'rerun_exclude_finished_instances': True, 'warm_start_cache_producer_only': True, 'qaoa_only_from_existing_warm_start_cache': False, 'optimiser_debug_iterations': None, 'num_repeats': 1, 'relative_graph_adjList_path': 'HOG_graphs/Exp5/list_454_graphs_adjacency_listhog_v04-12_bipartite.txt', 'persistent_warm_start_cache': True, 'warm_start_cache_dir': 'Results/warm_start_cache', 'warm_start_cache_max_file_mb': 512, 'warm_start_cache_max_total_gb': 60, 'sdp_max_parallel': 32, 'qaoa_max_parallel': 0, 'sdp_threads': 1, 'qaoa_threads': 1, 'sdp_memory_limit_total_gb': 250, 'sdp_memory_limit_single_gb': 100, 'sdp_memory_poll_seconds': 5, 'sdp_max_retries': 3, 'queue_poll_interval_seconds': 5, 'completed_result_csv_paths': []}, Running QAOA with equal superposition
Benchmark run ID: 053361d3
Benchmark repeat index: 1
SDP seed override: None
Processor: x86_64
Hostname: dacsgpu0003
Total RAM (GB): None
Physical cores: 64
Logical cores: 64
Python version: 3.11.15
Initialisation time: 0.01 seconds; started at stardate {'initialisation': 0.009663581848144531} and finished at stardate1785599914.9789658
Loaded HOG graph index 414 with 21 edges.
Instance generation for n=414 took 0.01 seconds; started at stardate 1785599914.9789755 and finished at stardate 1785599914.989486
Running QAOA for n=12 nodes, m=21 edges...; Max iterations: 10
Warm-start: starting SDP solve for n_vertices=12
Warm-start: no sdp_seed in config, generated fallback seed 12966275645021236762
Using SCS solver for SDP with eps=1e-06, max_iters=100000.
SDP solver status: optimal
SDP solver name: SCS
SDP solver iterations: 7075
SDP solve time: 1741.9344831610001
SDP extra stats: {'x': array([ 1.00000000e+00,  4.55435748e-12,  2.54706037e-12, ...,
        1.00000000e+00, -4.17922741e-18,  1.00000000e+00], shape=(199396,)), 'y': array([ 3.57464060e-02,  1.48066404e-02,  1.48066404e-02, ...,
        8.75821107e-03, -1.59586941e-13,  3.44374383e-02], shape=(551522,)), 's': array([0.00000000e+00, 0.00000000e+00, 0.00000000e+00, ...,
       1.00000001e+00, 7.05215318e-13, 1.00000003e+00], shape=(551522,)), 'info': {'status_val': 1, 'iter': 7075, 'scale_updates': 2, 'scale': 2.64148055706846, 'pobj': -14.647481148268398, 'dobj': -14.647481252902905, 'res_pri': 1.3659876119744047e-06, 'res_dual': 8.590481478965602e-07, 'gap': 1.046345072808208e-07, 'res_infeas': nan, 'res_unbdd_a': 0.06827112388874096, 'res_unbdd_p': 0.0, 'comp_slack': 2.654433944537794e-11, 'solve_time': 1741934.483161, 'setup_time': 573.387094, 'lin_sys_time': 110209.99504099987, 'cone_time': 1589203.1674910025, 'accel_time': 8211.653259000166, 'rejected_accel_steps': 62, 'accepted_accel_steps': 1, 'status': 'solved'}}
Rounding...
Setting seed to 12966275645021236762
n_vertices: 12 for n = 36
Using seed 12966275645021236762 to generate random matrix for x.
Energy of rounded cut/product state: 13.43004924449336
Algorithm 17 lower-bound energy: 14.718628709653986
Algorithm 17 actual entangled-state energy: 14.081533498328032
SDP objective value: 25.147481148268398
14 in cut out of a total of 21 edges
Warm-start: SDP solve + rounding finished in 37863.86 seconds
Warm-start: using level-2 Algorithm 17 entangled statevector with shape (4096,)
Warm-start cache: moment matrix before save shape=(631, 631), dtype=float64, entries=398161, bytes=3185288 (3.04 MiB)
Warm-start cache: saved Results/warm_start_cache/list_454_graphs_adjacency_listhog_v04-12_bipartite__filehash_0815e7e8/hog_idx000414_d082d4313ce7_noseed_L2_M2_amplified.npz in 0.0355 seconds
WARM_START_CACHE_PRODUCER_ONLY is set; warm-start cache has been produced/loaded. Exiting before QAOA optimisation.
