Starting QAOA benchmark with global start time: 1785601004.2876194
Benchmark parameters: {'optimiser': 'adam', 'optimiser_use_heuristic': None, 'heuristic_optimiser_iterations': None, 'heuristic_optimiser_sampleSize': None, 'circuit_type': 'hamqaoa', 'parameter_vector': [1, 1, 1], 'iterations_list': [10], 'learning_rate_adam': None, 'depth_list': [1], 'n_start': None, 'n_end': None, 'singlet_injection': False, 'start_index_singlet': None, 'warm_start': True, 'warm_start_mode': 'amplified', 'lasserre_level': 2, 'initial_solver_level_M': 2, 'sdp_seed': None, 'sdp_solver_mode': 'scs', 'sdp_scs_eps': 1e-06, 'sdp_scs_max_iters': 100000, 'warm_start_corr_strength': None, 'warm_start_corr_repeats': None, 'compare_with_010101': False, 'init_QAOAparams_close_to_zero': False, 'use_correlations_as_initial_params': False, 'time_limit': None, 'failed_instance_termination_thrsh': None, 'graph_generation_type': 'hog', 'weighted': False, 'easiest_first': False, 'cpu_util_threshold': None, 'debug': False, 'save_circuit_svg': False, 'rerun_exclude_finished_instances': True, 'warm_start_cache_producer_only': True, 'qaoa_only_from_existing_warm_start_cache': False, 'optimiser_debug_iterations': None, 'num_repeats': 1, 'relative_graph_adjList_path': 'HOG_graphs/Exp5/list_454_graphs_adjacency_listhog_v04-12_bipartite.txt', 'persistent_warm_start_cache': True, 'warm_start_cache_dir': 'Results/warm_start_cache', 'warm_start_cache_max_file_mb': 512, 'warm_start_cache_max_total_gb': 60, 'sdp_max_parallel': 32, 'qaoa_max_parallel': 0, 'sdp_threads': 1, 'qaoa_threads': 1, 'sdp_memory_limit_total_gb': 250, 'sdp_memory_limit_single_gb': 100, 'sdp_memory_poll_seconds': 5, 'sdp_max_retries': 3, 'queue_poll_interval_seconds': 5, 'completed_result_csv_paths': []}, Running QAOA with equal superposition
Benchmark run ID: a1680a03
Benchmark repeat index: 1
SDP seed override: None
Processor: x86_64
Hostname: dacsgpu0003
Total RAM (GB): None
Physical cores: 64
Logical cores: 64
Python version: 3.11.15
Initialisation time: 0.01 seconds; started at stardate {'initialisation': 0.008361101150512695} and finished at stardate1785601004.2959964
Loaded HOG graph index 301 with 11 edges.
Instance generation for n=301 took 0.01 seconds; started at stardate 1785601004.296007 and finished at stardate 1785601004.3076491
Running QAOA for n=12 nodes, m=11 edges...; Max iterations: 10
Warm-start: starting SDP solve for n_vertices=12
Warm-start: no sdp_seed in config, generated fallback seed 8343714887337439239
Using SCS solver for SDP with eps=1e-06, max_iters=100000.
SDP solver status: optimal
SDP solver name: SCS
SDP solver iterations: 13375
SDP solve time: 3205.757936448
SDP extra stats: {'x': array([ 1.00000000e+00,  3.09447523e-13,  2.20419131e-13, ...,
        1.00000000e+00, -1.28586864e-19,  1.00000000e+00], shape=(199396,)), 'y': array([ 2.12499295e-02,  8.80200976e-03,  8.80200976e-03, ...,
        3.40156871e-03, -8.13599220e-14,  3.67088496e-02], shape=(551522,)), 's': array([0.00000000e+00, 0.00000000e+00, 0.00000000e+00, ...,
       9.99999993e-01, 1.22468074e-15, 9.99999983e-01], shape=(551522,)), 'info': {'status_val': 1, 'iter': 13375, 'scale_updates': 6, 'scale': 0.17941361756600482, 'pobj': -9.843694313336597, 'dobj': -9.84369411426138, 'res_pri': 2.2805538716884276e-06, 'res_dual': 1.1302801415221022e-07, 'gap': 1.99075216755773e-07, 'res_infeas': nan, 'res_unbdd_a': 0.10158787628185036, 'res_unbdd_p': 0.0, 'comp_slack': 6.434954115585233e-11, 'solve_time': 3205757.936448, 'setup_time': 558.546366, 'lin_sys_time': 199709.61296800093, 'cone_time': 2929214.558853012, 'accel_time': 15052.136893999155, 'rejected_accel_steps': 117, 'accepted_accel_steps': 2, 'status': 'solved'}}
Rounding...
Setting seed to 8343714887337439239
n_vertices: 12 for n = 36
Using seed 8343714887337439239 to generate random matrix for x.
Energy of rounded cut/product state: 8.330244282205689
Algorithm 17 lower-bound energy: 9.046741566168267
Algorithm 17 actual entangled-state energy: 8.98309282476842
SDP objective value: 15.343694313336595
10 in cut out of a total of 11 edges
Warm-start: SDP solve + rounding finished in 39304.53 seconds
Warm-start: using level-2 Algorithm 17 entangled statevector with shape (4096,)
Warm-start cache: moment matrix before save shape=(631, 631), dtype=float64, entries=398161, bytes=3185288 (3.04 MiB)
Warm-start cache: saved Results/warm_start_cache/list_454_graphs_adjacency_listhog_v04-12_bipartite__filehash_0815e7e8/hog_idx000301_db78c5d2ac83_noseed_L2_M2_amplified.npz in 0.0325 seconds
WARM_START_CACHE_PRODUCER_ONLY is set; warm-start cache has been produced/loaded. Exiting before QAOA optimisation.
