Starting QAOA benchmark with global start time: 1785598964.3555348
Benchmark parameters: {'optimiser': 'adam', 'optimiser_use_heuristic': None, 'heuristic_optimiser_iterations': None, 'heuristic_optimiser_sampleSize': None, 'circuit_type': 'hamqaoa', 'parameter_vector': [1, 1, 1], 'iterations_list': [10], 'learning_rate_adam': None, 'depth_list': [1], 'n_start': None, 'n_end': None, 'singlet_injection': False, 'start_index_singlet': None, 'warm_start': True, 'warm_start_mode': 'amplified', 'lasserre_level': 2, 'initial_solver_level_M': 2, 'sdp_seed': None, 'sdp_solver_mode': 'scs', 'sdp_scs_eps': 1e-06, 'sdp_scs_max_iters': 100000, 'warm_start_corr_strength': None, 'warm_start_corr_repeats': None, 'compare_with_010101': False, 'init_QAOAparams_close_to_zero': False, 'use_correlations_as_initial_params': False, 'time_limit': None, 'failed_instance_termination_thrsh': None, 'graph_generation_type': 'hog', 'weighted': False, 'easiest_first': False, 'cpu_util_threshold': None, 'debug': False, 'save_circuit_svg': False, 'rerun_exclude_finished_instances': True, 'warm_start_cache_producer_only': True, 'qaoa_only_from_existing_warm_start_cache': False, 'optimiser_debug_iterations': None, 'num_repeats': 1, 'relative_graph_adjList_path': 'HOG_graphs/Exp5/list_454_graphs_adjacency_listhog_v04-12_bipartite.txt', 'persistent_warm_start_cache': True, 'warm_start_cache_dir': 'Results/warm_start_cache', 'warm_start_cache_max_file_mb': 512, 'warm_start_cache_max_total_gb': 60, 'sdp_max_parallel': 32, 'qaoa_max_parallel': 0, 'sdp_threads': 1, 'qaoa_threads': 1, 'sdp_memory_limit_total_gb': 250, 'sdp_memory_limit_single_gb': 100, 'sdp_memory_poll_seconds': 5, 'sdp_max_retries': 3, 'queue_poll_interval_seconds': 5, 'completed_result_csv_paths': []}, Running QAOA with equal superposition
Benchmark run ID: fc5bbed4
Benchmark repeat index: 1
SDP seed override: None
Processor: x86_64
Hostname: dacsgpu0003
Total RAM (GB): None
Physical cores: 64
Logical cores: 64
Python version: 3.11.15
Initialisation time: 0.01 seconds; started at stardate {'initialisation': 0.007493019104003906} and finished at stardate1785598964.363043
Loaded HOG graph index 82 with 3 edges.
Instance generation for n=82 took 0.01 seconds; started at stardate 1785598964.3630521 and finished at stardate 1785598964.373744
Running QAOA for n=4 nodes, m=3 edges...; Max iterations: 10
Warm-start: starting SDP solve for n_vertices=4
Warm-start: no sdp_seed in config, generated fallback seed 10936486972973114134
Using SCS solver for SDP with eps=1e-06, max_iters=100000.
SDP solver status: optimal
SDP solver name: SCS
SDP solver iterations: 75
SDP solve time: 0.054312411
SDP extra stats: {'x': array([ 1.00000000e+00,  9.07876062e-16,  3.79089197e-17, ...,
        1.00000000e+00, -4.94515755e-18,  1.00000000e+00], shape=(2278,)), 'y': array([ 4.99737716e-02,  2.73210911e-02,  2.73210911e-02, ...,
        7.24377022e-02, -7.52966563e-17,  9.12926625e-02], shape=(6578,)), 's': array([ 0.00000000e+00,  0.00000000e+00,  0.00000000e+00, ...,
        9.99999997e-01, -1.84952793e-15,  9.99999997e-01], shape=(6578,)), 'info': {'status_val': 1, 'iter': 75, 'scale_updates': 0, 'scale': 0.1, 'pobj': -3.232050798966238, 'dobj': -3.2320508389899323, 'res_pri': 4.161023107026689e-09, 'res_dual': 6.051150203989856e-10, 'gap': 4.002369413669271e-08, 'res_infeas': nan, 'res_unbdd_a': 0.30940107758170504, 'res_unbdd_p': 0.0, 'comp_slack': 2.714156030452653e-14, 'solve_time': 54.312411, 'setup_time': 4.587662, 'lin_sys_time': 7.646984999999999, 'cone_time': 42.96165900000002, 'accel_time': 1.2276079999999991, 'rejected_accel_steps': 0, 'accepted_accel_steps': 0, 'status': 'solved'}}
Rounding...
Setting seed to 10936486972973114134
n_vertices: 4 for n = 12
Using seed 10936486972973114134 to generate random matrix for x.
Energy of rounded cut/product state: 2.463420580022408
Algorithm 17 lower-bound energy: 2.8566594762816404
Algorithm 17 actual entangled-state energy: 2.911355653940816
SDP objective value: 4.732050798966238
3 in cut out of a total of 3 edges
Warm-start: SDP solve + rounding finished in 6.97 seconds
Warm-start: using level-2 Algorithm 17 entangled statevector with shape (16,)
Warm-start cache: moment matrix before save shape=(67, 67), dtype=float64, entries=4489, bytes=35912 (0.03 MiB)
Warm-start cache: saved Results/warm_start_cache/list_454_graphs_adjacency_listhog_v04-12_bipartite__filehash_0815e7e8/hog_idx000082_8f3d1be6e598_noseed_L2_M2_amplified.npz in 0.0067 seconds
WARM_START_CACHE_PRODUCER_ONLY is set; warm-start cache has been produced/loaded. Exiting before QAOA optimisation.
