Starting QAOA benchmark with global start time: 1787945100.9043674
Benchmark parameters: {'optimiser': 'adam', 'optimiser_use_heuristic': False, 'heuristic_optimiser_iterations': None, 'heuristic_optimiser_sampleSize': None, 'circuit_type': 'hamqaoa', 'parameter_vector': [1, 1, 1], 'iterations_list': [75], 'learning_rate_adam': 0.001, 'depth_list': [1, 2, 3, 4, 5], 'n_start': None, 'n_end': None, 'singlet_injection': False, 'start_index_singlet': None, 'warm_start': True, 'warm_start_mode': 'amplified_king', 'lasserre_level': 2, 'initial_solver_level_M': 2, 'sdp_seed': 42, 'sdp_solver_mode': 'scs', 'sdp_scs_eps': 1e-06, 'sdp_scs_max_iters': 100000, 'warm_start_corr_strength': None, 'warm_start_corr_repeats': None, 'compare_with_010101': False, 'init_QAOAparams_close_to_zero': False, 'use_correlations_as_initial_params': False, 'time_limit': None, 'failed_instance_termination_thrsh': None, 'graph_generation_type': 'hog', 'weighted': False, 'easiest_first': False, 'cpu_util_threshold': None, 'debug': False, 'save_circuit_svg': False, 'rerun_exclude_finished_instances': False, 'warm_start_cache_producer_only': False, 'qaoa_only_from_existing_warm_start_cache': True, 'optimiser_debug_iterations': None, 'num_repeats': 1, 'relative_graph_adjList_path': 'HOG_graphs/Exp5/list_193_graphs_adjacency_listhog_v04-12_planar_clawFree.txt', 'persistent_warm_start_cache': True, 'warm_start_cache_dir': 'Results/warm_start_cache', 'warm_start_cache_max_file_mb': 512, 'warm_start_cache_max_total_gb': 60, 'sdp_max_parallel': 0, 'qaoa_max_parallel': 16, 'sdp_threads': 1, 'qaoa_threads': 1, 'sdp_memory_limit_total_gb': 0, 'sdp_memory_limit_single_gb': 0, 'sdp_memory_poll_seconds': 5, 'sdp_max_retries': 0, 'queue_poll_interval_seconds': 5, 'max_graph_vertices': 10, 'completed_result_csv_paths': [], 'qaoa_seed': 42, 'initialise_standard_warm_start_with_zero_angles': True, 'result_name_suffix': '_Exp6_KingAmplifiedNoHeuristicAllZeroInitial'}, Running QAOA with equal superposition
Benchmark run ID: 3fbe8595
Benchmark repeat index: 1
Configured SDP rounding seed: 42
QAOA seed used: 42
Processor: x86_64
Hostname: dacsgpu0002
Total RAM (GB): None
Physical cores: 64
Logical cores: 64
Python version: 3.11.15
Initialisation time: 0.00 seconds; started at stardate {'initialisation': 0.004515886306762695} and finished at stardate1787945100.9088907
Loaded HOG graph index 2 with 11 edges.
Instance generation for n=2 took 0.00 seconds; started at stardate 1787945100.908896 and finished at stardate 1787945100.9120896
Running QAOA for n=9 nodes, m=11 edges...; Max iterations: 75
Warm-start cache: loading Results/warm_start_cache/list_193_graphs_adjacency_listhog_v04-12_planar_clawFree__filehash_62ae5075/hog_idx000002_2af74a720592_seed42_L2_M2_amplified.npz
Warm-start cache: loaded in 0.0093 seconds; effective compute time=2462.7068037986755
Edges: [(1, 3), (0, 1), (5, 8), (5, 7), (3, 5), (4, 6), (6, 8), (7, 8), (6, 7), (0, 2), (2, 4)], weights: [1.0, 1.0, 1.0, 1.0, 1.0, 1.0, 1.0, 1.0, 1.0, 1.0, 1.0], set of nodes: {0, 1, 2, 3, 4, 5, 6, 7, 8}, n: 9 nodes, p: 1 layers, N_bayes: 75 iterations
Solving for uuid: ba138201
Initial state injected as warm start
Ignoring initialise_standard_warm_start_with_zero_angles because this run has no active standard warm start; using the normal Adam initialization.
Running ADAM optimization with a single iteration (no debug loop)
Warm-start fallback: optimiser result was below the SDP warm-start energy; using the warm-start energy instead.
7.279258206237787
QAOA optimisation for n=2 took 23.61 seconds; started at stardate 1787945100.912094 and finished at stardate 1787945124.5263376
Finished QAOA for n=9 nodes, m=11 edges at 2026-08-28 21:25:24 on x86_64. Time taken: 23.61 seconds. Hours: 0.01 hours. Peak RAM: 0.3 MB.
Unknown graph type for approximation ratio calculation; checking misc CSV.
Checking optimal_results_misc.csv for matching edges and weights...
Found matching exact result in misc CSV: 6.729418526905283
CSV writing for n=2 took 0.01 seconds; started at stardate 1787945124.5263467 and finished at stardate 1787945124.5391815
results: {2: 7.279258206237787}
durations: {9: 23.614248752593994}
Results saved to: Results/logs/adam/qaoa_results_adam_20260828_192157_pid568061_Exp6_KingAmplifiedNoHeuristicAllZeroInitial.csv
Global end time: 1787945124.5391998
Finalisation time: 0.00 seconds; started at stardate 1787945124.5391874 and finished at stardate 1787945124.539204
Sum of all section times: 23.63 seconds
run_id: 3fbe8595
