Starting QAOA benchmark with global start time: 1785465319.8454702
Benchmark parameters: {'optimiser': 'adam', 'optimiser_use_heuristic': False, 'heuristic_optimiser_iterations': None, 'heuristic_optimiser_sampleSize': None, 'circuit_type': 'hamqaoa', 'parameter_vector': [1, 1, 1], 'iterations_list': [5, 10], 'learning_rate_adam': 0.005, 'depth_list': [1, 2, 3], 'n_start': None, 'n_end': None, 'singlet_injection': False, 'start_index_singlet': None, 'warm_start': True, 'warm_start_mode': 'standard', 'lasserre_level': 2, 'initial_solver_level_M': 1, 'sdp_seed': None, 'sdp_solver_mode': 'scs', 'sdp_scs_eps': 1e-06, 'sdp_scs_max_iters': 100000, 'warm_start_corr_strength': None, 'warm_start_corr_repeats': None, 'compare_with_010101': False, 'init_QAOAparams_close_to_zero': False, 'use_correlations_as_initial_params': False, 'time_limit': None, 'failed_instance_termination_thrsh': None, 'graph_generation_type': 'hog', 'weighted': False, 'easiest_first': False, 'cpu_util_threshold': None, 'debug': False, 'save_circuit_svg': False, 'rerun_exclude_finished_instances': True, 'warm_start_cache_producer_only': False, 'qaoa_only_from_existing_warm_start_cache': True, 'optimiser_debug_iterations': None, 'num_repeats': 1, 'relative_graph_adjList_path': 'HOG_graphs/Exp5/cycle_graphs_3to12vertices_10instances_AdjacencyList.txt', 'persistent_warm_start_cache': True, 'warm_start_cache_dir': 'Results/warm_start_cache', 'warm_start_cache_max_file_mb': 512, 'warm_start_cache_max_total_gb': 60, 'sdp_max_parallel': 0, 'qaoa_max_parallel': 32, 'sdp_threads': 1, 'qaoa_threads': 1, 'sdp_memory_limit_total_gb': 0, 'sdp_memory_limit_single_gb': 0, 'sdp_memory_poll_seconds': 5, 'sdp_max_retries': 0, 'queue_poll_interval_seconds': 5, 'completed_result_csv_paths': []}, Running QAOA with equal superposition
Benchmark run ID: d15813ff
Benchmark repeat index: 1
SDP seed override: None
Processor: x86_64
Hostname: dacsvm-cpunode01
Total RAM (GB): None
Physical cores: 32
Logical cores: 32
Python version: 3.11.15
Initialisation time: 0.00 seconds; started at stardate {'initialisation': 0.0035445690155029297} and finished at stardate1785465319.8490214
Loaded HOG graph index 4 with 7 edges.
Instance generation for n=4 took 0.00 seconds; started at stardate 1785465319.849026 and finished at stardate 1785465319.8493636
Running QAOA for n=7 nodes, m=7 edges...; Max iterations: 5
Warm-start cache: loading Results/warm_start_cache/cycle_graphs_3to12vertices_10instances_AdjacencyList__filehash_1a582721/hog_idx000004_caa538b3e766_noseed_L2_M1_standard.npz
Warm-start cache: loaded in 0.0010 seconds; effective compute time=0.14330172538757324
Edges: [(0, 1), (2, 3), (1, 2), (5, 6), (3, 4), (0, 6), (4, 5)], weights: [1.0, 1.0, 1.0, 1.0, 1.0, 1.0, 1.0], set of nodes: {0, 1, 2, 3, 4, 5, 6}, n: 7 nodes, p: 1 layers, N_bayes: 5 iterations
Solving for uuid: 112a672b
Initial state injected as warm start
Running ADAM optimization with a single iteration (no debug loop)
Warm-start fallback: optimiser result was below the SDP warm-start energy; using the warm-start energy instead.
7.371421319901987
QAOA optimisation for n=4 took 0.25 seconds; started at stardate 1785465319.8493667 and finished at stardate 1785465320.0966759
Finished QAOA for n=7 nodes, m=7 edges at 2026-07-31 04:35:20 on x86_64. Time taken: 0.25 seconds. Hours: 0.00 hours. Peak RAM: 0.23 MB.
Computing cycle approximation ratio
CSV writing for n=4 took 0.01 seconds; started at stardate 1785465320.0966837 and finished at stardate 1785465320.1023405
results: {4: 7.371421319901987}
durations: {7: 0.2473134994506836}
Results saved to: Results/logs/adam/qaoa_results_adam_20260731_043458_pid1893923.csv
Global end time: 1785465320.1023502
Finalisation time: 0.00 seconds; started at stardate 1785465320.1023443 and finished at stardate 1785465320.1023543
Sum of all section times: 0.26 seconds
run_id: d15813ff
