Starting QAOA benchmark with global start time: 1782497791.624161
Benchmark parameters: {'optimiser': 'adam', 'optimiser_use_heuristic': True, 'heuristic_optimiser_iterations': 2, 'heuristic_optimiser_sampleSize': 1000, 'circuit_type': 'hamqaoa', 'parameter_vector': [1, 1, 1], 'iterations_list': [50], 'learning_rate_adam': 0.05, 'depth_list': [1, 3, 5], 'n_start': None, 'n_end': 78, 'singlet_injection': False, 'start_index_singlet': None, 'warm_start': True, 'warm_start_mode': 'standard', 'lasserre_level': 2, 'initial_solver_level_M': 2, 'sdp_seed': None, 'warm_start_corr_strength': None, 'warm_start_corr_repeats': None, 'compare_with_010101': False, 'init_QAOAparams_close_to_zero': False, 'use_correlations_as_initial_params': False, 'time_limit': None, 'failed_instance_termination_thrsh': None, 'graph_generation_type': 'hog', 'weighted': False, 'easiest_first': True, 'cpu_util_threshold': None, 'debug': False, 'save_circuit_svg': False, 'rerun_exclude_finished_instances': True, 'warm_start_cache_producer_only': False, 'qaoa_only_from_existing_warm_start_cache': True, 'optimiser_debug_iterations': None, 'num_repeats': 1, 'relative_graph_adjList_path': 'HOG_graphs/random_graphs_8to15vertices_1094instances_20260625_144734_AdjacencyList.txt', 'persistent_warm_start_cache': True, 'warm_start_cache_dir': 'Results/warm_start_cache/fast_test', 'warm_start_cache_max_file_mb': 512, 'warm_start_cache_max_total_gb': 60, 'sdp_max_parallel': 0, 'qaoa_max_parallel': 32, 'sdp_threads': 1, 'qaoa_threads': 1, 'sdp_memory_limit_total_gb': 40, 'sdp_memory_limit_single_gb': 40, 'sdp_memory_poll_seconds': 5, 'sdp_max_retries': 3, 'queue_poll_interval_seconds': 5}, Running QAOA with equal superposition
Benchmark run ID: 24f2e87c
Benchmark repeat index: 1
SDP seed override: None
Processor: x86_64
Hostname: dacsvm-cpunode01
Total RAM (GB): None
Physical cores: 32
Logical cores: 32
Python version: 3.11.15
Initialisation time: 0.00 seconds; started at stardate {'initialisation': 0.003708362579345703} and finished at stardate1782497791.6278758
Loaded HOG graph index 12 with 20 edges.
Instance generation for n=12 took 0.02 seconds; started at stardate 1782497791.6278799 and finished at stardate 1782497791.6522663
Running QAOA for n=8 nodes, m=20 edges...; Max iterations: 50
Warm-start cache: loading Results/warm_start_cache/fast_test/random_graphs_8to15vertices_1094instances_20260625_144734_AdjacencyList__filehash_a0cb3063/hog_idx000012_0834886e5235_noseed_L2_M2_standard.npz
Warm-start cache: loaded in 0.0011 seconds; effective compute time=7299.679443836212
Edges: [(2, 6), (4, 6), (1, 4), (0, 2), (1, 7), (5, 7), (3, 4), (4, 5), (3, 7), (0, 1), (1, 6), (0, 7), (5, 6), (3, 6), (2, 4), (2, 7), (0, 3), (1, 2), (1, 5), (6, 7)], weights: [1.0, 1.0, 1.0, 1.0, 1.0, 1.0, 1.0, 1.0, 1.0, 1.0, 1.0, 1.0, 1.0, 1.0, 1.0, 1.0, 1.0, 1.0, 1.0, 1.0], set of nodes: {0, 1, 2, 3, 4, 5, 6, 7}, n: 8 nodes, p: 3 layers, N_bayes: 50 iterations
Solving for uuid: 0b0d4ac2
Initial state injected as warm start
Running ADAM optimization with a single iteration (no debug loop)
14.014816556442412
QAOA optimisation for n=12 took 1097.78 seconds; started at stardate 1782497791.6522706 and finished at stardate 1782498889.4362419
Finished QAOA for n=8 nodes, m=20 edges at 2026-06-26 20:34:49 on x86_64. Time taken: 1097.78 seconds. Hours: 0.30 hours. Peak RAM: 0.28 MB.
Unknown graph type for approximation ratio calculation; checking misc CSV.
Checking optimal_results_misc.csv for matching edges and weights...
Found matching exact result in misc CSV: 9.48173653197749
CSV writing for n=12 took 0.01 seconds; started at stardate 1782498889.436251 and finished at stardate 1782498889.442448
results: {12: 14.014816556442412}
durations: {8: 1097.7839770317078}
Results saved to: Results/logs/adam/qaoa_results_adam_20260626_201312_pid2724789.csv
Global end time: 1782498889.442458
Finalisation time: 0.00 seconds; started at stardate 1782498889.4424522 and finished at stardate 1782498889.4424624
Sum of all section times: 1097.82 seconds
run_id: 24f2e87c
