Starting QAOA benchmark with global start time: 1782498863.8914752
Benchmark parameters: {'optimiser': 'adam', 'optimiser_use_heuristic': True, 'heuristic_optimiser_iterations': 2, 'heuristic_optimiser_sampleSize': 1000, 'circuit_type': 'hamqaoa', 'parameter_vector': [1, 1, 1], 'iterations_list': [50], 'learning_rate_adam': 0.05, 'depth_list': [1, 3, 5], 'n_start': None, 'n_end': 78, 'singlet_injection': False, 'start_index_singlet': None, 'warm_start': True, 'warm_start_mode': 'standard', 'lasserre_level': 2, 'initial_solver_level_M': 2, 'sdp_seed': None, 'warm_start_corr_strength': None, 'warm_start_corr_repeats': None, 'compare_with_010101': False, 'init_QAOAparams_close_to_zero': False, 'use_correlations_as_initial_params': False, 'time_limit': None, 'failed_instance_termination_thrsh': None, 'graph_generation_type': 'hog', 'weighted': False, 'easiest_first': True, 'cpu_util_threshold': None, 'debug': False, 'save_circuit_svg': False, 'rerun_exclude_finished_instances': True, 'warm_start_cache_producer_only': False, 'qaoa_only_from_existing_warm_start_cache': True, 'optimiser_debug_iterations': None, 'num_repeats': 1, 'relative_graph_adjList_path': 'HOG_graphs/random_graphs_8to15vertices_1094instances_20260625_144734_AdjacencyList.txt', 'persistent_warm_start_cache': True, 'warm_start_cache_dir': 'Results/warm_start_cache/fast_test', 'warm_start_cache_max_file_mb': 512, 'warm_start_cache_max_total_gb': 60, 'sdp_max_parallel': 0, 'qaoa_max_parallel': 32, 'sdp_threads': 1, 'qaoa_threads': 1, 'sdp_memory_limit_total_gb': 40, 'sdp_memory_limit_single_gb': 40, 'sdp_memory_poll_seconds': 5, 'sdp_max_retries': 3, 'queue_poll_interval_seconds': 5}, Running QAOA with equal superposition
Benchmark run ID: c8619856
Benchmark repeat index: 1
SDP seed override: None
Processor: x86_64
Hostname: dacsvm-cpunode01
Total RAM (GB): None
Physical cores: 32
Logical cores: 32
Python version: 3.11.15
Initialisation time: 0.00 seconds; started at stardate {'initialisation': 0.003115415573120117} and finished at stardate1782498863.894596
Loaded HOG graph index 22 with 15 edges.
Instance generation for n=22 took 0.02 seconds; started at stardate 1782498863.894602 and finished at stardate 1782498863.9185956
Running QAOA for n=8 nodes, m=15 edges...; Max iterations: 50
Warm-start cache: loading Results/warm_start_cache/fast_test/random_graphs_8to15vertices_1094instances_20260625_144734_AdjacencyList__filehash_a0cb3063/hog_idx000022_060bfa111be1_noseed_L2_M2_standard.npz
Warm-start cache: loaded in 0.0081 seconds; effective compute time=6696.0465524196625
Edges: [(2, 7), (0, 1), (1, 6), (0, 4), (2, 6), (0, 7), (0, 3), (5, 6), (4, 5), (6, 7), (2, 5), (0, 5), (1, 4), (0, 2), (2, 4)], weights: [1.0, 1.0, 1.0, 1.0, 1.0, 1.0, 1.0, 1.0, 1.0, 1.0, 1.0, 1.0, 1.0, 1.0, 1.0], set of nodes: {0, 1, 2, 3, 4, 5, 6, 7}, n: 8 nodes, p: 1 layers, N_bayes: 50 iterations
Solving for uuid: 6b3f5253
Initial state injected as warm start
Running ADAM optimization with a single iteration (no debug loop)
9.81702610183838
QAOA optimisation for n=22 took 214.03 seconds; started at stardate 1782498863.9185996 and finished at stardate 1782499077.9512355
Finished QAOA for n=8 nodes, m=15 edges at 2026-06-26 20:37:57 on x86_64. Time taken: 214.03 seconds. Hours: 0.06 hours. Peak RAM: 0.23 MB.
Unknown graph type for approximation ratio calculation; checking misc CSV.
Checking optimal_results_misc.csv for matching edges and weights...
Found matching exact result in misc CSV: 7.506518866709869
CSV writing for n=22 took 0.01 seconds; started at stardate 1782499077.9512436 and finished at stardate 1782499077.957916
results: {22: 9.81702610183838}
durations: {8: 214.03264141082764}
Results saved to: Results/logs/adam/qaoa_results_adam_20260626_201312_pid2724789.csv
Global end time: 1782499077.9581358
Finalisation time: 0.00 seconds; started at stardate 1782499077.9579184 and finished at stardate 1782499077.9581409
Sum of all section times: 214.07 seconds
run_id: c8619856
