Starting QAOA benchmark with global start time: 1782502201.7118676
Benchmark parameters: {'optimiser': 'adam', 'optimiser_use_heuristic': True, 'heuristic_optimiser_iterations': 2, 'heuristic_optimiser_sampleSize': 1000, 'circuit_type': 'hamqaoa', 'parameter_vector': [1, 1, 1], 'iterations_list': [50], 'learning_rate_adam': 0.05, 'depth_list': [1, 3, 5], 'n_start': None, 'n_end': 78, 'singlet_injection': False, 'start_index_singlet': None, 'warm_start': True, 'warm_start_mode': 'standard', 'lasserre_level': 2, 'initial_solver_level_M': 2, 'sdp_seed': None, 'warm_start_corr_strength': None, 'warm_start_corr_repeats': None, 'compare_with_010101': False, 'init_QAOAparams_close_to_zero': False, 'use_correlations_as_initial_params': False, 'time_limit': None, 'failed_instance_termination_thrsh': None, 'graph_generation_type': 'hog', 'weighted': False, 'easiest_first': True, 'cpu_util_threshold': None, 'debug': False, 'save_circuit_svg': False, 'rerun_exclude_finished_instances': True, 'warm_start_cache_producer_only': False, 'qaoa_only_from_existing_warm_start_cache': True, 'optimiser_debug_iterations': None, 'num_repeats': 1, 'relative_graph_adjList_path': 'HOG_graphs/random_graphs_8to15vertices_1094instances_20260625_144734_AdjacencyList.txt', 'persistent_warm_start_cache': True, 'warm_start_cache_dir': 'Results/warm_start_cache/fast_test', 'warm_start_cache_max_file_mb': 512, 'warm_start_cache_max_total_gb': 60, 'sdp_max_parallel': 0, 'qaoa_max_parallel': 32, 'sdp_threads': 1, 'qaoa_threads': 1, 'sdp_memory_limit_total_gb': 40, 'sdp_memory_limit_single_gb': 40, 'sdp_memory_poll_seconds': 5, 'sdp_max_retries': 3, 'queue_poll_interval_seconds': 5}, Running QAOA with equal superposition
Benchmark run ID: 9fd05764
Benchmark repeat index: 1
SDP seed override: None
Processor: x86_64
Hostname: dacsvm-cpunode01
Total RAM (GB): None
Physical cores: 32
Logical cores: 32
Python version: 3.11.15
Initialisation time: 0.01 seconds; started at stardate {'initialisation': 0.007234811782836914} and finished at stardate1782502201.719108
Loaded HOG graph index 53 with 16 edges.
Instance generation for n=53 took 0.03 seconds; started at stardate 1782502201.7191122 and finished at stardate 1782502201.746465
Running QAOA for n=8 nodes, m=16 edges...; Max iterations: 50
Warm-start cache: loading Results/warm_start_cache/fast_test/random_graphs_8to15vertices_1094instances_20260625_144734_AdjacencyList__filehash_a0cb3063/hog_idx000053_ae2ee981f928_noseed_L2_M2_standard.npz
Warm-start cache: loaded in 0.0058 seconds; effective compute time=6790.632403850555
Edges: [(1, 3), (0, 1), (2, 7), (2, 3), (1, 6), (4, 7), (0, 7), (3, 5), (0, 3), (4, 6), (5, 6), (4, 5), (2, 5), (1, 4), (0, 2), (6, 7)], weights: [1.0, 1.0, 1.0, 1.0, 1.0, 1.0, 1.0, 1.0, 1.0, 1.0, 1.0, 1.0, 1.0, 1.0, 1.0, 1.0], set of nodes: {0, 1, 2, 3, 4, 5, 6, 7}, n: 8 nodes, p: 1 layers, N_bayes: 50 iterations
Solving for uuid: 384b05f0
Initial state injected as warm start
Running ADAM optimization with a single iteration (no debug loop)
9.221678042754368
QAOA optimisation for n=53 took 214.48 seconds; started at stardate 1782502201.746471 and finished at stardate 1782502416.2273636
Finished QAOA for n=8 nodes, m=16 edges at 2026-06-26 21:33:36 on x86_64. Time taken: 214.48 seconds. Hours: 0.06 hours. Peak RAM: 0.23 MB.
Unknown graph type for approximation ratio calculation; checking misc CSV.
Checking optimal_results_misc.csv for matching edges and weights...
Found matching exact result in misc CSV: 7.999999999999996
CSV writing for n=53 took 0.01 seconds; started at stardate 1782502416.2273738 and finished at stardate 1782502416.2415776
results: {53: 9.221678042754368}
durations: {8: 214.48089957237244}
Results saved to: Results/logs/adam/qaoa_results_adam_20260626_201312_pid2724789.csv
Global end time: 1782502416.2415876
Finalisation time: 0.00 seconds; started at stardate 1782502416.2415807 and finished at stardate 1782502416.2415926
Sum of all section times: 214.53 seconds
run_id: 9fd05764
