Starting QAOA benchmark with global start time: 1782504027.2038577
Benchmark parameters: {'optimiser': 'adam', 'optimiser_use_heuristic': True, 'heuristic_optimiser_iterations': 2, 'heuristic_optimiser_sampleSize': 1000, 'circuit_type': 'hamqaoa', 'parameter_vector': [1, 1, 1], 'iterations_list': [50], 'learning_rate_adam': 0.05, 'depth_list': [1, 3, 5], 'n_start': None, 'n_end': 78, 'singlet_injection': False, 'start_index_singlet': None, 'warm_start': True, 'warm_start_mode': 'standard', 'lasserre_level': 2, 'initial_solver_level_M': 2, 'sdp_seed': None, 'warm_start_corr_strength': None, 'warm_start_corr_repeats': None, 'compare_with_010101': False, 'init_QAOAparams_close_to_zero': False, 'use_correlations_as_initial_params': False, 'time_limit': None, 'failed_instance_termination_thrsh': None, 'graph_generation_type': 'hog', 'weighted': False, 'easiest_first': True, 'cpu_util_threshold': None, 'debug': False, 'save_circuit_svg': False, 'rerun_exclude_finished_instances': True, 'warm_start_cache_producer_only': False, 'qaoa_only_from_existing_warm_start_cache': True, 'optimiser_debug_iterations': None, 'num_repeats': 1, 'relative_graph_adjList_path': 'HOG_graphs/random_graphs_8to15vertices_1094instances_20260625_144734_AdjacencyList.txt', 'persistent_warm_start_cache': True, 'warm_start_cache_dir': 'Results/warm_start_cache/fast_test', 'warm_start_cache_max_file_mb': 512, 'warm_start_cache_max_total_gb': 60, 'sdp_max_parallel': 0, 'qaoa_max_parallel': 32, 'sdp_threads': 1, 'qaoa_threads': 1, 'sdp_memory_limit_total_gb': 40, 'sdp_memory_limit_single_gb': 40, 'sdp_memory_poll_seconds': 5, 'sdp_max_retries': 3, 'queue_poll_interval_seconds': 5}, Running QAOA with equal superposition
Benchmark run ID: a83122ec
Benchmark repeat index: 1
SDP seed override: None
Processor: x86_64
Hostname: dacsvm-cpunode01
Total RAM (GB): None
Physical cores: 32
Logical cores: 32
Python version: 3.11.15
Initialisation time: 0.01 seconds; started at stardate {'initialisation': 0.006113529205322266} and finished at stardate1782504027.2099783
Loaded HOG graph index 71 with 24 edges.
Instance generation for n=71 took 0.05 seconds; started at stardate 1782504027.209991 and finished at stardate 1782504027.2607775
Running QAOA for n=8 nodes, m=24 edges...; Max iterations: 50
Warm-start cache: loading Results/warm_start_cache/fast_test/random_graphs_8to15vertices_1094instances_20260625_144734_AdjacencyList__filehash_a0cb3063/hog_idx000071_72de654fdf3a_noseed_L2_M2_standard.npz
Warm-start cache: loaded in 0.0051 seconds; effective compute time=5772.415826797485
Edges: [(2, 3), (3, 5), (4, 6), (1, 4), (0, 2), (1, 7), (5, 7), (3, 4), (4, 5), (3, 7), (2, 5), (1, 3), (0, 1), (1, 6), (0, 4), (0, 7), (5, 6), (3, 6), (2, 4), (2, 7), (4, 7), (1, 2), (0, 6), (1, 5)], weights: [1.0, 1.0, 1.0, 1.0, 1.0, 1.0, 1.0, 1.0, 1.0, 1.0, 1.0, 1.0, 1.0, 1.0, 1.0, 1.0, 1.0, 1.0, 1.0, 1.0, 1.0, 1.0, 1.0, 1.0], set of nodes: {0, 1, 2, 3, 4, 5, 6, 7}, n: 8 nodes, p: 1 layers, N_bayes: 50 iterations
Solving for uuid: fc5fee58
Initial state injected as warm start
Running ADAM optimization with a single iteration (no debug loop)
13.789014867583308
QAOA optimisation for n=71 took 276.79 seconds; started at stardate 1782504027.2607844 and finished at stardate 1782504304.0515866
Finished QAOA for n=8 nodes, m=24 edges at 2026-06-26 22:05:04 on x86_64. Time taken: 276.79 seconds. Hours: 0.08 hours. Peak RAM: 0.23 MB.
Unknown graph type for approximation ratio calculation; checking misc CSV.
Checking optimal_results_misc.csv for matching edges and weights...
Found matching exact result in misc CSV: 9.999999999999991
CSV writing for n=71 took 0.01 seconds; started at stardate 1782504304.051594 and finished at stardate 1782504304.0598366
results: {71: 13.789014867583308}
durations: {8: 276.7908082008362}
Results saved to: Results/logs/adam/qaoa_results_adam_20260626_201312_pid2724789.csv
Global end time: 1782504304.0598464
Finalisation time: 0.00 seconds; started at stardate 1782504304.0598402 and finished at stardate 1782504304.0598505
Sum of all section times: 276.86 seconds
run_id: a83122ec
