/home/i6408800/MasterThesis/QAOA/Code/Circuit.py:182: UserWarning: No classical warm-start cut provided for HAMQAOA; using random cut values for fourth HAMQAOA gate. This may lead to suboptimal performance and may be unintentional if a classical warm start was intended.
  warnings.warn(
Starting QAOA benchmark with global start time: 1784870904.6495984
Benchmark parameters: {'optimiser': 'adam', 'optimiser_use_heuristic': True, 'heuristic_optimiser_iterations': 1, 'heuristic_optimiser_sampleSize': 50, 'circuit_type': 'hamqaoa', 'parameter_vector': [1, 1, 1], 'iterations_list': [5, 10, 25, 50], 'learning_rate_adam': 0.001, 'depth_list': [1, 2], 'n_start': None, 'n_end': None, 'singlet_injection': False, 'start_index_singlet': None, 'warm_start': False, 'warm_start_mode': None, 'lasserre_level': None, 'initial_solver_level_M': None, 'sdp_seed': None, 'sdp_solver_mode': None, 'sdp_scs_eps': None, 'sdp_scs_max_iters': None, 'warm_start_corr_strength': None, 'warm_start_corr_repeats': None, 'compare_with_010101': False, 'init_QAOAparams_close_to_zero': False, 'use_correlations_as_initial_params': None, 'time_limit': None, 'failed_instance_termination_thrsh': None, 'graph_generation_type': 'hog', 'weighted': False, 'easiest_first': True, 'cpu_util_threshold': None, 'debug': False, 'save_circuit_svg': False, 'rerun_exclude_finished_instances': False, 'warm_start_cache_producer_only': False, 'qaoa_only_from_existing_warm_start_cache': False, 'optimiser_debug_iterations': None, 'num_repeats': 1, 'relative_graph_adjList_path': 'HOG_graphs/stress_test.txt', 'persistent_warm_start_cache': False, 'warm_start_cache_dir': None, 'warm_start_cache_max_file_mb': None, 'warm_start_cache_max_total_gb': None, 'sdp_max_parallel': 0, 'qaoa_max_parallel': 32, 'sdp_threads': None, 'qaoa_threads': 1, 'sdp_memory_limit_total_gb': None, 'sdp_memory_limit_single_gb': None, 'sdp_memory_poll_seconds': None, 'sdp_max_retries': None, 'queue_poll_interval_seconds': 5}, Running QAOA with equal superposition
Benchmark run ID: b248e33b
Benchmark repeat index: 1
SDP seed override: None
Processor: x86_64
Hostname: dacsgpu0002
Total RAM (GB): None
Physical cores: 64
Logical cores: 64
Python version: 3.11.15
Initialisation time: 0.00 seconds; started at stardate {'initialisation': 0.00302886962890625} and finished at stardate1784870904.6526425
Loaded HOG graph index 149 with 6 edges.
Instance generation for n=149 took 0.00 seconds; started at stardate 1784870904.6526487 and finished at stardate 1784870904.6571429
Running QAOA for n=7 nodes, m=6 edges...; Max iterations: 50
Edges: [(0, 1), (2, 3), (1, 2), (5, 6), (3, 4), (4, 5)], weights: [1.0, 1.0, 1.0, 1.0, 1.0, 1.0], set of nodes: {0, 1, 2, 3, 4, 5, 6}, n: 7 nodes, p: 1 layers, N_bayes: 50 iterations
Solving for uuid: 7ff92d3d
No warm start: Default initial state is equal superposition
Running ADAM optimization with a single iteration (no debug loop)
2.2708386860170062
QAOA optimisation for n=149 took 2.83 seconds; started at stardate 1784870904.6571472 and finished at stardate 1784870907.4851625
Finished QAOA for n=7 nodes, m=6 edges at 2026-07-24 07:28:27 on x86_64. Time taken: 2.83 seconds. Hours: 0.00 hours. Peak RAM: 0.2 MB.
Computing line approximation ratio
CSV writing for n=149 took 0.01 seconds; started at stardate 1784870907.4851694 and finished at stardate 1784870907.4905674
results: {149: 2.2708386860170062}
durations: {7: 2.8280203342437744}
Results saved to: Results/logs/adam/qaoa_results_adam_20260724_064508_pid1594862.csv
Global end time: 1784870907.4905846
Finalisation time: 0.00 seconds; started at stardate 1784870907.4905732 and finished at stardate 1784870907.4905896
Sum of all section times: 2.84 seconds
run_id: b248e33b
