Starting QAOA benchmark with global start time: 1785267311.6547997
Benchmark parameters: {'optimiser': 'adam', 'optimiser_use_heuristic': None, 'heuristic_optimiser_iterations': None, 'heuristic_optimiser_sampleSize': None, 'circuit_type': 'hamqaoa', 'parameter_vector': [1, 1, 1], 'iterations_list': [50], 'learning_rate_adam': None, 'depth_list': [1], 'n_start': None, 'n_end': None, 'singlet_injection': False, 'start_index_singlet': None, 'warm_start': True, 'warm_start_mode': 'standard', 'lasserre_level': 2, 'initial_solver_level_M': 2, 'sdp_seed': None, 'sdp_solver_mode': 'scs', 'sdp_scs_eps': 1e-06, 'sdp_scs_max_iters': 100000, 'warm_start_corr_strength': None, 'warm_start_corr_repeats': None, 'compare_with_010101': False, 'init_QAOAparams_close_to_zero': False, 'use_correlations_as_initial_params': False, 'time_limit': None, 'failed_instance_termination_thrsh': None, 'graph_generation_type': 'hog', 'weighted': False, 'easiest_first': False, 'cpu_util_threshold': None, 'debug': False, 'save_circuit_svg': False, 'rerun_exclude_finished_instances': True, 'warm_start_cache_producer_only': True, 'qaoa_only_from_existing_warm_start_cache': False, 'optimiser_debug_iterations': None, 'num_repeats': 1, 'relative_graph_adjList_path': 'HOG_graphs/Exp5/list_454_graphs_adjacency_listhog_v04-12_bipartite.txt', 'persistent_warm_start_cache': True, 'warm_start_cache_dir': 'Results/warm_start_cache', 'warm_start_cache_max_file_mb': 512, 'warm_start_cache_max_total_gb': 60, 'sdp_max_parallel': 32, 'qaoa_max_parallel': 0, 'sdp_threads': 1, 'qaoa_threads': 1, 'sdp_memory_limit_total_gb': 250, 'sdp_memory_limit_single_gb': 100, 'sdp_memory_poll_seconds': 5, 'sdp_max_retries': 3, 'queue_poll_interval_seconds': 5, 'completed_result_csv_paths': []}, Running QAOA with equal superposition
Benchmark run ID: 57065ca1
Benchmark repeat index: 1
SDP seed override: None
Processor: x86_64
Hostname: dacsgpu0003
Total RAM (GB): None
Physical cores: 64
Logical cores: 64
Python version: 3.11.15
Initialisation time: 0.01 seconds; started at stardate {'initialisation': 0.0050754547119140625} and finished at stardate1785267311.6598916
Loaded HOG graph index 286 with 8 edges.
Instance generation for n=286 took 0.01 seconds; started at stardate 1785267311.6599016 and finished at stardate 1785267311.6703424
Running QAOA for n=8 nodes, m=8 edges...; Max iterations: 50
Warm-start: starting SDP solve for n_vertices=8
Warm-start: no sdp_seed in config, generated fallback seed 15028285985133008204
Using SCS solver for SDP with eps=1e-06, max_iters=100000.
SDP solver status: optimal
SDP solver name: SCS
SDP solver iterations: 3100
SDP solve time: 79.484184467
SDP extra stats: {'x': array([ 1.00000000e+00,  3.33184678e-13, -7.49436232e-13, ...,
        1.00000000e+00, -1.11425910e-18,  1.00000000e+00], shape=(38503,)), 'y': array([ 3.65603234e-02,  1.51437940e-02,  1.51437940e-02, ...,
        3.97722880e-03, -1.28382825e-12,  1.33270710e-02], shape=(108050,)), 's': array([0.00000000e+00, 0.00000000e+00, 0.00000000e+00, ...,
       9.99999999e-01, 1.69681217e-15, 1.00000001e+00], shape=(108050,)), 'info': {'status_val': 1, 'iter': 3100, 'scale_updates': 3, 'scale': 5.64783243542086, 'pobj': -7.011778981267837, 'dobj': -7.011778934137084, 'res_pri': 2.0742151311065435e-06, 'res_dual': 1.1452584401209509e-06, 'gap': 4.713075352213991e-08, 'res_infeas': nan, 'res_unbdd_a': 0.1426171593089985, 'res_unbdd_p': 0.0, 'comp_slack': 1.1605184315062752e-11, 'solve_time': 79484.184467, 'setup_time': 91.46035, 'lin_sys_time': 6996.703527000002, 'cone_time': 69513.18725699987, 'accel_time': 594.3811060000036, 'rejected_accel_steps': 26, 'accepted_accel_steps': 1, 'status': 'solved'}}
Rounding...
Setting seed to 15028285985133008204
n_vertices: 8 for n = 24
Using seed 15028285985133008204 to generate random matrix for x.
Energy of rounded cut/product state: 7.249112612644161
Algorithm 17 lower-bound energy: 6.517622576918234
Algorithm 17 actual entangled-state energy: 7.817751752421925
SDP objective value: 11.011778981267836
6 in cut out of a total of 8 edges
Warm-start: SDP solve + rounding finished in 1271.53 seconds
Warm-start: using level-2 Algorithm 17 entangled statevector with shape (256,)
Warm-start cache: moment matrix not saved for this configuration.
Warm-start cache: saved Results/warm_start_cache/list_454_graphs_adjacency_listhog_v04-12_bipartite__filehash_0815e7e8/hog_idx000286_cb3416fef913_noseed_L2_M2_standard.npz in 0.0068 seconds
WARM_START_CACHE_PRODUCER_ONLY is set; warm-start cache has been produced/loaded. Exiting before QAOA optimisation.
