Starting QAOA benchmark with global start time: 1785277246.467142
Benchmark parameters: {'optimiser': 'adam', 'optimiser_use_heuristic': None, 'heuristic_optimiser_iterations': None, 'heuristic_optimiser_sampleSize': None, 'circuit_type': 'hamqaoa', 'parameter_vector': [1, 1, 1], 'iterations_list': [50], 'learning_rate_adam': None, 'depth_list': [1], 'n_start': None, 'n_end': None, 'singlet_injection': False, 'start_index_singlet': None, 'warm_start': True, 'warm_start_mode': 'standard', 'lasserre_level': 2, 'initial_solver_level_M': 2, 'sdp_seed': None, 'sdp_solver_mode': 'scs', 'sdp_scs_eps': 1e-06, 'sdp_scs_max_iters': 100000, 'warm_start_corr_strength': None, 'warm_start_corr_repeats': None, 'compare_with_010101': False, 'init_QAOAparams_close_to_zero': False, 'use_correlations_as_initial_params': False, 'time_limit': None, 'failed_instance_termination_thrsh': None, 'graph_generation_type': 'hog', 'weighted': False, 'easiest_first': False, 'cpu_util_threshold': None, 'debug': False, 'save_circuit_svg': False, 'rerun_exclude_finished_instances': True, 'warm_start_cache_producer_only': True, 'qaoa_only_from_existing_warm_start_cache': False, 'optimiser_debug_iterations': None, 'num_repeats': 1, 'relative_graph_adjList_path': 'HOG_graphs/Exp5/list_454_graphs_adjacency_listhog_v04-12_bipartite.txt', 'persistent_warm_start_cache': True, 'warm_start_cache_dir': 'Results/warm_start_cache', 'warm_start_cache_max_file_mb': 512, 'warm_start_cache_max_total_gb': 60, 'sdp_max_parallel': 32, 'qaoa_max_parallel': 0, 'sdp_threads': 1, 'qaoa_threads': 1, 'sdp_memory_limit_total_gb': 250, 'sdp_memory_limit_single_gb': 100, 'sdp_memory_poll_seconds': 5, 'sdp_max_retries': 3, 'queue_poll_interval_seconds': 5, 'completed_result_csv_paths': []}, Running QAOA with equal superposition
Benchmark run ID: 71b30caa
Benchmark repeat index: 1
SDP seed override: None
Processor: x86_64
Hostname: dacsgpu0003
Total RAM (GB): None
Physical cores: 64
Logical cores: 64
Python version: 3.11.15
Initialisation time: 0.01 seconds; started at stardate {'initialisation': 0.014757156372070312} and finished at stardate1785277246.4819229
Loaded HOG graph index 400 with 14 edges.
Instance generation for n=400 took 0.01 seconds; started at stardate 1785277246.481935 and finished at stardate 1785277246.493546
Running QAOA for n=9 nodes, m=14 edges...; Max iterations: 50
Warm-start: starting SDP solve for n_vertices=9
Warm-start: no sdp_seed in config, generated fallback seed 10570062674463568958
Using SCS solver for SDP with eps=1e-06, max_iters=100000.
SDP solver status: optimal
SDP solver name: SCS
SDP solver iterations: 3425
SDP solve time: 155.706424077
SDP extra stats: {'x': array([ 1.00000000e+00,  1.81336280e-13, -7.18765019e-15, ...,
        1.00000000e+00, -3.27805846e-18,  1.00000000e+00], shape=(62128,)), 'y': array([5.16304649e-02, 2.13860427e-02, 2.13860427e-02, ...,
       7.78892836e-05, 1.15780130e-15, 5.33933083e-02], shape=(173558,)), 's': array([ 0.00000000e+00,  0.00000000e+00,  0.00000000e+00, ...,
        1.00000000e+00, -1.42166059e-15,  9.99999569e-01], shape=(173558,)), 'info': {'status_val': 1, 'iter': 3425, 'scale_updates': 4, 'scale': 0.2886594514773214, 'pobj': -9.846269140502873, 'dobj': -9.846268814307793, 'res_pri': 1.9947821440871605e-06, 'res_dual': 5.6125256891723296e-08, 'gap': 3.261950798361113e-07, 'res_infeas': nan, 'res_unbdd_a': 0.10156131076013994, 'res_unbdd_p': 0.0, 'comp_slack': 9.16064162866041e-12, 'solve_time': 155706.424077, 'setup_time': 149.107906, 'lin_sys_time': 12439.390686000008, 'cone_time': 138177.39209399978, 'accel_time': 1058.4918170000058, 'rejected_accel_steps': 27, 'accepted_accel_steps': 4, 'status': 'solved'}}
Rounding...
Setting seed to 10570062674463568958
n_vertices: 9 for n = 27
Using seed 10570062674463568958 to generate random matrix for x.
Energy of rounded cut/product state: 11.020437639375478
Algorithm 17 lower-bound energy: 9.845616276743916
Algorithm 17 actual entangled-state energy: 11.472805082210641
SDP objective value: 16.84626914050287
8 in cut out of a total of 14 edges
Warm-start: SDP solve + rounding finished in 3037.27 seconds
Warm-start: using level-2 Algorithm 17 entangled statevector with shape (512,)
Warm-start cache: moment matrix not saved for this configuration.
Warm-start cache: saved Results/warm_start_cache/list_454_graphs_adjacency_listhog_v04-12_bipartite__filehash_0815e7e8/hog_idx000400_6ead2bf097ee_noseed_L2_M2_standard.npz in 0.0081 seconds
WARM_START_CACHE_PRODUCER_ONLY is set; warm-start cache has been produced/loaded. Exiting before QAOA optimisation.
