Starting QAOA benchmark with global start time: 1785247605.7580361
Benchmark parameters: {'optimiser': 'adam', 'optimiser_use_heuristic': None, 'heuristic_optimiser_iterations': None, 'heuristic_optimiser_sampleSize': None, 'circuit_type': 'hamqaoa', 'parameter_vector': [1, 1, 1], 'iterations_list': [50], 'learning_rate_adam': None, 'depth_list': [1], 'n_start': None, 'n_end': None, 'singlet_injection': False, 'start_index_singlet': None, 'warm_start': True, 'warm_start_mode': 'standard', 'lasserre_level': 2, 'initial_solver_level_M': 2, 'sdp_seed': None, 'sdp_solver_mode': 'scs', 'sdp_scs_eps': 1e-06, 'sdp_scs_max_iters': 100000, 'warm_start_corr_strength': None, 'warm_start_corr_repeats': None, 'compare_with_010101': False, 'init_QAOAparams_close_to_zero': False, 'use_correlations_as_initial_params': False, 'time_limit': None, 'failed_instance_termination_thrsh': None, 'graph_generation_type': 'hog', 'weighted': False, 'easiest_first': False, 'cpu_util_threshold': None, 'debug': False, 'save_circuit_svg': False, 'rerun_exclude_finished_instances': True, 'warm_start_cache_producer_only': True, 'qaoa_only_from_existing_warm_start_cache': False, 'optimiser_debug_iterations': None, 'num_repeats': 1, 'relative_graph_adjList_path': 'HOG_graphs/Exp5/list_454_graphs_adjacency_listhog_v04-12_bipartite.txt', 'persistent_warm_start_cache': True, 'warm_start_cache_dir': 'Results/warm_start_cache', 'warm_start_cache_max_file_mb': 512, 'warm_start_cache_max_total_gb': 60, 'sdp_max_parallel': 32, 'qaoa_max_parallel': 0, 'sdp_threads': 1, 'qaoa_threads': 1, 'sdp_memory_limit_total_gb': 250, 'sdp_memory_limit_single_gb': 100, 'sdp_memory_poll_seconds': 5, 'sdp_max_retries': 3, 'queue_poll_interval_seconds': 5, 'completed_result_csv_paths': []}, Running QAOA with equal superposition
Benchmark run ID: 21721c25
Benchmark repeat index: 1
SDP seed override: None
Processor: x86_64
Hostname: dacsgpu0003
Total RAM (GB): None
Physical cores: 64
Logical cores: 64
Python version: 3.11.15
Initialisation time: 0.02 seconds; started at stardate {'initialisation': 0.015527009963989258} and finished at stardate1785247605.7735808
Loaded HOG graph index 291 with 12 edges.
Instance generation for n=291 took 0.02 seconds; started at stardate 1785247605.7735903 and finished at stardate 1785247605.7923534
Running QAOA for n=10 nodes, m=12 edges...; Max iterations: 50
Warm-start: starting SDP solve for n_vertices=10
Warm-start: no sdp_seed in config, generated fallback seed 4112388232944872653
Using SCS solver for SDP with eps=1e-06, max_iters=100000.
SDP solver status: optimal
SDP solver name: SCS
SDP solver iterations: 6250
SDP solve time: 552.851581747
SDP extra stats: {'x': array([ 1.00000000e+00, -1.48702802e-12, -1.11506491e-12, ...,
        1.00000000e+00,  4.08087888e-15,  1.00000000e+00], shape=(95266,)), 'y': array([ 2.88132081e-02,  1.19348114e-02,  1.19348114e-02, ...,
        1.74745441e-02, -1.95160346e-11,  2.49118472e-02], shape=(265112,)), 's': array([ 0.00000000e+00,  0.00000000e+00,  0.00000000e+00, ...,
        1.00000003e+00, -1.00844488e-12,  1.00000003e+00], shape=(265112,)), 'info': {'status_val': 1, 'iter': 6250, 'scale_updates': 6, 'scale': 2.703225245862456, 'pobj': -9.986644376070505, 'dobj': -9.986644487896378, 'res_pri': 5.602748283569007e-07, 'res_dual': 5.931677166551578e-07, 'gap': 1.1182587300595515e-07, 'res_infeas': nan, 'res_unbdd_a': 0.10013373485311905, 'res_unbdd_p': 0.0, 'comp_slack': 1.1557732548794775e-10, 'solve_time': 552851.581747, 'setup_time': 276.567568, 'lin_sys_time': 43478.14400599994, 'cone_time': 490633.4746529992, 'accel_time': 3699.8775549999723, 'rejected_accel_steps': 52, 'accepted_accel_steps': 1, 'status': 'solved'}}
Rounding...
Setting seed to 4112388232944872653
n_vertices: 10 for n = 30
Using seed 4112388232944872653 to generate random matrix for x.
Energy of rounded cut/product state: 8.072937175248718
Algorithm 17 lower-bound energy: 9.389318846783912
Algorithm 17 actual entangled-state energy: 8.929269592089854
SDP objective value: 15.986644376070506
6 in cut out of a total of 12 edges
Warm-start: SDP solve + rounding finished in 8880.06 seconds
Warm-start: using level-2 Algorithm 17 entangled statevector with shape (1024,)
Warm-start cache: moment matrix not saved for this configuration.
Warm-start cache: saved Results/warm_start_cache/list_454_graphs_adjacency_listhog_v04-12_bipartite__filehash_0815e7e8/hog_idx000291_ba6177897727_noseed_L2_M2_standard.npz in 0.0110 seconds
WARM_START_CACHE_PRODUCER_ONLY is set; warm-start cache has been produced/loaded. Exiting before QAOA optimisation.
