Starting QAOA benchmark with global start time: 1785239612.3776271
Benchmark parameters: {'optimiser': 'adam', 'optimiser_use_heuristic': None, 'heuristic_optimiser_iterations': None, 'heuristic_optimiser_sampleSize': None, 'circuit_type': 'hamqaoa', 'parameter_vector': [1, 1, 1], 'iterations_list': [50], 'learning_rate_adam': None, 'depth_list': [1], 'n_start': None, 'n_end': None, 'singlet_injection': False, 'start_index_singlet': None, 'warm_start': True, 'warm_start_mode': 'standard', 'lasserre_level': 2, 'initial_solver_level_M': 2, 'sdp_seed': None, 'sdp_solver_mode': 'scs', 'sdp_scs_eps': 1e-06, 'sdp_scs_max_iters': 100000, 'warm_start_corr_strength': None, 'warm_start_corr_repeats': None, 'compare_with_010101': False, 'init_QAOAparams_close_to_zero': False, 'use_correlations_as_initial_params': False, 'time_limit': None, 'failed_instance_termination_thrsh': None, 'graph_generation_type': 'hog', 'weighted': False, 'easiest_first': False, 'cpu_util_threshold': None, 'debug': False, 'save_circuit_svg': False, 'rerun_exclude_finished_instances': True, 'warm_start_cache_producer_only': True, 'qaoa_only_from_existing_warm_start_cache': False, 'optimiser_debug_iterations': None, 'num_repeats': 1, 'relative_graph_adjList_path': 'HOG_graphs/Exp5/list_454_graphs_adjacency_listhog_v04-12_bipartite.txt', 'persistent_warm_start_cache': True, 'warm_start_cache_dir': 'Results/warm_start_cache', 'warm_start_cache_max_file_mb': 512, 'warm_start_cache_max_total_gb': 60, 'sdp_max_parallel': 32, 'qaoa_max_parallel': 0, 'sdp_threads': 1, 'qaoa_threads': 1, 'sdp_memory_limit_total_gb': 250, 'sdp_memory_limit_single_gb': 100, 'sdp_memory_poll_seconds': 5, 'sdp_max_retries': 3, 'queue_poll_interval_seconds': 5, 'completed_result_csv_paths': []}, Running QAOA with equal superposition
Benchmark run ID: 67fa0415
Benchmark repeat index: 1
SDP seed override: None
Processor: x86_64
Hostname: dacsgpu0003
Total RAM (GB): None
Physical cores: 64
Logical cores: 64
Python version: 3.11.15
Initialisation time: 0.02 seconds; started at stardate {'initialisation': 0.015924453735351562} and finished at stardate1785239612.3935673
Loaded HOG graph index 392 with 9 edges.
Instance generation for n=392 took 0.02 seconds; started at stardate 1785239612.3935761 and finished at stardate 1785239612.416429
Running QAOA for n=8 nodes, m=9 edges...; Max iterations: 50
Warm-start: starting SDP solve for n_vertices=8
Warm-start: no sdp_seed in config, generated fallback seed 12391537363576426416
Using SCS solver for SDP with eps=1e-06, max_iters=100000.
SDP solver status: optimal
SDP solver name: SCS
SDP solver iterations: 1450
SDP solve time: 34.545892755000004
SDP extra stats: {'x': array([ 1.00000000e+00,  6.63684473e-14, -1.02171312e-13, ...,
        1.00000000e+00,  4.15933612e-19,  1.00000000e+00], shape=(38503,)), 'y': array([3.68303885e-02, 1.52556664e-02, 1.52556664e-02, ...,
       1.04558033e-02, 2.03065149e-13, 1.91465214e-02], shape=(108050,)), 's': array([ 0.00000000e+00,  0.00000000e+00,  0.00000000e+00, ...,
        1.00000000e+00, -6.28638528e-16,  9.99999987e-01], shape=(108050,)), 'info': {'status_val': 1, 'iter': 1450, 'scale_updates': 3, 'scale': 5.218784911869235, 'pobj': -7.517838230148611, 'dobj': -7.517838142565928, 'res_pri': 3.7945067275868993e-07, 'res_dual': 1.4789603975400997e-06, 'gap': 8.758268243980183e-08, 'res_infeas': nan, 'res_unbdd_a': 0.13301696171114055, 'res_unbdd_p': 0.0, 'comp_slack': 2.921034406579671e-11, 'solve_time': 34545.892755, 'setup_time': 81.489659, 'lin_sys_time': 2936.7019960000043, 'cone_time': 30369.834819999993, 'accel_time': 237.93671000000418, 'rejected_accel_steps': 11, 'accepted_accel_steps': 1, 'status': 'solved'}}
Rounding...
Setting seed to 12391537363576426416
n_vertices: 8 for n = 24
Using seed 12391537363576426416 to generate random matrix for x.
Energy of rounded cut/product state: 6.642978042645968
Algorithm 17 lower-bound energy: 7.04662229418792
Algorithm 17 actual entangled-state energy: 7.065886874704975
SDP objective value: 12.01783823014861
6 in cut out of a total of 9 edges
Warm-start: SDP solve + rounding finished in 1120.99 seconds
Warm-start: using level-2 Algorithm 17 entangled statevector with shape (256,)
Warm-start cache: moment matrix not saved for this configuration.
Warm-start cache: saved Results/warm_start_cache/list_454_graphs_adjacency_listhog_v04-12_bipartite__filehash_0815e7e8/hog_idx000392_5466f9fcfbe0_noseed_L2_M2_standard.npz in 0.0080 seconds
WARM_START_CACHE_PRODUCER_ONLY is set; warm-start cache has been produced/loaded. Exiting before QAOA optimisation.
