Starting QAOA benchmark with global start time: 1785270515.762794
Benchmark parameters: {'optimiser': 'adam', 'optimiser_use_heuristic': None, 'heuristic_optimiser_iterations': None, 'heuristic_optimiser_sampleSize': None, 'circuit_type': 'hamqaoa', 'parameter_vector': [1, 1, 1], 'iterations_list': [50], 'learning_rate_adam': None, 'depth_list': [1], 'n_start': None, 'n_end': None, 'singlet_injection': False, 'start_index_singlet': None, 'warm_start': True, 'warm_start_mode': 'standard', 'lasserre_level': 2, 'initial_solver_level_M': 2, 'sdp_seed': None, 'sdp_solver_mode': 'scs', 'sdp_scs_eps': 1e-06, 'sdp_scs_max_iters': 100000, 'warm_start_corr_strength': None, 'warm_start_corr_repeats': None, 'compare_with_010101': False, 'init_QAOAparams_close_to_zero': False, 'use_correlations_as_initial_params': False, 'time_limit': None, 'failed_instance_termination_thrsh': None, 'graph_generation_type': 'hog', 'weighted': False, 'easiest_first': False, 'cpu_util_threshold': None, 'debug': False, 'save_circuit_svg': False, 'rerun_exclude_finished_instances': True, 'warm_start_cache_producer_only': True, 'qaoa_only_from_existing_warm_start_cache': False, 'optimiser_debug_iterations': None, 'num_repeats': 1, 'relative_graph_adjList_path': 'HOG_graphs/Exp5/list_454_graphs_adjacency_listhog_v04-12_bipartite.txt', 'persistent_warm_start_cache': True, 'warm_start_cache_dir': 'Results/warm_start_cache', 'warm_start_cache_max_file_mb': 512, 'warm_start_cache_max_total_gb': 60, 'sdp_max_parallel': 32, 'qaoa_max_parallel': 0, 'sdp_threads': 1, 'qaoa_threads': 1, 'sdp_memory_limit_total_gb': 250, 'sdp_memory_limit_single_gb': 100, 'sdp_memory_poll_seconds': 5, 'sdp_max_retries': 3, 'queue_poll_interval_seconds': 5, 'completed_result_csv_paths': []}, Running QAOA with equal superposition
Benchmark run ID: 3fcc9329
Benchmark repeat index: 1
SDP seed override: None
Processor: x86_64
Hostname: dacsgpu0003
Total RAM (GB): None
Physical cores: 64
Logical cores: 64
Python version: 3.11.15
Initialisation time: 0.01 seconds; started at stardate {'initialisation': 0.007466554641723633} and finished at stardate1785270515.7702734
Loaded HOG graph index 352 with 11 edges.
Instance generation for n=352 took 0.02 seconds; started at stardate 1785270515.7702835 and finished at stardate 1785270515.7904754
Running QAOA for n=11 nodes, m=11 edges...; Max iterations: 50
Warm-start: starting SDP solve for n_vertices=11
Warm-start: no sdp_seed in config, generated fallback seed 5479385103093268298
Using SCS solver for SDP with eps=1e-06, max_iters=100000.
SDP solver status: optimal
SDP solver name: SCS
SDP solver iterations: 6275
SDP solve time: 1052.496084837
SDP extra stats: {'x': array([1.00000000e+00, 9.92255745e-13, 5.89875317e-13, ...,
       1.00000000e+00, 2.23236974e-18, 1.00000000e+00], shape=(140185,)), 'y': array([2.70155468e-02, 1.11902121e-02, 1.11902121e-02, ...,
       1.99795152e-03, 1.17538850e-14, 3.16495827e-03], shape=(388841,)), 's': array([ 0.00000000e+00,  0.00000000e+00,  0.00000000e+00, ...,
        9.99999977e-01, -1.84182569e-15,  1.00000002e+00], shape=(388841,)), 'info': {'status_val': 1, 'iter': 6275, 'scale_updates': 4, 'scale': 0.19655595679776378, 'pobj': -9.157334374607736, 'dobj': -9.157333835721971, 'res_pri': 1.8774760193198949e-06, 'res_dual': 4.386655992012248e-07, 'gap': 5.38885764456154e-07, 'res_infeas': nan, 'res_unbdd_a': 0.10920208427697707, 'res_unbdd_p': 0.0, 'comp_slack': 4.4791749738026766e-11, 'solve_time': 1052496.084837, 'setup_time': 380.918457, 'lin_sys_time': 60500.9152120001, 'cone_time': 967336.607545998, 'accel_time': 4829.938324000072, 'rejected_accel_steps': 53, 'accepted_accel_steps': 2, 'status': 'solved'}}
Rounding...
Setting seed to 5479385103093268298
n_vertices: 11 for n = 33
Using seed 5479385103093268298 to generate random matrix for x.
Energy of rounded cut/product state: 7.969867094486037
Algorithm 17 lower-bound energy: 8.563564041061353
Algorithm 17 actual entangled-state energy: 8.741667011958693
SDP objective value: 14.657334374607737
8 in cut out of a total of 11 edges
Warm-start: SDP solve + rounding finished in 17680.75 seconds
Warm-start: using level-2 Algorithm 17 entangled statevector with shape (2048,)
Warm-start cache: moment matrix not saved for this configuration.
Warm-start cache: saved Results/warm_start_cache/list_454_graphs_adjacency_listhog_v04-12_bipartite__filehash_0815e7e8/hog_idx000352_f4b3a52ed65d_noseed_L2_M2_standard.npz in 0.0142 seconds
WARM_START_CACHE_PRODUCER_ONLY is set; warm-start cache has been produced/loaded. Exiting before QAOA optimisation.
