Starting QAOA benchmark with global start time: 1785230668.4569063
Benchmark parameters: {'optimiser': 'adam', 'optimiser_use_heuristic': None, 'heuristic_optimiser_iterations': None, 'heuristic_optimiser_sampleSize': None, 'circuit_type': 'hamqaoa', 'parameter_vector': [1, 1, 1], 'iterations_list': [50], 'learning_rate_adam': None, 'depth_list': [1], 'n_start': None, 'n_end': None, 'singlet_injection': False, 'start_index_singlet': None, 'warm_start': True, 'warm_start_mode': 'standard', 'lasserre_level': 2, 'initial_solver_level_M': 2, 'sdp_seed': None, 'sdp_solver_mode': 'scs', 'sdp_scs_eps': 1e-06, 'sdp_scs_max_iters': 100000, 'warm_start_corr_strength': None, 'warm_start_corr_repeats': None, 'compare_with_010101': False, 'init_QAOAparams_close_to_zero': False, 'use_correlations_as_initial_params': False, 'time_limit': None, 'failed_instance_termination_thrsh': None, 'graph_generation_type': 'hog', 'weighted': False, 'easiest_first': False, 'cpu_util_threshold': None, 'debug': False, 'save_circuit_svg': False, 'rerun_exclude_finished_instances': True, 'warm_start_cache_producer_only': True, 'qaoa_only_from_existing_warm_start_cache': False, 'optimiser_debug_iterations': None, 'num_repeats': 1, 'relative_graph_adjList_path': 'HOG_graphs/Exp5/list_454_graphs_adjacency_listhog_v04-12_bipartite.txt', 'persistent_warm_start_cache': True, 'warm_start_cache_dir': 'Results/warm_start_cache', 'warm_start_cache_max_file_mb': 512, 'warm_start_cache_max_total_gb': 60, 'sdp_max_parallel': 32, 'qaoa_max_parallel': 0, 'sdp_threads': 1, 'qaoa_threads': 1, 'sdp_memory_limit_total_gb': 250, 'sdp_memory_limit_single_gb': 100, 'sdp_memory_poll_seconds': 5, 'sdp_max_retries': 3, 'queue_poll_interval_seconds': 5, 'completed_result_csv_paths': []}, Running QAOA with equal superposition
Benchmark run ID: 713e1de0
Benchmark repeat index: 1
SDP seed override: None
Processor: x86_64
Hostname: dacsgpu0003
Total RAM (GB): None
Physical cores: 64
Logical cores: 64
Python version: 3.11.15
Initialisation time: 0.01 seconds; started at stardate {'initialisation': 0.008929252624511719} and finished at stardate1785230668.4658473
Loaded HOG graph index 360 with 8 edges.
Instance generation for n=360 took 0.01 seconds; started at stardate 1785230668.465854 and finished at stardate 1785230668.472947
Running QAOA for n=9 nodes, m=8 edges...; Max iterations: 50
Warm-start: starting SDP solve for n_vertices=9
Warm-start: no sdp_seed in config, generated fallback seed 17587341188967660746
Using SCS solver for SDP with eps=1e-06, max_iters=100000.
SDP solver status: optimal
SDP solver name: SCS
SDP solver iterations: 6550
SDP solve time: 312.383933255
SDP extra stats: {'x': array([ 1.00000000e+00, -5.21031573e-14,  1.43165988e-13, ...,
        1.00000000e+00,  8.63129448e-18,  1.00000000e+00], shape=(62128,)), 'y': array([ 2.87052429e-02,  1.18901013e-02,  1.18901013e-02, ...,
        7.11622282e-04, -5.31153825e-16,  1.67405364e-03], shape=(173558,)), 's': array([ 0.00000000e+00,  0.00000000e+00,  0.00000000e+00, ...,
        1.00000000e+00, -1.41463706e-15,  1.00000003e+00], shape=(173558,)), 'info': {'status_val': 1, 'iter': 6550, 'scale_updates': 4, 'scale': 0.21656167636563795, 'pobj': -6.802667092677665, 'dobj': -6.802667138261464, 'res_pri': 2.0284885017211463e-06, 'res_dual': 5.271385142435153e-07, 'gap': 4.558379895769349e-08, 'res_infeas': nan, 'res_unbdd_a': 0.1470011668174256, 'res_unbdd_p': 0.0, 'comp_slack': 2.6813649508152636e-11, 'solve_time': 312383.933255, 'setup_time': 146.439659, 'lin_sys_time': 22782.661403999977, 'cone_time': 280320.2989449999, 'accel_time': 1877.3320819998687, 'rejected_accel_steps': 56, 'accepted_accel_steps': 1, 'status': 'solved'}}
Rounding...
Setting seed to 17587341188967660746
n_vertices: 9 for n = 27
Using seed 17587341188967660746 to generate random matrix for x.
Energy of rounded cut/product state: 4.860046456604456
Algorithm 17 lower-bound energy: 6.315906709120037
Algorithm 17 actual entangled-state energy: 5.20488163354209
SDP objective value: 10.802667092677662
4 in cut out of a total of 8 edges
Warm-start: SDP solve + rounding finished in 2905.24 seconds
Warm-start: using level-2 Algorithm 17 entangled statevector with shape (512,)
Warm-start cache: moment matrix not saved for this configuration.
Warm-start cache: saved Results/warm_start_cache/list_454_graphs_adjacency_listhog_v04-12_bipartite__filehash_0815e7e8/hog_idx000360_19d5ba3e7ec4_noseed_L2_M2_standard.npz in 0.0089 seconds
WARM_START_CACHE_PRODUCER_ONLY is set; warm-start cache has been produced/loaded. Exiting before QAOA optimisation.
