Starting QAOA benchmark with global start time: 1788984994.613601
Benchmark parameters: {'optimiser': 'adam', 'optimiser_use_heuristic': False, 'heuristic_optimiser_iterations': None, 'heuristic_optimiser_sampleSize': None, 'circuit_type': 'hamqaoa', 'parameter_vector': [1, 1, 1], 'iterations_list': [75], 'learning_rate_adam': 0.01, 'depth_list': [1, 2, 3, 4, 5], 'n_start': None, 'n_end': None, 'singlet_injection': False, 'start_index_singlet': None, 'warm_start': True, 'warm_start_mode': 'amplified', 'lasserre_level': 2, 'initial_solver_level_M': 2, 'sdp_seed': 42, 'sdp_solver_mode': 'scs', 'sdp_scs_eps': 1e-06, 'sdp_scs_max_iters': 100000, 'warm_start_corr_strength': None, 'warm_start_corr_repeats': None, 'compare_with_010101': False, 'init_QAOAparams_close_to_zero': False, 'use_correlations_as_initial_params': False, 'time_limit': None, 'failed_instance_termination_thrsh': None, 'graph_generation_type': 'hog', 'weighted': False, 'easiest_first': False, 'cpu_util_threshold': None, 'debug': False, 'save_circuit_svg': False, 'rerun_exclude_finished_instances': False, 'warm_start_cache_producer_only': False, 'qaoa_only_from_existing_warm_start_cache': True, 'optimiser_debug_iterations': None, 'num_repeats': 1, 'relative_graph_adjList_path': 'HOG_graphs/Exp5/list_193_graphs_adjacency_listhog_v04-12_planar_clawFree.txt', 'persistent_warm_start_cache': True, 'warm_start_cache_dir': 'Results/warm_start_cache', 'warm_start_cache_max_file_mb': 512, 'warm_start_cache_max_total_gb': 60, 'sdp_max_parallel': 0, 'qaoa_max_parallel': 16, 'sdp_threads': 1, 'qaoa_threads': 1, 'sdp_memory_limit_total_gb': 0, 'sdp_memory_limit_single_gb': 0, 'sdp_memory_poll_seconds': 5, 'sdp_max_retries': 0, 'queue_poll_interval_seconds': 5, 'max_graph_vertices': 10, 'completed_result_csv_paths': [], 'qaoa_seed': 42, 'initialise_standard_warm_start_with_zero_angles': True, 'result_name_suffix': '_FINAL_BENCHMARKS_AMPLIFIED', 'algorithm17_beta_mode': 'analytic_instance'}, Running QAOA with equal superposition
Benchmark run ID: 39e11f38
Benchmark repeat index: 1
Configured SDP rounding seed: 42
QAOA seed used: 42
Processor: x86_64
Hostname: dacsgpu0002
Total RAM (GB): None
Physical cores: 64
Logical cores: 64
Python version: 3.11.15
Initialisation time: 0.01 seconds; started at stardate {'initialisation': 0.008476018905639648} and finished at stardate1788984994.6220906
Loaded HOG graph index 75 with 12 edges.
Instance generation for n=75 took 0.00 seconds; started at stardate 1788984994.6220982 and finished at stardate 1788984994.6260223
Running QAOA for n=7 nodes, m=12 edges...; Max iterations: 75
Warm-start cache: loading Results/warm_start_cache/list_193_graphs_adjacency_listhog_v04-12_planar_clawFree__filehash_62ae5075/hog_idx000075_e76efc9caed4_seed42_L2_M2_betaanalytic_instance_amplified.npz
Warm-start cache: loaded in 0.0028 seconds; effective compute time=316.9533140659332
Edges: [(0, 1), (0, 4), (2, 6), (3, 5), (4, 6), (1, 2), (5, 6), (3, 4), (1, 5), (4, 5), (0, 2), (3, 6)], weights: [1.0, 1.0, 1.0, 1.0, 1.0, 1.0, 1.0, 1.0, 1.0, 1.0, 1.0, 1.0], set of nodes: {0, 1, 2, 3, 4, 5, 6}, n: 7 nodes, p: 4 layers, N_bayes: 75 iterations
Solving for uuid: e7038f16
Initial state injected as warm start
Warm start correlations applied in the form of weak entanglement
Running ADAM optimization with a single iteration (no debug loop)
8.528856781579206
QAOA optimisation for n=75 took 25.11 seconds; started at stardate 1788984994.6260276 and finished at stardate 1788985019.7350118
Finished QAOA for n=7 nodes, m=12 edges at 2026-09-09 22:16:59 on x86_64. Time taken: 25.11 seconds. Hours: 0.01 hours. Peak RAM: 0.26 MB.
Unknown graph type for approximation ratio calculation; checking misc CSV.
Checking optimal_results_misc.csv for matching edges and weights...
Found matching exact result in misc CSV: 6.2334247951111585
CSV writing for n=75 took 0.01 seconds; started at stardate 1788985019.7350204 and finished at stardate 1788985019.744425
results: {75: 8.528856781579206}
durations: {7: 25.108989477157593}
Results saved to: Results/logs/adam/qaoa_results_adam_20260909_212550_pid3592356_FINAL_BENCHMARKS_AMPLIFIED.csv
Global end time: 1788985019.7444367
Finalisation time: 0.00 seconds; started at stardate 1788985019.7444284 and finished at stardate 1788985019.7444413
Sum of all section times: 25.13 seconds
run_id: 39e11f38
