Starting QAOA benchmark with global start time: 1786849250.929218
Benchmark parameters: {'optimiser': 'adam', 'optimiser_use_heuristic': False, 'heuristic_optimiser_iterations': None, 'heuristic_optimiser_sampleSize': None, 'circuit_type': 'hamqaoa', 'parameter_vector': [1, 1, 1], 'iterations_list': [50], 'learning_rate_adam': 0.001, 'depth_list': [1, 2, 3, 4, 5], 'n_start': None, 'n_end': None, 'singlet_injection': False, 'start_index_singlet': None, 'warm_start': True, 'warm_start_mode': 'amplified_king', 'lasserre_level': 2, 'initial_solver_level_M': 2, 'sdp_seed': None, 'sdp_solver_mode': 'scs', 'sdp_scs_eps': 1e-06, 'sdp_scs_max_iters': 100000, 'warm_start_corr_strength': None, 'warm_start_corr_repeats': None, 'compare_with_010101': False, 'init_QAOAparams_close_to_zero': False, 'use_correlations_as_initial_params': False, 'time_limit': None, 'failed_instance_termination_thrsh': None, 'graph_generation_type': 'hog', 'weighted': False, 'easiest_first': False, 'cpu_util_threshold': None, 'debug': False, 'save_circuit_svg': False, 'rerun_exclude_finished_instances': True, 'warm_start_cache_producer_only': False, 'qaoa_only_from_existing_warm_start_cache': True, 'optimiser_debug_iterations': None, 'num_repeats': 1, 'relative_graph_adjList_path': 'HOG_graphs/Exp5/list_193_graphs_adjacency_listhog_v04-12_planar_clawFree.txt', 'persistent_warm_start_cache': True, 'warm_start_cache_dir': 'Results/warm_start_cache', 'warm_start_cache_max_file_mb': 512, 'warm_start_cache_max_total_gb': 60, 'sdp_max_parallel': 0, 'qaoa_max_parallel': 16, 'sdp_threads': 1, 'qaoa_threads': 1, 'sdp_memory_limit_total_gb': 0, 'sdp_memory_limit_single_gb': 0, 'sdp_memory_poll_seconds': 5, 'sdp_max_retries': 0, 'queue_poll_interval_seconds': 5, 'max_graph_vertices': 11, 'completed_result_csv_paths': [], 'qaoa_seed': 1, 'initialise_standard_warm_start_with_zero_angles': False, 'result_name_suffix': '_Exp6_KingAmplifiedWithHeuristic'}, Running QAOA with equal superposition
Benchmark run ID: b9df188a
Benchmark repeat index: 1
SDP seed override: None
QAOA seed: 6600401
Processor: x86_64
Hostname: dacsgpu0003
Total RAM (GB): None
Physical cores: 64
Logical cores: 64
Python version: 3.11.15
Initialisation time: 0.02 seconds; started at stardate {'initialisation': 0.017901182174682617} and finished at stardate1786849250.9471898
Loaded HOG graph index 66 with 11 edges.
Instance generation for n=66 took 0.00 seconds; started at stardate 1786849250.9472008 and finished at stardate 1786849250.9511628
Running QAOA for n=7 nodes, m=11 edges...; Max iterations: 50
Warm-start cache: loading Results/warm_start_cache/list_193_graphs_adjacency_listhog_v04-12_planar_clawFree__filehash_62ae5075/hog_idx000066_dee5b252919c_noseed_L2_M2_amplified.npz
Warm-start cache: loaded in 0.0031 seconds; effective compute time=394.18424797058105
Edges: [(0, 1), (2, 3), (1, 6), (3, 5), (4, 6), (5, 6), (3, 4), (4, 5), (2, 5), (3, 6), (2, 4)], weights: [1.0, 1.0, 1.0, 1.0, 1.0, 1.0, 1.0, 1.0, 1.0, 1.0, 1.0], set of nodes: {0, 1, 2, 3, 4, 5, 6}, n: 7 nodes, p: 5 layers, N_bayes: 50 iterations
Solving for uuid: d3186d82
Initial state injected as warm start
Running ADAM optimization with a single iteration (no debug loop)
6.656444083860787
QAOA optimisation for n=66 took 23.62 seconds; started at stardate 1786849250.951168 and finished at stardate 1786849274.5719948
Finished QAOA for n=7 nodes, m=11 edges at 2026-08-16 05:01:14 on x86_64. Time taken: 23.62 seconds. Hours: 0.01 hours. Peak RAM: 0.28 MB.
Unknown graph type for approximation ratio calculation; checking misc CSV.
Checking optimal_results_misc.csv for matching edges and weights...
Found matching exact result in misc CSV: 5.427886253317998
CSV writing for n=66 took 0.01 seconds; started at stardate 1786849274.5720024 and finished at stardate 1786849274.5799153
results: {66: 6.656444083860787}
durations: {7: 23.620832204818726}
Results saved to: Results/logs/adam/qaoa_results_adam_20260816_023617_pid3172191_Exp6_KingAmplifiedWithHeuristic.csv
Global end time: 1786849274.5799246
Finalisation time: 0.00 seconds; started at stardate 1786849274.5799181 and finished at stardate 1786849274.5799284
Sum of all section times: 23.65 seconds
run_id: b9df188a
