Starting QAOA benchmark with global start time: 1786844520.0824609
Benchmark parameters: {'optimiser': 'adam', 'optimiser_use_heuristic': False, 'heuristic_optimiser_iterations': None, 'heuristic_optimiser_sampleSize': None, 'circuit_type': 'hamqaoa', 'parameter_vector': [1, 1, 1], 'iterations_list': [50], 'learning_rate_adam': 0.001, 'depth_list': [1, 2, 3, 4, 5], 'n_start': None, 'n_end': None, 'singlet_injection': False, 'start_index_singlet': None, 'warm_start': True, 'warm_start_mode': 'amplified_king', 'lasserre_level': 2, 'initial_solver_level_M': 2, 'sdp_seed': None, 'sdp_solver_mode': 'scs', 'sdp_scs_eps': 1e-06, 'sdp_scs_max_iters': 100000, 'warm_start_corr_strength': None, 'warm_start_corr_repeats': None, 'compare_with_010101': False, 'init_QAOAparams_close_to_zero': False, 'use_correlations_as_initial_params': False, 'time_limit': None, 'failed_instance_termination_thrsh': None, 'graph_generation_type': 'hog', 'weighted': False, 'easiest_first': False, 'cpu_util_threshold': None, 'debug': False, 'save_circuit_svg': False, 'rerun_exclude_finished_instances': True, 'warm_start_cache_producer_only': False, 'qaoa_only_from_existing_warm_start_cache': True, 'optimiser_debug_iterations': None, 'num_repeats': 1, 'relative_graph_adjList_path': 'HOG_graphs/Exp5/list_193_graphs_adjacency_listhog_v04-12_planar_clawFree.txt', 'persistent_warm_start_cache': True, 'warm_start_cache_dir': 'Results/warm_start_cache', 'warm_start_cache_max_file_mb': 512, 'warm_start_cache_max_total_gb': 60, 'sdp_max_parallel': 0, 'qaoa_max_parallel': 16, 'sdp_threads': 1, 'qaoa_threads': 1, 'sdp_memory_limit_total_gb': 0, 'sdp_memory_limit_single_gb': 0, 'sdp_memory_poll_seconds': 5, 'sdp_max_retries': 0, 'queue_poll_interval_seconds': 5, 'max_graph_vertices': 11, 'completed_result_csv_paths': [], 'qaoa_seed': 1, 'initialise_standard_warm_start_with_zero_angles': False, 'result_name_suffix': '_Exp6_KingAmplifiedWithHeuristic'}, Running QAOA with equal superposition
Benchmark run ID: b7127c5e
Benchmark repeat index: 1
SDP seed override: None
QAOA seed: 9300301
Processor: x86_64
Hostname: dacsgpu0003
Total RAM (GB): None
Physical cores: 64
Logical cores: 64
Python version: 3.11.15
Initialisation time: 0.02 seconds; started at stardate {'initialisation': 0.023421764373779297} and finished at stardate1786844520.1058998
Loaded HOG graph index 93 with 12 edges.
Instance generation for n=93 took 0.00 seconds; started at stardate 1786844520.105909 and finished at stardate 1786844520.110247
Running QAOA for n=9 nodes, m=12 edges...; Max iterations: 50
Warm-start cache: loading Results/warm_start_cache/list_193_graphs_adjacency_listhog_v04-12_planar_clawFree__filehash_62ae5075/hog_idx000093_f4c1553334bd_noseed_L2_M2_amplified.npz
Warm-start cache: loaded in 0.0050 seconds; effective compute time=2955.839867591858
Edges: [(0, 4), (2, 6), (5, 7), (0, 3), (6, 8), (5, 6), (3, 4), (1, 5), (2, 8), (3, 7), (4, 8), (1, 7)], weights: [1.0, 1.0, 1.0, 1.0, 1.0, 1.0, 1.0, 1.0, 1.0, 1.0, 1.0, 1.0], set of nodes: {0, 1, 2, 3, 4, 5, 6, 7, 8}, n: 9 nodes, p: 4 layers, N_bayes: 50 iterations
Solving for uuid: 3f8c3f2d
Initial state injected as warm start
Running ADAM optimization with a single iteration (no debug loop)
Warm-start fallback: optimiser result was below the SDP warm-start energy; using the warm-start energy instead.
7.557697833227664
QAOA optimisation for n=93 took 48.82 seconds; started at stardate 1786844520.1102521 and finished at stardate 1786844568.9253428
Finished QAOA for n=9 nodes, m=12 edges at 2026-08-16 03:42:48 on x86_64. Time taken: 48.82 seconds. Hours: 0.01 hours. Peak RAM: 0.5 MB.
Unknown graph type for approximation ratio calculation; checking misc CSV.
Checking optimal_results_misc.csv for matching edges and weights...
Found matching exact result in misc CSV: 6.561967560726579
CSV writing for n=93 took 0.04 seconds; started at stardate 1786844568.9253514 and finished at stardate 1786844568.9613261
results: {93: 7.557697833227664}
durations: {9: 48.81509709358215}
Results saved to: Results/logs/adam/qaoa_results_adam_20260816_023617_pid3172191_Exp6_KingAmplifiedWithHeuristic.csv
Global end time: 1786844568.9613574
Finalisation time: 0.00 seconds; started at stardate 1786844568.9613392 and finished at stardate 1786844568.9613624
Sum of all section times: 48.88 seconds
run_id: b7127c5e
