Starting QAOA benchmark with global start time: 1787137234.4498718
Benchmark parameters: {'optimiser': 'adam', 'optimiser_use_heuristic': True, 'heuristic_optimiser_iterations': 1, 'heuristic_optimiser_sampleSize': 50, 'circuit_type': 'hamqaoa', 'parameter_vector': [1, 1, 1], 'iterations_list': [50], 'learning_rate_adam': 0.001, 'depth_list': [1, 2, 3, 5], 'n_start': None, 'n_end': None, 'singlet_injection': False, 'start_index_singlet': None, 'warm_start': True, 'warm_start_mode': 'standard', 'lasserre_level': 1, 'initial_solver_level_M': 1, 'sdp_seed': None, 'sdp_solver_mode': 'scs', 'sdp_scs_eps': 1e-06, 'sdp_scs_max_iters': 100000, 'warm_start_corr_strength': None, 'warm_start_corr_repeats': None, 'compare_with_010101': False, 'init_QAOAparams_close_to_zero': False, 'use_correlations_as_initial_params': False, 'time_limit': None, 'failed_instance_termination_thrsh': None, 'graph_generation_type': 'hog', 'weighted': False, 'easiest_first': True, 'cpu_util_threshold': None, 'debug': False, 'save_circuit_svg': False, 'rerun_exclude_finished_instances': True, 'warm_start_cache_producer_only': False, 'qaoa_only_from_existing_warm_start_cache': True, 'optimiser_debug_iterations': None, 'num_repeats': 1, 'relative_graph_adjList_path': 'HOG_graphs/Exp5/list_454_graphs_adjacency_listhog_v04-12_bipartite.txt', 'persistent_warm_start_cache': True, 'warm_start_cache_dir': 'Results/warm_start_cache', 'warm_start_cache_max_file_mb': 512, 'warm_start_cache_max_total_gb': 60, 'sdp_max_parallel': 0, 'qaoa_max_parallel': 16, 'sdp_threads': 1, 'qaoa_threads': 1, 'sdp_memory_limit_total_gb': 0, 'sdp_memory_limit_single_gb': 0, 'sdp_memory_poll_seconds': 5, 'sdp_max_retries': 0, 'queue_poll_interval_seconds': 5, 'max_graph_vertices': 11, 'completed_result_csv_paths': [], 'qaoa_seed': 1, 'initialise_standard_warm_start_with_zero_angles': False, 'result_name_suffix': '_Exp5_subexp4_standardWithHeuristic'}, Running QAOA with equal superposition
Benchmark run ID: 3d0fcbb8
Benchmark repeat index: 1
SDP seed override: None
QAOA seed: 9200001
Processor: x86_64
Hostname: dacsvm-cpunode01
Total RAM (GB): None
Physical cores: 32
Logical cores: 32
Python version: 3.11.15
Initialisation time: 0.01 seconds; started at stardate {'initialisation': 0.008386373519897461} and finished at stardate1787137234.458272
Loaded HOG graph index 92 with 10 edges.
Instance generation for n=92 took 0.02 seconds; started at stardate 1787137234.4582822 and finished at stardate 1787137234.482784
Running QAOA for n=11 nodes, m=10 edges...; Max iterations: 50
Warm-start cache: loading Results/warm_start_cache/list_454_graphs_adjacency_listhog_v04-12_bipartite__filehash_0815e7e8/hog_idx000092_0ce75b6269e2_noseed_L1_M1_standard.npz
Warm-start cache: loaded in 0.0061 seconds; effective compute time=0.2187507152557373
Edges: [(8, 9), (9, 10), (4, 10), (0, 10), (6, 9), (7, 9), (5, 9), (3, 10), (1, 10), (2, 10)], weights: [1.0, 1.0, 1.0, 1.0, 1.0, 1.0, 1.0, 1.0, 1.0, 1.0], set of nodes: {0, 1, 2, 3, 4, 5, 6, 7, 8, 9, 10}, n: 11 nodes, p: 1 layers, N_bayes: 50 iterations
Solving for uuid: ee5c672a
Initial state injected as warm start
Running ADAM optimization with a single iteration (no debug loop)
3.5907207514565993
QAOA optimisation for n=92 took 1624.85 seconds; started at stardate 1787137234.4827986 and finished at stardate 1787138859.3342884
Finished QAOA for n=11 nodes, m=10 edges at 2026-08-19 13:27:39 on x86_64. Time taken: 1624.85 seconds. Hours: 0.45 hours. Peak RAM: 1.11 MB.
Unknown graph type for approximation ratio calculation; checking misc CSV.
Checking optimal_results_misc.csv for matching edges and weights...
Found matching exact result in misc CSV: 5.946307477631457
CSV writing for n=92 took 0.03 seconds; started at stardate 1787138859.334296 and finished at stardate 1787138859.3649046
results: {92: 3.5907207514565993}
durations: {11: 1624.8515000343323}
Results saved to: Results/logs/adam/qaoa_results_adam_20260819_003200_pid203931_Exp5_subexp4_standardWithHeuristic.csv
Global end time: 1787138859.364918
Finalisation time: 0.00 seconds; started at stardate 1787138859.3649094 and finished at stardate 1787138859.3649228
Sum of all section times: 1624.91 seconds
run_id: 3d0fcbb8
