Starting QAOA benchmark with global start time: 1788375713.0021775
Benchmark parameters: {'optimiser': 'adam', 'optimiser_use_heuristic': None, 'heuristic_optimiser_iterations': None, 'heuristic_optimiser_sampleSize': None, 'circuit_type': 'hamqaoa', 'parameter_vector': [1, 1, 1], 'iterations_list': [75], 'learning_rate_adam': None, 'depth_list': [1], 'n_start': None, 'n_end': None, 'singlet_injection': False, 'start_index_singlet': None, 'warm_start': True, 'warm_start_mode': 'amplified', 'lasserre_level': 2, 'initial_solver_level_M': 2, 'sdp_seed': 42, 'sdp_solver_mode': 'scs', 'sdp_scs_eps': 1e-06, 'sdp_scs_max_iters': 100000, 'warm_start_corr_strength': None, 'warm_start_corr_repeats': None, 'compare_with_010101': False, 'init_QAOAparams_close_to_zero': False, 'use_correlations_as_initial_params': False, 'time_limit': None, 'failed_instance_termination_thrsh': None, 'graph_generation_type': 'hog', 'weighted': False, 'easiest_first': False, 'cpu_util_threshold': None, 'debug': False, 'save_circuit_svg': False, 'rerun_exclude_finished_instances': True, 'warm_start_cache_producer_only': True, 'qaoa_only_from_existing_warm_start_cache': False, 'optimiser_debug_iterations': None, 'num_repeats': 1, 'relative_graph_adjList_path': 'HOG_graphs/stress_test.txt', 'persistent_warm_start_cache': True, 'warm_start_cache_dir': 'Results/warm_start_cache/fast_test_scs', 'warm_start_cache_max_file_mb': 512, 'warm_start_cache_max_total_gb': 60, 'sdp_max_parallel': 32, 'qaoa_max_parallel': 0, 'sdp_threads': 1, 'qaoa_threads': 1, 'sdp_memory_limit_total_gb': 250, 'sdp_memory_limit_single_gb': 100, 'sdp_memory_poll_seconds': 5, 'sdp_max_retries': 3, 'queue_poll_interval_seconds': 5, 'max_graph_vertices': 10, 'completed_result_csv_paths': [], 'qaoa_seed': 42, 'initialise_standard_warm_start_with_zero_angles': False, 'result_name_suffix': '_Exp4_v3_standardZeroAngles', 'algorithm17_beta_mode': 'analytic_instance'}, Running QAOA with equal superposition
Benchmark run ID: 40d8754b
Benchmark repeat index: 1
Configured SDP rounding seed: 42
QAOA seed used: 42
Processor: x86_64
Hostname: dacsgpu0003
Total RAM (GB): None
Physical cores: 64
Logical cores: 64
Python version: 3.11.15
Initialisation time: 0.01 seconds; started at stardate {'initialisation': 0.014520883560180664} and finished at stardate1788375713.0167122
Loaded HOG graph index 95 with 26 edges.
Instance generation for n=95 took 0.00 seconds; started at stardate 1788375713.016721 and finished at stardate 1788375713.021343
Running QAOA for n=10 nodes, m=26 edges...; Max iterations: 75
Warm-start: starting SDP solve for n_vertices=10
Warm-start: using configured sdp_seed=42
Using SCS solver for SDP with eps=1e-06, max_iters=100000.
SDP solver status: optimal
SDP solver name: SCS
SDP solver iterations: 1000
SDP solve time: 58.028994006
SDP extra stats: {'x': array([ 1.00000000e+00,  5.86156020e-13, -2.36519024e-13, ...,
        1.00000000e+00, -8.44358085e-17,  1.00000000e+00], shape=(95266,)), 'y': array([ 3.21843912e-02,  1.33312147e-02,  1.33312147e-02, ...,
        7.21786709e-03, -2.26595138e-13,  2.70802395e-02], shape=(265112,)), 's': array([ 0.00000000e+00,  0.00000000e+00,  0.00000000e+00, ...,
        1.00000003e+00, -6.99346580e-14,  1.00000006e+00], shape=(265112,)), 'info': {'status_val': 1, 'iter': 1000, 'scale_updates': 2, 'scale': 2.1517799706726906, 'pobj': -11.4609169963283, 'dobj': -11.460916968132283, 'res_pri': 9.373846357668278e-07, 'res_dual': 4.090115756972102e-07, 'gap': 2.8196017964887687e-08, 'res_infeas': nan, 'res_unbdd_a': 0.08725305317467341, 'res_unbdd_p': 0.0, 'comp_slack': 5.3204329830691677e-11, 'solve_time': 58028.994006, 'setup_time': 151.387279, 'lin_sys_time': 4138.782253000004, 'cone_time': 52322.08325899995, 'accel_time': 321.37997600000097, 'rejected_accel_steps': 6, 'accepted_accel_steps': 3, 'status': 'solved'}}
Rounding...
Setting seed to 42
n_vertices: 10 for n = 30
Using seed 42 to generate random matrix for x.
Energy of rounded cut/product state: 17.612825163717186
Algorithm 17 instance beta optimisation selected beta_star=0 in 0.027746 seconds.
Algorithm 17 analytical F-bound is not applicable because the graph is not triangle-free.
Algorithm 17 actual entangled-state energy: 17.61282516371718
SDP objective value: 24.460916996328294
13 in cut out of a total of 26 edges
Warm-start: SDP solve + rounding finished in 7335.42 seconds
Warm-start: using level-2 Algorithm 17 entangled statevector with shape (1024,)
Warm-start cache: moment matrix before save shape=(436, 436), dtype=float64, entries=190096, bytes=1520768 (1.45 MiB)
Warm-start cache: saved Results/warm_start_cache/fast_test_scs/stress_test__filehash_182b889d/hog_idx000095_ea1da49b2ecc_seed42_L2_M2_betaanalytic_instance_amplified.npz in 0.0147 seconds
WARM_START_CACHE_PRODUCER_ONLY is set; warm-start cache has been produced/loaded. Exiting before QAOA optimisation.
