Starting QAOA benchmark with global start time: 1788374790.9756682
Benchmark parameters: {'optimiser': 'adam', 'optimiser_use_heuristic': None, 'heuristic_optimiser_iterations': None, 'heuristic_optimiser_sampleSize': None, 'circuit_type': 'hamqaoa', 'parameter_vector': [1, 1, 1], 'iterations_list': [75], 'learning_rate_adam': None, 'depth_list': [1], 'n_start': None, 'n_end': None, 'singlet_injection': False, 'start_index_singlet': None, 'warm_start': True, 'warm_start_mode': 'amplified', 'lasserre_level': 2, 'initial_solver_level_M': 2, 'sdp_seed': 42, 'sdp_solver_mode': 'scs', 'sdp_scs_eps': 1e-06, 'sdp_scs_max_iters': 100000, 'warm_start_corr_strength': None, 'warm_start_corr_repeats': None, 'compare_with_010101': False, 'init_QAOAparams_close_to_zero': False, 'use_correlations_as_initial_params': False, 'time_limit': None, 'failed_instance_termination_thrsh': None, 'graph_generation_type': 'hog', 'weighted': False, 'easiest_first': False, 'cpu_util_threshold': None, 'debug': False, 'save_circuit_svg': False, 'rerun_exclude_finished_instances': True, 'warm_start_cache_producer_only': True, 'qaoa_only_from_existing_warm_start_cache': False, 'optimiser_debug_iterations': None, 'num_repeats': 1, 'relative_graph_adjList_path': 'HOG_graphs/stress_test.txt', 'persistent_warm_start_cache': True, 'warm_start_cache_dir': 'Results/warm_start_cache/fast_test_scs', 'warm_start_cache_max_file_mb': 512, 'warm_start_cache_max_total_gb': 60, 'sdp_max_parallel': 32, 'qaoa_max_parallel': 0, 'sdp_threads': 1, 'qaoa_threads': 1, 'sdp_memory_limit_total_gb': 250, 'sdp_memory_limit_single_gb': 100, 'sdp_memory_poll_seconds': 5, 'sdp_max_retries': 3, 'queue_poll_interval_seconds': 5, 'max_graph_vertices': 10, 'completed_result_csv_paths': [], 'qaoa_seed': 42, 'initialise_standard_warm_start_with_zero_angles': False, 'result_name_suffix': '_Exp4_v3_standardZeroAngles', 'algorithm17_beta_mode': 'analytic_instance'}, Running QAOA with equal superposition
Benchmark run ID: e5f9f139
Benchmark repeat index: 1
Configured SDP rounding seed: 42
QAOA seed used: 42
Processor: x86_64
Hostname: dacsgpu0003
Total RAM (GB): None
Physical cores: 64
Logical cores: 64
Python version: 3.11.15
Initialisation time: 0.00 seconds; started at stardate {'initialisation': 0.00422358512878418} and finished at stardate1788374790.9799044
Loaded HOG graph index 103 with 16 edges.
Instance generation for n=103 took 0.01 seconds; started at stardate 1788374790.979913 and finished at stardate 1788374790.9850004
Running QAOA for n=8 nodes, m=16 edges...; Max iterations: 75
Warm-start: starting SDP solve for n_vertices=8
Warm-start: using configured sdp_seed=42
Using SCS solver for SDP with eps=1e-06, max_iters=100000.
SDP solver status: optimal
SDP solver name: SCS
SDP solver iterations: 1050
SDP solve time: 25.940600798
SDP extra stats: {'x': array([ 1.00000000e+00,  3.99734016e-13,  5.90934933e-14, ...,
        1.00000000e+00, -3.21708232e-18,  1.00000000e+00], shape=(38503,)), 'y': array([ 3.56131889e-02,  1.47514737e-02,  1.47514737e-02, ...,
        7.11538747e-03, -1.60334266e-14,  3.21402548e-02], shape=(108050,)), 's': array([ 0.00000000e+00,  0.00000000e+00,  0.00000000e+00, ...,
        9.99999991e-01, -7.92515695e-17,  9.99999996e-01], shape=(108050,)), 'info': {'status_val': 1, 'iter': 1050, 'scale_updates': 2, 'scale': 1.9870222601499903, 'pobj': -8.166356385057522, 'dobj': -8.166356294451619, 'res_pri': 1.7572419201513734e-06, 'res_dual': 5.456171171266922e-07, 'gap': 9.060590322462758e-08, 'res_infeas': nan, 'res_unbdd_a': 0.1224536320553177, 'res_unbdd_p': 0.0, 'comp_slack': 2.1067767477256248e-11, 'solve_time': 25940.600798, 'setup_time': 82.237136, 'lin_sys_time': 2051.7683190000002, 'cone_time': 23041.980474000015, 'accel_time': 172.57696300000143, 'rejected_accel_steps': 7, 'accepted_accel_steps': 2, 'status': 'solved'}}
Rounding...
Setting seed to 42
n_vertices: 8 for n = 24
Using seed 42 to generate random matrix for x.
Energy of rounded cut/product state: 9.870241576636358
Algorithm 17 instance beta optimisation selected beta_star=0.0593403039576 in 0.027177 seconds.
Algorithm 17 analytical F-bound is not applicable because the graph is not triangle-free.
Algorithm 17 actual entangled-state energy: 9.930169981544758
SDP objective value: 16.166356385057522
10 in cut out of a total of 16 edges
Warm-start: SDP solve + rounding finished in 1026.97 seconds
Warm-start: using level-2 Algorithm 17 entangled statevector with shape (256,)
Warm-start cache: moment matrix before save shape=(277, 277), dtype=float64, entries=76729, bytes=613832 (0.59 MiB)
Warm-start cache: saved Results/warm_start_cache/fast_test_scs/stress_test__filehash_182b889d/hog_idx000103_544933d56b2d_seed42_L2_M2_betaanalytic_instance_amplified.npz in 0.0111 seconds
WARM_START_CACHE_PRODUCER_ONLY is set; warm-start cache has been produced/loaded. Exiting before QAOA optimisation.
