/home/i6408800/MasterThesis/QAOA/Code/Circuit.py:192: UserWarning: No classical warm-start cut provided for HAMQAOA; using random cut values for fourth HAMQAOA gate. This may lead to suboptimal performance and may be unintentional if a classical warm start was intended.
  warnings.warn(
Starting QAOA benchmark with global start time: 1786960718.2202744
Benchmark parameters: {'optimiser': 'adam', 'optimiser_use_heuristic': True, 'heuristic_optimiser_iterations': 1, 'heuristic_optimiser_sampleSize': 20, 'circuit_type': 'hamqaoa', 'parameter_vector': [1, 1, 1], 'iterations_list': [50], 'learning_rate_adam': 0.001, 'depth_list': [1, 2, 3, 5], 'n_start': None, 'n_end': None, 'singlet_injection': False, 'start_index_singlet': None, 'warm_start': False, 'warm_start_mode': None, 'lasserre_level': None, 'initial_solver_level_M': None, 'sdp_seed': None, 'sdp_solver_mode': None, 'sdp_scs_eps': None, 'sdp_scs_max_iters': None, 'warm_start_corr_strength': None, 'warm_start_corr_repeats': None, 'compare_with_010101': False, 'init_QAOAparams_close_to_zero': False, 'use_correlations_as_initial_params': None, 'time_limit': None, 'failed_instance_termination_thrsh': None, 'graph_generation_type': 'hog', 'weighted': False, 'easiest_first': True, 'cpu_util_threshold': None, 'debug': False, 'save_circuit_svg': False, 'rerun_exclude_finished_instances': True, 'warm_start_cache_producer_only': False, 'qaoa_only_from_existing_warm_start_cache': False, 'optimiser_debug_iterations': None, 'num_repeats': 1, 'relative_graph_adjList_path': 'HOG_graphs/Exp5/list_454_graphs_adjacency_listhog_v04-12_bipartite.txt', 'persistent_warm_start_cache': False, 'warm_start_cache_dir': None, 'warm_start_cache_max_file_mb': None, 'warm_start_cache_max_total_gb': None, 'sdp_max_parallel': 0, 'qaoa_max_parallel': 16, 'sdp_threads': 1, 'qaoa_threads': 1, 'sdp_memory_limit_total_gb': 0, 'sdp_memory_limit_single_gb': 0, 'sdp_memory_poll_seconds': None, 'sdp_max_retries': 0, 'queue_poll_interval_seconds': 5, 'max_graph_vertices': 11, 'completed_result_csv_paths': [], 'qaoa_seed': 1, 'initialise_standard_warm_start_with_zero_angles': False, 'result_name_suffix': '_Exp5_subexp4_standardWithHeuristic'}, Running QAOA with equal superposition
Benchmark run ID: 36bdec6f
Benchmark repeat index: 1
SDP seed override: None
QAOA seed: 14100101
Processor: x86_64
Hostname: dacsgpu0002
Total RAM (GB): None
Physical cores: 64
Logical cores: 64
Python version: 3.11.15
Initialisation time: 0.00 seconds; started at stardate {'initialisation': 0.003245115280151367} and finished at stardate1786960718.2235267
Loaded HOG graph index 141 with 9 edges.
Instance generation for n=141 took 0.01 seconds; started at stardate 1786960718.2235322 and finished at stardate 1786960718.231967
Running QAOA for n=7 nodes, m=9 edges...; Max iterations: 50
Edges: [(1, 6), (0, 4), (2, 6), (3, 5), (3, 4), (2, 5), (0, 5), (1, 4), (3, 6)], weights: [1.0, 1.0, 1.0, 1.0, 1.0, 1.0, 1.0, 1.0, 1.0], set of nodes: {0, 1, 2, 3, 4, 5, 6}, n: 7 nodes, p: 2 layers, N_bayes: 50 iterations
Solving for uuid: 4e2ea90c
No warm start: Default initial state is equal superposition
Running ADAM optimization with a single iteration (no debug loop)
3.5504305095991664
QAOA optimisation for n=141 took 4.76 seconds; started at stardate 1786960718.2319717 and finished at stardate 1786960722.9956748
Finished QAOA for n=7 nodes, m=9 edges at 2026-08-17 11:58:42 on x86_64. Time taken: 4.76 seconds. Hours: 0.00 hours. Peak RAM: 0.22 MB.
Unknown graph type for approximation ratio calculation; checking misc CSV.
Checking optimal_results_misc.csv for matching edges and weights...
Found matching exact result in misc CSV: 5.885579977571018
CSV writing for n=141 took 0.01 seconds; started at stardate 1786960722.9956844 and finished at stardate 1786960723.0022268
results: {141: 3.5504305095991664}
durations: {7: 4.7637083530426025}
Results saved to: Results/logs/adam/qaoa_results_adam_20260817_115031_pid3345335_Exp5_subexp4_standardWithHeuristic.csv
Global end time: 1786960723.0022395
Finalisation time: 0.00 seconds; started at stardate 1786960723.0022314 and finished at stardate 1786960723.0022442
Sum of all section times: 4.78 seconds
run_id: 36bdec6f
