Starting QAOA benchmark with global start time: 1787506746.3013823
Benchmark parameters: {'optimiser': 'adam', 'optimiser_use_heuristic': True, 'heuristic_optimiser_iterations': 1, 'heuristic_optimiser_sampleSize': 20, 'circuit_type': 'hamqaoa', 'parameter_vector': [1, 1, 1], 'iterations_list': [50], 'learning_rate_adam': 0.001, 'depth_list': [1, 2, 3, 4, 5], 'n_start': None, 'n_end': None, 'singlet_injection': False, 'start_index_singlet': None, 'warm_start': True, 'warm_start_mode': 'amplified', 'lasserre_level': 2, 'initial_solver_level_M': 2, 'sdp_seed': None, 'sdp_solver_mode': 'scs', 'sdp_scs_eps': 1e-06, 'sdp_scs_max_iters': 100000, 'warm_start_corr_strength': None, 'warm_start_corr_repeats': None, 'compare_with_010101': False, 'init_QAOAparams_close_to_zero': False, 'use_correlations_as_initial_params': False, 'time_limit': None, 'failed_instance_termination_thrsh': None, 'graph_generation_type': 'hog', 'weighted': False, 'easiest_first': False, 'cpu_util_threshold': None, 'debug': False, 'save_circuit_svg': False, 'rerun_exclude_finished_instances': True, 'warm_start_cache_producer_only': False, 'qaoa_only_from_existing_warm_start_cache': True, 'optimiser_debug_iterations': None, 'num_repeats': 1, 'relative_graph_adjList_path': 'HOG_graphs/Exp5/list_388_graphs_adjacency_list_hog_v04-12_regular.txt', 'persistent_warm_start_cache': True, 'warm_start_cache_dir': 'Results/warm_start_cache', 'warm_start_cache_max_file_mb': 512, 'warm_start_cache_max_total_gb': 60, 'sdp_max_parallel': 0, 'qaoa_max_parallel': 16, 'sdp_threads': 1, 'qaoa_threads': 1, 'sdp_memory_limit_total_gb': 0, 'sdp_memory_limit_single_gb': 0, 'sdp_memory_poll_seconds': 5, 'sdp_max_retries': 0, 'queue_poll_interval_seconds': 5, 'max_graph_vertices': 11, 'completed_result_csv_paths': [], 'qaoa_seed': 1, 'initialise_standard_warm_start_with_zero_angles': False, 'result_name_suffix': '_Exp7_AmplifiedWithHeuristic'}, Running QAOA with equal superposition
Benchmark run ID: a95466fb
Benchmark repeat index: 1
SDP seed override: None
QAOA seed: 13500101
Processor: x86_64
Hostname: dacsgpu0003
Total RAM (GB): None
Physical cores: 64
Logical cores: 64
Python version: 3.11.15
Initialisation time: 0.01 seconds; started at stardate {'initialisation': 0.012238740921020508} and finished at stardate1787506746.3136356
Loaded HOG graph index 135 with 22 edges.
Instance generation for n=135 took 0.31 seconds; started at stardate 1787506746.3136432 and finished at stardate 1787506746.6259968
Running QAOA for n=11 nodes, m=22 edges...; Max iterations: 50
Warm-start cache: loading Results/warm_start_cache/list_388_graphs_adjacency_list_hog_v04-12_regular__filehash_5b7f8d46/hog_idx000135_4a475a188762_noseed_L2_M2_amplified.npz
Warm-start cache: loaded in 0.0105 seconds; effective compute time=11593.970105409622
Edges: [(4, 9), (0, 2), (5, 7), (3, 4), (4, 8), (3, 10), (7, 10), (8, 9), (0, 1), (0, 4), (1, 9), (6, 8), (5, 9), (3, 6), (2, 10), (2, 7), (0, 3), (1, 2), (1, 5), (6, 10), (5, 8), (6, 7)], weights: [1.0, 1.0, 1.0, 1.0, 1.0, 1.0, 1.0, 1.0, 1.0, 1.0, 1.0, 1.0, 1.0, 1.0, 1.0, 1.0, 1.0, 1.0, 1.0, 1.0, 1.0, 1.0], set of nodes: {0, 1, 2, 3, 4, 5, 6, 7, 8, 9, 10}, n: 11 nodes, p: 2 layers, N_bayes: 50 iterations
Solving for uuid: fa2a555d
Initial state injected as warm start
Warm start correlations applied in the form of weak entanglement
Running ADAM optimization with a single iteration (no debug loop)
Warm-start fallback: optimiser result was below the SDP warm-start energy; using the warm-start energy instead.
12.312589843355669
QAOA optimisation for n=135 took 1991.44 seconds; started at stardate 1787506746.626003 and finished at stardate 1787508738.0655227
Finished QAOA for n=11 nodes, m=22 edges at 2026-08-23 20:12:18 on x86_64. Time taken: 1991.44 seconds. Hours: 0.55 hours. Peak RAM: 2.01 MB.
Unknown graph type for approximation ratio calculation; checking misc CSV.
Checking optimal_results_misc.csv for matching edges and weights...
Found matching exact result in misc CSV: 10.941338071437016
CSV writing for n=135 took 0.02 seconds; started at stardate 1787508738.0655398 and finished at stardate 1787508738.0853095
results: {135: 12.312589843355669}
durations: {11: 1991.4395325183868}
Results saved to: Results/logs/adam/qaoa_results_adam_20260823_131454_pid3896057_Exp7_AmplifiedWithHeuristic.csv
Global end time: 1787508738.0853336
Finalisation time: 0.00 seconds; started at stardate 1787508738.085318 and finished at stardate 1787508738.0853393
Sum of all section times: 1991.78 seconds
run_id: a95466fb
