Starting QAOA benchmark with global start time: 1787003879.2003028
Benchmark parameters: {'optimiser': 'adam', 'optimiser_use_heuristic': True, 'heuristic_optimiser_iterations': 1, 'heuristic_optimiser_sampleSize': 50, 'circuit_type': 'hamqaoa', 'parameter_vector': [1, 1, 1], 'iterations_list': [50], 'learning_rate_adam': 0.05, 'depth_list': [1, 2, 3, 5], 'n_start': None, 'n_end': None, 'singlet_injection': False, 'start_index_singlet': None, 'warm_start': True, 'warm_start_mode': 'standard', 'lasserre_level': 2, 'initial_solver_level_M': 2, 'sdp_seed': None, 'sdp_solver_mode': 'scs', 'sdp_scs_eps': 1e-06, 'sdp_scs_max_iters': 100000, 'warm_start_corr_strength': None, 'warm_start_corr_repeats': None, 'compare_with_010101': False, 'init_QAOAparams_close_to_zero': False, 'use_correlations_as_initial_params': False, 'time_limit': None, 'failed_instance_termination_thrsh': None, 'graph_generation_type': 'hog', 'weighted': False, 'easiest_first': False, 'cpu_util_threshold': None, 'debug': False, 'save_circuit_svg': False, 'rerun_exclude_finished_instances': True, 'warm_start_cache_producer_only': False, 'qaoa_only_from_existing_warm_start_cache': True, 'optimiser_debug_iterations': None, 'num_repeats': 1, 'relative_graph_adjList_path': 'HOG_graphs/Exp5/list_388_graphs_adjacency_list_hog_v04-12_regular.txt', 'persistent_warm_start_cache': True, 'warm_start_cache_dir': 'Results/warm_start_cache', 'warm_start_cache_max_file_mb': 512, 'warm_start_cache_max_total_gb': 60, 'sdp_max_parallel': 0, 'qaoa_max_parallel': 16, 'sdp_threads': 1, 'qaoa_threads': 1, 'sdp_memory_limit_total_gb': 0, 'sdp_memory_limit_single_gb': 0, 'sdp_memory_poll_seconds': 5, 'sdp_max_retries': 0, 'queue_poll_interval_seconds': 5, 'max_graph_vertices': 11, 'completed_result_csv_paths': [], 'qaoa_seed': 1, 'initialise_standard_warm_start_with_zero_angles': False, 'result_name_suffix': '_Exp5_subexp4_standardWithHeuristic'}, Running QAOA with equal superposition
Benchmark run ID: e95e2e90
Benchmark repeat index: 1
SDP seed override: None
QAOA seed: 100201
Processor: x86_64
Hostname: dacsvm-cpunode01
Total RAM (GB): None
Physical cores: 32
Logical cores: 32
Python version: 3.11.15
Initialisation time: 0.01 seconds; started at stardate {'initialisation': 0.0080718994140625} and finished at stardate1787003879.2083817
Loaded HOG graph index 1 with 6 edges.
Instance generation for n=1 took 0.15 seconds; started at stardate 1787003879.2083867 and finished at stardate 1787003879.360519
Running QAOA for n=4 nodes, m=6 edges...; Max iterations: 50
Warm-start cache: loading Results/warm_start_cache/list_388_graphs_adjacency_list_hog_v04-12_regular__filehash_5b7f8d46/hog_idx000001_488e446e6a19_noseed_L2_M2_amplified.npz
Warm-start cache: loaded in 0.0028 seconds; effective compute time=4.593798637390137
Edges: [(1, 3), (0, 1), (2, 3), (0, 3), (1, 2), (0, 2)], weights: [1.0, 1.0, 1.0, 1.0, 1.0, 1.0], set of nodes: {0, 1, 2, 3}, n: 4 nodes, p: 3 layers, N_bayes: 50 iterations
Solving for uuid: 64739f89
Initial state injected as warm start
Running ADAM optimization with a single iteration (no debug loop)
4.237893323571905
QAOA optimisation for n=1 took 19.26 seconds; started at stardate 1787003879.3605254 and finished at stardate 1787003898.6165495
Finished QAOA for n=4 nodes, m=6 edges at 2026-08-17 23:58:18 on x86_64. Time taken: 19.26 seconds. Hours: 0.01 hours. Peak RAM: 0.23 MB.
Computing complete graph approximation ratio
CSV writing for n=1 took 0.03 seconds; started at stardate 1787003898.616558 and finished at stardate 1787003898.6513557
results: {1: 4.237893323571905}
durations: {4: 19.25602960586548}
Results saved to: Results/logs/adam/qaoa_results_adam_20260817_234016_pid1266025_Exp5_subexp4_standardWithHeuristic.csv
Global end time: 1787003898.6513836
Finalisation time: 0.00 seconds; started at stardate 1787003898.6513724 and finished at stardate 1787003898.6513884
Sum of all section times: 19.45 seconds
run_id: e95e2e90
