Starting QAOA benchmark with global start time: 1787022378.8172297
Benchmark parameters: {'optimiser': 'adam', 'optimiser_use_heuristic': True, 'heuristic_optimiser_iterations': 1, 'heuristic_optimiser_sampleSize': 50, 'circuit_type': 'hamqaoa', 'parameter_vector': [1, 1, 1], 'iterations_list': [50], 'learning_rate_adam': 0.05, 'depth_list': [1, 2, 3, 5], 'n_start': None, 'n_end': None, 'singlet_injection': False, 'start_index_singlet': None, 'warm_start': True, 'warm_start_mode': 'standard', 'lasserre_level': 2, 'initial_solver_level_M': 2, 'sdp_seed': None, 'sdp_solver_mode': 'scs', 'sdp_scs_eps': 1e-06, 'sdp_scs_max_iters': 100000, 'warm_start_corr_strength': None, 'warm_start_corr_repeats': None, 'compare_with_010101': False, 'init_QAOAparams_close_to_zero': False, 'use_correlations_as_initial_params': False, 'time_limit': None, 'failed_instance_termination_thrsh': None, 'graph_generation_type': 'hog', 'weighted': False, 'easiest_first': False, 'cpu_util_threshold': None, 'debug': False, 'save_circuit_svg': False, 'rerun_exclude_finished_instances': True, 'warm_start_cache_producer_only': False, 'qaoa_only_from_existing_warm_start_cache': True, 'optimiser_debug_iterations': None, 'num_repeats': 1, 'relative_graph_adjList_path': 'HOG_graphs/Exp5/list_388_graphs_adjacency_list_hog_v04-12_regular.txt', 'persistent_warm_start_cache': True, 'warm_start_cache_dir': 'Results/warm_start_cache', 'warm_start_cache_max_file_mb': 512, 'warm_start_cache_max_total_gb': 60, 'sdp_max_parallel': 0, 'qaoa_max_parallel': 16, 'sdp_threads': 1, 'qaoa_threads': 1, 'sdp_memory_limit_total_gb': 0, 'sdp_memory_limit_single_gb': 0, 'sdp_memory_poll_seconds': 5, 'sdp_max_retries': 0, 'queue_poll_interval_seconds': 5, 'max_graph_vertices': 11, 'completed_result_csv_paths': [], 'qaoa_seed': 1, 'initialise_standard_warm_start_with_zero_angles': False, 'result_name_suffix': '_Exp5_subexp4_standardWithHeuristic'}, Running QAOA with equal superposition
Benchmark run ID: 1b4d4f13
Benchmark repeat index: 1
SDP seed override: None
QAOA seed: 1900401
Processor: x86_64
Hostname: dacsvm-cpunode01
Total RAM (GB): None
Physical cores: 32
Logical cores: 32
Python version: 3.11.15
Initialisation time: 0.01 seconds; started at stardate {'initialisation': 0.007319927215576172} and finished at stardate1787022378.8245575
Loaded HOG graph index 19 with 7 edges.
Instance generation for n=19 took 0.11 seconds; started at stardate 1787022378.8245635 and finished at stardate 1787022378.938639
Running QAOA for n=7 nodes, m=7 edges...; Max iterations: 50
Warm-start cache: loading Results/warm_start_cache/list_388_graphs_adjacency_list_hog_v04-12_regular__filehash_5b7f8d46/hog_idx000019_997a3b1346aa_noseed_L2_M2_standard.npz
Warm-start cache: loaded in 0.0013 seconds; effective compute time=385.1310200691223
Edges: [(0, 1), (2, 6), (3, 5), (4, 6), (3, 4), (1, 5), (0, 2)], weights: [1.0, 1.0, 1.0, 1.0, 1.0, 1.0, 1.0], set of nodes: {0, 1, 2, 3, 4, 5, 6}, n: 7 nodes, p: 5 layers, N_bayes: 50 iterations
Solving for uuid: e2074f78
Initial state injected as warm start
Running ADAM optimization with a single iteration (no debug loop)
6.359350296928652
QAOA optimisation for n=19 took 71.04 seconds; started at stardate 1787022378.9386444 and finished at stardate 1787022449.9757943
Finished QAOA for n=7 nodes, m=7 edges at 2026-08-18 05:07:29 on x86_64. Time taken: 71.04 seconds. Hours: 0.02 hours. Peak RAM: 0.28 MB.
Computing cycle approximation ratio
CSV writing for n=19 took 0.05 seconds; started at stardate 1787022449.9758036 and finished at stardate 1787022450.021207
results: {19: 6.359350296928652}
durations: {7: 71.03715586662292}
Results saved to: Results/logs/adam/qaoa_results_adam_20260817_234016_pid1266025_Exp5_subexp4_standardWithHeuristic.csv
Global end time: 1787022450.0212216
Finalisation time: 0.00 seconds; started at stardate 1787022450.0212128 and finished at stardate 1787022450.0212264
Sum of all section times: 71.20 seconds
run_id: 1b4d4f13
