Starting QAOA benchmark with global start time: 1787525212.466582
Benchmark parameters: {'optimiser': 'adam', 'optimiser_use_heuristic': True, 'heuristic_optimiser_iterations': 1, 'heuristic_optimiser_sampleSize': 50, 'circuit_type': 'hamqaoa', 'parameter_vector': [1, 1, 1], 'iterations_list': [50], 'learning_rate_adam': 0.01, 'depth_list': [1, 2, 3, 4, 5], 'n_start': None, 'n_end': None, 'singlet_injection': False, 'start_index_singlet': None, 'warm_start': True, 'warm_start_mode': 'amplified', 'lasserre_level': 2, 'initial_solver_level_M': 2, 'sdp_seed': None, 'sdp_solver_mode': 'scs', 'sdp_scs_eps': 1e-06, 'sdp_scs_max_iters': 100000, 'warm_start_corr_strength': None, 'warm_start_corr_repeats': None, 'compare_with_010101': False, 'init_QAOAparams_close_to_zero': False, 'use_correlations_as_initial_params': False, 'time_limit': None, 'failed_instance_termination_thrsh': None, 'graph_generation_type': 'hog', 'weighted': False, 'easiest_first': False, 'cpu_util_threshold': None, 'debug': False, 'save_circuit_svg': False, 'rerun_exclude_finished_instances': True, 'warm_start_cache_producer_only': False, 'qaoa_only_from_existing_warm_start_cache': True, 'optimiser_debug_iterations': None, 'num_repeats': 1, 'relative_graph_adjList_path': 'HOG_graphs/Exp5/list_193_graphs_adjacency_listhog_v04-12_planar_clawFree.txt', 'persistent_warm_start_cache': True, 'warm_start_cache_dir': 'Results/warm_start_cache', 'warm_start_cache_max_file_mb': 512, 'warm_start_cache_max_total_gb': 60, 'sdp_max_parallel': 0, 'qaoa_max_parallel': 16, 'sdp_threads': 1, 'qaoa_threads': 1, 'sdp_memory_limit_total_gb': 0, 'sdp_memory_limit_single_gb': 0, 'sdp_memory_poll_seconds': 5, 'sdp_max_retries': 0, 'queue_poll_interval_seconds': 5, 'max_graph_vertices': 11, 'completed_result_csv_paths': [], 'qaoa_seed': 1, 'initialise_standard_warm_start_with_zero_angles': False, 'result_name_suffix': '_Exp7_AmplifiedWithHeuristic'}, Running QAOA with equal superposition
Benchmark run ID: 06514425
Benchmark repeat index: 1
SDP seed override: None
QAOA seed: 3600101
Processor: x86_64
Hostname: dacsgpu0003
Total RAM (GB): None
Physical cores: 64
Logical cores: 64
Python version: 3.11.15
Initialisation time: 0.00 seconds; started at stardate {'initialisation': 0.003746509552001953} and finished at stardate1787525212.4703364
Loaded HOG graph index 36 with 3 edges.
Instance generation for n=36 took 0.00 seconds; started at stardate 1787525212.4703434 and finished at stardate 1787525212.4748082
Running QAOA for n=4 nodes, m=3 edges...; Max iterations: 50
Warm-start cache: loading Results/warm_start_cache/list_193_graphs_adjacency_listhog_v04-12_planar_clawFree__filehash_62ae5075/hog_idx000036_8f3d1be6e598_noseed_L2_M2_amplified.npz
Warm-start cache: loaded in 0.0018 seconds; effective compute time=4.1278908252716064
Edges: [(1, 3), (0, 2), (2, 3)], weights: [1.0, 1.0, 1.0], set of nodes: {0, 1, 2, 3}, n: 4 nodes, p: 2 layers, N_bayes: 50 iterations
Solving for uuid: fe1af483
Initial state injected as warm start
Warm start correlations applied in the form of weak entanglement
Running ADAM optimization with a single iteration (no debug loop)
2.8157491677246234
QAOA optimisation for n=36 took 5.76 seconds; started at stardate 1787525212.4748135 and finished at stardate 1787525218.235292
Finished QAOA for n=4 nodes, m=3 edges at 2026-08-24 00:46:58 on x86_64. Time taken: 5.76 seconds. Hours: 0.00 hours. Peak RAM: 0.22 MB.
Computing line approximation ratio
CSV writing for n=36 took 0.02 seconds; started at stardate 1787525218.2353022 and finished at stardate 1787525218.2519531
results: {36: 2.8157491677246234}
durations: {4: 5.76048469543457}
Results saved to: Results/logs/adam/qaoa_results_adam_20260824_003300_pid1424603_Exp7_AmplifiedWithHeuristic.csv
Global end time: 1787525218.251968
Finalisation time: 0.00 seconds; started at stardate 1787525218.2519588 and finished at stardate 1787525218.251973
Sum of all section times: 5.79 seconds
run_id: 06514425
