Starting QAOA benchmark with global start time: 1781716055.1518323
Benchmark parameters: {'optimiser': 'exact', 'optimiser_use_heuristic': None, 'heuristic_optimiser_iterations': None, 'heuristic_optimiser_sampleSize': None, 'circuit_type': 'HOG', 'parameter_vector': None, 'iterations_list': None, 'learning_rate_adam': None, 'depth_list': None, 'n_start': None, 'n_end': None, 'singlet_injection': None, 'start_index_singlet': None, 'warm_start': None, 'warm_start_mode': None, 'lasserre_level': None, 'initial_solver_level_M': None, 'sdp_seed': None, 'warm_start_corr_strength': None, 'warm_start_corr_repeats': None, 'warm_start_correlations': None, 'compare_with_010101': None, 'init_QAOAparams_close_to_zero': None, 'use_correlations_as_initial_params': None, 'time_limit': 10800, 'failed_instance_termination_thrsh': 10, 'graph_generation_type': 'hog', 'weighted': False, 'easiest_first': True, 'cpu_util_threshold': 90, 'debug': False, 'save_circuit_svg': False, 'rerun_exclude_finished_instances': False, 'optimiser_debug_iterations': None, 'num_repeats': 1, 'relative_graph_adjList_path': 'HOG_graphs/triangleFree_connected_4to15vertices_829instances_AdjacencyList.txt', 'persistent_warm_start_cache': False, 'warm_start_cache_dir': 'Results/warm_start_cache', 'warm_start_cache_max_file_mb': 512, 'warm_start_cache_max_total_gb': 60, 'sdp_max_parallel': 0, 'qaoa_max_parallel': 16, 'sdp_threads': 1, 'qaoa_threads': 4, 'sdp_memory_limit_total_gb': 0, 'sdp_memory_limit_single_gb': 0, 'sdp_memory_poll_seconds': 5, 'sdp_max_retries': 0, 'queue_poll_interval_seconds': 5}, Running QAOA with equal superposition
Benchmark run ID: 6c58a3b2
Benchmark repeat index: 1
SDP seed override: None
Processor: x86_64
Hostname: dacsgpu0001
Total RAM (GB): None
Physical cores: 64
Logical cores: 64
Python version: 3.11.15
Initialisation time: 0.01 seconds; started at stardate {'initialisation': 0.014598846435546875} and finished at stardate1781716055.166443
Loaded HOG graph index 612 with 18 edges.
Instance generation for n=612 took 0.04 seconds; started at stardate 1781716055.1664488 and finished at stardate 1781716055.2083786
Running QAOA for n=12 nodes, m=18 edges...; Max iterations: 0
Edges: [(5, 11), (3, 9), (2, 7), (0, 1), (4, 10), (4, 11), (1, 6), (5, 8), (3, 8), (5, 10), (6, 9), (0, 3), (4, 9), (7, 8), (2, 11), (0, 2), (1, 10), (6, 7)], weights: [1.0, 1.0, 1.0, 1.0, 1.0, 1.0, 1.0, 1.0, 1.0, 1.0, 1.0, 1.0, 1.0, 1.0, 1.0, 1.0, 1.0, 1.0], set of nodes: {0, 1, 2, 3, 4, 5, 6, 7, 8, 9, 10, 11}, n: 12 nodes, p: 0 layers, N_bayes: 0 iterations
Solving for uuid: c4c24ddf
No warm start: Default initial state is equal superposition
Building standard QAOA circuit with 2 parameter types (γ and β)
Exact result already logged for this instance; skipping duplicate. Existing energy: 10.778877414863683
10.778877414863691
QAOA optimisation for n=612 took 0.50 seconds; started at stardate 1781716055.2083843 and finished at stardate 1781716055.7083032
Finished QAOA for n=12 nodes, m=18 edges at 2026-06-17 19:07:35 on x86_64. Time taken: 0.50 seconds. Hours: 0.00 hours. Peak RAM: 0.21 MB.
Unknown graph type for approximation ratio calculation; checking misc CSV.
Checking optimal_results_misc.csv for matching edges and weights...
Found matching exact result in misc CSV: 10.778877414863683
CSV writing for n=612 took 0.01 seconds; started at stardate 1781716055.7083097 and finished at stardate 1781716055.719195
results: {612: 10.778877414863691}
durations: {12: 0.4999239444732666}
Results saved to: Results/logs/exact/qaoa_results_exact_20260617_190240_pid1699232.csv
Global end time: 1781716055.7192054
Finalisation time: 0.00 seconds; started at stardate 1781716055.7191985 and finished at stardate 1781716055.7192092
Sum of all section times: 0.57 seconds
run_id: 6c58a3b2
