Starting QAOA benchmark with global start time: 1781715972.8196855
Benchmark parameters: {'optimiser': 'exact', 'optimiser_use_heuristic': None, 'heuristic_optimiser_iterations': None, 'heuristic_optimiser_sampleSize': None, 'circuit_type': 'HOG', 'parameter_vector': None, 'iterations_list': None, 'learning_rate_adam': None, 'depth_list': None, 'n_start': None, 'n_end': None, 'singlet_injection': None, 'start_index_singlet': None, 'warm_start': None, 'warm_start_mode': None, 'lasserre_level': None, 'initial_solver_level_M': None, 'sdp_seed': None, 'warm_start_corr_strength': None, 'warm_start_corr_repeats': None, 'warm_start_correlations': None, 'compare_with_010101': None, 'init_QAOAparams_close_to_zero': None, 'use_correlations_as_initial_params': None, 'time_limit': 10800, 'failed_instance_termination_thrsh': 10, 'graph_generation_type': 'hog', 'weighted': False, 'easiest_first': True, 'cpu_util_threshold': 90, 'debug': False, 'save_circuit_svg': False, 'rerun_exclude_finished_instances': False, 'optimiser_debug_iterations': None, 'num_repeats': 1, 'relative_graph_adjList_path': 'HOG_graphs/triangleFree_connected_4to15vertices_829instances_AdjacencyList.txt', 'persistent_warm_start_cache': False, 'warm_start_cache_dir': 'Results/warm_start_cache', 'warm_start_cache_max_file_mb': 512, 'warm_start_cache_max_total_gb': 60, 'sdp_max_parallel': 0, 'qaoa_max_parallel': 16, 'sdp_threads': 1, 'qaoa_threads': 4, 'sdp_memory_limit_total_gb': 0, 'sdp_memory_limit_single_gb': 0, 'sdp_memory_poll_seconds': 5, 'sdp_max_retries': 0, 'queue_poll_interval_seconds': 5}, Running QAOA with equal superposition
Benchmark run ID: 5b331c07
Benchmark repeat index: 1
SDP seed override: None
Processor: x86_64
Hostname: dacsgpu0001
Total RAM (GB): None
Physical cores: 64
Logical cores: 64
Python version: 3.11.15
Initialisation time: 0.02 seconds; started at stardate {'initialisation': 0.01703023910522461} and finished at stardate1781715972.8367267
Loaded HOG graph index 386 with 21 edges.
Instance generation for n=386 took 0.04 seconds; started at stardate 1781715972.836733 and finished at stardate 1781715972.8755655
Running QAOA for n=14 nodes, m=21 edges...; Max iterations: 0
Edges: [(5, 11), (3, 8), (3, 11), (11, 12), (4, 12), (2, 12), (8, 10), (0, 2), (1, 13), (6, 9), (5, 13), (7, 10), (8, 9), (0, 1), (1, 9), (5, 6), (2, 10), (4, 7), (4, 13), (0, 3), (6, 7)], weights: [1.0, 1.0, 1.0, 1.0, 1.0, 1.0, 1.0, 1.0, 1.0, 1.0, 1.0, 1.0, 1.0, 1.0, 1.0, 1.0, 1.0, 1.0, 1.0, 1.0, 1.0], set of nodes: {0, 1, 2, 3, 4, 5, 6, 7, 8, 9, 10, 11, 12, 13}, n: 14 nodes, p: 0 layers, N_bayes: 0 iterations
Solving for uuid: 9c3365f3
No warm start: Default initial state is equal superposition
Building standard QAOA circuit with 2 parameter types (γ and β)
Exact result already logged for this instance; skipping duplicate. Existing energy: 12.142202897008291
12.142202897008273
QAOA optimisation for n=386 took 3.82 seconds; started at stardate 1781715972.875571 and finished at stardate 1781715976.698547
Finished QAOA for n=14 nodes, m=21 edges at 2026-06-17 19:06:16 on x86_64. Time taken: 3.82 seconds. Hours: 0.00 hours. Peak RAM: 0.23 MB.
Unknown graph type for approximation ratio calculation; checking misc CSV.
Checking optimal_results_misc.csv for matching edges and weights...
Found matching exact result in misc CSV: 12.142202897008291
CSV writing for n=386 took 0.01 seconds; started at stardate 1781715976.6985536 and finished at stardate 1781715976.705981
results: {386: 12.142202897008273}
durations: {14: 3.822981119155884}
Results saved to: Results/logs/exact/qaoa_results_exact_20260617_190240_pid1699232.csv
Global end time: 1781715976.7059906
Finalisation time: 0.00 seconds; started at stardate 1781715976.7059846 and finished at stardate 1781715976.7059941
Sum of all section times: 3.89 seconds
run_id: 5b331c07
