Starting QAOA benchmark with global start time: 1781715818.651975
Benchmark parameters: {'optimiser': 'exact', 'optimiser_use_heuristic': None, 'heuristic_optimiser_iterations': None, 'heuristic_optimiser_sampleSize': None, 'circuit_type': 'HOG', 'parameter_vector': None, 'iterations_list': None, 'learning_rate_adam': None, 'depth_list': None, 'n_start': None, 'n_end': None, 'singlet_injection': None, 'start_index_singlet': None, 'warm_start': None, 'warm_start_mode': None, 'lasserre_level': None, 'initial_solver_level_M': None, 'sdp_seed': None, 'warm_start_corr_strength': None, 'warm_start_corr_repeats': None, 'warm_start_correlations': None, 'compare_with_010101': None, 'init_QAOAparams_close_to_zero': None, 'use_correlations_as_initial_params': None, 'time_limit': 10800, 'failed_instance_termination_thrsh': 10, 'graph_generation_type': 'hog', 'weighted': False, 'easiest_first': True, 'cpu_util_threshold': 90, 'debug': False, 'save_circuit_svg': False, 'rerun_exclude_finished_instances': False, 'optimiser_debug_iterations': None, 'num_repeats': 1, 'relative_graph_adjList_path': 'HOG_graphs/triangleFree_connected_4to15vertices_829instances_AdjacencyList.txt', 'persistent_warm_start_cache': False, 'warm_start_cache_dir': 'Results/warm_start_cache', 'warm_start_cache_max_file_mb': 512, 'warm_start_cache_max_total_gb': 60, 'sdp_max_parallel': 0, 'qaoa_max_parallel': 16, 'sdp_threads': 1, 'qaoa_threads': 4, 'sdp_memory_limit_total_gb': 0, 'sdp_memory_limit_single_gb': 0, 'sdp_memory_poll_seconds': 5, 'sdp_max_retries': 0, 'queue_poll_interval_seconds': 5}, Running QAOA with equal superposition
Benchmark run ID: 57acfb23
Benchmark repeat index: 1
SDP seed override: None
Processor: x86_64
Hostname: dacsgpu0001
Total RAM (GB): None
Physical cores: 64
Logical cores: 64
Python version: 3.11.15
Initialisation time: 0.01 seconds; started at stardate {'initialisation': 0.014529228210449219} and finished at stardate1781715818.666513
Loaded HOG graph index 115 with 4 edges.
Instance generation for n=115 took 0.03 seconds; started at stardate 1781715818.6665187 and finished at stardate 1781715818.6974277
Running QAOA for n=5 nodes, m=4 edges...; Max iterations: 0
Edges: [(3, 4), (1, 4), (2, 4), (0, 4)], weights: [1.0, 1.0, 1.0, 1.0], set of nodes: {0, 1, 2, 3, 4}, n: 5 nodes, p: 0 layers, N_bayes: 0 iterations
Solving for uuid: ee8a25bf
No warm start: Default initial state is equal superposition
Building standard QAOA circuit with 2 parameter types (γ and β)
Exact result already logged for this instance; skipping duplicate. Existing energy: 2.5000000000000018
2.5000000000000027
QAOA optimisation for n=115 took 0.11 seconds; started at stardate 1781715818.697433 and finished at stardate 1781715818.807032
Finished QAOA for n=5 nodes, m=4 edges at 2026-06-17 19:03:38 on x86_64. Time taken: 0.11 seconds. Hours: 0.00 hours. Peak RAM: 0.2 MB.
Unknown graph type for approximation ratio calculation; checking misc CSV.
Checking optimal_results_misc.csv for matching edges and weights...
Found matching exact result in misc CSV: 2.5000000000000018
CSV writing for n=115 took 0.00 seconds; started at stardate 1781715818.8070397 and finished at stardate 1781715818.8098955
results: {115: 2.5000000000000027}
durations: {5: 0.1096036434173584}
Results saved to: Results/logs/exact/qaoa_results_exact_20260617_190240_pid1699232.csv
Global end time: 1781715818.8099067
Finalisation time: 0.00 seconds; started at stardate 1781715818.8098993 and finished at stardate 1781715818.809911
Sum of all section times: 0.16 seconds
run_id: 57acfb23
