Starting QAOA benchmark with global start time: 1781715970.2778728
Benchmark parameters: {'optimiser': 'exact', 'optimiser_use_heuristic': None, 'heuristic_optimiser_iterations': None, 'heuristic_optimiser_sampleSize': None, 'circuit_type': 'HOG', 'parameter_vector': None, 'iterations_list': None, 'learning_rate_adam': None, 'depth_list': None, 'n_start': None, 'n_end': None, 'singlet_injection': None, 'start_index_singlet': None, 'warm_start': None, 'warm_start_mode': None, 'lasserre_level': None, 'initial_solver_level_M': None, 'sdp_seed': None, 'warm_start_corr_strength': None, 'warm_start_corr_repeats': None, 'warm_start_correlations': None, 'compare_with_010101': None, 'init_QAOAparams_close_to_zero': None, 'use_correlations_as_initial_params': None, 'time_limit': 10800, 'failed_instance_termination_thrsh': 10, 'graph_generation_type': 'hog', 'weighted': False, 'easiest_first': True, 'cpu_util_threshold': 90, 'debug': False, 'save_circuit_svg': False, 'rerun_exclude_finished_instances': False, 'optimiser_debug_iterations': None, 'num_repeats': 1, 'relative_graph_adjList_path': 'HOG_graphs/triangleFree_connected_4to15vertices_829instances_AdjacencyList.txt', 'persistent_warm_start_cache': False, 'warm_start_cache_dir': 'Results/warm_start_cache', 'warm_start_cache_max_file_mb': 512, 'warm_start_cache_max_total_gb': 60, 'sdp_max_parallel': 0, 'qaoa_max_parallel': 16, 'sdp_threads': 1, 'qaoa_threads': 4, 'sdp_memory_limit_total_gb': 0, 'sdp_memory_limit_single_gb': 0, 'sdp_memory_poll_seconds': 5, 'sdp_max_retries': 0, 'queue_poll_interval_seconds': 5}, Running QAOA with equal superposition
Benchmark run ID: e52abc8a
Benchmark repeat index: 1
SDP seed override: None
Processor: x86_64
Hostname: dacsgpu0001
Total RAM (GB): None
Physical cores: 64
Logical cores: 64
Python version: 3.11.15
Initialisation time: 0.01 seconds; started at stardate {'initialisation': 0.01244974136352539} and finished at stardate1781715970.2903314
Loaded HOG graph index 379 with 28 edges.
Instance generation for n=379 took 0.05 seconds; started at stardate 1781715970.2903392 and finished at stardate 1781715970.336807
Running QAOA for n=14 nodes, m=28 edges...; Max iterations: 0
Edges: [(5, 11), (3, 8), (3, 11), (4, 12), (4, 9), (7, 8), (0, 2), (9, 11), (1, 13), (6, 9), (5, 7), (3, 13), (0, 1), (8, 12), (1, 6), (0, 4), (10, 12), (6, 8), (5, 12), (2, 10), (2, 7), (2, 13), (4, 13), (7, 9), (0, 3), (10, 11), (1, 5), (6, 10)], weights: [1.0, 1.0, 1.0, 1.0, 1.0, 1.0, 1.0, 1.0, 1.0, 1.0, 1.0, 1.0, 1.0, 1.0, 1.0, 1.0, 1.0, 1.0, 1.0, 1.0, 1.0, 1.0, 1.0, 1.0, 1.0, 1.0, 1.0, 1.0], set of nodes: {0, 1, 2, 3, 4, 5, 6, 7, 8, 9, 10, 11, 12, 13}, n: 14 nodes, p: 0 layers, N_bayes: 0 iterations
Solving for uuid: f403f512
No warm start: Default initial state is equal superposition
Building standard QAOA circuit with 2 parameter types (γ and β)
Exact result already logged for this instance; skipping duplicate. Existing energy: 15.034150624635883
15.034150624635854
QAOA optimisation for n=379 took 0.83 seconds; started at stardate 1781715970.336813 and finished at stardate 1781715971.164875
Finished QAOA for n=14 nodes, m=28 edges at 2026-06-17 19:06:11 on x86_64. Time taken: 0.83 seconds. Hours: 0.00 hours. Peak RAM: 0.23 MB.
Unknown graph type for approximation ratio calculation; checking misc CSV.
Checking optimal_results_misc.csv for matching edges and weights...
Found matching exact result in misc CSV: 15.034150624635883
CSV writing for n=379 took 0.00 seconds; started at stardate 1781715971.1648822 and finished at stardate 1781715971.1685314
results: {379: 15.034150624635854}
durations: {14: 0.8280675411224365}
Results saved to: Results/logs/exact/qaoa_results_exact_20260617_190240_pid1699232.csv
Global end time: 1781715971.1685412
Finalisation time: 0.00 seconds; started at stardate 1781715971.1685345 and finished at stardate 1781715971.1685452
Sum of all section times: 0.89 seconds
run_id: e52abc8a
