Starting QAOA benchmark with global start time: 1781715833.6506925
Benchmark parameters: {'optimiser': 'exact', 'optimiser_use_heuristic': None, 'heuristic_optimiser_iterations': None, 'heuristic_optimiser_sampleSize': None, 'circuit_type': 'HOG', 'parameter_vector': None, 'iterations_list': None, 'learning_rate_adam': None, 'depth_list': None, 'n_start': None, 'n_end': None, 'singlet_injection': None, 'start_index_singlet': None, 'warm_start': None, 'warm_start_mode': None, 'lasserre_level': None, 'initial_solver_level_M': None, 'sdp_seed': None, 'warm_start_corr_strength': None, 'warm_start_corr_repeats': None, 'warm_start_correlations': None, 'compare_with_010101': None, 'init_QAOAparams_close_to_zero': None, 'use_correlations_as_initial_params': None, 'time_limit': 10800, 'failed_instance_termination_thrsh': 10, 'graph_generation_type': 'hog', 'weighted': False, 'easiest_first': True, 'cpu_util_threshold': 90, 'debug': False, 'save_circuit_svg': False, 'rerun_exclude_finished_instances': False, 'optimiser_debug_iterations': None, 'num_repeats': 1, 'relative_graph_adjList_path': 'HOG_graphs/triangleFree_connected_4to15vertices_829instances_AdjacencyList.txt', 'persistent_warm_start_cache': False, 'warm_start_cache_dir': 'Results/warm_start_cache', 'warm_start_cache_max_file_mb': 512, 'warm_start_cache_max_total_gb': 60, 'sdp_max_parallel': 0, 'qaoa_max_parallel': 16, 'sdp_threads': 1, 'qaoa_threads': 4, 'sdp_memory_limit_total_gb': 0, 'sdp_memory_limit_single_gb': 0, 'sdp_memory_poll_seconds': 5, 'sdp_max_retries': 0, 'queue_poll_interval_seconds': 5}, Running QAOA with equal superposition
Benchmark run ID: 8baa49ad
Benchmark repeat index: 1
SDP seed override: None
Processor: x86_64
Hostname: dacsgpu0001
Total RAM (GB): None
Physical cores: 64
Logical cores: 64
Python version: 3.11.15
Initialisation time: 0.00 seconds; started at stardate {'initialisation': 0.004389524459838867} and finished at stardate1781715833.6550891
Loaded HOG graph index 144 with 10 edges.
Instance generation for n=144 took 0.04 seconds; started at stardate 1781715833.655094 and finished at stardate 1781715833.6935472
Running QAOA for n=10 nodes, m=10 edges...; Max iterations: 0
Edges: [(0, 1), (1, 9), (3, 5), (5, 7), (7, 9), (4, 6), (6, 8), (3, 4), (2, 8), (0, 2)], weights: [1.0, 1.0, 1.0, 1.0, 1.0, 1.0, 1.0, 1.0, 1.0, 1.0], set of nodes: {0, 1, 2, 3, 4, 5, 6, 7, 8, 9}, n: 10 nodes, p: 0 layers, N_bayes: 0 iterations
Solving for uuid: 7f7d7a92
No warm start: Default initial state is equal superposition
Building standard QAOA circuit with 2 parameter types (γ and β)
Exact result already logged for this instance; skipping duplicate. Existing energy: 7.015446354492047
7.015446354492045
QAOA optimisation for n=144 took 0.28 seconds; started at stardate 1781715833.6935532 and finished at stardate 1781715833.9751928
Finished QAOA for n=10 nodes, m=10 edges at 2026-06-17 19:03:53 on x86_64. Time taken: 0.28 seconds. Hours: 0.00 hours. Peak RAM: 0.21 MB.
Computing cycle approximation ratio
CSV writing for n=144 took 0.02 seconds; started at stardate 1781715833.9752004 and finished at stardate 1781715833.99155
results: {144: 7.015446354492045}
durations: {10: 0.2816455364227295}
Results saved to: Results/logs/exact/qaoa_results_exact_20260617_190240_pid1699232.csv
Global end time: 1781715833.9915626
Finalisation time: 0.00 seconds; started at stardate 1781715833.9915543 and finished at stardate 1781715833.9915667
Sum of all section times: 0.34 seconds
run_id: 8baa49ad
