Starting QAOA benchmark with global start time: 1781715794.0386162
Benchmark parameters: {'optimiser': 'exact', 'optimiser_use_heuristic': None, 'heuristic_optimiser_iterations': None, 'heuristic_optimiser_sampleSize': None, 'circuit_type': 'HOG', 'parameter_vector': None, 'iterations_list': None, 'learning_rate_adam': None, 'depth_list': None, 'n_start': None, 'n_end': None, 'singlet_injection': None, 'start_index_singlet': None, 'warm_start': None, 'warm_start_mode': None, 'lasserre_level': None, 'initial_solver_level_M': None, 'sdp_seed': None, 'warm_start_corr_strength': None, 'warm_start_corr_repeats': None, 'warm_start_correlations': None, 'compare_with_010101': None, 'init_QAOAparams_close_to_zero': None, 'use_correlations_as_initial_params': None, 'time_limit': 10800, 'failed_instance_termination_thrsh': 10, 'graph_generation_type': 'hog', 'weighted': False, 'easiest_first': True, 'cpu_util_threshold': 90, 'debug': False, 'save_circuit_svg': False, 'rerun_exclude_finished_instances': False, 'optimiser_debug_iterations': None, 'num_repeats': 1, 'relative_graph_adjList_path': 'HOG_graphs/triangleFree_connected_4to15vertices_829instances_AdjacencyList.txt', 'persistent_warm_start_cache': False, 'warm_start_cache_dir': 'Results/warm_start_cache', 'warm_start_cache_max_file_mb': 512, 'warm_start_cache_max_total_gb': 60, 'sdp_max_parallel': 0, 'qaoa_max_parallel': 16, 'sdp_threads': 1, 'qaoa_threads': 4, 'sdp_memory_limit_total_gb': 0, 'sdp_memory_limit_single_gb': 0, 'sdp_memory_poll_seconds': 5, 'sdp_max_retries': 0, 'queue_poll_interval_seconds': 5}, Running QAOA with equal superposition
Benchmark run ID: e5247c27
Benchmark repeat index: 1
SDP seed override: None
Processor: x86_64
Hostname: dacsgpu0001
Total RAM (GB): None
Physical cores: 64
Logical cores: 64
Python version: 3.11.15
Initialisation time: 0.01 seconds; started at stardate {'initialisation': 0.006516218185424805} and finished at stardate1781715794.0451393
Loaded HOG graph index 74 with 8 edges.
Instance generation for n=74 took 0.04 seconds; started at stardate 1781715794.0451443 and finished at stardate 1781715794.0877042
Running QAOA for n=9 nodes, m=8 edges...; Max iterations: 0
Edges: [(2, 3), (5, 7), (3, 5), (4, 6), (6, 8), (0, 8), (2, 4), (1, 7)], weights: [1.0, 1.0, 1.0, 1.0, 1.0, 1.0, 1.0, 1.0], set of nodes: {0, 1, 2, 3, 4, 5, 6, 7, 8}, n: 9 nodes, p: 0 layers, N_bayes: 0 iterations
Solving for uuid: 8ded5aff
No warm start: Default initial state is equal superposition
Building standard QAOA circuit with 2 parameter types (γ and β)
Exact result already logged for this instance; skipping duplicate. Existing energy: 5.736321706379328
5.736321706379317
QAOA optimisation for n=74 took 0.56 seconds; started at stardate 1781715794.0877101 and finished at stardate 1781715794.6461842
Finished QAOA for n=9 nodes, m=8 edges at 2026-06-17 19:03:14 on x86_64. Time taken: 0.56 seconds. Hours: 0.00 hours. Peak RAM: 0.21 MB.
Computing line approximation ratio
CSV writing for n=74 took 0.01 seconds; started at stardate 1781715794.646192 and finished at stardate 1781715794.6534653
results: {74: 5.736321706379317}
durations: {9: 0.5584797859191895}
Results saved to: Results/logs/exact/qaoa_results_exact_20260617_190240_pid1699232.csv
Global end time: 1781715794.653477
Finalisation time: 0.00 seconds; started at stardate 1781715794.6534688 and finished at stardate 1781715794.6534815
Sum of all section times: 0.61 seconds
run_id: e5247c27
