Starting QAOA benchmark with global start time: 1781716038.2716308
Benchmark parameters: {'optimiser': 'exact', 'optimiser_use_heuristic': None, 'heuristic_optimiser_iterations': None, 'heuristic_optimiser_sampleSize': None, 'circuit_type': 'HOG', 'parameter_vector': None, 'iterations_list': None, 'learning_rate_adam': None, 'depth_list': None, 'n_start': None, 'n_end': None, 'singlet_injection': None, 'start_index_singlet': None, 'warm_start': None, 'warm_start_mode': None, 'lasserre_level': None, 'initial_solver_level_M': None, 'sdp_seed': None, 'warm_start_corr_strength': None, 'warm_start_corr_repeats': None, 'warm_start_correlations': None, 'compare_with_010101': None, 'init_QAOAparams_close_to_zero': None, 'use_correlations_as_initial_params': None, 'time_limit': 10800, 'failed_instance_termination_thrsh': 10, 'graph_generation_type': 'hog', 'weighted': False, 'easiest_first': True, 'cpu_util_threshold': 90, 'debug': False, 'save_circuit_svg': False, 'rerun_exclude_finished_instances': False, 'optimiser_debug_iterations': None, 'num_repeats': 1, 'relative_graph_adjList_path': 'HOG_graphs/triangleFree_connected_4to15vertices_829instances_AdjacencyList.txt', 'persistent_warm_start_cache': False, 'warm_start_cache_dir': 'Results/warm_start_cache', 'warm_start_cache_max_file_mb': 512, 'warm_start_cache_max_total_gb': 60, 'sdp_max_parallel': 0, 'qaoa_max_parallel': 16, 'sdp_threads': 1, 'qaoa_threads': 4, 'sdp_memory_limit_total_gb': 0, 'sdp_memory_limit_single_gb': 0, 'sdp_memory_poll_seconds': 5, 'sdp_max_retries': 0, 'queue_poll_interval_seconds': 5}, Running QAOA with equal superposition
Benchmark run ID: b3fc39f2
Benchmark repeat index: 1
SDP seed override: None
Processor: x86_64
Hostname: dacsgpu0001
Total RAM (GB): None
Physical cores: 64
Logical cores: 64
Python version: 3.11.15
Initialisation time: 0.02 seconds; started at stardate {'initialisation': 0.018837690353393555} and finished at stardate1781716038.2904773
Loaded HOG graph index 551 with 12 edges.
Instance generation for n=551 took 0.03 seconds; started at stardate 1781716038.290483 and finished at stardate 1781716038.3194354
Running QAOA for n=8 nodes, m=12 edges...; Max iterations: 0
Edges: [(2, 7), (0, 4), (4, 7), (2, 6), (5, 7), (4, 6), (5, 6), (1, 5), (3, 7), (0, 5), (1, 4), (3, 6)], weights: [1.0, 1.0, 1.0, 1.0, 1.0, 1.0, 1.0, 1.0, 1.0, 1.0, 1.0, 1.0], set of nodes: {0, 1, 2, 3, 4, 5, 6, 7}, n: 8 nodes, p: 0 layers, N_bayes: 0 iterations
Solving for uuid: 57305603
No warm start: Default initial state is equal superposition
Building standard QAOA circuit with 2 parameter types (γ and β)
Exact result already logged for this instance; skipping duplicate. Existing energy: 7.6457513110646005
7.645751311064614
QAOA optimisation for n=551 took 0.09 seconds; started at stardate 1781716038.3194401 and finished at stardate 1781716038.412239
Finished QAOA for n=8 nodes, m=12 edges at 2026-06-17 19:07:18 on x86_64. Time taken: 0.09 seconds. Hours: 0.00 hours. Peak RAM: 0.21 MB.
Unknown graph type for approximation ratio calculation; checking misc CSV.
Checking optimal_results_misc.csv for matching edges and weights...
Found matching exact result in misc CSV: 7.6457513110646005
CSV writing for n=551 took 0.01 seconds; started at stardate 1781716038.4122453 and finished at stardate 1781716038.419379
results: {551: 7.645751311064614}
durations: {8: 0.0928034782409668}
Results saved to: Results/logs/exact/qaoa_results_exact_20260617_190240_pid1699232.csv
Global end time: 1781716038.4193888
Finalisation time: 0.00 seconds; started at stardate 1781716038.4193828 and finished at stardate 1781716038.4193916
Sum of all section times: 0.15 seconds
run_id: b3fc39f2
