Starting QAOA benchmark with global start time: 1781716056.0097988
Benchmark parameters: {'optimiser': 'exact', 'optimiser_use_heuristic': None, 'heuristic_optimiser_iterations': None, 'heuristic_optimiser_sampleSize': None, 'circuit_type': 'HOG', 'parameter_vector': None, 'iterations_list': None, 'learning_rate_adam': None, 'depth_list': None, 'n_start': None, 'n_end': None, 'singlet_injection': None, 'start_index_singlet': None, 'warm_start': None, 'warm_start_mode': None, 'lasserre_level': None, 'initial_solver_level_M': None, 'sdp_seed': None, 'warm_start_corr_strength': None, 'warm_start_corr_repeats': None, 'warm_start_correlations': None, 'compare_with_010101': None, 'init_QAOAparams_close_to_zero': None, 'use_correlations_as_initial_params': None, 'time_limit': 10800, 'failed_instance_termination_thrsh': 10, 'graph_generation_type': 'hog', 'weighted': False, 'easiest_first': True, 'cpu_util_threshold': 90, 'debug': False, 'save_circuit_svg': False, 'rerun_exclude_finished_instances': False, 'optimiser_debug_iterations': None, 'num_repeats': 1, 'relative_graph_adjList_path': 'HOG_graphs/triangleFree_connected_4to15vertices_829instances_AdjacencyList.txt', 'persistent_warm_start_cache': False, 'warm_start_cache_dir': 'Results/warm_start_cache', 'warm_start_cache_max_file_mb': 512, 'warm_start_cache_max_total_gb': 60, 'sdp_max_parallel': 0, 'qaoa_max_parallel': 16, 'sdp_threads': 1, 'qaoa_threads': 4, 'sdp_memory_limit_total_gb': 0, 'sdp_memory_limit_single_gb': 0, 'sdp_memory_poll_seconds': 5, 'sdp_max_retries': 0, 'queue_poll_interval_seconds': 5}, Running QAOA with equal superposition
Benchmark run ID: 9abac1d9
Benchmark repeat index: 1
SDP seed override: None
Processor: x86_64
Hostname: dacsgpu0001
Total RAM (GB): None
Physical cores: 64
Logical cores: 64
Python version: 3.11.15
Initialisation time: 0.01 seconds; started at stardate {'initialisation': 0.01097726821899414} and finished at stardate1781716056.0207868
Loaded HOG graph index 614 with 18 edges.
Instance generation for n=614 took 0.02 seconds; started at stardate 1781716056.0207932 and finished at stardate 1781716056.0389214
Running QAOA for n=12 nodes, m=18 edges...; Max iterations: 0
Edges: [(8, 9), (0, 1), (4, 7), (3, 8), (5, 8), (5, 10), (6, 9), (2, 9), (0, 3), (4, 6), (7, 11), (1, 11), (3, 7), (4, 5), (2, 11), (6, 10), (0, 2), (1, 10)], weights: [1.0, 1.0, 1.0, 1.0, 1.0, 1.0, 1.0, 1.0, 1.0, 1.0, 1.0, 1.0, 1.0, 1.0, 1.0, 1.0, 1.0, 1.0], set of nodes: {0, 1, 2, 3, 4, 5, 6, 7, 8, 9, 10, 11}, n: 12 nodes, p: 0 layers, N_bayes: 0 iterations
Solving for uuid: b33493e8
No warm start: Default initial state is equal superposition
Building standard QAOA circuit with 2 parameter types (γ and β)
Exact result already logged for this instance; skipping duplicate. Existing energy: 10.817968386583884
10.817968386583846
QAOA optimisation for n=614 took 0.56 seconds; started at stardate 1781716056.0389261 and finished at stardate 1781716056.6022716
Finished QAOA for n=12 nodes, m=18 edges at 2026-06-17 19:07:36 on x86_64. Time taken: 0.56 seconds. Hours: 0.00 hours. Peak RAM: 0.21 MB.
Unknown graph type for approximation ratio calculation; checking misc CSV.
Checking optimal_results_misc.csv for matching edges and weights...
Found matching exact result in misc CSV: 10.817968386583884
CSV writing for n=614 took 0.01 seconds; started at stardate 1781716056.6022797 and finished at stardate 1781716056.609486
results: {614: 10.817968386583846}
durations: {12: 0.563349723815918}
Results saved to: Results/logs/exact/qaoa_results_exact_20260617_190240_pid1699232.csv
Global end time: 1781716056.609497
Finalisation time: 0.00 seconds; started at stardate 1781716056.6094894 and finished at stardate 1781716056.609501
Sum of all section times: 0.60 seconds
run_id: 9abac1d9
