/home/i6408800/MasterThesis/QAOA/Code/Circuit.py:192: UserWarning: No classical warm-start cut provided for HAMQAOA; using random cut values for fourth HAMQAOA gate. This may lead to suboptimal performance and may be unintentional if a classical warm start was intended.
  warnings.warn(
Starting QAOA benchmark with global start time: 1788786472.1477904
Benchmark parameters: {'optimiser': 'adam', 'optimiser_use_heuristic': True, 'heuristic_optimiser_iterations': 1, 'heuristic_optimiser_sampleSize': 10, 'circuit_type': 'hamqaoa', 'parameter_vector': [1, 1, 1], 'iterations_list': [75], 'learning_rate_adam': 0.005, 'depth_list': [1, 2, 3, 4, 5], 'n_start': None, 'n_end': None, 'singlet_injection': False, 'start_index_singlet': None, 'warm_start': False, 'warm_start_mode': None, 'lasserre_level': None, 'initial_solver_level_M': None, 'sdp_seed': None, 'sdp_solver_mode': None, 'sdp_scs_eps': None, 'sdp_scs_max_iters': None, 'warm_start_corr_strength': None, 'warm_start_corr_repeats': None, 'compare_with_010101': False, 'init_QAOAparams_close_to_zero': False, 'use_correlations_as_initial_params': None, 'time_limit': None, 'failed_instance_termination_thrsh': None, 'graph_generation_type': 'hog', 'weighted': False, 'easiest_first': False, 'cpu_util_threshold': None, 'debug': False, 'save_circuit_svg': False, 'rerun_exclude_finished_instances': True, 'warm_start_cache_producer_only': False, 'qaoa_only_from_existing_warm_start_cache': False, 'optimiser_debug_iterations': None, 'num_repeats': 1, 'relative_graph_adjList_path': 'HOG_graphs/Exp5/list_388_graphs_adjacency_list_hog_v04-12_regular.txt', 'persistent_warm_start_cache': False, 'warm_start_cache_dir': None, 'warm_start_cache_max_file_mb': None, 'warm_start_cache_max_total_gb': None, 'sdp_max_parallel': 0, 'qaoa_max_parallel': 16, 'sdp_threads': 1, 'qaoa_threads': 1, 'sdp_memory_limit_total_gb': 0, 'sdp_memory_limit_single_gb': 0, 'sdp_memory_poll_seconds': None, 'sdp_max_retries': 0, 'queue_poll_interval_seconds': 5, 'max_graph_vertices': 10, 'completed_result_csv_paths': [], 'qaoa_seed': 42, 'initialise_standard_warm_start_with_zero_angles': True, 'result_name_suffix': '_FINAL_BENCHMARKS_STANDARD', 'algorithm17_beta_mode': None}, Running QAOA with equal superposition
Benchmark run ID: dd82a91e
Benchmark repeat index: 1
Configured SDP rounding seed: None
QAOA seed used: 42
Processor: x86_64
Hostname: dacsvm-cpunode01
Total RAM (GB): None
Physical cores: 32
Logical cores: 32
Python version: 3.11.15
Initialisation time: 0.01 seconds; started at stardate {'initialisation': 0.006281852722167969} and finished at stardate1788786472.1540856
Loaded HOG graph index 347 with 25 edges.
Instance generation for n=347 took 0.08 seconds; started at stardate 1788786472.1540964 and finished at stardate 1788786472.2318776
Running QAOA for n=10 nodes, m=25 edges...; Max iterations: 75
Edges: [(2, 3), (3, 8), (2, 6), (4, 6), (4, 9), (0, 5), (0, 2), (1, 7), (5, 7), (4, 8), (8, 9), (1, 3), (0, 1), (1, 6), (0, 4), (6, 8), (5, 6), (5, 9), (3, 9), (2, 7), (4, 7), (7, 9), (0, 3), (1, 2), (5, 8)], weights: [1.0, 1.0, 1.0, 1.0, 1.0, 1.0, 1.0, 1.0, 1.0, 1.0, 1.0, 1.0, 1.0, 1.0, 1.0, 1.0, 1.0, 1.0, 1.0, 1.0, 1.0, 1.0, 1.0, 1.0, 1.0], set of nodes: {0, 1, 2, 3, 4, 5, 6, 7, 8, 9}, n: 10 nodes, p: 5 layers, N_bayes: 75 iterations
Solving for uuid: c0038824
No warm start: Default initial state is equal superposition
Ignoring initialise_standard_warm_start_with_zero_angles because this run has no active standard warm start; using the normal Adam initialization.
Running ADAM optimization with a single iteration (no debug loop)
6.776400139707263
QAOA optimisation for n=347 took 148.53 seconds; started at stardate 1788786472.2318823 and finished at stardate 1788786620.7577176
Finished QAOA for n=10 nodes, m=25 edges at 2026-09-07 15:10:20 on x86_64. Time taken: 148.53 seconds. Hours: 0.04 hours. Peak RAM: 0.25 MB.
Unknown graph type for approximation ratio calculation; checking misc CSV.
Checking optimal_results_misc.csv for matching edges and weights...
Found matching exact result in misc CSV: 12.261259404352378
CSV writing for n=347 took 0.02 seconds; started at stardate 1788786620.7577317 and finished at stardate 1788786620.780896
results: {347: 6.776400139707263}
durations: {10: 148.52584290504456}
Results saved to: Results/logs/adam/qaoa_results_adam_20260907_141802_pid2535300_FINAL_BENCHMARKS_STANDARD.csv
Global end time: 1788786620.7809052
Finalisation time: 0.00 seconds; started at stardate 1788786620.7808993 and finished at stardate 1788786620.780909
Sum of all section times: 148.63 seconds
run_id: dd82a91e
