/home/i6408800/MasterThesis/QAOA/Code/Circuit.py:182: UserWarning: No classical warm-start cut provided for HAMQAOA; using random cut values for fourth HAMQAOA gate. This may lead to suboptimal performance and may be unintentional if a classical warm start was intended.
  warnings.warn(
Starting QAOA benchmark with global start time: 1785353545.5001082
Benchmark parameters: {'optimiser': 'adam', 'optimiser_use_heuristic': False, 'heuristic_optimiser_iterations': None, 'heuristic_optimiser_sampleSize': None, 'circuit_type': 'hamqaoa', 'parameter_vector': [1, 1, 1], 'iterations_list': [5, 10], 'learning_rate_adam': 0.05, 'depth_list': [1, 2, 3], 'n_start': None, 'n_end': None, 'singlet_injection': False, 'start_index_singlet': None, 'warm_start': False, 'warm_start_mode': None, 'lasserre_level': None, 'initial_solver_level_M': None, 'sdp_seed': None, 'sdp_solver_mode': None, 'sdp_scs_eps': None, 'sdp_scs_max_iters': None, 'warm_start_corr_strength': None, 'warm_start_corr_repeats': None, 'compare_with_010101': False, 'init_QAOAparams_close_to_zero': False, 'use_correlations_as_initial_params': None, 'time_limit': None, 'failed_instance_termination_thrsh': None, 'graph_generation_type': 'hog', 'weighted': False, 'easiest_first': False, 'cpu_util_threshold': None, 'debug': False, 'save_circuit_svg': False, 'rerun_exclude_finished_instances': True, 'warm_start_cache_producer_only': False, 'qaoa_only_from_existing_warm_start_cache': False, 'optimiser_debug_iterations': None, 'num_repeats': 1, 'relative_graph_adjList_path': 'HOG_graphs/Exp5/cycle_graphs_3to12vertices_10instances_AdjacencyList.txt', 'persistent_warm_start_cache': False, 'warm_start_cache_dir': None, 'warm_start_cache_max_file_mb': None, 'warm_start_cache_max_total_gb': None, 'sdp_max_parallel': 0, 'qaoa_max_parallel': 32, 'sdp_threads': 1, 'qaoa_threads': 1, 'sdp_memory_limit_total_gb': 0, 'sdp_memory_limit_single_gb': 0, 'sdp_memory_poll_seconds': None, 'sdp_max_retries': 0, 'queue_poll_interval_seconds': 5, 'completed_result_csv_paths': []}, Running QAOA with equal superposition
Benchmark run ID: 64cb0b63
Benchmark repeat index: 1
SDP seed override: None
Processor: x86_64
Hostname: dacsgpu0002
Total RAM (GB): None
Physical cores: 64
Logical cores: 64
Python version: 3.11.15
Initialisation time: 0.00 seconds; started at stardate {'initialisation': 0.003239154815673828} and finished at stardate1785353545.5033562
Loaded HOG graph index 5 with 8 edges.
Instance generation for n=5 took 0.00 seconds; started at stardate 1785353545.5033607 and finished at stardate 1785353545.5037594
Running QAOA for n=8 nodes, m=8 edges...; Max iterations: 10
Edges: [(0, 1), (2, 3), (0, 7), (1, 2), (5, 6), (3, 4), (4, 5), (6, 7)], weights: [1.0, 1.0, 1.0, 1.0, 1.0, 1.0, 1.0, 1.0], set of nodes: {0, 1, 2, 3, 4, 5, 6, 7}, n: 8 nodes, p: 1 layers, N_bayes: 10 iterations
Solving for uuid: c738022e
No warm start: Default initial state is equal superposition
Running ADAM optimization with a single iteration (no debug loop)
1.9832970123434237
QAOA optimisation for n=5 took 0.18 seconds; started at stardate 1785353545.5037622 and finished at stardate 1785353545.6874046
Finished QAOA for n=8 nodes, m=8 edges at 2026-07-29 21:32:25 on x86_64. Time taken: 0.18 seconds. Hours: 0.00 hours. Peak RAM: 0.21 MB.
Computing cycle approximation ratio
CSV writing for n=5 took 0.05 seconds; started at stardate 1785353545.6874106 and finished at stardate 1785353545.7384186
results: {5: 1.9832970123434237}
durations: {8: 0.18364596366882324}
Results saved to: Results/logs/adam/qaoa_results_adam_20260729_213216_pid1366485.csv
Global end time: 1785353545.7384262
Finalisation time: 0.00 seconds; started at stardate 1785353545.7384214 and finished at stardate 1785353545.7384286
Sum of all section times: 0.24 seconds
run_id: 64cb0b63
