Starting QAOA benchmark with global start time: 1788919676.4351478
Benchmark parameters: {'optimiser': 'adam', 'optimiser_use_heuristic': False, 'heuristic_optimiser_iterations': None, 'heuristic_optimiser_sampleSize': None, 'circuit_type': 'hamqaoa', 'parameter_vector': [1, 1, 1], 'iterations_list': [75], 'learning_rate_adam': 0.01, 'depth_list': [1, 2, 3, 4, 5], 'n_start': None, 'n_end': None, 'singlet_injection': False, 'start_index_singlet': None, 'warm_start': True, 'warm_start_mode': 'standard', 'lasserre_level': 1, 'initial_solver_level_M': 1, 'sdp_seed': 42, 'sdp_solver_mode': 'scs', 'sdp_scs_eps': 1e-06, 'sdp_scs_max_iters': 100000, 'warm_start_corr_strength': None, 'warm_start_corr_repeats': None, 'compare_with_010101': False, 'init_QAOAparams_close_to_zero': False, 'use_correlations_as_initial_params': False, 'time_limit': None, 'failed_instance_termination_thrsh': None, 'graph_generation_type': 'hog', 'weighted': False, 'easiest_first': False, 'cpu_util_threshold': None, 'debug': False, 'save_circuit_svg': False, 'rerun_exclude_finished_instances': False, 'warm_start_cache_producer_only': False, 'qaoa_only_from_existing_warm_start_cache': True, 'optimiser_debug_iterations': None, 'num_repeats': 1, 'relative_graph_adjList_path': 'HOG_graphs/Exp5/list_388_graphs_adjacency_list_hog_v04-12_regular.txt', 'persistent_warm_start_cache': True, 'warm_start_cache_dir': 'Results/warm_start_cache', 'warm_start_cache_max_file_mb': 512, 'warm_start_cache_max_total_gb': 60, 'sdp_max_parallel': 0, 'qaoa_max_parallel': 16, 'sdp_threads': 1, 'qaoa_threads': 1, 'sdp_memory_limit_total_gb': 0, 'sdp_memory_limit_single_gb': 0, 'sdp_memory_poll_seconds': 5, 'sdp_max_retries': 0, 'queue_poll_interval_seconds': 5, 'max_graph_vertices': 10, 'completed_result_csv_paths': [], 'qaoa_seed': 42, 'initialise_standard_warm_start_with_zero_angles': True, 'result_name_suffix': '_FINAL_BENCHMARKS_STANDARD', 'algorithm17_beta_mode': 'fixed'}, Running QAOA with equal superposition
Benchmark run ID: 07d9297c
Benchmark repeat index: 1
Configured SDP rounding seed: 42
QAOA seed used: 42
Processor: x86_64
Hostname: dacsgpu0003
Total RAM (GB): None
Physical cores: 64
Logical cores: 64
Python version: 3.11.15
Initialisation time: 0.00 seconds; started at stardate {'initialisation': 0.004204273223876953} and finished at stardate1788919676.439358
Loaded HOG graph index 272 with 20 edges.
Instance generation for n=272 took 0.09 seconds; started at stardate 1788919676.4393628 and finished at stardate 1788919676.534082
Running QAOA for n=10 nodes, m=20 edges...; Max iterations: 75
Warm-start cache: loading Results/warm_start_cache/list_388_graphs_adjacency_list_hog_v04-12_regular__filehash_5b7f8d46/hog_idx000272_08a197085729_seed42_L1_M1_amplified.npz
Warm-start cache: loaded in 0.0014 seconds; effective compute time=0.08192181587219238
Edges: [(2, 3), (2, 9), (7, 8), (0, 2), (1, 7), (6, 9), (5, 7), (3, 4), (4, 8), (0, 1), (1, 6), (0, 4), (5, 6), (5, 9), (2, 4), (3, 9), (0, 3), (1, 8), (5, 8), (6, 7)], weights: [1.0, 1.0, 1.0, 1.0, 1.0, 1.0, 1.0, 1.0, 1.0, 1.0, 1.0, 1.0, 1.0, 1.0, 1.0, 1.0, 1.0, 1.0, 1.0, 1.0], set of nodes: {0, 1, 2, 3, 4, 5, 6, 7, 8, 9}, n: 10 nodes, p: 4 layers, N_bayes: 75 iterations
Solving for uuid: 19fac408
Initial state injected as warm start
Running ADAM optimization with a single iteration (no debug loop)
7.889552599448248
QAOA optimisation for n=272 took 297.05 seconds; started at stardate 1788919676.5340881 and finished at stardate 1788919973.5860791
Finished QAOA for n=10 nodes, m=20 edges at 2026-09-09 04:12:53 on x86_64. Time taken: 297.05 seconds. Hours: 0.08 hours. Peak RAM: 1.24 MB.
Unknown graph type for approximation ratio calculation; checking misc CSV.
Checking optimal_results_misc.csv for matching edges and weights...
Found matching exact result in misc CSV: 9.847548132479648
CSV writing for n=272 took 0.01 seconds; started at stardate 1788919973.586085 and finished at stardate 1788919973.5988023
results: {272: 7.889552599448248}
durations: {10: 297.05199575424194}
Results saved to: Results/logs/adam/qaoa_results_adam_20260909_005238_pid192508_FINAL_BENCHMARKS_STANDARD.csv
Global end time: 1788919973.5988107
Finalisation time: 0.00 seconds; started at stardate 1788919973.5988052 and finished at stardate 1788919973.598814
Sum of all section times: 297.16 seconds
run_id: 07d9297c
