/home/i6408800/MasterThesis/QAOA/Code/Circuit.py:167: UserWarning: No classical warm-start cut provided for HAMQAOA; using random cut values for fourth HAMQAOA gate. This may lead to suboptimal performance and may be unintentional if a classical warm start was intended.
  warnings.warn(
Starting QAOA benchmark with global start time: 1782181935.4017413
Benchmark parameters: {'optimiser': 'adam', 'optimiser_use_heuristic': True, 'heuristic_optimiser_iterations': 2, 'heuristic_optimiser_sampleSize': 1000, 'circuit_type': 'hamqaoa', 'parameter_vector': [1, 1, 1], 'iterations_list': [50], 'learning_rate_adam': 0.05, 'depth_list': [1, 3, 5], 'n_start': None, 'n_end': None, 'singlet_injection': False, 'start_index_singlet': None, 'warm_start': False, 'warm_start_mode': 'standard', 'lasserre_level': 2, 'initial_solver_level_M': 2, 'sdp_seed': 42, 'warm_start_corr_strength': None, 'warm_start_corr_repeats': None, 'compare_with_010101': False, 'init_QAOAparams_close_to_zero': False, 'use_correlations_as_initial_params': False, 'time_limit': 10800, 'failed_instance_termination_thrsh': None, 'graph_generation_type': 'hog', 'weighted': False, 'easiest_first': True, 'cpu_util_threshold': None, 'debug': False, 'save_circuit_svg': False, 'rerun_exclude_finished_instances': True, 'warm_start_cache_producer_only': False, 'qaoa_only_from_existing_warm_start_cache': False, 'optimiser_debug_iterations': None, 'num_repeats': 10, 'relative_graph_adjList_path': 'HOG_graphs/triangleFree_connected_4to8vertices_176instances_AdjacencyList.txt', 'completed_result_csv_paths': ['Results/logs/adam/qaoa_results_adam_20260622_143724_pid1988278.csv'], 'persistent_warm_start_cache': False, 'warm_start_cache_dir': 'Results/warm_start_cache', 'warm_start_cache_max_file_mb': 512, 'warm_start_cache_max_total_gb': 60, 'sdp_max_parallel': 0, 'sdp_threads': 1, 'qaoa_max_parallel': 32, 'qaoa_threads': 1, 'sdp_memory_limit_total_gb': 40, 'sdp_memory_limit_single_gb': 40, 'sdp_memory_poll_seconds': 5, 'sdp_max_retries': 3, 'queue_poll_interval_seconds': 5}, Running QAOA with equal superposition
Benchmark run ID: aeebd395
Benchmark repeat index: 7
SDP seed override: None
Processor: x86_64
Hostname: dacsgpu0002
Total RAM (GB): None
Physical cores: 64
Logical cores: 64
Python version: 3.11.15
Initialisation time: 0.00 seconds; started at stardate {'initialisation': 0.0030765533447265625} and finished at stardate1782181935.4048245
Loaded HOG graph index 80 with 11 edges.
Instance generation for n=80 took 0.00 seconds; started at stardate 1782181935.4048302 and finished at stardate 1782181935.4082115
Running QAOA for n=8 nodes, m=11 edges...; Max iterations: 50
Edges: [(2, 3), (1, 6), (0, 4), (2, 6), (0, 7), (3, 5), (1, 5), (4, 5), (3, 7), (6, 7), (2, 4)], weights: [1.0, 1.0, 1.0, 1.0, 1.0, 1.0, 1.0, 1.0, 1.0, 1.0, 1.0], set of nodes: {0, 1, 2, 3, 4, 5, 6, 7}, n: 8 nodes, p: 3 layers, N_bayes: 50 iterations
Solving for uuid: d53680e2
No warm start: Default initial state is equal superposition
Running ADAM optimization with a single iteration (no debug loop)
11.596093148334553
QAOA optimisation for n=80 took 290.19 seconds; started at stardate 1782181935.4082143 and finished at stardate 1782182225.6002796
Finished QAOA for n=8 nodes, m=11 edges at 2026-06-23 04:37:05 on x86_64. Time taken: 290.19 seconds. Hours: 0.08 hours. Peak RAM: 0.23 MB.
Unknown graph type for approximation ratio calculation; checking misc CSV.
Checking optimal_results_misc.csv for matching edges and weights...
Found matching exact result in misc CSV: 6.683833065357842
CSV writing for n=80 took 0.01 seconds; started at stardate 1782182225.6002867 and finished at stardate 1782182225.606685
results: {80: 11.596093148334553}
durations: {8: 290.19206976890564}
Results saved to: Results/logs/adam/qaoa_results_adam_20260622_224206_pid2195434.csv
Global end time: 1782182225.6066966
Finalisation time: 0.00 seconds; started at stardate 1782182225.6066883 and finished at stardate 1782182225.606701
Sum of all section times: 290.20 seconds
run_id: aeebd395
