/home/i6408800/MasterThesis/QAOA/Code/Circuit.py:167: UserWarning: No classical warm-start cut provided for HAMQAOA; using random cut values for fourth HAMQAOA gate. This may lead to suboptimal performance and may be unintentional if a classical warm start was intended.
  warnings.warn(
Starting QAOA benchmark with global start time: 1782166254.2332118
Benchmark parameters: {'optimiser': 'adam', 'optimiser_use_heuristic': True, 'heuristic_optimiser_iterations': 2, 'heuristic_optimiser_sampleSize': 1000, 'circuit_type': 'hamqaoa', 'parameter_vector': [1, 1, 1], 'iterations_list': [50], 'learning_rate_adam': 0.05, 'depth_list': [1, 3, 5], 'n_start': None, 'n_end': None, 'singlet_injection': False, 'start_index_singlet': None, 'warm_start': False, 'warm_start_mode': 'standard', 'lasserre_level': 2, 'initial_solver_level_M': 2, 'sdp_seed': 42, 'warm_start_corr_strength': None, 'warm_start_corr_repeats': None, 'compare_with_010101': False, 'init_QAOAparams_close_to_zero': False, 'use_correlations_as_initial_params': False, 'time_limit': 10800, 'failed_instance_termination_thrsh': None, 'graph_generation_type': 'hog', 'weighted': False, 'easiest_first': True, 'cpu_util_threshold': None, 'debug': False, 'save_circuit_svg': False, 'rerun_exclude_finished_instances': True, 'warm_start_cache_producer_only': False, 'qaoa_only_from_existing_warm_start_cache': False, 'optimiser_debug_iterations': None, 'num_repeats': 10, 'relative_graph_adjList_path': 'HOG_graphs/triangleFree_connected_4to8vertices_176instances_AdjacencyList.txt', 'completed_result_csv_paths': ['Results/logs/adam/qaoa_results_adam_20260622_143724_pid1988278.csv'], 'persistent_warm_start_cache': False, 'warm_start_cache_dir': 'Results/warm_start_cache', 'warm_start_cache_max_file_mb': 512, 'warm_start_cache_max_total_gb': 60, 'sdp_max_parallel': 0, 'sdp_threads': 1, 'qaoa_max_parallel': 32, 'qaoa_threads': 1, 'sdp_memory_limit_total_gb': 40, 'sdp_memory_limit_single_gb': 40, 'sdp_memory_poll_seconds': 5, 'sdp_max_retries': 3, 'queue_poll_interval_seconds': 5}, Running QAOA with equal superposition
Benchmark run ID: 5ee27a29
Benchmark repeat index: 3
SDP seed override: None
Processor: x86_64
Hostname: dacsgpu0002
Total RAM (GB): None
Physical cores: 64
Logical cores: 64
Python version: 3.11.15
Initialisation time: 0.01 seconds; started at stardate {'initialisation': 0.010404348373413086} and finished at stardate1782166254.2436216
Loaded HOG graph index 22 with 8 edges.
Instance generation for n=22 took 0.00 seconds; started at stardate 1782166254.2436259 and finished at stardate 1782166254.2461154
Running QAOA for n=8 nodes, m=8 edges...; Max iterations: 50
Edges: [(2, 7), (0, 1), (1, 6), (5, 7), (3, 5), (4, 6), (3, 4), (0, 2)], weights: [1.0, 1.0, 1.0, 1.0, 1.0, 1.0, 1.0, 1.0], set of nodes: {0, 1, 2, 3, 4, 5, 6, 7}, n: 8 nodes, p: 5 layers, N_bayes: 50 iterations
Solving for uuid: b438396a
No warm start: Default initial state is equal superposition
Running ADAM optimization with a single iteration (no debug loop)
10.9084831307821
QAOA optimisation for n=22 took 614.85 seconds; started at stardate 1782166254.24612 and finished at stardate 1782166869.0995696
Finished QAOA for n=8 nodes, m=8 edges at 2026-06-23 00:21:09 on x86_64. Time taken: 614.85 seconds. Hours: 0.17 hours. Peak RAM: 0.24 MB.
Computing cycle approximation ratio
CSV writing for n=22 took 0.01 seconds; started at stardate 1782166869.0995774 and finished at stardate 1782166869.1051936
results: {22: 10.9084831307821}
durations: {8: 614.8534548282623}
Results saved to: Results/logs/adam/qaoa_results_adam_20260622_224206_pid2195434.csv
Global end time: 1782166869.1052055
Finalisation time: 0.00 seconds; started at stardate 1782166869.1051977 and finished at stardate 1782166869.1052098
Sum of all section times: 614.87 seconds
run_id: 5ee27a29
