/home/i6408800/MasterThesis/QAOA/Code/Circuit.py:167: UserWarning: No classical warm-start cut provided for HAMQAOA; using random cut values for fourth HAMQAOA gate. This may lead to suboptimal performance and may be unintentional if a classical warm start was intended.
  warnings.warn(
Starting QAOA benchmark with global start time: 1782195707.0907996
Benchmark parameters: {'optimiser': 'adam', 'optimiser_use_heuristic': True, 'heuristic_optimiser_iterations': 2, 'heuristic_optimiser_sampleSize': 1000, 'circuit_type': 'hamqaoa', 'parameter_vector': [1, 1, 1], 'iterations_list': [50], 'learning_rate_adam': 0.05, 'depth_list': [1, 3, 5], 'n_start': None, 'n_end': None, 'singlet_injection': False, 'start_index_singlet': None, 'warm_start': False, 'warm_start_mode': 'standard', 'lasserre_level': 2, 'initial_solver_level_M': 2, 'sdp_seed': 42, 'warm_start_corr_strength': None, 'warm_start_corr_repeats': None, 'compare_with_010101': False, 'init_QAOAparams_close_to_zero': False, 'use_correlations_as_initial_params': False, 'time_limit': 10800, 'failed_instance_termination_thrsh': None, 'graph_generation_type': 'hog', 'weighted': False, 'easiest_first': True, 'cpu_util_threshold': None, 'debug': False, 'save_circuit_svg': False, 'rerun_exclude_finished_instances': True, 'warm_start_cache_producer_only': False, 'qaoa_only_from_existing_warm_start_cache': False, 'optimiser_debug_iterations': None, 'num_repeats': 10, 'relative_graph_adjList_path': 'HOG_graphs/triangleFree_connected_4to8vertices_176instances_AdjacencyList.txt', 'completed_result_csv_paths': ['Results/logs/adam/qaoa_results_adam_20260622_143724_pid1988278.csv'], 'persistent_warm_start_cache': False, 'warm_start_cache_dir': 'Results/warm_start_cache', 'warm_start_cache_max_file_mb': 512, 'warm_start_cache_max_total_gb': 60, 'sdp_max_parallel': 0, 'sdp_threads': 1, 'qaoa_max_parallel': 32, 'qaoa_threads': 1, 'sdp_memory_limit_total_gb': 40, 'sdp_memory_limit_single_gb': 40, 'sdp_memory_poll_seconds': 5, 'sdp_max_retries': 3, 'queue_poll_interval_seconds': 5}, Running QAOA with equal superposition
Benchmark run ID: 5d7bcb8d
Benchmark repeat index: 6
SDP seed override: None
Processor: x86_64
Hostname: dacsgpu0002
Total RAM (GB): None
Physical cores: 64
Logical cores: 64
Python version: 3.11.15
Initialisation time: 0.01 seconds; started at stardate {'initialisation': 0.010667800903320312} and finished at stardate1782195707.1014788
Loaded HOG graph index 125 with 7 edges.
Instance generation for n=125 took 0.00 seconds; started at stardate 1782195707.101486 and finished at stardate 1782195707.1047256
Running QAOA for n=8 nodes, m=7 edges...; Max iterations: 50
Edges: [(2, 7), (0, 7), (4, 6), (5, 6), (3, 7), (6, 7), (1, 7)], weights: [1.0, 1.0, 1.0, 1.0, 1.0, 1.0, 1.0], set of nodes: {0, 1, 2, 3, 4, 5, 6, 7}, n: 8 nodes, p: 5 layers, N_bayes: 50 iterations
Solving for uuid: a5fbd3ab
No warm start: Default initial state is equal superposition
Running ADAM optimization with a single iteration (no debug loop)
8.219829895509081
QAOA optimisation for n=125 took 584.23 seconds; started at stardate 1782195707.1047301 and finished at stardate 1782196291.3327296
Finished QAOA for n=8 nodes, m=7 edges at 2026-06-23 08:31:31 on x86_64. Time taken: 584.23 seconds. Hours: 0.16 hours. Peak RAM: 0.24 MB.
Unknown graph type for approximation ratio calculation; checking misc CSV.
Checking optimal_results_misc.csv for matching edges and weights...
Found matching exact result in misc CSV: 4.402255788644287
CSV writing for n=125 took 0.00 seconds; started at stardate 1782196291.3327382 and finished at stardate 1782196291.3376915
results: {125: 8.219829895509081}
durations: {8: 584.228004693985}
Results saved to: Results/logs/adam/qaoa_results_adam_20260622_224206_pid2195434.csv
Global end time: 1782196291.3377106
Finalisation time: 0.00 seconds; started at stardate 1782196291.3376985 and finished at stardate 1782196291.3377154
Sum of all section times: 584.25 seconds
run_id: 5d7bcb8d
