/home/i6408800/MasterThesis/QAOA/Code/Circuit.py:167: UserWarning: No classical warm-start cut provided for HAMQAOA; using random cut values for fourth HAMQAOA gate. This may lead to suboptimal performance and may be unintentional if a classical warm start was intended.
  warnings.warn(
Starting QAOA benchmark with global start time: 1782209799.453709
Benchmark parameters: {'optimiser': 'adam', 'optimiser_use_heuristic': True, 'heuristic_optimiser_iterations': 2, 'heuristic_optimiser_sampleSize': 1000, 'circuit_type': 'hamqaoa', 'parameter_vector': [1, 1, 1], 'iterations_list': [50], 'learning_rate_adam': 0.05, 'depth_list': [1, 3, 5], 'n_start': None, 'n_end': None, 'singlet_injection': False, 'start_index_singlet': None, 'warm_start': False, 'warm_start_mode': 'standard', 'lasserre_level': 2, 'initial_solver_level_M': 2, 'sdp_seed': 42, 'warm_start_corr_strength': None, 'warm_start_corr_repeats': None, 'compare_with_010101': False, 'init_QAOAparams_close_to_zero': False, 'use_correlations_as_initial_params': False, 'time_limit': 10800, 'failed_instance_termination_thrsh': None, 'graph_generation_type': 'hog', 'weighted': False, 'easiest_first': True, 'cpu_util_threshold': None, 'debug': False, 'save_circuit_svg': False, 'rerun_exclude_finished_instances': True, 'warm_start_cache_producer_only': False, 'qaoa_only_from_existing_warm_start_cache': False, 'optimiser_debug_iterations': None, 'num_repeats': 10, 'relative_graph_adjList_path': 'HOG_graphs/triangleFree_connected_4to8vertices_176instances_AdjacencyList.txt', 'completed_result_csv_paths': ['Results/logs/adam/qaoa_results_adam_20260622_143724_pid1988278.csv'], 'persistent_warm_start_cache': False, 'warm_start_cache_dir': 'Results/warm_start_cache', 'warm_start_cache_max_file_mb': 512, 'warm_start_cache_max_total_gb': 60, 'sdp_max_parallel': 0, 'sdp_threads': 1, 'qaoa_max_parallel': 32, 'qaoa_threads': 1, 'sdp_memory_limit_total_gb': 40, 'sdp_memory_limit_single_gb': 40, 'sdp_memory_poll_seconds': 5, 'sdp_max_retries': 3, 'queue_poll_interval_seconds': 5}, Running QAOA with equal superposition
Benchmark run ID: d5824b85
Benchmark repeat index: 5
SDP seed override: None
Processor: x86_64
Hostname: dacsgpu0002
Total RAM (GB): None
Physical cores: 64
Logical cores: 64
Python version: 3.11.15
Initialisation time: 0.01 seconds; started at stardate {'initialisation': 0.011906862258911133} and finished at stardate1782209799.4656236
Loaded HOG graph index 170 with 11 edges.
Instance generation for n=170 took 0.00 seconds; started at stardate 1782209799.4656284 and finished at stardate 1782209799.468776
Running QAOA for n=8 nodes, m=11 edges...; Max iterations: 50
Edges: [(1, 3), (4, 7), (5, 7), (0, 7), (4, 6), (0, 6), (1, 5), (3, 7), (2, 5), (3, 6), (2, 4)], weights: [1.0, 1.0, 1.0, 1.0, 1.0, 1.0, 1.0, 1.0, 1.0, 1.0, 1.0], set of nodes: {0, 1, 2, 3, 4, 5, 6, 7}, n: 8 nodes, p: 3 layers, N_bayes: 50 iterations
Solving for uuid: 4c33f538
No warm start: Default initial state is equal superposition
Running ADAM optimization with a single iteration (no debug loop)
10.644597666561427
QAOA optimisation for n=170 took 293.89 seconds; started at stardate 1782209799.4687803 and finished at stardate 1782210093.3618972
Finished QAOA for n=8 nodes, m=11 edges at 2026-06-23 12:21:33 on x86_64. Time taken: 293.89 seconds. Hours: 0.08 hours. Peak RAM: 0.23 MB.
Unknown graph type for approximation ratio calculation; checking misc CSV.
Checking optimal_results_misc.csv for matching edges and weights...
Found matching exact result in misc CSV: 7.21499102416468
CSV writing for n=170 took 0.01 seconds; started at stardate 1782210093.3619049 and finished at stardate 1782210093.3691761
results: {170: 10.644597666561427}
durations: {8: 293.8931224346161}
Results saved to: Results/logs/adam/qaoa_results_adam_20260622_224206_pid2195434.csv
Global end time: 1782210093.3691862
Finalisation time: 0.00 seconds; started at stardate 1782210093.3691788 and finished at stardate 1782210093.3691907
Sum of all section times: 293.92 seconds
run_id: d5824b85
