/home/i6408800/MasterThesis/QAOA/Code/Circuit.py:167: UserWarning: No classical warm-start cut provided for HAMQAOA; using random cut values for fourth HAMQAOA gate. This may lead to suboptimal performance and may be unintentional if a classical warm start was intended.
  warnings.warn(
Starting QAOA benchmark with global start time: 1782193866.6504166
Benchmark parameters: {'optimiser': 'adam', 'optimiser_use_heuristic': True, 'heuristic_optimiser_iterations': 2, 'heuristic_optimiser_sampleSize': 1000, 'circuit_type': 'hamqaoa', 'parameter_vector': [1, 1, 1], 'iterations_list': [50], 'learning_rate_adam': 0.05, 'depth_list': [1, 3, 5], 'n_start': None, 'n_end': None, 'singlet_injection': False, 'start_index_singlet': None, 'warm_start': False, 'warm_start_mode': 'standard', 'lasserre_level': 2, 'initial_solver_level_M': 2, 'sdp_seed': 42, 'warm_start_corr_strength': None, 'warm_start_corr_repeats': None, 'compare_with_010101': False, 'init_QAOAparams_close_to_zero': False, 'use_correlations_as_initial_params': False, 'time_limit': 10800, 'failed_instance_termination_thrsh': None, 'graph_generation_type': 'hog', 'weighted': False, 'easiest_first': True, 'cpu_util_threshold': None, 'debug': False, 'save_circuit_svg': False, 'rerun_exclude_finished_instances': True, 'warm_start_cache_producer_only': False, 'qaoa_only_from_existing_warm_start_cache': False, 'optimiser_debug_iterations': None, 'num_repeats': 10, 'relative_graph_adjList_path': 'HOG_graphs/triangleFree_connected_4to8vertices_176instances_AdjacencyList.txt', 'completed_result_csv_paths': ['Results/logs/adam/qaoa_results_adam_20260622_143724_pid1988278.csv'], 'persistent_warm_start_cache': False, 'warm_start_cache_dir': 'Results/warm_start_cache', 'warm_start_cache_max_file_mb': 512, 'warm_start_cache_max_total_gb': 60, 'sdp_max_parallel': 0, 'sdp_threads': 1, 'qaoa_max_parallel': 32, 'qaoa_threads': 1, 'sdp_memory_limit_total_gb': 40, 'sdp_memory_limit_single_gb': 40, 'sdp_memory_poll_seconds': 5, 'sdp_max_retries': 3, 'queue_poll_interval_seconds': 5}, Running QAOA with equal superposition
Benchmark run ID: 3fcc4af8
Benchmark repeat index: 4
SDP seed override: None
Processor: x86_64
Hostname: dacsgpu0002
Total RAM (GB): None
Physical cores: 64
Logical cores: 64
Python version: 3.11.15
Initialisation time: 0.01 seconds; started at stardate {'initialisation': 0.008667707443237305} and finished at stardate1782193866.6590955
Loaded HOG graph index 119 with 9 edges.
Instance generation for n=119 took 0.00 seconds; started at stardate 1782193866.659102 and finished at stardate 1782193866.6621208
Running QAOA for n=8 nodes, m=9 edges...; Max iterations: 50
Edges: [(1, 3), (0, 4), (4, 7), (2, 6), (5, 6), (1, 5), (3, 7), (0, 2), (6, 7)], weights: [1.0, 1.0, 1.0, 1.0, 1.0, 1.0, 1.0, 1.0, 1.0], set of nodes: {0, 1, 2, 3, 4, 5, 6, 7}, n: 8 nodes, p: 5 layers, N_bayes: 50 iterations
Solving for uuid: f76e4f8b
No warm start: Default initial state is equal superposition
Running ADAM optimization with a single iteration (no debug loop)
10.156954257668172
QAOA optimisation for n=119 took 630.09 seconds; started at stardate 1782193866.6621253 and finished at stardate 1782194496.7504992
Finished QAOA for n=8 nodes, m=9 edges at 2026-06-23 08:01:36 on x86_64. Time taken: 630.09 seconds. Hours: 0.18 hours. Peak RAM: 0.25 MB.
Unknown graph type for approximation ratio calculation; checking misc CSV.
Checking optimal_results_misc.csv for matching edges and weights...
Found matching exact result in misc CSV: 5.798320810246664
CSV writing for n=119 took 0.01 seconds; started at stardate 1782194496.7505074 and finished at stardate 1782194496.7613137
results: {119: 10.156954257668172}
durations: {8: 630.0883791446686}
Results saved to: Results/logs/adam/qaoa_results_adam_20260622_224206_pid2195434.csv
Global end time: 1782194496.761324
Finalisation time: 0.00 seconds; started at stardate 1782194496.7613168 and finished at stardate 1782194496.7613285
Sum of all section times: 630.11 seconds
run_id: 3fcc4af8
