Starting QAOA benchmark with global start time: 1788891622.8659177
Benchmark parameters: {'optimiser': 'adam', 'optimiser_use_heuristic': False, 'heuristic_optimiser_iterations': None, 'heuristic_optimiser_sampleSize': None, 'circuit_type': 'hamqaoa', 'parameter_vector': [1, 1, 1], 'iterations_list': [75], 'learning_rate_adam': 0.05, 'depth_list': [1, 2, 3, 4, 5], 'n_start': None, 'n_end': None, 'singlet_injection': False, 'start_index_singlet': None, 'warm_start': True, 'warm_start_mode': 'amplified', 'lasserre_level': 1, 'initial_solver_level_M': 1, 'sdp_seed': 42, 'sdp_solver_mode': 'scs', 'sdp_scs_eps': 1e-06, 'sdp_scs_max_iters': 100000, 'warm_start_corr_strength': None, 'warm_start_corr_repeats': None, 'compare_with_010101': False, 'init_QAOAparams_close_to_zero': False, 'use_correlations_as_initial_params': False, 'time_limit': None, 'failed_instance_termination_thrsh': None, 'graph_generation_type': 'hog', 'weighted': False, 'easiest_first': False, 'cpu_util_threshold': None, 'debug': False, 'save_circuit_svg': False, 'rerun_exclude_finished_instances': False, 'warm_start_cache_producer_only': False, 'qaoa_only_from_existing_warm_start_cache': True, 'optimiser_debug_iterations': None, 'num_repeats': 1, 'relative_graph_adjList_path': 'HOG_graphs/Exp5/list_193_graphs_adjacency_listhog_v04-12_planar_clawFree.txt', 'persistent_warm_start_cache': True, 'warm_start_cache_dir': 'Results/warm_start_cache', 'warm_start_cache_max_file_mb': 512, 'warm_start_cache_max_total_gb': 60, 'sdp_max_parallel': 0, 'qaoa_max_parallel': 16, 'sdp_threads': 1, 'qaoa_threads': 1, 'sdp_memory_limit_total_gb': 0, 'sdp_memory_limit_single_gb': 0, 'sdp_memory_poll_seconds': 5, 'sdp_max_retries': 0, 'queue_poll_interval_seconds': 5, 'max_graph_vertices': 10, 'completed_result_csv_paths': [], 'qaoa_seed': 42, 'initialise_standard_warm_start_with_zero_angles': True, 'result_name_suffix': '_FINAL_BENCHMARKS_AMPLIFIED', 'algorithm17_beta_mode': 'fixed'}, Running QAOA with equal superposition
Benchmark run ID: 6347899b
Benchmark repeat index: 1
Configured SDP rounding seed: 42
QAOA seed used: 42
Processor: x86_64
Hostname: dacsvm-cpunode01
Total RAM (GB): None
Physical cores: 32
Logical cores: 32
Python version: 3.11.15
Initialisation time: 0.01 seconds; started at stardate {'initialisation': 0.00680994987487793} and finished at stardate1788891622.8727407
Loaded HOG graph index 62 with 11 edges.
Instance generation for n=62 took 0.01 seconds; started at stardate 1788891622.8727524 and finished at stardate 1788891622.8850415
Running QAOA for n=7 nodes, m=11 edges...; Max iterations: 75
Warm-start cache: loading Results/warm_start_cache/list_193_graphs_adjacency_listhog_v04-12_planar_clawFree__filehash_62ae5075/hog_idx000062_7881f567da28_seed42_L1_M1_amplified.npz
Warm-start cache: loaded in 0.0090 seconds; effective compute time=0.1001732349395752
Edges: [(0, 1), (1, 6), (2, 6), (3, 5), (4, 6), (1, 2), (5, 6), (3, 4), (4, 5), (0, 2), (3, 6)], weights: [1.0, 1.0, 1.0, 1.0, 1.0, 1.0, 1.0, 1.0, 1.0, 1.0, 1.0], set of nodes: {0, 1, 2, 3, 4, 5, 6}, n: 7 nodes, p: 2 layers, N_bayes: 75 iterations
Solving for uuid: ab3ab1ec
Initial state injected as warm start
Warm start correlations applied in the form of weak entanglement
Ignoring zero_angle_warm_start because no active standard warm start is available; using the normal Adam initialization.
Running ADAM optimization with a single iteration (no debug loop)
3.849083021534163
QAOA optimisation for n=62 took 17.70 seconds; started at stardate 1788891622.8850517 and finished at stardate 1788891640.5864348
Finished QAOA for n=7 nodes, m=11 edges at 2026-09-08 20:20:40 on x86_64. Time taken: 17.70 seconds. Hours: 0.00 hours. Peak RAM: 0.25 MB.
Unknown graph type for approximation ratio calculation; checking misc CSV.
Checking optimal_results_misc.csv for matching edges and weights...
Found matching exact result in misc CSV: 5.451605962955776
CSV writing for n=62 took 0.01 seconds; started at stardate 1788891640.5864422 and finished at stardate 1788891640.5992334
results: {62: 3.849083021534163}
durations: {7: 17.70139169692993}
Results saved to: Results/logs/adam/qaoa_results_adam_20260908_195119_pid2777471_FINAL_BENCHMARKS_AMPLIFIED.csv
Global end time: 1788891640.5992446
Finalisation time: 0.00 seconds; started at stardate 1788891640.5992374 and finished at stardate 1788891640.599249
Sum of all section times: 17.73 seconds
run_id: 6347899b
