Starting QAOA benchmark with global start time: 1782205671.260479
Benchmark parameters: {'optimiser': 'adam', 'optimiser_use_heuristic': True, 'heuristic_optimiser_iterations': 2, 'heuristic_optimiser_sampleSize': 1000, 'circuit_type': 'hamqaoa', 'parameter_vector': [1, 1, 1], 'iterations_list': [50], 'learning_rate_adam': 0.05, 'depth_list': [1, 3, 5], 'n_start': 101, 'n_end': 130, 'singlet_injection': False, 'start_index_singlet': None, 'warm_start': True, 'warm_start_mode': 'standard', 'lasserre_level': 2, 'initial_solver_level_M': 2, 'sdp_seed': 6000042, 'warm_start_corr_strength': None, 'warm_start_corr_repeats': None, 'compare_with_010101': False, 'init_QAOAparams_close_to_zero': False, 'use_correlations_as_initial_params': False, 'time_limit': 10800, 'failed_instance_termination_thrsh': None, 'graph_generation_type': 'hog', 'weighted': False, 'easiest_first': True, 'cpu_util_threshold': None, 'debug': False, 'save_circuit_svg': False, 'rerun_exclude_finished_instances': True, 'warm_start_cache_producer_only': False, 'qaoa_only_from_existing_warm_start_cache': True, 'optimiser_debug_iterations': None, 'num_repeats': 10, 'relative_graph_adjList_path': 'HOG_graphs/triangleFree_connected_4to8vertices_176instances_AdjacencyList.txt', 'completed_result_csv_paths': ['Results/logs/adam/qaoa_results_adam_20260617_173540_pid708337.csv', 'Results/logs/adam/qaoa_results_adam_20260621_193700_pid2711608.csv'], 'persistent_warm_start_cache': True, 'warm_start_cache_dir': 'Results/warm_start_cache', 'warm_start_cache_max_file_mb': 512, 'warm_start_cache_max_total_gb': 60, 'sdp_max_parallel': 0, 'qaoa_max_parallel': 21, 'sdp_threads': 1, 'qaoa_threads': 1, 'sdp_memory_limit_total_gb': 1, 'sdp_memory_limit_single_gb': 1, 'sdp_memory_poll_seconds': 5, 'sdp_max_retries': 3, 'queue_poll_interval_seconds': 5}, Running QAOA with equal superposition
Benchmark run ID: aac299b5
Benchmark repeat index: 7
SDP seed override: 6000042
Processor: x86_64
Hostname: dacsvm-cpunode01
Total RAM (GB): None
Physical cores: 32
Logical cores: 32
Python version: 3.11.15
Initialisation time: 0.00 seconds; started at stardate {'initialisation': 0.0041351318359375} and finished at stardate1782205671.2646205
Loaded HOG graph index 124 with 9 edges.
Instance generation for n=124 took 0.00 seconds; started at stardate 1782205671.264625 and finished at stardate 1782205671.2665195
Running QAOA for n=8 nodes, m=9 edges...; Max iterations: 50
Warm-start cache: loading Results/warm_start_cache/triangleFree_connected_4to8vertices_176instances_AdjacencyList__filehash_279b7452/hog_idx000124_ed7aa132b384_seed6000042_L2_M2_standard.npz
Warm-start cache: loaded in 0.0013 seconds; effective compute time=7495.432096242905
Edges: [(2, 7), (0, 1), (2, 3), (0, 4), (5, 7), (4, 6), (1, 5), (3, 6), (6, 7)], weights: [1.0, 1.0, 1.0, 1.0, 1.0, 1.0, 1.0, 1.0, 1.0], set of nodes: {0, 1, 2, 3, 4, 5, 6, 7}, n: 8 nodes, p: 5 layers, N_bayes: 50 iterations
Solving for uuid: e6fb2ec0
Initial state injected as warm start
Running ADAM optimization with a single iteration (no debug loop)
9.598950723483823
QAOA optimisation for n=124 took 1830.14 seconds; started at stardate 1782205671.2665234 and finished at stardate 1782207501.4049306
Finished QAOA for n=8 nodes, m=9 edges at 2026-06-23 11:38:21 on x86_64. Time taken: 1830.14 seconds. Hours: 0.51 hours. Peak RAM: 0.3 MB.
Unknown graph type for approximation ratio calculation; checking misc CSV.
Checking optimal_results_misc.csv for matching edges and weights...
Found matching exact result in misc CSV: 6.195892231841947
CSV writing for n=124 took 0.01 seconds; started at stardate 1782207501.4049387 and finished at stardate 1782207501.4164882
results: {124: 9.598950723483823}
durations: {8: 1830.1384108066559}
Results saved to: Results/logs/adam/qaoa_results_adam_20260623_043144_pid1230094.csv
Global end time: 1782207501.4164982
Finalisation time: 0.00 seconds; started at stardate 1782207501.416491 and finished at stardate 1782207501.4165018
Sum of all section times: 1830.16 seconds
run_id: aac299b5
