Starting QAOA benchmark with global start time: 1782202601.672538
Benchmark parameters: {'optimiser': 'adam', 'optimiser_use_heuristic': True, 'heuristic_optimiser_iterations': 2, 'heuristic_optimiser_sampleSize': 1000, 'circuit_type': 'hamqaoa', 'parameter_vector': [1, 1, 1], 'iterations_list': [50], 'learning_rate_adam': 0.05, 'depth_list': [1, 3, 5], 'n_start': 101, 'n_end': 130, 'singlet_injection': False, 'start_index_singlet': None, 'warm_start': True, 'warm_start_mode': 'standard', 'lasserre_level': 2, 'initial_solver_level_M': 2, 'sdp_seed': 42, 'warm_start_corr_strength': None, 'warm_start_corr_repeats': None, 'compare_with_010101': False, 'init_QAOAparams_close_to_zero': False, 'use_correlations_as_initial_params': False, 'time_limit': 10800, 'failed_instance_termination_thrsh': None, 'graph_generation_type': 'hog', 'weighted': False, 'easiest_first': True, 'cpu_util_threshold': None, 'debug': False, 'save_circuit_svg': False, 'rerun_exclude_finished_instances': True, 'warm_start_cache_producer_only': False, 'qaoa_only_from_existing_warm_start_cache': True, 'optimiser_debug_iterations': None, 'num_repeats': 10, 'relative_graph_adjList_path': 'HOG_graphs/triangleFree_connected_4to8vertices_176instances_AdjacencyList.txt', 'completed_result_csv_paths': ['Results/logs/adam/qaoa_results_adam_20260617_173540_pid708337.csv', 'Results/logs/adam/qaoa_results_adam_20260621_193700_pid2711608.csv'], 'persistent_warm_start_cache': True, 'warm_start_cache_dir': 'Results/warm_start_cache', 'warm_start_cache_max_file_mb': 512, 'warm_start_cache_max_total_gb': 60, 'sdp_max_parallel': 0, 'qaoa_max_parallel': 21, 'sdp_threads': 1, 'qaoa_threads': 1, 'sdp_memory_limit_total_gb': 1, 'sdp_memory_limit_single_gb': 1, 'sdp_memory_poll_seconds': 5, 'sdp_max_retries': 3, 'queue_poll_interval_seconds': 5}, Running QAOA with equal superposition
Benchmark run ID: 668c8d1d
Benchmark repeat index: 1
SDP seed override: 42
Processor: x86_64
Hostname: dacsvm-cpunode01
Total RAM (GB): None
Physical cores: 32
Logical cores: 32
Python version: 3.11.15
Initialisation time: 0.00 seconds; started at stardate {'initialisation': 0.004502058029174805} and finished at stardate1782202601.6770492
Loaded HOG graph index 122 with 8 edges.
Instance generation for n=122 took 0.00 seconds; started at stardate 1782202601.6770532 and finished at stardate 1782202601.6794147
Running QAOA for n=7 nodes, m=8 edges...; Max iterations: 50
Warm-start cache: loading Results/warm_start_cache/triangleFree_connected_4to8vertices_176instances_AdjacencyList__filehash_279b7452/hog_idx000122_3cef56d9a98e_seed42_L2_M2_standard.npz
Warm-start cache: loaded in 0.0027 seconds; effective compute time=2411.3432672023773
Edges: [(0, 1), (2, 6), (3, 5), (4, 6), (5, 6), (3, 4), (1, 5), (0, 2)], weights: [1.0, 1.0, 1.0, 1.0, 1.0, 1.0, 1.0, 1.0], set of nodes: {0, 1, 2, 3, 4, 5, 6}, n: 7 nodes, p: 1 layers, N_bayes: 50 iterations
Solving for uuid: 8be1ffb4
Initial state injected as warm start
Running ADAM optimization with a single iteration (no debug loop)
5.812945685239998
QAOA optimisation for n=122 took 137.22 seconds; started at stardate 1782202601.679419 and finished at stardate 1782202738.8948488
Finished QAOA for n=7 nodes, m=8 edges at 2026-06-23 10:18:58 on x86_64. Time taken: 137.22 seconds. Hours: 0.04 hours. Peak RAM: 0.23 MB.
Unknown graph type for approximation ratio calculation; checking misc CSV.
Checking optimal_results_misc.csv for matching edges and weights...
Found matching exact result in misc CSV: 5.150014605839736
CSV writing for n=122 took 0.02 seconds; started at stardate 1782202738.8958826 and finished at stardate 1782202738.9131346
results: {122: 5.812945685239998}
durations: {7: 137.21543645858765}
Results saved to: Results/logs/adam/qaoa_results_adam_20260623_043144_pid1230094.csv
Global end time: 1782202738.9131472
Finalisation time: 0.00 seconds; started at stardate 1782202738.9131384 and finished at stardate 1782202738.9131498
Sum of all section times: 137.24 seconds
run_id: 668c8d1d
