Starting QAOA benchmark with global start time: 1788441608.1304162
Benchmark parameters: {'optimiser': 'adam', 'optimiser_use_heuristic': None, 'heuristic_optimiser_iterations': None, 'heuristic_optimiser_sampleSize': None, 'circuit_type': 'hamqaoa', 'parameter_vector': [1, 1, 1], 'iterations_list': [75], 'learning_rate_adam': None, 'depth_list': [1], 'n_start': None, 'n_end': None, 'singlet_injection': False, 'start_index_singlet': None, 'warm_start': True, 'warm_start_mode': 'amplified', 'lasserre_level': 2, 'initial_solver_level_M': 2, 'sdp_seed': 42, 'sdp_solver_mode': 'scs', 'sdp_scs_eps': 1e-06, 'sdp_scs_max_iters': 100000, 'warm_start_corr_strength': None, 'warm_start_corr_repeats': None, 'compare_with_010101': False, 'init_QAOAparams_close_to_zero': False, 'use_correlations_as_initial_params': False, 'time_limit': None, 'failed_instance_termination_thrsh': None, 'graph_generation_type': 'hog', 'weighted': False, 'easiest_first': False, 'cpu_util_threshold': None, 'debug': False, 'save_circuit_svg': False, 'rerun_exclude_finished_instances': True, 'warm_start_cache_producer_only': True, 'qaoa_only_from_existing_warm_start_cache': False, 'optimiser_debug_iterations': None, 'num_repeats': 1, 'relative_graph_adjList_path': 'HOG_graphs/Exp5/list_193_graphs_adjacency_listhog_v04-12_planar_clawFree.txt', 'persistent_warm_start_cache': True, 'warm_start_cache_dir': 'Results/warm_start_cache', 'warm_start_cache_max_file_mb': 512, 'warm_start_cache_max_total_gb': 60, 'sdp_max_parallel': 32, 'qaoa_max_parallel': 0, 'sdp_threads': 1, 'qaoa_threads': 1, 'sdp_memory_limit_total_gb': 250, 'sdp_memory_limit_single_gb': 100, 'sdp_memory_poll_seconds': 5, 'sdp_max_retries': 3, 'queue_poll_interval_seconds': 5, 'max_graph_vertices': 10, 'completed_result_csv_paths': [], 'qaoa_seed': 42, 'initialise_standard_warm_start_with_zero_angles': False, 'result_name_suffix': '_Exp8_standardZeroAngles_v3', 'algorithm17_beta_mode': 'analytic_instance'}, Running QAOA with equal superposition
Benchmark run ID: c030dc97
Benchmark repeat index: 1
Configured SDP rounding seed: 42
QAOA seed used: 42
Processor: x86_64
Hostname: dacsgpu0003
Total RAM (GB): None
Physical cores: 64
Logical cores: 64
Python version: 3.11.15
Initialisation time: 0.00 seconds; started at stardate {'initialisation': 0.002419710159301758} and finished at stardate1788441608.132846
Loaded HOG graph index 123 with 10 edges.
Instance generation for n=123 took 0.00 seconds; started at stardate 1788441608.1328516 and finished at stardate 1788441608.135294
Running QAOA for n=6 nodes, m=10 edges...; Max iterations: 75
Warm-start: starting SDP solve for n_vertices=6
Warm-start: using configured sdp_seed=42
Using SCS solver for SDP with eps=1e-06, max_iters=100000.
SDP solver status: optimal
SDP solver name: SCS
SDP solver iterations: 100
SDP solve time: 0.37897830800000004
SDP extra stats: {'x': array([ 1.00000000e+00, -2.49025190e-16,  2.93843819e-16, ...,
        1.00000000e+00,  6.04230034e-18,  1.00000000e+00], shape=(11935,)), 'y': array([ 3.95120530e-02,  2.12902588e-02,  2.12902588e-02, ...,
        2.35468588e-02, -2.59099962e-18,  6.84233905e-02], shape=(33896,)), 's': array([0.00000000e+00, 0.00000000e+00, 0.00000000e+00, ...,
       9.99999206e-01, 7.93903462e-17, 9.99999077e-01], shape=(33896,)), 'info': {'status_val': 1, 'iter': 100, 'scale_updates': 0, 'scale': 0.1, 'pobj': -5.828429283027441, 'dobj': -5.828428184208323, 'res_pri': 1.9133006634496804e-06, 'res_dual': 5.917402957225085e-08, 'gap': 1.0988191183614049e-06, 'res_infeas': nan, 'res_unbdd_a': 0.17157281176159764, 'res_unbdd_p': 0.0, 'comp_slack': 3.184119634624949e-13, 'solve_time': 378.978308, 'setup_time': 19.598964, 'lin_sys_time': 46.244955, 'cone_time': 318.367174, 'accel_time': 2.31474, 'rejected_accel_steps': 0, 'accepted_accel_steps': 0, 'status': 'solved'}}
Rounding...
Setting seed to 42
n_vertices: 6 for n = 18
Using seed 42 to generate random matrix for x.
Energy of rounded cut/product state: 6.734068169608644
Algorithm 17 instance beta optimisation selected beta_star=0.170162071353 in 0.132984 seconds.
Algorithm 17 analytical F-bound is not applicable because the graph is not triangle-free.
Algorithm 17 actual entangled-state energy: 6.918577299324726
SDP objective value: 10.828429283027443
6 in cut out of a total of 10 edges
Warm-start: SDP solve + rounding finished in 86.87 seconds
Warm-start: using level-2 Algorithm 17 entangled statevector with shape (64,)
Warm-start cache: moment matrix before save shape=(154, 154), dtype=float64, entries=23716, bytes=189728 (0.18 MiB)
Warm-start cache: saved Results/warm_start_cache/list_193_graphs_adjacency_listhog_v04-12_planar_clawFree__filehash_62ae5075/hog_idx000123_13053353f835_seed42_L2_M2_betaanalytic_instance_amplified.npz in 0.0099 seconds
WARM_START_CACHE_PRODUCER_ONLY is set; warm-start cache has been produced/loaded. Exiting before QAOA optimisation.
