Starting QAOA benchmark with global start time: 1788444408.8105736
Benchmark parameters: {'optimiser': 'adam', 'optimiser_use_heuristic': None, 'heuristic_optimiser_iterations': None, 'heuristic_optimiser_sampleSize': None, 'circuit_type': 'hamqaoa', 'parameter_vector': [1, 1, 1], 'iterations_list': [75], 'learning_rate_adam': None, 'depth_list': [1], 'n_start': None, 'n_end': None, 'singlet_injection': False, 'start_index_singlet': None, 'warm_start': True, 'warm_start_mode': 'amplified', 'lasserre_level': 2, 'initial_solver_level_M': 2, 'sdp_seed': 42, 'sdp_solver_mode': 'scs', 'sdp_scs_eps': 1e-06, 'sdp_scs_max_iters': 100000, 'warm_start_corr_strength': None, 'warm_start_corr_repeats': None, 'compare_with_010101': False, 'init_QAOAparams_close_to_zero': False, 'use_correlations_as_initial_params': False, 'time_limit': None, 'failed_instance_termination_thrsh': None, 'graph_generation_type': 'hog', 'weighted': False, 'easiest_first': False, 'cpu_util_threshold': None, 'debug': False, 'save_circuit_svg': False, 'rerun_exclude_finished_instances': True, 'warm_start_cache_producer_only': True, 'qaoa_only_from_existing_warm_start_cache': False, 'optimiser_debug_iterations': None, 'num_repeats': 1, 'relative_graph_adjList_path': 'HOG_graphs/Exp5/list_193_graphs_adjacency_listhog_v04-12_planar_clawFree.txt', 'persistent_warm_start_cache': True, 'warm_start_cache_dir': 'Results/warm_start_cache', 'warm_start_cache_max_file_mb': 512, 'warm_start_cache_max_total_gb': 60, 'sdp_max_parallel': 32, 'qaoa_max_parallel': 0, 'sdp_threads': 1, 'qaoa_threads': 1, 'sdp_memory_limit_total_gb': 250, 'sdp_memory_limit_single_gb': 100, 'sdp_memory_poll_seconds': 5, 'sdp_max_retries': 3, 'queue_poll_interval_seconds': 5, 'max_graph_vertices': 10, 'completed_result_csv_paths': [], 'qaoa_seed': 42, 'initialise_standard_warm_start_with_zero_angles': False, 'result_name_suffix': '_Exp8_standardZeroAngles_v3', 'algorithm17_beta_mode': 'analytic_instance'}, Running QAOA with equal superposition
Benchmark run ID: 3642d7d6
Benchmark repeat index: 1
Configured SDP rounding seed: 42
QAOA seed used: 42
Processor: x86_64
Hostname: dacsgpu0003
Total RAM (GB): None
Physical cores: 64
Logical cores: 64
Python version: 3.11.15
Initialisation time: 0.00 seconds; started at stardate {'initialisation': 0.0038073062896728516} and finished at stardate1788444408.814396
Loaded HOG graph index 104 with 17 edges.
Instance generation for n=104 took 0.01 seconds; started at stardate 1788444408.814405 and finished at stardate 1788444408.8194914
Running QAOA for n=10 nodes, m=17 edges...; Max iterations: 75
Warm-start: starting SDP solve for n_vertices=10
Warm-start: using configured sdp_seed=42
Using SCS solver for SDP with eps=1e-06, max_iters=100000.
SDP solver status: optimal
SDP solver name: SCS
SDP solver iterations: 2700
SDP solve time: 138.59263657900001
SDP extra stats: {'x': array([ 1.00000000e+00,  9.57138733e-13,  7.90070579e-13, ...,
        1.00000000e+00, -1.50020470e-16,  1.00000000e+00], shape=(95266,)), 'y': array([2.29097027e-02, 9.48951109e-03, 9.48951109e-03, ...,
       5.63541401e-03, 1.82287355e-13, 1.66342125e-02], shape=(265112,)), 's': array([ 0.00000000e+00,  0.00000000e+00,  0.00000000e+00, ...,
        9.99999988e-01, -1.74988192e-13,  9.99999970e-01], shape=(265112,)), 'info': {'status_val': 1, 'iter': 2700, 'scale_updates': 3, 'scale': 0.33282287877950956, 'pobj': -9.627686401657858, 'dobj': -9.627686285375761, 'res_pri': 8.960138034399585e-07, 'res_dual': 6.953048089379304e-08, 'gap': 1.1628209684033664e-07, 'res_infeas': nan, 'res_unbdd_a': 0.10386711389635728, 'res_unbdd_p': 0.0, 'comp_slack': 7.524647571699461e-12, 'solve_time': 138592.636579, 'setup_time': 123.973284, 'lin_sys_time': 9656.632746999981, 'cone_time': 125512.215682, 'accel_time': 699.0949579999904, 'rejected_accel_steps': 21, 'accepted_accel_steps': 4, 'status': 'solved'}}
Rounding...
Setting seed to 42
n_vertices: 10 for n = 30
Using seed 42 to generate random matrix for x.
Energy of rounded cut/product state: 11.223500689219748
Algorithm 17 instance beta optimisation selected beta_star=0.06854270473 in 0.159003 seconds.
Algorithm 17 analytical F-bound is not applicable because the graph is not triangle-free.
Algorithm 17 actual entangled-state energy: 11.28471877788937
SDP objective value: 18.127686401657858
11 in cut out of a total of 17 edges
Warm-start: SDP solve + rounding finished in 4941.96 seconds
Warm-start: using level-2 Algorithm 17 entangled statevector with shape (1024,)
Warm-start cache: moment matrix before save shape=(436, 436), dtype=float64, entries=190096, bytes=1520768 (1.45 MiB)
Warm-start cache: saved Results/warm_start_cache/list_193_graphs_adjacency_listhog_v04-12_planar_clawFree__filehash_62ae5075/hog_idx000104_3a178c0de82d_seed42_L2_M2_betaanalytic_instance_amplified.npz in 0.0135 seconds
WARM_START_CACHE_PRODUCER_ONLY is set; warm-start cache has been produced/loaded. Exiting before QAOA optimisation.
