Starting QAOA benchmark with global start time: 1784717606.9313433
Benchmark parameters: {'optimiser': 'adam', 'optimiser_use_heuristic': True, 'heuristic_optimiser_iterations': 2, 'heuristic_optimiser_sampleSize': 10, 'circuit_type': 'hamqaoa', 'parameter_vector': [1, 1, 1], 'iterations_list': [5, 10, 25, 50], 'learning_rate_adam': 0.001, 'depth_list': [1, 2], 'n_start': None, 'n_end': 44, 'singlet_injection': False, 'start_index_singlet': None, 'warm_start': True, 'warm_start_mode': 'standard', 'lasserre_level': 1, 'initial_solver_level_M': 1, 'sdp_seed': 42, 'sdp_solver_mode': 'scs', 'sdp_scs_eps': 1e-06, 'sdp_scs_max_iters': 100000, 'warm_start_corr_strength': None, 'warm_start_corr_repeats': None, 'compare_with_010101': False, 'init_QAOAparams_close_to_zero': False, 'use_correlations_as_initial_params': False, 'time_limit': None, 'failed_instance_termination_thrsh': None, 'graph_generation_type': 'hog', 'weighted': False, 'easiest_first': True, 'cpu_util_threshold': None, 'debug': False, 'save_circuit_svg': False, 'rerun_exclude_finished_instances': False, 'warm_start_cache_producer_only': False, 'qaoa_only_from_existing_warm_start_cache': True, 'optimiser_debug_iterations': None, 'num_repeats': 1, 'relative_graph_adjList_path': 'HOG_graphs/random_graphs_8to14vertices_78instances_20260625_143415_AdjacencyList.txt', 'persistent_warm_start_cache': True, 'warm_start_cache_dir': 'Results/warm_start_cache/experiment_3', 'warm_start_cache_max_file_mb': 512, 'warm_start_cache_max_total_gb': 60, 'sdp_max_parallel': 0, 'qaoa_max_parallel': 32, 'sdp_threads': 1, 'qaoa_threads': 1, 'sdp_memory_limit_total_gb': 100, 'sdp_memory_limit_single_gb': 100, 'sdp_memory_poll_seconds': 5, 'sdp_max_retries': 3, 'queue_poll_interval_seconds': 5}, Running QAOA with equal superposition
Benchmark run ID: 76f10188
Benchmark repeat index: 1
SDP seed override: 42
Processor: x86_64
Hostname: dacsgpu0002
Total RAM (GB): None
Physical cores: 64
Logical cores: 64
Python version: 3.11.15
Initialisation time: 0.02 seconds; started at stardate {'initialisation': 0.02115917205810547} and finished at stardate1784717606.952518
Loaded HOG graph index 42 with 33 edges.
Instance generation for n=42 took 0.00 seconds; started at stardate 1784717606.9525275 and finished at stardate 1784717606.956439
Running QAOA for n=11 nodes, m=33 edges...; Max iterations: 10
Warm-start cache: loading Results/warm_start_cache/experiment_3/random_graphs_8to14vertices_78instances_20260625_143415_AdjacencyList__filehash_a79662a0/hog_idx000042_1f0e337be952_seed42_L1_M1_amplified.npz
Warm-start cache: loaded in 0.0065 seconds; effective compute time=0.2892265319824219
Edges: [(2, 3), (3, 5), (4, 6), (7, 8), (8, 10), (1, 4), (1, 10), (0, 2), (0, 8), (6, 9), (5, 7), (3, 4), (3, 7), (4, 8), (8, 9), (1, 3), (0, 1), (9, 10), (0, 10), (1, 9), (0, 7), (6, 8), (5, 6), (5, 9), (3, 6), (2, 4), (2, 10), (2, 7), (4, 7), (0, 3), (1, 2), (5, 8), (6, 7)], weights: [1.0, 1.0, 1.0, 1.0, 1.0, 1.0, 1.0, 1.0, 1.0, 1.0, 1.0, 1.0, 1.0, 1.0, 1.0, 1.0, 1.0, 1.0, 1.0, 1.0, 1.0, 1.0, 1.0, 1.0, 1.0, 1.0, 1.0, 1.0, 1.0, 1.0, 1.0, 1.0, 1.0], set of nodes: {0, 1, 2, 3, 4, 5, 6, 7, 8, 9, 10}, n: 11 nodes, p: 1 layers, N_bayes: 10 iterations
Solving for uuid: eaadbd40
Initial state injected as warm start
Running ADAM optimization with a single iteration (no debug loop)
9.885984812888413
QAOA optimisation for n=42 took 471.55 seconds; started at stardate 1784717606.9564433 and finished at stardate 1784718078.5073419
Finished QAOA for n=11 nodes, m=33 edges at 2026-07-22 13:01:18 on x86_64. Time taken: 471.55 seconds. Hours: 0.13 hours. Peak RAM: 1.1 MB.
Unknown graph type for approximation ratio calculation; checking misc CSV.
Checking optimal_results_misc.csv for matching edges and weights...
Found matching exact result in misc CSV: 13.965647609088416
CSV writing for n=42 took 0.03 seconds; started at stardate 1784718078.507351 and finished at stardate 1784718078.5368302
results: {42: 9.885984812888413}
durations: {11: 471.5509035587311}
Results saved to: Results/logs/adam/qaoa_results_adam_20260722_115440_pid2159212.csv
Global end time: 1784718078.5368462
Finalisation time: 0.00 seconds; started at stardate 1784718078.5368357 and finished at stardate 1784718078.5368505
Sum of all section times: 471.61 seconds
run_id: 76f10188
