Starting QAOA benchmark with global start time: 1788729615.8335361
Benchmark parameters: {'optimiser': 'adam', 'optimiser_use_heuristic': None, 'heuristic_optimiser_iterations': None, 'heuristic_optimiser_sampleSize': None, 'circuit_type': 'hamqaoa', 'parameter_vector': [1, 1, 1], 'iterations_list': [75], 'learning_rate_adam': None, 'depth_list': [1], 'n_start': None, 'n_end': None, 'singlet_injection': False, 'start_index_singlet': None, 'warm_start': True, 'warm_start_mode': 'amplified', 'lasserre_level': 2, 'initial_solver_level_M': 2, 'sdp_seed': 42, 'sdp_solver_mode': 'scs', 'sdp_scs_eps': 1e-06, 'sdp_scs_max_iters': 100000, 'warm_start_corr_strength': None, 'warm_start_corr_repeats': None, 'compare_with_010101': False, 'init_QAOAparams_close_to_zero': False, 'use_correlations_as_initial_params': False, 'time_limit': None, 'failed_instance_termination_thrsh': None, 'graph_generation_type': 'hog', 'weighted': False, 'easiest_first': True, 'cpu_util_threshold': None, 'debug': False, 'save_circuit_svg': False, 'rerun_exclude_finished_instances': True, 'warm_start_cache_producer_only': True, 'qaoa_only_from_existing_warm_start_cache': False, 'optimiser_debug_iterations': None, 'num_repeats': 1, 'relative_graph_adjList_path': 'HOG_graphs/Exp5/list_454_graphs_adjacency_listhog_v04-12_bipartite.txt', 'persistent_warm_start_cache': True, 'warm_start_cache_dir': 'Results/warm_start_cache', 'warm_start_cache_max_file_mb': 512, 'warm_start_cache_max_total_gb': 60, 'sdp_max_parallel': 32, 'qaoa_max_parallel': 0, 'sdp_threads': 1, 'qaoa_threads': 1, 'sdp_memory_limit_total_gb': 250, 'sdp_memory_limit_single_gb': 100, 'sdp_memory_poll_seconds': 5, 'sdp_max_retries': 3, 'queue_poll_interval_seconds': 5, 'max_graph_vertices': 10, 'completed_result_csv_paths': [], 'qaoa_seed': 42, 'initialise_standard_warm_start_with_zero_angles': False, 'result_name_suffix': '_FINAL_BENCHMARKS_AMPLIFIED', 'algorithm17_beta_mode': 'analytic_instance'}, Running QAOA with equal superposition
Benchmark run ID: 8525adeb
Benchmark repeat index: 1
Configured SDP rounding seed: 42
QAOA seed used: 42
Processor: x86_64
Hostname: dacsgpu0003
Total RAM (GB): None
Physical cores: 64
Logical cores: 64
Python version: 3.11.15
Initialisation time: 0.01 seconds; started at stardate {'initialisation': 0.006964206695556641} and finished at stardate1788729615.840515
Loaded HOG graph index 171 with 19 edges.
Instance generation for n=171 took 0.01 seconds; started at stardate 1788729615.8405237 and finished at stardate 1788729615.849909
Running QAOA for n=10 nodes, m=19 edges...; Max iterations: 75
Warm-start: starting SDP solve for n_vertices=10
Warm-start: using configured sdp_seed=42
Using SCS solver for SDP with eps=1e-06, max_iters=100000.
SDP solver status: optimal
SDP solver name: SCS
SDP solver iterations: 6750
SDP solve time: 539.062786714
SDP extra stats: {'x': array([ 1.00000000e+00, -2.41782359e-14,  4.05113964e-15, ...,
        1.00000000e+00,  1.12187579e-17,  1.00000000e+00], shape=(95266,)), 'y': array([ 3.71079947e-02,  1.53706354e-02,  1.53706354e-02, ...,
        1.20806787e-02, -9.00159517e-15,  2.35558563e-01], shape=(265112,)), 's': array([ 0.00000000e+00,  0.00000000e+00,  0.00000000e+00, ...,
        1.00000000e+00, -1.63184309e-15,  9.99999781e-01], shape=(265112,)), 'info': {'status_val': 1, 'iter': 6750, 'scale_updates': 3, 'scale': 5.045778963756886, 'pobj': -13.90370378235466, 'dobj': -13.903703767132075, 'res_pri': 1.968559328948831e-06, 'res_dual': 1.0599511179966071e-07, 'gap': 1.5222584082152935e-08, 'res_infeas': nan, 'res_unbdd_a': 0.07192328142618636, 'res_unbdd_p': 0.0, 'comp_slack': 5.387801316203422e-11, 'solve_time': 539062.786714, 'setup_time': 225.303335, 'lin_sys_time': 37564.38861700003, 'cone_time': 486105.7767790012, 'accel_time': 3002.842392999954, 'rejected_accel_steps': 59, 'accepted_accel_steps': 0, 'status': 'solved'}}
Rounding...
Setting seed to 42
n_vertices: 10 for n = 30
Using seed 42 to generate random matrix for x.
Energy of rounded cut/product state: 13.372222245516054
Algorithm 17 instance beta optimisation selected beta_star=0.237180292061 in 0.034271 seconds.
Algorithm 17 lower-bound energy: 13.78957509980066
Algorithm 17 actual entangled-state energy: 13.741076772841778
SDP objective value: 23.40370378235466
12 in cut out of a total of 19 edges
Warm-start: SDP solve + rounding finished in 7333.29 seconds
Warm-start: using level-2 Algorithm 17 entangled statevector with shape (1024,)
Warm-start cache: moment matrix before save shape=(436, 436), dtype=float64, entries=190096, bytes=1520768 (1.45 MiB)
Warm-start cache: saved Results/warm_start_cache/list_454_graphs_adjacency_listhog_v04-12_bipartite__filehash_0815e7e8/hog_idx000171_2a86225fc4d5_seed42_L2_M2_betaanalytic_instance_amplified.npz in 0.0184 seconds
WARM_START_CACHE_PRODUCER_ONLY is set; warm-start cache has been produced/loaded. Exiting before QAOA optimisation.
