Starting QAOA benchmark with global start time: 1788267573.4429784
Benchmark parameters: {'optimiser': 'adam', 'optimiser_use_heuristic': None, 'heuristic_optimiser_iterations': None, 'heuristic_optimiser_sampleSize': None, 'circuit_type': 'hamqaoa', 'parameter_vector': [1, 1, 1], 'iterations_list': [75], 'learning_rate_adam': None, 'depth_list': [1], 'n_start': None, 'n_end': None, 'singlet_injection': False, 'start_index_singlet': None, 'warm_start': True, 'warm_start_mode': 'amplified', 'lasserre_level': 2, 'initial_solver_level_M': 2, 'sdp_seed': 42, 'sdp_solver_mode': 'scs', 'sdp_scs_eps': 1e-09, 'sdp_scs_max_iters': 1000000, 'warm_start_corr_strength': None, 'warm_start_corr_repeats': None, 'compare_with_010101': False, 'init_QAOAparams_close_to_zero': False, 'use_correlations_as_initial_params': False, 'time_limit': None, 'failed_instance_termination_thrsh': None, 'graph_generation_type': 'hog', 'weighted': False, 'easiest_first': False, 'cpu_util_threshold': None, 'debug': False, 'save_circuit_svg': False, 'rerun_exclude_finished_instances': True, 'warm_start_cache_producer_only': True, 'qaoa_only_from_existing_warm_start_cache': False, 'optimiser_debug_iterations': None, 'num_repeats': 1, 'relative_graph_adjList_path': 'HOG_graphs/triangleFree_connected_4to8vertices_176instances_AdjacencyList.txt', 'persistent_warm_start_cache': True, 'warm_start_cache_dir': 'Results/warm_start_cache_experiments/Exp4_v2_tf176_L2M2_scs_eps1e-9_gpseed42_alg17seed43', 'warm_start_cache_max_file_mb': 512, 'warm_start_cache_max_total_gb': 60, 'sdp_max_parallel': 32, 'qaoa_max_parallel': 0, 'sdp_threads': 1, 'qaoa_threads': 1, 'sdp_memory_limit_total_gb': 250, 'sdp_memory_limit_single_gb': 100, 'sdp_memory_poll_seconds': 5, 'sdp_max_retries': 3, 'queue_poll_interval_seconds': 5, 'max_graph_vertices': 10, 'completed_result_csv_paths': [], 'qaoa_seed': 1, 'initialise_standard_warm_start_with_zero_angles': False, 'result_name_suffix': '_Exp4_v2_tf176_L2M2_scs_eps1e-9_gpseed42_alg17seed43'}, Running QAOA with equal superposition
Benchmark run ID: 708c69cd
Benchmark repeat index: 1
Configured SDP rounding seed: 42
QAOA seed used: 1
Processor: x86_64
Hostname: dacsgpu0002
Total RAM (GB): None
Physical cores: 64
Logical cores: 64
Python version: 3.11.15
Initialisation time: 0.00 seconds; started at stardate {'initialisation': 0.003441333770751953} and finished at stardate1788267573.4464266
Loaded HOG graph index 7 with 7 edges.
Instance generation for n=7 took 0.00 seconds; started at stardate 1788267573.4464316 and finished at stardate 1788267573.4482589
Running QAOA for n=8 nodes, m=7 edges...; Max iterations: 75
Warm-start: starting SDP solve for n_vertices=8
Warm-start: using configured sdp_seed=42
Using SCS solver for SDP with eps=1e-09, max_iters=1000000.
SDP solver status: optimal
SDP solver name: SCS
SDP solver iterations: 52425
SDP solve time: 1139.130704831
SDP extra stats: {'x': array([ 1.00000000e+00,  2.91699571e-13,  1.19593150e-12, ...,
        1.00000000e+00, -3.02283755e-18,  1.00000000e+00], shape=(38503,)), 'y': array([2.69899053e-02, 1.11796499e-02, 1.11796498e-02, ...,
       3.57411184e-03, 1.60153236e-12, 1.05416287e-02], shape=(108050,)), 's': array([0.00000000e+00, 0.00000000e+00, 0.00000000e+00, ...,
       1.00000000e+00, 5.73199152e-16, 1.00000000e+00], shape=(108050,)), 'info': {'status_val': 1, 'iter': 52425, 'scale_updates': 5, 'scale': 4.8728645222637885, 'pobj': -6.7499962465377354, 'dobj': -6.749996245157572, 'res_pri': 9.746042163847541e-12, 'res_dual': 1.4424863044791784e-09, 'gap': 1.3801635390109368e-09, 'res_infeas': nan, 'res_unbdd_a': 0.14814823052871004, 'res_unbdd_p': 0.0, 'comp_slack': 6.562003877442384e-12, 'solve_time': 1139130.704831, 'setup_time': 86.177434, 'lin_sys_time': 97293.98240799988, 'cone_time': 1005301.6231739968, 'accel_time': 7132.280913001108, 'rejected_accel_steps': 473, 'accepted_accel_steps': 4, 'status': 'solved'}}
Rounding...
Setting seed to 42
n_vertices: 8 for n = 24
Using seed 42 to generate random matrix for x.
Energy of rounded cut/product state: 5.144574809612492
Algorithm 17 lower-bound energy: 6.095314736936017
Algorithm 17 actual entangled-state energy: 5.704287748998248
SDP objective value: 10.249996246537735
6 in cut out of a total of 7 edges
Warm-start: SDP solve + rounding finished in 2184.34 seconds
Warm-start: using level-2 Algorithm 17 entangled statevector with shape (256,)
Warm-start cache: moment matrix before save shape=(277, 277), dtype=float64, entries=76729, bytes=613832 (0.59 MiB)
Warm-start cache: saved Results/warm_start_cache_experiments/Exp4_v2_tf176_L2M2_scs_eps1e-9_gpseed42_alg17seed43/triangleFree_connected_4to8vertices_176instances_AdjacencyList__filehash_279b7452/hog_idx000007_be4629f4e8de_seed42_L2_M2_amplified.npz in 0.0092 seconds
WARM_START_CACHE_PRODUCER_ONLY is set; warm-start cache has been produced/loaded. Exiting before QAOA optimisation.
