Starting QAOA benchmark with global start time: 1788267043.1396205
Benchmark parameters: {'optimiser': 'adam', 'optimiser_use_heuristic': None, 'heuristic_optimiser_iterations': None, 'heuristic_optimiser_sampleSize': None, 'circuit_type': 'hamqaoa', 'parameter_vector': [1, 1, 1], 'iterations_list': [75], 'learning_rate_adam': None, 'depth_list': [1], 'n_start': None, 'n_end': None, 'singlet_injection': False, 'start_index_singlet': None, 'warm_start': True, 'warm_start_mode': 'amplified', 'lasserre_level': 2, 'initial_solver_level_M': 2, 'sdp_seed': 42, 'sdp_solver_mode': 'scs', 'sdp_scs_eps': 1e-09, 'sdp_scs_max_iters': 1000000, 'warm_start_corr_strength': None, 'warm_start_corr_repeats': None, 'compare_with_010101': False, 'init_QAOAparams_close_to_zero': False, 'use_correlations_as_initial_params': False, 'time_limit': None, 'failed_instance_termination_thrsh': None, 'graph_generation_type': 'hog', 'weighted': False, 'easiest_first': False, 'cpu_util_threshold': None, 'debug': False, 'save_circuit_svg': False, 'rerun_exclude_finished_instances': True, 'warm_start_cache_producer_only': True, 'qaoa_only_from_existing_warm_start_cache': False, 'optimiser_debug_iterations': None, 'num_repeats': 1, 'relative_graph_adjList_path': 'HOG_graphs/triangleFree_connected_4to8vertices_176instances_AdjacencyList.txt', 'persistent_warm_start_cache': True, 'warm_start_cache_dir': 'Results/warm_start_cache_experiments/Exp4_v2_tf176_L2M2_scs_eps1e-9_gpseed42_alg17seed43', 'warm_start_cache_max_file_mb': 512, 'warm_start_cache_max_total_gb': 60, 'sdp_max_parallel': 32, 'qaoa_max_parallel': 0, 'sdp_threads': 1, 'qaoa_threads': 1, 'sdp_memory_limit_total_gb': 250, 'sdp_memory_limit_single_gb': 100, 'sdp_memory_poll_seconds': 5, 'sdp_max_retries': 3, 'queue_poll_interval_seconds': 5, 'max_graph_vertices': 10, 'completed_result_csv_paths': [], 'qaoa_seed': 1, 'initialise_standard_warm_start_with_zero_angles': False, 'result_name_suffix': '_Exp4_v2_tf176_L2M2_scs_eps1e-9_gpseed42_alg17seed43'}, Running QAOA with equal superposition
Benchmark run ID: 20cb4a32
Benchmark repeat index: 1
Configured SDP rounding seed: 42
QAOA seed used: 1
Processor: x86_64
Hostname: dacsgpu0002
Total RAM (GB): None
Physical cores: 64
Logical cores: 64
Python version: 3.11.15
Initialisation time: 0.01 seconds; started at stardate {'initialisation': 0.009185552597045898} and finished at stardate1788267043.1488166
Loaded HOG graph index 100 with 8 edges.
Instance generation for n=100 took 0.00 seconds; started at stardate 1788267043.1488247 and finished at stardate 1788267043.1519942
Running QAOA for n=8 nodes, m=8 edges...; Max iterations: 75
Warm-start: starting SDP solve for n_vertices=8
Warm-start: using configured sdp_seed=42
Using SCS solver for SDP with eps=1e-09, max_iters=1000000.
SDP solver status: optimal
SDP solver name: SCS
SDP solver iterations: 2250
SDP solve time: 55.977963547
SDP extra stats: {'x': array([ 1.00000000e+00, -2.11731949e-13, -9.63243280e-14, ...,
        1.00000000e+00,  6.70854457e-18,  1.00000000e+00], shape=(38503,)), 'y': array([3.83724968e-02, 1.58944086e-02, 1.58944086e-02, ...,
       8.68165164e-03, 6.57743860e-14, 4.72399159e-02], shape=(108050,)), 's': array([ 0.00000000e+00,  0.00000000e+00,  0.00000000e+00, ...,
        1.00000000e+00, -1.55645148e-15,  1.00000000e+00], shape=(108050,)), 'info': {'status_val': 1, 'iter': 2250, 'scale_updates': 2, 'scale': 2.0264674100707634, 'pobj': -6.5338778268645905, 'dobj': -6.533877827100451, 'res_pri': 1.0738004467555715e-09, 'res_dual': 1.0875078948624073e-09, 'gap': 2.3586022024346676e-10, 'res_infeas': nan, 'res_unbdd_a': 0.1530484693008113, 'res_unbdd_p': 0.0, 'comp_slack': 3.7597808559042675e-11, 'solve_time': 55977.963547, 'setup_time': 86.600762, 'lin_sys_time': 4613.024249000001, 'cone_time': 49486.88459800005, 'accel_time': 368.8907960000036, 'rejected_accel_steps': 18, 'accepted_accel_steps': 3, 'status': 'solved'}}
Rounding...
Setting seed to 42
n_vertices: 8 for n = 24
Using seed 42 to generate random matrix for x.
Energy of rounded cut/product state: 6.3804467502150235
Algorithm 17 lower-bound energy: 6.174494972067823
Algorithm 17 actual entangled-state energy: 6.787194549691379
SDP objective value: 10.533877826864591
5 in cut out of a total of 8 edges
Warm-start: SDP solve + rounding finished in 866.04 seconds
Warm-start: using level-2 Algorithm 17 entangled statevector with shape (256,)
Warm-start cache: moment matrix before save shape=(277, 277), dtype=float64, entries=76729, bytes=613832 (0.59 MiB)
Warm-start cache: saved Results/warm_start_cache_experiments/Exp4_v2_tf176_L2M2_scs_eps1e-9_gpseed42_alg17seed43/triangleFree_connected_4to8vertices_176instances_AdjacencyList__filehash_279b7452/hog_idx000100_82e76ee73f37_seed42_L2_M2_amplified.npz in 0.0121 seconds
WARM_START_CACHE_PRODUCER_ONLY is set; warm-start cache has been produced/loaded. Exiting before QAOA optimisation.
