Starting QAOA benchmark with global start time: 1788269910.5395346
Benchmark parameters: {'optimiser': 'adam', 'optimiser_use_heuristic': None, 'heuristic_optimiser_iterations': None, 'heuristic_optimiser_sampleSize': None, 'circuit_type': 'hamqaoa', 'parameter_vector': [1, 1, 1], 'iterations_list': [75], 'learning_rate_adam': None, 'depth_list': [1], 'n_start': None, 'n_end': None, 'singlet_injection': False, 'start_index_singlet': None, 'warm_start': True, 'warm_start_mode': 'amplified', 'lasserre_level': 2, 'initial_solver_level_M': 2, 'sdp_seed': 42, 'sdp_solver_mode': 'scs', 'sdp_scs_eps': 1e-09, 'sdp_scs_max_iters': 1000000, 'warm_start_corr_strength': None, 'warm_start_corr_repeats': None, 'compare_with_010101': False, 'init_QAOAparams_close_to_zero': False, 'use_correlations_as_initial_params': False, 'time_limit': None, 'failed_instance_termination_thrsh': None, 'graph_generation_type': 'hog', 'weighted': False, 'easiest_first': False, 'cpu_util_threshold': None, 'debug': False, 'save_circuit_svg': False, 'rerun_exclude_finished_instances': True, 'warm_start_cache_producer_only': True, 'qaoa_only_from_existing_warm_start_cache': False, 'optimiser_debug_iterations': None, 'num_repeats': 1, 'relative_graph_adjList_path': 'HOG_graphs/triangleFree_connected_4to8vertices_176instances_AdjacencyList.txt', 'persistent_warm_start_cache': True, 'warm_start_cache_dir': 'Results/warm_start_cache_experiments/Exp4_v2_tf176_L2M2_scs_eps1e-9_gpseed42_alg17seed43', 'warm_start_cache_max_file_mb': 512, 'warm_start_cache_max_total_gb': 60, 'sdp_max_parallel': 32, 'qaoa_max_parallel': 0, 'sdp_threads': 1, 'qaoa_threads': 1, 'sdp_memory_limit_total_gb': 250, 'sdp_memory_limit_single_gb': 100, 'sdp_memory_poll_seconds': 5, 'sdp_max_retries': 3, 'queue_poll_interval_seconds': 5, 'max_graph_vertices': 10, 'completed_result_csv_paths': [], 'qaoa_seed': 1, 'initialise_standard_warm_start_with_zero_angles': False, 'result_name_suffix': '_Exp4_v2_tf176_L2M2_scs_eps1e-9_gpseed42_alg17seed43'}, Running QAOA with equal superposition
Benchmark run ID: 7b2ae266
Benchmark repeat index: 1
Configured SDP rounding seed: 42
QAOA seed used: 1
Processor: x86_64
Hostname: dacsgpu0002
Total RAM (GB): None
Physical cores: 64
Logical cores: 64
Python version: 3.11.15
Initialisation time: 0.00 seconds; started at stardate {'initialisation': 0.003924131393432617} and finished at stardate1788269910.5434666
Loaded HOG graph index 105 with 14 edges.
Instance generation for n=105 took 0.01 seconds; started at stardate 1788269910.5434737 and finished at stardate 1788269910.5500267
Running QAOA for n=8 nodes, m=14 edges...; Max iterations: 75
Warm-start: starting SDP solve for n_vertices=8
Warm-start: using configured sdp_seed=42
Using SCS solver for SDP with eps=1e-09, max_iters=1000000.
SDP solver status: optimal
SDP solver name: SCS
SDP solver iterations: 170425
SDP solve time: 2435.308139661
SDP extra stats: {'x': array([ 1.00000000e+00, -6.68209824e-13, -1.91093915e-12, ...,
        1.00000000e+00,  3.99236474e-18,  1.00000000e+00], shape=(38503,)), 'y': array([5.32042164e-02, 2.20380338e-02, 2.20380338e-02, ...,
       9.59495059e-03, 1.27024707e-11, 1.10162510e-01], shape=(108050,)), 's': array([0.00000000e+00, 0.00000000e+00, 0.00000000e+00, ...,
       1.00000000e+00, 3.87188144e-15, 1.00000000e+00], shape=(108050,)), 'info': {'status_val': 1, 'iter': 170425, 'scale_updates': 10, 'scale': 0.45547657105919864, 'pobj': -10.77817375269209, 'dobj': -10.77817375217193, 'res_pri': 1.912470354089791e-10, 'res_dual': 4.593240955196366e-10, 'gap': 5.201599151405389e-10, 'res_infeas': nan, 'res_unbdd_a': 0.09278009641942006, 'res_unbdd_p': 0.0, 'comp_slack': 6.8097464481193864e-12, 'solve_time': 2435308.139661, 'setup_time': 89.668301, 'lin_sys_time': 236848.33706399592, 'cone_time': 2126205.3832849558, 'accel_time': 15601.314477967824, 'rejected_accel_steps': 1543, 'accepted_accel_steps': 7, 'status': 'solved'}}
Rounding...
Setting seed to 42
n_vertices: 8 for n = 24
Using seed 42 to generate random matrix for x.
Energy of rounded cut/product state: 8.098953942428642
Algorithm 17 lower-bound energy: 10.37171927789301
Algorithm 17 actual entangled-state energy: 8.564207221277986
SDP objective value: 17.77817375269209
10 in cut out of a total of 14 edges
Warm-start: SDP solve + rounding finished in 3396.26 seconds
Warm-start: using level-2 Algorithm 17 entangled statevector with shape (256,)
Warm-start cache: moment matrix before save shape=(277, 277), dtype=float64, entries=76729, bytes=613832 (0.59 MiB)
Warm-start cache: saved Results/warm_start_cache_experiments/Exp4_v2_tf176_L2M2_scs_eps1e-9_gpseed42_alg17seed43/triangleFree_connected_4to8vertices_176instances_AdjacencyList__filehash_279b7452/hog_idx000105_dbfb0c8e8189_seed42_L2_M2_amplified.npz in 0.0109 seconds
WARM_START_CACHE_PRODUCER_ONLY is set; warm-start cache has been produced/loaded. Exiting before QAOA optimisation.
