Starting QAOA benchmark with global start time: 1788267573.4405992
Benchmark parameters: {'optimiser': 'adam', 'optimiser_use_heuristic': None, 'heuristic_optimiser_iterations': None, 'heuristic_optimiser_sampleSize': None, 'circuit_type': 'hamqaoa', 'parameter_vector': [1, 1, 1], 'iterations_list': [75], 'learning_rate_adam': None, 'depth_list': [1], 'n_start': None, 'n_end': None, 'singlet_injection': False, 'start_index_singlet': None, 'warm_start': True, 'warm_start_mode': 'amplified', 'lasserre_level': 2, 'initial_solver_level_M': 2, 'sdp_seed': 42, 'sdp_solver_mode': 'scs', 'sdp_scs_eps': 1e-09, 'sdp_scs_max_iters': 1000000, 'warm_start_corr_strength': None, 'warm_start_corr_repeats': None, 'compare_with_010101': False, 'init_QAOAparams_close_to_zero': False, 'use_correlations_as_initial_params': False, 'time_limit': None, 'failed_instance_termination_thrsh': None, 'graph_generation_type': 'hog', 'weighted': False, 'easiest_first': False, 'cpu_util_threshold': None, 'debug': False, 'save_circuit_svg': False, 'rerun_exclude_finished_instances': True, 'warm_start_cache_producer_only': True, 'qaoa_only_from_existing_warm_start_cache': False, 'optimiser_debug_iterations': None, 'num_repeats': 1, 'relative_graph_adjList_path': 'HOG_graphs/triangleFree_connected_4to8vertices_176instances_AdjacencyList.txt', 'persistent_warm_start_cache': True, 'warm_start_cache_dir': 'Results/warm_start_cache_experiments/Exp4_v2_tf176_L2M2_scs_eps1e-9_gpseed42_alg17seed43', 'warm_start_cache_max_file_mb': 512, 'warm_start_cache_max_total_gb': 60, 'sdp_max_parallel': 32, 'qaoa_max_parallel': 0, 'sdp_threads': 1, 'qaoa_threads': 1, 'sdp_memory_limit_total_gb': 250, 'sdp_memory_limit_single_gb': 100, 'sdp_memory_poll_seconds': 5, 'sdp_max_retries': 3, 'queue_poll_interval_seconds': 5, 'max_graph_vertices': 10, 'completed_result_csv_paths': [], 'qaoa_seed': 1, 'initialise_standard_warm_start_with_zero_angles': False, 'result_name_suffix': '_Exp4_v2_tf176_L2M2_scs_eps1e-9_gpseed42_alg17seed43'}, Running QAOA with equal superposition
Benchmark run ID: 7e78cc9f
Benchmark repeat index: 1
Configured SDP rounding seed: 42
QAOA seed used: 1
Processor: x86_64
Hostname: dacsgpu0002
Total RAM (GB): None
Physical cores: 64
Logical cores: 64
Python version: 3.11.15
Initialisation time: 0.00 seconds; started at stardate {'initialisation': 0.003212451934814453} and finished at stardate1788267573.4438186
Loaded HOG graph index 79 with 7 edges.
Instance generation for n=79 took 0.00 seconds; started at stardate 1788267573.4438252 and finished at stardate 1788267573.4466655
Running QAOA for n=7 nodes, m=7 edges...; Max iterations: 75
Warm-start: starting SDP solve for n_vertices=7
Warm-start: using configured sdp_seed=42
Using SCS solver for SDP with eps=1e-09, max_iters=1000000.
SDP solver status: optimal
SDP solver name: SCS
SDP solver iterations: 1250
SDP solve time: 16.194325592
SDP extra stats: {'x': array([ 1.00000000e+00,  1.24277280e-12,  1.81326455e-14, ...,
        1.00000000e+00, -3.62974339e-18,  1.00000000e+00], shape=(22366,)), 'y': array([ 3.39104196e-02,  1.40461560e-02,  1.40461560e-02, ...,
        7.30890453e-03, -1.13875987e-13,  3.29934223e-02], shape=(63107,)), 's': array([ 0.00000000e+00,  0.00000000e+00,  0.00000000e+00, ...,
        1.00000000e+00, -1.85721234e-15,  1.00000000e+00], shape=(63107,)), 'info': {'status_val': 1, 'iter': 1250, 'scale_updates': 2, 'scale': 2.078890502547551, 'pobj': -5.781289915838183, 'dobj': -5.781289916574654, 'res_pri': 1.449532742235862e-09, 'res_dual': 7.983647456657122e-10, 'gap': 7.364704401879862e-10, 'res_infeas': nan, 'res_unbdd_a': 0.17297177871333833, 'res_unbdd_p': 0.0, 'comp_slack': 3.691271652826808e-11, 'solve_time': 16194.325592, 'setup_time': 46.654703, 'lin_sys_time': 1391.2164579999996, 'cone_time': 14214.719624000001, 'accel_time': 112.04028999999974, 'rejected_accel_steps': 9, 'accepted_accel_steps': 5, 'status': 'solved'}}
Rounding...
Setting seed to 42
n_vertices: 7 for n = 21
Using seed 42 to generate random matrix for x.
Energy of rounded cut/product state: 5.4545700432547015
Algorithm 17 lower-bound energy: 5.487248206443432
Algorithm 17 actual entangled-state energy: 5.8883479976610245
SDP objective value: 9.281289915838183
6 in cut out of a total of 7 edges
Warm-start: SDP solve + rounding finished in 361.70 seconds
Warm-start: using level-2 Algorithm 17 entangled statevector with shape (128,)
Warm-start cache: moment matrix before save shape=(211, 211), dtype=float64, entries=44521, bytes=356168 (0.34 MiB)
Warm-start cache: saved Results/warm_start_cache_experiments/Exp4_v2_tf176_L2M2_scs_eps1e-9_gpseed42_alg17seed43/triangleFree_connected_4to8vertices_176instances_AdjacencyList__filehash_279b7452/hog_idx000079_f000b69f04d2_seed42_L2_M2_amplified.npz in 0.0075 seconds
WARM_START_CACHE_PRODUCER_ONLY is set; warm-start cache has been produced/loaded. Exiting before QAOA optimisation.
