/home/i6408800/MasterThesis/QAOA/Code/Circuit.py:192: UserWarning: No classical warm-start cut provided for HAMQAOA; using random cut values for fourth HAMQAOA gate. This may lead to suboptimal performance and may be unintentional if a classical warm start was intended.
  warnings.warn(
Starting QAOA benchmark with global start time: 1787623290.7145967
Benchmark parameters: {'optimiser': 'adam', 'optimiser_use_heuristic': False, 'heuristic_optimiser_iterations': None, 'heuristic_optimiser_sampleSize': None, 'circuit_type': 'hamqaoa', 'parameter_vector': [1, 1, 1], 'iterations_list': [50], 'learning_rate_adam': 0.01, 'depth_list': [1, 2, 3, 4, 5], 'n_start': None, 'n_end': None, 'singlet_injection': False, 'start_index_singlet': None, 'warm_start': False, 'warm_start_mode': None, 'lasserre_level': None, 'initial_solver_level_M': None, 'sdp_seed': None, 'sdp_solver_mode': None, 'sdp_scs_eps': None, 'sdp_scs_max_iters': None, 'warm_start_corr_strength': None, 'warm_start_corr_repeats': None, 'compare_with_010101': False, 'init_QAOAparams_close_to_zero': False, 'use_correlations_as_initial_params': None, 'time_limit': None, 'failed_instance_termination_thrsh': None, 'graph_generation_type': 'hog', 'weighted': False, 'easiest_first': True, 'cpu_util_threshold': None, 'debug': False, 'save_circuit_svg': False, 'rerun_exclude_finished_instances': True, 'warm_start_cache_producer_only': False, 'qaoa_only_from_existing_warm_start_cache': False, 'optimiser_debug_iterations': None, 'num_repeats': 1, 'relative_graph_adjList_path': 'HOG_graphs/Exp5/list_454_graphs_adjacency_listhog_v04-12_bipartite.txt', 'persistent_warm_start_cache': False, 'warm_start_cache_dir': None, 'warm_start_cache_max_file_mb': None, 'warm_start_cache_max_total_gb': None, 'sdp_max_parallel': 0, 'qaoa_max_parallel': 16, 'sdp_threads': 1, 'qaoa_threads': 1, 'sdp_memory_limit_total_gb': 0, 'sdp_memory_limit_single_gb': 0, 'sdp_memory_poll_seconds': None, 'sdp_max_retries': 0, 'queue_poll_interval_seconds': 5, 'max_graph_vertices': 10, 'completed_result_csv_paths': [], 'qaoa_seed': 1, 'initialise_standard_warm_start_with_zero_angles': False, 'result_name_suffix': '_Exp5_subexp4_standardWithHeuristic_rerun2508'}, Running QAOA with equal superposition
Benchmark run ID: 201e2c1b
Benchmark repeat index: 1
SDP seed override: None
QAOA seed used: 1
Processor: x86_64
Hostname: dacsgpu0002
Total RAM (GB): None
Physical cores: 64
Logical cores: 64
Python version: 3.11.15
Initialisation time: 0.01 seconds; started at stardate {'initialisation': 0.006505727767944336} and finished at stardate1787623290.721114
Loaded HOG graph index 90 with 10 edges.
Instance generation for n=90 took 0.01 seconds; started at stardate 1787623290.7211206 and finished at stardate 1787623290.7290587
Running QAOA for n=10 nodes, m=10 edges...; Max iterations: 50
Edges: [(0, 1), (1, 9), (3, 5), (5, 7), (7, 9), (4, 6), (6, 8), (3, 4), (2, 8), (0, 2)], weights: [1.0, 1.0, 1.0, 1.0, 1.0, 1.0, 1.0, 1.0, 1.0, 1.0], set of nodes: {0, 1, 2, 3, 4, 5, 6, 7, 8, 9}, n: 10 nodes, p: 2 layers, N_bayes: 50 iterations
Solving for uuid: e16b7059
No warm start: Default initial state is equal superposition
Running ADAM optimization with a single iteration (no debug loop)
4.3718446716347605
QAOA optimisation for n=90 took 4.71 seconds; started at stardate 1787623290.7290647 and finished at stardate 1787623295.4388022
Finished QAOA for n=10 nodes, m=10 edges at 2026-08-25 04:01:35 on x86_64. Time taken: 4.71 seconds. Hours: 0.00 hours. Peak RAM: 0.22 MB.
Computing cycle approximation ratio
CSV writing for n=90 took 0.01 seconds; started at stardate 1787623295.4388106 and finished at stardate 1787623295.4455438
results: {90: 4.3718446716347605}
durations: {10: 4.709744215011597}
Results saved to: Results/logs/adam/qaoa_results_adam_20260825_012957_pid4067522_Exp5_subexp4_standardWithHeuristic_rerun2508.csv
Global end time: 1787623295.4455552
Finalisation time: 0.00 seconds; started at stardate 1787623295.4455473 and finished at stardate 1787623295.4455593
Sum of all section times: 4.73 seconds
run_id: 201e2c1b
