2026-04-15 15:56:51.594 system_profiler[77606:31896650] hw.cpufamily: 0x6f5129ac
Benchmark parameters: {'optimiser': 'ADAM', 'parameter_vector': [1, 1, 1], 'iterations_list': [100, 300, 500], 'depth_list': [1, 2, 3, 4, 5, 10, 15, 20], 'n_start': 2, 'n_end': 14, 'singlet_injection': False, 'start_index_singlet': 0, 'warm_start': True, 'compare_with_010101': False, 'warm_start_correlations': False, 'init_QAOAparams_close_to_zero': False, 'use_correlations_as_initial_params': False, 'time_limit': 10800, 'failed_instance_termination_thrsh': 10, 'graph_generation_type': 'complete', 'weighted': False, 'easiest_first': True, 'cpu_util_threshold': 90, 'debug': False, 'rerun_exclude_finished_instances': True}, Running QAOA with equal superposition
Benchmark run ID: 4adfa6b0
Processor: Apple M4
Hostname: Mac-mini-som-tillhor-Julian.local
Total RAM (GB): 16.0
Physical cores: 10
Logical cores: 10
Python version: 3.13.1
Generating complete graph with 6 nodes...
Running QAOA for n=6 nodes, m=15 edges...; Max iterations: 300
Warm-start: using parameter_vector=[1, 1, 1]
Warm-start: starting SDP solve for n_vertices=6
Starting SDP solve (solver preference: MOSEK, fallback: SCS) for n_vertices=6, matrix_dim=18, edges=15
Finished SDP solve with MOSEK. status=optimal. elapsed_seconds=0.05
Rounding...
n_vertices: 6 for n = 18
Using seed None to generate random matrix for x.
r_0: [-0.13388955  0.76331919 -0.63199478]
Product state qubit 0: [[ 0.18400261+0.j        -0.06694478-0.3816596j]
 [-0.06694478+0.3816596j  0.81599739+0.j       ]]
Diagonal entries of product state 0: [0.18400261 0.81599739]
r_1: [-0.26964257  0.96241836  0.03230772]
Product state qubit 1: [[ 0.51615386+0.j         -0.13482128-0.48120918j]
 [-0.13482128+0.48120918j  0.48384614+0.j        ]]
Diagonal entries of product state 1: [0.51615386 0.48384614]
r_2: [0.74161394 0.53913901 0.39917151]
Product state qubit 2: [[0.69958575+0.j        0.37080697-0.2695695j]
 [0.37080697+0.2695695j 0.30041425+0.j       ]]
Diagonal entries of product state 2: [0.69958575 0.30041425]
r_3: [-0.63624933 -0.51128904  0.57772858]
Product state qubit 3: [[ 0.78886429+0.j         -0.31812466+0.25564452j]
 [-0.31812466-0.25564452j  0.21113571+0.j        ]]
Diagonal entries of product state 3: [0.78886429 0.21113571]
r_4: [ 0.45377698 -0.88639971  0.09155328]
Product state qubit 4: [[0.54577664+0.j         0.22688849+0.44319985j]
 [0.22688849-0.44319985j 0.45422336+0.j        ]]
Diagonal entries of product state 4: [0.54577664 0.45422336]
r_5: [-0.21528906  0.66483198 -0.71529648]
Product state qubit 5: [[ 0.14235176+0.j         -0.10764453-0.33241599j]
 [-0.10764453+0.33241599j  0.85764824+0.j        ]]
Diagonal entries of product state 5: [0.14235176 0.85764824]
y_scalar: False
[-1, 1, 1, 1, 1, -1]
Check the cut: [-1, 1, 1, 1, 1, -1]
8 in cut out of a total of 15 edges
Warm-start: SDP solve + rounding finished in 0.06 seconds
Warm-start: statevector build finished in 0.00 seconds
warm_start_correlations: None
Edges: [(0, 1), (0, 2), (0, 3), (0, 4), (0, 5), (1, 2), (1, 3), (1, 4), (1, 5), (2, 3), (2, 4), (2, 5), (3, 4), (3, 5), (4, 5)], weights: [1.0, 1.0, 1.0, 1.0, 1.0, 1.0, 1.0, 1.0, 1.0, 1.0, 1.0, 1.0, 1.0, 1.0, 1.0], set of nodes: {0, 1, 2, 3, 4, 5}, n: 6 nodes, p: 4 layers, N_bayes: 300 iterations
Initial state injected as warm start
Layer 0: Added Cost and Mixer unitaries with gamma=γ[0] and beta=β[0]
.rz and .ry mixer terms added in addition to classical .rx mixer
Layer 1: Added Cost and Mixer unitaries with gamma=γ[1] and beta=β[1]
.rz and .ry mixer terms added in addition to classical .rx mixer
Layer 2: Added Cost and Mixer unitaries with gamma=γ[2] and beta=β[2]
.rz and .ry mixer terms added in addition to classical .rx mixer
Layer 3: Added Cost and Mixer unitaries with gamma=γ[3] and beta=β[3]
.rz and .ry mixer terms added in addition to classical .rx mixer
Using random initial parameters with gamma [4.1215749  3.37472988 5.98977229 0.70287889] and beta [2.13231974 0.3235766  0.87864309 0.24589315]
4.198572071746159
Finished QAOA for n=6 nodes, m=15 edges at 2026-04-15 15:57:14 on Apple M4. Time taken: 23.05 seconds. Hours: 0.01 hours. Peak RAM: 214.69 MB.
Computing complete graph approximation ratio
results: {6: 4.198572071746159}
durations: {6: 23.048153162002563}
Results saved to: logs/ADAM/qaoa_results_ADAM_20260415_081141.csv
