2026-04-15 11:51:53.505 system_profiler[90221:31285013] hw.cpufamily: 0x6f5129ac
Benchmark parameters: {'optimiser': 'ADAM', 'parameter_vector': [1, 1, 1], 'iterations_list': [100, 300, 500], 'depth_list': [1, 2, 3, 4, 5, 10, 15, 20], 'n_start': 2, 'n_end': 14, 'singlet_injection': False, 'start_index_singlet': 0, 'warm_start': True, 'compare_with_010101': False, 'warm_start_correlations': False, 'init_QAOAparams_close_to_zero': False, 'use_correlations_as_initial_params': False, 'time_limit': 10800, 'failed_instance_termination_thrsh': 10, 'graph_generation_type': 'complete', 'weighted': False, 'easiest_first': True, 'cpu_util_threshold': 90, 'debug': False, 'rerun_exclude_finished_instances': True}, Running QAOA with equal superposition
Benchmark run ID: c327380f
Processor: Apple M4
Hostname: Mac-mini-som-tillhor-Julian.local
Total RAM (GB): 16.0
Physical cores: 10
Logical cores: 10
Python version: 3.13.1
Generating complete graph with 5 nodes...
Running QAOA for n=5 nodes, m=10 edges...; Max iterations: 300
Warm-start: using parameter_vector=[1, 1, 1]
Warm-start: starting SDP solve for n_vertices=5
Starting SDP solve (solver preference: MOSEK, fallback: SCS) for n_vertices=5, matrix_dim=15, edges=10
Finished SDP solve with MOSEK. status=optimal. elapsed_seconds=0.05
Rounding...
n_vertices: 5 for n = 15
Using seed None to generate random matrix for x.
r_0: [ 0.7547124  -0.28560934 -0.59062383]
Product state qubit 0: [[0.20468809+0.j         0.3773562 +0.14280467j]
 [0.3773562 -0.14280467j 0.79531191+0.j        ]]
Diagonal entries of product state 0: [0.20468809 0.79531191]
r_1: [ 0.93004953 -0.35691998 -0.08726965]
Product state qubit 1: [[0.45636518+0.j         0.46502477+0.17845999j]
 [0.46502477-0.17845999j 0.54363482+0.j        ]]
Diagonal entries of product state 1: [0.45636518 0.54363482]
r_2: [-0.56577615  0.25365068  0.78457548]
Product state qubit 2: [[ 0.89228774+0.j         -0.28288807-0.12682534j]
 [-0.28288807+0.12682534j  0.10771226+0.j        ]]
Diagonal entries of product state 2: [0.89228774 0.10771226]
r_3: [-0.98480751 -0.16268156 -0.06073619]
Product state qubit 3: [[ 0.4696319 +0.j         -0.49240375+0.08134078j]
 [-0.49240375-0.08134078j  0.5303681 +0.j        ]]
Diagonal entries of product state 3: [0.4696319 0.5303681]
r_4: [-0.40076629  0.5902391  -0.7007169 ]
Product state qubit 4: [[ 0.14964155+0.j         -0.20038315-0.29511955j]
 [-0.20038315+0.29511955j  0.85035845+0.j        ]]
Diagonal entries of product state 4: [0.14964155 0.85035845]
y_scalar: False
[-1, -1, 1, -1, -1]
Check the cut: [-1, -1, 1, -1, -1]
4 in cut out of a total of 10 edges
Warm-start: SDP solve + rounding finished in 0.05 seconds
Warm-start: statevector build finished in 0.00 seconds
warm_start_correlations: None
Edges: [(0, 1), (0, 2), (0, 3), (0, 4), (1, 2), (1, 3), (1, 4), (2, 3), (2, 4), (3, 4)], weights: [1.0, 1.0, 1.0, 1.0, 1.0, 1.0, 1.0, 1.0, 1.0, 1.0], set of nodes: {0, 1, 2, 3, 4}, n: 5 nodes, p: 3 layers, N_bayes: 300 iterations
Initial state injected as warm start
Layer 0: Added Cost and Mixer unitaries with gamma=γ[0] and beta=β[0]
.rz and .ry mixer terms added in addition to classical .rx mixer
Layer 1: Added Cost and Mixer unitaries with gamma=γ[1] and beta=β[1]
.rz and .ry mixer terms added in addition to classical .rx mixer
Layer 2: Added Cost and Mixer unitaries with gamma=γ[2] and beta=β[2]
.rz and .ry mixer terms added in addition to classical .rx mixer
Using random initial parameters with gamma [5.82556601 0.90481761 3.76526464] and beta [0.85948992 0.72143348 2.10094276]
3.0623386979376344
Finished QAOA for n=5 nodes, m=10 edges at 2026-04-15 11:52:03 on Apple M4. Time taken: 9.85 seconds. Hours: 0.00 hours. Peak RAM: 213.36 MB.
Computing complete graph approximation ratio
results: {5: 3.0623386979376344}
durations: {5: 9.847717046737671}
Results saved to: logs/ADAM/qaoa_results_ADAM_20260415_081141.csv
