2026-04-15 11:17:59.707 system_profiler[47290:31192575] hw.cpufamily: 0x6f5129ac
Benchmark parameters: {'optimiser': 'ADAM', 'parameter_vector': [1, 1, 1], 'iterations_list': [100, 300, 500], 'depth_list': [1, 2, 3, 4, 5, 10, 15, 20], 'n_start': 2, 'n_end': 14, 'singlet_injection': False, 'start_index_singlet': 0, 'warm_start': True, 'compare_with_010101': False, 'warm_start_correlations': False, 'init_QAOAparams_close_to_zero': False, 'use_correlations_as_initial_params': False, 'time_limit': 10800, 'failed_instance_termination_thrsh': 10, 'graph_generation_type': 'complete', 'weighted': False, 'easiest_first': True, 'cpu_util_threshold': 90, 'debug': False, 'rerun_exclude_finished_instances': True}, Running QAOA with equal superposition
Benchmark run ID: 5464df30
Processor: Apple M4
Hostname: Mac-mini-som-tillhor-Julian.local
Total RAM (GB): 16.0
Physical cores: 10
Logical cores: 10
Python version: 3.13.1
Generating complete graph with 5 nodes...
Running QAOA for n=5 nodes, m=10 edges...; Max iterations: 100
Warm-start: using parameter_vector=[1, 1, 1]
Warm-start: starting SDP solve for n_vertices=5
Starting SDP solve (solver preference: MOSEK, fallback: SCS) for n_vertices=5, matrix_dim=15, edges=10
Finished SDP solve with MOSEK. status=optimal. elapsed_seconds=0.04
Rounding...
n_vertices: 5 for n = 15
Using seed None to generate random matrix for x.
r_0: [-0.83642181  0.23406341  0.49559346]
Product state qubit 0: [[ 0.74779673+0.j         -0.41821091-0.11703171j]
 [-0.41821091+0.11703171j  0.25220327+0.j        ]]
Diagonal entries of product state 0: [0.74779673 0.25220327]
r_1: [-0.58395876 -0.8112322   0.02990778]
Product state qubit 1: [[ 0.51495389+0.j        -0.29197938+0.4056161j]
 [-0.29197938-0.4056161j  0.48504611+0.j       ]]
Diagonal entries of product state 1: [0.51495389 0.48504611]
r_2: [ 0.5910371  -0.04401771 -0.80544248]
Product state qubit 2: [[0.09727876+0.j         0.29551855+0.02200885j]
 [0.29551855-0.02200885j 0.90272124+0.j        ]]
Diagonal entries of product state 2: [0.09727876 0.90272124]
r_3: [ 0.22592122 -0.78967855  0.57040985]
Product state qubit 3: [[0.78520492+0.j         0.11296061+0.39483927j]
 [0.11296061-0.39483927j 0.21479508+0.j        ]]
Diagonal entries of product state 3: [0.78520492 0.21479508]
r_4: [ 0.49841088  0.8638142  -0.07356371]
Product state qubit 4: [[0.46321815+0.j        0.24920544-0.4319071j]
 [0.24920544+0.4319071j 0.53678185+0.j       ]]
Diagonal entries of product state 4: [0.46321815 0.53678185]
y_scalar: False
[1, 1, -1, 1, -1]
Check the cut: [1, 1, -1, 1, -1]
6 in cut out of a total of 10 edges
Warm-start: SDP solve + rounding finished in 0.05 seconds
Warm-start: statevector build finished in 0.00 seconds
warm_start_correlations: None
Edges: [(0, 1), (0, 2), (0, 3), (0, 4), (1, 2), (1, 3), (1, 4), (2, 3), (2, 4), (3, 4)], weights: [1.0, 1.0, 1.0, 1.0, 1.0, 1.0, 1.0, 1.0, 1.0, 1.0], set of nodes: {0, 1, 2, 3, 4}, n: 5 nodes, p: 4 layers, N_bayes: 100 iterations
Initial state injected as warm start
Layer 0: Added Cost and Mixer unitaries with gamma=γ[0] and beta=β[0]
.rz and .ry mixer terms added in addition to classical .rx mixer
Layer 1: Added Cost and Mixer unitaries with gamma=γ[1] and beta=β[1]
.rz and .ry mixer terms added in addition to classical .rx mixer
Layer 2: Added Cost and Mixer unitaries with gamma=γ[2] and beta=β[2]
.rz and .ry mixer terms added in addition to classical .rx mixer
Layer 3: Added Cost and Mixer unitaries with gamma=γ[3] and beta=β[3]
.rz and .ry mixer terms added in addition to classical .rx mixer
Using random initial parameters with gamma [3.86658163 5.87398442 0.06005648 3.07556195] and beta [2.77883611 2.9839671  2.02568247 1.10942874]
3.0803325318530903
Finished QAOA for n=5 nodes, m=10 edges at 2026-04-15 11:18:04 on Apple M4. Time taken: 4.72 seconds. Hours: 0.00 hours. Peak RAM: 215.3 MB.
Computing complete graph approximation ratio
results: {5: 3.0803325318530903}
durations: {5: 4.72101092338562}
Results saved to: logs/ADAM/qaoa_results_ADAM_20260415_081141.csv
