2026-04-16 04:27:38.658 system_profiler[56857:33749953] hw.cpufamily: 0x6f5129ac
Benchmark parameters: {'optimiser': 'ADAM', 'parameter_vector': [1, 1, 1], 'iterations_list': [100, 300, 500], 'depth_list': [1, 2, 3, 4, 5, 10, 15, 20], 'n_start': 2, 'n_end': 14, 'singlet_injection': False, 'start_index_singlet': 0, 'warm_start': True, 'compare_with_010101': False, 'warm_start_correlations': False, 'init_QAOAparams_close_to_zero': False, 'use_correlations_as_initial_params': False, 'time_limit': 10800, 'failed_instance_termination_thrsh': 10, 'graph_generation_type': 'complete', 'weighted': False, 'easiest_first': True, 'cpu_util_threshold': 90, 'debug': False, 'rerun_exclude_finished_instances': True}, Running QAOA with equal superposition
Benchmark run ID: 318e7d39
Processor: Apple M4
Hostname: Mac-mini-som-tillhor-Julian.local
Total RAM (GB): 16.0
Physical cores: 10
Logical cores: 10
Python version: 3.13.1
Generating complete graph with 11 nodes...
Running QAOA for n=11 nodes, m=55 edges...; Max iterations: 100
Warm-start: using parameter_vector=[1, 1, 1]
Warm-start: starting SDP solve for n_vertices=11
Starting SDP solve (solver preference: MOSEK, fallback: SCS) for n_vertices=11, matrix_dim=33, edges=55
Finished SDP solve with MOSEK. status=optimal. elapsed_seconds=0.14
Rounding...
n_vertices: 11 for n = 33
Using seed None to generate random matrix for x.
r_0: [-0.82393418  0.03775    -0.56542674]
Product state qubit 0: [[ 0.21728663+0.j       -0.41196709-0.018875j]
 [-0.41196709+0.018875j  0.78271337+0.j      ]]
Diagonal entries of product state 0: [0.21728663 0.78271337]
r_1: [ 0.16480405  0.96293125 -0.21354866]
Product state qubit 1: [[0.39322567+0.j         0.08240203-0.48146563j]
 [0.08240203+0.48146563j 0.60677433+0.j        ]]
Diagonal entries of product state 1: [0.39322567 0.60677433]
r_2: [ 0.40115256  0.88651434 -0.23058392]
Product state qubit 2: [[0.38470804+0.j         0.20057628-0.44325717j]
 [0.20057628+0.44325717j 0.61529196+0.j        ]]
Diagonal entries of product state 2: [0.38470804 0.61529196]
r_3: [ 0.3905538   0.91764017 -0.07351356]
Product state qubit 3: [[0.46324322+0.j         0.1952769 -0.45882009j]
 [0.1952769 +0.45882009j 0.53675678+0.j        ]]
Diagonal entries of product state 3: [0.46324322 0.53675678]
r_4: [-0.2192708  -0.07488213  0.9727862 ]
Product state qubit 4: [[ 0.9863931+0.j         -0.1096354+0.03744106j]
 [-0.1096354-0.03744106j  0.0136069+0.j        ]]
Diagonal entries of product state 4: [0.9863931 0.0136069]
r_5: [-0.51815347 -0.36244942 -0.77469181]
Product state qubit 5: [[ 0.1126541 +0.j         -0.25907673+0.18122471j]
 [-0.25907673-0.18122471j  0.8873459 +0.j        ]]
Diagonal entries of product state 5: [0.1126541 0.8873459]
r_6: [ 0.07808469 -0.28561807  0.95515711]
Product state qubit 6: [[0.97757855+0.j         0.03904235+0.14280903j]
 [0.03904235-0.14280903j 0.02242145+0.j        ]]
Diagonal entries of product state 6: [0.97757855 0.02242145]
r_7: [ 0.34813047 -0.54879295  0.76002071]
Product state qubit 7: [[0.88001035+0.j         0.17406523+0.27439648j]
 [0.17406523-0.27439648j 0.11998965+0.j        ]]
Diagonal entries of product state 7: [0.88001035 0.11998965]
r_8: [-0.74815733 -0.19547653 -0.63407377]
Product state qubit 8: [[ 0.18296312+0.j         -0.37407866+0.09773826j]
 [-0.37407866-0.09773826j  0.81703688+0.j        ]]
Diagonal entries of product state 8: [0.18296312 0.81703688]
r_9: [ 0.20169206 -0.80063441 -0.56418512]
Product state qubit 9: [[0.21790744+0.j        0.10084603+0.4003172j]
 [0.10084603-0.4003172j 0.78209256+0.j       ]]
Diagonal entries of product state 9: [0.21790744 0.78209256]
r_10: [0.78809556 0.43720047 0.43331414]
Product state qubit 10: [[0.71665707+0.j         0.39404778-0.21860023j]
 [0.39404778+0.21860023j 0.28334293+0.j        ]]
Diagonal entries of product state 10: [0.71665707 0.28334293]
y_scalar: False
[-1, -1, -1, -1, 1, -1, 1, 1, -1, -1, 1]
Check the cut: [-1, -1, -1, -1, 1, -1, 1, 1, -1, -1, 1]
28 in cut out of a total of 55 edges
Warm-start: SDP solve + rounding finished in 0.18 seconds
Warm-start: statevector build finished in 0.00 seconds
warm_start_correlations: None
Edges: [(0, 1), (0, 2), (0, 3), (0, 4), (0, 5), (0, 6), (0, 7), (0, 8), (0, 9), (0, 10), (1, 2), (1, 3), (1, 4), (1, 5), (1, 6), (1, 7), (1, 8), (1, 9), (1, 10), (2, 3), (2, 4), (2, 5), (2, 6), (2, 7), (2, 8), (2, 9), (2, 10), (3, 4), (3, 5), (3, 6), (3, 7), (3, 8), (3, 9), (3, 10), (4, 5), (4, 6), (4, 7), (4, 8), (4, 9), (4, 10), (5, 6), (5, 7), (5, 8), (5, 9), (5, 10), (6, 7), (6, 8), (6, 9), (6, 10), (7, 8), (7, 9), (7, 10), (8, 9), (8, 10), (9, 10)], weights: [1.0, 1.0, 1.0, 1.0, 1.0, 1.0, 1.0, 1.0, 1.0, 1.0, 1.0, 1.0, 1.0, 1.0, 1.0, 1.0, 1.0, 1.0, 1.0, 1.0, 1.0, 1.0, 1.0, 1.0, 1.0, 1.0, 1.0, 1.0, 1.0, 1.0, 1.0, 1.0, 1.0, 1.0, 1.0, 1.0, 1.0, 1.0, 1.0, 1.0, 1.0, 1.0, 1.0, 1.0, 1.0, 1.0, 1.0, 1.0, 1.0, 1.0, 1.0, 1.0, 1.0, 1.0, 1.0], set of nodes: {0, 1, 2, 3, 4, 5, 6, 7, 8, 9, 10}, n: 11 nodes, p: 15 layers, N_bayes: 100 iterations
Initial state injected as warm start
Layer 0: Added Cost and Mixer unitaries with gamma=γ[0] and beta=β[0]
.rz and .ry mixer terms added in addition to classical .rx mixer
Layer 1: Added Cost and Mixer unitaries with gamma=γ[1] and beta=β[1]
.rz and .ry mixer terms added in addition to classical .rx mixer
Layer 2: Added Cost and Mixer unitaries with gamma=γ[2] and beta=β[2]
.rz and .ry mixer terms added in addition to classical .rx mixer
Layer 3: Added Cost and Mixer unitaries with gamma=γ[3] and beta=β[3]
.rz and .ry mixer terms added in addition to classical .rx mixer
Layer 4: Added Cost and Mixer unitaries with gamma=γ[4] and beta=β[4]
.rz and .ry mixer terms added in addition to classical .rx mixer
Layer 5: Added Cost and Mixer unitaries with gamma=γ[5] and beta=β[5]
.rz and .ry mixer terms added in addition to classical .rx mixer
Layer 6: Added Cost and Mixer unitaries with gamma=γ[6] and beta=β[6]
.rz and .ry mixer terms added in addition to classical .rx mixer
Layer 7: Added Cost and Mixer unitaries with gamma=γ[7] and beta=β[7]
.rz and .ry mixer terms added in addition to classical .rx mixer
Layer 8: Added Cost and Mixer unitaries with gamma=γ[8] and beta=β[8]
.rz and .ry mixer terms added in addition to classical .rx mixer
Layer 9: Added Cost and Mixer unitaries with gamma=γ[9] and beta=β[9]
.rz and .ry mixer terms added in addition to classical .rx mixer
Layer 10: Added Cost and Mixer unitaries with gamma=γ[10] and beta=β[10]
.rz and .ry mixer terms added in addition to classical .rx mixer
Layer 11: Added Cost and Mixer unitaries with gamma=γ[11] and beta=β[11]
.rz and .ry mixer terms added in addition to classical .rx mixer
Layer 12: Added Cost and Mixer unitaries with gamma=γ[12] and beta=β[12]
.rz and .ry mixer terms added in addition to classical .rx mixer
Layer 13: Added Cost and Mixer unitaries with gamma=γ[13] and beta=β[13]
.rz and .ry mixer terms added in addition to classical .rx mixer
Layer 14: Added Cost and Mixer unitaries with gamma=γ[14] and beta=β[14]
.rz and .ry mixer terms added in addition to classical .rx mixer
Using random initial parameters with gamma [0.24743742 3.23294877 5.29823264 0.79775272 2.99470549 3.80860216
 3.47428493 2.31273566 1.6080212  1.83147542 2.09926059 4.90167589
 4.00124102 5.34721036 5.7856928 ] and beta [0.74053653 2.7496295  2.12972393 0.4579188  2.8571531  2.46539164
 1.29287492 0.62459643 1.83138672 1.05463678 0.49154518 0.37048176
 2.05115987 2.40277451 3.05289208]
15.00534264861858
Finished QAOA for n=11 nodes, m=55 edges at 2026-04-16 06:28:53 on Apple M4. Time taken: 7274.92 seconds. Hours: 2.02 hours. Peak RAM: 474.0 MB.
Computing complete graph approximation ratio
results: {11: 15.00534264861858}
durations: {11: 7274.919371128082}
Results saved to: logs/ADAM/qaoa_results_ADAM_20260415_081141.csv
