2026-04-15 16:29:42.394 system_profiler[16275:31978441] hw.cpufamily: 0x6f5129ac
Benchmark parameters: {'optimiser': 'ADAM', 'parameter_vector': [1, 1, 1], 'iterations_list': [100, 300, 500], 'depth_list': [1, 2, 3, 4, 5, 10, 15, 20], 'n_start': 2, 'n_end': 14, 'singlet_injection': False, 'start_index_singlet': 0, 'warm_start': True, 'compare_with_010101': False, 'warm_start_correlations': False, 'init_QAOAparams_close_to_zero': False, 'use_correlations_as_initial_params': False, 'time_limit': 10800, 'failed_instance_termination_thrsh': 10, 'graph_generation_type': 'complete', 'weighted': False, 'easiest_first': True, 'cpu_util_threshold': 90, 'debug': False, 'rerun_exclude_finished_instances': True}, Running QAOA with equal superposition
Benchmark run ID: d90687d1
Processor: Apple M4
Hostname: Mac-mini-som-tillhor-Julian.local
Total RAM (GB): 16.0
Physical cores: 10
Logical cores: 10
Python version: 3.13.1
Generating complete graph with 4 nodes...
Running QAOA for n=4 nodes, m=6 edges...; Max iterations: 300
Warm-start: using parameter_vector=[1, 1, 1]
Warm-start: starting SDP solve for n_vertices=4
Starting SDP solve (solver preference: MOSEK, fallback: SCS) for n_vertices=4, matrix_dim=12, edges=6
Finished SDP solve with MOSEK. status=optimal. elapsed_seconds=0.04
Rounding...
n_vertices: 4 for n = 12
Using seed None to generate random matrix for x.
r_0: [-0.28789267  0.04116038  0.95677774]
Product state qubit 0: [[ 0.97838887+0.j         -0.14394633-0.02058019j]
 [-0.14394633+0.02058019j  0.02161113+0.j        ]]
Diagonal entries of product state 0: [0.97838887 0.02161113]
r_1: [-0.51976518 -0.81783957 -0.24694655]
Product state qubit 1: [[ 0.37652673+0.j         -0.25988259+0.40891978j]
 [-0.25988259-0.40891978j  0.62347327+0.j        ]]
Diagonal entries of product state 1: [0.37652673 0.62347327]
r_2: [ 0.50627779 -0.24053941 -0.82814467]
Product state qubit 2: [[0.08592767+0.j        0.25313889+0.1202697j]
 [0.25313889-0.1202697j 0.91407233+0.j       ]]
Diagonal entries of product state 2: [0.08592767 0.91407233]
r_3: [ 0.25507388  0.43078481 -0.86565684]
Product state qubit 3: [[0.06717158+0.j        0.12753694-0.2153924j]
 [0.12753694+0.2153924j 0.93282842+0.j       ]]
Diagonal entries of product state 3: [0.06717158 0.93282842]
y_scalar: False
[1, -1, -1, -1]
Check the cut: [1, -1, -1, -1]
3 in cut out of a total of 6 edges
Warm-start: SDP solve + rounding finished in 0.05 seconds
Warm-start: statevector build finished in 0.00 seconds
warm_start_correlations: None
Edges: [(0, 1), (0, 2), (0, 3), (1, 2), (1, 3), (2, 3)], weights: [1.0, 1.0, 1.0, 1.0, 1.0, 1.0], set of nodes: {0, 1, 2, 3}, n: 4 nodes, p: 5 layers, N_bayes: 300 iterations
Initial state injected as warm start
Layer 0: Added Cost and Mixer unitaries with gamma=γ[0] and beta=β[0]
.rz and .ry mixer terms added in addition to classical .rx mixer
Layer 1: Added Cost and Mixer unitaries with gamma=γ[1] and beta=β[1]
.rz and .ry mixer terms added in addition to classical .rx mixer
Layer 2: Added Cost and Mixer unitaries with gamma=γ[2] and beta=β[2]
.rz and .ry mixer terms added in addition to classical .rx mixer
Layer 3: Added Cost and Mixer unitaries with gamma=γ[3] and beta=β[3]
.rz and .ry mixer terms added in addition to classical .rx mixer
Layer 4: Added Cost and Mixer unitaries with gamma=γ[4] and beta=β[4]
.rz and .ry mixer terms added in addition to classical .rx mixer
Using random initial parameters with gamma [2.5302798  1.22272711 2.89933553 4.05932664 1.94668698] and beta [2.82818264 2.53898854 2.35254883 0.01313231 0.78078671]
1.8357191949145881
Finished QAOA for n=4 nodes, m=6 edges at 2026-04-15 16:29:58 on Apple M4. Time taken: 15.73 seconds. Hours: 0.00 hours. Peak RAM: 213.42 MB.
Computing complete graph approximation ratio
results: {4: 1.8357191949145881}
durations: {4: 15.727329015731812}
Results saved to: logs/ADAM/qaoa_results_ADAM_20260415_081141.csv
