2026-04-15 08:12:21.231 system_profiler[23707:30713716] hw.cpufamily: 0x6f5129ac
Benchmark parameters: {'optimiser': 'ADAM', 'parameter_vector': [1, 1, 1], 'iterations_list': [100, 300, 500], 'depth_list': [1, 2, 3, 4, 5, 10, 15, 20], 'n_start': 2, 'n_end': 14, 'singlet_injection': False, 'start_index_singlet': 0, 'warm_start': True, 'compare_with_010101': False, 'warm_start_correlations': False, 'init_QAOAparams_close_to_zero': False, 'use_correlations_as_initial_params': False, 'time_limit': 10800, 'failed_instance_termination_thrsh': 10, 'graph_generation_type': 'complete', 'weighted': False, 'easiest_first': True, 'cpu_util_threshold': 90, 'debug': False, 'rerun_exclude_finished_instances': True}, Running QAOA with equal superposition
Benchmark run ID: f9625521
Processor: Apple M4
Hostname: Mac-mini-som-tillhor-Julian.local
Total RAM (GB): 16.0
Physical cores: 10
Logical cores: 10
Python version: 3.13.1
Generating complete graph with 10 nodes...
Running QAOA for n=10 nodes, m=45 edges...; Max iterations: 100
Warm-start: using parameter_vector=[1, 1, 1]
Warm-start: starting SDP solve for n_vertices=10
Starting SDP solve (solver preference: MOSEK, fallback: SCS) for n_vertices=10, matrix_dim=30, edges=45
Finished SDP solve with MOSEK. status=optimal. elapsed_seconds=0.07
Rounding...
n_vertices: 10 for n = 30
Using seed None to generate random matrix for x.
r_0: [0.14618435 0.1772362  0.97325098]
Product state qubit 0: [[0.98662549+0.j        0.07309217-0.0886181j]
 [0.07309217+0.0886181j 0.01337451+0.j       ]]
Diagonal entries of product state 0: [0.98662549 0.01337451]
r_1: [ 0.29909681 -0.71889323 -0.62748197]
Product state qubit 1: [[0.18625902+0.j         0.14954841+0.35944661j]
 [0.14954841-0.35944661j 0.81374098+0.j        ]]
Diagonal entries of product state 1: [0.18625902 0.81374098]
r_2: [-0.84110658 -0.32926053 -0.42910048]
Product state qubit 2: [[ 0.28544976+0.j         -0.42055329+0.16463027j]
 [-0.42055329-0.16463027j  0.71455024+0.j        ]]
Diagonal entries of product state 2: [0.28544976 0.71455024]
r_3: [-0.02045704  0.89761315  0.44030913]
Product state qubit 3: [[ 0.72015457+0.j         -0.01022852-0.44880658j]
 [-0.01022852+0.44880658j  0.27984543+0.j        ]]
Diagonal entries of product state 3: [0.72015457 0.27984543]
r_4: [0.60211729 0.69335234 0.39587536]
Product state qubit 4: [[0.69793768+0.j         0.30105865-0.34667617j]
 [0.30105865+0.34667617j 0.30206232+0.j        ]]
Diagonal entries of product state 4: [0.69793768 0.30206232]
r_5: [ 0.49198447 -0.48815007  0.72087502]
Product state qubit 5: [[0.86043751+0.j         0.24599223+0.24407503j]
 [0.24599223-0.24407503j 0.13956249+0.j        ]]
Diagonal entries of product state 5: [0.86043751 0.13956249]
r_6: [-0.32557882  0.51571699 -0.79248623]
Product state qubit 6: [[ 0.10375689+0.j         -0.16278941-0.25785849j]
 [-0.16278941+0.25785849j  0.89624311+0.j        ]]
Diagonal entries of product state 6: [0.10375689 0.89624311]
r_7: [-0.44002949  0.42686965 -0.79003567]
Product state qubit 7: [[ 0.10498217+0.j         -0.22001474-0.21343482j]
 [-0.22001474+0.21343482j  0.89501783+0.j        ]]
Diagonal entries of product state 7: [0.10498217 0.89501783]
r_8: [ 0.76045626 -0.52221775 -0.38599857]
Product state qubit 8: [[0.30700071+0.j         0.38022813+0.26110888j]
 [0.38022813-0.26110888j 0.69299929+0.j        ]]
Diagonal entries of product state 8: [0.30700071 0.69299929]
r_9: [-0.8526268   0.32151026  0.41189646]
Product state qubit 9: [[ 0.70594823+0.j         -0.4263134 -0.16075513j]
 [-0.4263134 +0.16075513j  0.29405177+0.j        ]]
Diagonal entries of product state 9: [0.70594823 0.29405177]
y_scalar: False
[1, -1, -1, 1, 1, 1, -1, -1, -1, 1]
Check the cut: [1, -1, -1, 1, 1, 1, -1, -1, -1, 1]
25 in cut out of a total of 45 edges
Warm-start: SDP solve + rounding finished in 0.08 seconds
Warm-start: statevector build finished in 0.00 seconds
warm_start_correlations: None
Edges: [(0, 1), (0, 2), (0, 3), (0, 4), (0, 5), (0, 6), (0, 7), (0, 8), (0, 9), (1, 2), (1, 3), (1, 4), (1, 5), (1, 6), (1, 7), (1, 8), (1, 9), (2, 3), (2, 4), (2, 5), (2, 6), (2, 7), (2, 8), (2, 9), (3, 4), (3, 5), (3, 6), (3, 7), (3, 8), (3, 9), (4, 5), (4, 6), (4, 7), (4, 8), (4, 9), (5, 6), (5, 7), (5, 8), (5, 9), (6, 7), (6, 8), (6, 9), (7, 8), (7, 9), (8, 9)], weights: [1.0, 1.0, 1.0, 1.0, 1.0, 1.0, 1.0, 1.0, 1.0, 1.0, 1.0, 1.0, 1.0, 1.0, 1.0, 1.0, 1.0, 1.0, 1.0, 1.0, 1.0, 1.0, 1.0, 1.0, 1.0, 1.0, 1.0, 1.0, 1.0, 1.0, 1.0, 1.0, 1.0, 1.0, 1.0, 1.0, 1.0, 1.0, 1.0, 1.0, 1.0, 1.0, 1.0, 1.0, 1.0], set of nodes: {0, 1, 2, 3, 4, 5, 6, 7, 8, 9}, n: 10 nodes, p: 1 layers, N_bayes: 100 iterations
Initial state injected as warm start
Layer 0: Added Cost and Mixer unitaries with gamma=γ[0] and beta=β[0]
.rz and .ry mixer terms added in addition to classical .rx mixer
Using random initial parameters with gamma [0.53288] and beta [0.43340165]
12.376562647463361
Finished QAOA for n=10 nodes, m=45 edges at 2026-04-15 08:13:13 on Apple M4. Time taken: 52.64 seconds. Hours: 0.01 hours. Peak RAM: 311.22 MB.
Computing complete graph approximation ratio
results: {10: 12.376562647463361}
durations: {10: 52.6418080329895}
Results saved to: logs/ADAM/qaoa_results_ADAM_20260415_081141.csv
