2026-04-15 09:04:57.192 system_profiler[90804:30858063] hw.cpufamily: 0x6f5129ac
Benchmark parameters: {'optimiser': 'ADAM', 'parameter_vector': [1, 1, 1], 'iterations_list': [100, 300, 500], 'depth_list': [1, 2, 3, 4, 5, 10, 15, 20], 'n_start': 2, 'n_end': 14, 'singlet_injection': False, 'start_index_singlet': 0, 'warm_start': True, 'compare_with_010101': False, 'warm_start_correlations': False, 'init_QAOAparams_close_to_zero': False, 'use_correlations_as_initial_params': False, 'time_limit': 10800, 'failed_instance_termination_thrsh': 10, 'graph_generation_type': 'complete', 'weighted': False, 'easiest_first': True, 'cpu_util_threshold': 90, 'debug': False, 'rerun_exclude_finished_instances': True}, Running QAOA with equal superposition
Benchmark run ID: 181d57b4
Processor: Apple M4
Hostname: Mac-mini-som-tillhor-Julian.local
Total RAM (GB): 16.0
Physical cores: 10
Logical cores: 10
Python version: 3.13.1
Generating complete graph with 6 nodes...
Running QAOA for n=6 nodes, m=15 edges...; Max iterations: 100
Warm-start: using parameter_vector=[1, 1, 1]
Warm-start: starting SDP solve for n_vertices=6
Starting SDP solve (solver preference: MOSEK, fallback: SCS) for n_vertices=6, matrix_dim=18, edges=15
Finished SDP solve with MOSEK. status=optimal. elapsed_seconds=0.05
Rounding...
n_vertices: 6 for n = 18
Using seed None to generate random matrix for x.
r_0: [ 7.44846315e-01  6.67235953e-01 -3.87388143e-04]
Product state qubit 0: [[0.49980631+0.j         0.37242316-0.33361798j]
 [0.37242316+0.33361798j 0.50019369+0.j        ]]
Diagonal entries of product state 0: [0.49980631 0.50019369]
r_1: [ 0.44662443 -0.64996831 -0.6148722 ]
Product state qubit 1: [[0.1925639 +0.j         0.22331221+0.32498415j]
 [0.22331221-0.32498415j 0.8074361 +0.j        ]]
Diagonal entries of product state 1: [0.1925639 0.8074361]
r_2: [-0.18096035  0.43840326 -0.88037261]
Product state qubit 2: [[ 0.05981369+0.j         -0.09048017-0.21920163j]
 [-0.09048017+0.21920163j  0.94018631+0.j        ]]
Diagonal entries of product state 2: [0.05981369 0.94018631]
r_3: [-0.19797523 -0.87402757  0.44371345]
Product state qubit 3: [[ 0.72185672+0.j         -0.09898762+0.43701378j]
 [-0.09898762-0.43701378j  0.27814328+0.j        ]]
Diagonal entries of product state 3: [0.72185672 0.27814328]
r_4: [-0.8135793  -0.52560397 -0.24865475]
Product state qubit 4: [[ 0.37567262+0.j         -0.40678965+0.26280199j]
 [-0.40678965-0.26280199j  0.62432738+0.j        ]]
Diagonal entries of product state 4: [0.37567262 0.62432738]
r_5: [-0.0478323   0.61551509  0.78667226]
Product state qubit 5: [[ 0.89333613+0.j         -0.02391615-0.30775755j]
 [-0.02391615+0.30775755j  0.10666387+0.j        ]]
Diagonal entries of product state 5: [0.89333613 0.10666387]
y_scalar: False
[-1, -1, -1, 1, -1, 1]
Check the cut: [-1, -1, -1, 1, -1, 1]
8 in cut out of a total of 15 edges
Warm-start: SDP solve + rounding finished in 0.06 seconds
Warm-start: statevector build finished in 0.00 seconds
warm_start_correlations: None
Edges: [(0, 1), (0, 2), (0, 3), (0, 4), (0, 5), (1, 2), (1, 3), (1, 4), (1, 5), (2, 3), (2, 4), (2, 5), (3, 4), (3, 5), (4, 5)], weights: [1.0, 1.0, 1.0, 1.0, 1.0, 1.0, 1.0, 1.0, 1.0, 1.0, 1.0, 1.0, 1.0, 1.0, 1.0], set of nodes: {0, 1, 2, 3, 4, 5}, n: 6 nodes, p: 3 layers, N_bayes: 100 iterations
Initial state injected as warm start
Layer 0: Added Cost and Mixer unitaries with gamma=γ[0] and beta=β[0]
.rz and .ry mixer terms added in addition to classical .rx mixer
Layer 1: Added Cost and Mixer unitaries with gamma=γ[1] and beta=β[1]
.rz and .ry mixer terms added in addition to classical .rx mixer
Layer 2: Added Cost and Mixer unitaries with gamma=γ[2] and beta=β[2]
.rz and .ry mixer terms added in addition to classical .rx mixer
Using random initial parameters with gamma [1.8059444  5.2056976  3.58809318] and beta [0.71070418 2.31558088 0.91140278]
4.453205016523397
Finished QAOA for n=6 nodes, m=15 edges at 2026-04-15 09:05:01 on Apple M4. Time taken: 4.76 seconds. Hours: 0.00 hours. Peak RAM: 215.19 MB.
Computing complete graph approximation ratio
results: {6: 4.453205016523397}
durations: {6: 4.756548166275024}
Results saved to: logs/ADAM/qaoa_results_ADAM_20260415_081141.csv
