2026-04-16 06:42:33.035 system_profiler[13453:34077765] hw.cpufamily: 0x6f5129ac
Benchmark parameters: {'optimiser': 'ADAM', 'parameter_vector': [1, 1, 1], 'iterations_list': [100, 300, 500], 'depth_list': [1, 2, 3, 4, 5, 10, 15, 20], 'n_start': 2, 'n_end': 14, 'singlet_injection': False, 'start_index_singlet': 0, 'warm_start': True, 'compare_with_010101': False, 'warm_start_correlations': False, 'init_QAOAparams_close_to_zero': False, 'use_correlations_as_initial_params': False, 'time_limit': 10800, 'failed_instance_termination_thrsh': 10, 'graph_generation_type': 'complete', 'weighted': False, 'easiest_first': True, 'cpu_util_threshold': 90, 'debug': False, 'rerun_exclude_finished_instances': True}, Running QAOA with equal superposition
Benchmark run ID: 05b4a536
Processor: Apple M4
Hostname: Mac-mini-som-tillhor-Julian.local
Total RAM (GB): 16.0
Physical cores: 10
Logical cores: 10
Python version: 3.13.1
Generating complete graph with 14 nodes...
Running QAOA for n=14 nodes, m=91 edges...; Max iterations: 300
Warm-start: using parameter_vector=[1, 1, 1]
Warm-start: starting SDP solve for n_vertices=14
Starting SDP solve (solver preference: MOSEK, fallback: SCS) for n_vertices=14, matrix_dim=42, edges=91
Finished SDP solve with MOSEK. status=optimal. elapsed_seconds=0.24
Rounding...
n_vertices: 14 for n = 42
Using seed None to generate random matrix for x.
r_0: [ 0.61946436 -0.78384482 -0.04302557]
Product state qubit 0: [[0.47848722+0.j         0.30973218+0.39192241j]
 [0.30973218-0.39192241j 0.52151278+0.j        ]]
Diagonal entries of product state 0: [0.47848722 0.52151278]
r_1: [ 0.67504678 -0.71374484 -0.18676227]
Product state qubit 1: [[0.40661887+0.j         0.33752339+0.35687242j]
 [0.33752339-0.35687242j 0.59338113+0.j        ]]
Diagonal entries of product state 1: [0.40661887 0.59338113]
r_2: [-0.1941675   0.6636987  -0.72235934]
Product state qubit 2: [[ 0.13882033+0.j         -0.09708375-0.33184935j]
 [-0.09708375+0.33184935j  0.86117967+0.j        ]]
Diagonal entries of product state 2: [0.13882033 0.86117967]
r_3: [-0.64028963  0.04404386 -0.76686982]
Product state qubit 3: [[ 0.11656509+0.j         -0.32014482-0.02202193j]
 [-0.32014482+0.02202193j  0.88343491+0.j        ]]
Diagonal entries of product state 3: [0.11656509 0.88343491]
r_4: [-0.93849835 -0.07013343 -0.33808601]
Product state qubit 4: [[ 0.33095699+0.j         -0.46924917+0.03506671j]
 [-0.46924917-0.03506671j  0.66904301+0.j        ]]
Diagonal entries of product state 4: [0.33095699 0.66904301]
r_5: [ 0.0760919  -0.77163967  0.63149208]
Product state qubit 5: [[0.81574604+0.j         0.03804595+0.38581983j]
 [0.03804595-0.38581983j 0.18425396+0.j        ]]
Diagonal entries of product state 5: [0.81574604 0.18425396]
r_6: [-0.96383114  0.24868252  0.09584639]
Product state qubit 6: [[ 0.5479232 +0.j         -0.48191557-0.12434126j]
 [-0.48191557+0.12434126j  0.4520768 +0.j        ]]
Diagonal entries of product state 6: [0.5479232 0.4520768]
r_7: [-0.60838576  0.64581736  0.46128809]
Product state qubit 7: [[ 0.73064405+0.j         -0.30419288-0.32290868j]
 [-0.30419288+0.32290868j  0.26935595+0.j        ]]
Diagonal entries of product state 7: [0.73064405 0.26935595]
r_8: [0.67884623 0.70786092 0.19519403]
Product state qubit 8: [[0.59759701+0.j         0.33942312-0.35393046j]
 [0.33942312+0.35393046j 0.40240299+0.j        ]]
Diagonal entries of product state 8: [0.59759701 0.40240299]
r_9: [ 0.16822705  0.31068871 -0.93550638]
Product state qubit 9: [[0.03224681+0.j         0.08411352-0.15534435j]
 [0.08411352+0.15534435j 0.96775319+0.j        ]]
Diagonal entries of product state 9: [0.03224681 0.96775319]
r_10: [ 0.3277976  -0.00512929  0.94473405]
Product state qubit 10: [[0.97236702+0.j         0.1638988 +0.00256465j]
 [0.1638988 -0.00256465j 0.02763298+0.j        ]]
Diagonal entries of product state 10: [0.97236702 0.02763298]
r_11: [0.77724553 0.2948479  0.55583639]
Product state qubit 11: [[0.7779182 +0.j         0.38862277-0.14742395j]
 [0.38862277+0.14742395j 0.2220818 +0.j        ]]
Diagonal entries of product state 11: [0.7779182 0.2220818]
r_12: [-0.41685896 -0.47169746 -0.77700072]
Product state qubit 12: [[ 0.11149964+0.j         -0.20842948+0.23584873j]
 [-0.20842948-0.23584873j  0.88850036+0.j        ]]
Diagonal entries of product state 12: [0.11149964 0.88850036]
r_13: [ 0.53445564 -0.84426758  0.03961601]
Product state qubit 13: [[0.51980801+0.j         0.26722782+0.42213379j]
 [0.26722782-0.42213379j 0.48019199+0.j        ]]
Diagonal entries of product state 13: [0.51980801 0.48019199]
y_scalar: False
[-1, -1, -1, -1, -1, 1, 1, 1, 1, -1, 1, 1, -1, 1]
Check the cut: [-1, -1, -1, -1, -1, 1, 1, 1, 1, -1, 1, 1, -1, 1]
49 in cut out of a total of 91 edges
Warm-start: SDP solve + rounding finished in 3.30 seconds
Warm-start: statevector build finished in 0.00 seconds
