2026-04-15 17:33:22.518 system_profiler[90319:32138914] hw.cpufamily: 0x6f5129ac
Benchmark parameters: {'optimiser': 'ADAM', 'parameter_vector': [1, 1, 1], 'iterations_list': [100, 300, 500], 'depth_list': [1, 2, 3, 4, 5, 10, 15, 20], 'n_start': 2, 'n_end': 14, 'singlet_injection': False, 'start_index_singlet': 0, 'warm_start': True, 'compare_with_010101': False, 'warm_start_correlations': False, 'init_QAOAparams_close_to_zero': False, 'use_correlations_as_initial_params': False, 'time_limit': 10800, 'failed_instance_termination_thrsh': 10, 'graph_generation_type': 'complete', 'weighted': False, 'easiest_first': True, 'cpu_util_threshold': 90, 'debug': False, 'rerun_exclude_finished_instances': True}, Running QAOA with equal superposition
Benchmark run ID: 44b77766
Processor: Apple M4
Hostname: Mac-mini-som-tillhor-Julian.local
Total RAM (GB): 16.0
Physical cores: 10
Logical cores: 10
Python version: 3.13.1
Generating complete graph with 8 nodes...
Running QAOA for n=8 nodes, m=28 edges...; Max iterations: 500
Warm-start: using parameter_vector=[1, 1, 1]
Warm-start: starting SDP solve for n_vertices=8
Starting SDP solve (solver preference: MOSEK, fallback: SCS) for n_vertices=8, matrix_dim=24, edges=28
Finished SDP solve with MOSEK. status=optimal. elapsed_seconds=0.08
Rounding...
n_vertices: 8 for n = 24
Using seed None to generate random matrix for x.
r_0: [ 0.35433796 -0.35488702  0.86515884]
Product state qubit 0: [[0.93257942+0.j         0.17716898+0.17744351j]
 [0.17716898-0.17744351j 0.06742058+0.j        ]]
Diagonal entries of product state 0: [0.93257942 0.06742058]
r_1: [ 0.47467448  0.32336689 -0.81860735]
Product state qubit 1: [[0.09069633+0.j         0.23733724-0.16168345j]
 [0.23733724+0.16168345j 0.90930367+0.j        ]]
Diagonal entries of product state 1: [0.09069633 0.90930367]
r_2: [-0.95331338 -0.20098476 -0.22538572]
Product state qubit 2: [[ 0.38730714+0.j         -0.47665669+0.10049238j]
 [-0.47665669-0.10049238j  0.61269286+0.j        ]]
Diagonal entries of product state 2: [0.38730714 0.61269286]
r_3: [ 0.42224564 -0.90641034  0.01135399]
Product state qubit 3: [[0.50567699+0.j         0.21112282+0.45320517j]
 [0.21112282-0.45320517j 0.49432301+0.j        ]]
Diagonal entries of product state 3: [0.50567699 0.49432301]
r_4: [ 0.18459345 -0.01496404  0.98270104]
Product state qubit 4: [[0.99135052+0.j         0.09229673+0.00748202j]
 [0.09229673-0.00748202j 0.00864948+0.j        ]]
Diagonal entries of product state 4: [0.99135052 0.00864948]
r_5: [-0.44930957  0.84903274  0.27796461]
Product state qubit 5: [[ 0.6389823 +0.j         -0.22465478-0.42451637j]
 [-0.22465478+0.42451637j  0.3610177 +0.j        ]]
Diagonal entries of product state 5: [0.6389823 0.3610177]
r_6: [ 0.02916443 -0.80071847 -0.59833048]
Product state qubit 6: [[0.20083476+0.j         0.01458221+0.40035924j]
 [0.01458221-0.40035924j 0.79916524+0.j        ]]
Diagonal entries of product state 6: [0.20083476 0.79916524]
r_7: [-0.08478831  0.98932042 -0.11855821]
Product state qubit 7: [[ 0.4407209 +0.j         -0.04239416-0.49466021j]
 [-0.04239416+0.49466021j  0.5592791 +0.j        ]]
Diagonal entries of product state 7: [0.4407209 0.5592791]
y_scalar: False
[1, -1, -1, 1, 1, 1, -1, -1]
Check the cut: [1, -1, -1, 1, 1, 1, -1, -1]
16 in cut out of a total of 28 edges
Warm-start: SDP solve + rounding finished in 0.09 seconds
Warm-start: statevector build finished in 0.00 seconds
warm_start_correlations: None
Edges: [(0, 1), (0, 2), (0, 3), (0, 4), (0, 5), (0, 6), (0, 7), (1, 2), (1, 3), (1, 4), (1, 5), (1, 6), (1, 7), (2, 3), (2, 4), (2, 5), (2, 6), (2, 7), (3, 4), (3, 5), (3, 6), (3, 7), (4, 5), (4, 6), (4, 7), (5, 6), (5, 7), (6, 7)], weights: [1.0, 1.0, 1.0, 1.0, 1.0, 1.0, 1.0, 1.0, 1.0, 1.0, 1.0, 1.0, 1.0, 1.0, 1.0, 1.0, 1.0, 1.0, 1.0, 1.0, 1.0, 1.0, 1.0, 1.0, 1.0, 1.0, 1.0, 1.0], set of nodes: {0, 1, 2, 3, 4, 5, 6, 7}, n: 8 nodes, p: 3 layers, N_bayes: 500 iterations
Initial state injected as warm start
Layer 0: Added Cost and Mixer unitaries with gamma=γ[0] and beta=β[0]
.rz and .ry mixer terms added in addition to classical .rx mixer
Layer 1: Added Cost and Mixer unitaries with gamma=γ[1] and beta=β[1]
.rz and .ry mixer terms added in addition to classical .rx mixer
Layer 2: Added Cost and Mixer unitaries with gamma=γ[2] and beta=β[2]
.rz and .ry mixer terms added in addition to classical .rx mixer
Using random initial parameters with gamma [5.23656608 0.29028042 1.90165772] and beta [3.0549411  0.23095394 0.15018878]
7.980548303945526
Finished QAOA for n=8 nodes, m=28 edges at 2026-04-15 17:34:20 on Apple M4. Time taken: 57.90 seconds. Hours: 0.02 hours. Peak RAM: 258.92 MB.
Computing complete graph approximation ratio
results: {8: 7.980548303945526}
durations: {8: 57.899080991744995}
Results saved to: logs/ADAM/qaoa_results_ADAM_20260415_081141.csv
