2026-04-16 05:00:19.012 system_profiler[93906:33828230] hw.cpufamily: 0x6f5129ac
Benchmark parameters: {'optimiser': 'ADAM', 'parameter_vector': [1, 1, 1], 'iterations_list': [100, 300, 500], 'depth_list': [1, 2, 3, 4, 5, 10, 15, 20], 'n_start': 2, 'n_end': 14, 'singlet_injection': False, 'start_index_singlet': 0, 'warm_start': True, 'compare_with_010101': False, 'warm_start_correlations': False, 'init_QAOAparams_close_to_zero': False, 'use_correlations_as_initial_params': False, 'time_limit': 10800, 'failed_instance_termination_thrsh': 10, 'graph_generation_type': 'complete', 'weighted': False, 'easiest_first': True, 'cpu_util_threshold': 90, 'debug': False, 'rerun_exclude_finished_instances': True}, Running QAOA with equal superposition
Benchmark run ID: e08dd441
Processor: Apple M4
Hostname: Mac-mini-som-tillhor-Julian.local
Total RAM (GB): 16.0
Physical cores: 10
Logical cores: 10
Python version: 3.13.1
Generating complete graph with 10 nodes...
Running QAOA for n=10 nodes, m=45 edges...; Max iterations: 300
Warm-start: using parameter_vector=[1, 1, 1]
Warm-start: starting SDP solve for n_vertices=10
Starting SDP solve (solver preference: MOSEK, fallback: SCS) for n_vertices=10, matrix_dim=30, edges=45
Finished SDP solve with MOSEK. status=optimal. elapsed_seconds=0.11
Rounding...
n_vertices: 10 for n = 30
Using seed None to generate random matrix for x.
r_0: [ 0.96663756 -0.24134425 -0.08581824]
Product state qubit 0: [[0.45709088+0.j         0.48331878+0.12067213j]
 [0.48331878-0.12067213j 0.54290912+0.j        ]]
Diagonal entries of product state 0: [0.45709088 0.54290912]
r_1: [-0.42811004 -0.56139713 -0.70820552]
Product state qubit 1: [[ 0.14589724+0.j         -0.21405502+0.28069857j]
 [-0.21405502-0.28069857j  0.85410276+0.j        ]]
Diagonal entries of product state 1: [0.14589724 0.85410276]
r_2: [-0.3241584   0.9128905   0.24809731]
Product state qubit 2: [[ 0.62404865+0.j         -0.1620792 -0.45644525j]
 [-0.1620792 +0.45644525j  0.37595135+0.j        ]]
Diagonal entries of product state 2: [0.62404865 0.37595135]
r_3: [-0.68344591 -0.28567184 -0.67178366]
Product state qubit 3: [[ 0.16410817+0.j         -0.34172295+0.14283592j]
 [-0.34172295-0.14283592j  0.83589183+0.j        ]]
Diagonal entries of product state 3: [0.16410817 0.83589183]
r_4: [-0.20613009 -0.84742744  0.48926182]
Product state qubit 4: [[ 0.74463091+0.j         -0.10306504+0.42371372j]
 [-0.10306504-0.42371372j  0.25536909+0.j        ]]
Diagonal entries of product state 4: [0.74463091 0.25536909]
r_5: [-0.15830011  0.97867059 -0.13093874]
Product state qubit 5: [[ 0.43453063+0.j         -0.07915006-0.48933529j]
 [-0.07915006+0.48933529j  0.56546937+0.j        ]]
Diagonal entries of product state 5: [0.43453063 0.56546937]
r_6: [ 0.89519798 -0.28768023  0.34038313]
Product state qubit 6: [[0.67019156+0.j         0.44759899+0.14384011j]
 [0.44759899-0.14384011j 0.32980844+0.j        ]]
Diagonal entries of product state 6: [0.67019156 0.32980844]
r_7: [-0.60804189  0.4225941   0.67208578]
Product state qubit 7: [[ 0.83604289+0.j         -0.30402094-0.21129705j]
 [-0.30402094+0.21129705j  0.16395711+0.j        ]]
Diagonal entries of product state 7: [0.83604289 0.16395711]
r_8: [ 0.85768569 -0.37692074 -0.34972276]
Product state qubit 8: [[0.32513862+0.j         0.42884285+0.18846037j]
 [0.42884285-0.18846037j 0.67486138+0.j        ]]
Diagonal entries of product state 8: [0.32513862 0.67486138]
r_9: [-0.97897326  0.20011915  0.03954343]
Product state qubit 9: [[ 0.51977171+0.j         -0.48948663-0.10005957j]
 [-0.48948663+0.10005957j  0.48022829+0.j        ]]
Diagonal entries of product state 9: [0.51977171 0.48022829]
y_scalar: False
[-1, -1, 1, -1, 1, -1, 1, 1, -1, 1]
Check the cut: [-1, -1, 1, -1, 1, -1, 1, 1, -1, 1]
25 in cut out of a total of 45 edges
Warm-start: SDP solve + rounding finished in 0.12 seconds
Warm-start: statevector build finished in 0.00 seconds
warm_start_correlations: None
Edges: [(0, 1), (0, 2), (0, 3), (0, 4), (0, 5), (0, 6), (0, 7), (0, 8), (0, 9), (1, 2), (1, 3), (1, 4), (1, 5), (1, 6), (1, 7), (1, 8), (1, 9), (2, 3), (2, 4), (2, 5), (2, 6), (2, 7), (2, 8), (2, 9), (3, 4), (3, 5), (3, 6), (3, 7), (3, 8), (3, 9), (4, 5), (4, 6), (4, 7), (4, 8), (4, 9), (5, 6), (5, 7), (5, 8), (5, 9), (6, 7), (6, 8), (6, 9), (7, 8), (7, 9), (8, 9)], weights: [1.0, 1.0, 1.0, 1.0, 1.0, 1.0, 1.0, 1.0, 1.0, 1.0, 1.0, 1.0, 1.0, 1.0, 1.0, 1.0, 1.0, 1.0, 1.0, 1.0, 1.0, 1.0, 1.0, 1.0, 1.0, 1.0, 1.0, 1.0, 1.0, 1.0, 1.0, 1.0, 1.0, 1.0, 1.0, 1.0, 1.0, 1.0, 1.0, 1.0, 1.0, 1.0, 1.0, 1.0, 1.0], set of nodes: {0, 1, 2, 3, 4, 5, 6, 7, 8, 9}, n: 10 nodes, p: 10 layers, N_bayes: 300 iterations
Initial state injected as warm start
Layer 0: Added Cost and Mixer unitaries with gamma=γ[0] and beta=β[0]
.rz and .ry mixer terms added in addition to classical .rx mixer
Layer 1: Added Cost and Mixer unitaries with gamma=γ[1] and beta=β[1]
.rz and .ry mixer terms added in addition to classical .rx mixer
Layer 2: Added Cost and Mixer unitaries with gamma=γ[2] and beta=β[2]
.rz and .ry mixer terms added in addition to classical .rx mixer
Layer 3: Added Cost and Mixer unitaries with gamma=γ[3] and beta=β[3]
.rz and .ry mixer terms added in addition to classical .rx mixer
Layer 4: Added Cost and Mixer unitaries with gamma=γ[4] and beta=β[4]
.rz and .ry mixer terms added in addition to classical .rx mixer
Layer 5: Added Cost and Mixer unitaries with gamma=γ[5] and beta=β[5]
.rz and .ry mixer terms added in addition to classical .rx mixer
Layer 6: Added Cost and Mixer unitaries with gamma=γ[6] and beta=β[6]
.rz and .ry mixer terms added in addition to classical .rx mixer
Layer 7: Added Cost and Mixer unitaries with gamma=γ[7] and beta=β[7]
.rz and .ry mixer terms added in addition to classical .rx mixer
Layer 8: Added Cost and Mixer unitaries with gamma=γ[8] and beta=β[8]
.rz and .ry mixer terms added in addition to classical .rx mixer
Layer 9: Added Cost and Mixer unitaries with gamma=γ[9] and beta=β[9]
.rz and .ry mixer terms added in addition to classical .rx mixer
Using random initial parameters with gamma [4.90485716 3.69021239 4.82223526 0.36162263 1.64214513 3.82813071
 6.05163941 5.80820099 3.07377102 3.50165248] and beta [3.08681612 2.01396361 2.59056546 2.6330754  1.61477696 1.64052137
 2.92267616 2.76092287 0.56186328 2.73729921]
12.440269308429887
Finished QAOA for n=10 nodes, m=45 edges at 2026-04-16 05:36:55 on Apple M4. Time taken: 2196.59 seconds. Hours: 0.61 hours. Peak RAM: 354.23 MB.
Computing complete graph approximation ratio
results: {10: 12.440269308429887}
durations: {10: 2196.5921580791473}
Results saved to: logs/ADAM/qaoa_results_ADAM_20260415_081141.csv
