2026-04-15 17:48:09.148 system_profiler[8008:32175894] hw.cpufamily: 0x6f5129ac
Benchmark parameters: {'optimiser': 'ADAM', 'parameter_vector': [1, 1, 1], 'iterations_list': [100, 300, 500], 'depth_list': [1, 2, 3, 4, 5, 10, 15, 20], 'n_start': 2, 'n_end': 14, 'singlet_injection': False, 'start_index_singlet': 0, 'warm_start': True, 'compare_with_010101': False, 'warm_start_correlations': False, 'init_QAOAparams_close_to_zero': False, 'use_correlations_as_initial_params': False, 'time_limit': 10800, 'failed_instance_termination_thrsh': 10, 'graph_generation_type': 'complete', 'weighted': False, 'easiest_first': True, 'cpu_util_threshold': 90, 'debug': False, 'rerun_exclude_finished_instances': True}, Running QAOA with equal superposition
Benchmark run ID: f649c0bb
Processor: Apple M4
Hostname: Mac-mini-som-tillhor-Julian.local
Total RAM (GB): 16.0
Physical cores: 10
Logical cores: 10
Python version: 3.13.1
Generating complete graph with 3 nodes...
Running QAOA for n=3 nodes, m=3 edges...; Max iterations: 500
Warm-start: using parameter_vector=[1, 1, 1]
Warm-start: starting SDP solve for n_vertices=3
Starting SDP solve (solver preference: MOSEK, fallback: SCS) for n_vertices=3, matrix_dim=9, edges=3
Finished SDP solve with MOSEK. status=optimal. elapsed_seconds=0.03
Rounding...
n_vertices: 3 for n = 9
Using seed None to generate random matrix for x.
r_0: [ 0.42028784  0.74118336 -0.52345521]
Product state qubit 0: [[0.23827239+0.j         0.21014392-0.37059168j]
 [0.21014392+0.37059168j 0.76172761+0.j        ]]
Diagonal entries of product state 0: [0.23827239 0.76172761]
r_1: [-0.5332642   0.41992431  0.73436562]
Product state qubit 1: [[ 0.86718281+0.j         -0.2666321 -0.20996216j]
 [-0.2666321 +0.20996216j  0.13281719+0.j        ]]
Diagonal entries of product state 1: [0.86718281 0.13281719]
r_2: [-0.08450914 -0.99451559  0.06161944]
Product state qubit 2: [[ 0.53080972+0.j         -0.04225457+0.49725779j]
 [-0.04225457-0.49725779j  0.46919028+0.j        ]]
Diagonal entries of product state 2: [0.53080972 0.46919028]
y_scalar: False
[-1, 1, 1]
Check the cut: [-1, 1, 1]
2 in cut out of a total of 3 edges
Warm-start: SDP solve + rounding finished in 0.04 seconds
Warm-start: statevector build finished in 0.00 seconds
warm_start_correlations: None
Edges: [(0, 1), (0, 2), (1, 2)], weights: [1.0, 1.0, 1.0], set of nodes: {0, 1, 2}, n: 3 nodes, p: 5 layers, N_bayes: 500 iterations
Initial state injected as warm start
Layer 0: Added Cost and Mixer unitaries with gamma=γ[0] and beta=β[0]
.rz and .ry mixer terms added in addition to classical .rx mixer
Layer 1: Added Cost and Mixer unitaries with gamma=γ[1] and beta=β[1]
.rz and .ry mixer terms added in addition to classical .rx mixer
Layer 2: Added Cost and Mixer unitaries with gamma=γ[2] and beta=β[2]
.rz and .ry mixer terms added in addition to classical .rx mixer
Layer 3: Added Cost and Mixer unitaries with gamma=γ[3] and beta=β[3]
.rz and .ry mixer terms added in addition to classical .rx mixer
Layer 4: Added Cost and Mixer unitaries with gamma=γ[4] and beta=β[4]
.rz and .ry mixer terms added in addition to classical .rx mixer
Using random initial parameters with gamma [5.36756186 0.18144259 1.13205278 5.98452933 5.33336286] and beta [2.38390207 0.09120324 2.86981663 0.01030336 0.90270635]
1.107371754450762
Finished QAOA for n=3 nodes, m=3 edges at 2026-04-15 17:48:25 on Apple M4. Time taken: 15.91 seconds. Hours: 0.00 hours. Peak RAM: 210.83 MB.
Computing complete graph approximation ratio
results: {3: 1.107371754450762}
durations: {3: 15.91133999824524}
Results saved to: logs/ADAM/qaoa_results_ADAM_20260415_081141.csv
