2026-04-10 21:06:45.406 system_profiler[69611:19498985] hw.cpufamily: 0x6f5129ac
Benchmark parameters: {'optimiser': 'ADAM', 'parameter_vector': [1, 1, 1], 'iterations_list': [100, 300, 500], 'depth_list': [1, 2, 3, 4, 5, 10, 15, 20], 'n_start': 2, 'n_end': 14, 'singlet_injection': False, 'start_index_singlet': 0, 'warm_start': True, 'compare_with_010101': True, 'warm_start_correlations': False, 'init_QAOAparams_close_to_zero': False, 'use_correlations_as_initial_params': False, 'time_limit': 10800, 'failed_instance_termination_thrsh': 10, 'graph_generation_type': 'line', 'weighted': False, 'easiest_first': True, 'cpu_util_threshold': 85, 'debug': False, 'rerun_exclude_finished_instances': True}, Running QAOA with equal superposition
Benchmark run ID: 61b30c21
Processor: Apple M4
Hostname: Mac-mini-som-tillhor-Julian.local
Total RAM (GB): 16.0
Physical cores: 10
Logical cores: 10
Python version: 3.13.1
Generating line graph with 8 nodes...
Running QAOA for n=8 nodes, m=7 edges...; Max iterations: 500
Warm-start: using parameter_vector=[1, 1, 1]
Warm-start: starting SDP solve for n_vertices=8
Starting SDP solve (solver preference: MOSEK, fallback: SCS) for n_vertices=8, matrix_dim=24, edges=7
Finished SDP solve with MOSEK. status=optimal. elapsed_seconds=0.07
Rounding...
n_vertices: 8 for n = 24
Using seed None to generate random matrix for x.
r_0: [ 0.07278528  0.98187245 -0.17501082]
Product state qubit 0: [[0.41249459+0.j         0.03639264-0.49093623j]
 [0.03639264+0.49093623j 0.58750541+0.j        ]]
Diagonal entries of product state 0: [0.41249459 0.58750541]
r_1: [-0.0727855  -0.98187281  0.17500873]
Product state qubit 1: [[ 0.58750437+0.j        -0.03639275+0.4909364j]
 [-0.03639275-0.4909364j  0.41249563+0.j       ]]
Diagonal entries of product state 1: [0.58750437 0.41249563]
r_2: [ 0.07278615  0.98187303 -0.17500725]
Product state qubit 2: [[0.41249637+0.j         0.03639307-0.49093651j]
 [0.03639307+0.49093651j 0.58750363+0.j        ]]
Diagonal entries of product state 2: [0.41249637 0.58750363]
r_3: [-0.07278527 -0.98187337  0.17500566]
Product state qubit 3: [[ 0.58750283+0.j         -0.03639264+0.49093669j]
 [-0.03639264-0.49093669j  0.41249717+0.j        ]]
Diagonal entries of product state 3: [0.58750283 0.41249717]
r_4: [ 0.07278418  0.98187379 -0.17500376]
Product state qubit 4: [[0.41249812+0.j        0.03639209-0.4909369j]
 [0.03639209+0.4909369j 0.58750188+0.j       ]]
Diagonal entries of product state 4: [0.41249812 0.58750188]
r_5: [-0.07278335 -0.9818743   0.17500128]
Product state qubit 5: [[ 0.58750064+0.j         -0.03639167+0.49093715j]
 [-0.03639167-0.49093715j  0.41249936+0.j        ]]
Diagonal entries of product state 5: [0.58750064 0.41249936]
r_6: [ 0.07278196  0.98187481 -0.17499897]
Product state qubit 6: [[0.41250051+0.j         0.03639098-0.49093741j]
 [0.03639098+0.49093741j 0.58749949+0.j        ]]
Diagonal entries of product state 6: [0.41250051 0.58749949]
r_7: [-0.07278015 -0.98187536  0.17499664]
Product state qubit 7: [[ 0.58749832+0.j         -0.03639008+0.49093768j]
 [-0.03639008-0.49093768j  0.41250168+0.j        ]]
Diagonal entries of product state 7: [0.58749832 0.41250168]
y_scalar: False
[-1, 1, -1, 1, -1, 1, -1, 1]
Check the cut: [-1, 1, -1, 1, -1, 1, -1, 1]
7 in cut out of a total of 7 edges
Warm-start: SDP solve + rounding finished in 0.08 seconds
Warm-start: statevector build finished in 0.00 seconds
warm_start_correlations: None
Edges: [(0, 1), (1, 2), (2, 3), (3, 4), (4, 5), (5, 6), (6, 7)], weights: [1.0, 1.0, 1.0, 1.0, 1.0, 1.0, 1.0], set of nodes: {0, 1, 2, 3, 4, 5, 6, 7}, n: 8 nodes, p: 2 layers, N_bayes: 500 iterations
Initial state injected as warm start
Layer 0: Added Cost and Mixer unitaries with gamma=γ[0] and beta=β[0]
.rz and .ry mixer terms added in addition to classical .rx mixer
Layer 1: Added Cost and Mixer unitaries with gamma=γ[1] and beta=β[1]
.rz and .ry mixer terms added in addition to classical .rx mixer
Using random initial parameters with gamma [2.41010998 2.53388055] and beta [1.20017722 1.30467224]
3.4999999369469426
Reusing optimiser initial parameters for 010101 comparison run.
warm_start_correlations: None
Edges: [(0, 1), (1, 2), (2, 3), (3, 4), (4, 5), (5, 6), (6, 7)], weights: [1.0, 1.0, 1.0, 1.0, 1.0, 1.0, 1.0], set of nodes: {0, 1, 2, 3, 4, 5, 6, 7}, n: 8 nodes, p: 2 layers, N_bayes: 500 iterations
Initial state injected as warm start
Layer 0: Added Cost and Mixer unitaries with gamma=γ[0] and beta=β[0]
.rz and .ry mixer terms added in addition to classical .rx mixer
Layer 1: Added Cost and Mixer unitaries with gamma=γ[1] and beta=β[1]
.rz and .ry mixer terms added in addition to classical .rx mixer
Using provided initial parameters x0 with shape (4,)
3.4999999941790243
Finished QAOA for n=8 nodes, m=7 edges at 2026-04-10 21:07:24 on Apple M4. Time taken: 39.28 seconds. Hours: 0.01 hours. Peak RAM: 259.64 MB.
Computing line approximation ratio
results: {8: 3.4999999369469426}
durations: {8: 39.275771141052246}
Results saved to: logs/ADAM/qaoa_results_ADAM_20260410_144026.csv
