2026-04-11 17:58:20.124 system_profiler[53097:22738184] hw.cpufamily: 0x6f5129ac
Benchmark parameters: {'optimiser': 'ADAM', 'parameter_vector': [1, 1, 1], 'iterations_list': [100, 300, 500], 'depth_list': [1, 2, 3, 4, 5, 10, 15, 20], 'n_start': 2, 'n_end': 14, 'singlet_injection': False, 'start_index_singlet': 0, 'warm_start': True, 'compare_with_010101': True, 'warm_start_correlations': False, 'init_QAOAparams_close_to_zero': False, 'use_correlations_as_initial_params': False, 'time_limit': 10800, 'failed_instance_termination_thrsh': 10, 'graph_generation_type': 'line', 'weighted': False, 'easiest_first': True, 'cpu_util_threshold': 85, 'debug': False, 'rerun_exclude_finished_instances': True}, Running QAOA with equal superposition
Benchmark run ID: 42097d76
Processor: Apple M4
Hostname: Mac-mini-som-tillhor-Julian.local
Total RAM (GB): 16.0
Physical cores: 10
Logical cores: 10
Python version: 3.13.1
Generating line graph with 3 nodes...
Running QAOA for n=3 nodes, m=2 edges...; Max iterations: 500
Warm-start: using parameter_vector=[1, 1, 1]
Warm-start: starting SDP solve for n_vertices=3
Starting SDP solve (solver preference: MOSEK, fallback: SCS) for n_vertices=3, matrix_dim=9, edges=2
Finished SDP solve with MOSEK. status=optimal. elapsed_seconds=0.03
Rounding...
n_vertices: 3 for n = 9
Using seed None to generate random matrix for x.
r_0: [-0.44035016 -0.84321202 -0.30835892]
Product state qubit 0: [[ 0.34582054+0.j         -0.22017508+0.42160601j]
 [-0.22017508-0.42160601j  0.65417946+0.j        ]]
Diagonal entries of product state 0: [0.34582054 0.65417946]
r_1: [0.44033458 0.84322007 0.30835916]
Product state qubit 1: [[0.65417958+0.j         0.22016729-0.42161003j]
 [0.22016729+0.42161003j 0.34582042+0.j        ]]
Diagonal entries of product state 1: [0.65417958 0.34582042]
r_2: [-0.44032169 -0.84322699 -0.30835864]
Product state qubit 2: [[ 0.34582068+0.j        -0.22016085+0.4216135j]
 [-0.22016085-0.4216135j  0.65417932+0.j       ]]
Diagonal entries of product state 2: [0.34582068 0.65417932]
y_scalar: False
[-1, 1, -1]
Check the cut: [-1, 1, -1]
2 in cut out of a total of 2 edges
Warm-start: SDP solve + rounding finished in 0.04 seconds
Warm-start: statevector build finished in 0.00 seconds
warm_start_correlations: None
Edges: [(0, 1), (1, 2)], weights: [1.0, 1.0], set of nodes: {0, 1, 2}, n: 3 nodes, p: 20 layers, N_bayes: 500 iterations
Initial state injected as warm start
Layer 0: Added Cost and Mixer unitaries with gamma=γ[0] and beta=β[0]
.rz and .ry mixer terms added in addition to classical .rx mixer
Layer 1: Added Cost and Mixer unitaries with gamma=γ[1] and beta=β[1]
.rz and .ry mixer terms added in addition to classical .rx mixer
Layer 2: Added Cost and Mixer unitaries with gamma=γ[2] and beta=β[2]
.rz and .ry mixer terms added in addition to classical .rx mixer
Layer 3: Added Cost and Mixer unitaries with gamma=γ[3] and beta=β[3]
.rz and .ry mixer terms added in addition to classical .rx mixer
Layer 4: Added Cost and Mixer unitaries with gamma=γ[4] and beta=β[4]
.rz and .ry mixer terms added in addition to classical .rx mixer
Layer 5: Added Cost and Mixer unitaries with gamma=γ[5] and beta=β[5]
.rz and .ry mixer terms added in addition to classical .rx mixer
Layer 6: Added Cost and Mixer unitaries with gamma=γ[6] and beta=β[6]
.rz and .ry mixer terms added in addition to classical .rx mixer
Layer 7: Added Cost and Mixer unitaries with gamma=γ[7] and beta=β[7]
.rz and .ry mixer terms added in addition to classical .rx mixer
Layer 8: Added Cost and Mixer unitaries with gamma=γ[8] and beta=β[8]
.rz and .ry mixer terms added in addition to classical .rx mixer
Layer 9: Added Cost and Mixer unitaries with gamma=γ[9] and beta=β[9]
.rz and .ry mixer terms added in addition to classical .rx mixer
Layer 10: Added Cost and Mixer unitaries with gamma=γ[10] and beta=β[10]
.rz and .ry mixer terms added in addition to classical .rx mixer
Layer 11: Added Cost and Mixer unitaries with gamma=γ[11] and beta=β[11]
.rz and .ry mixer terms added in addition to classical .rx mixer
Layer 12: Added Cost and Mixer unitaries with gamma=γ[12] and beta=β[12]
.rz and .ry mixer terms added in addition to classical .rx mixer
Layer 13: Added Cost and Mixer unitaries with gamma=γ[13] and beta=β[13]
.rz and .ry mixer terms added in addition to classical .rx mixer
Layer 14: Added Cost and Mixer unitaries with gamma=γ[14] and beta=β[14]
.rz and .ry mixer terms added in addition to classical .rx mixer
Layer 15: Added Cost and Mixer unitaries with gamma=γ[15] and beta=β[15]
.rz and .ry mixer terms added in addition to classical .rx mixer
Layer 16: Added Cost and Mixer unitaries with gamma=γ[16] and beta=β[16]
.rz and .ry mixer terms added in addition to classical .rx mixer
Layer 17: Added Cost and Mixer unitaries with gamma=γ[17] and beta=β[17]
.rz and .ry mixer terms added in addition to classical .rx mixer
Layer 18: Added Cost and Mixer unitaries with gamma=γ[18] and beta=β[18]
.rz and .ry mixer terms added in addition to classical .rx mixer
Layer 19: Added Cost and Mixer unitaries with gamma=γ[19] and beta=β[19]
.rz and .ry mixer terms added in addition to classical .rx mixer
Using random initial parameters with gamma [0.86383214 5.33727553 1.97176936 2.05918586 3.61949301 5.74712646
 5.08437649 4.07271544 4.19436314 2.87777382 6.26525241 5.97678083
 1.62396949 2.63986151 0.83522997 3.20089781 2.2209744  5.29898285
 1.61929183 4.7804896 ] and beta [2.51231311 1.03781676 1.9363669  0.24167446 1.83112186 2.50283057
 1.61986305 2.01267622 2.98818593 1.74214584 0.72045454 2.98436074
 0.10840803 0.52777697 2.39580922 2.23336565 2.668027   0.27304647
 2.80562883 3.00194571]
0.9999845766800121
Reusing optimiser initial parameters for 010101 comparison run.
warm_start_correlations: None
Edges: [(0, 1), (1, 2)], weights: [1.0, 1.0], set of nodes: {0, 1, 2}, n: 3 nodes, p: 20 layers, N_bayes: 500 iterations
Initial state injected as warm start
Layer 0: Added Cost and Mixer unitaries with gamma=γ[0] and beta=β[0]
.rz and .ry mixer terms added in addition to classical .rx mixer
Layer 1: Added Cost and Mixer unitaries with gamma=γ[1] and beta=β[1]
.rz and .ry mixer terms added in addition to classical .rx mixer
Layer 2: Added Cost and Mixer unitaries with gamma=γ[2] and beta=β[2]
.rz and .ry mixer terms added in addition to classical .rx mixer
Layer 3: Added Cost and Mixer unitaries with gamma=γ[3] and beta=β[3]
.rz and .ry mixer terms added in addition to classical .rx mixer
Layer 4: Added Cost and Mixer unitaries with gamma=γ[4] and beta=β[4]
.rz and .ry mixer terms added in addition to classical .rx mixer
Layer 5: Added Cost and Mixer unitaries with gamma=γ[5] and beta=β[5]
.rz and .ry mixer terms added in addition to classical .rx mixer
Layer 6: Added Cost and Mixer unitaries with gamma=γ[6] and beta=β[6]
.rz and .ry mixer terms added in addition to classical .rx mixer
Layer 7: Added Cost and Mixer unitaries with gamma=γ[7] and beta=β[7]
.rz and .ry mixer terms added in addition to classical .rx mixer
Layer 8: Added Cost and Mixer unitaries with gamma=γ[8] and beta=β[8]
.rz and .ry mixer terms added in addition to classical .rx mixer
Layer 9: Added Cost and Mixer unitaries with gamma=γ[9] and beta=β[9]
.rz and .ry mixer terms added in addition to classical .rx mixer
Layer 10: Added Cost and Mixer unitaries with gamma=γ[10] and beta=β[10]
.rz and .ry mixer terms added in addition to classical .rx mixer
Layer 11: Added Cost and Mixer unitaries with gamma=γ[11] and beta=β[11]
.rz and .ry mixer terms added in addition to classical .rx mixer
Layer 12: Added Cost and Mixer unitaries with gamma=γ[12] and beta=β[12]
.rz and .ry mixer terms added in addition to classical .rx mixer
Layer 13: Added Cost and Mixer unitaries with gamma=γ[13] and beta=β[13]
.rz and .ry mixer terms added in addition to classical .rx mixer
Layer 14: Added Cost and Mixer unitaries with gamma=γ[14] and beta=β[14]
.rz and .ry mixer terms added in addition to classical .rx mixer
Layer 15: Added Cost and Mixer unitaries with gamma=γ[15] and beta=β[15]
.rz and .ry mixer terms added in addition to classical .rx mixer
Layer 16: Added Cost and Mixer unitaries with gamma=γ[16] and beta=β[16]
.rz and .ry mixer terms added in addition to classical .rx mixer
Layer 17: Added Cost and Mixer unitaries with gamma=γ[17] and beta=β[17]
.rz and .ry mixer terms added in addition to classical .rx mixer
Layer 18: Added Cost and Mixer unitaries with gamma=γ[18] and beta=β[18]
.rz and .ry mixer terms added in addition to classical .rx mixer
Layer 19: Added Cost and Mixer unitaries with gamma=γ[19] and beta=β[19]
.rz and .ry mixer terms added in addition to classical .rx mixer
Using provided initial parameters x0 with shape (40,)
0.9999971923627546
Finished QAOA for n=3 nodes, m=2 edges at 2026-04-11 18:04:00 on Apple M4. Time taken: 340.21 seconds. Hours: 0.09 hours. Peak RAM: 216.97 MB.
Computing line approximation ratio
results: {3: 0.9999845766800121}
durations: {3: 340.20511293411255}
Results saved to: logs/ADAM/qaoa_results_ADAM_20260410_144026.csv
