2026-04-10 14:43:58.551 system_profiler[4625:18475500] hw.cpufamily: 0x6f5129ac
Benchmark parameters: {'optimiser': 'ADAM', 'parameter_vector': [1, 1, 1], 'iterations_list': [100, 300, 500], 'depth_list': [1, 2, 3, 4, 5, 10, 15, 20], 'n_start': 2, 'n_end': 14, 'singlet_injection': False, 'start_index_singlet': 0, 'warm_start': True, 'compare_with_010101': True, 'warm_start_correlations': False, 'init_QAOAparams_close_to_zero': False, 'use_correlations_as_initial_params': False, 'time_limit': 10800, 'failed_instance_termination_thrsh': 10, 'graph_generation_type': 'line', 'weighted': False, 'easiest_first': True, 'cpu_util_threshold': 85, 'debug': False, 'rerun_exclude_finished_instances': True}, Running QAOA with equal superposition
Benchmark run ID: 441b6c58
Processor: Apple M4
Hostname: Mac-mini-som-tillhor-Julian.local
Total RAM (GB): 16.0
Physical cores: 10
Logical cores: 10
Python version: 3.13.1
Generating line graph with 6 nodes...
Running QAOA for n=6 nodes, m=5 edges...; Max iterations: 300
Warm-start: using parameter_vector=[1, 1, 1]
Warm-start: starting SDP solve for n_vertices=6
Starting SDP solve (solver preference: MOSEK, fallback: SCS) for n_vertices=6, matrix_dim=18, edges=5
Finished SDP solve with MOSEK. status=optimal. elapsed_seconds=0.05
Rounding...
n_vertices: 6 for n = 18
Using seed None to generate random matrix for x.
r_0: [ 0.10566334 -0.89657263  0.43010788]
Product state qubit 0: [[0.71505394+0.j         0.05283167+0.44828631j]
 [0.05283167-0.44828631j 0.28494606+0.j        ]]
Diagonal entries of product state 0: [0.71505394 0.28494606]
r_1: [-0.10564334  0.8965727  -0.43011263]
Product state qubit 1: [[ 0.28494369+0.j         -0.05282167-0.44828635j]
 [-0.05282167+0.44828635j  0.71505631+0.j        ]]
Diagonal entries of product state 1: [0.28494369 0.71505631]
r_2: [ 0.10561932 -0.89656782  0.43012871]
Product state qubit 2: [[0.71506436+0.j         0.05280966+0.44828391j]
 [0.05280966-0.44828391j 0.28493564+0.j        ]]
Diagonal entries of product state 2: [0.71506436 0.28493564]
r_3: [-0.10560531  0.8965608  -0.43014677]
Product state qubit 3: [[ 0.28492661+0.j        -0.05280266-0.4482804j]
 [-0.05280266+0.4482804j  0.71507339+0.j       ]]
Diagonal entries of product state 3: [0.28492661 0.71507339]
r_4: [ 0.10558669 -0.89654542  0.4301834 ]
Product state qubit 4: [[0.7150917 +0.j         0.05279334+0.44827271j]
 [0.05279334-0.44827271j 0.2849083 +0.j        ]]
Diagonal entries of product state 4: [0.7150917 0.2849083]
r_5: [-0.10557464  0.89652891 -0.43022078]
Product state qubit 5: [[ 0.28488961+0.j         -0.05278732-0.44826445j]
 [-0.05278732+0.44826445j  0.71511039+0.j        ]]
Diagonal entries of product state 5: [0.28488961 0.71511039]
y_scalar: False
[1, -1, 1, -1, 1, -1]
Check the cut: [1, -1, 1, -1, 1, -1]
5 in cut out of a total of 5 edges
Warm-start: SDP solve + rounding finished in 0.06 seconds
Warm-start: statevector build finished in 0.00 seconds
warm_start_correlations: None
Edges: [(0, 1), (1, 2), (2, 3), (3, 4), (4, 5)], weights: [1.0, 1.0, 1.0, 1.0, 1.0], set of nodes: {0, 1, 2, 3, 4, 5}, n: 6 nodes, p: 1 layers, N_bayes: 300 iterations
Initial state injected as warm start
Layer 0: Added Cost and Mixer unitaries with gamma=γ[0] and beta=β[0]
.rz and .ry mixer terms added in addition to classical .rx mixer
Using random initial parameters with gamma [6.14734226] and beta [2.10223487]
2.4999996645614235
Reusing optimiser initial parameters for 010101 comparison run.
warm_start_correlations: None
Edges: [(0, 1), (1, 2), (2, 3), (3, 4), (4, 5)], weights: [1.0, 1.0, 1.0, 1.0, 1.0], set of nodes: {0, 1, 2, 3, 4, 5}, n: 6 nodes, p: 1 layers, N_bayes: 300 iterations
Initial state injected as warm start
Layer 0: Added Cost and Mixer unitaries with gamma=γ[0] and beta=β[0]
.rz and .ry mixer terms added in addition to classical .rx mixer
Using provided initial parameters x0 with shape (2,)
2.499999722279645
Finished QAOA for n=6 nodes, m=5 edges at 2026-04-10 14:44:01 on Apple M4. Time taken: 2.67 seconds. Hours: 0.00 hours. Peak RAM: 217.89 MB.
Computing line approximation ratio
results: {6: 2.4999996645614235}
durations: {6: 2.6660640239715576}
Results saved to: logs/ADAM/qaoa_results_ADAM_20260410_144026.csv
