2026-04-10 17:54:21.206 system_profiler[35358:18985144] hw.cpufamily: 0x6f5129ac
Benchmark parameters: {'optimiser': 'ADAM', 'parameter_vector': [1, 1, 1], 'iterations_list': [100, 300, 500], 'depth_list': [1, 2, 3, 4, 5, 10, 15, 20], 'n_start': 2, 'n_end': 14, 'singlet_injection': False, 'start_index_singlet': 0, 'warm_start': True, 'compare_with_010101': True, 'warm_start_correlations': False, 'init_QAOAparams_close_to_zero': False, 'use_correlations_as_initial_params': False, 'time_limit': 10800, 'failed_instance_termination_thrsh': 10, 'graph_generation_type': 'line', 'weighted': False, 'easiest_first': True, 'cpu_util_threshold': 85, 'debug': False, 'rerun_exclude_finished_instances': True}, Running QAOA with equal superposition
Benchmark run ID: 75523b78
Processor: Apple M4
Hostname: Mac-mini-som-tillhor-Julian.local
Total RAM (GB): 16.0
Physical cores: 10
Logical cores: 10
Python version: 3.13.1
Generating line graph with 12 nodes...
Running QAOA for n=12 nodes, m=11 edges...; Max iterations: 500
Warm-start: using parameter_vector=[1, 1, 1]
Warm-start: starting SDP solve for n_vertices=12
Starting SDP solve (solver preference: MOSEK, fallback: SCS) for n_vertices=12, matrix_dim=36, edges=11
Finished SDP solve with MOSEK. status=optimal. elapsed_seconds=0.14
Rounding...
n_vertices: 12 for n = 36
Using seed None to generate random matrix for x.
r_0: [-0.3956505   0.87075364  0.29197394]
Product state qubit 0: [[ 0.64598697+0.j         -0.19782525-0.43537682j]
 [-0.19782525+0.43537682j  0.35401303+0.j        ]]
Diagonal entries of product state 0: [0.64598697 0.35401303]
r_1: [ 0.39565293 -0.87075453 -0.29196799]
Product state qubit 1: [[0.354016  +0.j         0.19782647+0.43537726j]
 [0.19782647-0.43537726j 0.645984  +0.j        ]]
Diagonal entries of product state 1: [0.354016 0.645984]
r_2: [-0.3956509   0.87075676  0.29196409]
Product state qubit 2: [[ 0.64598204+0.j         -0.19782545-0.43537838j]
 [-0.19782545+0.43537838j  0.35401796+0.j        ]]
Diagonal entries of product state 2: [0.64598204 0.35401796]
r_3: [ 0.39565093 -0.87075744 -0.29196202]
Product state qubit 3: [[0.35401899+0.j         0.19782546+0.43537872j]
 [0.19782546-0.43537872j 0.64598101+0.j        ]]
Diagonal entries of product state 3: [0.35401899 0.64598101]
r_4: [-0.39564722  0.87075848  0.29196394]
Product state qubit 4: [[ 0.64598197+0.j         -0.19782361-0.43537924j]
 [-0.19782361+0.43537924j  0.35401803+0.j        ]]
Diagonal entries of product state 4: [0.64598197 0.35401803]
r_5: [ 0.39564463 -0.87075911 -0.29196556]
Product state qubit 5: [[0.35401722+0.j         0.19782232+0.43537956j]
 [0.19782232-0.43537956j 0.64598278+0.j        ]]
Diagonal entries of product state 5: [0.35401722 0.64598278]
r_6: [-0.39564123  0.87076069  0.29196548]
Product state qubit 6: [[ 0.64598274+0.j         -0.19782062-0.43538034j]
 [-0.19782062+0.43538034j  0.35401726+0.j        ]]
Diagonal entries of product state 6: [0.64598274 0.35401726]
r_7: [ 0.39563664 -0.87076259 -0.29196604]
Product state qubit 7: [[0.35401698+0.j         0.19781832+0.43538129j]
 [0.19781832-0.43538129j 0.64598302+0.j        ]]
Diagonal entries of product state 7: [0.35401698 0.64598302]
r_8: [-0.39563253  0.87076442  0.29196615]
Product state qubit 8: [[ 0.64598308+0.j         -0.19781626-0.43538221j]
 [-0.19781626+0.43538221j  0.35401692+0.j        ]]
Diagonal entries of product state 8: [0.64598308 0.35401692]
r_9: [ 0.39562971 -0.87076506 -0.29196804]
Product state qubit 9: [[0.35401598+0.j         0.19781485+0.43538253j]
 [0.19781485-0.43538253j 0.64598402+0.j        ]]
Diagonal entries of product state 9: [0.35401598 0.64598402]
r_10: [-0.39562564  0.87076583  0.29197127]
Product state qubit 10: [[ 0.64598564+0.j         -0.19781282-0.43538291j]
 [-0.19781282+0.43538291j  0.35401436+0.j        ]]
Diagonal entries of product state 10: [0.64598564 0.35401436]
r_11: [ 0.39562311 -0.87076478 -0.29197784]
Product state qubit 11: [[0.35401108+0.j         0.19781155+0.43538239j]
 [0.19781155-0.43538239j 0.64598892+0.j        ]]
Diagonal entries of product state 11: [0.35401108 0.64598892]
y_scalar: False
[1, -1, 1, -1, 1, -1, 1, -1, 1, -1, 1, -1]
Check the cut: [1, -1, 1, -1, 1, -1, 1, -1, 1, -1, 1, -1]
11 in cut out of a total of 11 edges
Warm-start: SDP solve + rounding finished in 0.25 seconds
Warm-start: statevector build finished in 0.00 seconds
