2026-04-10 18:09:09.492 system_profiler[54600:19027269] hw.cpufamily: 0x6f5129ac
Benchmark parameters: {'optimiser': 'ADAM', 'parameter_vector': [1, 1, 1], 'iterations_list': [100, 300, 500], 'depth_list': [1, 2, 3, 4, 5, 10, 15, 20], 'n_start': 2, 'n_end': 14, 'singlet_injection': False, 'start_index_singlet': 0, 'warm_start': True, 'compare_with_010101': True, 'warm_start_correlations': False, 'init_QAOAparams_close_to_zero': False, 'use_correlations_as_initial_params': False, 'time_limit': 10800, 'failed_instance_termination_thrsh': 10, 'graph_generation_type': 'line', 'weighted': False, 'easiest_first': True, 'cpu_util_threshold': 85, 'debug': False, 'rerun_exclude_finished_instances': True}, Running QAOA with equal superposition
Benchmark run ID: 8320e998
Processor: Apple M4
Hostname: Mac-mini-som-tillhor-Julian.local
Total RAM (GB): 16.0
Physical cores: 10
Logical cores: 10
Python version: 3.13.1
Generating line graph with 9 nodes...
Running QAOA for n=9 nodes, m=8 edges...; Max iterations: 100
Warm-start: using parameter_vector=[1, 1, 1]
Warm-start: starting SDP solve for n_vertices=9
Starting SDP solve (solver preference: MOSEK, fallback: SCS) for n_vertices=9, matrix_dim=27, edges=8
Finished SDP solve with MOSEK. status=optimal. elapsed_seconds=0.08
Rounding...
n_vertices: 9 for n = 27
Using seed None to generate random matrix for x.
r_0: [0.62060078 0.4129351  0.66658778]
Product state qubit 0: [[0.83329389+0.j         0.31030039-0.20646755j]
 [0.31030039+0.20646755j 0.16670611+0.j        ]]
Diagonal entries of product state 0: [0.83329389 0.16670611]
r_1: [-0.62060206 -0.41293249 -0.66658821]
Product state qubit 1: [[ 0.1667059 +0.j         -0.31030103+0.20646625j]
 [-0.31030103-0.20646625j  0.8332941 +0.j        ]]
Diagonal entries of product state 1: [0.1667059 0.8332941]
r_2: [0.62060413 0.41293354 0.66658564]
Product state qubit 2: [[0.83329282+0.j         0.31030206-0.20646677j]
 [0.31030206+0.20646677j 0.16670718+0.j        ]]
Diagonal entries of product state 2: [0.83329282 0.16670718]
r_3: [-0.62060733 -0.41293149 -0.66658393]
Product state qubit 3: [[ 0.16670804+0.j         -0.31030366+0.20646575j]
 [-0.31030366-0.20646575j  0.83329196+0.j        ]]
Diagonal entries of product state 3: [0.16670804 0.83329196]
r_4: [0.62060974 0.41293057 0.66658225]
Product state qubit 4: [[0.83329113+0.j         0.31030487-0.20646528j]
 [0.31030487+0.20646528j 0.16670887+0.j        ]]
Diagonal entries of product state 4: [0.83329113 0.16670887]
r_5: [-0.62061386 -0.412928   -0.66658001]
Product state qubit 5: [[ 0.16671   +0.j       -0.31030693+0.206464j]
 [-0.31030693-0.206464j  0.83329   +0.j      ]]
Diagonal entries of product state 5: [0.16671 0.83329]
r_6: [0.62061914 0.41292587 0.66657641]
Product state qubit 6: [[0.8332882 +0.j         0.31030957-0.20646293j]
 [0.31030957+0.20646293j 0.1667118 +0.j        ]]
Diagonal entries of product state 6: [0.8332882 0.1667118]
r_7: [-0.62062456 -0.41292015 -0.66657491]
Product state qubit 7: [[ 0.16671255+0.j         -0.31031228+0.20646008j]
 [-0.31031228-0.20646008j  0.83328745+0.j        ]]
Diagonal entries of product state 7: [0.16671255 0.83328745]
r_8: [0.6206284  0.41291829 0.66657248]
Product state qubit 8: [[0.83328624+0.j         0.3103142 -0.20645915j]
 [0.3103142 +0.20645915j 0.16671376+0.j        ]]
Diagonal entries of product state 8: [0.83328624 0.16671376]
y_scalar: False
[1, -1, 1, -1, 1, -1, 1, -1, 1]
Check the cut: [1, -1, 1, -1, 1, -1, 1, -1, 1]
8 in cut out of a total of 8 edges
Warm-start: SDP solve + rounding finished in 0.09 seconds
Warm-start: statevector build finished in 0.00 seconds
warm_start_correlations: None
Edges: [(0, 1), (1, 2), (2, 3), (3, 4), (4, 5), (5, 6), (6, 7), (7, 8)], weights: [1.0, 1.0, 1.0, 1.0, 1.0, 1.0, 1.0, 1.0], set of nodes: {0, 1, 2, 3, 4, 5, 6, 7, 8}, n: 9 nodes, p: 3 layers, N_bayes: 100 iterations
Initial state injected as warm start
Layer 0: Added Cost and Mixer unitaries with gamma=γ[0] and beta=β[0]
.rz and .ry mixer terms added in addition to classical .rx mixer
Layer 1: Added Cost and Mixer unitaries with gamma=γ[1] and beta=β[1]
.rz and .ry mixer terms added in addition to classical .rx mixer
Layer 2: Added Cost and Mixer unitaries with gamma=γ[2] and beta=β[2]
.rz and .ry mixer terms added in addition to classical .rx mixer
Using random initial parameters with gamma [4.56338799 4.44681329 0.85519886] and beta [0.50850805 2.91078315 2.50885003]
3.999981564364623
Reusing optimiser initial parameters for 010101 comparison run.
warm_start_correlations: None
Edges: [(0, 1), (1, 2), (2, 3), (3, 4), (4, 5), (5, 6), (6, 7), (7, 8)], weights: [1.0, 1.0, 1.0, 1.0, 1.0, 1.0, 1.0, 1.0], set of nodes: {0, 1, 2, 3, 4, 5, 6, 7, 8}, n: 9 nodes, p: 3 layers, N_bayes: 100 iterations
Initial state injected as warm start
Layer 0: Added Cost and Mixer unitaries with gamma=γ[0] and beta=β[0]
.rz and .ry mixer terms added in addition to classical .rx mixer
Layer 1: Added Cost and Mixer unitaries with gamma=γ[1] and beta=β[1]
.rz and .ry mixer terms added in addition to classical .rx mixer
Layer 2: Added Cost and Mixer unitaries with gamma=γ[2] and beta=β[2]
.rz and .ry mixer terms added in addition to classical .rx mixer
Using provided initial parameters x0 with shape (6,)
3.999981551619741
Finished QAOA for n=9 nodes, m=8 edges at 2026-04-10 18:10:07 on Apple M4. Time taken: 57.64 seconds. Hours: 0.02 hours. Peak RAM: 383.16 MB.
Computing line approximation ratio
results: {9: 3.999981564364623}
durations: {9: 57.64449620246887}
Results saved to: logs/ADAM/qaoa_results_ADAM_20260410_144026.csv
