2026-04-11 12:32:05.295 system_profiler[67077:21887328] hw.cpufamily: 0x6f5129ac
Benchmark parameters: {'optimiser': 'ADAM', 'parameter_vector': [1, 1, 1], 'iterations_list': [100, 300, 500], 'depth_list': [1, 2, 3, 4, 5, 10, 15, 20], 'n_start': 2, 'n_end': 14, 'singlet_injection': False, 'start_index_singlet': 0, 'warm_start': True, 'compare_with_010101': True, 'warm_start_correlations': False, 'init_QAOAparams_close_to_zero': False, 'use_correlations_as_initial_params': False, 'time_limit': 10800, 'failed_instance_termination_thrsh': 10, 'graph_generation_type': 'line', 'weighted': False, 'easiest_first': True, 'cpu_util_threshold': 85, 'debug': False, 'rerun_exclude_finished_instances': True}, Running QAOA with equal superposition
Benchmark run ID: e74584ab
Processor: Apple M4
Hostname: Mac-mini-som-tillhor-Julian.local
Total RAM (GB): 16.0
Physical cores: 10
Logical cores: 10
Python version: 3.13.1
Generating line graph with 5 nodes...
Running QAOA for n=5 nodes, m=4 edges...; Max iterations: 500
Warm-start: using parameter_vector=[1, 1, 1]
Warm-start: starting SDP solve for n_vertices=5
Starting SDP solve (solver preference: MOSEK, fallback: SCS) for n_vertices=5, matrix_dim=15, edges=4
Finished SDP solve with MOSEK. status=optimal. elapsed_seconds=0.04
Rounding...
n_vertices: 5 for n = 15
Using seed None to generate random matrix for x.
r_0: [-0.22435253 -0.97212646 -0.06808878]
Product state qubit 0: [[ 0.46595561+0.j         -0.11217626+0.48606323j]
 [-0.11217626-0.48606323j  0.53404439+0.j        ]]
Diagonal entries of product state 0: [0.46595561 0.53404439]
r_1: [0.22436162 0.97212456 0.06808603]
Product state qubit 1: [[0.53404302+0.j         0.11218081-0.48606228j]
 [0.11218081+0.48606228j 0.46595698+0.j        ]]
Diagonal entries of product state 1: [0.53404302 0.46595698]
r_2: [-0.2243186  -0.97213109 -0.06813448]
Product state qubit 2: [[ 0.46593276+0.j         -0.1121593 +0.48606555j]
 [-0.1121593 -0.48606555j  0.53406724+0.j        ]]
Diagonal entries of product state 2: [0.46593276 0.53406724]
r_3: [0.22428919 0.97213553 0.06816797]
Product state qubit 3: [[0.53408399+0.j         0.1121446 -0.48606776j]
 [0.1121446 +0.48606776j 0.46591601+0.j        ]]
Diagonal entries of product state 3: [0.53408399 0.46591601]
r_4: [-0.22428878 -0.97213446 -0.06818461]
Product state qubit 4: [[ 0.4659077 +0.j         -0.11214439+0.48606723j]
 [-0.11214439-0.48606723j  0.5340923 +0.j        ]]
Diagonal entries of product state 4: [0.4659077 0.5340923]
y_scalar: False
[-1, 1, -1, 1, -1]
Check the cut: [-1, 1, -1, 1, -1]
4 in cut out of a total of 4 edges
Warm-start: SDP solve + rounding finished in 0.05 seconds
Warm-start: statevector build finished in 0.00 seconds
warm_start_correlations: None
Edges: [(0, 1), (1, 2), (2, 3), (3, 4)], weights: [1.0, 1.0, 1.0, 1.0], set of nodes: {0, 1, 2, 3, 4}, n: 5 nodes, p: 10 layers, N_bayes: 500 iterations
Initial state injected as warm start
Layer 0: Added Cost and Mixer unitaries with gamma=γ[0] and beta=β[0]
.rz and .ry mixer terms added in addition to classical .rx mixer
Layer 1: Added Cost and Mixer unitaries with gamma=γ[1] and beta=β[1]
.rz and .ry mixer terms added in addition to classical .rx mixer
Layer 2: Added Cost and Mixer unitaries with gamma=γ[2] and beta=β[2]
.rz and .ry mixer terms added in addition to classical .rx mixer
Layer 3: Added Cost and Mixer unitaries with gamma=γ[3] and beta=β[3]
.rz and .ry mixer terms added in addition to classical .rx mixer
Layer 4: Added Cost and Mixer unitaries with gamma=γ[4] and beta=β[4]
.rz and .ry mixer terms added in addition to classical .rx mixer
Layer 5: Added Cost and Mixer unitaries with gamma=γ[5] and beta=β[5]
.rz and .ry mixer terms added in addition to classical .rx mixer
Layer 6: Added Cost and Mixer unitaries with gamma=γ[6] and beta=β[6]
.rz and .ry mixer terms added in addition to classical .rx mixer
Layer 7: Added Cost and Mixer unitaries with gamma=γ[7] and beta=β[7]
.rz and .ry mixer terms added in addition to classical .rx mixer
Layer 8: Added Cost and Mixer unitaries with gamma=γ[8] and beta=β[8]
.rz and .ry mixer terms added in addition to classical .rx mixer
Layer 9: Added Cost and Mixer unitaries with gamma=γ[9] and beta=β[9]
.rz and .ry mixer terms added in addition to classical .rx mixer
Using random initial parameters with gamma [5.8960791  0.39561396 1.83008704 2.66245985 4.42274001 0.33219492
 1.95332547 5.47003784 5.47098136 5.60709306] and beta [2.81668329 0.44997992 2.52450267 0.34967381 2.86527058 3.11075598
 0.58865613 2.58693291 0.15114216 1.92326218]
2.0744365800373927
Reusing optimiser initial parameters for 010101 comparison run.
warm_start_correlations: None
Edges: [(0, 1), (1, 2), (2, 3), (3, 4)], weights: [1.0, 1.0, 1.0, 1.0], set of nodes: {0, 1, 2, 3, 4}, n: 5 nodes, p: 10 layers, N_bayes: 500 iterations
Initial state injected as warm start
Layer 0: Added Cost and Mixer unitaries with gamma=γ[0] and beta=β[0]
.rz and .ry mixer terms added in addition to classical .rx mixer
Layer 1: Added Cost and Mixer unitaries with gamma=γ[1] and beta=β[1]
.rz and .ry mixer terms added in addition to classical .rx mixer
Layer 2: Added Cost and Mixer unitaries with gamma=γ[2] and beta=β[2]
.rz and .ry mixer terms added in addition to classical .rx mixer
Layer 3: Added Cost and Mixer unitaries with gamma=γ[3] and beta=β[3]
.rz and .ry mixer terms added in addition to classical .rx mixer
Layer 4: Added Cost and Mixer unitaries with gamma=γ[4] and beta=β[4]
.rz and .ry mixer terms added in addition to classical .rx mixer
Layer 5: Added Cost and Mixer unitaries with gamma=γ[5] and beta=β[5]
.rz and .ry mixer terms added in addition to classical .rx mixer
Layer 6: Added Cost and Mixer unitaries with gamma=γ[6] and beta=β[6]
.rz and .ry mixer terms added in addition to classical .rx mixer
Layer 7: Added Cost and Mixer unitaries with gamma=γ[7] and beta=β[7]
.rz and .ry mixer terms added in addition to classical .rx mixer
Layer 8: Added Cost and Mixer unitaries with gamma=γ[8] and beta=β[8]
.rz and .ry mixer terms added in addition to classical .rx mixer
Layer 9: Added Cost and Mixer unitaries with gamma=γ[9] and beta=β[9]
.rz and .ry mixer terms added in addition to classical .rx mixer
Using provided initial parameters x0 with shape (20,)
2.0744365787364054
Finished QAOA for n=5 nodes, m=4 edges at 2026-04-11 12:34:53 on Apple M4. Time taken: 167.82 seconds. Hours: 0.05 hours. Peak RAM: 217.09 MB.
Computing line approximation ratio
results: {5: 2.0744365800373927}
durations: {5: 167.81557416915894}
Results saved to: logs/ADAM/qaoa_results_ADAM_20260410_144026.csv
