2026-04-11 11:47:37.175 system_profiler[14664:21773758] hw.cpufamily: 0x6f5129ac
Benchmark parameters: {'optimiser': 'ADAM', 'parameter_vector': [1, 1, 1], 'iterations_list': [100, 300, 500], 'depth_list': [1, 2, 3, 4, 5, 10, 15, 20], 'n_start': 2, 'n_end': 14, 'singlet_injection': False, 'start_index_singlet': 0, 'warm_start': True, 'compare_with_010101': True, 'warm_start_correlations': False, 'init_QAOAparams_close_to_zero': False, 'use_correlations_as_initial_params': False, 'time_limit': 10800, 'failed_instance_termination_thrsh': 10, 'graph_generation_type': 'line', 'weighted': False, 'easiest_first': True, 'cpu_util_threshold': 85, 'debug': False, 'rerun_exclude_finished_instances': True}, Running QAOA with equal superposition
Benchmark run ID: d238ef2a
Processor: Apple M4
Hostname: Mac-mini-som-tillhor-Julian.local
Total RAM (GB): 16.0
Physical cores: 10
Logical cores: 10
Python version: 3.13.1
Generating line graph with 7 nodes...
Running QAOA for n=7 nodes, m=6 edges...; Max iterations: 300
Warm-start: using parameter_vector=[1, 1, 1]
Warm-start: starting SDP solve for n_vertices=7
Starting SDP solve (solver preference: MOSEK, fallback: SCS) for n_vertices=7, matrix_dim=21, edges=6
Finished SDP solve with MOSEK. status=optimal. elapsed_seconds=0.06
Rounding...
n_vertices: 7 for n = 21
Using seed None to generate random matrix for x.
r_0: [-0.4196943   0.65312993  0.63029992]
Product state qubit 0: [[ 0.81514996+0.j         -0.20984715-0.32656497j]
 [-0.20984715+0.32656497j  0.18485004+0.j        ]]
Diagonal entries of product state 0: [0.81514996 0.18485004]
r_1: [ 0.4196888  -0.65315008 -0.6302827 ]
Product state qubit 1: [[0.18485865+0.j         0.2098444 +0.32657504j]
 [0.2098444 -0.32657504j 0.81514135+0.j        ]]
Diagonal entries of product state 1: [0.18485865 0.81514135]
r_2: [-0.41968529  0.65316296  0.63027169]
Product state qubit 2: [[ 0.81513585+0.j         -0.20984264-0.32658148j]
 [-0.20984264+0.32658148j  0.18486415+0.j        ]]
Diagonal entries of product state 2: [0.81513585 0.18486415]
r_3: [ 0.41968622 -0.65316713 -0.63026674]
Product state qubit 3: [[0.18486663+0.j         0.20984311+0.32658357j]
 [0.20984311-0.32658357j 0.81513337+0.j        ]]
Diagonal entries of product state 3: [0.18486663 0.81513337]
r_4: [-0.41968535  0.65316934  0.63026504]
Product state qubit 4: [[ 0.81513252+0.j         -0.20984267-0.32658467j]
 [-0.20984267+0.32658467j  0.18486748+0.j        ]]
Diagonal entries of product state 4: [0.81513252 0.18486748]
r_5: [ 0.41968899 -0.65316748 -0.63026454]
Product state qubit 5: [[0.18486773+0.j         0.2098445 +0.32658374j]
 [0.2098445 -0.32658374j 0.81513227+0.j        ]]
Diagonal entries of product state 5: [0.18486773 0.81513227]
r_6: [-0.41969386  0.65315316  0.63027614]
Product state qubit 6: [[ 0.81513807+0.j         -0.20984693-0.32657658j]
 [-0.20984693+0.32657658j  0.18486193+0.j        ]]
Diagonal entries of product state 6: [0.81513807 0.18486193]
y_scalar: False
[1, -1, 1, -1, 1, -1, 1]
Check the cut: [1, -1, 1, -1, 1, -1, 1]
6 in cut out of a total of 6 edges
Warm-start: SDP solve + rounding finished in 0.06 seconds
Warm-start: statevector build finished in 0.00 seconds
warm_start_correlations: None
Edges: [(0, 1), (1, 2), (2, 3), (3, 4), (4, 5), (5, 6)], weights: [1.0, 1.0, 1.0, 1.0, 1.0, 1.0], set of nodes: {0, 1, 2, 3, 4, 5, 6}, n: 7 nodes, p: 10 layers, N_bayes: 300 iterations
Initial state injected as warm start
Layer 0: Added Cost and Mixer unitaries with gamma=γ[0] and beta=β[0]
.rz and .ry mixer terms added in addition to classical .rx mixer
Layer 1: Added Cost and Mixer unitaries with gamma=γ[1] and beta=β[1]
.rz and .ry mixer terms added in addition to classical .rx mixer
Layer 2: Added Cost and Mixer unitaries with gamma=γ[2] and beta=β[2]
.rz and .ry mixer terms added in addition to classical .rx mixer
Layer 3: Added Cost and Mixer unitaries with gamma=γ[3] and beta=β[3]
.rz and .ry mixer terms added in addition to classical .rx mixer
Layer 4: Added Cost and Mixer unitaries with gamma=γ[4] and beta=β[4]
.rz and .ry mixer terms added in addition to classical .rx mixer
Layer 5: Added Cost and Mixer unitaries with gamma=γ[5] and beta=β[5]
.rz and .ry mixer terms added in addition to classical .rx mixer
Layer 6: Added Cost and Mixer unitaries with gamma=γ[6] and beta=β[6]
.rz and .ry mixer terms added in addition to classical .rx mixer
Layer 7: Added Cost and Mixer unitaries with gamma=γ[7] and beta=β[7]
.rz and .ry mixer terms added in addition to classical .rx mixer
Layer 8: Added Cost and Mixer unitaries with gamma=γ[8] and beta=β[8]
.rz and .ry mixer terms added in addition to classical .rx mixer
Layer 9: Added Cost and Mixer unitaries with gamma=γ[9] and beta=β[9]
.rz and .ry mixer terms added in addition to classical .rx mixer
Using random initial parameters with gamma [4.21955527 5.59460445 3.01179684 1.53264478 3.68043679 2.59131245
 5.12771013 1.7906058  5.80310751 5.62654696] and beta [2.83192702 0.37754146 0.57806447 2.5817031  0.373158   1.18464309
 1.04984602 0.4954839  2.97463993 2.53193736]
2.74291099843063
Reusing optimiser initial parameters for 010101 comparison run.
warm_start_correlations: None
Edges: [(0, 1), (1, 2), (2, 3), (3, 4), (4, 5), (5, 6)], weights: [1.0, 1.0, 1.0, 1.0, 1.0, 1.0], set of nodes: {0, 1, 2, 3, 4, 5, 6}, n: 7 nodes, p: 10 layers, N_bayes: 300 iterations
Initial state injected as warm start
Layer 0: Added Cost and Mixer unitaries with gamma=γ[0] and beta=β[0]
.rz and .ry mixer terms added in addition to classical .rx mixer
Layer 1: Added Cost and Mixer unitaries with gamma=γ[1] and beta=β[1]
.rz and .ry mixer terms added in addition to classical .rx mixer
Layer 2: Added Cost and Mixer unitaries with gamma=γ[2] and beta=β[2]
.rz and .ry mixer terms added in addition to classical .rx mixer
Layer 3: Added Cost and Mixer unitaries with gamma=γ[3] and beta=β[3]
.rz and .ry mixer terms added in addition to classical .rx mixer
Layer 4: Added Cost and Mixer unitaries with gamma=γ[4] and beta=β[4]
.rz and .ry mixer terms added in addition to classical .rx mixer
Layer 5: Added Cost and Mixer unitaries with gamma=γ[5] and beta=β[5]
.rz and .ry mixer terms added in addition to classical .rx mixer
Layer 6: Added Cost and Mixer unitaries with gamma=γ[6] and beta=β[6]
.rz and .ry mixer terms added in addition to classical .rx mixer
Layer 7: Added Cost and Mixer unitaries with gamma=γ[7] and beta=β[7]
.rz and .ry mixer terms added in addition to classical .rx mixer
Layer 8: Added Cost and Mixer unitaries with gamma=γ[8] and beta=β[8]
.rz and .ry mixer terms added in addition to classical .rx mixer
Layer 9: Added Cost and Mixer unitaries with gamma=γ[9] and beta=β[9]
.rz and .ry mixer terms added in addition to classical .rx mixer
Using provided initial parameters x0 with shape (20,)
2.7429109586148956
Finished QAOA for n=7 nodes, m=6 edges at 2026-04-11 11:50:08 on Apple M4. Time taken: 151.53 seconds. Hours: 0.04 hours. Peak RAM: 230.16 MB.
Computing line approximation ratio
results: {7: 2.74291099843063}
durations: {7: 151.5279619693756}
Results saved to: logs/ADAM/qaoa_results_ADAM_20260410_144026.csv
