2026-04-11 16:08:19.587 system_profiler[23081:22453108] hw.cpufamily: 0x6f5129ac
Benchmark parameters: {'optimiser': 'ADAM', 'parameter_vector': [1, 1, 1], 'iterations_list': [100, 300, 500], 'depth_list': [1, 2, 3, 4, 5, 10, 15, 20], 'n_start': 2, 'n_end': 14, 'singlet_injection': False, 'start_index_singlet': 0, 'warm_start': True, 'compare_with_010101': True, 'warm_start_correlations': False, 'init_QAOAparams_close_to_zero': False, 'use_correlations_as_initial_params': False, 'time_limit': 10800, 'failed_instance_termination_thrsh': 10, 'graph_generation_type': 'line', 'weighted': False, 'easiest_first': True, 'cpu_util_threshold': 85, 'debug': False, 'rerun_exclude_finished_instances': True}, Running QAOA with equal superposition
Benchmark run ID: e6e10172
Processor: Apple M4
Hostname: Mac-mini-som-tillhor-Julian.local
Total RAM (GB): 16.0
Physical cores: 10
Logical cores: 10
Python version: 3.13.1
Generating line graph with 4 nodes...
Running QAOA for n=4 nodes, m=3 edges...; Max iterations: 300
Warm-start: using parameter_vector=[1, 1, 1]
Warm-start: starting SDP solve for n_vertices=4
Starting SDP solve (solver preference: MOSEK, fallback: SCS) for n_vertices=4, matrix_dim=12, edges=3
Finished SDP solve with MOSEK. status=optimal. elapsed_seconds=0.04
Rounding...
n_vertices: 4 for n = 12
Using seed None to generate random matrix for x.
r_0: [-0.28588224  0.53984901 -0.79172873]
Product state qubit 0: [[ 0.10413563+0.j         -0.14294112-0.26992451j]
 [-0.14294112+0.26992451j  0.89586437+0.j        ]]
Diagonal entries of product state 0: [0.10413563 0.89586437]
r_1: [ 0.28587753 -0.53985147  0.79172876]
Product state qubit 1: [[0.89586438+0.j         0.14293876+0.26992573j]
 [0.14293876-0.26992573j 0.10413562+0.j        ]]
Diagonal entries of product state 1: [0.89586438 0.10413562]
r_2: [-0.28587429  0.53985289 -0.79172896]
Product state qubit 2: [[ 0.10413552+0.j         -0.14293714-0.26992645j]
 [-0.14293714+0.26992645j  0.89586448+0.j        ]]
Diagonal entries of product state 2: [0.10413552 0.89586448]
r_3: [ 0.285868   -0.53985501  0.79172979]
Product state qubit 3: [[0.89586489+0.j        0.142934  +0.2699275j]
 [0.142934  -0.2699275j 0.10413511+0.j       ]]
Diagonal entries of product state 3: [0.89586489 0.10413511]
y_scalar: False
[-1, 1, -1, 1]
Check the cut: [-1, 1, -1, 1]
3 in cut out of a total of 3 edges
Warm-start: SDP solve + rounding finished in 0.04 seconds
Warm-start: statevector build finished in 0.00 seconds
warm_start_correlations: None
Edges: [(0, 1), (1, 2), (2, 3)], weights: [1.0, 1.0, 1.0], set of nodes: {0, 1, 2, 3}, n: 4 nodes, p: 20 layers, N_bayes: 300 iterations
Initial state injected as warm start
Layer 0: Added Cost and Mixer unitaries with gamma=γ[0] and beta=β[0]
.rz and .ry mixer terms added in addition to classical .rx mixer
Layer 1: Added Cost and Mixer unitaries with gamma=γ[1] and beta=β[1]
.rz and .ry mixer terms added in addition to classical .rx mixer
Layer 2: Added Cost and Mixer unitaries with gamma=γ[2] and beta=β[2]
.rz and .ry mixer terms added in addition to classical .rx mixer
Layer 3: Added Cost and Mixer unitaries with gamma=γ[3] and beta=β[3]
.rz and .ry mixer terms added in addition to classical .rx mixer
Layer 4: Added Cost and Mixer unitaries with gamma=γ[4] and beta=β[4]
.rz and .ry mixer terms added in addition to classical .rx mixer
Layer 5: Added Cost and Mixer unitaries with gamma=γ[5] and beta=β[5]
.rz and .ry mixer terms added in addition to classical .rx mixer
Layer 6: Added Cost and Mixer unitaries with gamma=γ[6] and beta=β[6]
.rz and .ry mixer terms added in addition to classical .rx mixer
Layer 7: Added Cost and Mixer unitaries with gamma=γ[7] and beta=β[7]
.rz and .ry mixer terms added in addition to classical .rx mixer
Layer 8: Added Cost and Mixer unitaries with gamma=γ[8] and beta=β[8]
.rz and .ry mixer terms added in addition to classical .rx mixer
Layer 9: Added Cost and Mixer unitaries with gamma=γ[9] and beta=β[9]
.rz and .ry mixer terms added in addition to classical .rx mixer
Layer 10: Added Cost and Mixer unitaries with gamma=γ[10] and beta=β[10]
.rz and .ry mixer terms added in addition to classical .rx mixer
Layer 11: Added Cost and Mixer unitaries with gamma=γ[11] and beta=β[11]
.rz and .ry mixer terms added in addition to classical .rx mixer
Layer 12: Added Cost and Mixer unitaries with gamma=γ[12] and beta=β[12]
.rz and .ry mixer terms added in addition to classical .rx mixer
Layer 13: Added Cost and Mixer unitaries with gamma=γ[13] and beta=β[13]
.rz and .ry mixer terms added in addition to classical .rx mixer
Layer 14: Added Cost and Mixer unitaries with gamma=γ[14] and beta=β[14]
.rz and .ry mixer terms added in addition to classical .rx mixer
Layer 15: Added Cost and Mixer unitaries with gamma=γ[15] and beta=β[15]
.rz and .ry mixer terms added in addition to classical .rx mixer
Layer 16: Added Cost and Mixer unitaries with gamma=γ[16] and beta=β[16]
.rz and .ry mixer terms added in addition to classical .rx mixer
Layer 17: Added Cost and Mixer unitaries with gamma=γ[17] and beta=β[17]
.rz and .ry mixer terms added in addition to classical .rx mixer
Layer 18: Added Cost and Mixer unitaries with gamma=γ[18] and beta=β[18]
.rz and .ry mixer terms added in addition to classical .rx mixer
Layer 19: Added Cost and Mixer unitaries with gamma=γ[19] and beta=β[19]
.rz and .ry mixer terms added in addition to classical .rx mixer
Using random initial parameters with gamma [0.75387452 5.97022238 6.23558511 4.03597258 4.34768995 0.78341629
 5.46768036 2.57874378 0.59032819 2.68583226 5.80554099 4.99798316
 2.56387271 3.08475622 4.67618636 2.26785736 5.29483607 5.85712822
 4.09374183 4.68464485] and beta [3.05325197 2.85260008 2.14055418 0.46429429 2.38267276 0.86768727
 2.45866751 0.31779757 1.42135997 1.40318371 0.98845657 1.10154465
 2.08281464 0.77145423 1.96138166 3.04299119 1.22779667 2.03615053
 1.66937535 0.53085162]
1.6422285226785904
Reusing optimiser initial parameters for 010101 comparison run.
warm_start_correlations: None
Edges: [(0, 1), (1, 2), (2, 3)], weights: [1.0, 1.0, 1.0], set of nodes: {0, 1, 2, 3}, n: 4 nodes, p: 20 layers, N_bayes: 300 iterations
Initial state injected as warm start
Layer 0: Added Cost and Mixer unitaries with gamma=γ[0] and beta=β[0]
.rz and .ry mixer terms added in addition to classical .rx mixer
Layer 1: Added Cost and Mixer unitaries with gamma=γ[1] and beta=β[1]
.rz and .ry mixer terms added in addition to classical .rx mixer
Layer 2: Added Cost and Mixer unitaries with gamma=γ[2] and beta=β[2]
.rz and .ry mixer terms added in addition to classical .rx mixer
Layer 3: Added Cost and Mixer unitaries with gamma=γ[3] and beta=β[3]
.rz and .ry mixer terms added in addition to classical .rx mixer
Layer 4: Added Cost and Mixer unitaries with gamma=γ[4] and beta=β[4]
.rz and .ry mixer terms added in addition to classical .rx mixer
Layer 5: Added Cost and Mixer unitaries with gamma=γ[5] and beta=β[5]
.rz and .ry mixer terms added in addition to classical .rx mixer
Layer 6: Added Cost and Mixer unitaries with gamma=γ[6] and beta=β[6]
.rz and .ry mixer terms added in addition to classical .rx mixer
Layer 7: Added Cost and Mixer unitaries with gamma=γ[7] and beta=β[7]
.rz and .ry mixer terms added in addition to classical .rx mixer
Layer 8: Added Cost and Mixer unitaries with gamma=γ[8] and beta=β[8]
.rz and .ry mixer terms added in addition to classical .rx mixer
Layer 9: Added Cost and Mixer unitaries with gamma=γ[9] and beta=β[9]
.rz and .ry mixer terms added in addition to classical .rx mixer
Layer 10: Added Cost and Mixer unitaries with gamma=γ[10] and beta=β[10]
.rz and .ry mixer terms added in addition to classical .rx mixer
Layer 11: Added Cost and Mixer unitaries with gamma=γ[11] and beta=β[11]
.rz and .ry mixer terms added in addition to classical .rx mixer
Layer 12: Added Cost and Mixer unitaries with gamma=γ[12] and beta=β[12]
.rz and .ry mixer terms added in addition to classical .rx mixer
Layer 13: Added Cost and Mixer unitaries with gamma=γ[13] and beta=β[13]
.rz and .ry mixer terms added in addition to classical .rx mixer
Layer 14: Added Cost and Mixer unitaries with gamma=γ[14] and beta=β[14]
.rz and .ry mixer terms added in addition to classical .rx mixer
Layer 15: Added Cost and Mixer unitaries with gamma=γ[15] and beta=β[15]
.rz and .ry mixer terms added in addition to classical .rx mixer
Layer 16: Added Cost and Mixer unitaries with gamma=γ[16] and beta=β[16]
.rz and .ry mixer terms added in addition to classical .rx mixer
Layer 17: Added Cost and Mixer unitaries with gamma=γ[17] and beta=β[17]
.rz and .ry mixer terms added in addition to classical .rx mixer
Layer 18: Added Cost and Mixer unitaries with gamma=γ[18] and beta=β[18]
.rz and .ry mixer terms added in addition to classical .rx mixer
Layer 19: Added Cost and Mixer unitaries with gamma=γ[19] and beta=β[19]
.rz and .ry mixer terms added in addition to classical .rx mixer
Using provided initial parameters x0 with shape (40,)
1.6422285225246285
Finished QAOA for n=4 nodes, m=3 edges at 2026-04-11 16:13:18 on Apple M4. Time taken: 298.68 seconds. Hours: 0.08 hours. Peak RAM: 218.45 MB.
Computing line approximation ratio
results: {4: 1.6422285226785904}
durations: {4: 298.6779890060425}
Results saved to: logs/ADAM/qaoa_results_ADAM_20260410_144026.csv
