2026-04-11 01:26:26.676 system_profiler[77403:20169654] hw.cpufamily: 0x6f5129ac
Benchmark parameters: {'optimiser': 'ADAM', 'parameter_vector': [1, 1, 1], 'iterations_list': [100, 300, 500], 'depth_list': [1, 2, 3, 4, 5, 10, 15, 20], 'n_start': 2, 'n_end': 14, 'singlet_injection': False, 'start_index_singlet': 0, 'warm_start': True, 'compare_with_010101': True, 'warm_start_correlations': False, 'init_QAOAparams_close_to_zero': False, 'use_correlations_as_initial_params': False, 'time_limit': 10800, 'failed_instance_termination_thrsh': 10, 'graph_generation_type': 'line', 'weighted': False, 'easiest_first': True, 'cpu_util_threshold': 85, 'debug': False, 'rerun_exclude_finished_instances': True}, Running QAOA with equal superposition
Benchmark run ID: 3413fc53
Processor: Apple M4
Hostname: Mac-mini-som-tillhor-Julian.local
Total RAM (GB): 16.0
Physical cores: 10
Logical cores: 10
Python version: 3.13.1
Generating line graph with 4 nodes...
Running QAOA for n=4 nodes, m=3 edges...; Max iterations: 300
Warm-start: using parameter_vector=[1, 1, 1]
Warm-start: starting SDP solve for n_vertices=4
Starting SDP solve (solver preference: MOSEK, fallback: SCS) for n_vertices=4, matrix_dim=12, edges=3
Finished SDP solve with MOSEK. status=optimal. elapsed_seconds=0.03
Rounding...
n_vertices: 4 for n = 12
Using seed None to generate random matrix for x.
r_0: [-0.29791239 -0.4870718  -0.82098068]
Product state qubit 0: [[ 0.08950966+0.j        -0.14895619+0.2435359j]
 [-0.14895619-0.2435359j  0.91049034+0.j       ]]
Diagonal entries of product state 0: [0.08950966 0.91049034]
r_1: [0.29790509 0.48707611 0.82098077]
Product state qubit 1: [[0.91049038+0.j         0.14895254-0.24353805j]
 [0.14895254+0.24353805j 0.08950962+0.j        ]]
Diagonal entries of product state 1: [0.91049038 0.08950962]
r_2: [-0.29789913 -0.48708025 -0.82098048]
Product state qubit 2: [[ 0.08950976+0.j         -0.14894956+0.24354012j]
 [-0.14894956-0.24354012j  0.91049024+0.j        ]]
Diagonal entries of product state 2: [0.08950976 0.91049024]
r_3: [0.29789164 0.48708503 0.82098036]
Product state qubit 3: [[0.91049018+0.j         0.14894582-0.24354252j]
 [0.14894582+0.24354252j 0.08950982+0.j        ]]
Diagonal entries of product state 3: [0.91049018 0.08950982]
y_scalar: False
[-1, 1, -1, 1]
Check the cut: [-1, 1, -1, 1]
3 in cut out of a total of 3 edges
Warm-start: SDP solve + rounding finished in 0.03 seconds
Warm-start: statevector build finished in 0.00 seconds
warm_start_correlations: None
Edges: [(0, 1), (1, 2), (2, 3)], weights: [1.0, 1.0, 1.0], set of nodes: {0, 1, 2, 3}, n: 4 nodes, p: 5 layers, N_bayes: 300 iterations
Initial state injected as warm start
Layer 0: Added Cost and Mixer unitaries with gamma=γ[0] and beta=β[0]
.rz and .ry mixer terms added in addition to classical .rx mixer
Layer 1: Added Cost and Mixer unitaries with gamma=γ[1] and beta=β[1]
.rz and .ry mixer terms added in addition to classical .rx mixer
Layer 2: Added Cost and Mixer unitaries with gamma=γ[2] and beta=β[2]
.rz and .ry mixer terms added in addition to classical .rx mixer
Layer 3: Added Cost and Mixer unitaries with gamma=γ[3] and beta=β[3]
.rz and .ry mixer terms added in addition to classical .rx mixer
Layer 4: Added Cost and Mixer unitaries with gamma=γ[4] and beta=β[4]
.rz and .ry mixer terms added in addition to classical .rx mixer
Using random initial parameters with gamma [0.62526864 0.65879196 1.42841341 0.4449061  2.51325805] and beta [2.32085949 0.64318342 1.354988   0.11433205 1.00040499]
1.4999963177557663
Reusing optimiser initial parameters for 010101 comparison run.
warm_start_correlations: None
Edges: [(0, 1), (1, 2), (2, 3)], weights: [1.0, 1.0, 1.0], set of nodes: {0, 1, 2, 3}, n: 4 nodes, p: 5 layers, N_bayes: 300 iterations
Initial state injected as warm start
Layer 0: Added Cost and Mixer unitaries with gamma=γ[0] and beta=β[0]
.rz and .ry mixer terms added in addition to classical .rx mixer
Layer 1: Added Cost and Mixer unitaries with gamma=γ[1] and beta=β[1]
.rz and .ry mixer terms added in addition to classical .rx mixer
Layer 2: Added Cost and Mixer unitaries with gamma=γ[2] and beta=β[2]
.rz and .ry mixer terms added in addition to classical .rx mixer
Layer 3: Added Cost and Mixer unitaries with gamma=γ[3] and beta=β[3]
.rz and .ry mixer terms added in addition to classical .rx mixer
Layer 4: Added Cost and Mixer unitaries with gamma=γ[4] and beta=β[4]
.rz and .ry mixer terms added in addition to classical .rx mixer
Using provided initial parameters x0 with shape (10,)
1.4999962886180302
Finished QAOA for n=4 nodes, m=3 edges at 2026-04-11 01:26:46 on Apple M4. Time taken: 20.12 seconds. Hours: 0.01 hours. Peak RAM: 213.45 MB.
Computing line approximation ratio
results: {4: 1.4999963177557663}
durations: {4: 20.122602939605713}
Results saved to: logs/ADAM/qaoa_results_ADAM_20260410_144026.csv
