2026-04-10 14:42:57.653 system_profiler[2665:18471282] hw.cpufamily: 0x6f5129ac
Benchmark parameters: {'optimiser': 'ADAM', 'parameter_vector': [1, 1, 1], 'iterations_list': [100, 300, 500], 'depth_list': [1, 2, 3, 4, 5, 10, 15, 20], 'n_start': 2, 'n_end': 14, 'singlet_injection': False, 'start_index_singlet': 0, 'warm_start': True, 'compare_with_010101': True, 'warm_start_correlations': False, 'init_QAOAparams_close_to_zero': False, 'use_correlations_as_initial_params': False, 'time_limit': 10800, 'failed_instance_termination_thrsh': 10, 'graph_generation_type': 'line', 'weighted': False, 'easiest_first': True, 'cpu_util_threshold': 85, 'debug': False, 'rerun_exclude_finished_instances': True}, Running QAOA with equal superposition
Benchmark run ID: 4941672c
Processor: Apple M4
Hostname: Mac-mini-som-tillhor-Julian.local
Total RAM (GB): 16.0
Physical cores: 10
Logical cores: 10
Python version: 3.13.1
Generating line graph with 13 nodes...
Running QAOA for n=13 nodes, m=12 edges...; Max iterations: 100
Warm-start: using parameter_vector=[1, 1, 1]
Warm-start: starting SDP solve for n_vertices=13
Starting SDP solve (solver preference: MOSEK, fallback: SCS) for n_vertices=13, matrix_dim=39, edges=12
Finished SDP solve with MOSEK. status=optimal. elapsed_seconds=0.15
Rounding...
n_vertices: 13 for n = 39
Using seed None to generate random matrix for x.
r_0: [-0.57980398  0.77655001  0.24657134]
Product state qubit 0: [[ 0.62328567+0.j         -0.28990199-0.38827501j]
 [-0.28990199+0.38827501j  0.37671433+0.j        ]]
Diagonal entries of product state 0: [0.62328567 0.37671433]
r_1: [ 0.57981098 -0.77653958 -0.24658773]
Product state qubit 1: [[0.37670614+0.j         0.28990549+0.38826979j]
 [0.28990549-0.38826979j 0.62329386+0.j        ]]
Diagonal entries of product state 1: [0.37670614 0.62329386]
r_2: [-0.5798073   0.77653961  0.24659629]
Product state qubit 2: [[ 0.62329814+0.j         -0.28990365-0.38826981j]
 [-0.28990365+0.38826981j  0.37670186+0.j        ]]
Diagonal entries of product state 2: [0.62329814 0.37670186]
r_3: [ 0.57980946 -0.77653565 -0.24660367]
Product state qubit 3: [[0.37669816+0.j         0.28990473+0.38826783j]
 [0.28990473-0.38826783j 0.62330184+0.j        ]]
Diagonal entries of product state 3: [0.37669816 0.62330184]
r_4: [-0.5797871   0.77655071  0.24660884]
Product state qubit 4: [[ 0.62330442+0.j         -0.28989355-0.38827535j]
 [-0.28989355+0.38827535j  0.37669558+0.j        ]]
Diagonal entries of product state 4: [0.62330442 0.37669558]
r_5: [ 0.57978904 -0.77654837 -0.24661166]
Product state qubit 5: [[0.37669417+0.j         0.28989452+0.38827418j]
 [0.28989452-0.38827418j 0.62330583+0.j        ]]
Diagonal entries of product state 5: [0.37669417 0.62330583]
r_6: [-0.57977983  0.77655357  0.24661691]
Product state qubit 6: [[ 0.62330845+0.j         -0.28988992-0.38827679j]
 [-0.28988992+0.38827679j  0.37669155+0.j        ]]
Diagonal entries of product state 6: [0.62330845 0.37669155]
r_7: [ 0.57977595 -0.77655576 -0.24661915]
Product state qubit 7: [[0.37669043+0.j         0.28988798+0.38827788j]
 [0.28988798-0.38827788j 0.62330957+0.j        ]]
Diagonal entries of product state 7: [0.37669043 0.62330957]
r_8: [-0.57976684  0.77656088  0.24662445]
Product state qubit 8: [[ 0.62331222+0.j         -0.28988342-0.38828044j]
 [-0.28988342+0.38828044j  0.37668778+0.j        ]]
Diagonal entries of product state 8: [0.62331222 0.37668778]
r_9: [ 0.579785   -0.77654435 -0.24663378]
Product state qubit 9: [[0.37668311+0.j         0.2898925 +0.38827218j]
 [0.2898925 -0.38827218j 0.62331689+0.j        ]]
Diagonal entries of product state 9: [0.37668311 0.62331689]
r_10: [-0.57977557  0.77655207  0.24663166]
Product state qubit 10: [[ 0.62331583+0.j         -0.28988778-0.38827604j]
 [-0.28988778+0.38827604j  0.37668417+0.j        ]]
Diagonal entries of product state 10: [0.62331583 0.37668417]
r_11: [ 0.57977882 -0.77654656 -0.24664137]
Product state qubit 11: [[0.37667931+0.j         0.28988941+0.38827328j]
 [0.28988941-0.38827328j 0.62332069+0.j        ]]
Diagonal entries of product state 11: [0.37667931 0.62332069]
r_12: [-0.57977199  0.77655267  0.24663819]
Product state qubit 12: [[ 0.62331909+0.j         -0.289886  -0.38827633j]
 [-0.289886  +0.38827633j  0.37668091+0.j        ]]
Diagonal entries of product state 12: [0.62331909 0.37668091]
y_scalar: False
[1, -1, 1, -1, 1, -1, 1, -1, 1, -1, 1, -1, 1]
Check the cut: [1, -1, 1, -1, 1, -1, 1, -1, 1, -1, 1, -1, 1]
12 in cut out of a total of 12 edges
Warm-start: SDP solve + rounding finished in 0.55 seconds
Warm-start: statevector build finished in 0.00 seconds
