2026-04-11 20:57:24.826 system_profiler[63841:23197089] hw.cpufamily: 0x6f5129ac
Benchmark parameters: {'optimiser': 'ADAM', 'parameter_vector': [1, 1, 1], 'iterations_list': [100, 300, 500], 'depth_list': [1, 2, 3, 4, 5, 10, 15, 20], 'n_start': 2, 'n_end': 14, 'singlet_injection': False, 'start_index_singlet': 0, 'warm_start': True, 'compare_with_010101': True, 'warm_start_correlations': False, 'init_QAOAparams_close_to_zero': False, 'use_correlations_as_initial_params': False, 'time_limit': 10800, 'failed_instance_termination_thrsh': 10, 'graph_generation_type': 'line', 'weighted': False, 'easiest_first': True, 'cpu_util_threshold': 85, 'debug': False, 'rerun_exclude_finished_instances': True}, Running QAOA with equal superposition
Benchmark run ID: 2d409e0c
Processor: Apple M4
Hostname: Mac-mini-som-tillhor-Julian.local
Total RAM (GB): 16.0
Physical cores: 10
Logical cores: 10
Python version: 3.13.1
Generating line graph with 10 nodes...
Running QAOA for n=10 nodes, m=9 edges...; Max iterations: 500
Warm-start: using parameter_vector=[1, 1, 1]
Warm-start: starting SDP solve for n_vertices=10
Starting SDP solve (solver preference: MOSEK, fallback: SCS) for n_vertices=10, matrix_dim=30, edges=9
Finished SDP solve with MOSEK. status=optimal. elapsed_seconds=0.10
Rounding...
n_vertices: 10 for n = 30
Using seed None to generate random matrix for x.
r_0: [ 0.61822054  0.49427544 -0.6111425 ]
Product state qubit 0: [[0.19442875+0.j         0.30911027-0.24713772j]
 [0.30911027+0.24713772j 0.80557125+0.j        ]]
Diagonal entries of product state 0: [0.19442875 0.80557125]
r_1: [-0.61822025 -0.49427631  0.61114209]
Product state qubit 1: [[ 0.80557104+0.j         -0.30911012+0.24713816j]
 [-0.30911012-0.24713816j  0.19442896+0.j        ]]
Diagonal entries of product state 1: [0.80557104 0.19442896]
r_2: [ 0.61822109  0.49427752 -0.61114025]
Product state qubit 2: [[0.19442987+0.j         0.30911055-0.24713876j]
 [0.30911055+0.24713876j 0.80557013+0.j        ]]
Diagonal entries of product state 2: [0.19442987 0.80557013]
r_3: [-0.6182219  -0.49427755  0.61113942]
Product state qubit 3: [[ 0.80556971+0.j         -0.30911095+0.24713878j]
 [-0.30911095-0.24713878j  0.19443029+0.j        ]]
Diagonal entries of product state 3: [0.80556971 0.19443029]
r_4: [ 0.61822276  0.49427658 -0.61113934]
Product state qubit 4: [[0.19443033+0.j         0.30911138-0.24713829j]
 [0.30911138+0.24713829j 0.80556967+0.j        ]]
Diagonal entries of product state 4: [0.19443033 0.80556967]
r_5: [-0.61822411 -0.49427429  0.61113981]
Product state qubit 5: [[ 0.80556991+0.j         -0.30911206+0.24713715j]
 [-0.30911206-0.24713715j  0.19443009+0.j        ]]
Diagonal entries of product state 5: [0.80556991 0.19443009]
r_6: [ 0.61822437  0.49427066 -0.61114248]
Product state qubit 6: [[0.19442876+0.j         0.30911219-0.24713533j]
 [0.30911219+0.24713533j 0.80557124+0.j        ]]
Diagonal entries of product state 6: [0.19442876 0.80557124]
r_7: [-0.61822537 -0.49426713  0.61114434]
Product state qubit 7: [[ 0.80557217+0.j         -0.30911268+0.24713356j]
 [-0.30911268-0.24713356j  0.19442783+0.j        ]]
Diagonal entries of product state 7: [0.80557217 0.19442783]
r_8: [ 0.61822509  0.49425957 -0.61115073]
Product state qubit 8: [[0.19442463+0.j         0.30911255-0.24712978j]
 [0.30911255+0.24712978j 0.80557537+0.j        ]]
Diagonal entries of product state 8: [0.19442463 0.80557537]
r_9: [-0.61822357 -0.49425075  0.6111594 ]
Product state qubit 9: [[ 0.8055797 +0.j         -0.30911178+0.24712537j]
 [-0.30911178-0.24712537j  0.1944203 +0.j        ]]
Diagonal entries of product state 9: [0.8055797 0.1944203]
y_scalar: False
[-1, 1, -1, 1, -1, 1, -1, 1, -1, 1]
Check the cut: [-1, 1, -1, 1, -1, 1, -1, 1, -1, 1]
9 in cut out of a total of 9 edges
Warm-start: SDP solve + rounding finished in 0.11 seconds
Warm-start: statevector build finished in 0.00 seconds
warm_start_correlations: None
Edges: [(0, 1), (1, 2), (2, 3), (3, 4), (4, 5), (5, 6), (6, 7), (7, 8), (8, 9)], weights: [1.0, 1.0, 1.0, 1.0, 1.0, 1.0, 1.0, 1.0, 1.0], set of nodes: {0, 1, 2, 3, 4, 5, 6, 7, 8, 9}, n: 10 nodes, p: 15 layers, N_bayes: 500 iterations
Initial state injected as warm start
Layer 0: Added Cost and Mixer unitaries with gamma=γ[0] and beta=β[0]
.rz and .ry mixer terms added in addition to classical .rx mixer
Layer 1: Added Cost and Mixer unitaries with gamma=γ[1] and beta=β[1]
.rz and .ry mixer terms added in addition to classical .rx mixer
Layer 2: Added Cost and Mixer unitaries with gamma=γ[2] and beta=β[2]
.rz and .ry mixer terms added in addition to classical .rx mixer
Layer 3: Added Cost and Mixer unitaries with gamma=γ[3] and beta=β[3]
.rz and .ry mixer terms added in addition to classical .rx mixer
Layer 4: Added Cost and Mixer unitaries with gamma=γ[4] and beta=β[4]
.rz and .ry mixer terms added in addition to classical .rx mixer
Layer 5: Added Cost and Mixer unitaries with gamma=γ[5] and beta=β[5]
.rz and .ry mixer terms added in addition to classical .rx mixer
Layer 6: Added Cost and Mixer unitaries with gamma=γ[6] and beta=β[6]
.rz and .ry mixer terms added in addition to classical .rx mixer
Layer 7: Added Cost and Mixer unitaries with gamma=γ[7] and beta=β[7]
.rz and .ry mixer terms added in addition to classical .rx mixer
Layer 8: Added Cost and Mixer unitaries with gamma=γ[8] and beta=β[8]
.rz and .ry mixer terms added in addition to classical .rx mixer
Layer 9: Added Cost and Mixer unitaries with gamma=γ[9] and beta=β[9]
.rz and .ry mixer terms added in addition to classical .rx mixer
Layer 10: Added Cost and Mixer unitaries with gamma=γ[10] and beta=β[10]
.rz and .ry mixer terms added in addition to classical .rx mixer
Layer 11: Added Cost and Mixer unitaries with gamma=γ[11] and beta=β[11]
.rz and .ry mixer terms added in addition to classical .rx mixer
Layer 12: Added Cost and Mixer unitaries with gamma=γ[12] and beta=β[12]
.rz and .ry mixer terms added in addition to classical .rx mixer
Layer 13: Added Cost and Mixer unitaries with gamma=γ[13] and beta=β[13]
.rz and .ry mixer terms added in addition to classical .rx mixer
Layer 14: Added Cost and Mixer unitaries with gamma=γ[14] and beta=β[14]
.rz and .ry mixer terms added in addition to classical .rx mixer
Using random initial parameters with gamma [4.24659788 3.85678765 4.42108831 2.17914944 3.700243   1.11006627
 2.45244754 1.59760929 0.94276969 5.6105257  3.0180936  6.10134976
 1.07274483 2.65551387 5.85254483] and beta [3.01303399 2.32741643 0.40745372 1.52235093 1.94326758 1.69633221
 0.98343355 2.79131461 2.54655513 0.64436128 0.88598172 0.79343756
 3.10463987 2.91426475 2.16271616]
4.522781462551076
Reusing optimiser initial parameters for 010101 comparison run.
warm_start_correlations: None
Edges: [(0, 1), (1, 2), (2, 3), (3, 4), (4, 5), (5, 6), (6, 7), (7, 8), (8, 9)], weights: [1.0, 1.0, 1.0, 1.0, 1.0, 1.0, 1.0, 1.0, 1.0], set of nodes: {0, 1, 2, 3, 4, 5, 6, 7, 8, 9}, n: 10 nodes, p: 15 layers, N_bayes: 500 iterations
Initial state injected as warm start
Layer 0: Added Cost and Mixer unitaries with gamma=γ[0] and beta=β[0]
.rz and .ry mixer terms added in addition to classical .rx mixer
Layer 1: Added Cost and Mixer unitaries with gamma=γ[1] and beta=β[1]
.rz and .ry mixer terms added in addition to classical .rx mixer
Layer 2: Added Cost and Mixer unitaries with gamma=γ[2] and beta=β[2]
.rz and .ry mixer terms added in addition to classical .rx mixer
Layer 3: Added Cost and Mixer unitaries with gamma=γ[3] and beta=β[3]
.rz and .ry mixer terms added in addition to classical .rx mixer
Layer 4: Added Cost and Mixer unitaries with gamma=γ[4] and beta=β[4]
.rz and .ry mixer terms added in addition to classical .rx mixer
Layer 5: Added Cost and Mixer unitaries with gamma=γ[5] and beta=β[5]
.rz and .ry mixer terms added in addition to classical .rx mixer
Layer 6: Added Cost and Mixer unitaries with gamma=γ[6] and beta=β[6]
.rz and .ry mixer terms added in addition to classical .rx mixer
Layer 7: Added Cost and Mixer unitaries with gamma=γ[7] and beta=β[7]
.rz and .ry mixer terms added in addition to classical .rx mixer
Layer 8: Added Cost and Mixer unitaries with gamma=γ[8] and beta=β[8]
.rz and .ry mixer terms added in addition to classical .rx mixer
Layer 9: Added Cost and Mixer unitaries with gamma=γ[9] and beta=β[9]
.rz and .ry mixer terms added in addition to classical .rx mixer
Layer 10: Added Cost and Mixer unitaries with gamma=γ[10] and beta=β[10]
.rz and .ry mixer terms added in addition to classical .rx mixer
Layer 11: Added Cost and Mixer unitaries with gamma=γ[11] and beta=β[11]
.rz and .ry mixer terms added in addition to classical .rx mixer
Layer 12: Added Cost and Mixer unitaries with gamma=γ[12] and beta=β[12]
.rz and .ry mixer terms added in addition to classical .rx mixer
Layer 13: Added Cost and Mixer unitaries with gamma=γ[13] and beta=β[13]
.rz and .ry mixer terms added in addition to classical .rx mixer
Layer 14: Added Cost and Mixer unitaries with gamma=γ[14] and beta=β[14]
.rz and .ry mixer terms added in addition to classical .rx mixer
Using provided initial parameters x0 with shape (30,)
4.522780932013462
Finished QAOA for n=10 nodes, m=9 edges at 2026-04-11 23:34:05 on Apple M4. Time taken: 9400.41 seconds. Hours: 2.61 hours. Peak RAM: 367.28 MB.
Computing line approximation ratio
results: {10: 4.522781462551076}
durations: {10: 9400.41136431694}
Results saved to: logs/ADAM/qaoa_results_ADAM_20260410_144026.csv
