2026-04-11 18:25:37.702 system_profiler[85037:22807929] hw.cpufamily: 0x6f5129ac
Benchmark parameters: {'optimiser': 'ADAM', 'parameter_vector': [1, 1, 1], 'iterations_list': [100, 300, 500], 'depth_list': [1, 2, 3, 4, 5, 10, 15, 20], 'n_start': 2, 'n_end': 14, 'singlet_injection': False, 'start_index_singlet': 0, 'warm_start': True, 'compare_with_010101': True, 'warm_start_correlations': False, 'init_QAOAparams_close_to_zero': False, 'use_correlations_as_initial_params': False, 'time_limit': 10800, 'failed_instance_termination_thrsh': 10, 'graph_generation_type': 'line', 'weighted': False, 'easiest_first': True, 'cpu_util_threshold': 85, 'debug': False, 'rerun_exclude_finished_instances': True}, Running QAOA with equal superposition
Benchmark run ID: 890295f7
Processor: Apple M4
Hostname: Mac-mini-som-tillhor-Julian.local
Total RAM (GB): 16.0
Physical cores: 10
Logical cores: 10
Python version: 3.13.1
Generating line graph with 10 nodes...
Running QAOA for n=10 nodes, m=9 edges...; Max iterations: 300
Warm-start: using parameter_vector=[1, 1, 1]
Warm-start: starting SDP solve for n_vertices=10
Starting SDP solve (solver preference: MOSEK, fallback: SCS) for n_vertices=10, matrix_dim=30, edges=9
Finished SDP solve with MOSEK. status=optimal. elapsed_seconds=0.10
Rounding...
n_vertices: 10 for n = 30
Using seed None to generate random matrix for x.
r_0: [-0.60623213  0.08562318 -0.79066509]
Product state qubit 0: [[ 0.10466746+0.j         -0.30311606-0.04281159j]
 [-0.30311606+0.04281159j  0.89533254+0.j        ]]
Diagonal entries of product state 0: [0.10466746 0.89533254]
r_1: [ 0.60622423 -0.08561949  0.79067154]
Product state qubit 1: [[0.89533577+0.j         0.30311212+0.04280975j]
 [0.30311212-0.04280975j 0.10466423+0.j        ]]
Diagonal entries of product state 1: [0.89533577 0.10466423]
r_2: [-0.60621819  0.08561661 -0.79067648]
Product state qubit 2: [[ 0.10466176+0.j        -0.3031091 -0.0428083j]
 [-0.3031091 +0.0428083j  0.89533824+0.j       ]]
Diagonal entries of product state 2: [0.10466176 0.89533824]
r_3: [ 0.60621545 -0.08561666  0.79067858]
Product state qubit 3: [[0.89533929+0.j         0.30310773+0.04280833j]
 [0.30310773-0.04280833j 0.10466071+0.j        ]]
Diagonal entries of product state 3: [0.89533929 0.10466071]
r_4: [-0.60621325  0.08561584 -0.79068036]
Product state qubit 4: [[ 0.10465982+0.j         -0.30310662-0.04280792j]
 [-0.30310662+0.04280792j  0.89534018+0.j        ]]
Diagonal entries of product state 4: [0.10465982 0.89534018]
r_5: [ 0.60621241 -0.08562052  0.79068049]
Product state qubit 5: [[0.89534025+0.j         0.3031062 +0.04281026j]
 [0.3031062 -0.04281026j 0.10465975+0.j        ]]
Diagonal entries of product state 5: [0.89534025 0.10465975]
r_6: [-0.6062159   0.08562583 -0.79067724]
Product state qubit 6: [[ 0.10466138+0.j         -0.30310795-0.04281291j]
 [-0.30310795+0.04281291j  0.89533862+0.j        ]]
Diagonal entries of product state 6: [0.10466138 0.89533862]
r_7: [ 0.60622186 -0.08562282  0.790673  ]
Product state qubit 7: [[0.8953365 +0.j         0.30311093+0.04281141j]
 [0.30311093-0.04281141j 0.1046635 +0.j        ]]
Diagonal entries of product state 7: [0.8953365 0.1046635]
r_8: [-0.60623091  0.08563148 -0.79066512]
Product state qubit 8: [[ 0.10466744+0.j         -0.30311545-0.04281574j]
 [-0.30311545+0.04281574j  0.89533256+0.j        ]]
Diagonal entries of product state 8: [0.10466744 0.89533256]
r_9: [ 0.60624451 -0.08563413  0.7906544 ]
Product state qubit 9: [[0.8953272 +0.j         0.30312226+0.04281707j]
 [0.30312226-0.04281707j 0.1046728 +0.j        ]]
Diagonal entries of product state 9: [0.8953272 0.1046728]
y_scalar: False
[-1, 1, -1, 1, -1, 1, -1, 1, -1, 1]
Check the cut: [-1, 1, -1, 1, -1, 1, -1, 1, -1, 1]
9 in cut out of a total of 9 edges
Warm-start: SDP solve + rounding finished in 0.11 seconds
Warm-start: statevector build finished in 0.00 seconds
warm_start_correlations: None
Edges: [(0, 1), (1, 2), (2, 3), (3, 4), (4, 5), (5, 6), (6, 7), (7, 8), (8, 9)], weights: [1.0, 1.0, 1.0, 1.0, 1.0, 1.0, 1.0, 1.0, 1.0], set of nodes: {0, 1, 2, 3, 4, 5, 6, 7, 8, 9}, n: 10 nodes, p: 15 layers, N_bayes: 300 iterations
Initial state injected as warm start
Layer 0: Added Cost and Mixer unitaries with gamma=γ[0] and beta=β[0]
.rz and .ry mixer terms added in addition to classical .rx mixer
Layer 1: Added Cost and Mixer unitaries with gamma=γ[1] and beta=β[1]
.rz and .ry mixer terms added in addition to classical .rx mixer
Layer 2: Added Cost and Mixer unitaries with gamma=γ[2] and beta=β[2]
.rz and .ry mixer terms added in addition to classical .rx mixer
Layer 3: Added Cost and Mixer unitaries with gamma=γ[3] and beta=β[3]
.rz and .ry mixer terms added in addition to classical .rx mixer
Layer 4: Added Cost and Mixer unitaries with gamma=γ[4] and beta=β[4]
.rz and .ry mixer terms added in addition to classical .rx mixer
Layer 5: Added Cost and Mixer unitaries with gamma=γ[5] and beta=β[5]
.rz and .ry mixer terms added in addition to classical .rx mixer
Layer 6: Added Cost and Mixer unitaries with gamma=γ[6] and beta=β[6]
.rz and .ry mixer terms added in addition to classical .rx mixer
Layer 7: Added Cost and Mixer unitaries with gamma=γ[7] and beta=β[7]
.rz and .ry mixer terms added in addition to classical .rx mixer
Layer 8: Added Cost and Mixer unitaries with gamma=γ[8] and beta=β[8]
.rz and .ry mixer terms added in addition to classical .rx mixer
Layer 9: Added Cost and Mixer unitaries with gamma=γ[9] and beta=β[9]
.rz and .ry mixer terms added in addition to classical .rx mixer
Layer 10: Added Cost and Mixer unitaries with gamma=γ[10] and beta=β[10]
.rz and .ry mixer terms added in addition to classical .rx mixer
Layer 11: Added Cost and Mixer unitaries with gamma=γ[11] and beta=β[11]
.rz and .ry mixer terms added in addition to classical .rx mixer
Layer 12: Added Cost and Mixer unitaries with gamma=γ[12] and beta=β[12]
.rz and .ry mixer terms added in addition to classical .rx mixer
Layer 13: Added Cost and Mixer unitaries with gamma=γ[13] and beta=β[13]
.rz and .ry mixer terms added in addition to classical .rx mixer
Layer 14: Added Cost and Mixer unitaries with gamma=γ[14] and beta=β[14]
.rz and .ry mixer terms added in addition to classical .rx mixer
Using random initial parameters with gamma [4.98305069 3.99234675 4.07296839 3.18624991 3.99035368 4.2564851
 0.6462361  5.79745847 4.4875524  5.25769891 5.18226637 2.62626349
 1.92956096 5.32836154 5.61832239] and beta [2.06710317 0.15300218 0.0174044  1.02398486 1.11883613 1.89861022
 0.11266337 0.78412171 3.12594906 1.72571713 1.35617099 1.43502729
 0.95398522 0.27974512 1.74277083]
4.511881604769094
Reusing optimiser initial parameters for 010101 comparison run.
warm_start_correlations: None
Edges: [(0, 1), (1, 2), (2, 3), (3, 4), (4, 5), (5, 6), (6, 7), (7, 8), (8, 9)], weights: [1.0, 1.0, 1.0, 1.0, 1.0, 1.0, 1.0, 1.0, 1.0], set of nodes: {0, 1, 2, 3, 4, 5, 6, 7, 8, 9}, n: 10 nodes, p: 15 layers, N_bayes: 300 iterations
Initial state injected as warm start
Layer 0: Added Cost and Mixer unitaries with gamma=γ[0] and beta=β[0]
.rz and .ry mixer terms added in addition to classical .rx mixer
Layer 1: Added Cost and Mixer unitaries with gamma=γ[1] and beta=β[1]
.rz and .ry mixer terms added in addition to classical .rx mixer
Layer 2: Added Cost and Mixer unitaries with gamma=γ[2] and beta=β[2]
.rz and .ry mixer terms added in addition to classical .rx mixer
Layer 3: Added Cost and Mixer unitaries with gamma=γ[3] and beta=β[3]
.rz and .ry mixer terms added in addition to classical .rx mixer
Layer 4: Added Cost and Mixer unitaries with gamma=γ[4] and beta=β[4]
.rz and .ry mixer terms added in addition to classical .rx mixer
Layer 5: Added Cost and Mixer unitaries with gamma=γ[5] and beta=β[5]
.rz and .ry mixer terms added in addition to classical .rx mixer
Layer 6: Added Cost and Mixer unitaries with gamma=γ[6] and beta=β[6]
.rz and .ry mixer terms added in addition to classical .rx mixer
Layer 7: Added Cost and Mixer unitaries with gamma=γ[7] and beta=β[7]
.rz and .ry mixer terms added in addition to classical .rx mixer
Layer 8: Added Cost and Mixer unitaries with gamma=γ[8] and beta=β[8]
.rz and .ry mixer terms added in addition to classical .rx mixer
Layer 9: Added Cost and Mixer unitaries with gamma=γ[9] and beta=β[9]
.rz and .ry mixer terms added in addition to classical .rx mixer
Layer 10: Added Cost and Mixer unitaries with gamma=γ[10] and beta=β[10]
.rz and .ry mixer terms added in addition to classical .rx mixer
Layer 11: Added Cost and Mixer unitaries with gamma=γ[11] and beta=β[11]
.rz and .ry mixer terms added in addition to classical .rx mixer
Layer 12: Added Cost and Mixer unitaries with gamma=γ[12] and beta=β[12]
.rz and .ry mixer terms added in addition to classical .rx mixer
Layer 13: Added Cost and Mixer unitaries with gamma=γ[13] and beta=β[13]
.rz and .ry mixer terms added in addition to classical .rx mixer
Layer 14: Added Cost and Mixer unitaries with gamma=γ[14] and beta=β[14]
.rz and .ry mixer terms added in addition to classical .rx mixer
Using provided initial parameters x0 with shape (30,)
4.51188281450714
Finished QAOA for n=10 nodes, m=9 edges at 2026-04-11 19:58:48 on Apple M4. Time taken: 5590.33 seconds. Hours: 1.55 hours. Peak RAM: 372.16 MB.
Computing line approximation ratio
results: {10: 4.511881604769094}
durations: {10: 5590.334506988525}
Results saved to: logs/ADAM/qaoa_results_ADAM_20260410_144026.csv
