2026-04-10 19:17:12.750 system_profiler[37872:19210964] hw.cpufamily: 0x6f5129ac
Benchmark parameters: {'optimiser': 'ADAM', 'parameter_vector': [1, 1, 1], 'iterations_list': [100, 300, 500], 'depth_list': [1, 2, 3, 4, 5, 10, 15, 20], 'n_start': 2, 'n_end': 14, 'singlet_injection': False, 'start_index_singlet': 0, 'warm_start': True, 'compare_with_010101': True, 'warm_start_correlations': False, 'init_QAOAparams_close_to_zero': False, 'use_correlations_as_initial_params': False, 'time_limit': 10800, 'failed_instance_termination_thrsh': 10, 'graph_generation_type': 'line', 'weighted': False, 'easiest_first': True, 'cpu_util_threshold': 85, 'debug': False, 'rerun_exclude_finished_instances': True}, Running QAOA with equal superposition
Benchmark run ID: d7230670
Processor: Apple M4
Hostname: Mac-mini-som-tillhor-Julian.local
Total RAM (GB): 16.0
Physical cores: 10
Logical cores: 10
Python version: 3.13.1
Generating line graph with 4 nodes...
Running QAOA for n=4 nodes, m=3 edges...; Max iterations: 300
Warm-start: using parameter_vector=[1, 1, 1]
Warm-start: starting SDP solve for n_vertices=4
Starting SDP solve (solver preference: MOSEK, fallback: SCS) for n_vertices=4, matrix_dim=12, edges=3
Finished SDP solve with MOSEK. status=optimal. elapsed_seconds=0.03
Rounding...
n_vertices: 4 for n = 12
Using seed None to generate random matrix for x.
r_0: [-0.15413554  0.48658119  0.8599308 ]
Product state qubit 0: [[ 0.9299654 +0.j        -0.07706777-0.2432906j]
 [-0.07706777+0.2432906j  0.0700346 +0.j       ]]
Diagonal entries of product state 0: [0.9299654 0.0700346]
r_1: [ 0.15416219 -0.48655854 -0.85993884]
Product state qubit 1: [[0.07003058+0.j         0.07708109+0.24327927j]
 [0.07708109-0.24327927j 0.92996942+0.j        ]]
Diagonal entries of product state 1: [0.07003058 0.92996942]
r_2: [-0.15418482  0.48654185  0.85994422]
Product state qubit 2: [[ 0.92997211+0.j         -0.07709241-0.24327093j]
 [-0.07709241+0.24327093j  0.07002789+0.j        ]]
Diagonal entries of product state 2: [0.92997211 0.07002789]
r_3: [ 0.15421134 -0.48651951 -0.85995211]
Product state qubit 3: [[0.07002394+0.j         0.07710567+0.24325975j]
 [0.07710567-0.24325975j 0.92997606+0.j        ]]
Diagonal entries of product state 3: [0.07002394 0.92997606]
y_scalar: False
[1, -1, 1, -1]
Check the cut: [1, -1, 1, -1]
3 in cut out of a total of 3 edges
Warm-start: SDP solve + rounding finished in 0.04 seconds
Warm-start: statevector build finished in 0.00 seconds
warm_start_correlations: None
Edges: [(0, 1), (1, 2), (2, 3)], weights: [1.0, 1.0, 1.0], set of nodes: {0, 1, 2, 3}, n: 4 nodes, p: 3 layers, N_bayes: 300 iterations
Initial state injected as warm start
Layer 0: Added Cost and Mixer unitaries with gamma=γ[0] and beta=β[0]
.rz and .ry mixer terms added in addition to classical .rx mixer
Layer 1: Added Cost and Mixer unitaries with gamma=γ[1] and beta=β[1]
.rz and .ry mixer terms added in addition to classical .rx mixer
Layer 2: Added Cost and Mixer unitaries with gamma=γ[2] and beta=β[2]
.rz and .ry mixer terms added in addition to classical .rx mixer
Using random initial parameters with gamma [1.75500072 1.2846624  1.30638335] and beta [0.93257378 2.37788281 0.13260438]
1.4999996266539166
Reusing optimiser initial parameters for 010101 comparison run.
warm_start_correlations: None
Edges: [(0, 1), (1, 2), (2, 3)], weights: [1.0, 1.0, 1.0], set of nodes: {0, 1, 2, 3}, n: 4 nodes, p: 3 layers, N_bayes: 300 iterations
Initial state injected as warm start
Layer 0: Added Cost and Mixer unitaries with gamma=γ[0] and beta=β[0]
.rz and .ry mixer terms added in addition to classical .rx mixer
Layer 1: Added Cost and Mixer unitaries with gamma=γ[1] and beta=β[1]
.rz and .ry mixer terms added in addition to classical .rx mixer
Layer 2: Added Cost and Mixer unitaries with gamma=γ[2] and beta=β[2]
.rz and .ry mixer terms added in addition to classical .rx mixer
Using provided initial parameters x0 with shape (6,)
1.4999996512594662
Finished QAOA for n=4 nodes, m=3 edges at 2026-04-10 19:17:21 on Apple M4. Time taken: 8.71 seconds. Hours: 0.00 hours. Peak RAM: 212.52 MB.
Computing line approximation ratio
results: {4: 1.4999996266539166}
durations: {4: 8.706620931625366}
Results saved to: logs/ADAM/qaoa_results_ADAM_20260410_144026.csv
