2026-04-11 04:41:02.413 system_profiler[9335:20673057] hw.cpufamily: 0x6f5129ac
Benchmark parameters: {'optimiser': 'ADAM', 'parameter_vector': [1, 1, 1], 'iterations_list': [100, 300, 500], 'depth_list': [1, 2, 3, 4, 5, 10, 15, 20], 'n_start': 2, 'n_end': 14, 'singlet_injection': False, 'start_index_singlet': 0, 'warm_start': True, 'compare_with_010101': True, 'warm_start_correlations': False, 'init_QAOAparams_close_to_zero': False, 'use_correlations_as_initial_params': False, 'time_limit': 10800, 'failed_instance_termination_thrsh': 10, 'graph_generation_type': 'line', 'weighted': False, 'easiest_first': True, 'cpu_util_threshold': 85, 'debug': False, 'rerun_exclude_finished_instances': True}, Running QAOA with equal superposition
Benchmark run ID: dda5f441
Processor: Apple M4
Hostname: Mac-mini-som-tillhor-Julian.local
Total RAM (GB): 16.0
Physical cores: 10
Logical cores: 10
Python version: 3.13.1
Generating line graph with 5 nodes...
Running QAOA for n=5 nodes, m=4 edges...; Max iterations: 500
Warm-start: using parameter_vector=[1, 1, 1]
Warm-start: starting SDP solve for n_vertices=5
Starting SDP solve (solver preference: MOSEK, fallback: SCS) for n_vertices=5, matrix_dim=15, edges=4
Finished SDP solve with MOSEK. status=optimal. elapsed_seconds=0.04
Rounding...
n_vertices: 5 for n = 15
Using seed None to generate random matrix for x.
r_0: [ 0.93889131  0.22914316 -0.25685895]
Product state qubit 0: [[0.37157053+0.j         0.46944565-0.11457158j]
 [0.46944565+0.11457158j 0.62842947+0.j        ]]
Diagonal entries of product state 0: [0.37157053 0.62842947]
r_1: [-0.93888632 -0.22914087  0.25687924]
Product state qubit 1: [[ 0.62843962+0.j         -0.46944316+0.11457044j]
 [-0.46944316-0.11457044j  0.37156038+0.j        ]]
Diagonal entries of product state 1: [0.62843962 0.37156038]
r_2: [ 0.93887165  0.22911956 -0.25695185]
Product state qubit 2: [[0.37152408+0.j         0.46943583-0.11455978j]
 [0.46943583+0.11455978j 0.62847592+0.j        ]]
Diagonal entries of product state 2: [0.37152408 0.62847592]
r_3: [-0.93886284 -0.22908632  0.25701366]
Product state qubit 3: [[ 0.62850683+0.j         -0.46943142+0.11454316j]
 [-0.46943142-0.11454316j  0.37149317+0.j        ]]
Diagonal entries of product state 3: [0.62850683 0.37149317]
r_4: [ 0.93885932  0.2290769  -0.25703492]
Product state qubit 4: [[0.37148254+0.j         0.46942966-0.11453845j]
 [0.46942966+0.11453845j 0.62851746+0.j        ]]
Diagonal entries of product state 4: [0.37148254 0.62851746]
y_scalar: False
[-1, 1, -1, 1, -1]
Check the cut: [-1, 1, -1, 1, -1]
4 in cut out of a total of 4 edges
Warm-start: SDP solve + rounding finished in 0.04 seconds
Warm-start: statevector build finished in 0.00 seconds
warm_start_correlations: None
Edges: [(0, 1), (1, 2), (2, 3), (3, 4)], weights: [1.0, 1.0, 1.0, 1.0], set of nodes: {0, 1, 2, 3, 4}, n: 5 nodes, p: 5 layers, N_bayes: 500 iterations
Initial state injected as warm start
Layer 0: Added Cost and Mixer unitaries with gamma=γ[0] and beta=β[0]
.rz and .ry mixer terms added in addition to classical .rx mixer
Layer 1: Added Cost and Mixer unitaries with gamma=γ[1] and beta=β[1]
.rz and .ry mixer terms added in addition to classical .rx mixer
Layer 2: Added Cost and Mixer unitaries with gamma=γ[2] and beta=β[2]
.rz and .ry mixer terms added in addition to classical .rx mixer
Layer 3: Added Cost and Mixer unitaries with gamma=γ[3] and beta=β[3]
.rz and .ry mixer terms added in addition to classical .rx mixer
Layer 4: Added Cost and Mixer unitaries with gamma=γ[4] and beta=β[4]
.rz and .ry mixer terms added in addition to classical .rx mixer
Using random initial parameters with gamma [3.993758   5.71537614 5.05741195 2.20828703 2.5557571 ] and beta [1.84347585 2.34672993 1.17212514 1.35980449 2.73078638]
1.6264165611576524
Reusing optimiser initial parameters for 010101 comparison run.
warm_start_correlations: None
Edges: [(0, 1), (1, 2), (2, 3), (3, 4)], weights: [1.0, 1.0, 1.0, 1.0], set of nodes: {0, 1, 2, 3, 4}, n: 5 nodes, p: 5 layers, N_bayes: 500 iterations
Initial state injected as warm start
Layer 0: Added Cost and Mixer unitaries with gamma=γ[0] and beta=β[0]
.rz and .ry mixer terms added in addition to classical .rx mixer
Layer 1: Added Cost and Mixer unitaries with gamma=γ[1] and beta=β[1]
.rz and .ry mixer terms added in addition to classical .rx mixer
Layer 2: Added Cost and Mixer unitaries with gamma=γ[2] and beta=β[2]
.rz and .ry mixer terms added in addition to classical .rx mixer
Layer 3: Added Cost and Mixer unitaries with gamma=γ[3] and beta=β[3]
.rz and .ry mixer terms added in addition to classical .rx mixer
Layer 4: Added Cost and Mixer unitaries with gamma=γ[4] and beta=β[4]
.rz and .ry mixer terms added in addition to classical .rx mixer
Using provided initial parameters x0 with shape (10,)
1.6264165618169797
Finished QAOA for n=5 nodes, m=4 edges at 2026-04-11 04:41:48 on Apple M4. Time taken: 46.03 seconds. Hours: 0.01 hours. Peak RAM: 214.3 MB.
Computing line approximation ratio
results: {5: 1.6264165611576524}
durations: {5: 46.02755784988403}
Results saved to: logs/ADAM/qaoa_results_ADAM_20260410_144026.csv
