2026-04-10 19:17:39.180 system_profiler[38618:19212692] hw.cpufamily: 0x6f5129ac
Benchmark parameters: {'optimiser': 'ADAM', 'parameter_vector': [1, 1, 1], 'iterations_list': [100, 300, 500], 'depth_list': [1, 2, 3, 4, 5, 10, 15, 20], 'n_start': 2, 'n_end': 14, 'singlet_injection': False, 'start_index_singlet': 0, 'warm_start': True, 'compare_with_010101': True, 'warm_start_correlations': False, 'init_QAOAparams_close_to_zero': False, 'use_correlations_as_initial_params': False, 'time_limit': 10800, 'failed_instance_termination_thrsh': 10, 'graph_generation_type': 'line', 'weighted': False, 'easiest_first': True, 'cpu_util_threshold': 85, 'debug': False, 'rerun_exclude_finished_instances': True}, Running QAOA with equal superposition
Benchmark run ID: 05c05f85
Processor: Apple M4
Hostname: Mac-mini-som-tillhor-Julian.local
Total RAM (GB): 16.0
Physical cores: 10
Logical cores: 10
Python version: 3.13.1
Generating line graph with 13 nodes...
Running QAOA for n=13 nodes, m=12 edges...; Max iterations: 100
Warm-start: using parameter_vector=[1, 1, 1]
Warm-start: starting SDP solve for n_vertices=13
Starting SDP solve (solver preference: MOSEK, fallback: SCS) for n_vertices=13, matrix_dim=39, edges=12
Finished SDP solve with MOSEK. status=optimal. elapsed_seconds=0.16
Rounding...
n_vertices: 13 for n = 39
Using seed None to generate random matrix for x.
r_0: [-0.33880744  0.22137538 -0.91444106]
Product state qubit 0: [[ 0.04277947+0.j         -0.16940372-0.11068769j]
 [-0.16940372+0.11068769j  0.95722053+0.j        ]]
Diagonal entries of product state 0: [0.04277947 0.95722053]
r_1: [ 0.33880706 -0.22137213  0.91444199]
Product state qubit 1: [[0.957221  +0.j         0.16940353+0.11068606j]
 [0.16940353-0.11068606j 0.042779  +0.j        ]]
Diagonal entries of product state 1: [0.957221 0.042779]
r_2: [-0.33880984  0.22136858 -0.91444182]
Product state qubit 2: [[ 0.04277909+0.j         -0.16940492-0.11068429j]
 [-0.16940492+0.11068429j  0.95722091+0.j        ]]
Diagonal entries of product state 2: [0.04277909 0.95722091]
r_3: [ 0.33881007 -0.22136737  0.91444203]
Product state qubit 3: [[0.95722102+0.j         0.16940503+0.11068368j]
 [0.16940503-0.11068368j 0.04277898+0.j        ]]
Diagonal entries of product state 3: [0.95722102 0.04277898]
r_4: [-0.33881199  0.22136672 -0.91444148]
Product state qubit 4: [[ 0.04277926+0.j         -0.16940599-0.11068336j]
 [-0.16940599+0.11068336j  0.95722074+0.j        ]]
Diagonal entries of product state 4: [0.04277926 0.95722074]
r_5: [ 0.33881107 -0.22136602  0.91444199]
Product state qubit 5: [[0.95722099+0.j         0.16940553+0.11068301j]
 [0.16940553-0.11068301j 0.04277901+0.j        ]]
Diagonal entries of product state 5: [0.95722099 0.04277901]
r_6: [-0.33881109  0.22136512 -0.9144422 ]
Product state qubit 6: [[ 0.0427789 +0.j         -0.16940554-0.11068256j]
 [-0.16940554+0.11068256j  0.9572211 +0.j        ]]
Diagonal entries of product state 6: [0.0427789 0.9572211]
r_7: [ 0.33881205 -0.22136458  0.91444197]
Product state qubit 7: [[0.95722098+0.j         0.16940603+0.11068229j]
 [0.16940603-0.11068229j 0.04277902+0.j        ]]
Diagonal entries of product state 7: [0.95722098 0.04277902]
r_8: [-0.3388119   0.22136455 -0.91444203]
Product state qubit 8: [[ 0.04277898+0.j         -0.16940595-0.11068228j]
 [-0.16940595+0.11068228j  0.95722102+0.j        ]]
Diagonal entries of product state 8: [0.04277898 0.95722102]
r_9: [ 0.33881226 -0.22136513  0.91444176]
Product state qubit 9: [[0.95722088+0.j         0.16940613+0.11068256j]
 [0.16940613-0.11068256j 0.04277912+0.j        ]]
Diagonal entries of product state 9: [0.95722088 0.04277912]
r_10: [-0.33881402  0.22136567 -0.91444098]
Product state qubit 10: [[ 0.04277951+0.j         -0.16940701-0.11068283j]
 [-0.16940701+0.11068283j  0.95722049+0.j        ]]
Diagonal entries of product state 10: [0.04277951 0.95722049]
r_11: [ 0.33881586 -0.22136703  0.91443996]
Product state qubit 11: [[0.95721998+0.j         0.16940793+0.11068352j]
 [0.16940793-0.11068352j 0.04278002+0.j        ]]
Diagonal entries of product state 11: [0.95721998 0.04278002]
r_12: [-0.33881746  0.22137078 -0.91443847]
Product state qubit 12: [[ 0.04278077+0.j         -0.16940873-0.11068539j]
 [-0.16940873+0.11068539j  0.95721923+0.j        ]]
Diagonal entries of product state 12: [0.04278077 0.95721923]
y_scalar: False
[-1, 1, -1, 1, -1, 1, -1, 1, -1, 1, -1, 1, -1]
Check the cut: [-1, 1, -1, 1, -1, 1, -1, 1, -1, 1, -1, 1, -1]
12 in cut out of a total of 12 edges
Warm-start: SDP solve + rounding finished in 0.68 seconds
Warm-start: statevector build finished in 0.00 seconds
