2026-04-10 14:44:52.328 system_profiler[6960:18480473] hw.cpufamily: 0x6f5129ac
Benchmark parameters: {'optimiser': 'ADAM', 'parameter_vector': [1, 1, 1], 'iterations_list': [100, 300, 500], 'depth_list': [1, 2, 3, 4, 5, 10, 15, 20], 'n_start': 2, 'n_end': 14, 'singlet_injection': False, 'start_index_singlet': 0, 'warm_start': True, 'compare_with_010101': True, 'warm_start_correlations': False, 'init_QAOAparams_close_to_zero': False, 'use_correlations_as_initial_params': False, 'time_limit': 10800, 'failed_instance_termination_thrsh': 10, 'graph_generation_type': 'line', 'weighted': False, 'easiest_first': True, 'cpu_util_threshold': 85, 'debug': False, 'rerun_exclude_finished_instances': True}, Running QAOA with equal superposition
Benchmark run ID: bffbcfd8
Processor: Apple M4
Hostname: Mac-mini-som-tillhor-Julian.local
Total RAM (GB): 16.0
Physical cores: 10
Logical cores: 10
Python version: 3.13.1
Generating line graph with 10 nodes...
Running QAOA for n=10 nodes, m=9 edges...; Max iterations: 300
Warm-start: using parameter_vector=[1, 1, 1]
Warm-start: starting SDP solve for n_vertices=10
Starting SDP solve (solver preference: MOSEK, fallback: SCS) for n_vertices=10, matrix_dim=30, edges=9
Finished SDP solve with MOSEK. status=optimal. elapsed_seconds=0.10
Rounding...
n_vertices: 10 for n = 30
Using seed None to generate random matrix for x.
r_0: [0.37410797 0.48306913 0.79163593]
Product state qubit 0: [[0.89581796+0.j         0.18705398-0.24153456j]
 [0.18705398+0.24153456j 0.10418204+0.j        ]]
Diagonal entries of product state 0: [0.89581796 0.10418204]
r_1: [-0.37410006 -0.48307535 -0.79163587]
Product state qubit 1: [[ 0.10418206+0.j         -0.18705003+0.24153767j]
 [-0.18705003-0.24153767j  0.89581794+0.j        ]]
Diagonal entries of product state 1: [0.10418206 0.89581794]
r_2: [0.37409772 0.48306925 0.7916407 ]
Product state qubit 2: [[0.89582035+0.j         0.18704886-0.24153462j]
 [0.18704886+0.24153462j 0.10417965+0.j        ]]
Diagonal entries of product state 2: [0.89582035 0.10417965]
r_3: [-0.37409723 -0.48306711 -0.79164223]
Product state qubit 3: [[ 0.10417888+0.j         -0.18704861+0.24153356j]
 [-0.18704861-0.24153356j  0.89582112+0.j        ]]
Diagonal entries of product state 3: [0.10417888 0.89582112]
r_4: [0.3740984  0.48306347 0.7916439 ]
Product state qubit 4: [[0.89582195+0.j         0.1870492 -0.24153174j]
 [0.1870492 +0.24153174j 0.10417805+0.j        ]]
Diagonal entries of product state 4: [0.89582195 0.10417805]
r_5: [-0.37409741 -0.4830634  -0.79164442]
Product state qubit 5: [[ 0.10417779+0.j        -0.1870487 +0.2415317j]
 [-0.1870487 -0.2415317j  0.89582221+0.j       ]]
Diagonal entries of product state 5: [0.10417779 0.89582221]
r_6: [0.37409878 0.48306339 0.79164378]
Product state qubit 6: [[0.89582189+0.j         0.18704939-0.24153169j]
 [0.18704939+0.24153169j 0.10417811+0.j        ]]
Diagonal entries of product state 6: [0.89582189 0.10417811]
r_7: [-0.37409866 -0.48306554 -0.79164252]
Product state qubit 7: [[ 0.10417874+0.j         -0.18704933+0.24153277j]
 [-0.18704933-0.24153277j  0.89582126+0.j        ]]
Diagonal entries of product state 7: [0.10417874 0.89582126]
r_8: [0.3740996  0.48307433 0.79163671]
Product state qubit 8: [[0.89581836+0.j         0.1870498 -0.24153716j]
 [0.1870498 +0.24153716j 0.10418164+0.j        ]]
Diagonal entries of product state 8: [0.89581836 0.10418164]
r_9: [-0.37409719 -0.48308934 -0.79162869]
Product state qubit 9: [[ 0.10418566+0.j         -0.1870486 +0.24154467j]
 [-0.1870486 -0.24154467j  0.89581434+0.j        ]]
Diagonal entries of product state 9: [0.10418566 0.89581434]
y_scalar: False
[1, -1, 1, -1, 1, -1, 1, -1, 1, -1]
Check the cut: [1, -1, 1, -1, 1, -1, 1, -1, 1, -1]
9 in cut out of a total of 9 edges
Warm-start: SDP solve + rounding finished in 0.12 seconds
Warm-start: statevector build finished in 0.00 seconds
warm_start_correlations: None
Edges: [(0, 1), (1, 2), (2, 3), (3, 4), (4, 5), (5, 6), (6, 7), (7, 8), (8, 9)], weights: [1.0, 1.0, 1.0, 1.0, 1.0, 1.0, 1.0, 1.0, 1.0], set of nodes: {0, 1, 2, 3, 4, 5, 6, 7, 8, 9}, n: 10 nodes, p: 1 layers, N_bayes: 300 iterations
Initial state injected as warm start
Layer 0: Added Cost and Mixer unitaries with gamma=γ[0] and beta=β[0]
.rz and .ry mixer terms added in addition to classical .rx mixer
Using random initial parameters with gamma [1.41476184] and beta [3.00203505]
4.499999782633965
Reusing optimiser initial parameters for 010101 comparison run.
warm_start_correlations: None
Edges: [(0, 1), (1, 2), (2, 3), (3, 4), (4, 5), (5, 6), (6, 7), (7, 8), (8, 9)], weights: [1.0, 1.0, 1.0, 1.0, 1.0, 1.0, 1.0, 1.0, 1.0], set of nodes: {0, 1, 2, 3, 4, 5, 6, 7, 8, 9}, n: 10 nodes, p: 1 layers, N_bayes: 300 iterations
Initial state injected as warm start
Layer 0: Added Cost and Mixer unitaries with gamma=γ[0] and beta=β[0]
.rz and .ry mixer terms added in addition to classical .rx mixer
Using provided initial parameters x0 with shape (2,)
4.499999772753017
Finished QAOA for n=10 nodes, m=9 edges at 2026-04-10 14:52:46 on Apple M4. Time taken: 473.74 seconds. Hours: 0.13 hours. Peak RAM: 361.25 MB.
Computing line approximation ratio
results: {10: 4.499999782633965}
durations: {10: 473.7421567440033}
Results saved to: logs/ADAM/qaoa_results_ADAM_20260410_144026.csv
