Starting QAOA benchmark with global start time: 1787359808.0038264
Benchmark parameters: {'optimiser': 'adam', 'optimiser_use_heuristic': True, 'heuristic_optimiser_iterations': 1, 'heuristic_optimiser_sampleSize': 10, 'circuit_type': 'hamqaoa', 'parameter_vector': [1, 1, 1], 'iterations_list': [50], 'learning_rate_adam': 0.01, 'depth_list': [1, 2, 3, 4, 5], 'n_start': None, 'n_end': None, 'singlet_injection': False, 'start_index_singlet': None, 'warm_start': True, 'warm_start_mode': 'amplified', 'lasserre_level': 1, 'initial_solver_level_M': 1, 'sdp_seed': None, 'sdp_solver_mode': 'scs', 'sdp_scs_eps': 1e-06, 'sdp_scs_max_iters': 100000, 'warm_start_corr_strength': None, 'warm_start_corr_repeats': None, 'compare_with_010101': False, 'init_QAOAparams_close_to_zero': False, 'use_correlations_as_initial_params': False, 'time_limit': None, 'failed_instance_termination_thrsh': None, 'graph_generation_type': 'hog', 'weighted': False, 'easiest_first': False, 'cpu_util_threshold': None, 'debug': False, 'save_circuit_svg': False, 'rerun_exclude_finished_instances': True, 'warm_start_cache_producer_only': False, 'qaoa_only_from_existing_warm_start_cache': True, 'optimiser_debug_iterations': None, 'num_repeats': 1, 'relative_graph_adjList_path': 'HOG_graphs/Exp5/list_388_graphs_adjacency_list_hog_v04-12_regular.txt', 'persistent_warm_start_cache': True, 'warm_start_cache_dir': 'Results/warm_start_cache', 'warm_start_cache_max_file_mb': 512, 'warm_start_cache_max_total_gb': 60, 'sdp_max_parallel': 0, 'qaoa_max_parallel': 16, 'sdp_threads': 1, 'qaoa_threads': 1, 'sdp_memory_limit_total_gb': 0, 'sdp_memory_limit_single_gb': 0, 'sdp_memory_poll_seconds': 5, 'sdp_max_retries': 0, 'queue_poll_interval_seconds': 5, 'max_graph_vertices': 11, 'completed_result_csv_paths': [], 'qaoa_seed': 1, 'initialise_standard_warm_start_with_zero_angles': False, 'result_name_suffix': '_Exp7_AmplifiedWithHeuristic'}, Running QAOA with equal superposition
Benchmark run ID: f7cfa1cc
Benchmark repeat index: 1
SDP seed override: None
QAOA seed: 23500201
Processor: x86_64
Hostname: dacsvm-cpunode01
Total RAM (GB): None
Physical cores: 32
Logical cores: 32
Python version: 3.11.15
Initialisation time: 0.01 seconds; started at stardate {'initialisation': 0.006315708160400391} and finished at stardate1787359808.0101569
Loaded HOG graph index 235 with 18 edges.
Instance generation for n=235 took 0.09 seconds; started at stardate 1787359808.010168 and finished at stardate 1787359808.0997734
Running QAOA for n=9 nodes, m=18 edges...; Max iterations: 50
Warm-start cache: loading Results/warm_start_cache/list_388_graphs_adjacency_list_hog_v04-12_regular__filehash_5b7f8d46/hog_idx000235_95ea6dd4a2de_noseed_L1_M1_amplified.npz
Warm-start cache: loaded in 0.0010 seconds; effective compute time=0.1187899112701416
Edges: [(1, 3), (0, 1), (0, 4), (5, 8), (5, 7), (3, 5), (0, 3), (4, 6), (1, 2), (6, 8), (7, 8), (2, 8), (4, 5), (6, 7), (0, 2), (3, 6), (2, 4), (1, 7)], weights: [1.0, 1.0, 1.0, 1.0, 1.0, 1.0, 1.0, 1.0, 1.0, 1.0, 1.0, 1.0, 1.0, 1.0, 1.0, 1.0, 1.0, 1.0], set of nodes: {0, 1, 2, 3, 4, 5, 6, 7, 8}, n: 9 nodes, p: 3 layers, N_bayes: 50 iterations
Solving for uuid: 228948f2
Initial state injected as warm start
Warm start correlations applied in the form of weak entanglement
Running ADAM optimization with a single iteration (no debug loop)
4.794736353628383
QAOA optimisation for n=235 took 49.33 seconds; started at stardate 1787359808.0997784 and finished at stardate 1787359857.4289885
Finished QAOA for n=9 nodes, m=18 edges at 2026-08-22 02:50:57 on x86_64. Time taken: 49.33 seconds. Hours: 0.01 hours. Peak RAM: 0.44 MB.
Unknown graph type for approximation ratio calculation; checking misc CSV.
Checking optimal_results_misc.csv for matching edges and weights...
Found matching exact result in misc CSV: 9.379168442831364
CSV writing for n=235 took 0.03 seconds; started at stardate 1787359857.428997 and finished at stardate 1787359857.458727
results: {235: 4.794736353628383}
durations: {9: 49.32921528816223}
Results saved to: Results/logs/adam/qaoa_results_adam_20260821_205307_pid1767672_Exp7_AmplifiedWithHeuristic.csv
Global end time: 1787359857.4587364
Finalisation time: 0.00 seconds; started at stardate 1787359857.4587307 and finished at stardate 1787359857.4587405
Sum of all section times: 49.45 seconds
run_id: f7cfa1cc
