Starting QAOA benchmark with global start time: 1787942042.3138547
Benchmark parameters: {'optimiser': 'adam', 'optimiser_use_heuristic': False, 'heuristic_optimiser_iterations': None, 'heuristic_optimiser_sampleSize': None, 'circuit_type': 'hamqaoa', 'parameter_vector': [1, 1, 1], 'iterations_list': [75], 'learning_rate_adam': 0.005, 'depth_list': [1, 2, 3, 4, 5], 'n_start': None, 'n_end': None, 'singlet_injection': False, 'start_index_singlet': None, 'warm_start': True, 'warm_start_mode': 'amplified_king', 'lasserre_level': 2, 'initial_solver_level_M': 2, 'sdp_seed': 42, 'sdp_solver_mode': 'scs', 'sdp_scs_eps': 1e-06, 'sdp_scs_max_iters': 100000, 'warm_start_corr_strength': None, 'warm_start_corr_repeats': None, 'compare_with_010101': False, 'init_QAOAparams_close_to_zero': False, 'use_correlations_as_initial_params': False, 'time_limit': None, 'failed_instance_termination_thrsh': None, 'graph_generation_type': 'hog', 'weighted': False, 'easiest_first': False, 'cpu_util_threshold': None, 'debug': False, 'save_circuit_svg': False, 'rerun_exclude_finished_instances': False, 'warm_start_cache_producer_only': False, 'qaoa_only_from_existing_warm_start_cache': True, 'optimiser_debug_iterations': None, 'num_repeats': 1, 'relative_graph_adjList_path': 'HOG_graphs/Exp5/list_193_graphs_adjacency_listhog_v04-12_planar_clawFree.txt', 'persistent_warm_start_cache': True, 'warm_start_cache_dir': 'Results/warm_start_cache', 'warm_start_cache_max_file_mb': 512, 'warm_start_cache_max_total_gb': 60, 'sdp_max_parallel': 0, 'qaoa_max_parallel': 16, 'sdp_threads': 1, 'qaoa_threads': 1, 'sdp_memory_limit_total_gb': 0, 'sdp_memory_limit_single_gb': 0, 'sdp_memory_poll_seconds': 5, 'sdp_max_retries': 0, 'queue_poll_interval_seconds': 5, 'max_graph_vertices': 10, 'completed_result_csv_paths': [], 'qaoa_seed': 42, 'initialise_standard_warm_start_with_zero_angles': True, 'result_name_suffix': '_Exp6_KingAmplifiedNoHeuristicAllZeroInitial'}, Running QAOA with equal superposition
Benchmark run ID: 2f2b7df5
Benchmark repeat index: 1
Configured SDP rounding seed: 42
QAOA seed used: 42
Processor: x86_64
Hostname: dacsgpu0002
Total RAM (GB): None
Physical cores: 64
Logical cores: 64
Python version: 3.11.15
Initialisation time: 0.00 seconds; started at stardate {'initialisation': 0.004207611083984375} and finished at stardate1787942042.3180692
Loaded HOG graph index 152 with 24 edges.
Instance generation for n=152 took 0.01 seconds; started at stardate 1787942042.3180757 and finished at stardate 1787942042.3241339
Running QAOA for n=10 nodes, m=24 edges...; Max iterations: 75
Warm-start cache: loading Results/warm_start_cache/list_193_graphs_adjacency_listhog_v04-12_planar_clawFree__filehash_62ae5075/hog_idx000152_c782d4969a24_seed42_L2_M2_amplified.npz
Warm-start cache: loaded in 0.0102 seconds; effective compute time=5443.915829658508
Edges: [(2, 3), (3, 8), (2, 6), (3, 5), (4, 9), (0, 5), (0, 2), (1, 7), (4, 5), (8, 9), (1, 6), (0, 4), (1, 9), (6, 8), (5, 9), (3, 6), (2, 4), (2, 7), (4, 7), (7, 9), (0, 3), (1, 8), (5, 8), (6, 7)], weights: [1.0, 1.0, 1.0, 1.0, 1.0, 1.0, 1.0, 1.0, 1.0, 1.0, 1.0, 1.0, 1.0, 1.0, 1.0, 1.0, 1.0, 1.0, 1.0, 1.0, 1.0, 1.0, 1.0, 1.0], set of nodes: {0, 1, 2, 3, 4, 5, 6, 7, 8, 9}, n: 10 nodes, p: 4 layers, N_bayes: 75 iterations
Solving for uuid: 133bd931
Initial state injected as warm start
Ignoring initialise_standard_warm_start_with_zero_angles because this run has no active standard warm start; using the normal Adam initialization.
Running ADAM optimization with a single iteration (no debug loop)
16.177585468089024
QAOA optimisation for n=152 took 147.36 seconds; started at stardate 1787942042.324138 and finished at stardate 1787942189.6845827
Finished QAOA for n=10 nodes, m=24 edges at 2026-08-28 20:36:29 on x86_64. Time taken: 147.36 seconds. Hours: 0.04 hours. Peak RAM: 1.25 MB.
Unknown graph type for approximation ratio calculation; checking misc CSV.
Checking optimal_results_misc.csv for matching edges and weights...
Found matching exact result in misc CSV: 10.965055530900734
CSV writing for n=152 took 0.01 seconds; started at stardate 1787942189.6845894 and finished at stardate 1787942189.6919653
results: {152: 16.177585468089024}
durations: {10: 147.36044883728027}
Results saved to: Results/logs/adam/qaoa_results_adam_20260828_180947_pid3185715_Exp6_KingAmplifiedNoHeuristicAllZeroInitial.csv
Global end time: 1787942189.6919732
Finalisation time: 0.00 seconds; started at stardate 1787942189.6919677 and finished at stardate 1787942189.6919756
Sum of all section times: 147.38 seconds
run_id: 2f2b7df5
