Starting QAOA benchmark with global start time: 1788719422.9294703
Benchmark parameters: {'optimiser': 'adam', 'optimiser_use_heuristic': None, 'heuristic_optimiser_iterations': None, 'heuristic_optimiser_sampleSize': None, 'circuit_type': 'hamqaoa', 'parameter_vector': [1, 1, 1], 'iterations_list': [75], 'learning_rate_adam': None, 'depth_list': [1], 'n_start': None, 'n_end': None, 'singlet_injection': False, 'start_index_singlet': None, 'warm_start': True, 'warm_start_mode': 'amplified', 'lasserre_level': 2, 'initial_solver_level_M': 2, 'sdp_seed': 42, 'sdp_solver_mode': 'scs', 'sdp_scs_eps': 1e-06, 'sdp_scs_max_iters': 100000, 'warm_start_corr_strength': None, 'warm_start_corr_repeats': None, 'compare_with_010101': False, 'init_QAOAparams_close_to_zero': False, 'use_correlations_as_initial_params': False, 'time_limit': None, 'failed_instance_termination_thrsh': None, 'graph_generation_type': 'hog', 'weighted': False, 'easiest_first': False, 'cpu_util_threshold': None, 'debug': False, 'save_circuit_svg': False, 'rerun_exclude_finished_instances': True, 'warm_start_cache_producer_only': True, 'qaoa_only_from_existing_warm_start_cache': False, 'optimiser_debug_iterations': None, 'num_repeats': 1, 'relative_graph_adjList_path': 'HOG_graphs/Exp5/list_193_graphs_adjacency_listhog_v04-12_planar_clawFree.txt', 'persistent_warm_start_cache': True, 'warm_start_cache_dir': 'Results/warm_start_cache', 'warm_start_cache_max_file_mb': 512, 'warm_start_cache_max_total_gb': 60, 'sdp_max_parallel': 32, 'qaoa_max_parallel': 0, 'sdp_threads': 1, 'qaoa_threads': 1, 'sdp_memory_limit_total_gb': 250, 'sdp_memory_limit_single_gb': 100, 'sdp_memory_poll_seconds': 5, 'sdp_max_retries': 3, 'queue_poll_interval_seconds': 5, 'max_graph_vertices': 10, 'completed_result_csv_paths': [], 'qaoa_seed': 42, 'initialise_standard_warm_start_with_zero_angles': False, 'result_name_suffix': '_FINAL_BENCHMARKS_AMPLIFIED', 'algorithm17_beta_mode': 'analytic_instance'}, Running QAOA with equal superposition
Benchmark run ID: f621f477
Benchmark repeat index: 1
Configured SDP rounding seed: 42
QAOA seed used: 42
Processor: x86_64
Hostname: dacsgpu0003
Total RAM (GB): None
Physical cores: 64
Logical cores: 64
Python version: 3.11.15
Initialisation time: 0.01 seconds; started at stardate {'initialisation': 0.012071371078491211} and finished at stardate1788719422.9415557
Loaded HOG graph index 11 with 5 edges.
Instance generation for n=11 took 0.00 seconds; started at stardate 1788719422.9415643 and finished at stardate 1788719422.9457726
Running QAOA for n=5 nodes, m=5 edges...; Max iterations: 75
Warm-start: starting SDP solve for n_vertices=5
Warm-start: using configured sdp_seed=42
Using SCS solver for SDP with eps=1e-06, max_iters=100000.
SDP solver status: optimal
SDP solver name: SCS
SDP solver iterations: 2275
SDP solve time: 4.85111964
SDP extra stats: {'x': array([1.00000000e+00, 2.93482317e-14, 4.14390543e-14, ...,
       1.00000000e+00, 3.61673233e-18, 1.00000000e+00], shape=(5671,)), 'y': array([4.09570760e-02, 1.69649737e-02, 1.69649737e-02, ...,
       1.57420202e-02, 1.00978020e-14, 3.50332021e-02], shape=(16232,)), 's': array([0.00000000e+00, 0.00000000e+00, 0.00000000e+00, ...,
       9.99999995e-01, 5.21849782e-15, 9.99999996e-01], shape=(16232,)), 'info': {'status_val': 1, 'iter': 2275, 'scale_updates': 2, 'scale': 1.3587444362944658, 'pobj': -3.73609809460689, 'dobj': -3.7360981355452227, 'res_pri': 1.3397210028444165e-07, 'res_dual': 2.146109825761783e-07, 'gap': 4.093833272378333e-08, 'res_infeas': nan, 'res_unbdd_a': 0.2676589250828493, 'res_unbdd_p': 0.0, 'comp_slack': 6.440514788152996e-12, 'solve_time': 4851.11964, 'setup_time': 10.23275, 'lin_sys_time': 617.1336220000003, 'cone_time': 4011.924462000002, 'accel_time': 54.780944000000396, 'rejected_accel_steps': 19, 'accepted_accel_steps': 1, 'status': 'solved'}}
Rounding...
Setting seed to 42
n_vertices: 5 for n = 15
Using seed 42 to generate random matrix for x.
Energy of rounded cut/product state: 3.4597624102666162
Algorithm 17 instance beta optimisation selected beta_star=0.33329824113 in 0.021585 seconds.
Algorithm 17 analytical F-bound is not applicable because the graph is not triangle-free.
Algorithm 17 actual entangled-state energy: 3.8525171642772165
SDP objective value: 6.23609809460689
3 in cut out of a total of 5 edges
Warm-start: SDP solve + rounding finished in 31.75 seconds
Warm-start: using level-2 Algorithm 17 entangled statevector with shape (32,)
Warm-start cache: moment matrix before save shape=(106, 106), dtype=float64, entries=11236, bytes=89888 (0.09 MiB)
Warm-start cache: saved Results/warm_start_cache/list_193_graphs_adjacency_listhog_v04-12_planar_clawFree__filehash_62ae5075/hog_idx000011_3f7485cece79_seed42_L2_M2_betaanalytic_instance_amplified.npz in 0.0066 seconds
WARM_START_CACHE_PRODUCER_ONLY is set; warm-start cache has been produced/loaded. Exiting before QAOA optimisation.
