Starting QAOA benchmark with global start time: 1788724032.4276235
Benchmark parameters: {'optimiser': 'adam', 'optimiser_use_heuristic': None, 'heuristic_optimiser_iterations': None, 'heuristic_optimiser_sampleSize': None, 'circuit_type': 'hamqaoa', 'parameter_vector': [1, 1, 1], 'iterations_list': [75], 'learning_rate_adam': None, 'depth_list': [1], 'n_start': None, 'n_end': None, 'singlet_injection': False, 'start_index_singlet': None, 'warm_start': True, 'warm_start_mode': 'amplified', 'lasserre_level': 2, 'initial_solver_level_M': 2, 'sdp_seed': 42, 'sdp_solver_mode': 'scs', 'sdp_scs_eps': 1e-06, 'sdp_scs_max_iters': 100000, 'warm_start_corr_strength': None, 'warm_start_corr_repeats': None, 'compare_with_010101': False, 'init_QAOAparams_close_to_zero': False, 'use_correlations_as_initial_params': False, 'time_limit': None, 'failed_instance_termination_thrsh': None, 'graph_generation_type': 'hog', 'weighted': False, 'easiest_first': False, 'cpu_util_threshold': None, 'debug': False, 'save_circuit_svg': False, 'rerun_exclude_finished_instances': True, 'warm_start_cache_producer_only': True, 'qaoa_only_from_existing_warm_start_cache': False, 'optimiser_debug_iterations': None, 'num_repeats': 1, 'relative_graph_adjList_path': 'HOG_graphs/Exp5/list_193_graphs_adjacency_listhog_v04-12_planar_clawFree.txt', 'persistent_warm_start_cache': True, 'warm_start_cache_dir': 'Results/warm_start_cache', 'warm_start_cache_max_file_mb': 512, 'warm_start_cache_max_total_gb': 60, 'sdp_max_parallel': 32, 'qaoa_max_parallel': 0, 'sdp_threads': 1, 'qaoa_threads': 1, 'sdp_memory_limit_total_gb': 250, 'sdp_memory_limit_single_gb': 100, 'sdp_memory_poll_seconds': 5, 'sdp_max_retries': 3, 'queue_poll_interval_seconds': 5, 'max_graph_vertices': 10, 'completed_result_csv_paths': [], 'qaoa_seed': 42, 'initialise_standard_warm_start_with_zero_angles': False, 'result_name_suffix': '_FINAL_BENCHMARKS_AMPLIFIED', 'algorithm17_beta_mode': 'analytic_instance'}, Running QAOA with equal superposition
Benchmark run ID: 4558effa
Benchmark repeat index: 1
Configured SDP rounding seed: 42
QAOA seed used: 42
Processor: x86_64
Hostname: dacsgpu0003
Total RAM (GB): None
Physical cores: 64
Logical cores: 64
Python version: 3.11.15
Initialisation time: 0.00 seconds; started at stardate {'initialisation': 0.00443720817565918} and finished at stardate1788724032.4320774
Loaded HOG graph index 9 with 10 edges.
Instance generation for n=9 took 0.01 seconds; started at stardate 1788724032.4320867 and finished at stardate 1788724032.4375038
Running QAOA for n=8 nodes, m=10 edges...; Max iterations: 75
Warm-start: starting SDP solve for n_vertices=8
Warm-start: using configured sdp_seed=42
Using SCS solver for SDP with eps=1e-06, max_iters=100000.
SDP solver status: optimal
SDP solver name: SCS
SDP solver iterations: 1500
SDP solve time: 24.515475019
SDP extra stats: {'x': array([ 1.00000000e+00, -3.70174235e-15, -2.11321200e-14, ...,
        1.00000000e+00,  2.69645728e-17,  1.00000000e+00], shape=(38503,)), 'y': array([ 2.79782586e-02,  1.15889250e-02,  1.15889250e-02, ...,
        1.17185689e-02, -1.42624140e-13,  2.04922830e-02], shape=(108050,)), 's': array([0.00000000e+00, 0.00000000e+00, 0.00000000e+00, ...,
       9.99999887e-01, 3.36606658e-14, 9.99999341e-01], shape=(108050,)), 'info': {'status_val': 1, 'iter': 1500, 'scale_updates': 2, 'scale': 1.1076328959884159, 'pobj': -6.851191789811212, 'dobj': -6.851192862205012, 'res_pri': 1.186786458468599e-06, 'res_dual': 6.617433951101746e-07, 'gap': 1.072393799539384e-06, 'res_infeas': nan, 'res_unbdd_a': 0.1459600067866497, 'res_unbdd_p': 0.0, 'comp_slack': 9.263517684034503e-12, 'solve_time': 24515.475019, 'setup_time': 61.584848, 'lin_sys_time': 2555.1824209999972, 'cone_time': 21008.808947999994, 'accel_time': 189.28383900000225, 'rejected_accel_steps': 12, 'accepted_accel_steps': 1, 'status': 'solved'}}
Rounding...
Setting seed to 42
n_vertices: 8 for n = 24
Using seed 42 to generate random matrix for x.
Energy of rounded cut/product state: 6.826157532194541
Algorithm 17 instance beta optimisation selected beta_star=0.270231512742 in 0.020847 seconds.
Algorithm 17 analytical F-bound is not applicable because the graph is not triangle-free.
Algorithm 17 actual entangled-state energy: 7.112270669745836
SDP objective value: 11.851191789811212
8 in cut out of a total of 10 edges
Warm-start: SDP solve + rounding finished in 1072.71 seconds
Warm-start: using level-2 Algorithm 17 entangled statevector with shape (256,)
Warm-start cache: moment matrix before save shape=(277, 277), dtype=float64, entries=76729, bytes=613832 (0.59 MiB)
Warm-start cache: saved Results/warm_start_cache/list_193_graphs_adjacency_listhog_v04-12_planar_clawFree__filehash_62ae5075/hog_idx000009_04c82b234810_seed42_L2_M2_betaanalytic_instance_amplified.npz in 0.0088 seconds
WARM_START_CACHE_PRODUCER_ONLY is set; warm-start cache has been produced/loaded. Exiting before QAOA optimisation.
