Starting QAOA benchmark with global start time: 1786316959.169552
Benchmark parameters: {'optimiser': 'adam', 'optimiser_use_heuristic': False, 'heuristic_optimiser_iterations': None, 'heuristic_optimiser_sampleSize': None, 'circuit_type': 'hamqaoa', 'parameter_vector': [1, 1, 1], 'iterations_list': [50], 'learning_rate_adam': 0.005, 'depth_list': [1, 2, 3, 5], 'n_start': None, 'n_end': None, 'singlet_injection': False, 'start_index_singlet': None, 'warm_start': True, 'warm_start_mode': 'standard', 'lasserre_level': 2, 'initial_solver_level_M': 2, 'sdp_seed': None, 'sdp_solver_mode': 'scs', 'sdp_scs_eps': 1e-06, 'sdp_scs_max_iters': 100000, 'warm_start_corr_strength': None, 'warm_start_corr_repeats': None, 'compare_with_010101': False, 'init_QAOAparams_close_to_zero': False, 'use_correlations_as_initial_params': False, 'time_limit': None, 'failed_instance_termination_thrsh': None, 'graph_generation_type': 'hog', 'weighted': False, 'easiest_first': True, 'cpu_util_threshold': None, 'debug': False, 'save_circuit_svg': False, 'rerun_exclude_finished_instances': True, 'warm_start_cache_producer_only': False, 'qaoa_only_from_existing_warm_start_cache': True, 'optimiser_debug_iterations': None, 'num_repeats': 1, 'relative_graph_adjList_path': 'HOG_graphs/Exp5/list_454_graphs_adjacency_listhog_v04-12_bipartite.txt', 'persistent_warm_start_cache': True, 'warm_start_cache_dir': 'Results/warm_start_cache', 'warm_start_cache_max_file_mb': 512, 'warm_start_cache_max_total_gb': 60, 'sdp_max_parallel': 0, 'qaoa_max_parallel': 16, 'sdp_threads': 1, 'qaoa_threads': 1, 'sdp_memory_limit_total_gb': 0, 'sdp_memory_limit_single_gb': 0, 'sdp_memory_poll_seconds': 5, 'sdp_max_retries': 0, 'queue_poll_interval_seconds': 5, 'completed_result_csv_paths': [], 'qaoa_seed': 1, 'initialise_standard_warm_start_with_zero_angles': False, 'result_name_suffix': '_Exp5_subexp4_standardWithHeuristic'}, Running QAOA with equal superposition
Benchmark run ID: e8373987
Benchmark repeat index: 1
SDP seed override: None
QAOA seed: 1
Processor: x86_64
Hostname: dacsgpu0002
Total RAM (GB): None
Physical cores: 64
Logical cores: 64
Python version: 3.11.15
Initialisation time: 0.01 seconds; started at stardate {'initialisation': 0.006784677505493164} and finished at stardate1786316959.1763484
Loaded HOG graph index 156 with 7 edges.
Instance generation for n=156 took 0.02 seconds; started at stardate 1786316959.1763573 and finished at stardate 1786316959.1944265
Running QAOA for n=8 nodes, m=7 edges...; Max iterations: 50
Warm-start cache: loading Results/warm_start_cache/list_454_graphs_adjacency_listhog_v04-12_bipartite__filehash_0815e7e8/hog_idx000156_0e39869a0291_noseed_L2_M2_amplified.npz
Warm-start cache: loaded in 0.0036 seconds; effective compute time=1140.1762194633484
Edges: [(2, 7), (5, 7), (0, 7), (4, 6), (5, 6), (3, 6), (1, 7)], weights: [1.0, 1.0, 1.0, 1.0, 1.0, 1.0, 1.0], set of nodes: {0, 1, 2, 3, 4, 5, 6, 7}, n: 8 nodes, p: 3 layers, N_bayes: 50 iterations
Solving for uuid: 60c67a97
Initial state injected as warm start
Running ADAM optimization with a single iteration (no debug loop)
4.577750226797532
QAOA optimisation for n=156 took 30.95 seconds; started at stardate 1786316959.1944325 and finished at stardate 1786316990.1406026
Finished QAOA for n=8 nodes, m=7 edges at 2026-08-10 01:09:50 on x86_64. Time taken: 30.95 seconds. Hours: 0.01 hours. Peak RAM: 0.27 MB.
Unknown graph type for approximation ratio calculation; checking misc CSV.
Checking optimal_results_misc.csv for matching edges and weights...
Found matching exact result in misc CSV: 4.460508932345896
CSV writing for n=156 took 0.03 seconds; started at stardate 1786316990.1406124 and finished at stardate 1786316990.1718073
results: {156: 4.577750226797532}
durations: {8: 30.946176052093506}
Results saved to: Results/logs/adam/qaoa_results_adam_20260809_100324_pid3707441_Exp5_subexp4_standardWithHeuristic.csv
Global end time: 1786316990.1718247
Finalisation time: 0.00 seconds; started at stardate 1786316990.1718142 and finished at stardate 1786316990.1718297
Sum of all section times: 31.00 seconds
run_id: e8373987
