Starting QAOA benchmark with global start time: 1786318775.395712
Benchmark parameters: {'optimiser': 'adam', 'optimiser_use_heuristic': False, 'heuristic_optimiser_iterations': None, 'heuristic_optimiser_sampleSize': None, 'circuit_type': 'hamqaoa', 'parameter_vector': [1, 1, 1], 'iterations_list': [50], 'learning_rate_adam': 0.005, 'depth_list': [1, 2, 3, 5], 'n_start': None, 'n_end': None, 'singlet_injection': False, 'start_index_singlet': None, 'warm_start': True, 'warm_start_mode': 'standard', 'lasserre_level': 2, 'initial_solver_level_M': 2, 'sdp_seed': None, 'sdp_solver_mode': 'scs', 'sdp_scs_eps': 1e-06, 'sdp_scs_max_iters': 100000, 'warm_start_corr_strength': None, 'warm_start_corr_repeats': None, 'compare_with_010101': False, 'init_QAOAparams_close_to_zero': False, 'use_correlations_as_initial_params': False, 'time_limit': None, 'failed_instance_termination_thrsh': None, 'graph_generation_type': 'hog', 'weighted': False, 'easiest_first': True, 'cpu_util_threshold': None, 'debug': False, 'save_circuit_svg': False, 'rerun_exclude_finished_instances': True, 'warm_start_cache_producer_only': False, 'qaoa_only_from_existing_warm_start_cache': True, 'optimiser_debug_iterations': None, 'num_repeats': 1, 'relative_graph_adjList_path': 'HOG_graphs/Exp5/list_454_graphs_adjacency_listhog_v04-12_bipartite.txt', 'persistent_warm_start_cache': True, 'warm_start_cache_dir': 'Results/warm_start_cache', 'warm_start_cache_max_file_mb': 512, 'warm_start_cache_max_total_gb': 60, 'sdp_max_parallel': 0, 'qaoa_max_parallel': 16, 'sdp_threads': 1, 'qaoa_threads': 1, 'sdp_memory_limit_total_gb': 0, 'sdp_memory_limit_single_gb': 0, 'sdp_memory_poll_seconds': 5, 'sdp_max_retries': 0, 'queue_poll_interval_seconds': 5, 'completed_result_csv_paths': [], 'qaoa_seed': 1, 'initialise_standard_warm_start_with_zero_angles': False, 'result_name_suffix': '_Exp5_subexp4_standardWithHeuristic'}, Running QAOA with equal superposition
Benchmark run ID: f753f9b1
Benchmark repeat index: 1
SDP seed override: None
QAOA seed: 1
Processor: x86_64
Hostname: dacsgpu0002
Total RAM (GB): None
Physical cores: 64
Logical cores: 64
Python version: 3.11.15
Initialisation time: 0.02 seconds; started at stardate {'initialisation': 0.02339339256286621} and finished at stardate1786318775.4191172
Loaded HOG graph index 164 with 16 edges.
Instance generation for n=164 took 0.03 seconds; started at stardate 1786318775.4191256 and finished at stardate 1786318775.4493365
Running QAOA for n=12 nodes, m=16 edges...; Max iterations: 50
Warm-start cache: loading Results/warm_start_cache/list_454_graphs_adjacency_listhog_v04-12_bipartite__filehash_0815e7e8/hog_idx000164_4f1d0f16106c_noseed_L2_M2_amplified.npz
Warm-start cache: loaded in 0.4342 seconds; effective compute time=37954.192834854126
Edges: [(8, 9), (0, 11), (9, 10), (5, 8), (2, 6), (5, 7), (8, 11), (0, 3), (4, 6), (1, 2), (10, 11), (4, 9), (3, 7), (7, 11), (6, 10), (1, 10)], weights: [1.0, 1.0, 1.0, 1.0, 1.0, 1.0, 1.0, 1.0, 1.0, 1.0, 1.0, 1.0, 1.0, 1.0, 1.0, 1.0], set of nodes: {0, 1, 2, 3, 4, 5, 6, 7, 8, 9, 10, 11}, n: 12 nodes, p: 3 layers, N_bayes: 50 iterations
Solving for uuid: aa9dde94
Initial state injected as warm start
Running ADAM optimization with a single iteration (no debug loop)
Warm-start fallback: optimiser result was below the SDP warm-start energy; using the warm-start energy instead.
9.941970930258394
QAOA optimisation for n=164 took 12203.27 seconds; started at stardate 1786318775.449345 and finished at stardate 1786330978.7192307
Finished QAOA for n=12 nodes, m=16 edges at 2026-08-10 05:02:58 on x86_64. Time taken: 12203.27 seconds. Hours: 3.39 hours. Peak RAM: 10.83 MB.
Unknown graph type for approximation ratio calculation; checking misc CSV.
Checking optimal_results_misc.csv for matching edges and weights...
Found matching exact result in misc CSV: 10.50504108515432
CSV writing for n=164 took 0.03 seconds; started at stardate 1786330978.7192426 and finished at stardate 1786330978.7498767
results: {164: 9.941970930258394}
durations: {12: 12203.269895553589}
Results saved to: Results/logs/adam/qaoa_results_adam_20260809_100324_pid3707441_Exp5_subexp4_standardWithHeuristic.csv
Global end time: 1786330978.7498913
Finalisation time: 0.00 seconds; started at stardate 1786330978.7498822 and finished at stardate 1786330978.749896
Sum of all section times: 12203.35 seconds
run_id: f753f9b1
