Starting QAOA benchmark with global start time: 1789039208.8486648
Benchmark parameters: {'optimiser': 'adam', 'optimiser_use_heuristic': True, 'heuristic_optimiser_iterations': 1, 'heuristic_optimiser_sampleSize': 25, 'circuit_type': 'hamqaoa', 'parameter_vector': [1, 1, 1], 'iterations_list': [75], 'learning_rate_adam': 0.05, 'depth_list': [1, 2, 3, 4, 5], 'n_start': None, 'n_end': None, 'singlet_injection': False, 'start_index_singlet': None, 'warm_start': True, 'warm_start_mode': 'entangled_king', 'lasserre_level': 2, 'initial_solver_level_M': 1, 'sdp_seed': 42, 'sdp_solver_mode': 'scs', 'sdp_scs_eps': 1e-06, 'sdp_scs_max_iters': 100000, 'warm_start_corr_strength': None, 'warm_start_corr_repeats': None, 'compare_with_010101': False, 'init_QAOAparams_close_to_zero': False, 'use_correlations_as_initial_params': False, 'time_limit': None, 'failed_instance_termination_thrsh': None, 'graph_generation_type': 'hog', 'weighted': False, 'easiest_first': False, 'cpu_util_threshold': None, 'debug': False, 'save_circuit_svg': False, 'rerun_exclude_finished_instances': False, 'warm_start_cache_producer_only': False, 'qaoa_only_from_existing_warm_start_cache': True, 'optimiser_debug_iterations': None, 'num_repeats': 1, 'relative_graph_adjList_path': 'HOG_graphs/Exp5/list_388_graphs_adjacency_list_hog_v04-12_regular.txt', 'persistent_warm_start_cache': True, 'warm_start_cache_dir': 'Results/warm_start_cache', 'warm_start_cache_max_file_mb': 512, 'warm_start_cache_max_total_gb': 60, 'sdp_max_parallel': 0, 'qaoa_max_parallel': 16, 'sdp_threads': 1, 'qaoa_threads': 1, 'sdp_memory_limit_total_gb': 0, 'sdp_memory_limit_single_gb': 0, 'sdp_memory_poll_seconds': 5, 'sdp_max_retries': 0, 'queue_poll_interval_seconds': 5, 'max_graph_vertices': 10, 'completed_result_csv_paths': [], 'qaoa_seed': 42, 'initialise_standard_warm_start_with_zero_angles': False, 'result_name_suffix': '_FINAL_BENCHMARKS_KINGENTANGLED', 'algorithm17_beta_mode': 'analytic_instance'}, Running QAOA with equal superposition
Benchmark run ID: c5b46ce2
Benchmark repeat index: 1
Configured SDP rounding seed: 42
QAOA seed used: 42
Processor: x86_64
Hostname: dacsgpu0002
Total RAM (GB): None
Physical cores: 64
Logical cores: 64
Python version: 3.11.15
Initialisation time: 0.00 seconds; started at stardate {'initialisation': 0.003219127655029297} and finished at stardate1789039208.8518891
Loaded HOG graph index 10 with 15 edges.
Instance generation for n=10 took 0.10 seconds; started at stardate 1789039208.8518944 and finished at stardate 1789039208.9567714
Running QAOA for n=6 nodes, m=15 edges...; Max iterations: 75
Warm-start cache: loading Results/warm_start_cache/list_388_graphs_adjacency_list_hog_v04-12_regular__filehash_5b7f8d46/hog_idx000010_3fc9dba75719_seed42_L2_M1_betaanalytic_instance_amplified.npz
Warm-start cache: loaded in 0.0019 seconds; effective compute time=0.06641626358032227
Edges: [(1, 3), (0, 1), (2, 3), (0, 4), (3, 5), (0, 3), (1, 2), (3, 4), (1, 5), (4, 5), (2, 5), (0, 5), (1, 4), (0, 2), (2, 4)], weights: [1.0, 1.0, 1.0, 1.0, 1.0, 1.0, 1.0, 1.0, 1.0, 1.0, 1.0, 1.0, 1.0, 1.0, 1.0], set of nodes: {0, 1, 2, 3, 4, 5}, n: 6 nodes, p: 4 layers, N_bayes: 75 iterations
Solving for uuid: bd79ec6d
Entangled King warm start: equal superposition; King rotations applied in each QAOA layer
Running ADAM optimization with a single iteration (no debug loop)
11.772379123910358
QAOA optimisation for n=10 took 33.08 seconds; started at stardate 1789039208.9567776 and finished at stardate 1789039242.036472
Finished QAOA for n=6 nodes, m=15 edges at 2026-09-10 13:20:42 on x86_64. Time taken: 33.08 seconds. Hours: 0.01 hours. Peak RAM: 0.25 MB.
Computing complete graph approximation ratio
CSV writing for n=10 took 0.01 seconds; started at stardate 1789039242.0364816 and finished at stardate 1789039242.0438974
results: {10: 11.772379123910358}
durations: {6: 33.07970094680786}
Results saved to: Results/logs/adam/qaoa_results_adam_20260910_115400_pid1623715_FINAL_BENCHMARKS_KINGENTANGLED.csv
Global end time: 1789039242.043909
Finalisation time: 0.00 seconds; started at stardate 1789039242.0439012 and finished at stardate 1789039242.0439131
Sum of all section times: 33.20 seconds
run_id: c5b46ce2
