Starting QAOA benchmark with global start time: 1785443889.3138409
Benchmark parameters: {'optimiser': 'adam', 'optimiser_use_heuristic': False, 'heuristic_optimiser_iterations': None, 'heuristic_optimiser_sampleSize': None, 'circuit_type': 'hamqaoa', 'parameter_vector': [1, 1, 1], 'iterations_list': [5, 10], 'learning_rate_adam': 0.01, 'depth_list': [1, 2, 3], 'n_start': None, 'n_end': None, 'singlet_injection': False, 'start_index_singlet': None, 'warm_start': True, 'warm_start_mode': 'standard', 'lasserre_level': 2, 'initial_solver_level_M': 1, 'sdp_seed': None, 'sdp_solver_mode': 'scs', 'sdp_scs_eps': 1e-06, 'sdp_scs_max_iters': 100000, 'warm_start_corr_strength': None, 'warm_start_corr_repeats': None, 'compare_with_010101': False, 'init_QAOAparams_close_to_zero': False, 'use_correlations_as_initial_params': False, 'time_limit': None, 'failed_instance_termination_thrsh': None, 'graph_generation_type': 'hog', 'weighted': False, 'easiest_first': False, 'cpu_util_threshold': None, 'debug': False, 'save_circuit_svg': False, 'rerun_exclude_finished_instances': True, 'warm_start_cache_producer_only': False, 'qaoa_only_from_existing_warm_start_cache': True, 'optimiser_debug_iterations': None, 'num_repeats': 1, 'relative_graph_adjList_path': 'HOG_graphs/Exp5/list_454_graphs_adjacency_listhog_v04-12_bipartite.txt', 'persistent_warm_start_cache': True, 'warm_start_cache_dir': 'Results/warm_start_cache', 'warm_start_cache_max_file_mb': 512, 'warm_start_cache_max_total_gb': 60, 'sdp_max_parallel': 0, 'qaoa_max_parallel': 32, 'sdp_threads': 1, 'qaoa_threads': 1, 'sdp_memory_limit_total_gb': 0, 'sdp_memory_limit_single_gb': 0, 'sdp_memory_poll_seconds': 5, 'sdp_max_retries': 0, 'queue_poll_interval_seconds': 5, 'completed_result_csv_paths': []}, Running QAOA with equal superposition
Benchmark run ID: 63c795ee
Benchmark repeat index: 1
SDP seed override: None
Processor: x86_64
Hostname: dacsgpu0003
Total RAM (GB): None
Physical cores: 64
Logical cores: 64
Python version: 3.11.15
Initialisation time: 0.03 seconds; started at stardate {'initialisation': 0.02771282196044922} and finished at stardate1785443889.3415718
Loaded HOG graph index 214 with 11 edges.
Instance generation for n=214 took 0.01 seconds; started at stardate 1785443889.341583 and finished at stardate 1785443889.3559303
Running QAOA for n=12 nodes, m=11 edges...; Max iterations: 10
Warm-start cache: loading Results/warm_start_cache/list_454_graphs_adjacency_listhog_v04-12_bipartite__filehash_0815e7e8/hog_idx000214_6b251b4126f8_noseed_L2_M1_standard.npz
Warm-start cache: loaded in 0.2959 seconds; effective compute time=0.3136157989501953
Edges: [(5, 10), (1, 9), (8, 11), (3, 11), (7, 9), (0, 9), (2, 11), (8, 10), (6, 10), (4, 11), (7, 10)], weights: [1.0, 1.0, 1.0, 1.0, 1.0, 1.0, 1.0, 1.0, 1.0, 1.0, 1.0], set of nodes: {0, 1, 2, 3, 4, 5, 6, 7, 8, 9, 10, 11}, n: 12 nodes, p: 2 layers, N_bayes: 10 iterations
Solving for uuid: f23ae26b
Initial state injected as warm start
Running ADAM optimization with a single iteration (no debug loop)
6.692009716132944
QAOA optimisation for n=214 took 1607.02 seconds; started at stardate 1785443889.3559363 and finished at stardate 1785445496.37256
Finished QAOA for n=12 nodes, m=11 edges at 2026-07-30 23:04:56 on x86_64. Time taken: 1607.02 seconds. Hours: 0.45 hours. Peak RAM: 7.28 MB.
Unknown graph type for approximation ratio calculation; checking misc CSV.
Checking optimal_results_misc.csv for matching edges and weights...
Found matching exact result in misc CSV: 6.927412650040664
CSV writing for n=214 took 0.01 seconds; started at stardate 1785445496.3725715 and finished at stardate 1785445496.3828642
results: {214: 6.692009716132944}
durations: {12: 1607.016630411148}
Results saved to: Results/logs/adam/qaoa_results_adam_20260730_203115_pid1259431.csv
Global end time: 1785445496.382876
Finalisation time: 0.00 seconds; started at stardate 1785445496.3828685 and finished at stardate 1785445496.382879
Sum of all section times: 1607.07 seconds
run_id: 63c795ee
