Starting QAOA benchmark with global start time: 1785439436.9600086
Benchmark parameters: {'optimiser': 'adam', 'optimiser_use_heuristic': False, 'heuristic_optimiser_iterations': None, 'heuristic_optimiser_sampleSize': None, 'circuit_type': 'hamqaoa', 'parameter_vector': [1, 1, 1], 'iterations_list': [5, 10], 'learning_rate_adam': 0.01, 'depth_list': [1, 2, 3], 'n_start': None, 'n_end': None, 'singlet_injection': False, 'start_index_singlet': None, 'warm_start': True, 'warm_start_mode': 'standard', 'lasserre_level': 2, 'initial_solver_level_M': 1, 'sdp_seed': None, 'sdp_solver_mode': 'scs', 'sdp_scs_eps': 1e-06, 'sdp_scs_max_iters': 100000, 'warm_start_corr_strength': None, 'warm_start_corr_repeats': None, 'compare_with_010101': False, 'init_QAOAparams_close_to_zero': False, 'use_correlations_as_initial_params': False, 'time_limit': None, 'failed_instance_termination_thrsh': None, 'graph_generation_type': 'hog', 'weighted': False, 'easiest_first': False, 'cpu_util_threshold': None, 'debug': False, 'save_circuit_svg': False, 'rerun_exclude_finished_instances': True, 'warm_start_cache_producer_only': False, 'qaoa_only_from_existing_warm_start_cache': True, 'optimiser_debug_iterations': None, 'num_repeats': 1, 'relative_graph_adjList_path': 'HOG_graphs/Exp5/list_454_graphs_adjacency_listhog_v04-12_bipartite.txt', 'persistent_warm_start_cache': True, 'warm_start_cache_dir': 'Results/warm_start_cache', 'warm_start_cache_max_file_mb': 512, 'warm_start_cache_max_total_gb': 60, 'sdp_max_parallel': 0, 'qaoa_max_parallel': 32, 'sdp_threads': 1, 'qaoa_threads': 1, 'sdp_memory_limit_total_gb': 0, 'sdp_memory_limit_single_gb': 0, 'sdp_memory_poll_seconds': 5, 'sdp_max_retries': 0, 'queue_poll_interval_seconds': 5, 'completed_result_csv_paths': []}, Running QAOA with equal superposition
Benchmark run ID: 06c04af3
Benchmark repeat index: 1
SDP seed override: None
Processor: x86_64
Hostname: dacsgpu0003
Total RAM (GB): None
Physical cores: 64
Logical cores: 64
Python version: 3.11.15
Initialisation time: 0.03 seconds; started at stardate {'initialisation': 0.03407764434814453} and finished at stardate1785439436.9941165
Loaded HOG graph index 343 with 35 edges.
Instance generation for n=343 took 0.03 seconds; started at stardate 1785439436.9941268 and finished at stardate 1785439437.0244305
Running QAOA for n=12 nodes, m=35 edges...; Max iterations: 10
Warm-start cache: loading Results/warm_start_cache/list_454_graphs_adjacency_listhog_v04-12_bipartite__filehash_0815e7e8/hog_idx000343_ca3114fc0fc2_noseed_L2_M1_standard.npz
Warm-start cache: loaded in 0.4630 seconds; effective compute time=0.49683284759521484
Edges: [(5, 11), (3, 8), (3, 11), (2, 9), (4, 9), (1, 10), (0, 8), (1, 7), (0, 11), (5, 10), (6, 9), (5, 7), (2, 8), (3, 7), (2, 11), (4, 8), (3, 10), (4, 11), (0, 10), (1, 9), (0, 7), (6, 8), (6, 11), (5, 9), (2, 10), (3, 9), (2, 7), (4, 10), (4, 7), (1, 8), (1, 11), (0, 9), (6, 10), (5, 8), (6, 7)], weights: [1.0, 1.0, 1.0, 1.0, 1.0, 1.0, 1.0, 1.0, 1.0, 1.0, 1.0, 1.0, 1.0, 1.0, 1.0, 1.0, 1.0, 1.0, 1.0, 1.0, 1.0, 1.0, 1.0, 1.0, 1.0, 1.0, 1.0, 1.0, 1.0, 1.0, 1.0, 1.0, 1.0, 1.0, 1.0], set of nodes: {0, 1, 2, 3, 4, 5, 6, 7, 8, 9, 10, 11}, n: 12 nodes, p: 2 layers, N_bayes: 10 iterations
Solving for uuid: 779310f2
Initial state injected as warm start
Running ADAM optimization with a single iteration (no debug loop)
Warm-start fallback: optimiser result was below the SDP warm-start energy; using the warm-start energy instead.
24.165217233846953
QAOA optimisation for n=343 took 1529.98 seconds; started at stardate 1785439437.0244374 and finished at stardate 1785440967.00519
Finished QAOA for n=12 nodes, m=35 edges at 2026-07-30 21:49:27 on x86_64. Time taken: 1529.98 seconds. Hours: 0.42 hours. Peak RAM: 7.29 MB.
Unknown graph type for approximation ratio calculation; checking misc CSV.
Checking optimal_results_misc.csv for matching edges and weights...
Found matching exact result in misc CSV: 20.00000000000015
CSV writing for n=343 took 0.01 seconds; started at stardate 1785440967.0052035 and finished at stardate 1785440967.018985
results: {343: 24.165217233846953}
durations: {12: 1529.980759859085}
Results saved to: Results/logs/adam/qaoa_results_adam_20260730_203115_pid1259431.csv
Global end time: 1785440967.0190063
Finalisation time: 0.00 seconds; started at stardate 1785440967.0189927 and finished at stardate 1785440967.0190125
Sum of all section times: 1530.06 seconds
run_id: 06c04af3
