Starting QAOA benchmark with global start time: 1785438491.1208599
Benchmark parameters: {'optimiser': 'adam', 'optimiser_use_heuristic': False, 'heuristic_optimiser_iterations': None, 'heuristic_optimiser_sampleSize': None, 'circuit_type': 'hamqaoa', 'parameter_vector': [1, 1, 1], 'iterations_list': [5, 10], 'learning_rate_adam': 0.01, 'depth_list': [1, 2, 3], 'n_start': None, 'n_end': None, 'singlet_injection': False, 'start_index_singlet': None, 'warm_start': True, 'warm_start_mode': 'standard', 'lasserre_level': 2, 'initial_solver_level_M': 1, 'sdp_seed': None, 'sdp_solver_mode': 'scs', 'sdp_scs_eps': 1e-06, 'sdp_scs_max_iters': 100000, 'warm_start_corr_strength': None, 'warm_start_corr_repeats': None, 'compare_with_010101': False, 'init_QAOAparams_close_to_zero': False, 'use_correlations_as_initial_params': False, 'time_limit': None, 'failed_instance_termination_thrsh': None, 'graph_generation_type': 'hog', 'weighted': False, 'easiest_first': False, 'cpu_util_threshold': None, 'debug': False, 'save_circuit_svg': False, 'rerun_exclude_finished_instances': True, 'warm_start_cache_producer_only': False, 'qaoa_only_from_existing_warm_start_cache': True, 'optimiser_debug_iterations': None, 'num_repeats': 1, 'relative_graph_adjList_path': 'HOG_graphs/Exp5/list_454_graphs_adjacency_listhog_v04-12_bipartite.txt', 'persistent_warm_start_cache': True, 'warm_start_cache_dir': 'Results/warm_start_cache', 'warm_start_cache_max_file_mb': 512, 'warm_start_cache_max_total_gb': 60, 'sdp_max_parallel': 0, 'qaoa_max_parallel': 32, 'sdp_threads': 1, 'qaoa_threads': 1, 'sdp_memory_limit_total_gb': 0, 'sdp_memory_limit_single_gb': 0, 'sdp_memory_poll_seconds': 5, 'sdp_max_retries': 0, 'queue_poll_interval_seconds': 5, 'completed_result_csv_paths': []}, Running QAOA with equal superposition
Benchmark run ID: 86185b5f
Benchmark repeat index: 1
SDP seed override: None
Processor: x86_64
Hostname: dacsgpu0003
Total RAM (GB): None
Physical cores: 64
Logical cores: 64
Python version: 3.11.15
Initialisation time: 0.02 seconds; started at stardate {'initialisation': 0.024672508239746094} and finished at stardate1785438491.145549
Loaded HOG graph index 186 with 14 edges.
Instance generation for n=186 took 0.03 seconds; started at stardate 1785438491.1455593 and finished at stardate 1785438491.1717653
Running QAOA for n=11 nodes, m=14 edges...; Max iterations: 10
Warm-start cache: loading Results/warm_start_cache/list_454_graphs_adjacency_listhog_v04-12_bipartite__filehash_0815e7e8/hog_idx000186_665c48bceee1_noseed_L2_M1_standard.npz
Warm-start cache: loaded in 0.0160 seconds; effective compute time=0.23614788055419922
Edges: [(9, 10), (5, 8), (0, 10), (6, 9), (7, 9), (4, 6), (6, 8), (7, 8), (4, 5), (3, 7), (5, 9), (3, 10), (1, 10), (2, 10)], weights: [1.0, 1.0, 1.0, 1.0, 1.0, 1.0, 1.0, 1.0, 1.0, 1.0, 1.0, 1.0, 1.0, 1.0], set of nodes: {0, 1, 2, 3, 4, 5, 6, 7, 8, 9, 10}, n: 11 nodes, p: 3 layers, N_bayes: 10 iterations
Solving for uuid: 78e199a8
Initial state injected as warm start
Running ADAM optimization with a single iteration (no debug loop)
8.347972046989579
QAOA optimisation for n=186 took 274.41 seconds; started at stardate 1785438491.1717722 and finished at stardate 1785438765.5787768
Finished QAOA for n=11 nodes, m=14 edges at 2026-07-30 21:12:45 on x86_64. Time taken: 274.41 seconds. Hours: 0.08 hours. Peak RAM: 2.9 MB.
Unknown graph type for approximation ratio calculation; checking misc CSV.
Checking optimal_results_misc.csv for matching edges and weights...
Found matching exact result in misc CSV: 8.753121810099305
CSV writing for n=186 took 0.03 seconds; started at stardate 1785438765.5787868 and finished at stardate 1785438765.6038465
results: {186: 8.347972046989579}
durations: {11: 274.40701055526733}
Results saved to: Results/logs/adam/qaoa_results_adam_20260730_203115_pid1259431.csv
Global end time: 1785438765.6038623
Finalisation time: 0.00 seconds; started at stardate 1785438765.6038523 and finished at stardate 1785438765.6038663
Sum of all section times: 274.48 seconds
run_id: 86185b5f
