Starting QAOA benchmark with global start time: 1787063740.1315331
Benchmark parameters: {'optimiser': 'adam', 'optimiser_use_heuristic': True, 'heuristic_optimiser_iterations': 1, 'heuristic_optimiser_sampleSize': 50, 'circuit_type': 'hamqaoa', 'parameter_vector': [1, 1, 1], 'iterations_list': [50], 'learning_rate_adam': 0.01, 'depth_list': [1, 2, 3, 5], 'n_start': None, 'n_end': None, 'singlet_injection': False, 'start_index_singlet': None, 'warm_start': True, 'warm_start_mode': 'standard', 'lasserre_level': 2, 'initial_solver_level_M': 2, 'sdp_seed': None, 'sdp_solver_mode': 'scs', 'sdp_scs_eps': 1e-06, 'sdp_scs_max_iters': 100000, 'warm_start_corr_strength': None, 'warm_start_corr_repeats': None, 'compare_with_010101': False, 'init_QAOAparams_close_to_zero': False, 'use_correlations_as_initial_params': False, 'time_limit': None, 'failed_instance_termination_thrsh': None, 'graph_generation_type': 'hog', 'weighted': False, 'easiest_first': False, 'cpu_util_threshold': None, 'debug': False, 'save_circuit_svg': False, 'rerun_exclude_finished_instances': True, 'warm_start_cache_producer_only': False, 'qaoa_only_from_existing_warm_start_cache': True, 'optimiser_debug_iterations': None, 'num_repeats': 1, 'relative_graph_adjList_path': 'HOG_graphs/Exp5/list_388_graphs_adjacency_list_hog_v04-12_regular.txt', 'persistent_warm_start_cache': True, 'warm_start_cache_dir': 'Results/warm_start_cache', 'warm_start_cache_max_file_mb': 512, 'warm_start_cache_max_total_gb': 60, 'sdp_max_parallel': 0, 'qaoa_max_parallel': 16, 'sdp_threads': 1, 'qaoa_threads': 1, 'sdp_memory_limit_total_gb': 0, 'sdp_memory_limit_single_gb': 0, 'sdp_memory_poll_seconds': 5, 'sdp_max_retries': 0, 'queue_poll_interval_seconds': 5, 'max_graph_vertices': 11, 'completed_result_csv_paths': [], 'qaoa_seed': 1, 'initialise_standard_warm_start_with_zero_angles': False, 'result_name_suffix': '_Exp5_subexp4_standardWithHeuristic'}, Running QAOA with equal superposition
Benchmark run ID: 42106e19
Benchmark repeat index: 1
SDP seed override: None
QAOA seed: 30200201
Processor: x86_64
Hostname: dacsvm-cpunode01
Total RAM (GB): None
Physical cores: 32
Logical cores: 32
Python version: 3.11.15
Initialisation time: 0.04 seconds; started at stardate {'initialisation': 0.04376578330993652} and finished at stardate1787063740.175311
Loaded HOG graph index 302 with 20 edges.
Instance generation for n=302 took 0.47 seconds; started at stardate 1787063740.1753273 and finished at stardate 1787063740.6502252
Running QAOA for n=10 nodes, m=20 edges...; Max iterations: 50
Warm-start cache: loading Results/warm_start_cache/list_388_graphs_adjacency_list_hog_v04-12_regular__filehash_5b7f8d46/hog_idx000302_492342f6a26b_noseed_L2_M2_standard.npz
Warm-start cache: loaded in 0.0194 seconds; effective compute time=8320.999643087387
Edges: [(3, 8), (2, 6), (2, 9), (4, 6), (0, 2), (5, 7), (3, 4), (0, 1), (0, 4), (1, 9), (6, 8), (5, 9), (3, 9), (2, 7), (4, 7), (0, 3), (1, 8), (1, 5), (5, 8), (6, 7)], weights: [1.0, 1.0, 1.0, 1.0, 1.0, 1.0, 1.0, 1.0, 1.0, 1.0, 1.0, 1.0, 1.0, 1.0, 1.0, 1.0, 1.0, 1.0, 1.0, 1.0], set of nodes: {0, 1, 2, 3, 4, 5, 6, 7, 8, 9}, n: 10 nodes, p: 3 layers, N_bayes: 50 iterations
Solving for uuid: 7432424e
Initial state injected as warm start
Running ADAM optimization with a single iteration (no debug loop)
11.868899259842937
QAOA optimisation for n=302 took 232.58 seconds; started at stardate 1787063740.6502311 and finished at stardate 1787063973.2338297
Finished QAOA for n=10 nodes, m=20 edges at 2026-08-18 16:39:33 on x86_64. Time taken: 232.58 seconds. Hours: 0.06 hours. Peak RAM: 1.0 MB.
Unknown graph type for approximation ratio calculation; checking misc CSV.
Checking optimal_results_misc.csv for matching edges and weights...
Found matching exact result in misc CSV: 10.63109134374201
CSV writing for n=302 took 0.04 seconds; started at stardate 1787063973.2338378 and finished at stardate 1787063973.2787979
results: {302: 11.868899259842937}
durations: {10: 232.58360385894775}
Results saved to: Results/logs/adam/qaoa_results_adam_20260818_120534_pid2388199_Exp5_subexp4_standardWithHeuristic.csv
Global end time: 1787063973.2788138
Finalisation time: 0.00 seconds; started at stardate 1787063973.278804 and finished at stardate 1787063973.2788186
Sum of all section times: 233.15 seconds
run_id: 42106e19
