Starting QAOA benchmark with global start time: 1788369423.0351775
Benchmark parameters: {'optimiser': 'adam', 'optimiser_use_heuristic': None, 'heuristic_optimiser_iterations': None, 'heuristic_optimiser_sampleSize': None, 'circuit_type': 'hamqaoa', 'parameter_vector': [1, 1, 1], 'iterations_list': [75], 'learning_rate_adam': None, 'depth_list': [1], 'n_start': None, 'n_end': None, 'singlet_injection': False, 'start_index_singlet': None, 'warm_start': True, 'warm_start_mode': 'amplified', 'warm_start_corr_strength': 1.0, 'warm_start_corr_repeats': 1, 'lasserre_level': 2, 'initial_solver_level_M': 2, 'sdp_seed': 42, 'sdp_solver_mode': 'scs', 'sdp_scs_eps': 1e-06, 'sdp_scs_max_iters': 100000, 'compare_with_010101': False, 'init_QAOAparams_close_to_zero': False, 'use_correlations_as_initial_params': False, 'time_limit': None, 'failed_instance_termination_thrsh': None, 'graph_generation_type': 'hog', 'weighted': False, 'easiest_first': False, 'cpu_util_threshold': None, 'debug': False, 'save_circuit_svg': False, 'rerun_exclude_finished_instances': True, 'warm_start_cache_producer_only': True, 'qaoa_only_from_existing_warm_start_cache': False, 'optimiser_debug_iterations': None, 'num_repeats': 1, 'relative_graph_adjList_path': 'HOG_graphs/random_graphs_8to14vertices_78instances_20260625_143415_AdjacencyList.txt', 'persistent_warm_start_cache': True, 'warm_start_cache_dir': 'Results/warm_start_cache/experiment_3', 'warm_start_cache_max_file_mb': 512, 'warm_start_cache_max_total_gb': 60, 'sdp_max_parallel': 32, 'qaoa_max_parallel': 0, 'sdp_threads': 1, 'qaoa_threads': 1, 'sdp_memory_limit_total_gb': 250, 'sdp_memory_limit_single_gb': 100, 'sdp_memory_poll_seconds': 5, 'sdp_max_retries': 3, 'queue_poll_interval_seconds': 5, 'max_graph_vertices': 10, 'completed_result_csv_paths': [], 'qaoa_seed': 42, 'initialise_standard_warm_start_with_zero_angles': False, 'result_name_suffix': '_Exp4_v3_standardZeroAngles', 'algorithm17_beta_mode': 'analytic_instance'}, Running QAOA with equal superposition
Benchmark run ID: a0e296ae
Benchmark repeat index: 1
Configured SDP rounding seed: 42
QAOA seed used: 42
Processor: x86_64
Hostname: dacsvm-cpunode01
Total RAM (GB): None
Physical cores: 32
Logical cores: 32
Python version: 3.11.15
Initialisation time: 0.00 seconds; started at stardate {'initialisation': 0.0035424232482910156} and finished at stardate1788369423.0387278
Loaded HOG graph index 22 with 9 edges.
Instance generation for n=22 took 0.00 seconds; started at stardate 1788369423.038733 and finished at stardate 1788369423.0433397
Running QAOA for n=10 nodes, m=9 edges...; Max iterations: 75
Warm-start: starting SDP solve for n_vertices=10
Warm-start: using configured sdp_seed=42
Using SCS solver for SDP with eps=1e-06, max_iters=100000.
SDP solver status: optimal
SDP solver name: SCS
SDP solver iterations: 18650
SDP solve time: 974.518357662
SDP extra stats: {'x': array([ 1.00000000e+00,  1.37725650e-13, -3.78341031e-13, ...,
        1.00000000e+00,  8.87149147e-18,  1.00000000e+00], shape=(95266,)), 'y': array([ 2.40793788e-02,  9.97400314e-03,  9.97400314e-03, ...,
        6.63324416e-04, -4.35854253e-14,  6.49901826e-03], shape=(265112,)), 's': array([0.00000000e+00, 0.00000000e+00, 0.00000000e+00, ...,
       9.99999999e-01, 2.85884583e-14, 9.99999843e-01], shape=(265112,)), 'info': {'status_val': 1, 'iter': 18650, 'scale_updates': 4, 'scale': 0.16920561391561895, 'pobj': -8.073133918432692, 'dobj': -8.073133965913, 'res_pri': 1.3192626966044971e-06, 'res_dual': 1.169817298881594e-07, 'gap': 4.748030768553235e-08, 'res_infeas': nan, 'res_unbdd_a': 0.1238676343315326, 'res_unbdd_p': 0.0, 'comp_slack': 1.0131673278124254e-11, 'solve_time': 974518.357662, 'setup_time': 116.609071, 'lin_sys_time': 64597.09835400009, 'cone_time': 890183.4418670108, 'accel_time': 4384.129094000026, 'rejected_accel_steps': 166, 'accepted_accel_steps': 2, 'status': 'solved'}}
Rounding...
Setting seed to 42
n_vertices: 10 for n = 30
Using seed 42 to generate random matrix for x.
Energy of rounded cut/product state: 6.470421474311144
Algorithm 17 instance beta optimisation selected beta_star=0.534202330987 in 0.009527 seconds.
Algorithm 17 lower-bound energy: 7.442360244213989
Algorithm 17 actual entangled-state energy: 7.641049230613426
SDP objective value: 12.573133918432692
7 in cut out of a total of 9 edges
Warm-start: SDP solve + rounding finished in 4671.25 seconds
Warm-start: using level-2 Algorithm 17 entangled statevector with shape (1024,)
Warm-start cache: moment matrix before save shape=(436, 436), dtype=float64, entries=190096, bytes=1520768 (1.45 MiB)
Warm-start cache: saved Results/warm_start_cache/experiment_3/random_graphs_8to14vertices_78instances_20260625_143415_AdjacencyList__filehash_a79662a0/hog_idx000022_edcec7e94746_seed42_L2_M2_betaanalytic_instance_amplified.npz in 0.0139 seconds
WARM_START_CACHE_PRODUCER_ONLY is set; warm-start cache has been produced/loaded. Exiting before QAOA optimisation.
