Starting QAOA benchmark with global start time: 1781715432.2303476
Benchmark parameters: {'optimiser': 'adam', 'optimiser_use_heuristic': True, 'heuristic_optimiser_iterations': 2, 'heuristic_optimiser_sampleSize': 1000, 'circuit_type': 'hamqaoa', 'parameter_vector': [1, 1, 1], 'iterations_list': [50], 'learning_rate_adam': 0.05, 'depth_list': [1, 3, 5], 'n_start': 15, 'n_end': None, 'singlet_injection': False, 'start_index_singlet': None, 'warm_start': True, 'warm_start_mode': 'standard', 'lasserre_level': 2, 'initial_solver_level_M': 2, 'sdp_seed': 9000042, 'warm_start_corr_strength': None, 'warm_start_corr_repeats': None, 'compare_with_010101': False, 'init_QAOAparams_close_to_zero': False, 'use_correlations_as_initial_params': False, 'time_limit': 10800, 'failed_instance_termination_thrsh': None, 'graph_generation_type': 'hog', 'weighted': False, 'easiest_first': True, 'cpu_util_threshold': None, 'debug': False, 'save_circuit_svg': False, 'rerun_exclude_finished_instances': False, 'optimiser_debug_iterations': None, 'num_repeats': 10, 'relative_graph_adjList_path': 'HOG_graphs/triangleFree_connected_4to8vertices_176instances_AdjacencyList.txt', 'persistent_warm_start_cache': True, 'warm_start_cache_dir': 'Results/warm_start_cache', 'warm_start_cache_max_file_mb': 512, 'warm_start_cache_max_total_gb': 60, 'sdp_max_parallel': 5, 'qaoa_max_parallel': 8, 'sdp_threads': 1, 'qaoa_threads': 4, 'sdp_memory_limit_total_gb': 80, 'sdp_memory_limit_single_gb': 80, 'sdp_memory_poll_seconds': 5, 'sdp_max_retries': 3, 'queue_poll_interval_seconds': 5}, Running QAOA with equal superposition
Benchmark run ID: d8674366
Benchmark repeat index: 10
SDP seed override: 9000042
Processor: x86_64
Hostname: dacsgpu0001
Total RAM (GB): None
Physical cores: 64
Logical cores: 64
Python version: 3.11.15
Initialisation time: 0.00 seconds; started at stardate {'initialisation': 0.002427339553833008} and finished at stardate1781715432.2327833
Loaded HOG graph index 20 with 7 edges.
Instance generation for n=20 took 0.00 seconds; started at stardate 1781715432.2327888 and finished at stardate 1781715432.2349453
Running QAOA for n=7 nodes, m=7 edges...; Max iterations: 50
Warm-start cache: loading Results/warm_start_cache/triangleFree_connected_4to8vertices_176instances_AdjacencyList__filehash_279b7452/hog_idx000020_49803a9fe904_seed9000042_L2_M2_standard.npz
Warm-start cache: loaded in 0.0019 seconds; effective compute time=611.8749871253967
Edges: [(1, 6), (2, 6), (3, 5), (4, 6), (0, 6), (4, 5), (3, 6)], weights: [1.0, 1.0, 1.0, 1.0, 1.0, 1.0, 1.0], set of nodes: {0, 1, 2, 3, 4, 5, 6}, n: 7 nodes, p: 5 layers, N_bayes: 50 iterations
Solving for uuid: af628f1a
Initial state injected as warm start
Running ADAM optimization with a single iteration (no debug loop)
7.24513018973144
QAOA optimisation for n=20 took 598.15 seconds; started at stardate 1781715432.2349494 and finished at stardate 1781716030.3834097
Finished QAOA for n=7 nodes, m=7 edges at 2026-06-17 19:07:10 on x86_64. Time taken: 598.15 seconds. Hours: 0.17 hours. Peak RAM: 0.21 MB.
Unknown graph type for approximation ratio calculation; checking misc CSV.
Checking optimal_results_misc.csv for matching edges and weights...
Found matching exact result in misc CSV: 4.4172315099641
CSV writing for n=20 took 0.01 seconds; started at stardate 1781716030.3834176 and finished at stardate 1781716030.3896797
results: {20: 7.24513018973144}
durations: {7: 598.1484649181366}
Results saved to: Results/logs/adam/qaoa_results_adam_20260617_173540_pid708337.csv
Global end time: 1781716030.3896894
Finalisation time: 0.00 seconds; started at stardate 1781716030.3896828 and finished at stardate 1781716030.3896933
Sum of all section times: 598.16 seconds
run_id: d8674366
