Starting QAOA benchmark with global start time: 1781711115.9557214
Benchmark parameters: {'optimiser': 'adam', 'optimiser_use_heuristic': True, 'heuristic_optimiser_iterations': 2, 'heuristic_optimiser_sampleSize': 1000, 'circuit_type': 'hamqaoa', 'parameter_vector': [1, 1, 1], 'iterations_list': [50], 'learning_rate_adam': 0.05, 'depth_list': [1, 3, 5], 'n_start': 15, 'n_end': None, 'singlet_injection': False, 'start_index_singlet': None, 'warm_start': True, 'warm_start_mode': 'standard', 'lasserre_level': 2, 'initial_solver_level_M': 2, 'sdp_seed': 6000042, 'warm_start_corr_strength': None, 'warm_start_corr_repeats': None, 'compare_with_010101': False, 'init_QAOAparams_close_to_zero': False, 'use_correlations_as_initial_params': False, 'time_limit': 10800, 'failed_instance_termination_thrsh': None, 'graph_generation_type': 'hog', 'weighted': False, 'easiest_first': True, 'cpu_util_threshold': None, 'debug': False, 'save_circuit_svg': False, 'rerun_exclude_finished_instances': False, 'optimiser_debug_iterations': None, 'num_repeats': 10, 'relative_graph_adjList_path': 'HOG_graphs/triangleFree_connected_4to8vertices_176instances_AdjacencyList.txt', 'persistent_warm_start_cache': True, 'warm_start_cache_dir': 'Results/warm_start_cache', 'warm_start_cache_max_file_mb': 512, 'warm_start_cache_max_total_gb': 60, 'sdp_max_parallel': 5, 'qaoa_max_parallel': 8, 'sdp_threads': 1, 'qaoa_threads': 4, 'sdp_memory_limit_total_gb': 80, 'sdp_memory_limit_single_gb': 80, 'sdp_memory_poll_seconds': 5, 'sdp_max_retries': 3, 'queue_poll_interval_seconds': 5}, Running QAOA with equal superposition
Benchmark run ID: 5d91380a
Benchmark repeat index: 7
SDP seed override: 6000042
Processor: x86_64
Hostname: dacsgpu0001
Total RAM (GB): None
Physical cores: 64
Logical cores: 64
Python version: 3.11.15
Initialisation time: 0.01 seconds; started at stardate {'initialisation': 0.010728836059570312} and finished at stardate1781711115.9664576
Loaded HOG graph index 16 with 5 edges.
Instance generation for n=16 took 0.00 seconds; started at stardate 1781711115.9664626 and finished at stardate 1781711115.9687796
Running QAOA for n=5 nodes, m=5 edges...; Max iterations: 50
Warm-start: starting SDP solve for n_vertices=5
Warm-start: using configured sdp_seed=6000042
Rounding...
Setting seed to 6000042
n_vertices: 5 for n = 15
Using seed 6000042 to generate random matrix for x.
Energy of rounded cut/product state: 3.3109719390825303
Algorithm 17 lower-bound energy: 3.7401799808294633
Algorithm 17 actual entangled-state energy: 3.413078301196987
SDP objective value: 6.415500126410359
4 in cut out of a total of 5 edges
Warm-start: SDP solve + rounding finished in 38.77 seconds
Warm-start: using level-2 Algorithm 17 entangled statevector with shape (32,)
Warm-start cache: saved Results/warm_start_cache/triangleFree_connected_4to8vertices_176instances_AdjacencyList__filehash_279b7452/hog_idx000016_fffcd25a2931_seed6000042_L2_M2_standard.npz in 0.0110 seconds
Edges: [(1, 3), (0, 1), (3, 4), (0, 2), (2, 4)], weights: [1.0, 1.0, 1.0, 1.0, 1.0], set of nodes: {0, 1, 2, 3, 4}, n: 5 nodes, p: 1 layers, N_bayes: 50 iterations
Solving for uuid: 282aa256
Initial state injected as warm start
Running ADAM optimization with a single iteration (no debug loop)
4.232467729633382
QAOA optimisation for n=16 took 108.07 seconds; started at stardate 1781711115.9687822 and finished at stardate 1781711224.0420012
Finished QAOA for n=5 nodes, m=5 edges at 2026-06-17 17:47:04 on x86_64. Time taken: 108.07 seconds. Hours: 0.03 hours. Peak RAM: 1.19 MB.
Computing cycle approximation ratio
CSV writing for n=16 took 0.01 seconds; started at stardate 1781711224.0420082 and finished at stardate 1781711224.0475254
results: {16: 4.232467729633382}
durations: {5: 108.07322263717651}
Results saved to: Results/logs/adam/qaoa_results_adam_20260617_173540_pid708337.csv
Global end time: 1781711224.047533
Finalisation time: 0.00 seconds; started at stardate 1781711224.0475278 and finished at stardate 1781711224.0475364
Sum of all section times: 108.09 seconds
run_id: 5d91380a
