Starting QAOA benchmark with global start time: 1784835505.0618057
Benchmark parameters: {'optimiser': 'adam', 'optimiser_use_heuristic': True, 'heuristic_optimiser_iterations': 1, 'heuristic_optimiser_sampleSize': 50, 'circuit_type': 'hamqaoa', 'parameter_vector': [1, 1, 1], 'iterations_list': [5, 10, 25, 50], 'learning_rate_adam': 0.005, 'depth_list': [1, 2], 'n_start': None, 'n_end': 44, 'singlet_injection': False, 'start_index_singlet': None, 'warm_start': True, 'warm_start_mode': 'standard', 'lasserre_level': 1, 'initial_solver_level_M': 1, 'sdp_seed': 42, 'sdp_solver_mode': 'scs', 'sdp_scs_eps': 1e-06, 'sdp_scs_max_iters': 100000, 'warm_start_corr_strength': None, 'warm_start_corr_repeats': None, 'compare_with_010101': False, 'init_QAOAparams_close_to_zero': False, 'use_correlations_as_initial_params': False, 'time_limit': None, 'failed_instance_termination_thrsh': None, 'graph_generation_type': 'hog', 'weighted': False, 'easiest_first': True, 'cpu_util_threshold': None, 'debug': False, 'save_circuit_svg': False, 'rerun_exclude_finished_instances': False, 'warm_start_cache_producer_only': False, 'qaoa_only_from_existing_warm_start_cache': True, 'optimiser_debug_iterations': None, 'num_repeats': 1, 'relative_graph_adjList_path': 'HOG_graphs/random_graphs_8to14vertices_78instances_20260625_143415_AdjacencyList.txt', 'persistent_warm_start_cache': True, 'warm_start_cache_dir': 'Results/warm_start_cache/experiment_3', 'warm_start_cache_max_file_mb': 512, 'warm_start_cache_max_total_gb': 60, 'sdp_max_parallel': 0, 'qaoa_max_parallel': 32, 'sdp_threads': 1, 'qaoa_threads': 1, 'sdp_memory_limit_total_gb': 100, 'sdp_memory_limit_single_gb': 100, 'sdp_memory_poll_seconds': 5, 'sdp_max_retries': 3, 'queue_poll_interval_seconds': 5}, Running QAOA with equal superposition
Benchmark run ID: 58e58b8d
Benchmark repeat index: 1
SDP seed override: 42
Processor: x86_64
Hostname: dacsgpu0002
Total RAM (GB): None
Physical cores: 64
Logical cores: 64
Python version: 3.11.15
Initialisation time: 0.03 seconds; started at stardate {'initialisation': 0.03214597702026367} and finished at stardate1784835505.093966
Loaded HOG graph index 38 with 18 edges.
Instance generation for n=38 took 0.00 seconds; started at stardate 1784835505.0939748 and finished at stardate 1784835505.097677
Running QAOA for n=11 nodes, m=18 edges...; Max iterations: 5
Warm-start cache: loading Results/warm_start_cache/experiment_3/random_graphs_8to14vertices_78instances_20260625_143415_AdjacencyList__filehash_a79662a0/hog_idx000038_36d1725e8833_seed42_L1_M1_amplified.npz
Warm-start cache: loaded in 0.0050 seconds; effective compute time=0.2245481014251709
Edges: [(3, 9), (1, 3), (0, 1), (9, 10), (1, 6), (0, 4), (5, 8), (1, 10), (7, 9), (0, 3), (0, 6), (4, 5), (3, 7), (0, 5), (1, 4), (0, 2), (0, 8), (1, 7)], weights: [1.0, 1.0, 1.0, 1.0, 1.0, 1.0, 1.0, 1.0, 1.0, 1.0, 1.0, 1.0, 1.0, 1.0, 1.0, 1.0, 1.0, 1.0], set of nodes: {0, 1, 2, 3, 4, 5, 6, 7, 8, 9, 10}, n: 11 nodes, p: 2 layers, N_bayes: 5 iterations
Solving for uuid: c428e06a
Initial state injected as warm start
Running ADAM optimization with a single iteration (no debug loop)
5.456537797477677
QAOA optimisation for n=38 took 1191.26 seconds; started at stardate 1784835505.097682 and finished at stardate 1784836696.355056
Finished QAOA for n=11 nodes, m=18 edges at 2026-07-23 21:58:16 on x86_64. Time taken: 1191.26 seconds. Hours: 0.33 hours. Peak RAM: 2.0 MB.
Unknown graph type for approximation ratio calculation; checking misc CSV.
Checking optimal_results_misc.csv for matching edges and weights...
Found matching exact result in misc CSV: 9.429890288066767
CSV writing for n=38 took 0.01 seconds; started at stardate 1784836696.3550663 and finished at stardate 1784836696.363164
results: {38: 5.456537797477677}
durations: {11: 1191.257379770279}
Results saved to: Results/logs/adam/qaoa_results_adam_20260723_205151_pid3195150.csv
Global end time: 1784836696.3631835
Finalisation time: 0.00 seconds; started at stardate 1784836696.3631704 and finished at stardate 1784836696.363188
Sum of all section times: 1191.30 seconds
run_id: 58e58b8d
