Starting QAOA benchmark with global start time: 1784837957.9814007
Benchmark parameters: {'optimiser': 'adam', 'optimiser_use_heuristic': True, 'heuristic_optimiser_iterations': 1, 'heuristic_optimiser_sampleSize': 50, 'circuit_type': 'hamqaoa', 'parameter_vector': [1, 1, 1], 'iterations_list': [5, 10, 25, 50], 'learning_rate_adam': 0.005, 'depth_list': [1, 2], 'n_start': None, 'n_end': 44, 'singlet_injection': False, 'start_index_singlet': None, 'warm_start': True, 'warm_start_mode': 'standard', 'lasserre_level': 1, 'initial_solver_level_M': 1, 'sdp_seed': 42, 'sdp_solver_mode': 'scs', 'sdp_scs_eps': 1e-06, 'sdp_scs_max_iters': 100000, 'warm_start_corr_strength': None, 'warm_start_corr_repeats': None, 'compare_with_010101': False, 'init_QAOAparams_close_to_zero': False, 'use_correlations_as_initial_params': False, 'time_limit': None, 'failed_instance_termination_thrsh': None, 'graph_generation_type': 'hog', 'weighted': False, 'easiest_first': True, 'cpu_util_threshold': None, 'debug': False, 'save_circuit_svg': False, 'rerun_exclude_finished_instances': False, 'warm_start_cache_producer_only': False, 'qaoa_only_from_existing_warm_start_cache': True, 'optimiser_debug_iterations': None, 'num_repeats': 1, 'relative_graph_adjList_path': 'HOG_graphs/random_graphs_8to14vertices_78instances_20260625_143415_AdjacencyList.txt', 'persistent_warm_start_cache': True, 'warm_start_cache_dir': 'Results/warm_start_cache/experiment_3', 'warm_start_cache_max_file_mb': 512, 'warm_start_cache_max_total_gb': 60, 'sdp_max_parallel': 0, 'qaoa_max_parallel': 32, 'sdp_threads': 1, 'qaoa_threads': 1, 'sdp_memory_limit_total_gb': 100, 'sdp_memory_limit_single_gb': 100, 'sdp_memory_poll_seconds': 5, 'sdp_max_retries': 3, 'queue_poll_interval_seconds': 5}, Running QAOA with equal superposition
Benchmark run ID: 3f12c61e
Benchmark repeat index: 1
SDP seed override: 42
Processor: x86_64
Hostname: dacsgpu0002
Total RAM (GB): None
Physical cores: 64
Logical cores: 64
Python version: 3.11.15
Initialisation time: 0.02 seconds; started at stardate {'initialisation': 0.024553775787353516} and finished at stardate1784837958.0059664
Loaded HOG graph index 44 with 21 edges.
Instance generation for n=44 took 0.01 seconds; started at stardate 1784837958.005974 and finished at stardate 1784837958.0136611
Running QAOA for n=12 nodes, m=21 edges...; Max iterations: 25
Warm-start cache: loading Results/warm_start_cache/experiment_3/random_graphs_8to14vertices_78instances_20260625_143415_AdjacencyList__filehash_a79662a0/hog_idx000044_7dbf7eeda2e7_seed42_L1_M1_amplified.npz
Warm-start cache: loaded in 0.0018 seconds; effective compute time=0.305147647857666
Edges: [(3, 8), (3, 5), (1, 4), (0, 8), (0, 11), (5, 7), (2, 8), (2, 5), (9, 10), (1, 9), (5, 6), (6, 11), (3, 6), (2, 10), (2, 7), (0, 3), (10, 11), (1, 8), (1, 5), (6, 10), (5, 8)], weights: [1.0, 1.0, 1.0, 1.0, 1.0, 1.0, 1.0, 1.0, 1.0, 1.0, 1.0, 1.0, 1.0, 1.0, 1.0, 1.0, 1.0, 1.0, 1.0, 1.0, 1.0], set of nodes: {0, 1, 2, 3, 4, 5, 6, 7, 8, 9, 10, 11}, n: 12 nodes, p: 1 layers, N_bayes: 25 iterations
Solving for uuid: 8a695bf1
Initial state injected as warm start
Running ADAM optimization with a single iteration (no debug loop)
6.6141490495681
QAOA optimisation for n=44 took 4064.07 seconds; started at stardate 1784837958.0136673 and finished at stardate 1784842022.0880535
Finished QAOA for n=12 nodes, m=21 edges at 2026-07-23 23:27:02 on x86_64. Time taken: 4064.07 seconds. Hours: 1.13 hours. Peak RAM: 3.74 MB.
Unknown graph type for approximation ratio calculation; checking misc CSV.
Checking optimal_results_misc.csv for matching edges and weights...
Found matching exact result in misc CSV: 10.90973972171772
CSV writing for n=44 took 0.00 seconds; started at stardate 1784842022.08806 and finished at stardate 1784842022.092676
results: {44: 6.6141490495681}
durations: {12: 4064.07439160347}
Results saved to: Results/logs/adam/qaoa_results_adam_20260723_205151_pid3195150.csv
Global end time: 1784842022.092684
Finalisation time: 0.00 seconds; started at stardate 1784842022.0926783 and finished at stardate 1784842022.092687
Sum of all section times: 4064.11 seconds
run_id: 3f12c61e
