Starting QAOA benchmark with global start time: 1786218414.7558217
Benchmark parameters: {'optimiser': 'adam', 'optimiser_use_heuristic': False, 'heuristic_optimiser_iterations': None, 'heuristic_optimiser_sampleSize': None, 'circuit_type': 'hamqaoa', 'parameter_vector': [1, 1, 1], 'iterations_list': [50], 'learning_rate_adam': 0.05, 'depth_list': [1, 2, 3, 5], 'n_start': None, 'n_end': None, 'singlet_injection': False, 'start_index_singlet': None, 'warm_start': True, 'warm_start_mode': 'standard', 'lasserre_level': 2, 'initial_solver_level_M': 2, 'sdp_seed': None, 'sdp_solver_mode': 'scs', 'sdp_scs_eps': 1e-06, 'sdp_scs_max_iters': 100000, 'warm_start_corr_strength': None, 'warm_start_corr_repeats': None, 'compare_with_010101': False, 'init_QAOAparams_close_to_zero': False, 'use_correlations_as_initial_params': False, 'time_limit': None, 'failed_instance_termination_thrsh': None, 'graph_generation_type': 'hog', 'weighted': False, 'easiest_first': False, 'cpu_util_threshold': None, 'debug': False, 'save_circuit_svg': False, 'rerun_exclude_finished_instances': True, 'warm_start_cache_producer_only': False, 'qaoa_only_from_existing_warm_start_cache': True, 'optimiser_debug_iterations': None, 'num_repeats': 1, 'relative_graph_adjList_path': 'HOG_graphs/Exp5/list_388_graphs_adjacency_list_hog_v04-12_regular.txt', 'persistent_warm_start_cache': True, 'warm_start_cache_dir': 'Results/warm_start_cache', 'warm_start_cache_max_file_mb': 512, 'warm_start_cache_max_total_gb': 60, 'sdp_max_parallel': 0, 'qaoa_max_parallel': 16, 'sdp_threads': 1, 'qaoa_threads': 1, 'sdp_memory_limit_total_gb': 0, 'sdp_memory_limit_single_gb': 0, 'sdp_memory_poll_seconds': 5, 'sdp_max_retries': 0, 'queue_poll_interval_seconds': 5, 'completed_result_csv_paths': [], 'qaoa_seed': 1, 'initialise_standard_warm_start_with_zero_angles': False, 'result_name_suffix': '_Exp5_subexp4_standardWithHeuristic'}, Running QAOA with equal superposition
Benchmark run ID: 6ded2b89
Benchmark repeat index: 1
SDP seed override: None
QAOA seed: 1
Processor: x86_64
Hostname: dacsgpu0003
Total RAM (GB): None
Physical cores: 64
Logical cores: 64
Python version: 3.11.15
Initialisation time: 0.03 seconds; started at stardate {'initialisation': 0.025818347930908203} and finished at stardate1786218414.7816556
Loaded HOG graph index 372 with 25 edges.
Instance generation for n=372 took 0.27 seconds; started at stardate 1786218414.781664 and finished at stardate 1786218415.0530941
Running QAOA for n=10 nodes, m=25 edges...; Max iterations: 50
Warm-start cache: loading Results/warm_start_cache/list_388_graphs_adjacency_list_hog_v04-12_regular__filehash_5b7f8d46/hog_idx000372_eba51d38b770_noseed_L2_M2_amplified.npz
Warm-start cache: loaded in 0.0066 seconds; effective compute time=4548.769083976746
Edges: [(2, 3), (2, 6), (4, 6), (4, 9), (7, 8), (0, 5), (0, 2), (1, 7), (6, 9), (4, 5), (3, 7), (4, 8), (8, 9), (1, 3), (0, 1), (0, 4), (5, 6), (5, 9), (3, 6), (2, 7), (7, 9), (0, 3), (1, 2), (1, 8), (5, 8)], weights: [1.0, 1.0, 1.0, 1.0, 1.0, 1.0, 1.0, 1.0, 1.0, 1.0, 1.0, 1.0, 1.0, 1.0, 1.0, 1.0, 1.0, 1.0, 1.0, 1.0, 1.0, 1.0, 1.0, 1.0, 1.0], set of nodes: {0, 1, 2, 3, 4, 5, 6, 7, 8, 9}, n: 10 nodes, p: 2 layers, N_bayes: 50 iterations
Solving for uuid: dcb48400
Initial state injected as warm start
Running ADAM optimization with a single iteration (no debug loop)
17.542908498195708
QAOA optimisation for n=372 took 216.00 seconds; started at stardate 1786218415.0531008 and finished at stardate 1786218631.049395
Finished QAOA for n=10 nodes, m=25 edges at 2026-08-08 21:50:31 on x86_64. Time taken: 216.00 seconds. Hours: 0.06 hours. Peak RAM: 0.76 MB.
Unknown graph type for approximation ratio calculation; checking misc CSV.
Checking optimal_results_misc.csv for matching edges and weights...
Found matching exact result in misc CSV: 11.484432283506179
CSV writing for n=372 took 0.09 seconds; started at stardate 1786218631.0494125 and finished at stardate 1786218631.1349509
results: {372: 17.542908498195708}
durations: {10: 215.99630641937256}
Results saved to: Results/logs/adam/qaoa_results_adam_20260808_090145_pid2397811_Exp5_subexp4_standardWithHeuristic.csv
Global end time: 1786218631.134969
Finalisation time: 0.00 seconds; started at stardate 1786218631.1349578 and finished at stardate 1786218631.134974
Sum of all section times: 216.38 seconds
run_id: 6ded2b89
