Starting QAOA benchmark with global start time: 1786626072.2698562
Benchmark parameters: {'optimiser': 'adam', 'optimiser_use_heuristic': False, 'heuristic_optimiser_iterations': None, 'heuristic_optimiser_sampleSize': None, 'circuit_type': 'hamqaoa', 'parameter_vector': [1, 1, 1], 'iterations_list': [50], 'learning_rate_adam': 0.05, 'depth_list': [1, 2, 3, 5], 'n_start': None, 'n_end': None, 'singlet_injection': False, 'start_index_singlet': None, 'warm_start': True, 'warm_start_mode': 'standard', 'lasserre_level': 2, 'initial_solver_level_M': 2, 'sdp_seed': None, 'sdp_solver_mode': 'scs', 'sdp_scs_eps': 1e-06, 'sdp_scs_max_iters': 100000, 'warm_start_corr_strength': None, 'warm_start_corr_repeats': None, 'compare_with_010101': False, 'init_QAOAparams_close_to_zero': False, 'use_correlations_as_initial_params': False, 'time_limit': None, 'failed_instance_termination_thrsh': None, 'graph_generation_type': 'hog', 'weighted': False, 'easiest_first': False, 'cpu_util_threshold': None, 'debug': False, 'save_circuit_svg': False, 'rerun_exclude_finished_instances': True, 'warm_start_cache_producer_only': False, 'qaoa_only_from_existing_warm_start_cache': True, 'optimiser_debug_iterations': None, 'num_repeats': 1, 'relative_graph_adjList_path': 'HOG_graphs/Exp5/list_193_graphs_adjacency_listhog_v04-12_planar_clawFree.txt', 'persistent_warm_start_cache': True, 'warm_start_cache_dir': 'Results/warm_start_cache', 'warm_start_cache_max_file_mb': 512, 'warm_start_cache_max_total_gb': 60, 'sdp_max_parallel': 0, 'qaoa_max_parallel': 16, 'sdp_threads': 1, 'qaoa_threads': 1, 'sdp_memory_limit_total_gb': 0, 'sdp_memory_limit_single_gb': 0, 'sdp_memory_poll_seconds': 5, 'sdp_max_retries': 0, 'queue_poll_interval_seconds': 5, 'max_graph_vertices': 11, 'completed_result_csv_paths': [], 'qaoa_seed': 1, 'initialise_standard_warm_start_with_zero_angles': False, 'result_name_suffix': '_Exp5_subexp4_standardWithHeuristic'}, Running QAOA with equal superposition
Benchmark run ID: 00d4e7a7
Benchmark repeat index: 1
SDP seed override: None
QAOA seed: 18700001
Processor: x86_64
Hostname: dacsvm-cpunode01
Total RAM (GB): None
Physical cores: 32
Logical cores: 32
Python version: 3.11.15
Initialisation time: 0.00 seconds; started at stardate {'initialisation': 0.004998445510864258} and finished at stardate1786626072.2748609
Loaded HOG graph index 187 with 21 edges.
Instance generation for n=187 took 0.00 seconds; started at stardate 1786626072.2748747 and finished at stardate 1786626072.277328
Running QAOA for n=9 nodes, m=21 edges...; Max iterations: 50
Warm-start cache: loading Results/warm_start_cache/list_193_graphs_adjacency_listhog_v04-12_planar_clawFree__filehash_62ae5075/hog_idx000187_8653b3aaa373_noseed_L2_M2_amplified.npz
Warm-start cache: loaded in 0.0220 seconds; effective compute time=2958.568069934845
Edges: [(3, 8), (2, 6), (3, 5), (4, 6), (7, 8), (0, 2), (5, 7), (4, 8), (1, 3), (0, 4), (0, 7), (6, 8), (5, 6), (3, 6), (2, 4), (2, 7), (4, 7), (1, 8), (1, 5), (5, 8), (6, 7)], weights: [1.0, 1.0, 1.0, 1.0, 1.0, 1.0, 1.0, 1.0, 1.0, 1.0, 1.0, 1.0, 1.0, 1.0, 1.0, 1.0, 1.0, 1.0, 1.0, 1.0, 1.0], set of nodes: {0, 1, 2, 3, 4, 5, 6, 7, 8}, n: 9 nodes, p: 1 layers, N_bayes: 50 iterations
Solving for uuid: fa4227c7
Initial state injected as warm start
Running ADAM optimization with a single iteration (no debug loop)
12.91027169596579
QAOA optimisation for n=187 took 10.03 seconds; started at stardate 1786626072.2773318 and finished at stardate 1786626082.3068821
Finished QAOA for n=9 nodes, m=21 edges at 2026-08-13 15:01:22 on x86_64. Time taken: 10.03 seconds. Hours: 0.00 hours. Peak RAM: 0.3 MB.
Unknown graph type for approximation ratio calculation; checking misc CSV.
Checking optimal_results_misc.csv for matching edges and weights...
No matching result found in misc CSV; skipping approx ratio computation.
CSV writing for n=187 took 0.04 seconds; started at stardate 1786626082.3068933 and finished at stardate 1786626082.3456516
results: {187: 12.91027169596579}
durations: {9: 10.029558897018433}
Results saved to: Results/logs/adam/qaoa_results_adam_20260813_144634_pid2432900_Exp5_subexp4_standardWithHeuristic.csv
Global end time: 1786626082.3456624
Finalisation time: 0.00 seconds; started at stardate 1786626082.345655 and finished at stardate 1786626082.3456674
Sum of all section times: 10.08 seconds
run_id: 00d4e7a7
