Starting QAOA benchmark with global start time: 1786977155.983945
Benchmark parameters: {'optimiser': 'adam', 'optimiser_use_heuristic': True, 'heuristic_optimiser_iterations': 1, 'heuristic_optimiser_sampleSize': 50, 'circuit_type': 'hamqaoa', 'parameter_vector': [1, 1, 1], 'iterations_list': [50], 'learning_rate_adam': 0.05, 'depth_list': [1, 2, 3, 5], 'n_start': None, 'n_end': None, 'singlet_injection': False, 'start_index_singlet': None, 'warm_start': True, 'warm_start_mode': 'standard', 'lasserre_level': 1, 'initial_solver_level_M': 1, 'sdp_seed': None, 'sdp_solver_mode': 'scs', 'sdp_scs_eps': 1e-06, 'sdp_scs_max_iters': 100000, 'warm_start_corr_strength': None, 'warm_start_corr_repeats': None, 'compare_with_010101': False, 'init_QAOAparams_close_to_zero': False, 'use_correlations_as_initial_params': False, 'time_limit': None, 'failed_instance_termination_thrsh': None, 'graph_generation_type': 'hog', 'weighted': False, 'easiest_first': True, 'cpu_util_threshold': None, 'debug': False, 'save_circuit_svg': False, 'rerun_exclude_finished_instances': True, 'warm_start_cache_producer_only': False, 'qaoa_only_from_existing_warm_start_cache': True, 'optimiser_debug_iterations': None, 'num_repeats': 1, 'relative_graph_adjList_path': 'HOG_graphs/Exp5/list_454_graphs_adjacency_listhog_v04-12_bipartite.txt', 'persistent_warm_start_cache': True, 'warm_start_cache_dir': 'Results/warm_start_cache', 'warm_start_cache_max_file_mb': 512, 'warm_start_cache_max_total_gb': 60, 'sdp_max_parallel': 0, 'qaoa_max_parallel': 16, 'sdp_threads': 1, 'qaoa_threads': 1, 'sdp_memory_limit_total_gb': 0, 'sdp_memory_limit_single_gb': 0, 'sdp_memory_poll_seconds': 5, 'sdp_max_retries': 0, 'queue_poll_interval_seconds': 5, 'max_graph_vertices': 11, 'completed_result_csv_paths': [], 'qaoa_seed': 1, 'initialise_standard_warm_start_with_zero_angles': False, 'result_name_suffix': '_Exp5_subexp4_standardWithHeuristic'}, Running QAOA with equal superposition
Benchmark run ID: 28eeb01b
Benchmark repeat index: 1
SDP seed override: None
QAOA seed: 16900101
Processor: x86_64
Hostname: dacsgpu0002
Total RAM (GB): None
Physical cores: 64
Logical cores: 64
Python version: 3.11.15
Initialisation time: 0.01 seconds; started at stardate {'initialisation': 0.008353948593139648} and finished at stardate1786977155.9923134
Loaded HOG graph index 169 with 7 edges.
Instance generation for n=169 took 0.01 seconds; started at stardate 1786977155.9923213 and finished at stardate 1786977156.0020025
Running QAOA for n=8 nodes, m=7 edges...; Max iterations: 50
Warm-start cache: loading Results/warm_start_cache/list_454_graphs_adjacency_listhog_v04-12_bipartite__filehash_0815e7e8/hog_idx000169_9b0e6360a300_noseed_L1_M1_standard.npz
Warm-start cache: loaded in 0.0015 seconds; effective compute time=0.13833308219909668
Edges: [(5, 7), (0, 7), (4, 6), (2, 5), (3, 6), (6, 7), (1, 7)], weights: [1.0, 1.0, 1.0, 1.0, 1.0, 1.0, 1.0], set of nodes: {0, 1, 2, 3, 4, 5, 6, 7}, n: 8 nodes, p: 2 layers, N_bayes: 50 iterations
Solving for uuid: cb8b7a8f
Initial state injected as warm start
Running ADAM optimization with a single iteration (no debug loop)
3.1301065432813227
QAOA optimisation for n=169 took 14.16 seconds; started at stardate 1786977156.0020092 and finished at stardate 1786977170.1578724
Finished QAOA for n=8 nodes, m=7 edges at 2026-08-17 16:32:50 on x86_64. Time taken: 14.16 seconds. Hours: 0.00 hours. Peak RAM: 0.25 MB.
Unknown graph type for approximation ratio calculation; checking misc CSV.
Checking optimal_results_misc.csv for matching edges and weights...
Found matching exact result in misc CSV: 4.763288747970685
CSV writing for n=169 took 0.01 seconds; started at stardate 1786977170.1578825 and finished at stardate 1786977170.1681535
results: {169: 3.1301065432813227}
durations: {8: 14.155869960784912}
Results saved to: Results/logs/adam/qaoa_results_adam_20260817_155651_pid4075586_Exp5_subexp4_standardWithHeuristic.csv
Global end time: 1786977170.1681674
Finalisation time: 0.00 seconds; started at stardate 1786977170.1681585 and finished at stardate 1786977170.1681714
Sum of all section times: 14.18 seconds
run_id: 28eeb01b
