Starting QAOA benchmark with global start time: 1787679185.4370825
Benchmark parameters: {'optimiser': 'adam', 'optimiser_use_heuristic': None, 'heuristic_optimiser_iterations': None, 'heuristic_optimiser_sampleSize': None, 'circuit_type': 'hamqaoa', 'parameter_vector': [1, 1, 1], 'iterations_list': [75], 'learning_rate_adam': None, 'depth_list': [1], 'n_start': None, 'n_end': None, 'singlet_injection': False, 'start_index_singlet': None, 'warm_start': True, 'warm_start_mode': 'amplified', 'lasserre_level': 2, 'initial_solver_level_M': 2, 'sdp_seed': 42, 'sdp_solver_mode': 'scs', 'sdp_scs_eps': 1e-06, 'sdp_scs_max_iters': 100000, 'warm_start_corr_strength': None, 'warm_start_corr_repeats': None, 'compare_with_010101': False, 'init_QAOAparams_close_to_zero': False, 'use_correlations_as_initial_params': False, 'time_limit': None, 'failed_instance_termination_thrsh': None, 'graph_generation_type': 'hog', 'weighted': False, 'easiest_first': True, 'cpu_util_threshold': None, 'debug': False, 'save_circuit_svg': False, 'rerun_exclude_finished_instances': True, 'warm_start_cache_producer_only': True, 'qaoa_only_from_existing_warm_start_cache': False, 'optimiser_debug_iterations': None, 'num_repeats': 1, 'relative_graph_adjList_path': 'HOG_graphs/Exp5/list_454_graphs_adjacency_listhog_v04-12_bipartite.txt', 'persistent_warm_start_cache': True, 'warm_start_cache_dir': 'Results/warm_start_cache', 'warm_start_cache_max_file_mb': 512, 'warm_start_cache_max_total_gb': 60, 'sdp_max_parallel': 32, 'qaoa_max_parallel': 0, 'sdp_threads': 1, 'qaoa_threads': 1, 'sdp_memory_limit_total_gb': 250, 'sdp_memory_limit_single_gb': 100, 'sdp_memory_poll_seconds': 5, 'sdp_max_retries': 3, 'queue_poll_interval_seconds': 5, 'max_graph_vertices': 10, 'completed_result_csv_paths': [], 'qaoa_seed': 42, 'initialise_standard_warm_start_with_zero_angles': False, 'result_name_suffix': '_Exp7_AmplifiedWithHeuristic_rerun2408'}, Running QAOA with equal superposition
Benchmark run ID: d00e4ece
Benchmark repeat index: 1
SDP seed override: 42
QAOA seed used: 42
Processor: x86_64
Hostname: dacsgpu0003
Total RAM (GB): None
Physical cores: 64
Logical cores: 64
Python version: 3.11.15
Initialisation time: 0.00 seconds; started at stardate {'initialisation': 0.003992319107055664} and finished at stardate1787679185.4410834
Loaded HOG graph index 216 with 9 edges.
Instance generation for n=216 took 0.01 seconds; started at stardate 1787679185.4410906 and finished at stardate 1787679185.4536173
Running QAOA for n=10 nodes, m=9 edges...; Max iterations: 75
Warm-start: starting SDP solve for n_vertices=10
Warm-start: using configured sdp_seed=42
Using SCS solver for SDP with eps=1e-06, max_iters=100000.
SDP solver status: optimal
SDP solver name: SCS
SDP solver iterations: 11375
SDP solve time: 981.255645038
SDP extra stats: {'x': array([ 1.00000000e+00,  8.47061103e-15,  7.91845777e-15, ...,
        1.00000000e+00, -1.39578003e-18,  1.00000000e+00], shape=(95266,)), 'y': array([ 2.27441176e-02,  9.42092459e-03,  9.42092459e-03, ...,
        1.32268501e-02, -6.10428221e-16,  3.94243955e-02], shape=(265112,)), 's': array([ 0.00000000e+00,  0.00000000e+00,  0.00000000e+00, ...,
        9.99999984e-01, -3.10881985e-16,  9.99999994e-01], shape=(265112,)), 'info': {'status_val': 1, 'iter': 11375, 'scale_updates': 2, 'scale': 1.010595679965962, 'pobj': -8.38062308895591, 'dobj': -8.380623029086404, 'res_pri': 2.296852869053693e-06, 'res_dual': 9.263241343358579e-07, 'gap': 5.986950490921572e-08, 'res_infeas': nan, 'res_unbdd_a': 0.11932287007714107, 'res_unbdd_p': 0.0, 'comp_slack': 3.739586418305407e-11, 'solve_time': 981255.645038, 'setup_time': 254.726857, 'lin_sys_time': 64156.685592000045, 'cone_time': 889944.5825969995, 'accel_time': 5505.257659000297, 'rejected_accel_steps': 101, 'accepted_accel_steps': 1, 'status': 'solved'}}
Rounding...
Setting seed to 42
n_vertices: 10 for n = 30
Using seed 42 to generate random matrix for x.
Energy of rounded cut/product state: 7.516001182999692
Algorithm 17 lower-bound energy: 7.748585462761253
Algorithm 17 actual entangled-state energy: 8.552968205905168
SDP objective value: 12.88062308895591
8 in cut out of a total of 9 edges
Warm-start: SDP solve + rounding finished in 8410.07 seconds
Warm-start: using level-2 Algorithm 17 entangled statevector with shape (1024,)
Warm-start cache: moment matrix before save shape=(436, 436), dtype=float64, entries=190096, bytes=1520768 (1.45 MiB)
Warm-start cache: saved Results/warm_start_cache/list_454_graphs_adjacency_listhog_v04-12_bipartite__filehash_0815e7e8/hog_idx000216_367fc0ac1e67_seed42_L2_M2_amplified.npz in 0.0166 seconds
WARM_START_CACHE_PRODUCER_ONLY is set; warm-start cache has been produced/loaded. Exiting before QAOA optimisation.
