Starting QAOA benchmark with global start time: 1788994037.5739896
Benchmark parameters: {'optimiser': 'adam', 'optimiser_use_heuristic': False, 'heuristic_optimiser_iterations': None, 'heuristic_optimiser_sampleSize': None, 'circuit_type': 'hamqaoa', 'parameter_vector': [1, 1, 1], 'iterations_list': [75], 'learning_rate_adam': 0.01, 'depth_list': [1, 2, 3, 4, 5], 'n_start': None, 'n_end': None, 'singlet_injection': False, 'start_index_singlet': None, 'warm_start': True, 'warm_start_mode': 'amplified_king', 'lasserre_level': 2, 'initial_solver_level_M': 2, 'sdp_seed': 42, 'sdp_solver_mode': 'scs', 'sdp_scs_eps': 1e-06, 'sdp_scs_max_iters': 100000, 'warm_start_corr_strength': None, 'warm_start_corr_repeats': None, 'compare_with_010101': False, 'init_QAOAparams_close_to_zero': False, 'use_correlations_as_initial_params': False, 'time_limit': None, 'failed_instance_termination_thrsh': None, 'graph_generation_type': 'hog', 'weighted': False, 'easiest_first': False, 'cpu_util_threshold': None, 'debug': False, 'save_circuit_svg': False, 'rerun_exclude_finished_instances': False, 'warm_start_cache_producer_only': False, 'qaoa_only_from_existing_warm_start_cache': True, 'optimiser_debug_iterations': None, 'num_repeats': 1, 'relative_graph_adjList_path': 'HOG_graphs/Exp5/list_193_graphs_adjacency_listhog_v04-12_planar_clawFree.txt', 'persistent_warm_start_cache': True, 'warm_start_cache_dir': 'Results/warm_start_cache', 'warm_start_cache_max_file_mb': 512, 'warm_start_cache_max_total_gb': 60, 'sdp_max_parallel': 0, 'qaoa_max_parallel': 16, 'sdp_threads': 1, 'qaoa_threads': 1, 'sdp_memory_limit_total_gb': 0, 'sdp_memory_limit_single_gb': 0, 'sdp_memory_poll_seconds': 5, 'sdp_max_retries': 0, 'queue_poll_interval_seconds': 5, 'max_graph_vertices': 10, 'completed_result_csv_paths': [], 'qaoa_seed': 42, 'initialise_standard_warm_start_with_zero_angles': True, 'result_name_suffix': '_FINAL_BENCHMARKS_KINGAMPLIFIED', 'algorithm17_beta_mode': 'analytic_instance'}, Running QAOA with equal superposition
Benchmark run ID: 6ee5ad1e
Benchmark repeat index: 1
Configured SDP rounding seed: 42
QAOA seed used: 42
Processor: x86_64
Hostname: dacsgpu0003
Total RAM (GB): None
Physical cores: 64
Logical cores: 64
Python version: 3.11.15
Initialisation time: 0.01 seconds; started at stardate {'initialisation': 0.005016326904296875} and finished at stardate1788994037.579012
Loaded HOG graph index 121 with 11 edges.
Instance generation for n=121 took 0.00 seconds; started at stardate 1788994037.5790172 and finished at stardate 1788994037.5830607
Running QAOA for n=6 nodes, m=11 edges...; Max iterations: 75
Warm-start cache: loading Results/warm_start_cache/list_193_graphs_adjacency_listhog_v04-12_planar_clawFree__filehash_62ae5075/hog_idx000121_de1f28b4175c_seed42_L2_M2_betaanalytic_instance_amplified.npz
Warm-start cache: loaded in 0.0024 seconds; effective compute time=106.49835920333862
Edges: [(1, 3), (2, 3), (0, 4), (3, 5), (3, 4), (1, 5), (2, 5), (0, 5), (1, 4), (0, 2), (2, 4)], weights: [1.0, 1.0, 1.0, 1.0, 1.0, 1.0, 1.0, 1.0, 1.0, 1.0, 1.0], set of nodes: {0, 1, 2, 3, 4, 5}, n: 6 nodes, p: 4 layers, N_bayes: 75 iterations
Solving for uuid: 036211c4
Initial state injected as warm start
Running ADAM optimization with a single iteration (no debug loop)
7.649197279187505
QAOA optimisation for n=121 took 23.67 seconds; started at stardate 1788994037.5830648 and finished at stardate 1788994061.2546022
Finished QAOA for n=6 nodes, m=11 edges at 2026-09-10 00:47:41 on x86_64. Time taken: 23.67 seconds. Hours: 0.01 hours. Peak RAM: 0.25 MB.
Unknown graph type for approximation ratio calculation; checking misc CSV.
Checking optimal_results_misc.csv for matching edges and weights...
Found matching exact result in misc CSV: 5.70710678118656
CSV writing for n=121 took 0.01 seconds; started at stardate 1788994061.2546084 and finished at stardate 1788994061.262703
results: {121: 7.649197279187505}
durations: {6: 23.671541213989258}
Results saved to: Results/logs/adam/qaoa_results_adam_20260909_232758_pid3865625_FINAL_BENCHMARKS_KINGAMPLIFIED.csv
Global end time: 1788994061.2627215
Finalisation time: 0.00 seconds; started at stardate 1788994061.2627103 and finished at stardate 1788994061.2627275
Sum of all section times: 23.69 seconds
run_id: 6ee5ad1e
