Starting QAOA benchmark with global start time: 1788974586.2017143
Benchmark parameters: {'optimiser': 'adam', 'optimiser_use_heuristic': True, 'heuristic_optimiser_iterations': 1, 'heuristic_optimiser_sampleSize': 25, 'circuit_type': 'hamqaoa', 'parameter_vector': [1, 1, 1], 'iterations_list': [75], 'learning_rate_adam': 0.05, 'depth_list': [1, 2, 3, 4, 5], 'n_start': None, 'n_end': None, 'singlet_injection': False, 'start_index_singlet': None, 'warm_start': True, 'warm_start_mode': 'entangled_king', 'lasserre_level': 2, 'initial_solver_level_M': 2, 'sdp_seed': 42, 'sdp_solver_mode': 'scs', 'sdp_scs_eps': 1e-06, 'sdp_scs_max_iters': 100000, 'warm_start_corr_strength': None, 'warm_start_corr_repeats': None, 'compare_with_010101': False, 'init_QAOAparams_close_to_zero': False, 'use_correlations_as_initial_params': False, 'time_limit': None, 'failed_instance_termination_thrsh': None, 'graph_generation_type': 'hog', 'weighted': False, 'easiest_first': True, 'cpu_util_threshold': None, 'debug': False, 'save_circuit_svg': False, 'rerun_exclude_finished_instances': False, 'warm_start_cache_producer_only': False, 'qaoa_only_from_existing_warm_start_cache': True, 'optimiser_debug_iterations': None, 'num_repeats': 1, 'relative_graph_adjList_path': 'HOG_graphs/Exp5/list_454_graphs_adjacency_listhog_v04-12_bipartite.txt', 'persistent_warm_start_cache': True, 'warm_start_cache_dir': 'Results/warm_start_cache', 'warm_start_cache_max_file_mb': 512, 'warm_start_cache_max_total_gb': 60, 'sdp_max_parallel': 0, 'qaoa_max_parallel': 16, 'sdp_threads': 1, 'qaoa_threads': 1, 'sdp_memory_limit_total_gb': 0, 'sdp_memory_limit_single_gb': 0, 'sdp_memory_poll_seconds': 5, 'sdp_max_retries': 0, 'queue_poll_interval_seconds': 5, 'max_graph_vertices': 10, 'completed_result_csv_paths': [], 'qaoa_seed': 42, 'initialise_standard_warm_start_with_zero_angles': False, 'result_name_suffix': '_FINAL_BENCHMARKS_KINGENTANGLED', 'algorithm17_beta_mode': 'analytic_instance'}, Running QAOA with equal superposition
Benchmark run ID: 33ec094c
Benchmark repeat index: 1
Configured SDP rounding seed: 42
QAOA seed used: 42
Processor: x86_64
Hostname: dacsgpu0003
Total RAM (GB): None
Physical cores: 64
Logical cores: 64
Python version: 3.11.15
Initialisation time: 0.02 seconds; started at stardate {'initialisation': 0.020973682403564453} and finished at stardate1788974586.2227
Loaded HOG graph index 402 with 14 edges.
Instance generation for n=402 took 0.01 seconds; started at stardate 1788974586.2227077 and finished at stardate 1788974586.2316222
Running QAOA for n=9 nodes, m=14 edges...; Max iterations: 75
Warm-start cache: loading Results/warm_start_cache/list_454_graphs_adjacency_listhog_v04-12_bipartite__filehash_0815e7e8/hog_idx000402_4038ca9f93b3_seed42_L2_M2_betaanalytic_instance_amplified.npz
Warm-start cache: loaded in 0.0046 seconds; effective compute time=2649.1684205532074
Edges: [(2, 7), (0, 4), (3, 8), (0, 7), (4, 6), (6, 8), (1, 8), (3, 4), (5, 6), (1, 5), (2, 8), (3, 7), (2, 5), (6, 7)], weights: [1.0, 1.0, 1.0, 1.0, 1.0, 1.0, 1.0, 1.0, 1.0, 1.0, 1.0, 1.0, 1.0, 1.0], set of nodes: {0, 1, 2, 3, 4, 5, 6, 7, 8}, n: 9 nodes, p: 1 layers, N_bayes: 75 iterations
Solving for uuid: c0b46671
Entangled King warm start: equal superposition; King rotations applied in each QAOA layer
Running ADAM optimization with a single iteration (no debug loop)
16.332598857921816
QAOA optimisation for n=402 took 5.50 seconds; started at stardate 1788974586.231626 and finished at stardate 1788974591.7275693
Finished QAOA for n=9 nodes, m=14 edges at 2026-09-09 19:23:11 on x86_64. Time taken: 5.50 seconds. Hours: 0.00 hours. Peak RAM: 0.22 MB.
Unknown graph type for approximation ratio calculation; checking misc CSV.
Checking optimal_results_misc.csv for matching edges and weights...
Found matching exact result in misc CSV: 8.807357201861036
CSV writing for n=402 took 0.03 seconds; started at stardate 1788974591.7275789 and finished at stardate 1788974591.753785
results: {402: 16.332598857921816}
durations: {9: 5.495948076248169}
Results saved to: Results/logs/adam/qaoa_results_adam_20260909_164433_pid2739938_FINAL_BENCHMARKS_KINGENTANGLED.csv
Global end time: 1788974591.7537973
Finalisation time: 0.00 seconds; started at stardate 1788974591.753789 and finished at stardate 1788974591.7538028
Sum of all section times: 5.55 seconds
run_id: 33ec094c
