Starting QAOA benchmark with global start time: 1787282347.0356843
Benchmark parameters: {'optimiser': 'adam', 'optimiser_use_heuristic': False, 'heuristic_optimiser_iterations': None, 'heuristic_optimiser_sampleSize': None, 'circuit_type': 'hamqaoa', 'parameter_vector': [1, 1, 1], 'iterations_list': [50], 'learning_rate_adam': 0.005, 'depth_list': [1, 2, 3, 4, 5], 'n_start': None, 'n_end': None, 'singlet_injection': False, 'start_index_singlet': None, 'warm_start': True, 'warm_start_mode': 'amplified', 'lasserre_level': 1, 'initial_solver_level_M': 1, 'sdp_seed': None, 'sdp_solver_mode': 'scs', 'sdp_scs_eps': 1e-06, 'sdp_scs_max_iters': 100000, 'warm_start_corr_strength': None, 'warm_start_corr_repeats': None, 'compare_with_010101': False, 'init_QAOAparams_close_to_zero': False, 'use_correlations_as_initial_params': False, 'time_limit': None, 'failed_instance_termination_thrsh': None, 'graph_generation_type': 'hog', 'weighted': False, 'easiest_first': True, 'cpu_util_threshold': None, 'debug': False, 'save_circuit_svg': False, 'rerun_exclude_finished_instances': True, 'warm_start_cache_producer_only': False, 'qaoa_only_from_existing_warm_start_cache': True, 'optimiser_debug_iterations': None, 'num_repeats': 1, 'relative_graph_adjList_path': 'HOG_graphs/Exp5/list_454_graphs_adjacency_listhog_v04-12_bipartite.txt', 'persistent_warm_start_cache': True, 'warm_start_cache_dir': 'Results/warm_start_cache', 'warm_start_cache_max_file_mb': 512, 'warm_start_cache_max_total_gb': 60, 'sdp_max_parallel': 0, 'qaoa_max_parallel': 16, 'sdp_threads': 1, 'qaoa_threads': 1, 'sdp_memory_limit_total_gb': 0, 'sdp_memory_limit_single_gb': 0, 'sdp_memory_poll_seconds': 5, 'sdp_max_retries': 0, 'queue_poll_interval_seconds': 5, 'max_graph_vertices': 11, 'completed_result_csv_paths': [], 'qaoa_seed': 1, 'initialise_standard_warm_start_with_zero_angles': False, 'result_name_suffix': '_Exp7_AmplifiedWithHeuristic'}, Running QAOA with equal superposition
Benchmark run ID: facd5b5a
Benchmark repeat index: 1
SDP seed override: None
QAOA seed: 36000301
Processor: x86_64
Hostname: dacsgpu0002
Total RAM (GB): None
Physical cores: 64
Logical cores: 64
Python version: 3.11.15
Initialisation time: 0.02 seconds; started at stardate {'initialisation': 0.01900005340576172} and finished at stardate1787282347.0546982
Loaded HOG graph index 360 with 8 edges.
Instance generation for n=360 took 0.01 seconds; started at stardate 1787282347.0547073 and finished at stardate 1787282347.0646005
Running QAOA for n=9 nodes, m=8 edges...; Max iterations: 50
Warm-start cache: loading Results/warm_start_cache/list_454_graphs_adjacency_listhog_v04-12_bipartite__filehash_0815e7e8/hog_idx000360_19d5ba3e7ec4_noseed_L1_M1_amplified.npz
Warm-start cache: loaded in 0.0018 seconds; effective compute time=0.14776349067687988
Edges: [(2, 7), (4, 7), (0, 8), (5, 6), (4, 8), (5, 8), (3, 6), (1, 7)], weights: [1.0, 1.0, 1.0, 1.0, 1.0, 1.0, 1.0, 1.0], set of nodes: {0, 1, 2, 3, 4, 5, 6, 7, 8}, n: 9 nodes, p: 4 layers, N_bayes: 50 iterations
Solving for uuid: 998b7621
Initial state injected as warm start
Warm start correlations applied in the form of weak entanglement
Running ADAM optimization with a single iteration (no debug loop)
3.8435552924177916
QAOA optimisation for n=360 took 30.53 seconds; started at stardate 1787282347.064606 and finished at stardate 1787282377.5930834
Finished QAOA for n=9 nodes, m=8 edges at 2026-08-21 05:19:37 on x86_64. Time taken: 30.53 seconds. Hours: 0.01 hours. Peak RAM: 0.48 MB.
Unknown graph type for approximation ratio calculation; checking misc CSV.
Checking optimal_results_misc.csv for matching edges and weights...
Found matching exact result in misc CSV: 5.386772917449568
CSV writing for n=360 took 0.01 seconds; started at stardate 1787282377.5930903 and finished at stardate 1787282377.6020203
results: {360: 3.8435552924177916}
durations: {9: 30.52848243713379}
Results saved to: Results/logs/adam/qaoa_results_adam_20260821_032945_pid739762_Exp7_AmplifiedWithHeuristic.csv
Global end time: 1787282377.6020286
Finalisation time: 0.00 seconds; started at stardate 1787282377.6020231 and finished at stardate 1787282377.6020317
Sum of all section times: 30.57 seconds
run_id: facd5b5a
