Starting QAOA benchmark with global start time: 1787167787.2920039
Benchmark parameters: {'optimiser': 'adam', 'optimiser_use_heuristic': True, 'heuristic_optimiser_iterations': 1, 'heuristic_optimiser_sampleSize': 50, 'circuit_type': 'hamqaoa', 'parameter_vector': [1, 1, 1], 'iterations_list': [50], 'learning_rate_adam': 0.001, 'depth_list': [1, 2, 3, 5], 'n_start': None, 'n_end': None, 'singlet_injection': False, 'start_index_singlet': None, 'warm_start': True, 'warm_start_mode': 'standard', 'lasserre_level': 2, 'initial_solver_level_M': 2, 'sdp_seed': None, 'sdp_solver_mode': 'scs', 'sdp_scs_eps': 1e-06, 'sdp_scs_max_iters': 100000, 'warm_start_corr_strength': None, 'warm_start_corr_repeats': None, 'compare_with_010101': False, 'init_QAOAparams_close_to_zero': False, 'use_correlations_as_initial_params': False, 'time_limit': None, 'failed_instance_termination_thrsh': None, 'graph_generation_type': 'hog', 'weighted': False, 'easiest_first': False, 'cpu_util_threshold': None, 'debug': False, 'save_circuit_svg': False, 'rerun_exclude_finished_instances': True, 'warm_start_cache_producer_only': False, 'qaoa_only_from_existing_warm_start_cache': True, 'optimiser_debug_iterations': None, 'num_repeats': 1, 'relative_graph_adjList_path': 'HOG_graphs/Exp5/list_388_graphs_adjacency_list_hog_v04-12_regular.txt', 'persistent_warm_start_cache': True, 'warm_start_cache_dir': 'Results/warm_start_cache', 'warm_start_cache_max_file_mb': 512, 'warm_start_cache_max_total_gb': 60, 'sdp_max_parallel': 0, 'qaoa_max_parallel': 16, 'sdp_threads': 1, 'qaoa_threads': 1, 'sdp_memory_limit_total_gb': 0, 'sdp_memory_limit_single_gb': 0, 'sdp_memory_poll_seconds': 5, 'sdp_max_retries': 0, 'queue_poll_interval_seconds': 5, 'max_graph_vertices': 11, 'completed_result_csv_paths': [], 'qaoa_seed': 1, 'initialise_standard_warm_start_with_zero_angles': False, 'result_name_suffix': '_Exp5_subexp4_standardWithHeuristic'}, Running QAOA with equal superposition
Benchmark run ID: 4a193252
Benchmark repeat index: 1
SDP seed override: None
QAOA seed: 15200201
Processor: x86_64
Hostname: dacsgpu0002
Total RAM (GB): None
Physical cores: 64
Logical cores: 64
Python version: 3.11.15
Initialisation time: 0.03 seconds; started at stardate {'initialisation': 0.03061676025390625} and finished at stardate1787167787.322637
Loaded HOG graph index 152 with 15 edges.
Instance generation for n=152 took 0.52 seconds; started at stardate 1787167787.3226504 and finished at stardate 1787167787.8448987
Running QAOA for n=10 nodes, m=15 edges...; Max iterations: 50
Warm-start cache: loading Results/warm_start_cache/list_388_graphs_adjacency_list_hog_v04-12_regular__filehash_5b7f8d46/hog_idx000152_2f2229ba54f4_noseed_L2_M2_standard.npz
Warm-start cache: loaded in 0.0103 seconds; effective compute time=8485.03477191925
Edges: [(3, 9), (0, 1), (4, 7), (5, 8), (2, 6), (1, 9), (5, 7), (0, 3), (4, 6), (1, 8), (4, 9), (5, 6), (2, 8), (3, 7), (0, 2)], weights: [1.0, 1.0, 1.0, 1.0, 1.0, 1.0, 1.0, 1.0, 1.0, 1.0, 1.0, 1.0, 1.0, 1.0, 1.0], set of nodes: {0, 1, 2, 3, 4, 5, 6, 7, 8, 9}, n: 10 nodes, p: 3 layers, N_bayes: 50 iterations
Solving for uuid: db4f766b
Initial state injected as warm start
Running ADAM optimization with a single iteration (no debug loop)
Warm-start fallback: optimiser result was below the SDP warm-start energy; using the warm-start energy instead.
9.628569910977854
QAOA optimisation for n=152 took 489.62 seconds; started at stardate 1787167787.8449066 and finished at stardate 1787168277.46163
Finished QAOA for n=10 nodes, m=15 edges at 2026-08-19 21:37:57 on x86_64. Time taken: 489.62 seconds. Hours: 0.14 hours. Peak RAM: 1.0 MB.
Unknown graph type for approximation ratio calculation; checking misc CSV.
Checking optimal_results_misc.csv for matching edges and weights...
Found matching exact result in misc CSV: 9.644533580599605
CSV writing for n=152 took 0.04 seconds; started at stardate 1787168277.4616404 and finished at stardate 1787168277.5053885
results: {152: 9.628569910977854}
durations: {10: 489.61673045158386}
Results saved to: Results/logs/adam/qaoa_results_adam_20260819_113512_pid1328459_Exp5_subexp4_standardWithHeuristic.csv
Global end time: 1787168277.505416
Finalisation time: 0.00 seconds; started at stardate 1787168277.5053985 and finished at stardate 1787168277.5054216
Sum of all section times: 490.21 seconds
run_id: 4a193252
