Starting QAOA benchmark with global start time: 1787166009.707896
Benchmark parameters: {'optimiser': 'adam', 'optimiser_use_heuristic': True, 'heuristic_optimiser_iterations': 1, 'heuristic_optimiser_sampleSize': 50, 'circuit_type': 'hamqaoa', 'parameter_vector': [1, 1, 1], 'iterations_list': [50], 'learning_rate_adam': 0.001, 'depth_list': [1, 2, 3, 5], 'n_start': None, 'n_end': None, 'singlet_injection': False, 'start_index_singlet': None, 'warm_start': True, 'warm_start_mode': 'standard', 'lasserre_level': 2, 'initial_solver_level_M': 2, 'sdp_seed': None, 'sdp_solver_mode': 'scs', 'sdp_scs_eps': 1e-06, 'sdp_scs_max_iters': 100000, 'warm_start_corr_strength': None, 'warm_start_corr_repeats': None, 'compare_with_010101': False, 'init_QAOAparams_close_to_zero': False, 'use_correlations_as_initial_params': False, 'time_limit': None, 'failed_instance_termination_thrsh': None, 'graph_generation_type': 'hog', 'weighted': False, 'easiest_first': False, 'cpu_util_threshold': None, 'debug': False, 'save_circuit_svg': False, 'rerun_exclude_finished_instances': True, 'warm_start_cache_producer_only': False, 'qaoa_only_from_existing_warm_start_cache': True, 'optimiser_debug_iterations': None, 'num_repeats': 1, 'relative_graph_adjList_path': 'HOG_graphs/Exp5/list_388_graphs_adjacency_list_hog_v04-12_regular.txt', 'persistent_warm_start_cache': True, 'warm_start_cache_dir': 'Results/warm_start_cache', 'warm_start_cache_max_file_mb': 512, 'warm_start_cache_max_total_gb': 60, 'sdp_max_parallel': 0, 'qaoa_max_parallel': 16, 'sdp_threads': 1, 'qaoa_threads': 1, 'sdp_memory_limit_total_gb': 0, 'sdp_memory_limit_single_gb': 0, 'sdp_memory_poll_seconds': 5, 'sdp_max_retries': 0, 'queue_poll_interval_seconds': 5, 'max_graph_vertices': 11, 'completed_result_csv_paths': [], 'qaoa_seed': 1, 'initialise_standard_warm_start_with_zero_angles': False, 'result_name_suffix': '_Exp5_subexp4_standardWithHeuristic'}, Running QAOA with equal superposition
Benchmark run ID: c7ff746c
Benchmark repeat index: 1
SDP seed override: None
QAOA seed: 16800201
Processor: x86_64
Hostname: dacsgpu0002
Total RAM (GB): None
Physical cores: 64
Logical cores: 64
Python version: 3.11.15
Initialisation time: 0.00 seconds; started at stardate {'initialisation': 0.0035347938537597656} and finished at stardate1787166009.7114382
Loaded HOG graph index 168 with 22 edges.
Instance generation for n=168 took 0.08 seconds; started at stardate 1787166009.7114441 and finished at stardate 1787166009.7912228
Running QAOA for n=11 nodes, m=22 edges...; Max iterations: 50
Warm-start cache: loading Results/warm_start_cache/list_388_graphs_adjacency_list_hog_v04-12_regular__filehash_5b7f8d46/hog_idx000168_76872837c1c9_noseed_L2_M2_standard.npz
Warm-start cache: loaded in 0.0042 seconds; effective compute time=17286.936158180237
Edges: [(2, 3), (0, 2), (1, 7), (5, 10), (6, 9), (5, 7), (3, 4), (3, 10), (8, 9), (0, 1), (0, 4), (1, 9), (6, 8), (5, 6), (2, 4), (2, 10), (4, 10), (7, 9), (0, 3), (1, 8), (5, 8), (6, 7)], weights: [1.0, 1.0, 1.0, 1.0, 1.0, 1.0, 1.0, 1.0, 1.0, 1.0, 1.0, 1.0, 1.0, 1.0, 1.0, 1.0, 1.0, 1.0, 1.0, 1.0, 1.0, 1.0], set of nodes: {0, 1, 2, 3, 4, 5, 6, 7, 8, 9, 10}, n: 11 nodes, p: 3 layers, N_bayes: 50 iterations
Solving for uuid: 29b706ce
Initial state injected as warm start
Running ADAM optimization with a single iteration (no debug loop)
13.18559664842519
QAOA optimisation for n=168 took 2552.77 seconds; started at stardate 1787166009.791227 and finished at stardate 1787168562.5626838
Finished QAOA for n=11 nodes, m=22 edges at 2026-08-19 21:42:42 on x86_64. Time taken: 2552.77 seconds. Hours: 0.71 hours. Peak RAM: 2.91 MB.
Unknown graph type for approximation ratio calculation; checking misc CSV.
Checking optimal_results_misc.csv for matching edges and weights...
Found matching exact result in misc CSV: 10.515448355312984
CSV writing for n=168 took 0.09 seconds; started at stardate 1787168562.5626955 and finished at stardate 1787168562.6534338
results: {168: 13.18559664842519}
durations: {11: 2552.7714624404907}
Results saved to: Results/logs/adam/qaoa_results_adam_20260819_113512_pid1328459_Exp5_subexp4_standardWithHeuristic.csv
Global end time: 1787168562.6534603
Finalisation time: 0.00 seconds; started at stardate 1787168562.6534436 and finished at stardate 1787168562.6534667
Sum of all section times: 2552.95 seconds
run_id: c7ff746c
