Starting QAOA benchmark with global start time: 1788716547.543076
Benchmark parameters: {'optimiser': 'adam', 'optimiser_use_heuristic': None, 'heuristic_optimiser_iterations': None, 'heuristic_optimiser_sampleSize': None, 'circuit_type': 'hamqaoa', 'parameter_vector': [1, 1, 1], 'iterations_list': [75], 'learning_rate_adam': None, 'depth_list': [1], 'n_start': None, 'n_end': None, 'singlet_injection': False, 'start_index_singlet': None, 'warm_start': True, 'warm_start_mode': 'amplified', 'lasserre_level': 2, 'initial_solver_level_M': 2, 'sdp_seed': 42, 'sdp_solver_mode': 'scs', 'sdp_scs_eps': 1e-06, 'sdp_scs_max_iters': 100000, 'warm_start_corr_strength': None, 'warm_start_corr_repeats': None, 'compare_with_010101': False, 'init_QAOAparams_close_to_zero': False, 'use_correlations_as_initial_params': False, 'time_limit': None, 'failed_instance_termination_thrsh': None, 'graph_generation_type': 'hog', 'weighted': False, 'easiest_first': True, 'cpu_util_threshold': None, 'debug': False, 'save_circuit_svg': False, 'rerun_exclude_finished_instances': True, 'warm_start_cache_producer_only': True, 'qaoa_only_from_existing_warm_start_cache': False, 'optimiser_debug_iterations': None, 'num_repeats': 1, 'relative_graph_adjList_path': 'HOG_graphs/Exp5/list_454_graphs_adjacency_listhog_v04-12_bipartite.txt', 'persistent_warm_start_cache': True, 'warm_start_cache_dir': 'Results/warm_start_cache', 'warm_start_cache_max_file_mb': 512, 'warm_start_cache_max_total_gb': 60, 'sdp_max_parallel': 32, 'qaoa_max_parallel': 0, 'sdp_threads': 1, 'qaoa_threads': 1, 'sdp_memory_limit_total_gb': 250, 'sdp_memory_limit_single_gb': 100, 'sdp_memory_poll_seconds': 5, 'sdp_max_retries': 3, 'queue_poll_interval_seconds': 5, 'max_graph_vertices': 10, 'completed_result_csv_paths': [], 'qaoa_seed': 42, 'initialise_standard_warm_start_with_zero_angles': False, 'result_name_suffix': '_FINAL_BENCHMARKS_AMPLIFIED', 'algorithm17_beta_mode': 'analytic_instance'}, Running QAOA with equal superposition
Benchmark run ID: 8d4a43f8
Benchmark repeat index: 1
Configured SDP rounding seed: 42
QAOA seed used: 42
Processor: x86_64
Hostname: dacsgpu0003
Total RAM (GB): None
Physical cores: 64
Logical cores: 64
Python version: 3.11.15
Initialisation time: 0.00 seconds; started at stardate {'initialisation': 0.003509521484375} and finished at stardate1788716547.5465927
Loaded HOG graph index 141 with 9 edges.
Instance generation for n=141 took 0.01 seconds; started at stardate 1788716547.546599 and finished at stardate 1788716547.5562057
Running QAOA for n=7 nodes, m=9 edges...; Max iterations: 75
Warm-start: starting SDP solve for n_vertices=7
Warm-start: using configured sdp_seed=42
Using SCS solver for SDP with eps=1e-06, max_iters=100000.
SDP solver status: optimal
SDP solver name: SCS
SDP solver iterations: 925
SDP solve time: 11.603118786
SDP extra stats: {'x': array([ 1.00000000e+00,  1.91342112e-14,  2.72223938e-13, ...,
        1.00000000e+00, -3.45055557e-18,  1.00000000e+00], shape=(22366,)), 'y': array([4.98469028e-02, 2.06472041e-02, 2.06472042e-02, ...,
       1.00900683e-02, 4.12755864e-14, 3.06650934e-02], shape=(63107,)), 's': array([0.00000000e+00, 0.00000000e+00, 0.00000000e+00, ...,
       1.00000000e+00, 3.52327285e-16, 1.00000001e+00], shape=(63107,)), 'info': {'status_val': 1, 'iter': 925, 'scale_updates': 3, 'scale': 7.351436703328118, 'pobj': -7.293148475451068, 'dobj': -7.2931486702475565, 'res_pri': 1.1392409232910763e-07, 'res_dual': 1.455913672252389e-06, 'gap': 1.9479648827314122e-07, 'res_infeas': nan, 'res_unbdd_a': 0.13711499270434205, 'res_unbdd_p': 0.0, 'comp_slack': 1.1988737972809679e-11, 'solve_time': 11603.118786, 'setup_time': 50.910189, 'lin_sys_time': 931.8259109999991, 'cone_time': 10317.779019999994, 'accel_time': 57.89659100000011, 'rejected_accel_steps': 5, 'accepted_accel_steps': 1, 'status': 'solved'}}
Rounding...
Setting seed to 42
n_vertices: 7 for n = 21
Using seed 42 to generate random matrix for x.
Energy of rounded cut/product state: 6.1205377843022
Algorithm 17 instance beta optimisation selected beta_star=0.357523209704 in 0.022787 seconds.
Algorithm 17 lower-bound energy: 6.876302027284259
Algorithm 17 actual entangled-state energy: 6.5050163689163085
SDP objective value: 11.79314847545107
6 in cut out of a total of 9 edges
Warm-start: SDP solve + rounding finished in 334.49 seconds
Warm-start: using level-2 Algorithm 17 entangled statevector with shape (128,)
Warm-start cache: moment matrix before save shape=(211, 211), dtype=float64, entries=44521, bytes=356168 (0.34 MiB)
Warm-start cache: saved Results/warm_start_cache/list_454_graphs_adjacency_listhog_v04-12_bipartite__filehash_0815e7e8/hog_idx000141_b07e1ca4e5a8_seed42_L2_M2_betaanalytic_instance_amplified.npz in 0.0071 seconds
WARM_START_CACHE_PRODUCER_ONLY is set; warm-start cache has been produced/loaded. Exiting before QAOA optimisation.
