Starting QAOA benchmark with global start time: 1788723597.3809402
Benchmark parameters: {'optimiser': 'adam', 'optimiser_use_heuristic': None, 'heuristic_optimiser_iterations': None, 'heuristic_optimiser_sampleSize': None, 'circuit_type': 'hamqaoa', 'parameter_vector': [1, 1, 1], 'iterations_list': [75], 'learning_rate_adam': None, 'depth_list': [1], 'n_start': None, 'n_end': None, 'singlet_injection': False, 'start_index_singlet': None, 'warm_start': True, 'warm_start_mode': 'amplified', 'lasserre_level': 2, 'initial_solver_level_M': 2, 'sdp_seed': 42, 'sdp_solver_mode': 'scs', 'sdp_scs_eps': 1e-06, 'sdp_scs_max_iters': 100000, 'warm_start_corr_strength': None, 'warm_start_corr_repeats': None, 'compare_with_010101': False, 'init_QAOAparams_close_to_zero': False, 'use_correlations_as_initial_params': False, 'time_limit': None, 'failed_instance_termination_thrsh': None, 'graph_generation_type': 'hog', 'weighted': False, 'easiest_first': True, 'cpu_util_threshold': None, 'debug': False, 'save_circuit_svg': False, 'rerun_exclude_finished_instances': True, 'warm_start_cache_producer_only': True, 'qaoa_only_from_existing_warm_start_cache': False, 'optimiser_debug_iterations': None, 'num_repeats': 1, 'relative_graph_adjList_path': 'HOG_graphs/Exp5/list_454_graphs_adjacency_listhog_v04-12_bipartite.txt', 'persistent_warm_start_cache': True, 'warm_start_cache_dir': 'Results/warm_start_cache', 'warm_start_cache_max_file_mb': 512, 'warm_start_cache_max_total_gb': 60, 'sdp_max_parallel': 32, 'qaoa_max_parallel': 0, 'sdp_threads': 1, 'qaoa_threads': 1, 'sdp_memory_limit_total_gb': 250, 'sdp_memory_limit_single_gb': 100, 'sdp_memory_poll_seconds': 5, 'sdp_max_retries': 3, 'queue_poll_interval_seconds': 5, 'max_graph_vertices': 10, 'completed_result_csv_paths': [], 'qaoa_seed': 42, 'initialise_standard_warm_start_with_zero_angles': False, 'result_name_suffix': '_FINAL_BENCHMARKS_AMPLIFIED', 'algorithm17_beta_mode': 'analytic_instance'}, Running QAOA with equal superposition
Benchmark run ID: 8e502a75
Benchmark repeat index: 1
Configured SDP rounding seed: 42
QAOA seed used: 42
Processor: x86_64
Hostname: dacsgpu0003
Total RAM (GB): None
Physical cores: 64
Logical cores: 64
Python version: 3.11.15
Initialisation time: 0.02 seconds; started at stardate {'initialisation': 0.015686750411987305} and finished at stardate1788723597.396643
Loaded HOG graph index 380 with 8 edges.
Instance generation for n=380 took 0.01 seconds; started at stardate 1788723597.3966517 and finished at stardate 1788723597.4070048
Running QAOA for n=9 nodes, m=8 edges...; Max iterations: 75
Warm-start: starting SDP solve for n_vertices=9
Warm-start: using configured sdp_seed=42
Using SCS solver for SDP with eps=1e-06, max_iters=100000.
SDP solver status: optimal
SDP solver name: SCS
SDP solver iterations: 6400
SDP solve time: 324.411786963
SDP extra stats: {'x': array([ 1.00000000e+00,  6.14900604e-12, -2.42259670e-12, ...,
        1.00000000e+00,  7.69636591e-17,  1.00000000e+00], shape=(62128,)), 'y': array([ 2.45424422e-02,  1.01658082e-02,  1.01658083e-02, ...,
        1.12986488e-02, -9.47779557e-13,  4.95550368e-02], shape=(173558,)), 's': array([0.00000000e+00, 0.00000000e+00, 0.00000000e+00, ...,
       9.99999958e-01, 2.08573785e-13, 9.99999894e-01], shape=(173558,)), 'info': {'status_val': 1, 'iter': 6400, 'scale_updates': 2, 'scale': 1.2164565851681968, 'pobj': -7.388355967045168, 'dobj': -7.388356050522192, 'res_pri': 6.55572435362573e-07, 'res_dual': 4.653704013476454e-07, 'gap': 8.34770235158544e-08, 'res_infeas': nan, 'res_unbdd_a': 0.13534810783009957, 'res_unbdd_p': 0.0, 'comp_slack': 4.517300025127469e-11, 'solve_time': 324411.786963, 'setup_time': 149.326111, 'lin_sys_time': 19971.313680999996, 'cone_time': 296894.65370099974, 'accel_time': 1540.1647219999056, 'rejected_accel_steps': 57, 'accepted_accel_steps': 1, 'status': 'solved'}}
Rounding...
Setting seed to 42
n_vertices: 9 for n = 27
Using seed 42 to generate random matrix for x.
Energy of rounded cut/product state: 6.0230210071696515
Algorithm 17 instance beta optimisation selected beta_star=0.609805029967 in 0.015278 seconds.
Algorithm 17 lower-bound energy: 6.847760276307322
Algorithm 17 actual entangled-state energy: 7.125301366299456
SDP objective value: 11.388355967045166
6 in cut out of a total of 8 edges
Warm-start: SDP solve + rounding finished in 3359.33 seconds
Warm-start: using level-2 Algorithm 17 entangled statevector with shape (512,)
Warm-start cache: moment matrix before save shape=(352, 352), dtype=float64, entries=123904, bytes=991232 (0.95 MiB)
Warm-start cache: saved Results/warm_start_cache/list_454_graphs_adjacency_listhog_v04-12_bipartite__filehash_0815e7e8/hog_idx000380_2d1022c51f87_seed42_L2_M2_betaanalytic_instance_amplified.npz in 0.0111 seconds
WARM_START_CACHE_PRODUCER_ONLY is set; warm-start cache has been produced/loaded. Exiting before QAOA optimisation.
