Starting QAOA benchmark with global start time: 1788716547.5437899
Benchmark parameters: {'optimiser': 'adam', 'optimiser_use_heuristic': None, 'heuristic_optimiser_iterations': None, 'heuristic_optimiser_sampleSize': None, 'circuit_type': 'hamqaoa', 'parameter_vector': [1, 1, 1], 'iterations_list': [75], 'learning_rate_adam': None, 'depth_list': [1], 'n_start': None, 'n_end': None, 'singlet_injection': False, 'start_index_singlet': None, 'warm_start': True, 'warm_start_mode': 'amplified', 'lasserre_level': 2, 'initial_solver_level_M': 2, 'sdp_seed': 42, 'sdp_solver_mode': 'scs', 'sdp_scs_eps': 1e-06, 'sdp_scs_max_iters': 100000, 'warm_start_corr_strength': None, 'warm_start_corr_repeats': None, 'compare_with_010101': False, 'init_QAOAparams_close_to_zero': False, 'use_correlations_as_initial_params': False, 'time_limit': None, 'failed_instance_termination_thrsh': None, 'graph_generation_type': 'hog', 'weighted': False, 'easiest_first': True, 'cpu_util_threshold': None, 'debug': False, 'save_circuit_svg': False, 'rerun_exclude_finished_instances': True, 'warm_start_cache_producer_only': True, 'qaoa_only_from_existing_warm_start_cache': False, 'optimiser_debug_iterations': None, 'num_repeats': 1, 'relative_graph_adjList_path': 'HOG_graphs/Exp5/list_454_graphs_adjacency_listhog_v04-12_bipartite.txt', 'persistent_warm_start_cache': True, 'warm_start_cache_dir': 'Results/warm_start_cache', 'warm_start_cache_max_file_mb': 512, 'warm_start_cache_max_total_gb': 60, 'sdp_max_parallel': 32, 'qaoa_max_parallel': 0, 'sdp_threads': 1, 'qaoa_threads': 1, 'sdp_memory_limit_total_gb': 250, 'sdp_memory_limit_single_gb': 100, 'sdp_memory_poll_seconds': 5, 'sdp_max_retries': 3, 'queue_poll_interval_seconds': 5, 'max_graph_vertices': 10, 'completed_result_csv_paths': [], 'qaoa_seed': 42, 'initialise_standard_warm_start_with_zero_angles': False, 'result_name_suffix': '_FINAL_BENCHMARKS_AMPLIFIED', 'algorithm17_beta_mode': 'analytic_instance'}, Running QAOA with equal superposition
Benchmark run ID: 3f99e91f
Benchmark repeat index: 1
Configured SDP rounding seed: 42
QAOA seed used: 42
Processor: x86_64
Hostname: dacsgpu0003
Total RAM (GB): None
Physical cores: 64
Logical cores: 64
Python version: 3.11.15
Initialisation time: 0.00 seconds; started at stardate {'initialisation': 0.002864837646484375} and finished at stardate1788716547.5466623
Loaded HOG graph index 149 with 7 edges.
Instance generation for n=149 took 0.01 seconds; started at stardate 1788716547.5466695 and finished at stardate 1788716547.5562484
Running QAOA for n=8 nodes, m=7 edges...; Max iterations: 75
Warm-start: starting SDP solve for n_vertices=8
Warm-start: using configured sdp_seed=42
Using SCS solver for SDP with eps=1e-06, max_iters=100000.
SDP solver status: optimal
SDP solver name: SCS
SDP solver iterations: 5375
SDP solve time: 109.979092936
SDP extra stats: {'x': array([ 1.00000000e+00, -1.11088371e-12, -1.01289690e-13, ...,
        1.00000000e+00,  7.18299440e-19,  1.00000000e+00], shape=(38503,)), 'y': array([3.14062681e-02, 1.30089039e-02, 1.30089039e-02, ...,
       5.74111305e-03, 2.63874917e-16, 4.37762492e-02], shape=(108050,)), 's': array([ 0.00000000e+00,  0.00000000e+00,  0.00000000e+00, ...,
        9.99999987e-01, -2.34194475e-15,  9.99999981e-01], shape=(108050,)), 'info': {'status_val': 1, 'iter': 5375, 'scale_updates': 3, 'scale': 0.8575838139307891, 'pobj': -6.25462809214856, 'dobj': -6.254628075273544, 'res_pri': 1.1051749846410844e-06, 'res_dual': 1.492612005593272e-06, 'gap': 1.6875016051187686e-08, 'res_infeas': nan, 'res_unbdd_a': 0.15988160851173, 'res_unbdd_p': 0.0, 'comp_slack': 7.389473006574683e-12, 'solve_time': 109979.092936, 'setup_time': 43.126454, 'lin_sys_time': 8541.604554999993, 'cone_time': 98478.35462599991, 'accel_time': 597.8925079999963, 'rejected_accel_steps': 46, 'accepted_accel_steps': 1, 'status': 'solved'}}
Rounding...
Setting seed to 42
n_vertices: 8 for n = 24
Using seed 42 to generate random matrix for x.
Energy of rounded cut/product state: 6.051841628068101
Algorithm 17 instance beta optimisation selected beta_star=0.517301502426 in 0.021226 seconds.
Algorithm 17 lower-bound energy: 5.744817099812509
Algorithm 17 actual entangled-state energy: 6.608434038123441
SDP objective value: 9.75462809214856
7 in cut out of a total of 7 edges
Warm-start: SDP solve + rounding finished in 785.14 seconds
Warm-start: using level-2 Algorithm 17 entangled statevector with shape (256,)
Warm-start cache: moment matrix before save shape=(277, 277), dtype=float64, entries=76729, bytes=613832 (0.59 MiB)
Warm-start cache: saved Results/warm_start_cache/list_454_graphs_adjacency_listhog_v04-12_bipartite__filehash_0815e7e8/hog_idx000149_ffe487c8a3ab_seed42_L2_M2_betaanalytic_instance_amplified.npz in 0.0109 seconds
WARM_START_CACHE_PRODUCER_ONLY is set; warm-start cache has been produced/loaded. Exiting before QAOA optimisation.
