Starting QAOA benchmark with global start time: 1786779029.4929957
Benchmark parameters: {'optimiser': 'adam', 'optimiser_use_heuristic': False, 'heuristic_optimiser_iterations': None, 'heuristic_optimiser_sampleSize': None, 'circuit_type': 'hamqaoa', 'parameter_vector': [1, 1, 1], 'iterations_list': [50], 'learning_rate_adam': 0.01, 'depth_list': [1, 2, 3, 4, 5], 'n_start': None, 'n_end': None, 'singlet_injection': False, 'start_index_singlet': None, 'warm_start': True, 'warm_start_mode': 'amplified_king', 'lasserre_level': 2, 'initial_solver_level_M': 2, 'sdp_seed': None, 'sdp_solver_mode': 'scs', 'sdp_scs_eps': 1e-06, 'sdp_scs_max_iters': 100000, 'warm_start_corr_strength': None, 'warm_start_corr_repeats': None, 'compare_with_010101': False, 'init_QAOAparams_close_to_zero': False, 'use_correlations_as_initial_params': False, 'time_limit': None, 'failed_instance_termination_thrsh': None, 'graph_generation_type': 'hog', 'weighted': False, 'easiest_first': False, 'cpu_util_threshold': None, 'debug': False, 'save_circuit_svg': False, 'rerun_exclude_finished_instances': True, 'warm_start_cache_producer_only': False, 'qaoa_only_from_existing_warm_start_cache': True, 'optimiser_debug_iterations': None, 'num_repeats': 1, 'relative_graph_adjList_path': 'HOG_graphs/Exp5/complete_graphs_2to12vertices_11instances_AdjacencyList.txt', 'persistent_warm_start_cache': True, 'warm_start_cache_dir': 'Results/warm_start_cache', 'warm_start_cache_max_file_mb': 512, 'warm_start_cache_max_total_gb': 60, 'sdp_max_parallel': 0, 'qaoa_max_parallel': 16, 'sdp_threads': 1, 'qaoa_threads': 1, 'sdp_memory_limit_total_gb': 0, 'sdp_memory_limit_single_gb': 0, 'sdp_memory_poll_seconds': 5, 'sdp_max_retries': 0, 'queue_poll_interval_seconds': 5, 'max_graph_vertices': 11, 'completed_result_csv_paths': [], 'qaoa_seed': 1, 'initialise_standard_warm_start_with_zero_angles': False, 'result_name_suffix': '_Exp6_KingAmplifiedWithHeuristic'}, Running QAOA with equal superposition
Benchmark run ID: f779f178
Benchmark repeat index: 1
SDP seed override: None
QAOA seed: 301
Processor: x86_64
Hostname: dacsgpu0003
Total RAM (GB): None
Physical cores: 64
Logical cores: 64
Python version: 3.11.15
Initialisation time: 0.00 seconds; started at stardate {'initialisation': 0.004299640655517578} and finished at stardate1786779029.4973028
Loaded HOG graph index 0 with 1 edges.
Instance generation for n=0 took 0.00 seconds; started at stardate 1786779029.4973075 and finished at stardate 1786779029.4979753
Running QAOA for n=2 nodes, m=1 edges...; Max iterations: 50
Warm-start cache: loading Results/warm_start_cache/complete_graphs_2to12vertices_11instances_AdjacencyList__filehash_1c7be33d/hog_idx000000_cd0336d2cdf0_noseed_L2_M2_amplified.npz
Warm-start cache: loaded in 0.0012 seconds; effective compute time=0.1821756362915039
Edges: [(0, 1)], weights: [1.0], set of nodes: {0, 1}, n: 2 nodes, p: 4 layers, N_bayes: 50 iterations
Solving for uuid: 021de166
Initial state injected as warm start
Running ADAM optimization with a single iteration (no debug loop)
1.9955314053854716
QAOA optimisation for n=0 took 3.27 seconds; started at stardate 1786779029.4979794 and finished at stardate 1786779032.7699604
Finished QAOA for n=2 nodes, m=1 edges at 2026-08-15 09:30:32 on x86_64. Time taken: 3.27 seconds. Hours: 0.00 hours. Peak RAM: 0.22 MB.
Computing line approximation ratio
CSV writing for n=0 took 0.01 seconds; started at stardate 1786779032.769967 and finished at stardate 1786779032.7764444
results: {0: 1.9955314053854716}
durations: {2: 3.2719852924346924}
Results saved to: Results/logs/adam/qaoa_results_adam_20260815_093026_pid1678222_Exp6_KingAmplifiedWithHeuristic.csv
Global end time: 1786779032.776456
Finalisation time: 0.00 seconds; started at stardate 1786779032.7764487 and finished at stardate 1786779032.77646
Sum of all section times: 3.28 seconds
run_id: f779f178
