Starting QAOA benchmark with global start time: 1789099868.3950217
Benchmark parameters: {'optimiser': 'adam', 'optimiser_use_heuristic': False, 'heuristic_optimiser_iterations': None, 'heuristic_optimiser_sampleSize': None, 'circuit_type': 'hamqaoa', 'parameter_vector': [1, 1, 1], 'iterations_list': [75], 'learning_rate_adam': 0.05, 'depth_list': [6, 7, 8, 9, 10], 'n_start': None, 'n_end': None, 'singlet_injection': False, 'start_index_singlet': None, 'warm_start': True, 'warm_start_mode': 'amplified', 'lasserre_level': 1, 'initial_solver_level_M': 1, 'sdp_seed': 42, 'sdp_solver_mode': 'scs', 'sdp_scs_eps': 1e-06, 'sdp_scs_max_iters': 100000, 'warm_start_corr_strength': None, 'warm_start_corr_repeats': None, 'compare_with_010101': False, 'init_QAOAparams_close_to_zero': False, 'use_correlations_as_initial_params': False, 'time_limit': None, 'failed_instance_termination_thrsh': None, 'graph_generation_type': 'hog', 'weighted': False, 'easiest_first': True, 'cpu_util_threshold': None, 'debug': False, 'save_circuit_svg': False, 'rerun_exclude_finished_instances': False, 'warm_start_cache_producer_only': False, 'qaoa_only_from_existing_warm_start_cache': True, 'optimiser_debug_iterations': None, 'num_repeats': 1, 'relative_graph_adjList_path': 'HOG_graphs/Exp5/list_454_graphs_adjacency_listhog_v04-12_bipartite.txt', 'persistent_warm_start_cache': True, 'warm_start_cache_dir': 'Results/warm_start_cache', 'warm_start_cache_max_file_mb': 512, 'warm_start_cache_max_total_gb': 60, 'sdp_max_parallel': 0, 'qaoa_max_parallel': 16, 'sdp_threads': 1, 'qaoa_threads': 1, 'sdp_memory_limit_total_gb': 0, 'sdp_memory_limit_single_gb': 0, 'sdp_memory_poll_seconds': 5, 'sdp_max_retries': 0, 'queue_poll_interval_seconds': 5, 'max_graph_vertices': 10, 'completed_result_csv_paths': [], 'qaoa_seed': 42, 'initialise_standard_warm_start_with_zero_angles': True, 'result_name_suffix': '_FINAL_BENCHMARKS_AMPLIFIED_BestPerformers', 'algorithm17_beta_mode': 'fixed'}, Running QAOA with equal superposition
Benchmark run ID: 0e72b28f
Benchmark repeat index: 1
Configured SDP rounding seed: 42
QAOA seed used: 42
Processor: x86_64
Hostname: dacsgpu0003
Total RAM (GB): None
Physical cores: 64
Logical cores: 64
Python version: 3.11.15
Initialisation time: 0.00 seconds; started at stardate {'initialisation': 0.003307342529296875} and finished at stardate1789099868.3983364
Loaded HOG graph index 177 with 14 edges.
Instance generation for n=177 took 0.01 seconds; started at stardate 1789099868.398343 and finished at stardate 1789099868.406663
Running QAOA for n=10 nodes, m=14 edges...; Max iterations: 75
Warm-start cache: loading Results/warm_start_cache/list_454_graphs_adjacency_listhog_v04-12_bipartite__filehash_0815e7e8/hog_idx000177_03be9e2c2126_seed42_L1_M1_amplified.npz
Warm-start cache: loaded in 0.0014 seconds; effective compute time=0.11915826797485352
Edges: [(3, 9), (2, 7), (1, 6), (3, 8), (2, 6), (0, 7), (7, 9), (6, 8), (0, 6), (4, 9), (5, 9), (4, 8), (5, 8), (1, 7)], weights: [1.0, 1.0, 1.0, 1.0, 1.0, 1.0, 1.0, 1.0, 1.0, 1.0, 1.0, 1.0, 1.0, 1.0], set of nodes: {0, 1, 2, 3, 4, 5, 6, 7, 8, 9}, n: 10 nodes, p: 8 layers, N_bayes: 75 iterations
Solving for uuid: d0f4bb0f
Initial state injected as warm start
Warm start correlations applied in the form of weak entanglement
Running ADAM optimization with a single iteration (no debug loop)
8.449753155740192
QAOA optimisation for n=177 took 783.84 seconds; started at stardate 1789099868.4066672 and finished at stardate 1789100652.2469943
Finished QAOA for n=10 nodes, m=14 edges at 2026-09-11 06:24:12 on x86_64. Time taken: 783.84 seconds. Hours: 0.22 hours. Peak RAM: 2.19 MB.
Unknown graph type for approximation ratio calculation; checking misc CSV.
Checking optimal_results_misc.csv for matching edges and weights...
Found matching exact result in misc CSV: 8.815862446970169
CSV writing for n=177 took 0.03 seconds; started at stardate 1789100652.2470024 and finished at stardate 1789100652.2735903
results: {177: 8.449753155740192}
durations: {10: 783.8403315544128}
Results saved to: Results/logs/adam/qaoa_results_adam_20260910_210547_pid197213_FINAL_BENCHMARKS_AMPLIFIED_BestPerformers.csv
Global end time: 1789100652.2736094
Finalisation time: 0.00 seconds; started at stardate 1789100652.2735972 and finished at stardate 1789100652.2736135
Sum of all section times: 783.88 seconds
run_id: 0e72b28f
