Starting QAOA benchmark with global start time: 1789119232.1671357
Benchmark parameters: {'optimiser': 'adam', 'optimiser_use_heuristic': False, 'heuristic_optimiser_iterations': None, 'heuristic_optimiser_sampleSize': None, 'circuit_type': 'hamqaoa', 'parameter_vector': [1, 1, 1], 'iterations_list': [75], 'learning_rate_adam': 0.05, 'depth_list': [6, 7, 8, 9, 10], 'n_start': None, 'n_end': None, 'singlet_injection': False, 'start_index_singlet': None, 'warm_start': True, 'warm_start_mode': 'amplified', 'lasserre_level': 1, 'initial_solver_level_M': 1, 'sdp_seed': 42, 'sdp_solver_mode': 'scs', 'sdp_scs_eps': 1e-06, 'sdp_scs_max_iters': 100000, 'warm_start_corr_strength': None, 'warm_start_corr_repeats': None, 'compare_with_010101': False, 'init_QAOAparams_close_to_zero': False, 'use_correlations_as_initial_params': False, 'time_limit': None, 'failed_instance_termination_thrsh': None, 'graph_generation_type': 'hog', 'weighted': False, 'easiest_first': True, 'cpu_util_threshold': None, 'debug': False, 'save_circuit_svg': False, 'rerun_exclude_finished_instances': False, 'warm_start_cache_producer_only': False, 'qaoa_only_from_existing_warm_start_cache': True, 'optimiser_debug_iterations': None, 'num_repeats': 1, 'relative_graph_adjList_path': 'HOG_graphs/Exp5/list_454_graphs_adjacency_listhog_v04-12_bipartite.txt', 'persistent_warm_start_cache': True, 'warm_start_cache_dir': 'Results/warm_start_cache', 'warm_start_cache_max_file_mb': 512, 'warm_start_cache_max_total_gb': 60, 'sdp_max_parallel': 0, 'qaoa_max_parallel': 16, 'sdp_threads': 1, 'qaoa_threads': 1, 'sdp_memory_limit_total_gb': 0, 'sdp_memory_limit_single_gb': 0, 'sdp_memory_poll_seconds': 5, 'sdp_max_retries': 0, 'queue_poll_interval_seconds': 5, 'max_graph_vertices': 10, 'completed_result_csv_paths': [], 'qaoa_seed': 42, 'initialise_standard_warm_start_with_zero_angles': True, 'result_name_suffix': '_FINAL_BENCHMARKS_AMPLIFIED_BestPerformers', 'algorithm17_beta_mode': 'fixed'}, Running QAOA with equal superposition
Benchmark run ID: 9d4cb690
Benchmark repeat index: 1
Configured SDP rounding seed: 42
QAOA seed used: 42
Processor: x86_64
Hostname: dacsgpu0003
Total RAM (GB): None
Physical cores: 64
Logical cores: 64
Python version: 3.11.15
Initialisation time: 0.00 seconds; started at stardate {'initialisation': 0.0027277469635009766} and finished at stardate1789119232.1698701
Loaded HOG graph index 46 with 9 edges.
Instance generation for n=46 took 0.01 seconds; started at stardate 1789119232.169875 and finished at stardate 1789119232.179259
Running QAOA for n=10 nodes, m=9 edges...; Max iterations: 75
Warm-start cache: loading Results/warm_start_cache/list_454_graphs_adjacency_listhog_v04-12_bipartite__filehash_0815e7e8/hog_idx000046_f8a7b7126715_seed42_L1_M1_amplified.npz
Warm-start cache: loaded in 0.0012 seconds; effective compute time=0.13845109939575195
Edges: [(2, 3), (6, 9), (5, 7), (3, 5), (4, 6), (1, 8), (7, 8), (0, 9), (2, 4)], weights: [1.0, 1.0, 1.0, 1.0, 1.0, 1.0, 1.0, 1.0, 1.0], set of nodes: {0, 1, 2, 3, 4, 5, 6, 7, 8, 9}, n: 10 nodes, p: 10 layers, N_bayes: 75 iterations
Solving for uuid: 2583205b
Initial state injected as warm start
Warm start correlations applied in the form of weak entanglement
Running ADAM optimization with a single iteration (no debug loop)
6.019615449384014
QAOA optimisation for n=46 took 825.95 seconds; started at stardate 1789119232.179263 and finished at stardate 1789120058.1300752
Finished QAOA for n=10 nodes, m=9 edges at 2026-09-11 11:47:38 on x86_64. Time taken: 825.95 seconds. Hours: 0.23 hours. Peak RAM: 2.66 MB.
Computing line approximation ratio
CSV writing for n=46 took 0.01 seconds; started at stardate 1789120058.130084 and finished at stardate 1789120058.1370437
results: {46: 6.019615449384014}
durations: {10: 825.9508171081543}
Results saved to: Results/logs/adam/qaoa_results_adam_20260910_210547_pid197213_FINAL_BENCHMARKS_AMPLIFIED_BestPerformers.csv
Global end time: 1789120058.1370556
Finalisation time: 0.00 seconds; started at stardate 1789120058.1370482 and finished at stardate 1789120058.1370597
Sum of all section times: 825.97 seconds
run_id: 9d4cb690
