Starting QAOA benchmark with global start time: 1788021675.563038
Benchmark parameters: {'optimiser': 'adam', 'optimiser_use_heuristic': False, 'heuristic_optimiser_iterations': None, 'heuristic_optimiser_sampleSize': None, 'circuit_type': 'hamqaoa', 'parameter_vector': [1, 1, 1], 'iterations_list': [75], 'learning_rate_adam': 0.001, 'depth_list': [1, 2, 3, 4, 5], 'n_start': None, 'n_end': None, 'singlet_injection': False, 'start_index_singlet': None, 'warm_start': True, 'warm_start_mode': 'standard', 'lasserre_level': 1, 'initial_solver_level_M': 1, 'sdp_seed': 42, 'sdp_solver_mode': 'scs', 'sdp_scs_eps': 1e-06, 'sdp_scs_max_iters': 100000, 'warm_start_corr_strength': None, 'warm_start_corr_repeats': None, 'compare_with_010101': False, 'init_QAOAparams_close_to_zero': False, 'use_correlations_as_initial_params': False, 'time_limit': None, 'failed_instance_termination_thrsh': None, 'graph_generation_type': 'hog', 'weighted': False, 'easiest_first': False, 'cpu_util_threshold': None, 'debug': False, 'save_circuit_svg': False, 'rerun_exclude_finished_instances': False, 'warm_start_cache_producer_only': False, 'qaoa_only_from_existing_warm_start_cache': True, 'optimiser_debug_iterations': None, 'num_repeats': 1, 'relative_graph_adjList_path': 'HOG_graphs/stress_test.txt', 'persistent_warm_start_cache': True, 'warm_start_cache_dir': 'Results/warm_start_cache/fast_test_scs', 'warm_start_cache_max_file_mb': 512, 'warm_start_cache_max_total_gb': 60, 'sdp_max_parallel': 0, 'qaoa_max_parallel': 16, 'sdp_threads': 1, 'qaoa_threads': 1, 'sdp_memory_limit_total_gb': 0, 'sdp_memory_limit_single_gb': 0, 'sdp_memory_poll_seconds': 5, 'sdp_max_retries': 0, 'queue_poll_interval_seconds': 5, 'max_graph_vertices': 10, 'completed_result_csv_paths': [], 'qaoa_seed': 42, 'initialise_standard_warm_start_with_zero_angles': True, 'result_name_suffix': '_Exp4_v2_standardZeroAngles'}, Running QAOA with equal superposition
Benchmark run ID: 1462f39d
Benchmark repeat index: 1
Configured SDP rounding seed: 42
QAOA seed used: 42
Processor: x86_64
Hostname: dacsgpu0003
Total RAM (GB): None
Physical cores: 64
Logical cores: 64
Python version: 3.11.15
Initialisation time: 0.00 seconds; started at stardate {'initialisation': 0.003029346466064453} and finished at stardate1788021675.566074
Loaded HOG graph index 34 with 8 edges.
Instance generation for n=34 took 0.00 seconds; started at stardate 1788021675.5660791 and finished at stardate 1788021675.5704517
Running QAOA for n=5 nodes, m=8 edges...; Max iterations: 75
Warm-start cache: loading Results/warm_start_cache/fast_test_scs/stress_test__filehash_182b889d/hog_idx000034_5d82051a2222_seed42_L1_M1_amplified.npz
Warm-start cache: loaded in 0.0029 seconds; effective compute time=0.0849447250366211
Edges: [(1, 3), (0, 4), (0, 3), (1, 2), (3, 4), (1, 4), (0, 2), (2, 4)], weights: [1.0, 1.0, 1.0, 1.0, 1.0, 1.0, 1.0, 1.0], set of nodes: {0, 1, 2, 3, 4}, n: 5 nodes, p: 1 layers, N_bayes: 75 iterations
Solving for uuid: 096560e2
Initial state injected as warm start
Running ADAM optimization with a single iteration (no debug loop)
2.3831624638649243
QAOA optimisation for n=34 took 4.45 seconds; started at stardate 1788021675.5704558 and finished at stardate 1788021680.021925
Finished QAOA for n=5 nodes, m=8 edges at 2026-08-29 18:41:20 on x86_64. Time taken: 4.45 seconds. Hours: 0.00 hours. Peak RAM: 0.22 MB.
Unknown graph type for approximation ratio calculation; checking misc CSV.
Checking optimal_results_misc.csv for matching edges and weights...
Found matching exact result in misc CSV: 4.000000000000006
CSV writing for n=34 took 0.03 seconds; started at stardate 1788021680.0219324 and finished at stardate 1788021680.0488193
results: {34: 2.3831624638649243}
durations: {5: 4.4514734745025635}
Results saved to: Results/logs/adam/qaoa_results_adam_20260829_174332_pid2515840_Exp4_v2_standardZeroAngles.csv
Global end time: 1788021680.0488367
Finalisation time: 0.00 seconds; started at stardate 1788021680.0488255 and finished at stardate 1788021680.0488415
Sum of all section times: 4.49 seconds
run_id: 1462f39d
