Starting QAOA benchmark with global start time: 1782337743.388798
Benchmark parameters: {'optimiser': 'adam', 'optimiser_use_heuristic': True, 'heuristic_optimiser_iterations': 2, 'heuristic_optimiser_sampleSize': 1000, 'circuit_type': 'hamqaoa', 'parameter_vector': [1, 1, 1], 'iterations_list': [50], 'learning_rate_adam': 0.05, 'depth_list': [1, 3, 5], 'n_start': 3, 'n_end': 10, 'singlet_injection': False, 'start_index_singlet': None, 'warm_start': True, 'warm_start_mode': 'standard', 'lasserre_level': 1, 'initial_solver_level_M': 1, 'sdp_seed': 2000042, 'warm_start_corr_strength': None, 'warm_start_corr_repeats': None, 'compare_with_010101': False, 'init_QAOAparams_close_to_zero': False, 'use_correlations_as_initial_params': False, 'time_limit': 10800, 'failed_instance_termination_thrsh': None, 'graph_generation_type': 'complete', 'weighted': False, 'easiest_first': True, 'cpu_util_threshold': None, 'debug': False, 'save_circuit_svg': False, 'rerun_exclude_finished_instances': True, 'warm_start_cache_producer_only': False, 'qaoa_only_from_existing_warm_start_cache': True, 'optimiser_debug_iterations': None, 'num_repeats': 10, 'persistent_warm_start_cache': True, 'warm_start_cache_dir': 'Results/warm_start_cache/complete_graphs', 'warm_start_cache_max_file_mb': 512, 'warm_start_cache_max_total_gb': 60, 'sdp_max_parallel': 0, 'qaoa_max_parallel': 30, 'sdp_threads': 1, 'qaoa_threads': 1, 'sdp_memory_limit_total_gb': 32, 'sdp_memory_limit_single_gb': 32, 'sdp_memory_poll_seconds': 5, 'sdp_max_retries': 3, 'queue_poll_interval_seconds': 5}, Running QAOA with equal superposition
Benchmark run ID: 6e913140
Benchmark repeat index: 3
SDP seed override: 2000042
Processor: x86_64
Hostname: dacsgpu0003
Total RAM (GB): None
Physical cores: 64
Logical cores: 64
Python version: 3.11.15
Initialisation time: 0.01 seconds; started at stardate {'initialisation': 0.009906768798828125} and finished at stardate1782337743.3987155
Generating complete graph with 6 nodes...
Instance generation for n=6 took 0.00 seconds; started at stardate 1782337743.3987207 and finished at stardate 1782337743.3987398
Running QAOA for n=6 nodes, m=15 edges...; Max iterations: 50
Warm-start cache: loading Results/warm_start_cache/complete_graphs/complete/complete_n6_e378c163ce28_seed2000042_L1_M1_standard.npz
Warm-start cache: loaded in 0.0015 seconds; effective compute time=0.06736207008361816
Edges: [(0, 1), (0, 2), (0, 3), (0, 4), (0, 5), (1, 2), (1, 3), (1, 4), (1, 5), (2, 3), (2, 4), (2, 5), (3, 4), (3, 5), (4, 5)], weights: [1.0, 1.0, 1.0, 1.0, 1.0, 1.0, 1.0, 1.0, 1.0, 1.0, 1.0, 1.0, 1.0, 1.0, 1.0], set of nodes: {0, 1, 2, 3, 4, 5}, n: 6 nodes, p: 3 layers, N_bayes: 50 iterations
Solving for uuid: eeb66a29
Initial state injected as warm start
Running ADAM optimization with a single iteration (no debug loop)
4.885063030039882
QAOA optimisation for n=6 took 305.24 seconds; started at stardate 1782337743.3987427 and finished at stardate 1782338048.6421506
Finished QAOA for n=6 nodes, m=15 edges at 2026-06-24 23:54:08 on x86_64. Time taken: 305.24 seconds. Hours: 0.08 hours. Peak RAM: 0.23 MB.
Computing complete graph approximation ratio
CSV writing for n=6 took 0.01 seconds; started at stardate 1782338048.642159 and finished at stardate 1782338048.6481726
results: {6: 4.885063030039882}
durations: {6: 305.24341225624084}
Results saved to: Results/logs/adam/qaoa_results_adam_20260624_234007_pid2848659.csv
Global end time: 1782338048.648186
Finalisation time: 0.00 seconds; started at stardate 1782338048.648177 and finished at stardate 1782338048.6481905
Sum of all section times: 305.26 seconds
run_id: 6e913140
