Starting QAOA benchmark with global start time: 1785416355.7133446
Benchmark parameters: {'optimiser': 'adam', 'optimiser_use_heuristic': False, 'heuristic_optimiser_iterations': None, 'heuristic_optimiser_sampleSize': None, 'circuit_type': 'hamqaoa', 'parameter_vector': [1, 1, 1], 'iterations_list': [5, 10], 'learning_rate_adam': 0.05, 'depth_list': [1, 2, 3], 'n_start': None, 'n_end': None, 'singlet_injection': False, 'start_index_singlet': None, 'warm_start': True, 'warm_start_mode': 'standard', 'lasserre_level': 1, 'initial_solver_level_M': 1, 'sdp_seed': None, 'sdp_solver_mode': 'scs', 'sdp_scs_eps': 1e-06, 'sdp_scs_max_iters': 100000, 'warm_start_corr_strength': None, 'warm_start_corr_repeats': None, 'compare_with_010101': False, 'init_QAOAparams_close_to_zero': False, 'use_correlations_as_initial_params': False, 'time_limit': None, 'failed_instance_termination_thrsh': None, 'graph_generation_type': 'hog', 'weighted': False, 'easiest_first': False, 'cpu_util_threshold': None, 'debug': False, 'save_circuit_svg': False, 'rerun_exclude_finished_instances': True, 'warm_start_cache_producer_only': False, 'qaoa_only_from_existing_warm_start_cache': True, 'optimiser_debug_iterations': None, 'num_repeats': 1, 'relative_graph_adjList_path': 'HOG_graphs/Exp5/list_388_graphs_adjacency_list_hog_v04-12_regular.txt', 'persistent_warm_start_cache': True, 'warm_start_cache_dir': 'Results/warm_start_cache', 'warm_start_cache_max_file_mb': 512, 'warm_start_cache_max_total_gb': 60, 'sdp_max_parallel': 0, 'qaoa_max_parallel': 32, 'sdp_threads': 1, 'qaoa_threads': 1, 'sdp_memory_limit_total_gb': 0, 'sdp_memory_limit_single_gb': 0, 'sdp_memory_poll_seconds': 5, 'sdp_max_retries': 0, 'queue_poll_interval_seconds': 5, 'completed_result_csv_paths': []}, Running QAOA with equal superposition
Benchmark run ID: 8af15d48
Benchmark repeat index: 1
SDP seed override: None
Processor: x86_64
Hostname: dacsvm-cpunode01
Total RAM (GB): None
Physical cores: 32
Logical cores: 32
Python version: 3.11.15
Initialisation time: 0.02 seconds; started at stardate {'initialisation': 0.015572071075439453} and finished at stardate1785416355.728928
Loaded HOG graph index 155 with 18 edges.
Instance generation for n=155 took 0.17 seconds; started at stardate 1785416355.728934 and finished at stardate 1785416355.8948123
Running QAOA for n=12 nodes, m=18 edges...; Max iterations: 5
Warm-start cache: loading Results/warm_start_cache/list_388_graphs_adjacency_list_hog_v04-12_regular__filehash_5b7f8d46/hog_idx000155_9170a05a7799_noseed_L1_M1_amplified.npz
Warm-start cache: loaded in 0.0070 seconds; effective compute time=0.28658294677734375
Edges: [(0, 1), (5, 10), (3, 8), (6, 9), (1, 9), (0, 3), (4, 6), (7, 11), (7, 8), (1, 11), (3, 7), (4, 5), (2, 11), (4, 8), (5, 9), (6, 10), (0, 2), (2, 10)], weights: [1.0, 1.0, 1.0, 1.0, 1.0, 1.0, 1.0, 1.0, 1.0, 1.0, 1.0, 1.0, 1.0, 1.0, 1.0, 1.0, 1.0, 1.0], set of nodes: {0, 1, 2, 3, 4, 5, 6, 7, 8, 9, 10, 11}, n: 12 nodes, p: 1 layers, N_bayes: 5 iterations
Solving for uuid: 2579751b
Initial state injected as warm start
Running ADAM optimization with a single iteration (no debug loop)
4.797669639685182
QAOA optimisation for n=155 took 354.53 seconds; started at stardate 1785416355.894818 and finished at stardate 1785416710.4259446
Finished QAOA for n=12 nodes, m=18 edges at 2026-07-30 15:05:10 on x86_64. Time taken: 354.53 seconds. Hours: 0.10 hours. Peak RAM: 3.75 MB.
Unknown graph type for approximation ratio calculation; checking misc CSV.
Checking optimal_results_misc.csv for matching edges and weights...
Found matching exact result in misc CSV: 10.703488701523485
CSV writing for n=155 took 0.01 seconds; started at stardate 1785416710.4259522 and finished at stardate 1785416710.434809
results: {155: 4.797669639685182}
durations: {12: 354.5311322212219}
Results saved to: Results/logs/adam/qaoa_results_adam_20260730_144416_pid257928.csv
Global end time: 1785416710.434821
Finalisation time: 0.00 seconds; started at stardate 1785416710.4348135 and finished at stardate 1785416710.4348242
Sum of all section times: 354.72 seconds
run_id: 8af15d48
