Starting QAOA benchmark with global start time: 1785420744.8833265
Benchmark parameters: {'optimiser': 'adam', 'optimiser_use_heuristic': False, 'heuristic_optimiser_iterations': None, 'heuristic_optimiser_sampleSize': None, 'circuit_type': 'hamqaoa', 'parameter_vector': [1, 1, 1], 'iterations_list': [5, 10], 'learning_rate_adam': 0.05, 'depth_list': [1, 2, 3], 'n_start': None, 'n_end': None, 'singlet_injection': False, 'start_index_singlet': None, 'warm_start': True, 'warm_start_mode': 'standard', 'lasserre_level': 1, 'initial_solver_level_M': 1, 'sdp_seed': None, 'sdp_solver_mode': 'scs', 'sdp_scs_eps': 1e-06, 'sdp_scs_max_iters': 100000, 'warm_start_corr_strength': None, 'warm_start_corr_repeats': None, 'compare_with_010101': False, 'init_QAOAparams_close_to_zero': False, 'use_correlations_as_initial_params': False, 'time_limit': None, 'failed_instance_termination_thrsh': None, 'graph_generation_type': 'hog', 'weighted': False, 'easiest_first': False, 'cpu_util_threshold': None, 'debug': False, 'save_circuit_svg': False, 'rerun_exclude_finished_instances': True, 'warm_start_cache_producer_only': False, 'qaoa_only_from_existing_warm_start_cache': True, 'optimiser_debug_iterations': None, 'num_repeats': 1, 'relative_graph_adjList_path': 'HOG_graphs/Exp5/list_388_graphs_adjacency_list_hog_v04-12_regular.txt', 'persistent_warm_start_cache': True, 'warm_start_cache_dir': 'Results/warm_start_cache', 'warm_start_cache_max_file_mb': 512, 'warm_start_cache_max_total_gb': 60, 'sdp_max_parallel': 0, 'qaoa_max_parallel': 32, 'sdp_threads': 1, 'qaoa_threads': 1, 'sdp_memory_limit_total_gb': 0, 'sdp_memory_limit_single_gb': 0, 'sdp_memory_poll_seconds': 5, 'sdp_max_retries': 0, 'queue_poll_interval_seconds': 5, 'completed_result_csv_paths': []}, Running QAOA with equal superposition
Benchmark run ID: c6e22bf2
Benchmark repeat index: 1
SDP seed override: None
Processor: x86_64
Hostname: dacsvm-cpunode01
Total RAM (GB): None
Physical cores: 32
Logical cores: 32
Python version: 3.11.15
Initialisation time: 0.01 seconds; started at stardate {'initialisation': 0.005125522613525391} and finished at stardate1785420744.8884633
Loaded HOG graph index 33 with 18 edges.
Instance generation for n=33 took 0.09 seconds; started at stardate 1785420744.8884711 and finished at stardate 1785420744.976519
Running QAOA for n=12 nodes, m=18 edges...; Max iterations: 10
Warm-start cache: loading Results/warm_start_cache/list_388_graphs_adjacency_list_hog_v04-12_regular__filehash_5b7f8d46/hog_idx000033_5261bebade41_noseed_L1_M1_amplified.npz
Warm-start cache: loaded in 0.0011 seconds; effective compute time=0.29770350456237793
Edges: [(8, 9), (0, 1), (2, 3), (1, 9), (0, 3), (4, 6), (5, 6), (7, 10), (7, 8), (1, 11), (4, 5), (5, 9), (2, 11), (8, 10), (3, 10), (0, 2), (4, 11), (6, 7)], weights: [1.0, 1.0, 1.0, 1.0, 1.0, 1.0, 1.0, 1.0, 1.0, 1.0, 1.0, 1.0, 1.0, 1.0, 1.0, 1.0, 1.0, 1.0], set of nodes: {0, 1, 2, 3, 4, 5, 6, 7, 8, 9, 10, 11}, n: 12 nodes, p: 2 layers, N_bayes: 10 iterations
Solving for uuid: 753e4bb8
Initial state injected as warm start
Running ADAM optimization with a single iteration (no debug loop)
5.799353105938955
QAOA optimisation for n=33 took 770.24 seconds; started at stardate 1785420744.976524 and finished at stardate 1785421515.220992
Finished QAOA for n=12 nodes, m=18 edges at 2026-07-30 16:25:15 on x86_64. Time taken: 770.24 seconds. Hours: 0.21 hours. Peak RAM: 7.28 MB.
Unknown graph type for approximation ratio calculation; checking misc CSV.
Checking optimal_results_misc.csv for matching edges and weights...
Found matching exact result in misc CSV: 10.198806438483192
CSV writing for n=33 took 0.02 seconds; started at stardate 1785421515.2209995 and finished at stardate 1785421515.240671
results: {33: 5.799353105938955}
durations: {12: 770.2444725036621}
Results saved to: Results/logs/adam/qaoa_results_adam_20260730_144416_pid257928.csv
Global end time: 1785421515.2406821
Finalisation time: 0.00 seconds; started at stardate 1785421515.2406757 and finished at stardate 1785421515.2406862
Sum of all section times: 770.36 seconds
run_id: c6e22bf2
