Starting QAOA benchmark with global start time: 1785426520.006388
Benchmark parameters: {'optimiser': 'adam', 'optimiser_use_heuristic': False, 'heuristic_optimiser_iterations': None, 'heuristic_optimiser_sampleSize': None, 'circuit_type': 'hamqaoa', 'parameter_vector': [1, 1, 1], 'iterations_list': [5, 10], 'learning_rate_adam': 0.05, 'depth_list': [1, 2, 3], 'n_start': None, 'n_end': None, 'singlet_injection': False, 'start_index_singlet': None, 'warm_start': True, 'warm_start_mode': 'standard', 'lasserre_level': 1, 'initial_solver_level_M': 1, 'sdp_seed': None, 'sdp_solver_mode': 'scs', 'sdp_scs_eps': 1e-06, 'sdp_scs_max_iters': 100000, 'warm_start_corr_strength': None, 'warm_start_corr_repeats': None, 'compare_with_010101': False, 'init_QAOAparams_close_to_zero': False, 'use_correlations_as_initial_params': False, 'time_limit': None, 'failed_instance_termination_thrsh': None, 'graph_generation_type': 'hog', 'weighted': False, 'easiest_first': False, 'cpu_util_threshold': None, 'debug': False, 'save_circuit_svg': False, 'rerun_exclude_finished_instances': True, 'warm_start_cache_producer_only': False, 'qaoa_only_from_existing_warm_start_cache': True, 'optimiser_debug_iterations': None, 'num_repeats': 1, 'relative_graph_adjList_path': 'HOG_graphs/Exp5/list_388_graphs_adjacency_list_hog_v04-12_regular.txt', 'persistent_warm_start_cache': True, 'warm_start_cache_dir': 'Results/warm_start_cache', 'warm_start_cache_max_file_mb': 512, 'warm_start_cache_max_total_gb': 60, 'sdp_max_parallel': 0, 'qaoa_max_parallel': 32, 'sdp_threads': 1, 'qaoa_threads': 1, 'sdp_memory_limit_total_gb': 0, 'sdp_memory_limit_single_gb': 0, 'sdp_memory_poll_seconds': 5, 'sdp_max_retries': 0, 'queue_poll_interval_seconds': 5, 'completed_result_csv_paths': []}, Running QAOA with equal superposition
Benchmark run ID: b4f312c4
Benchmark repeat index: 1
SDP seed override: None
Processor: x86_64
Hostname: dacsvm-cpunode01
Total RAM (GB): None
Physical cores: 32
Logical cores: 32
Python version: 3.11.15
Initialisation time: 0.00 seconds; started at stardate {'initialisation': 0.0029768943786621094} and finished at stardate1785426520.009373
Loaded HOG graph index 191 with 12 edges.
Instance generation for n=191 took 0.09 seconds; started at stardate 1785426520.0093777 and finished at stardate 1785426520.0978577
Running QAOA for n=12 nodes, m=12 edges...; Max iterations: 5
Warm-start cache: loading Results/warm_start_cache/list_388_graphs_adjacency_list_hog_v04-12_regular__filehash_5b7f8d46/hog_idx000191_ffcc57851723_noseed_L1_M1_amplified.npz
Warm-start cache: loaded in 0.0012 seconds; effective compute time=0.2797102928161621
Edges: [(0, 1), (9, 10), (5, 7), (3, 5), (7, 9), (8, 11), (4, 6), (6, 8), (3, 4), (1, 11), (0, 2), (2, 10)], weights: [1.0, 1.0, 1.0, 1.0, 1.0, 1.0, 1.0, 1.0, 1.0, 1.0, 1.0, 1.0], set of nodes: {0, 1, 2, 3, 4, 5, 6, 7, 8, 9, 10, 11}, n: 12 nodes, p: 2 layers, N_bayes: 5 iterations
Solving for uuid: 5fc23f61
Initial state injected as warm start
Running ADAM optimization with a single iteration (no debug loop)
3.95666713785664
QAOA optimisation for n=191 took 542.54 seconds; started at stardate 1785426520.0978627 and finished at stardate 1785427062.6354773
Finished QAOA for n=12 nodes, m=12 edges at 2026-07-30 17:57:42 on x86_64. Time taken: 542.54 seconds. Hours: 0.15 hours. Peak RAM: 7.28 MB.
Computing cycle approximation ratio
CSV writing for n=191 took 0.03 seconds; started at stardate 1785427062.6354847 and finished at stardate 1785427062.6651018
results: {191: 3.95666713785664}
durations: {12: 542.5376198291779}
Results saved to: Results/logs/adam/qaoa_results_adam_20260730_144416_pid257928.csv
Global end time: 1785427062.6651187
Finalisation time: 0.00 seconds; started at stardate 1785427062.6651084 and finished at stardate 1785427062.6651225
Sum of all section times: 542.66 seconds
run_id: b4f312c4
