Starting QAOA benchmark with global start time: 1785421185.7077463
Benchmark parameters: {'optimiser': 'adam', 'optimiser_use_heuristic': False, 'heuristic_optimiser_iterations': None, 'heuristic_optimiser_sampleSize': None, 'circuit_type': 'hamqaoa', 'parameter_vector': [1, 1, 1], 'iterations_list': [5, 10], 'learning_rate_adam': 0.05, 'depth_list': [1, 2, 3], 'n_start': None, 'n_end': None, 'singlet_injection': False, 'start_index_singlet': None, 'warm_start': True, 'warm_start_mode': 'standard', 'lasserre_level': 1, 'initial_solver_level_M': 1, 'sdp_seed': None, 'sdp_solver_mode': 'scs', 'sdp_scs_eps': 1e-06, 'sdp_scs_max_iters': 100000, 'warm_start_corr_strength': None, 'warm_start_corr_repeats': None, 'compare_with_010101': False, 'init_QAOAparams_close_to_zero': False, 'use_correlations_as_initial_params': False, 'time_limit': None, 'failed_instance_termination_thrsh': None, 'graph_generation_type': 'hog', 'weighted': False, 'easiest_first': False, 'cpu_util_threshold': None, 'debug': False, 'save_circuit_svg': False, 'rerun_exclude_finished_instances': True, 'warm_start_cache_producer_only': False, 'qaoa_only_from_existing_warm_start_cache': True, 'optimiser_debug_iterations': None, 'num_repeats': 1, 'relative_graph_adjList_path': 'HOG_graphs/Exp5/list_388_graphs_adjacency_list_hog_v04-12_regular.txt', 'persistent_warm_start_cache': True, 'warm_start_cache_dir': 'Results/warm_start_cache', 'warm_start_cache_max_file_mb': 512, 'warm_start_cache_max_total_gb': 60, 'sdp_max_parallel': 0, 'qaoa_max_parallel': 32, 'sdp_threads': 1, 'qaoa_threads': 1, 'sdp_memory_limit_total_gb': 0, 'sdp_memory_limit_single_gb': 0, 'sdp_memory_poll_seconds': 5, 'sdp_max_retries': 0, 'queue_poll_interval_seconds': 5, 'completed_result_csv_paths': []}, Running QAOA with equal superposition
Benchmark run ID: 9c0309ca
Benchmark repeat index: 1
SDP seed override: None
Processor: x86_64
Hostname: dacsvm-cpunode01
Total RAM (GB): None
Physical cores: 32
Logical cores: 32
Python version: 3.11.15
Initialisation time: 0.01 seconds; started at stardate {'initialisation': 0.012611865997314453} and finished at stardate1785421185.7203698
Loaded HOG graph index 76 with 18 edges.
Instance generation for n=76 took 0.16 seconds; started at stardate 1785421185.7203763 and finished at stardate 1785421185.8834894
Running QAOA for n=12 nodes, m=18 edges...; Max iterations: 10
Warm-start cache: loading Results/warm_start_cache/list_388_graphs_adjacency_list_hog_v04-12_regular__filehash_5b7f8d46/hog_idx000076_ca4027ddec53_noseed_L1_M1_amplified.npz
Warm-start cache: loaded in 0.0083 seconds; effective compute time=0.2848832607269287
Edges: [(5, 11), (3, 9), (0, 1), (4, 7), (3, 11), (7, 9), (0, 3), (4, 6), (6, 8), (7, 8), (2, 8), (1, 11), (4, 5), (5, 9), (6, 10), (0, 2), (1, 10), (2, 10)], weights: [1.0, 1.0, 1.0, 1.0, 1.0, 1.0, 1.0, 1.0, 1.0, 1.0, 1.0, 1.0, 1.0, 1.0, 1.0, 1.0, 1.0, 1.0], set of nodes: {0, 1, 2, 3, 4, 5, 6, 7, 8, 9, 10, 11}, n: 12 nodes, p: 2 layers, N_bayes: 10 iterations
Solving for uuid: b59d1001
Initial state injected as warm start
Running ADAM optimization with a single iteration (no debug loop)
5.195748962580799
QAOA optimisation for n=76 took 822.51 seconds; started at stardate 1785421185.883494 and finished at stardate 1785422008.3964841
Finished QAOA for n=12 nodes, m=18 edges at 2026-07-30 16:33:28 on x86_64. Time taken: 822.51 seconds. Hours: 0.23 hours. Peak RAM: 7.29 MB.
Unknown graph type for approximation ratio calculation; checking misc CSV.
Checking optimal_results_misc.csv for matching edges and weights...
Found matching exact result in misc CSV: 11.513246018862798
CSV writing for n=76 took 0.02 seconds; started at stardate 1785422008.3964927 and finished at stardate 1785422008.4172056
results: {76: 5.195748962580799}
durations: {12: 822.5129952430725}
Results saved to: Results/logs/adam/qaoa_results_adam_20260730_144416_pid257928.csv
Global end time: 1785422008.4172192
Finalisation time: 0.00 seconds; started at stardate 1785422008.4172106 and finished at stardate 1785422008.4172227
Sum of all section times: 822.71 seconds
run_id: 9c0309ca
