Starting QAOA benchmark with global start time: 1785419877.2262812
Benchmark parameters: {'optimiser': 'adam', 'optimiser_use_heuristic': False, 'heuristic_optimiser_iterations': None, 'heuristic_optimiser_sampleSize': None, 'circuit_type': 'hamqaoa', 'parameter_vector': [1, 1, 1], 'iterations_list': [5, 10], 'learning_rate_adam': 0.05, 'depth_list': [1, 2, 3], 'n_start': None, 'n_end': None, 'singlet_injection': False, 'start_index_singlet': None, 'warm_start': True, 'warm_start_mode': 'standard', 'lasserre_level': 1, 'initial_solver_level_M': 1, 'sdp_seed': None, 'sdp_solver_mode': 'scs', 'sdp_scs_eps': 1e-06, 'sdp_scs_max_iters': 100000, 'warm_start_corr_strength': None, 'warm_start_corr_repeats': None, 'compare_with_010101': False, 'init_QAOAparams_close_to_zero': False, 'use_correlations_as_initial_params': False, 'time_limit': None, 'failed_instance_termination_thrsh': None, 'graph_generation_type': 'hog', 'weighted': False, 'easiest_first': False, 'cpu_util_threshold': None, 'debug': False, 'save_circuit_svg': False, 'rerun_exclude_finished_instances': True, 'warm_start_cache_producer_only': False, 'qaoa_only_from_existing_warm_start_cache': True, 'optimiser_debug_iterations': None, 'num_repeats': 1, 'relative_graph_adjList_path': 'HOG_graphs/Exp5/list_388_graphs_adjacency_list_hog_v04-12_regular.txt', 'persistent_warm_start_cache': True, 'warm_start_cache_dir': 'Results/warm_start_cache', 'warm_start_cache_max_file_mb': 512, 'warm_start_cache_max_total_gb': 60, 'sdp_max_parallel': 0, 'qaoa_max_parallel': 32, 'sdp_threads': 1, 'qaoa_threads': 1, 'sdp_memory_limit_total_gb': 0, 'sdp_memory_limit_single_gb': 0, 'sdp_memory_poll_seconds': 5, 'sdp_max_retries': 0, 'queue_poll_interval_seconds': 5, 'completed_result_csv_paths': []}, Running QAOA with equal superposition
Benchmark run ID: 152175aa
Benchmark repeat index: 1
SDP seed override: None
Processor: x86_64
Hostname: dacsvm-cpunode01
Total RAM (GB): None
Physical cores: 32
Logical cores: 32
Python version: 3.11.15
Initialisation time: 0.01 seconds; started at stardate {'initialisation': 0.014769792556762695} and finished at stardate1785419877.241061
Loaded HOG graph index 142 with 42 edges.
Instance generation for n=142 took 0.24 seconds; started at stardate 1785419877.2410662 and finished at stardate 1785419877.4852548
Running QAOA for n=12 nodes, m=42 edges...; Max iterations: 10
Warm-start cache: loading Results/warm_start_cache/list_388_graphs_adjacency_list_hog_v04-12_regular__filehash_5b7f8d46/hog_idx000142_a65866e3883d_noseed_L1_M1_amplified.npz
Warm-start cache: loaded in 0.0066 seconds; effective compute time=0.48401474952697754
Edges: [(5, 11), (2, 3), (3, 8), (2, 9), (4, 6), (4, 9), (7, 8), (0, 5), (8, 10), (1, 4), (0, 2), (9, 11), (5, 10), (6, 9), (5, 7), (3, 7), (2, 5), (2, 11), (4, 11), (7, 10), (1, 3), (0, 1), (9, 10), (1, 6), (0, 4), (0, 7), (6, 8), (3, 6), (2, 4), (3, 9), (2, 7), (4, 10), (8, 11), (7, 9), (0, 3), (10, 11), (1, 8), (0, 6), (1, 5), (1, 11), (6, 10), (5, 8)], weights: [1.0, 1.0, 1.0, 1.0, 1.0, 1.0, 1.0, 1.0, 1.0, 1.0, 1.0, 1.0, 1.0, 1.0, 1.0, 1.0, 1.0, 1.0, 1.0, 1.0, 1.0, 1.0, 1.0, 1.0, 1.0, 1.0, 1.0, 1.0, 1.0, 1.0, 1.0, 1.0, 1.0, 1.0, 1.0, 1.0, 1.0, 1.0, 1.0, 1.0, 1.0, 1.0], set of nodes: {0, 1, 2, 3, 4, 5, 6, 7, 8, 9, 10, 11}, n: 12 nodes, p: 1 layers, N_bayes: 10 iterations
Solving for uuid: ed3cbe3e
Initial state injected as warm start
Running ADAM optimization with a single iteration (no debug loop)
12.042495534374368
QAOA optimisation for n=142 took 772.02 seconds; started at stardate 1785419877.48526 and finished at stardate 1785420649.508439
Finished QAOA for n=12 nodes, m=42 edges at 2026-07-30 16:10:49 on x86_64. Time taken: 772.02 seconds. Hours: 0.21 hours. Peak RAM: 3.75 MB.
Unknown graph type for approximation ratio calculation; checking misc CSV.
Checking optimal_results_misc.csv for matching edges and weights...
Found matching exact result in misc CSV: 18.01046219012423
CSV writing for n=142 took 0.01 seconds; started at stardate 1785420649.5084465 and finished at stardate 1785420649.5229747
results: {142: 12.042495534374368}
durations: {12: 772.023184299469}
Results saved to: Results/logs/adam/qaoa_results_adam_20260730_144416_pid257928.csv
Global end time: 1785420649.5229847
Finalisation time: 0.00 seconds; started at stardate 1785420649.5229783 and finished at stardate 1785420649.5229888
Sum of all section times: 772.30 seconds
run_id: 152175aa
