Starting QAOA benchmark with global start time: 1785420764.2750845
Benchmark parameters: {'optimiser': 'adam', 'optimiser_use_heuristic': False, 'heuristic_optimiser_iterations': None, 'heuristic_optimiser_sampleSize': None, 'circuit_type': 'hamqaoa', 'parameter_vector': [1, 1, 1], 'iterations_list': [5, 10], 'learning_rate_adam': 0.05, 'depth_list': [1, 2, 3], 'n_start': None, 'n_end': None, 'singlet_injection': False, 'start_index_singlet': None, 'warm_start': True, 'warm_start_mode': 'standard', 'lasserre_level': 1, 'initial_solver_level_M': 1, 'sdp_seed': None, 'sdp_solver_mode': 'scs', 'sdp_scs_eps': 1e-06, 'sdp_scs_max_iters': 100000, 'warm_start_corr_strength': None, 'warm_start_corr_repeats': None, 'compare_with_010101': False, 'init_QAOAparams_close_to_zero': False, 'use_correlations_as_initial_params': False, 'time_limit': None, 'failed_instance_termination_thrsh': None, 'graph_generation_type': 'hog', 'weighted': False, 'easiest_first': False, 'cpu_util_threshold': None, 'debug': False, 'save_circuit_svg': False, 'rerun_exclude_finished_instances': True, 'warm_start_cache_producer_only': False, 'qaoa_only_from_existing_warm_start_cache': True, 'optimiser_debug_iterations': None, 'num_repeats': 1, 'relative_graph_adjList_path': 'HOG_graphs/Exp5/list_388_graphs_adjacency_list_hog_v04-12_regular.txt', 'persistent_warm_start_cache': True, 'warm_start_cache_dir': 'Results/warm_start_cache', 'warm_start_cache_max_file_mb': 512, 'warm_start_cache_max_total_gb': 60, 'sdp_max_parallel': 0, 'qaoa_max_parallel': 32, 'sdp_threads': 1, 'qaoa_threads': 1, 'sdp_memory_limit_total_gb': 0, 'sdp_memory_limit_single_gb': 0, 'sdp_memory_poll_seconds': 5, 'sdp_max_retries': 0, 'queue_poll_interval_seconds': 5, 'completed_result_csv_paths': []}, Running QAOA with equal superposition
Benchmark run ID: 9b7825b3
Benchmark repeat index: 1
SDP seed override: None
Processor: x86_64
Hostname: dacsvm-cpunode01
Total RAM (GB): None
Physical cores: 32
Logical cores: 32
Python version: 3.11.15
Initialisation time: 0.00 seconds; started at stardate {'initialisation': 0.0022962093353271484} and finished at stardate1785420764.2773876
Loaded HOG graph index 263 with 42 edges.
Instance generation for n=263 took 0.08 seconds; started at stardate 1785420764.2773929 and finished at stardate 1785420764.3615289
Running QAOA for n=12 nodes, m=42 edges...; Max iterations: 5
Warm-start cache: loading Results/warm_start_cache/list_388_graphs_adjacency_list_hog_v04-12_regular__filehash_5b7f8d46/hog_idx000263_bc6a32f6b66e_noseed_L1_M1_amplified.npz
Warm-start cache: loaded in 0.0013 seconds; effective compute time=0.2946922779083252
Edges: [(2, 3), (3, 8), (3, 5), (4, 9), (7, 8), (7, 11), (0, 5), (8, 10), (1, 4), (0, 2), (1, 10), (9, 11), (5, 10), (6, 9), (3, 4), (4, 5), (2, 5), (2, 11), (4, 11), (7, 10), (8, 9), (1, 3), (0, 1), (9, 10), (1, 6), (0, 4), (0, 7), (6, 8), (6, 11), (2, 4), (3, 9), (2, 7), (8, 11), (7, 9), (0, 3), (1, 2), (10, 11), (0, 6), (1, 5), (6, 10), (5, 8), (6, 7)], weights: [1.0, 1.0, 1.0, 1.0, 1.0, 1.0, 1.0, 1.0, 1.0, 1.0, 1.0, 1.0, 1.0, 1.0, 1.0, 1.0, 1.0, 1.0, 1.0, 1.0, 1.0, 1.0, 1.0, 1.0, 1.0, 1.0, 1.0, 1.0, 1.0, 1.0, 1.0, 1.0, 1.0, 1.0, 1.0, 1.0, 1.0, 1.0, 1.0, 1.0, 1.0, 1.0], set of nodes: {0, 1, 2, 3, 4, 5, 6, 7, 8, 9, 10, 11}, n: 12 nodes, p: 3 layers, N_bayes: 5 iterations
Solving for uuid: e2c793c9
Initial state injected as warm start
Running ADAM optimization with a single iteration (no debug loop)
Warm-start fallback: optimiser result was below the SDP warm-start energy; using the warm-start energy instead.
12.879270814687287
QAOA optimisation for n=263 took 394.14 seconds; started at stardate 1785420764.3615336 and finished at stardate 1785421158.4977877
Finished QAOA for n=12 nodes, m=42 edges at 2026-07-30 16:19:18 on x86_64. Time taken: 394.14 seconds. Hours: 0.11 hours. Peak RAM: 10.82 MB.
Unknown graph type for approximation ratio calculation; checking misc CSV.
Checking optimal_results_misc.csv for matching edges and weights...
Found matching exact result in misc CSV: 17.655808256095224
CSV writing for n=263 took 0.01 seconds; started at stardate 1785421158.497795 and finished at stardate 1785421158.5070314
results: {263: 12.879270814687287}
durations: {12: 394.1362590789795}
Results saved to: Results/logs/adam/qaoa_results_adam_20260730_144416_pid257928.csv
Global end time: 1785421158.507042
Finalisation time: 0.00 seconds; started at stardate 1785421158.5070357 and finished at stardate 1785421158.5070457
Sum of all section times: 394.23 seconds
run_id: 9b7825b3
