Starting QAOA benchmark with global start time: 1787063739.8227777
Benchmark parameters: {'optimiser': 'adam', 'optimiser_use_heuristic': True, 'heuristic_optimiser_iterations': 1, 'heuristic_optimiser_sampleSize': 50, 'circuit_type': 'hamqaoa', 'parameter_vector': [1, 1, 1], 'iterations_list': [50], 'learning_rate_adam': 0.01, 'depth_list': [1, 2, 3, 5], 'n_start': None, 'n_end': None, 'singlet_injection': False, 'start_index_singlet': None, 'warm_start': True, 'warm_start_mode': 'standard', 'lasserre_level': 1, 'initial_solver_level_M': 1, 'sdp_seed': None, 'sdp_solver_mode': 'scs', 'sdp_scs_eps': 1e-06, 'sdp_scs_max_iters': 100000, 'warm_start_corr_strength': None, 'warm_start_corr_repeats': None, 'compare_with_010101': False, 'init_QAOAparams_close_to_zero': False, 'use_correlations_as_initial_params': False, 'time_limit': None, 'failed_instance_termination_thrsh': None, 'graph_generation_type': 'hog', 'weighted': False, 'easiest_first': False, 'cpu_util_threshold': None, 'debug': False, 'save_circuit_svg': False, 'rerun_exclude_finished_instances': True, 'warm_start_cache_producer_only': False, 'qaoa_only_from_existing_warm_start_cache': True, 'optimiser_debug_iterations': None, 'num_repeats': 1, 'relative_graph_adjList_path': 'HOG_graphs/Exp5/list_388_graphs_adjacency_list_hog_v04-12_regular.txt', 'persistent_warm_start_cache': True, 'warm_start_cache_dir': 'Results/warm_start_cache', 'warm_start_cache_max_file_mb': 512, 'warm_start_cache_max_total_gb': 60, 'sdp_max_parallel': 0, 'qaoa_max_parallel': 16, 'sdp_threads': 1, 'qaoa_threads': 1, 'sdp_memory_limit_total_gb': 0, 'sdp_memory_limit_single_gb': 0, 'sdp_memory_poll_seconds': 5, 'sdp_max_retries': 0, 'queue_poll_interval_seconds': 5, 'max_graph_vertices': 11, 'completed_result_csv_paths': [], 'qaoa_seed': 1, 'initialise_standard_warm_start_with_zero_angles': False, 'result_name_suffix': '_Exp5_subexp4_standardWithHeuristic'}, Running QAOA with equal superposition
Benchmark run ID: 8565c9c5
Benchmark repeat index: 1
SDP seed override: None
QAOA seed: 33500201
Processor: x86_64
Hostname: dacsvm-cpunode01
Total RAM (GB): None
Physical cores: 32
Logical cores: 32
Python version: 3.11.15
Initialisation time: 0.01 seconds; started at stardate {'initialisation': 0.010543346405029297} and finished at stardate1787063739.833339
Loaded HOG graph index 335 with 25 edges.
Instance generation for n=335 took 0.10 seconds; started at stardate 1787063739.8333516 and finished at stardate 1787063739.9377053
Running QAOA for n=10 nodes, m=25 edges...; Max iterations: 50
Warm-start cache: loading Results/warm_start_cache/list_388_graphs_adjacency_list_hog_v04-12_regular__filehash_5b7f8d46/hog_idx000335_7494f19cef22_noseed_L1_M1_amplified.npz
Warm-start cache: loaded in 0.0019 seconds; effective compute time=0.14440083503723145
Edges: [(4, 6), (4, 9), (7, 8), (0, 5), (0, 2), (6, 9), (5, 7), (3, 4), (2, 8), (3, 7), (2, 5), (4, 8), (8, 9), (1, 3), (0, 1), (1, 6), (0, 4), (1, 9), (5, 6), (3, 6), (2, 7), (7, 9), (0, 3), (1, 2), (5, 8)], weights: [1.0, 1.0, 1.0, 1.0, 1.0, 1.0, 1.0, 1.0, 1.0, 1.0, 1.0, 1.0, 1.0, 1.0, 1.0, 1.0, 1.0, 1.0, 1.0, 1.0, 1.0, 1.0, 1.0, 1.0, 1.0], set of nodes: {0, 1, 2, 3, 4, 5, 6, 7, 8, 9}, n: 10 nodes, p: 3 layers, N_bayes: 50 iterations
Solving for uuid: c6a474c0
Initial state injected as warm start
Running ADAM optimization with a single iteration (no debug loop)
7.8419500724832645
QAOA optimisation for n=335 took 222.10 seconds; started at stardate 1787063739.9377124 and finished at stardate 1787063962.0404088
Finished QAOA for n=10 nodes, m=25 edges at 2026-08-18 16:39:22 on x86_64. Time taken: 222.10 seconds. Hours: 0.06 hours. Peak RAM: 1.0 MB.
Unknown graph type for approximation ratio calculation; checking misc CSV.
Checking optimal_results_misc.csv for matching edges and weights...
Found matching exact result in misc CSV: 12.161864769610835
CSV writing for n=335 took 0.01 seconds; started at stardate 1787063962.0404167 and finished at stardate 1787063962.05142
results: {335: 7.8419500724832645}
durations: {10: 222.10270285606384}
Results saved to: Results/logs/adam/qaoa_results_adam_20260818_105045_pid1738350_Exp5_subexp4_standardWithHeuristic.csv
Global end time: 1787063962.0514336
Finalisation time: 0.00 seconds; started at stardate 1787063962.051425 and finished at stardate 1787063962.0514383
Sum of all section times: 222.23 seconds
run_id: 8565c9c5
