Starting QAOA benchmark with global start time: 1787055871.7634957
Benchmark parameters: {'optimiser': 'adam', 'optimiser_use_heuristic': True, 'heuristic_optimiser_iterations': 1, 'heuristic_optimiser_sampleSize': 50, 'circuit_type': 'hamqaoa', 'parameter_vector': [1, 1, 1], 'iterations_list': [50], 'learning_rate_adam': 0.01, 'depth_list': [1, 2, 3, 5], 'n_start': None, 'n_end': None, 'singlet_injection': False, 'start_index_singlet': None, 'warm_start': True, 'warm_start_mode': 'standard', 'lasserre_level': 1, 'initial_solver_level_M': 1, 'sdp_seed': None, 'sdp_solver_mode': 'scs', 'sdp_scs_eps': 1e-06, 'sdp_scs_max_iters': 100000, 'warm_start_corr_strength': None, 'warm_start_corr_repeats': None, 'compare_with_010101': False, 'init_QAOAparams_close_to_zero': False, 'use_correlations_as_initial_params': False, 'time_limit': None, 'failed_instance_termination_thrsh': None, 'graph_generation_type': 'hog', 'weighted': False, 'easiest_first': False, 'cpu_util_threshold': None, 'debug': False, 'save_circuit_svg': False, 'rerun_exclude_finished_instances': True, 'warm_start_cache_producer_only': False, 'qaoa_only_from_existing_warm_start_cache': True, 'optimiser_debug_iterations': None, 'num_repeats': 1, 'relative_graph_adjList_path': 'HOG_graphs/Exp5/list_388_graphs_adjacency_list_hog_v04-12_regular.txt', 'persistent_warm_start_cache': True, 'warm_start_cache_dir': 'Results/warm_start_cache', 'warm_start_cache_max_file_mb': 512, 'warm_start_cache_max_total_gb': 60, 'sdp_max_parallel': 0, 'qaoa_max_parallel': 16, 'sdp_threads': 1, 'qaoa_threads': 1, 'sdp_memory_limit_total_gb': 0, 'sdp_memory_limit_single_gb': 0, 'sdp_memory_poll_seconds': 5, 'sdp_max_retries': 0, 'queue_poll_interval_seconds': 5, 'max_graph_vertices': 11, 'completed_result_csv_paths': [], 'qaoa_seed': 1, 'initialise_standard_warm_start_with_zero_angles': False, 'result_name_suffix': '_Exp5_subexp4_standardWithHeuristic'}, Running QAOA with equal superposition
Benchmark run ID: 6d888542
Benchmark repeat index: 1
SDP seed override: None
QAOA seed: 32600101
Processor: x86_64
Hostname: dacsvm-cpunode01
Total RAM (GB): None
Physical cores: 32
Logical cores: 32
Python version: 3.11.15
Initialisation time: 0.00 seconds; started at stardate {'initialisation': 0.00419163703918457} and finished at stardate1787055871.7676957
Loaded HOG graph index 326 with 25 edges.
Instance generation for n=326 took 0.17 seconds; started at stardate 1787055871.7677014 and finished at stardate 1787055871.9426413
Running QAOA for n=10 nodes, m=25 edges...; Max iterations: 50
Warm-start cache: loading Results/warm_start_cache/list_388_graphs_adjacency_list_hog_v04-12_regular__filehash_5b7f8d46/hog_idx000326_3c57303ce93e_noseed_L1_M1_amplified.npz
Warm-start cache: loaded in 0.0052 seconds; effective compute time=0.15119600296020508
Edges: [(2, 3), (3, 8), (2, 6), (4, 6), (7, 8), (0, 5), (1, 4), (0, 2), (6, 9), (5, 7), (4, 8), (8, 9), (1, 3), (0, 1), (0, 4), (1, 9), (5, 6), (5, 9), (3, 6), (2, 7), (4, 7), (7, 9), (0, 3), (1, 2), (5, 8)], weights: [1.0, 1.0, 1.0, 1.0, 1.0, 1.0, 1.0, 1.0, 1.0, 1.0, 1.0, 1.0, 1.0, 1.0, 1.0, 1.0, 1.0, 1.0, 1.0, 1.0, 1.0, 1.0, 1.0, 1.0, 1.0], set of nodes: {0, 1, 2, 3, 4, 5, 6, 7, 8, 9}, n: 10 nodes, p: 2 layers, N_bayes: 50 iterations
Solving for uuid: 2c6a6293
Initial state injected as warm start
Running ADAM optimization with a single iteration (no debug loop)
7.164952035508715
QAOA optimisation for n=326 took 230.63 seconds; started at stardate 1787055871.9426463 and finished at stardate 1787056102.570822
Finished QAOA for n=10 nodes, m=25 edges at 2026-08-18 14:28:22 on x86_64. Time taken: 230.63 seconds. Hours: 0.06 hours. Peak RAM: 0.76 MB.
Unknown graph type for approximation ratio calculation; checking misc CSV.
Checking optimal_results_misc.csv for matching edges and weights...
Found matching exact result in misc CSV: 12.952565221852097
CSV writing for n=326 took 0.04 seconds; started at stardate 1787056102.5708299 and finished at stardate 1787056102.6096337
results: {326: 7.164952035508715}
durations: {10: 230.62818050384521}
Results saved to: Results/logs/adam/qaoa_results_adam_20260818_105045_pid1738350_Exp5_subexp4_standardWithHeuristic.csv
Global end time: 1787056102.6096487
Finalisation time: 0.00 seconds; started at stardate 1787056102.6096396 and finished at stardate 1787056102.6096525
Sum of all section times: 230.85 seconds
run_id: 6d888542
