Starting QAOA benchmark with global start time: 1789066273.397397
Benchmark parameters: {'optimiser': 'adam', 'optimiser_use_heuristic': False, 'heuristic_optimiser_iterations': None, 'heuristic_optimiser_sampleSize': None, 'circuit_type': 'hamqaoa', 'parameter_vector': [1, 1, 1], 'iterations_list': [75], 'learning_rate_adam': 0.05, 'depth_list': [6, 7, 8, 9, 10], 'n_start': None, 'n_end': None, 'singlet_injection': False, 'start_index_singlet': None, 'warm_start': True, 'warm_start_mode': 'amplified', 'lasserre_level': 1, 'initial_solver_level_M': 1, 'sdp_seed': 42, 'sdp_solver_mode': 'scs', 'sdp_scs_eps': 1e-06, 'sdp_scs_max_iters': 100000, 'warm_start_corr_strength': None, 'warm_start_corr_repeats': None, 'compare_with_010101': False, 'init_QAOAparams_close_to_zero': False, 'use_correlations_as_initial_params': False, 'time_limit': None, 'failed_instance_termination_thrsh': None, 'graph_generation_type': 'hog', 'weighted': False, 'easiest_first': False, 'cpu_util_threshold': None, 'debug': False, 'save_circuit_svg': False, 'rerun_exclude_finished_instances': False, 'warm_start_cache_producer_only': False, 'qaoa_only_from_existing_warm_start_cache': True, 'optimiser_debug_iterations': None, 'num_repeats': 1, 'relative_graph_adjList_path': 'HOG_graphs/triangleFree_connected_4to8vertices_176instances_AdjacencyList.txt', 'persistent_warm_start_cache': True, 'warm_start_cache_dir': 'Results/warm_start_cache', 'warm_start_cache_max_file_mb': 512, 'warm_start_cache_max_total_gb': 60, 'sdp_max_parallel': 0, 'qaoa_max_parallel': 16, 'sdp_threads': 1, 'qaoa_threads': 1, 'sdp_memory_limit_total_gb': 0, 'sdp_memory_limit_single_gb': 0, 'sdp_memory_poll_seconds': 5, 'sdp_max_retries': 0, 'queue_poll_interval_seconds': 5, 'max_graph_vertices': 10, 'completed_result_csv_paths': [], 'qaoa_seed': 42, 'initialise_standard_warm_start_with_zero_angles': True, 'result_name_suffix': '_FINAL_BENCHMARKS_AMPLIFIED_BestPerformers', 'algorithm17_beta_mode': 'fixed'}, Running QAOA with equal superposition
Benchmark run ID: 5cee6719
Benchmark repeat index: 1
Configured SDP rounding seed: 42
QAOA seed used: 42
Processor: x86_64
Hostname: dacsgpu0003
Total RAM (GB): None
Physical cores: 64
Logical cores: 64
Python version: 3.11.15
Initialisation time: 0.00 seconds; started at stardate {'initialisation': 0.004578828811645508} and finished at stardate1789066273.4019835
Loaded HOG graph index 0 with 4 edges.
Instance generation for n=0 took 0.00 seconds; started at stardate 1789066273.4019902 and finished at stardate 1789066273.405012
Running QAOA for n=5 nodes, m=4 edges...; Max iterations: 75
Warm-start cache: loading Results/warm_start_cache/triangleFree_connected_4to8vertices_176instances_AdjacencyList__filehash_279b7452/hog_idx000000_2870a2ee8414_seed42_L1_M1_amplified.npz
Warm-start cache: loaded in 0.0013 seconds; effective compute time=0.0854642391204834
Edges: [(3, 4), (1, 4), (2, 3), (0, 4)], weights: [1.0, 1.0, 1.0, 1.0], set of nodes: {0, 1, 2, 3, 4}, n: 5 nodes, p: 10 layers, N_bayes: 75 iterations
Solving for uuid: 4554a633
Initial state injected as warm start
Warm start correlations applied in the form of weak entanglement
Running ADAM optimization with a single iteration (no debug loop)
2.7333458636165875
QAOA optimisation for n=0 took 59.63 seconds; started at stardate 1789066273.4050164 and finished at stardate 1789066333.0336943
Finished QAOA for n=5 nodes, m=4 edges at 2026-09-10 20:52:13 on x86_64. Time taken: 59.63 seconds. Hours: 0.02 hours. Peak RAM: 0.26 MB.
Unknown graph type for approximation ratio calculation; checking misc CSV.
Checking optimal_results_misc.csv for matching edges and weights...
Found matching exact result in misc CSV: 2.8546376797184614
CSV writing for n=0 took 0.01 seconds; started at stardate 1789066333.033704 and finished at stardate 1789066333.0407746
results: {0: 2.7333458636165875}
durations: {5: 59.62868332862854}
Results saved to: Results/logs/adam/qaoa_results_adam_20260910_170547_pid2675720_FINAL_BENCHMARKS_AMPLIFIED_BestPerformers.csv
Global end time: 1789066333.0407999
Finalisation time: 0.00 seconds; started at stardate 1789066333.0407856 and finished at stardate 1789066333.0408041
Sum of all section times: 59.64 seconds
run_id: 5cee6719
