Starting QAOA benchmark with global start time: 1787413328.1068144
Benchmark parameters: {'optimiser': 'adam', 'optimiser_use_heuristic': True, 'heuristic_optimiser_iterations': 1, 'heuristic_optimiser_sampleSize': 20, 'circuit_type': 'hamqaoa', 'parameter_vector': [1, 1, 1], 'iterations_list': [50], 'learning_rate_adam': 0.01, 'depth_list': [1, 2, 3, 4, 5], 'n_start': None, 'n_end': None, 'singlet_injection': False, 'start_index_singlet': None, 'warm_start': True, 'warm_start_mode': 'amplified', 'lasserre_level': 1, 'initial_solver_level_M': 1, 'sdp_seed': None, 'sdp_solver_mode': 'scs', 'sdp_scs_eps': 1e-06, 'sdp_scs_max_iters': 100000, 'warm_start_corr_strength': None, 'warm_start_corr_repeats': None, 'compare_with_010101': False, 'init_QAOAparams_close_to_zero': False, 'use_correlations_as_initial_params': False, 'time_limit': None, 'failed_instance_termination_thrsh': None, 'graph_generation_type': 'hog', 'weighted': False, 'easiest_first': False, 'cpu_util_threshold': None, 'debug': False, 'save_circuit_svg': False, 'rerun_exclude_finished_instances': True, 'warm_start_cache_producer_only': False, 'qaoa_only_from_existing_warm_start_cache': True, 'optimiser_debug_iterations': None, 'num_repeats': 1, 'relative_graph_adjList_path': 'HOG_graphs/Exp5/cycle_graphs_3to12vertices_10instances_AdjacencyList.txt', 'persistent_warm_start_cache': True, 'warm_start_cache_dir': 'Results/warm_start_cache', 'warm_start_cache_max_file_mb': 512, 'warm_start_cache_max_total_gb': 60, 'sdp_max_parallel': 0, 'qaoa_max_parallel': 16, 'sdp_threads': 1, 'qaoa_threads': 1, 'sdp_memory_limit_total_gb': 0, 'sdp_memory_limit_single_gb': 0, 'sdp_memory_poll_seconds': 5, 'sdp_max_retries': 0, 'queue_poll_interval_seconds': 5, 'max_graph_vertices': 11, 'completed_result_csv_paths': [], 'qaoa_seed': 1, 'initialise_standard_warm_start_with_zero_angles': False, 'result_name_suffix': '_Exp7_AmplifiedWithHeuristic'}, Running QAOA with equal superposition
Benchmark run ID: 4331e012
Benchmark repeat index: 1
SDP seed override: None
QAOA seed: 800301
Processor: x86_64
Hostname: dacsgpu0002
Total RAM (GB): None
Physical cores: 64
Logical cores: 64
Python version: 3.11.15
Initialisation time: 0.00 seconds; started at stardate {'initialisation': 0.0032625198364257812} and finished at stardate1787413328.1100857
Loaded HOG graph index 8 with 11 edges.
Instance generation for n=8 took 0.00 seconds; started at stardate 1787413328.110092 and finished at stardate 1787413328.1106212
Running QAOA for n=11 nodes, m=11 edges...; Max iterations: 50
Warm-start cache: loading Results/warm_start_cache/cycle_graphs_3to12vertices_10instances_AdjacencyList__filehash_1a582721/hog_idx000008_da780c6112a1_noseed_L1_M1_amplified.npz
Warm-start cache: loaded in 0.0016 seconds; effective compute time=0.33762454986572266
Edges: [(8, 9), (0, 1), (9, 10), (2, 3), (0, 10), (1, 2), (5, 6), (3, 4), (7, 8), (4, 5), (6, 7)], weights: [1.0, 1.0, 1.0, 1.0, 1.0, 1.0, 1.0, 1.0, 1.0, 1.0, 1.0], set of nodes: {0, 1, 2, 3, 4, 5, 6, 7, 8, 9, 10}, n: 11 nodes, p: 4 layers, N_bayes: 50 iterations
Solving for uuid: e8267266
Initial state injected as warm start
Warm start correlations applied in the form of weak entanglement
Running ADAM optimization with a single iteration (no debug loop)
6.312590127017864
QAOA optimisation for n=8 took 978.92 seconds; started at stardate 1787413328.110626 and finished at stardate 1787414307.031796
Finished QAOA for n=11 nodes, m=11 edges at 2026-08-22 17:58:27 on x86_64. Time taken: 978.92 seconds. Hours: 0.27 hours. Peak RAM: 3.8 MB.
Computing cycle approximation ratio
CSV writing for n=8 took 0.01 seconds; started at stardate 1787414307.0318067 and finished at stardate 1787414307.0402467
results: {8: 6.312590127017864}
durations: {11: 978.9211757183075}
Results saved to: Results/logs/adam/qaoa_results_adam_20260822_174142_pid3054505_Exp7_AmplifiedWithHeuristic.csv
Global end time: 1787414307.0402648
Finalisation time: 0.00 seconds; started at stardate 1787414307.040254 and finished at stardate 1787414307.0402694
Sum of all section times: 978.93 seconds
run_id: 4331e012
