Starting QAOA benchmark with global start time: 1788961495.3281374
Benchmark parameters: {'optimiser': 'adam', 'optimiser_use_heuristic': False, 'heuristic_optimiser_iterations': None, 'heuristic_optimiser_sampleSize': None, 'circuit_type': 'hamqaoa', 'parameter_vector': [1, 1, 1], 'iterations_list': [75], 'learning_rate_adam': 0.05, 'depth_list': [1, 2, 3, 4, 5], 'n_start': None, 'n_end': None, 'singlet_injection': False, 'start_index_singlet': None, 'warm_start': True, 'warm_start_mode': 'amplified', 'lasserre_level': 1, 'initial_solver_level_M': 1, 'sdp_seed': 42, 'sdp_solver_mode': 'scs', 'sdp_scs_eps': 1e-06, 'sdp_scs_max_iters': 100000, 'warm_start_corr_strength': None, 'warm_start_corr_repeats': None, 'compare_with_010101': False, 'init_QAOAparams_close_to_zero': False, 'use_correlations_as_initial_params': False, 'time_limit': None, 'failed_instance_termination_thrsh': None, 'graph_generation_type': 'hog', 'weighted': False, 'easiest_first': False, 'cpu_util_threshold': None, 'debug': False, 'save_circuit_svg': False, 'rerun_exclude_finished_instances': False, 'warm_start_cache_producer_only': False, 'qaoa_only_from_existing_warm_start_cache': True, 'optimiser_debug_iterations': None, 'num_repeats': 1, 'relative_graph_adjList_path': 'HOG_graphs/Exp5/list_193_graphs_adjacency_listhog_v04-12_planar_clawFree.txt', 'persistent_warm_start_cache': True, 'warm_start_cache_dir': 'Results/warm_start_cache', 'warm_start_cache_max_file_mb': 512, 'warm_start_cache_max_total_gb': 60, 'sdp_max_parallel': 0, 'qaoa_max_parallel': 16, 'sdp_threads': 1, 'qaoa_threads': 1, 'sdp_memory_limit_total_gb': 0, 'sdp_memory_limit_single_gb': 0, 'sdp_memory_poll_seconds': 5, 'sdp_max_retries': 0, 'queue_poll_interval_seconds': 5, 'max_graph_vertices': 10, 'completed_result_csv_paths': [], 'qaoa_seed': 42, 'initialise_standard_warm_start_with_zero_angles': True, 'result_name_suffix': '_FINAL_BENCHMARKS_AMPLIFIED', 'algorithm17_beta_mode': 'fixed'}, Running QAOA with equal superposition
Benchmark run ID: 9b1f2ba4
Benchmark repeat index: 1
Configured SDP rounding seed: 42
QAOA seed used: 42
Processor: x86_64
Hostname: dacsgpu0002
Total RAM (GB): None
Physical cores: 64
Logical cores: 64
Python version: 3.11.15
Initialisation time: 0.01 seconds; started at stardate {'initialisation': 0.00906682014465332} and finished at stardate1788961495.337214
Loaded HOG graph index 115 with 14 edges.
Instance generation for n=115 took 0.01 seconds; started at stardate 1788961495.337221 and finished at stardate 1788961495.346648
Running QAOA for n=8 nodes, m=14 edges...; Max iterations: 75
Warm-start cache: loading Results/warm_start_cache/list_193_graphs_adjacency_listhog_v04-12_planar_clawFree__filehash_62ae5075/hog_idx000115_0ad0027d2c93_seed42_L1_M1_amplified.npz
Warm-start cache: loaded in 0.0016 seconds; effective compute time=0.10578131675720215
Edges: [(1, 3), (0, 1), (0, 4), (4, 7), (2, 6), (5, 7), (3, 5), (4, 6), (5, 6), (3, 7), (2, 5), (1, 4), (0, 2), (6, 7)], weights: [1.0, 1.0, 1.0, 1.0, 1.0, 1.0, 1.0, 1.0, 1.0, 1.0, 1.0, 1.0, 1.0, 1.0], set of nodes: {0, 1, 2, 3, 4, 5, 6, 7}, n: 8 nodes, p: 4 layers, N_bayes: 75 iterations
Solving for uuid: 2c2b0a97
Initial state injected as warm start
Warm start correlations applied in the form of weak entanglement
Running ADAM optimization with a single iteration (no debug loop)
4.564444832153963
QAOA optimisation for n=115 took 28.07 seconds; started at stardate 1788961495.3466525 and finished at stardate 1788961523.4171362
Finished QAOA for n=8 nodes, m=14 edges at 2026-09-09 15:45:23 on x86_64. Time taken: 28.07 seconds. Hours: 0.01 hours. Peak RAM: 0.28 MB.
Unknown graph type for approximation ratio calculation; checking misc CSV.
Checking optimal_results_misc.csv for matching edges and weights...
Found matching exact result in misc CSV: 7.262372956479891
CSV writing for n=115 took 0.01 seconds; started at stardate 1788961523.417145 and finished at stardate 1788961523.4305751
results: {115: 4.564444832153963}
durations: {8: 28.070488929748535}
Results saved to: Results/logs/adam/qaoa_results_adam_20260909_132737_pid2276346_FINAL_BENCHMARKS_AMPLIFIED.csv
Global end time: 1788961523.4305882
Finalisation time: 0.00 seconds; started at stardate 1788961523.4305792 and finished at stardate 1788961523.4305925
Sum of all section times: 28.10 seconds
run_id: 9b1f2ba4
