Starting QAOA benchmark with global start time: 1788898008.268601
Benchmark parameters: {'optimiser': 'adam', 'optimiser_use_heuristic': False, 'heuristic_optimiser_iterations': None, 'heuristic_optimiser_sampleSize': None, 'circuit_type': 'hamqaoa', 'parameter_vector': [1, 1, 1], 'iterations_list': [75], 'learning_rate_adam': 0.05, 'depth_list': [1, 2, 3, 4, 5], 'n_start': None, 'n_end': None, 'singlet_injection': False, 'start_index_singlet': None, 'warm_start': True, 'warm_start_mode': 'standard', 'lasserre_level': 2, 'initial_solver_level_M': 2, 'sdp_seed': 42, 'sdp_solver_mode': 'scs', 'sdp_scs_eps': 1e-06, 'sdp_scs_max_iters': 100000, 'warm_start_corr_strength': None, 'warm_start_corr_repeats': None, 'compare_with_010101': False, 'init_QAOAparams_close_to_zero': False, 'use_correlations_as_initial_params': False, 'time_limit': None, 'failed_instance_termination_thrsh': None, 'graph_generation_type': 'hog', 'weighted': False, 'easiest_first': False, 'cpu_util_threshold': None, 'debug': False, 'save_circuit_svg': False, 'rerun_exclude_finished_instances': False, 'warm_start_cache_producer_only': False, 'qaoa_only_from_existing_warm_start_cache': True, 'optimiser_debug_iterations': None, 'num_repeats': 1, 'relative_graph_adjList_path': 'HOG_graphs/triangleFree_connected_4to8vertices_176instances_AdjacencyList.txt', 'persistent_warm_start_cache': True, 'warm_start_cache_dir': 'Results/warm_start_cache', 'warm_start_cache_max_file_mb': 512, 'warm_start_cache_max_total_gb': 60, 'sdp_max_parallel': 0, 'qaoa_max_parallel': 16, 'sdp_threads': 1, 'qaoa_threads': 1, 'sdp_memory_limit_total_gb': 0, 'sdp_memory_limit_single_gb': 0, 'sdp_memory_poll_seconds': 5, 'sdp_max_retries': 0, 'queue_poll_interval_seconds': 5, 'max_graph_vertices': 10, 'completed_result_csv_paths': [], 'qaoa_seed': 42, 'initialise_standard_warm_start_with_zero_angles': True, 'result_name_suffix': '_FINAL_BENCHMARKS_STANDARD', 'algorithm17_beta_mode': 'analytic_instance'}, Running QAOA with equal superposition
Benchmark run ID: 4d3f1c1d
Benchmark repeat index: 1
Configured SDP rounding seed: 42
QAOA seed used: 42
Processor: x86_64
Hostname: dacsgpu0003
Total RAM (GB): None
Physical cores: 64
Logical cores: 64
Python version: 3.11.15
Initialisation time: 0.00 seconds; started at stardate {'initialisation': 0.003688335418701172} and finished at stardate1788898008.2722976
Loaded HOG graph index 22 with 8 edges.
Instance generation for n=22 took 0.00 seconds; started at stardate 1788898008.2723038 and finished at stardate 1788898008.2754903
Running QAOA for n=8 nodes, m=8 edges...; Max iterations: 75
Warm-start cache: loading Results/warm_start_cache/triangleFree_connected_4to8vertices_176instances_AdjacencyList__filehash_279b7452/hog_idx000022_4938ed1c5765_seed42_L2_M2_betaanalytic_instance_amplified.npz
Warm-start cache: loaded in 0.0048 seconds; effective compute time=889.2584834098816
Edges: [(2, 7), (0, 1), (1, 6), (5, 7), (3, 5), (4, 6), (3, 4), (0, 2)], weights: [1.0, 1.0, 1.0, 1.0, 1.0, 1.0, 1.0, 1.0], set of nodes: {0, 1, 2, 3, 4, 5, 6, 7}, n: 8 nodes, p: 1 layers, N_bayes: 75 iterations
Solving for uuid: bd9ec730
Initial state injected as warm start
Running ADAM optimization with a single iteration (no debug loop)
6.573303140499658
QAOA optimisation for n=22 took 4.35 seconds; started at stardate 1788898008.2754939 and finished at stardate 1788898012.6290703
Finished QAOA for n=8 nodes, m=8 edges at 2026-09-08 22:06:52 on x86_64. Time taken: 4.35 seconds. Hours: 0.00 hours. Peak RAM: 0.25 MB.
Computing cycle approximation ratio
CSV writing for n=22 took 0.01 seconds; started at stardate 1788898012.6290798 and finished at stardate 1788898012.6352592
results: {22: 6.573303140499658}
durations: {8: 4.353580474853516}
Results saved to: Results/logs/adam/qaoa_results_adam_20260908_210131_pid2680305_FINAL_BENCHMARKS_STANDARD.csv
Global end time: 1788898012.6352708
Finalisation time: 0.00 seconds; started at stardate 1788898012.635263 and finished at stardate 1788898012.6352754
Sum of all section times: 4.37 seconds
run_id: 4d3f1c1d
