Starting QAOA benchmark with global start time: 1784528410.5310361
Benchmark parameters: {'optimiser': 'adam', 'optimiser_use_heuristic': True, 'heuristic_optimiser_iterations': 1, 'heuristic_optimiser_sampleSize': 10, 'circuit_type': 'hamqaoa', 'parameter_vector': [1, 1, 1], 'iterations_list': [5, 10, 25, 50], 'learning_rate_adam': 0.001, 'depth_list': [1, 2], 'n_start': None, 'n_end': None, 'singlet_injection': False, 'start_index_singlet': None, 'warm_start': True, 'warm_start_mode': 'standard', 'lasserre_level': 2, 'initial_solver_level_M': 1, 'sdp_seed': 42, 'sdp_solver_mode': 'scs', 'sdp_scs_eps': 1e-06, 'sdp_scs_max_iters': 100000, 'warm_start_corr_strength': None, 'warm_start_corr_repeats': None, 'compare_with_010101': False, 'init_QAOAparams_close_to_zero': False, 'use_correlations_as_initial_params': False, 'time_limit': None, 'failed_instance_termination_thrsh': None, 'graph_generation_type': 'hog', 'weighted': False, 'easiest_first': True, 'cpu_util_threshold': None, 'debug': False, 'save_circuit_svg': False, 'rerun_exclude_finished_instances': False, 'warm_start_cache_producer_only': False, 'qaoa_only_from_existing_warm_start_cache': True, 'optimiser_debug_iterations': None, 'num_repeats': 1, 'relative_graph_adjList_path': 'HOG_graphs/triangleFree_connected_4to8vertices_176instances_AdjacencyList.txt', 'persistent_warm_start_cache': True, 'warm_start_cache_dir': 'Results/warm_start_cache', 'warm_start_cache_max_file_mb': 512, 'warm_start_cache_max_total_gb': 60, 'sdp_max_parallel': 0, 'qaoa_max_parallel': 32, 'sdp_threads': 1, 'qaoa_threads': 1, 'sdp_memory_limit_total_gb': 250, 'sdp_memory_limit_single_gb': 250, 'sdp_memory_poll_seconds': 5, 'sdp_max_retries': 3, 'queue_poll_interval_seconds': 5}, Running QAOA with equal superposition
Benchmark run ID: 9f507e44
Benchmark repeat index: 1
SDP seed override: 42
Processor: x86_64
Hostname: dacsvm-cpunode01
Total RAM (GB): None
Physical cores: 32
Logical cores: 32
Python version: 3.11.15
Initialisation time: 0.00 seconds; started at stardate {'initialisation': 0.002910614013671875} and finished at stardate1784528410.533954
Loaded HOG graph index 40 with 3 edges.
Instance generation for n=40 took 0.00 seconds; started at stardate 1784528410.5339584 and finished at stardate 1784528410.535755
Running QAOA for n=4 nodes, m=3 edges...; Max iterations: 50
Warm-start cache: loading Results/warm_start_cache/triangleFree_connected_4to8vertices_176instances_AdjacencyList__filehash_279b7452/hog_idx000040_8f3d1be6e598_seed42_L2_M1_standard.npz
Warm-start cache: loaded in 0.0012 seconds; effective compute time=12.773181915283203
Edges: [(1, 3), (0, 2), (2, 3)], weights: [1.0, 1.0, 1.0], set of nodes: {0, 1, 2, 3}, n: 4 nodes, p: 2 layers, N_bayes: 50 iterations
Solving for uuid: 144cb5d9
Initial state injected as warm start
Running ADAM optimization with a single iteration (no debug loop)
3.08338682743351
QAOA optimisation for n=40 took 4.02 seconds; started at stardate 1784528410.5357585 and finished at stardate 1784528414.5570068
Finished QAOA for n=4 nodes, m=3 edges at 2026-07-20 08:20:14 on x86_64. Time taken: 4.02 seconds. Hours: 0.00 hours. Peak RAM: 0.21 MB.
Computing line approximation ratio
CSV writing for n=40 took 0.01 seconds; started at stardate 1784528414.5570157 and finished at stardate 1784528414.562162
results: {40: 3.08338682743351}
durations: {4: 4.021252393722534}
Results saved to: Results/logs/adam/qaoa_results_adam_20260720_081238_pid2105070.csv
Global end time: 1784528414.5621727
Finalisation time: 0.00 seconds; started at stardate 1784528414.5621645 and finished at stardate 1784528414.5621765
Sum of all section times: 4.03 seconds
run_id: 9f507e44
