Starting QAOA benchmark with global start time: 1784529715.0104816
Benchmark parameters: {'optimiser': 'adam', 'optimiser_use_heuristic': True, 'heuristic_optimiser_iterations': 1, 'heuristic_optimiser_sampleSize': 10, 'circuit_type': 'hamqaoa', 'parameter_vector': [1, 1, 1], 'iterations_list': [5, 10, 25, 50], 'learning_rate_adam': 0.001, 'depth_list': [1, 2], 'n_start': None, 'n_end': None, 'singlet_injection': False, 'start_index_singlet': None, 'warm_start': True, 'warm_start_mode': 'standard', 'lasserre_level': 2, 'initial_solver_level_M': 1, 'sdp_seed': 42, 'sdp_solver_mode': 'scs', 'sdp_scs_eps': 1e-06, 'sdp_scs_max_iters': 100000, 'warm_start_corr_strength': None, 'warm_start_corr_repeats': None, 'compare_with_010101': False, 'init_QAOAparams_close_to_zero': False, 'use_correlations_as_initial_params': False, 'time_limit': None, 'failed_instance_termination_thrsh': None, 'graph_generation_type': 'hog', 'weighted': False, 'easiest_first': True, 'cpu_util_threshold': None, 'debug': False, 'save_circuit_svg': False, 'rerun_exclude_finished_instances': False, 'warm_start_cache_producer_only': False, 'qaoa_only_from_existing_warm_start_cache': True, 'optimiser_debug_iterations': None, 'num_repeats': 1, 'relative_graph_adjList_path': 'HOG_graphs/triangleFree_connected_4to8vertices_176instances_AdjacencyList.txt', 'persistent_warm_start_cache': True, 'warm_start_cache_dir': 'Results/warm_start_cache', 'warm_start_cache_max_file_mb': 512, 'warm_start_cache_max_total_gb': 60, 'sdp_max_parallel': 0, 'qaoa_max_parallel': 32, 'sdp_threads': 1, 'qaoa_threads': 1, 'sdp_memory_limit_total_gb': 250, 'sdp_memory_limit_single_gb': 250, 'sdp_memory_poll_seconds': 5, 'sdp_max_retries': 3, 'queue_poll_interval_seconds': 5}, Running QAOA with equal superposition
Benchmark run ID: f03e684b
Benchmark repeat index: 1
SDP seed override: 42
Processor: x86_64
Hostname: dacsvm-cpunode01
Total RAM (GB): None
Physical cores: 32
Logical cores: 32
Python version: 3.11.15
Initialisation time: 0.00 seconds; started at stardate {'initialisation': 0.0033409595489501953} and finished at stardate1784529715.0138354
Loaded HOG graph index 150 with 12 edges.
Instance generation for n=150 took 0.00 seconds; started at stardate 1784529715.0138402 and finished at stardate 1784529715.0155802
Running QAOA for n=8 nodes, m=12 edges...; Max iterations: 25
Warm-start cache: loading Results/warm_start_cache/triangleFree_connected_4to8vertices_176instances_AdjacencyList__filehash_279b7452/hog_idx000150_3e8fe74945f5_seed42_L2_M1_standard.npz
Warm-start cache: loaded in 0.0013 seconds; effective compute time=3978.7013149261475
Edges: [(2, 3), (1, 6), (4, 7), (2, 6), (0, 7), (3, 5), (5, 6), (0, 6), (4, 5), (3, 7), (2, 4), (1, 7)], weights: [1.0, 1.0, 1.0, 1.0, 1.0, 1.0, 1.0, 1.0, 1.0, 1.0, 1.0, 1.0], set of nodes: {0, 1, 2, 3, 4, 5, 6, 7}, n: 8 nodes, p: 2 layers, N_bayes: 25 iterations
Solving for uuid: a3bd2211
Initial state injected as warm start
Running ADAM optimization with a single iteration (no debug loop)
10.208973777066298
QAOA optimisation for n=150 took 6.64 seconds; started at stardate 1784529715.0155869 and finished at stardate 1784529721.656957
Finished QAOA for n=8 nodes, m=12 edges at 2026-07-20 08:42:01 on x86_64. Time taken: 6.64 seconds. Hours: 0.00 hours. Peak RAM: 0.25 MB.
Unknown graph type for approximation ratio calculation; checking misc CSV.
Checking optimal_results_misc.csv for matching edges and weights...
Found matching exact result in misc CSV: 7.219115946911938
CSV writing for n=150 took 0.00 seconds; started at stardate 1784529721.656972 and finished at stardate 1784529721.6618474
results: {150: 10.208973777066298}
durations: {8: 6.64137864112854}
Results saved to: Results/logs/adam/qaoa_results_adam_20260720_081238_pid2105070.csv
Global end time: 1784529721.6618664
Finalisation time: 0.00 seconds; started at stardate 1784529721.6618543 and finished at stardate 1784529721.6618738
Sum of all section times: 6.65 seconds
run_id: f03e684b
