Starting QAOA benchmark with global start time: 1781761650.701706
Benchmark parameters: {'optimiser': 'adam', 'optimiser_use_heuristic': True, 'heuristic_optimiser_iterations': 2, 'heuristic_optimiser_sampleSize': 1000, 'circuit_type': 'hamqaoa', 'parameter_vector': [1, 1, 1], 'iterations_list': [50], 'learning_rate_adam': 0.05, 'depth_list': [1, 3, 5], 'n_start': 15, 'n_end': None, 'singlet_injection': False, 'start_index_singlet': None, 'warm_start': True, 'warm_start_mode': 'standard', 'lasserre_level': 2, 'initial_solver_level_M': 2, 'sdp_seed': 6000042, 'warm_start_corr_strength': None, 'warm_start_corr_repeats': None, 'compare_with_010101': False, 'init_QAOAparams_close_to_zero': False, 'use_correlations_as_initial_params': False, 'time_limit': 10800, 'failed_instance_termination_thrsh': None, 'graph_generation_type': 'hog', 'weighted': False, 'easiest_first': True, 'cpu_util_threshold': None, 'debug': False, 'save_circuit_svg': False, 'rerun_exclude_finished_instances': False, 'optimiser_debug_iterations': None, 'num_repeats': 10, 'relative_graph_adjList_path': 'HOG_graphs/triangleFree_connected_4to8vertices_176instances_AdjacencyList.txt', 'persistent_warm_start_cache': True, 'warm_start_cache_dir': 'Results/warm_start_cache', 'warm_start_cache_max_file_mb': 512, 'warm_start_cache_max_total_gb': 60, 'sdp_max_parallel': 5, 'qaoa_max_parallel': 8, 'sdp_threads': 1, 'qaoa_threads': 4, 'sdp_memory_limit_total_gb': 80, 'sdp_memory_limit_single_gb': 80, 'sdp_memory_poll_seconds': 5, 'sdp_max_retries': 3, 'queue_poll_interval_seconds': 5}, Running QAOA with equal superposition
Benchmark run ID: 8b9e5f8b
Benchmark repeat index: 7
SDP seed override: 6000042
Processor: x86_64
Hostname: dacsgpu0001
Total RAM (GB): None
Physical cores: 64
Logical cores: 64
Python version: 3.11.15
Initialisation time: 0.00 seconds; started at stardate {'initialisation': 0.002696990966796875} and finished at stardate1781761650.7044091
Loaded HOG graph index 40 with 3 edges.
Instance generation for n=40 took 0.00 seconds; started at stardate 1781761650.7044137 and finished at stardate 1781761650.706742
Running QAOA for n=4 nodes, m=3 edges...; Max iterations: 50
Warm-start cache: loading Results/warm_start_cache/triangleFree_connected_4to8vertices_176instances_AdjacencyList__filehash_279b7452/hog_idx000040_8f3d1be6e598_seed6000042_L2_M2_standard.npz
Warm-start cache: loaded in 0.0017 seconds; effective compute time=6.088117599487305
Edges: [(1, 3), (0, 2), (2, 3)], weights: [1.0, 1.0, 1.0], set of nodes: {0, 1, 2, 3}, n: 4 nodes, p: 5 layers, N_bayes: 50 iterations
Solving for uuid: b01bed22
Initial state injected as warm start
Running ADAM optimization with a single iteration (no debug loop)
3.9790668008321073
QAOA optimisation for n=40 took 230.55 seconds; started at stardate 1781761650.7067454 and finished at stardate 1781761881.2611208
Finished QAOA for n=4 nodes, m=3 edges at 2026-06-18 07:51:21 on x86_64. Time taken: 230.55 seconds. Hours: 0.06 hours. Peak RAM: 0.21 MB.
Computing line approximation ratio
CSV writing for n=40 took 0.01 seconds; started at stardate 1781761881.2611291 and finished at stardate 1781761881.2701104
results: {40: 3.9790668008321073}
durations: {4: 230.55437970161438}
Results saved to: Results/logs/adam/qaoa_results_adam_20260617_173540_pid708337.csv
Global end time: 1781761881.2701228
Finalisation time: 0.00 seconds; started at stardate 1781761881.2701156 and finished at stardate 1781761881.2701263
Sum of all section times: 230.57 seconds
run_id: 8b9e5f8b
