Starting QAOA benchmark with global start time: 1781711324.4871497
Benchmark parameters: {'optimiser': 'adam', 'optimiser_use_heuristic': True, 'heuristic_optimiser_iterations': 2, 'heuristic_optimiser_sampleSize': 1000, 'circuit_type': 'hamqaoa', 'parameter_vector': [1, 1, 1], 'iterations_list': [50], 'learning_rate_adam': 0.05, 'depth_list': [1, 3, 5], 'n_start': 15, 'n_end': None, 'singlet_injection': False, 'start_index_singlet': None, 'warm_start': True, 'warm_start_mode': 'standard', 'lasserre_level': 2, 'initial_solver_level_M': 2, 'sdp_seed': 42, 'warm_start_corr_strength': None, 'warm_start_corr_repeats': None, 'compare_with_010101': False, 'init_QAOAparams_close_to_zero': False, 'use_correlations_as_initial_params': False, 'time_limit': 10800, 'failed_instance_termination_thrsh': None, 'graph_generation_type': 'hog', 'weighted': False, 'easiest_first': True, 'cpu_util_threshold': None, 'debug': False, 'save_circuit_svg': False, 'rerun_exclude_finished_instances': False, 'optimiser_debug_iterations': None, 'num_repeats': 10, 'relative_graph_adjList_path': 'HOG_graphs/triangleFree_connected_4to8vertices_176instances_AdjacencyList.txt', 'persistent_warm_start_cache': True, 'warm_start_cache_dir': 'Results/warm_start_cache', 'warm_start_cache_max_file_mb': 512, 'warm_start_cache_max_total_gb': 60, 'sdp_max_parallel': 5, 'qaoa_max_parallel': 8, 'sdp_threads': 1, 'qaoa_threads': 4, 'sdp_memory_limit_total_gb': 80, 'sdp_memory_limit_single_gb': 80, 'sdp_memory_poll_seconds': 5, 'sdp_max_retries': 3, 'queue_poll_interval_seconds': 5}, Running QAOA with equal superposition
Benchmark run ID: ff9dbabf
Benchmark repeat index: 1
SDP seed override: 42
Processor: x86_64
Hostname: dacsgpu0001
Total RAM (GB): None
Physical cores: 64
Logical cores: 64
Python version: 3.11.15
Initialisation time: 0.00 seconds; started at stardate {'initialisation': 0.0040740966796875} and finished at stardate1781711324.4912355
Loaded HOG graph index 16 with 5 edges.
Instance generation for n=16 took 0.00 seconds; started at stardate 1781711324.4912426 and finished at stardate 1781711324.4945195
Running QAOA for n=5 nodes, m=5 edges...; Max iterations: 50
Warm-start cache: loading Results/warm_start_cache/triangleFree_connected_4to8vertices_176instances_AdjacencyList__filehash_279b7452/hog_idx000016_fffcd25a2931_seed42_L2_M2_standard.npz
Warm-start cache: loaded in 0.0055 seconds; effective compute time=36.98241209983826
Edges: [(1, 3), (0, 1), (3, 4), (0, 2), (2, 4)], weights: [1.0, 1.0, 1.0, 1.0, 1.0], set of nodes: {0, 1, 2, 3, 4}, n: 5 nodes, p: 3 layers, N_bayes: 50 iterations
Solving for uuid: 55c9a0af
Initial state injected as warm start
Running ADAM optimization with a single iteration (no debug loop)
5.287164177618565
QAOA optimisation for n=16 took 116.19 seconds; started at stardate 1781711324.4945247 and finished at stardate 1781711440.6869557
Finished QAOA for n=5 nodes, m=5 edges at 2026-06-17 17:50:40 on x86_64. Time taken: 116.19 seconds. Hours: 0.03 hours. Peak RAM: 0.2 MB.
Computing cycle approximation ratio
CSV writing for n=16 took 0.00 seconds; started at stardate 1781711440.6869645 and finished at stardate 1781711440.6916862
results: {16: 5.287164177618565}
durations: {5: 116.19243693351746}
Results saved to: Results/logs/adam/qaoa_results_adam_20260617_173540_pid708337.csv
Global end time: 1781711440.6916966
Finalisation time: 0.00 seconds; started at stardate 1781711440.6916895 and finished at stardate 1781711440.691701
Sum of all section times: 116.20 seconds
run_id: ff9dbabf
