Starting QAOA benchmark with global start time: 1781763896.4511573
Benchmark parameters: {'optimiser': 'adam', 'optimiser_use_heuristic': True, 'heuristic_optimiser_iterations': 2, 'heuristic_optimiser_sampleSize': 1000, 'circuit_type': 'hamqaoa', 'parameter_vector': [1, 1, 1], 'iterations_list': [50], 'learning_rate_adam': 0.05, 'depth_list': [1, 3, 5], 'n_start': 15, 'n_end': None, 'singlet_injection': False, 'start_index_singlet': None, 'warm_start': True, 'warm_start_mode': 'standard', 'lasserre_level': 2, 'initial_solver_level_M': 2, 'sdp_seed': 4000042, 'warm_start_corr_strength': None, 'warm_start_corr_repeats': None, 'compare_with_010101': False, 'init_QAOAparams_close_to_zero': False, 'use_correlations_as_initial_params': False, 'time_limit': 10800, 'failed_instance_termination_thrsh': None, 'graph_generation_type': 'hog', 'weighted': False, 'easiest_first': True, 'cpu_util_threshold': None, 'debug': False, 'save_circuit_svg': False, 'rerun_exclude_finished_instances': False, 'optimiser_debug_iterations': None, 'num_repeats': 10, 'relative_graph_adjList_path': 'HOG_graphs/triangleFree_connected_4to8vertices_176instances_AdjacencyList.txt', 'persistent_warm_start_cache': True, 'warm_start_cache_dir': 'Results/warm_start_cache', 'warm_start_cache_max_file_mb': 512, 'warm_start_cache_max_total_gb': 60, 'sdp_max_parallel': 5, 'qaoa_max_parallel': 8, 'sdp_threads': 1, 'qaoa_threads': 4, 'sdp_memory_limit_total_gb': 80, 'sdp_memory_limit_single_gb': 80, 'sdp_memory_poll_seconds': 5, 'sdp_max_retries': 3, 'queue_poll_interval_seconds': 5}, Running QAOA with equal superposition
Benchmark run ID: 33b3cd1e
Benchmark repeat index: 5
SDP seed override: 4000042
Processor: x86_64
Hostname: dacsgpu0001
Total RAM (GB): None
Physical cores: 64
Logical cores: 64
Python version: 3.11.15
Initialisation time: 0.01 seconds; started at stardate {'initialisation': 0.01127481460571289} and finished at stardate1781763896.4624386
Loaded HOG graph index 44 with 6 edges.
Instance generation for n=44 took 0.00 seconds; started at stardate 1781763896.4624434 and finished at stardate 1781763896.4647243
Running QAOA for n=7 nodes, m=6 edges...; Max iterations: 50
Warm-start: starting SDP solve for n_vertices=7
Warm-start: using configured sdp_seed=4000042
Rounding...
Setting seed to 4000042
n_vertices: 7 for n = 21
Using seed 4000042 to generate random matrix for x.
Energy of rounded cut/product state: 5.372724278002412
Algorithm 17 lower-bound energy: 5.0146808758190735
Algorithm 17 actual entangled-state energy: 5.9728682091419
SDP objective value: 8.466103029082788
4 in cut out of a total of 6 edges
Warm-start: SDP solve + rounding finished in 551.31 seconds
Warm-start: using level-2 Algorithm 17 entangled statevector with shape (128,)
Warm-start cache: saved Results/warm_start_cache/triangleFree_connected_4to8vertices_176instances_AdjacencyList__filehash_279b7452/hog_idx000044_f92039f143ab_seed4000042_L2_M2_standard.npz in 0.0055 seconds
Edges: [(1, 6), (3, 5), (0, 6), (4, 5), (3, 6), (2, 4)], weights: [1.0, 1.0, 1.0, 1.0, 1.0, 1.0], set of nodes: {0, 1, 2, 3, 4, 5, 6}, n: 7 nodes, p: 1 layers, N_bayes: 50 iterations
Solving for uuid: 08d3e663
Initial state injected as warm start
Running ADAM optimization with a single iteration (no debug loop)
5.410493175296847
QAOA optimisation for n=44 took 616.78 seconds; started at stardate 1781763896.4647274 and finished at stardate 1781764513.2493038
Finished QAOA for n=7 nodes, m=6 edges at 2026-06-18 08:35:13 on x86_64. Time taken: 616.78 seconds. Hours: 0.17 hours. Peak RAM: 10.67 MB.
Unknown graph type for approximation ratio calculation; checking misc CSV.
Checking optimal_results_misc.csv for matching edges and weights...
Found matching exact result in misc CSV: 4.231673848249003
CSV writing for n=44 took 0.01 seconds; started at stardate 1781764513.249311 and finished at stardate 1781764513.2576058
results: {44: 5.410493175296847}
durations: {7: 616.78458070755}
Results saved to: Results/logs/adam/qaoa_results_adam_20260617_173540_pid708337.csv
Global end time: 1781764513.2576234
Finalisation time: 0.00 seconds; started at stardate 1781764513.2576125 and finished at stardate 1781764513.2576275
Sum of all section times: 616.81 seconds
run_id: 33b3cd1e
