Starting QAOA benchmark with global start time: 1781730493.0066767
Benchmark parameters: {'optimiser': 'adam', 'optimiser_use_heuristic': True, 'heuristic_optimiser_iterations': 2, 'heuristic_optimiser_sampleSize': 1000, 'circuit_type': 'hamqaoa', 'parameter_vector': [1, 1, 1], 'iterations_list': [50], 'learning_rate_adam': 0.05, 'depth_list': [1, 3, 5], 'n_start': 15, 'n_end': None, 'singlet_injection': False, 'start_index_singlet': None, 'warm_start': True, 'warm_start_mode': 'standard', 'lasserre_level': 2, 'initial_solver_level_M': 2, 'sdp_seed': 1000042, 'warm_start_corr_strength': None, 'warm_start_corr_repeats': None, 'compare_with_010101': False, 'init_QAOAparams_close_to_zero': False, 'use_correlations_as_initial_params': False, 'time_limit': 10800, 'failed_instance_termination_thrsh': None, 'graph_generation_type': 'hog', 'weighted': False, 'easiest_first': True, 'cpu_util_threshold': None, 'debug': False, 'save_circuit_svg': False, 'rerun_exclude_finished_instances': False, 'optimiser_debug_iterations': None, 'num_repeats': 10, 'relative_graph_adjList_path': 'HOG_graphs/triangleFree_connected_4to8vertices_176instances_AdjacencyList.txt', 'persistent_warm_start_cache': True, 'warm_start_cache_dir': 'Results/warm_start_cache', 'warm_start_cache_max_file_mb': 512, 'warm_start_cache_max_total_gb': 60, 'sdp_max_parallel': 5, 'qaoa_max_parallel': 8, 'sdp_threads': 1, 'qaoa_threads': 4, 'sdp_memory_limit_total_gb': 80, 'sdp_memory_limit_single_gb': 80, 'sdp_memory_poll_seconds': 5, 'sdp_max_retries': 3, 'queue_poll_interval_seconds': 5}, Running QAOA with equal superposition
Benchmark run ID: f5641beb
Benchmark repeat index: 2
SDP seed override: 1000042
Processor: x86_64
Hostname: dacsgpu0001
Total RAM (GB): None
Physical cores: 64
Logical cores: 64
Python version: 3.11.15
Initialisation time: 0.02 seconds; started at stardate {'initialisation': 0.01645970344543457} and finished at stardate1781730493.023147
Loaded HOG graph index 28 with 3 edges.
Instance generation for n=28 took 0.00 seconds; started at stardate 1781730493.0231526 and finished at stardate 1781730493.0256767
Running QAOA for n=4 nodes, m=3 edges...; Max iterations: 50
Warm-start: starting SDP solve for n_vertices=4
Warm-start: using configured sdp_seed=1000042
Rounding...
Setting seed to 1000042
n_vertices: 4 for n = 12
Using seed 1000042 to generate random matrix for x.
Energy of rounded cut/product state: 1.466385006690499
Algorithm 17 lower-bound energy: 2.3312451440217763
Algorithm 17 actual entangled-state energy: 1.5452434798826942
SDP objective value: 3.999999952006242
1 in cut out of a total of 3 edges
Warm-start: SDP solve + rounding finished in 9.02 seconds
Warm-start: using level-2 Algorithm 17 entangled statevector with shape (16,)
Warm-start cache: saved Results/warm_start_cache/triangleFree_connected_4to8vertices_176instances_AdjacencyList__filehash_279b7452/hog_idx000028_aa31b41fdb35_seed1000042_L2_M2_standard.npz in 0.0119 seconds
Edges: [(1, 3), (2, 3), (0, 3)], weights: [1.0, 1.0, 1.0], set of nodes: {0, 1, 2, 3}, n: 4 nodes, p: 1 layers, N_bayes: 50 iterations
Solving for uuid: c76448d3
Initial state injected as warm start
Running ADAM optimization with a single iteration (no debug loop)
2.2114756817459265
QAOA optimisation for n=28 took 75.05 seconds; started at stardate 1781730493.0256803 and finished at stardate 1781730568.0800672
Finished QAOA for n=4 nodes, m=3 edges at 2026-06-17 23:09:28 on x86_64. Time taken: 75.05 seconds. Hours: 0.02 hours. Peak RAM: 0.47 MB.
Unknown graph type for approximation ratio calculation; checking misc CSV.
Checking optimal_results_misc.csv for matching edges and weights...
Found matching exact result in misc CSV: 2.000000000000001
CSV writing for n=28 took 0.02 seconds; started at stardate 1781730568.0800734 and finished at stardate 1781730568.097469
results: {28: 2.2114756817459265}
durations: {4: 75.05439043045044}
Results saved to: Results/logs/adam/qaoa_results_adam_20260617_173540_pid708337.csv
Global end time: 1781730568.0974803
Finalisation time: 0.00 seconds; started at stardate 1781730568.0974727 and finished at stardate 1781730568.0974832
Sum of all section times: 75.09 seconds
run_id: f5641beb
