Starting QAOA benchmark with global start time: 1781720905.0809903
Benchmark parameters: {'optimiser': 'adam', 'optimiser_use_heuristic': True, 'heuristic_optimiser_iterations': 2, 'heuristic_optimiser_sampleSize': 1000, 'circuit_type': 'hamqaoa', 'parameter_vector': [1, 1, 1], 'iterations_list': [50], 'learning_rate_adam': 0.05, 'depth_list': [1, 3, 5], 'n_start': 15, 'n_end': None, 'singlet_injection': False, 'start_index_singlet': None, 'warm_start': True, 'warm_start_mode': 'standard', 'lasserre_level': 2, 'initial_solver_level_M': 2, 'sdp_seed': 4000042, 'warm_start_corr_strength': None, 'warm_start_corr_repeats': None, 'compare_with_010101': False, 'init_QAOAparams_close_to_zero': False, 'use_correlations_as_initial_params': False, 'time_limit': 10800, 'failed_instance_termination_thrsh': None, 'graph_generation_type': 'hog', 'weighted': False, 'easiest_first': True, 'cpu_util_threshold': None, 'debug': False, 'save_circuit_svg': False, 'rerun_exclude_finished_instances': False, 'optimiser_debug_iterations': None, 'num_repeats': 10, 'relative_graph_adjList_path': 'HOG_graphs/triangleFree_connected_4to8vertices_176instances_AdjacencyList.txt', 'persistent_warm_start_cache': True, 'warm_start_cache_dir': 'Results/warm_start_cache', 'warm_start_cache_max_file_mb': 512, 'warm_start_cache_max_total_gb': 60, 'sdp_max_parallel': 5, 'qaoa_max_parallel': 8, 'sdp_threads': 1, 'qaoa_threads': 4, 'sdp_memory_limit_total_gb': 80, 'sdp_memory_limit_single_gb': 80, 'sdp_memory_poll_seconds': 5, 'sdp_max_retries': 3, 'queue_poll_interval_seconds': 5}, Running QAOA with equal superposition
Benchmark run ID: b619ccce
Benchmark repeat index: 5
SDP seed override: 4000042
Processor: x86_64
Hostname: dacsgpu0001
Total RAM (GB): None
Physical cores: 64
Logical cores: 64
Python version: 3.11.15
Initialisation time: 0.01 seconds; started at stardate {'initialisation': 0.009828805923461914} and finished at stardate1781720905.0908256
Loaded HOG graph index 24 with 7 edges.
Instance generation for n=24 took 0.00 seconds; started at stardate 1781720905.0908294 and finished at stardate 1781720905.0931377
Running QAOA for n=8 nodes, m=7 edges...; Max iterations: 50
Warm-start: starting SDP solve for n_vertices=8
Warm-start: using configured sdp_seed=4000042
Rounding...
Setting seed to 4000042
n_vertices: 8 for n = 24
Using seed 4000042 to generate random matrix for x.
Energy of rounded cut/product state: 5.952024731147566
Algorithm 17 lower-bound energy: 5.689720302813106
Algorithm 17 actual entangled-state energy: 6.468058469392696
SDP objective value: 9.71063838837438
5 in cut out of a total of 7 edges
Warm-start: SDP solve + rounding finished in 1625.92 seconds
Warm-start: using level-2 Algorithm 17 entangled statevector with shape (256,)
Warm-start cache: saved Results/warm_start_cache/triangleFree_connected_4to8vertices_176instances_AdjacencyList__filehash_279b7452/hog_idx000024_d629cfb9fb11_seed4000042_L2_M2_standard.npz in 0.0068 seconds
Edges: [(2, 6), (0, 7), (5, 6), (3, 4), (4, 5), (3, 7), (1, 7)], weights: [1.0, 1.0, 1.0, 1.0, 1.0, 1.0, 1.0], set of nodes: {0, 1, 2, 3, 4, 5, 6, 7}, n: 8 nodes, p: 1 layers, N_bayes: 50 iterations
Solving for uuid: 1df67d45
Initial state injected as warm start
Running ADAM optimization with a single iteration (no debug loop)
5.51505925065734
QAOA optimisation for n=24 took 1713.39 seconds; started at stardate 1781720905.0931408 and finished at stardate 1781722618.47996
Finished QAOA for n=8 nodes, m=7 edges at 2026-06-17 20:56:58 on x86_64. Time taken: 1713.39 seconds. Hours: 0.48 hours. Peak RAM: 29.75 MB.
Unknown graph type for approximation ratio calculation; checking misc CSV.
Checking optimal_results_misc.csv for matching edges and weights...
Found matching exact result in misc CSV: 4.845640458039818
CSV writing for n=24 took 0.01 seconds; started at stardate 1781722618.479967 and finished at stardate 1781722618.491467
results: {24: 5.51505925065734}
durations: {8: 1713.3868234157562}
Results saved to: Results/logs/adam/qaoa_results_adam_20260617_173540_pid708337.csv
Global end time: 1781722618.491477
Finalisation time: 0.00 seconds; started at stardate 1781722618.4914703 and finished at stardate 1781722618.4914806
Sum of all section times: 1713.41 seconds
run_id: b619ccce
