Starting QAOA benchmark with global start time: 1785897269.3017457
Benchmark parameters: {'optimiser': 'adam', 'optimiser_use_heuristic': True, 'heuristic_optimiser_iterations': 1, 'heuristic_optimiser_sampleSize': 20, 'circuit_type': 'hamqaoa', 'parameter_vector': [1, 1, 1], 'iterations_list': [50], 'learning_rate_adam': 0.01, 'depth_list': [1, 2, 3, 5], 'n_start': None, 'n_end': None, 'singlet_injection': False, 'start_index_singlet': None, 'warm_start': True, 'warm_start_mode': 'amplified_king', 'lasserre_level': 2, 'initial_solver_level_M': 2, 'sdp_seed': None, 'sdp_solver_mode': 'scs', 'sdp_scs_eps': 1e-06, 'sdp_scs_max_iters': 100000, 'warm_start_corr_strength': None, 'warm_start_corr_repeats': None, 'compare_with_010101': False, 'init_QAOAparams_close_to_zero': False, 'use_correlations_as_initial_params': False, 'time_limit': None, 'failed_instance_termination_thrsh': None, 'graph_generation_type': 'hog', 'weighted': False, 'easiest_first': True, 'cpu_util_threshold': None, 'debug': False, 'save_circuit_svg': False, 'rerun_exclude_finished_instances': True, 'warm_start_cache_producer_only': False, 'qaoa_only_from_existing_warm_start_cache': True, 'optimiser_debug_iterations': None, 'num_repeats': 1, 'relative_graph_adjList_path': 'HOG_graphs/Exp5/list_454_graphs_adjacency_listhog_v04-12_bipartite.txt', 'persistent_warm_start_cache': True, 'warm_start_cache_dir': 'Results/warm_start_cache', 'warm_start_cache_max_file_mb': 512, 'warm_start_cache_max_total_gb': 60, 'sdp_max_parallel': 0, 'qaoa_max_parallel': 32, 'sdp_threads': 1, 'qaoa_threads': 1, 'sdp_memory_limit_total_gb': 0, 'sdp_memory_limit_single_gb': 0, 'sdp_memory_poll_seconds': 5, 'sdp_max_retries': 0, 'queue_poll_interval_seconds': 5, 'completed_result_csv_paths': [], 'initialise_standard_warm_start_with_zero_angles': False, 'result_name_suffix': '_Exp5_subexp3_KingAmplified'}, Running QAOA with equal superposition
Benchmark run ID: a6ddfdf9
Benchmark repeat index: 1
SDP seed override: None
Processor: x86_64
Hostname: dacsgpu0002
Total RAM (GB): None
Physical cores: 64
Logical cores: 64
Python version: 3.11.15
Initialisation time: 0.01 seconds; started at stardate {'initialisation': 0.012291193008422852} and finished at stardate1785897269.3140495
Loaded HOG graph index 9 with 9 edges.
Instance generation for n=9 took 0.01 seconds; started at stardate 1785897269.3140576 and finished at stardate 1785897269.3247204
Running QAOA for n=10 nodes, m=9 edges...; Max iterations: 50
Warm-start cache: loading Results/warm_start_cache/list_454_graphs_adjacency_listhog_v04-12_bipartite__filehash_0815e7e8/hog_idx000009_0429580d9352_noseed_L2_M2_amplified.npz
Warm-start cache: loaded in 0.0066 seconds; effective compute time=8124.473655939102
Edges: [(3, 9), (2, 7), (5, 7), (3, 5), (4, 6), (6, 8), (1, 8), (4, 9), (0, 9)], weights: [1.0, 1.0, 1.0, 1.0, 1.0, 1.0, 1.0, 1.0, 1.0], set of nodes: {0, 1, 2, 3, 4, 5, 6, 7, 8, 9}, n: 10 nodes, p: 5 layers, N_bayes: 50 iterations
Solving for uuid: cd8f8530
Initial state injected as warm start
Running ADAM optimization with a single iteration (no debug loop)
8.539650135962836
QAOA optimisation for n=9 took 218.36 seconds; started at stardate 1785897269.3247259 and finished at stardate 1785897487.6829355
Finished QAOA for n=10 nodes, m=9 edges at 2026-08-05 04:38:07 on x86_64. Time taken: 218.36 seconds. Hours: 0.06 hours. Peak RAM: 1.48 MB.
Unknown graph type for approximation ratio calculation; checking misc CSV.
Checking optimal_results_misc.csv for matching edges and weights...
Found matching exact result in misc CSV: 6.478385494588484
CSV writing for n=9 took 0.01 seconds; started at stardate 1785897487.6829433 and finished at stardate 1785897487.690865
results: {9: 8.539650135962836}
durations: {10: 218.3582146167755}
Results saved to: Results/logs/adam/qaoa_results_adam_20260805_043401_pid201863_Exp5_subexp3_KingAmplified.csv
Global end time: 1785897487.6908739
Finalisation time: 0.00 seconds; started at stardate 1785897487.690868 and finished at stardate 1785897487.690877
Sum of all section times: 218.39 seconds
run_id: a6ddfdf9
