Starting QAOA benchmark with global start time: 1788995793.8585653
Benchmark parameters: {'optimiser': 'adam', 'optimiser_use_heuristic': False, 'heuristic_optimiser_iterations': None, 'heuristic_optimiser_sampleSize': None, 'circuit_type': 'hamqaoa', 'parameter_vector': [1, 1, 1], 'iterations_list': [75], 'learning_rate_adam': 0.01, 'depth_list': [1, 2, 3, 4, 5], 'n_start': None, 'n_end': None, 'singlet_injection': False, 'start_index_singlet': None, 'warm_start': True, 'warm_start_mode': 'amplified', 'lasserre_level': 2, 'initial_solver_level_M': 2, 'sdp_seed': 42, 'sdp_solver_mode': 'scs', 'sdp_scs_eps': 1e-06, 'sdp_scs_max_iters': 100000, 'warm_start_corr_strength': None, 'warm_start_corr_repeats': None, 'compare_with_010101': False, 'init_QAOAparams_close_to_zero': False, 'use_correlations_as_initial_params': False, 'time_limit': None, 'failed_instance_termination_thrsh': None, 'graph_generation_type': 'hog', 'weighted': False, 'easiest_first': True, 'cpu_util_threshold': None, 'debug': False, 'save_circuit_svg': False, 'rerun_exclude_finished_instances': False, 'warm_start_cache_producer_only': False, 'qaoa_only_from_existing_warm_start_cache': True, 'optimiser_debug_iterations': None, 'num_repeats': 1, 'relative_graph_adjList_path': 'HOG_graphs/Exp5/list_454_graphs_adjacency_listhog_v04-12_bipartite.txt', 'persistent_warm_start_cache': True, 'warm_start_cache_dir': 'Results/warm_start_cache', 'warm_start_cache_max_file_mb': 512, 'warm_start_cache_max_total_gb': 60, 'sdp_max_parallel': 0, 'qaoa_max_parallel': 16, 'sdp_threads': 1, 'qaoa_threads': 1, 'sdp_memory_limit_total_gb': 0, 'sdp_memory_limit_single_gb': 0, 'sdp_memory_poll_seconds': 5, 'sdp_max_retries': 0, 'queue_poll_interval_seconds': 5, 'max_graph_vertices': 10, 'completed_result_csv_paths': [], 'qaoa_seed': 42, 'initialise_standard_warm_start_with_zero_angles': True, 'result_name_suffix': '_FINAL_BENCHMARKS_AMPLIFIED', 'algorithm17_beta_mode': 'analytic_instance'}, Running QAOA with equal superposition
Benchmark run ID: 08d99f98
Benchmark repeat index: 1
Configured SDP rounding seed: 42
QAOA seed used: 42
Processor: x86_64
Hostname: dacsvm-cpunode01
Total RAM (GB): None
Physical cores: 32
Logical cores: 32
Python version: 3.11.15
Initialisation time: 0.01 seconds; started at stardate {'initialisation': 0.00782322883605957} and finished at stardate1788995793.8664033
Loaded HOG graph index 45 with 8 edges.
Instance generation for n=45 took 0.01 seconds; started at stardate 1788995793.866415 and finished at stardate 1788995793.8803313
Running QAOA for n=9 nodes, m=8 edges...; Max iterations: 75
Warm-start cache: loading Results/warm_start_cache/list_454_graphs_adjacency_listhog_v04-12_bipartite__filehash_0815e7e8/hog_idx000045_96a8be9c8d8c_seed42_L2_M2_betaanalytic_instance_amplified.npz
Warm-start cache: loaded in 0.0072 seconds; effective compute time=3045.083883047104
Edges: [(2, 3), (5, 7), (3, 5), (4, 6), (6, 8), (0, 8), (2, 4), (1, 7)], weights: [1.0, 1.0, 1.0, 1.0, 1.0, 1.0, 1.0, 1.0], set of nodes: {0, 1, 2, 3, 4, 5, 6, 7, 8}, n: 9 nodes, p: 4 layers, N_bayes: 75 iterations
Solving for uuid: 989da47d
Initial state injected as warm start
Warm start correlations applied in the form of weak entanglement
Running ADAM optimization with a single iteration (no debug loop)
7.506952259189779
QAOA optimisation for n=45 took 72.63 seconds; started at stardate 1788995793.8803406 and finished at stardate 1788995866.507835
Finished QAOA for n=9 nodes, m=8 edges at 2026-09-10 01:17:46 on x86_64. Time taken: 72.63 seconds. Hours: 0.02 hours. Peak RAM: 0.53 MB.
Computing line approximation ratio
CSV writing for n=45 took 0.01 seconds; started at stardate 1788995866.5078425 and finished at stardate 1788995866.5218616
results: {45: 7.506952259189779}
durations: {9: 72.62750148773193}
Results saved to: Results/logs/adam/qaoa_results_adam_20260909_205526_pid3035148_FINAL_BENCHMARKS_AMPLIFIED.csv
Global end time: 1788995866.521927
Finalisation time: 0.00 seconds; started at stardate 1788995866.5218663 and finished at stardate 1788995866.5219328
Sum of all section times: 72.66 seconds
run_id: 08d99f98
