/home/i6408800/MasterThesis/QAOA/Code/Circuit.py:182: UserWarning: No classical warm-start cut provided for HAMQAOA; using random cut values for fourth HAMQAOA gate. This may lead to suboptimal performance and may be unintentional if a classical warm start was intended.
  warnings.warn(
Starting QAOA benchmark with global start time: 1784564128.9936552
Benchmark parameters: {'optimiser': 'adam', 'optimiser_use_heuristic': True, 'heuristic_optimiser_iterations': 1, 'heuristic_optimiser_sampleSize': 10, 'circuit_type': 'hamqaoa', 'parameter_vector': [1, 1, 1], 'iterations_list': [5, 10, 25, 50], 'learning_rate_adam': 0.001, 'depth_list': [1, 2], 'n_start': None, 'n_end': None, 'singlet_injection': False, 'start_index_singlet': None, 'warm_start': False, 'warm_start_mode': None, 'lasserre_level': None, 'initial_solver_level_M': None, 'sdp_seed': None, 'sdp_solver_mode': None, 'sdp_scs_eps': None, 'sdp_scs_max_iters': None, 'warm_start_corr_strength': None, 'warm_start_corr_repeats': None, 'compare_with_010101': False, 'init_QAOAparams_close_to_zero': False, 'use_correlations_as_initial_params': None, 'time_limit': None, 'failed_instance_termination_thrsh': None, 'graph_generation_type': 'hog', 'weighted': False, 'easiest_first': True, 'cpu_util_threshold': None, 'debug': False, 'save_circuit_svg': False, 'rerun_exclude_finished_instances': False, 'warm_start_cache_producer_only': False, 'qaoa_only_from_existing_warm_start_cache': False, 'optimiser_debug_iterations': None, 'num_repeats': 1, 'relative_graph_adjList_path': 'HOG_graphs/stress_test.txt', 'persistent_warm_start_cache': False, 'warm_start_cache_dir': None, 'warm_start_cache_max_file_mb': None, 'warm_start_cache_max_total_gb': None, 'sdp_max_parallel': 0, 'qaoa_max_parallel': 32, 'sdp_threads': None, 'qaoa_threads': 1, 'sdp_memory_limit_total_gb': None, 'sdp_memory_limit_single_gb': None, 'sdp_memory_poll_seconds': None, 'sdp_max_retries': None, 'queue_poll_interval_seconds': 5}, Running QAOA with equal superposition
Benchmark run ID: e2956222
Benchmark repeat index: 1
SDP seed override: None
Processor: x86_64
Hostname: dacsgpu0002
Total RAM (GB): None
Physical cores: 64
Logical cores: 64
Python version: 3.11.15
Initialisation time: 0.00 seconds; started at stardate {'initialisation': 0.002441883087158203} and finished at stardate1784564128.9961033
Loaded HOG graph index 94 with 21 edges.
Instance generation for n=94 took 0.00 seconds; started at stardate 1784564128.996108 and finished at stardate 1784564128.9994495
Running QAOA for n=9 nodes, m=21 edges...; Max iterations: 10
Edges: [(2, 3), (3, 8), (2, 6), (7, 8), (0, 5), (0, 2), (0, 8), (1, 7), (3, 4), (4, 5), (3, 7), (4, 8), (1, 3), (0, 1), (0, 7), (5, 6), (3, 6), (0, 3), (1, 2), (1, 5), (6, 7)], weights: [1.0, 1.0, 1.0, 1.0, 1.0, 1.0, 1.0, 1.0, 1.0, 1.0, 1.0, 1.0, 1.0, 1.0, 1.0, 1.0, 1.0, 1.0, 1.0, 1.0, 1.0], set of nodes: {0, 1, 2, 3, 4, 5, 6, 7, 8}, n: 9 nodes, p: 1 layers, N_bayes: 10 iterations
Solving for uuid: 2a6d3897
No warm start: Default initial state is equal superposition
Running ADAM optimization with a single iteration (no debug loop)
5.8319539956990125
QAOA optimisation for n=94 took 0.89 seconds; started at stardate 1784564128.9994526 and finished at stardate 1784564129.889104
Finished QAOA for n=9 nodes, m=21 edges at 2026-07-20 18:15:29 on x86_64. Time taken: 0.89 seconds. Hours: 0.00 hours. Peak RAM: 0.2 MB.
Unknown graph type for approximation ratio calculation; checking misc CSV.
Checking optimal_results_misc.csv for matching edges and weights...
Found matching exact result in misc CSV: 10.0668642303933
CSV writing for n=94 took 0.00 seconds; started at stardate 1784564129.889113 and finished at stardate 1784564129.8932102
results: {94: 5.8319539956990125}
durations: {9: 0.8896563053131104}
Results saved to: Results/logs/adam/qaoa_results_adam_20260720_180040_pid1978170.csv
Global end time: 1784564129.893222
Finalisation time: 0.00 seconds; started at stardate 1784564129.8932137 and finished at stardate 1784564129.8932264
Sum of all section times: 0.90 seconds
run_id: e2956222
