/home/i6408800/MasterThesis/QAOA/Code/Circuit.py:192: UserWarning: No classical warm-start cut provided for HAMQAOA; using random cut values for fourth HAMQAOA gate. This may lead to suboptimal performance and may be unintentional if a classical warm start was intended.
  warnings.warn(
Starting QAOA benchmark with global start time: 1785829637.041274
Benchmark parameters: {'optimiser': 'adam', 'optimiser_use_heuristic': False, 'heuristic_optimiser_iterations': None, 'heuristic_optimiser_sampleSize': None, 'circuit_type': 'hamqaoa', 'parameter_vector': [1, 1, 1], 'iterations_list': [50], 'learning_rate_adam': 0.001, 'depth_list': [1, 2, 3], 'n_start': None, 'n_end': None, 'singlet_injection': False, 'start_index_singlet': None, 'warm_start': False, 'warm_start_mode': None, 'lasserre_level': None, 'initial_solver_level_M': None, 'sdp_seed': None, 'sdp_solver_mode': None, 'sdp_scs_eps': None, 'sdp_scs_max_iters': None, 'warm_start_corr_strength': None, 'warm_start_corr_repeats': None, 'compare_with_010101': False, 'init_QAOAparams_close_to_zero': False, 'use_correlations_as_initial_params': None, 'time_limit': None, 'failed_instance_termination_thrsh': None, 'graph_generation_type': 'hog', 'weighted': False, 'easiest_first': False, 'cpu_util_threshold': None, 'debug': False, 'save_circuit_svg': False, 'rerun_exclude_finished_instances': True, 'warm_start_cache_producer_only': False, 'qaoa_only_from_existing_warm_start_cache': False, 'optimiser_debug_iterations': None, 'num_repeats': 1, 'relative_graph_adjList_path': 'HOG_graphs/Exp5/list_454_graphs_adjacency_listhog_v04-12_bipartite.txt', 'persistent_warm_start_cache': False, 'warm_start_cache_dir': None, 'warm_start_cache_max_file_mb': None, 'warm_start_cache_max_total_gb': None, 'sdp_max_parallel': 0, 'qaoa_max_parallel': 32, 'sdp_threads': 1, 'qaoa_threads': 1, 'sdp_memory_limit_total_gb': 0, 'sdp_memory_limit_single_gb': 0, 'sdp_memory_poll_seconds': None, 'sdp_max_retries': 0, 'queue_poll_interval_seconds': 5, 'completed_result_csv_paths': [], 'initialise_standard_warm_start_with_zero_angles': False, 'result_name_suffix': '_Exp5_subexp1_zeroAngles'}, Running QAOA with equal superposition
Benchmark run ID: 3fd7e030
Benchmark repeat index: 1
SDP seed override: None
Processor: x86_64
Hostname: dacsgpu0003
Total RAM (GB): None
Physical cores: 64
Logical cores: 64
Python version: 3.11.15
Initialisation time: 0.01 seconds; started at stardate {'initialisation': 0.005097627639770508} and finished at stardate1785829637.0463781
Loaded HOG graph index 197 with 20 edges.
Instance generation for n=197 took 0.01 seconds; started at stardate 1785829637.0463831 and finished at stardate 1785829637.0549238
Running QAOA for n=12 nodes, m=20 edges...; Max iterations: 50
Edges: [(5, 11), (3, 8), (2, 9), (7, 11), (8, 10), (9, 11), (0, 8), (5, 10), (2, 8), (4, 11), (7, 10), (9, 10), (1, 9), (6, 11), (3, 9), (4, 10), (8, 11), (1, 8), (0, 9), (6, 10)], weights: [1.0, 1.0, 1.0, 1.0, 1.0, 1.0, 1.0, 1.0, 1.0, 1.0, 1.0, 1.0, 1.0, 1.0, 1.0, 1.0, 1.0, 1.0, 1.0, 1.0], set of nodes: {0, 1, 2, 3, 4, 5, 6, 7, 8, 9, 10, 11}, n: 12 nodes, p: 2 layers, N_bayes: 50 iterations
Solving for uuid: 95ebb17b
No warm start: Default initial state is equal superposition
Running ADAM optimization with a single iteration (no debug loop)
6.213302178376614
QAOA optimisation for n=197 took 6.84 seconds; started at stardate 1785829637.0549273 and finished at stardate 1785829643.89702
Finished QAOA for n=12 nodes, m=20 edges at 2026-08-04 09:47:23 on x86_64. Time taken: 6.84 seconds. Hours: 0.00 hours. Peak RAM: 0.23 MB.
Unknown graph type for approximation ratio calculation; checking misc CSV.
Checking optimal_results_misc.csv for matching edges and weights...
Found matching exact result in misc CSV: 11.795831523312717
CSV writing for n=197 took 0.01 seconds; started at stardate 1785829643.897026 and finished at stardate 1785829643.9041193
results: {197: 6.213302178376614}
durations: {12: 6.84209680557251}
Results saved to: Results/logs/adam/qaoa_results_adam_20260804_092516_pid2171999_Exp5_subexp1_zeroAngles.csv
Global end time: 1785829643.904127
Finalisation time: 0.00 seconds; started at stardate 1785829643.9041216 and finished at stardate 1785829643.9041293
Sum of all section times: 6.86 seconds
run_id: 3fd7e030
