Starting QAOA benchmark with global start time: 1781749155.7590683
Benchmark parameters: {'optimiser': 'adam', 'optimiser_use_heuristic': True, 'heuristic_optimiser_iterations': 2, 'heuristic_optimiser_sampleSize': 1000, 'circuit_type': 'hamqaoa', 'parameter_vector': [1, 1, 1], 'iterations_list': [50], 'learning_rate_adam': 0.05, 'depth_list': [1, 3, 5], 'n_start': None, 'n_end': None, 'singlet_injection': False, 'start_index_singlet': None, 'warm_start': True, 'warm_start_mode': 'standard', 'lasserre_level': 1, 'initial_solver_level_M': 1, 'sdp_seed': 2000042, 'warm_start_corr_strength': None, 'warm_start_corr_repeats': None, 'compare_with_010101': False, 'init_QAOAparams_close_to_zero': False, 'use_correlations_as_initial_params': False, 'time_limit': 10800, 'failed_instance_termination_thrsh': None, 'graph_generation_type': 'hog', 'weighted': False, 'easiest_first': True, 'cpu_util_threshold': None, 'debug': False, 'save_circuit_svg': False, 'rerun_exclude_finished_instances': False, 'optimiser_debug_iterations': None, 'num_repeats': 10, 'relative_graph_adjList_path': 'HOG_graphs/triangleFree_connected_4to8vertices_176instances_AdjacencyList.txt', 'persistent_warm_start_cache': True, 'warm_start_cache_dir': 'Results/warm_start_cache', 'warm_start_cache_max_file_mb': 512, 'warm_start_cache_max_total_gb': 60, 'sdp_max_parallel': 5, 'qaoa_max_parallel': 8, 'sdp_threads': 1, 'qaoa_threads': 4, 'sdp_memory_limit_total_gb': 80, 'sdp_memory_limit_single_gb': 80, 'sdp_memory_poll_seconds': 5, 'sdp_max_retries': 3, 'queue_poll_interval_seconds': 5}, Running QAOA with equal superposition
Benchmark run ID: 1c94549b
Benchmark repeat index: 3
SDP seed override: 2000042
Processor: x86_64
Hostname: dacsgpu0001
Total RAM (GB): None
Physical cores: 64
Logical cores: 64
Python version: 3.11.15
Initialisation time: 0.00 seconds; started at stardate {'initialisation': 0.002732515335083008} and finished at stardate1781749155.7618077
Loaded HOG graph index 34 with 13 edges.
Instance generation for n=34 took 0.00 seconds; started at stardate 1781749155.7618127 and finished at stardate 1781749155.7641697
Running QAOA for n=8 nodes, m=13 edges...; Max iterations: 50
Warm-start cache: loading Results/warm_start_cache/triangleFree_connected_4to8vertices_176instances_AdjacencyList__filehash_279b7452/hog_idx000034_062975f12d19_seed2000042_L1_M1_standard.npz
Warm-start cache: loaded in 0.0014 seconds; effective compute time=0.14313769340515137
Edges: [(2, 7), (0, 1), (4, 7), (2, 6), (5, 7), (0, 3), (4, 6), (5, 6), (1, 5), (3, 7), (1, 4), (0, 2), (3, 6)], weights: [1.0, 1.0, 1.0, 1.0, 1.0, 1.0, 1.0, 1.0, 1.0, 1.0, 1.0, 1.0, 1.0], set of nodes: {0, 1, 2, 3, 4, 5, 6, 7}, n: 8 nodes, p: 5 layers, N_bayes: 50 iterations
Solving for uuid: d5217649
Initial state injected as warm start
Running ADAM optimization with a single iteration (no debug loop)
7.129700691456222
QAOA optimisation for n=34 took 974.05 seconds; started at stardate 1781749155.7641728 and finished at stardate 1781750129.8138657
Finished QAOA for n=8 nodes, m=13 edges at 2026-06-18 04:35:29 on x86_64. Time taken: 974.05 seconds. Hours: 0.27 hours. Peak RAM: 0.22 MB.
Unknown graph type for approximation ratio calculation; checking misc CSV.
Checking optimal_results_misc.csv for matching edges and weights...
Found matching exact result in misc CSV: 7.957194684958
CSV writing for n=34 took 0.02 seconds; started at stardate 1781750129.8138742 and finished at stardate 1781750129.8360205
results: {34: 7.129700691456222}
durations: {8: 974.0496969223022}
Results saved to: Results/logs/adam/qaoa_results_adam_20260617_172309_pid3959588.csv
Global end time: 1781750129.836037
Finalisation time: 0.00 seconds; started at stardate 1781750129.8360264 and finished at stardate 1781750129.8360415
Sum of all section times: 974.08 seconds
run_id: 1c94549b
