Starting QAOA benchmark with global start time: 1781717327.7112234
Benchmark parameters: {'optimiser': 'adam', 'optimiser_use_heuristic': True, 'heuristic_optimiser_iterations': 2, 'heuristic_optimiser_sampleSize': 1000, 'circuit_type': 'hamqaoa', 'parameter_vector': [1, 1, 1], 'iterations_list': [50], 'learning_rate_adam': 0.05, 'depth_list': [1, 3, 5], 'n_start': None, 'n_end': None, 'singlet_injection': False, 'start_index_singlet': None, 'warm_start': True, 'warm_start_mode': 'standard', 'lasserre_level': 1, 'initial_solver_level_M': 1, 'sdp_seed': 4000042, 'warm_start_corr_strength': None, 'warm_start_corr_repeats': None, 'compare_with_010101': False, 'init_QAOAparams_close_to_zero': False, 'use_correlations_as_initial_params': False, 'time_limit': 10800, 'failed_instance_termination_thrsh': None, 'graph_generation_type': 'hog', 'weighted': False, 'easiest_first': True, 'cpu_util_threshold': None, 'debug': False, 'save_circuit_svg': False, 'rerun_exclude_finished_instances': False, 'optimiser_debug_iterations': None, 'num_repeats': 10, 'relative_graph_adjList_path': 'HOG_graphs/triangleFree_connected_4to8vertices_176instances_AdjacencyList.txt', 'persistent_warm_start_cache': True, 'warm_start_cache_dir': 'Results/warm_start_cache', 'warm_start_cache_max_file_mb': 512, 'warm_start_cache_max_total_gb': 60, 'sdp_max_parallel': 5, 'qaoa_max_parallel': 8, 'sdp_threads': 1, 'qaoa_threads': 4, 'sdp_memory_limit_total_gb': 80, 'sdp_memory_limit_single_gb': 80, 'sdp_memory_poll_seconds': 5, 'sdp_max_retries': 3, 'queue_poll_interval_seconds': 5}, Running QAOA with equal superposition
Benchmark run ID: 11fd9951
Benchmark repeat index: 5
SDP seed override: 4000042
Processor: x86_64
Hostname: dacsgpu0001
Total RAM (GB): None
Physical cores: 64
Logical cores: 64
Python version: 3.11.15
Initialisation time: 0.01 seconds; started at stardate {'initialisation': 0.007111549377441406} and finished at stardate1781717327.7183483
Loaded HOG graph index 40 with 3 edges.
Instance generation for n=40 took 0.01 seconds; started at stardate 1781717327.7183561 and finished at stardate 1781717327.725261
Running QAOA for n=4 nodes, m=3 edges...; Max iterations: 50
Warm-start: starting SDP solve for n_vertices=4
Warm-start: using configured sdp_seed=4000042
Starting SDP solve (solver preference: MOSEK, fallback: SCS) for n_vertices=4, matrix_dim=12, edges=3
Finished SDP solve with MOSEK. status=optimal. elapsed_seconds=0.11
Rounding...
Setting seed to 4000042
n_vertices: 4 for n = 12
Using seed 4000042 to generate random matrix for x.
Energy of rounded cut/product state: 1.4999999982484091
SDP objective value: 2.999999992267252
3 in cut out of a total of 3 edges
Warm-start: SDP solve + rounding finished in 0.12 seconds
Warm-start: built level-1 GP/GW product statevector in 0.00 seconds
Warm-start cache: saved Results/warm_start_cache/triangleFree_connected_4to8vertices_176instances_AdjacencyList__filehash_279b7452/hog_idx000040_8f3d1be6e598_seed4000042_L1_M1_standard.npz in 0.0089 seconds
Edges: [(1, 3), (0, 2), (2, 3)], weights: [1.0, 1.0, 1.0], set of nodes: {0, 1, 2, 3}, n: 4 nodes, p: 1 layers, N_bayes: 50 iterations
Solving for uuid: 485a631b
Initial state injected as warm start
Running ADAM optimization with a single iteration (no debug loop)
1.9508092553610539
QAOA optimisation for n=40 took 83.21 seconds; started at stardate 1781717327.7252662 and finished at stardate 1781717410.9389045
Finished QAOA for n=4 nodes, m=3 edges at 2026-06-17 19:30:10 on x86_64. Time taken: 83.21 seconds. Hours: 0.02 hours. Peak RAM: 0.25 MB.
Computing line approximation ratio
CSV writing for n=40 took 0.02 seconds; started at stardate 1781717410.9389122 and finished at stardate 1781717410.9633431
results: {40: 1.9508092553610539}
durations: {4: 83.21364402770996}
Results saved to: Results/logs/adam/qaoa_results_adam_20260617_172309_pid3959588.csv
Global end time: 1781717410.9633565
Finalisation time: 0.00 seconds; started at stardate 1781717410.9633484 and finished at stardate 1781717410.9633603
Sum of all section times: 83.25 seconds
run_id: 11fd9951
