Starting QAOA benchmark with global start time: 1781721869.4744935
Benchmark parameters: {'optimiser': 'adam', 'optimiser_use_heuristic': True, 'heuristic_optimiser_iterations': 2, 'heuristic_optimiser_sampleSize': 1000, 'circuit_type': 'hamqaoa', 'parameter_vector': [1, 1, 1], 'iterations_list': [50], 'learning_rate_adam': 0.05, 'depth_list': [1, 3, 5], 'n_start': None, 'n_end': None, 'singlet_injection': False, 'start_index_singlet': None, 'warm_start': True, 'warm_start_mode': 'standard', 'lasserre_level': 1, 'initial_solver_level_M': 1, 'sdp_seed': 9000042, 'warm_start_corr_strength': None, 'warm_start_corr_repeats': None, 'compare_with_010101': False, 'init_QAOAparams_close_to_zero': False, 'use_correlations_as_initial_params': False, 'time_limit': 10800, 'failed_instance_termination_thrsh': None, 'graph_generation_type': 'hog', 'weighted': False, 'easiest_first': True, 'cpu_util_threshold': None, 'debug': False, 'save_circuit_svg': False, 'rerun_exclude_finished_instances': False, 'optimiser_debug_iterations': None, 'num_repeats': 10, 'relative_graph_adjList_path': 'HOG_graphs/triangleFree_connected_4to8vertices_176instances_AdjacencyList.txt', 'persistent_warm_start_cache': True, 'warm_start_cache_dir': 'Results/warm_start_cache', 'warm_start_cache_max_file_mb': 512, 'warm_start_cache_max_total_gb': 60, 'sdp_max_parallel': 5, 'qaoa_max_parallel': 8, 'sdp_threads': 1, 'qaoa_threads': 4, 'sdp_memory_limit_total_gb': 80, 'sdp_memory_limit_single_gb': 80, 'sdp_memory_poll_seconds': 5, 'sdp_max_retries': 3, 'queue_poll_interval_seconds': 5}, Running QAOA with equal superposition
Benchmark run ID: 8fc70f0b
Benchmark repeat index: 10
SDP seed override: 9000042
Processor: x86_64
Hostname: dacsgpu0001
Total RAM (GB): None
Physical cores: 64
Logical cores: 64
Python version: 3.11.15
Initialisation time: 0.01 seconds; started at stardate {'initialisation': 0.009031534194946289} and finished at stardate1781721869.4835334
Loaded HOG graph index 64 with 8 edges.
Instance generation for n=64 took 0.01 seconds; started at stardate 1781721869.4835398 and finished at stardate 1781721869.4889615
Running QAOA for n=7 nodes, m=8 edges...; Max iterations: 50
Warm-start: starting SDP solve for n_vertices=7
Warm-start: using configured sdp_seed=9000042
Starting SDP solve (solver preference: MOSEK, fallback: SCS) for n_vertices=7, matrix_dim=21, edges=8
Finished SDP solve with MOSEK. status=optimal. elapsed_seconds=0.17
Rounding...
Setting seed to 9000042
n_vertices: 7 for n = 21
Using seed 9000042 to generate random matrix for x.
Energy of rounded cut/product state: 3.999999976151505
SDP objective value: 7.999999957585582
8 in cut out of a total of 8 edges
Warm-start: SDP solve + rounding finished in 0.18 seconds
Warm-start: built level-1 GP/GW product statevector in 0.00 seconds
Warm-start cache: saved Results/warm_start_cache/triangleFree_connected_4to8vertices_176instances_AdjacencyList__filehash_279b7452/hog_idx000064_0dde3878596b_seed9000042_L1_M1_standard.npz in 0.0046 seconds
Edges: [(0, 1), (2, 6), (3, 5), (4, 6), (4, 5), (2, 5), (1, 4), (3, 6)], weights: [1.0, 1.0, 1.0, 1.0, 1.0, 1.0, 1.0, 1.0], set of nodes: {0, 1, 2, 3, 4, 5, 6}, n: 7 nodes, p: 1 layers, N_bayes: 50 iterations
Solving for uuid: cb6d4bdc
Initial state injected as warm start
Running ADAM optimization with a single iteration (no debug loop)
2.506141610337533
QAOA optimisation for n=64 took 105.35 seconds; started at stardate 1781721869.488966 and finished at stardate 1781721974.835836
Finished QAOA for n=7 nodes, m=8 edges at 2026-06-17 20:46:14 on x86_64. Time taken: 105.35 seconds. Hours: 0.03 hours. Peak RAM: 0.3 MB.
Unknown graph type for approximation ratio calculation; checking misc CSV.
Checking optimal_results_misc.csv for matching edges and weights...
Found matching exact result in misc CSV: 5.392114663494558
CSV writing for n=64 took 0.01 seconds; started at stardate 1781721974.8358443 and finished at stardate 1781721974.8458624
results: {64: 2.506141610337533}
durations: {7: 105.34687519073486}
Results saved to: Results/logs/adam/qaoa_results_adam_20260617_172309_pid3959588.csv
Global end time: 1781721974.845876
Finalisation time: 0.00 seconds; started at stardate 1781721974.8458664 and finished at stardate 1781721974.8458803
Sum of all section times: 105.37 seconds
run_id: 8fc70f0b
