Starting QAOA benchmark with global start time: 1787173528.3554509
Benchmark parameters: {'optimiser': 'adam', 'optimiser_use_heuristic': True, 'heuristic_optimiser_iterations': 1, 'heuristic_optimiser_sampleSize': 50, 'circuit_type': 'hamqaoa', 'parameter_vector': [1, 1, 1], 'iterations_list': [50], 'learning_rate_adam': 0.05, 'depth_list': [1, 2, 3, 4, 5], 'n_start': None, 'n_end': None, 'singlet_injection': False, 'start_index_singlet': None, 'warm_start': True, 'warm_start_mode': 'amplified_king', 'lasserre_level': 2, 'initial_solver_level_M': 2, 'sdp_seed': None, 'sdp_solver_mode': 'scs', 'sdp_scs_eps': 1e-06, 'sdp_scs_max_iters': 100000, 'warm_start_corr_strength': None, 'warm_start_corr_repeats': None, 'compare_with_010101': False, 'init_QAOAparams_close_to_zero': False, 'use_correlations_as_initial_params': False, 'time_limit': None, 'failed_instance_termination_thrsh': None, 'graph_generation_type': 'hog', 'weighted': False, 'easiest_first': False, 'cpu_util_threshold': None, 'debug': False, 'save_circuit_svg': False, 'rerun_exclude_finished_instances': True, 'warm_start_cache_producer_only': False, 'qaoa_only_from_existing_warm_start_cache': True, 'optimiser_debug_iterations': None, 'num_repeats': 1, 'relative_graph_adjList_path': 'HOG_graphs/Exp5/list_193_graphs_adjacency_listhog_v04-12_planar_clawFree.txt', 'persistent_warm_start_cache': True, 'warm_start_cache_dir': 'Results/warm_start_cache', 'warm_start_cache_max_file_mb': 512, 'warm_start_cache_max_total_gb': 60, 'sdp_max_parallel': 0, 'qaoa_max_parallel': 16, 'sdp_threads': 1, 'qaoa_threads': 1, 'sdp_memory_limit_total_gb': 0, 'sdp_memory_limit_single_gb': 0, 'sdp_memory_poll_seconds': 5, 'sdp_max_retries': 0, 'queue_poll_interval_seconds': 5, 'max_graph_vertices': 11, 'completed_result_csv_paths': [], 'qaoa_seed': 1, 'initialise_standard_warm_start_with_zero_angles': False, 'result_name_suffix': '_Exp6_KingAmplifiedWithHeuristic'}, Running QAOA with equal superposition
Benchmark run ID: 9e513bb3
Benchmark repeat index: 1
SDP seed override: None
QAOA seed: 2100401
Processor: x86_64
Hostname: dacsgpu0002
Total RAM (GB): None
Physical cores: 64
Logical cores: 64
Python version: 3.11.15
Initialisation time: 0.03 seconds; started at stardate {'initialisation': 0.030347824096679688} and finished at stardate1787173528.3858147
Loaded HOG graph index 21 with 9 edges.
Instance generation for n=21 took 0.00 seconds; started at stardate 1787173528.3858242 and finished at stardate 1787173528.390578
Running QAOA for n=10 nodes, m=9 edges...; Max iterations: 50
Warm-start cache: loading Results/warm_start_cache/list_193_graphs_adjacency_listhog_v04-12_planar_clawFree__filehash_62ae5075/hog_idx000021_f8a7b7126715_noseed_L2_M2_amplified.npz
Warm-start cache: loaded in 0.0135 seconds; effective compute time=8554.328900814056
Edges: [(2, 3), (6, 9), (5, 7), (3, 5), (4, 6), (1, 8), (7, 8), (0, 9), (2, 4)], weights: [1.0, 1.0, 1.0, 1.0, 1.0, 1.0, 1.0, 1.0, 1.0], set of nodes: {0, 1, 2, 3, 4, 5, 6, 7, 8, 9}, n: 10 nodes, p: 5 layers, N_bayes: 50 iterations
Solving for uuid: 380ada55
Initial state injected as warm start
Running ADAM optimization with a single iteration (no debug loop)
10.1064014442068
QAOA optimisation for n=21 took 189.99 seconds; started at stardate 1787173528.3905838 and finished at stardate 1787173718.3762631
Finished QAOA for n=10 nodes, m=9 edges at 2026-08-19 23:08:38 on x86_64. Time taken: 189.99 seconds. Hours: 0.05 hours. Peak RAM: 1.48 MB.
Computing line approximation ratio
CSV writing for n=21 took 0.01 seconds; started at stardate 1787173718.3762703 and finished at stardate 1787173718.3824759
results: {21: 10.1064014442068}
durations: {10: 189.985684633255}
Results saved to: Results/logs/adam/qaoa_results_adam_20260819_221347_pid32573_Exp6_KingAmplifiedWithHeuristic.csv
Global end time: 1787173718.3824832
Finalisation time: 0.00 seconds; started at stardate 1787173718.382478 and finished at stardate 1787173718.3824863
Sum of all section times: 190.03 seconds
run_id: 9e513bb3
