/home/i6408800/MasterThesis/QAOA/Code/Circuit.py:192: UserWarning: No classical warm-start cut provided for HAMQAOA; using random cut values for fourth HAMQAOA gate. This may lead to suboptimal performance and may be unintentional if a classical warm start was intended.
  warnings.warn(
Starting QAOA benchmark with global start time: 1786988411.0737133
Benchmark parameters: {'optimiser': 'adam', 'optimiser_use_heuristic': True, 'heuristic_optimiser_iterations': 1, 'heuristic_optimiser_sampleSize': 50, 'circuit_type': 'hamqaoa', 'parameter_vector': [1, 1, 1], 'iterations_list': [50], 'learning_rate_adam': 0.05, 'depth_list': [1, 2, 3, 5], 'n_start': None, 'n_end': None, 'singlet_injection': False, 'start_index_singlet': None, 'warm_start': False, 'warm_start_mode': None, 'lasserre_level': None, 'initial_solver_level_M': None, 'sdp_seed': None, 'sdp_solver_mode': None, 'sdp_scs_eps': None, 'sdp_scs_max_iters': None, 'warm_start_corr_strength': None, 'warm_start_corr_repeats': None, 'compare_with_010101': False, 'init_QAOAparams_close_to_zero': False, 'use_correlations_as_initial_params': None, 'time_limit': None, 'failed_instance_termination_thrsh': None, 'graph_generation_type': 'hog', 'weighted': False, 'easiest_first': True, 'cpu_util_threshold': None, 'debug': False, 'save_circuit_svg': False, 'rerun_exclude_finished_instances': True, 'warm_start_cache_producer_only': False, 'qaoa_only_from_existing_warm_start_cache': False, 'optimiser_debug_iterations': None, 'num_repeats': 1, 'relative_graph_adjList_path': 'HOG_graphs/Exp5/list_454_graphs_adjacency_listhog_v04-12_bipartite.txt', 'persistent_warm_start_cache': False, 'warm_start_cache_dir': None, 'warm_start_cache_max_file_mb': None, 'warm_start_cache_max_total_gb': None, 'sdp_max_parallel': 0, 'qaoa_max_parallel': 16, 'sdp_threads': 1, 'qaoa_threads': 1, 'sdp_memory_limit_total_gb': 0, 'sdp_memory_limit_single_gb': 0, 'sdp_memory_poll_seconds': None, 'sdp_max_retries': 0, 'queue_poll_interval_seconds': 5, 'max_graph_vertices': 11, 'completed_result_csv_paths': [], 'qaoa_seed': 1, 'initialise_standard_warm_start_with_zero_angles': False, 'result_name_suffix': '_Exp5_subexp4_standardWithHeuristic'}, Running QAOA with equal superposition
Benchmark run ID: 362f7371
Benchmark repeat index: 1
SDP seed override: None
QAOA seed: 4400201
Processor: x86_64
Hostname: dacsgpu0002
Total RAM (GB): None
Physical cores: 64
Logical cores: 64
Python version: 3.11.15
Initialisation time: 0.00 seconds; started at stardate {'initialisation': 0.003813505172729492} and finished at stardate1786988411.0775328
Loaded HOG graph index 44 with 20 edges.
Instance generation for n=44 took 0.01 seconds; started at stardate 1786988411.077537 and finished at stardate 1786988411.0848572
Running QAOA for n=9 nodes, m=20 edges...; Max iterations: 50
Edges: [(3, 8), (2, 6), (3, 5), (4, 6), (0, 5), (0, 8), (1, 7), (2, 8), (4, 5), (3, 7), (2, 5), (4, 8), (1, 6), (0, 7), (3, 6), (2, 7), (4, 7), (1, 8), (0, 6), (1, 5)], weights: [1.0, 1.0, 1.0, 1.0, 1.0, 1.0, 1.0, 1.0, 1.0, 1.0, 1.0, 1.0, 1.0, 1.0, 1.0, 1.0, 1.0, 1.0, 1.0, 1.0], set of nodes: {0, 1, 2, 3, 4, 5, 6, 7, 8}, n: 9 nodes, p: 3 layers, N_bayes: 50 iterations
Solving for uuid: 2daf1e72
No warm start: Default initial state is equal superposition
Running ADAM optimization with a single iteration (no debug loop)
11.164949787912299
QAOA optimisation for n=44 took 23.26 seconds; started at stardate 1786988411.0848606 and finished at stardate 1786988434.3405774
Finished QAOA for n=9 nodes, m=20 edges at 2026-08-17 19:40:34 on x86_64. Time taken: 23.26 seconds. Hours: 0.01 hours. Peak RAM: 0.23 MB.
Unknown graph type for approximation ratio calculation; checking misc CSV.
Checking optimal_results_misc.csv for matching edges and weights...
Found matching exact result in misc CSV: 12.000000000000044
CSV writing for n=44 took 0.01 seconds; started at stardate 1786988434.3405864 and finished at stardate 1786988434.3507836
results: {44: 11.164949787912299}
durations: {9: 23.25572156906128}
Results saved to: Results/logs/adam/qaoa_results_adam_20260817_175137_pid2138246_Exp5_subexp4_standardWithHeuristic.csv
Global end time: 1786988434.350796
Finalisation time: 0.00 seconds; started at stardate 1786988434.3507876 and finished at stardate 1786988434.350801
Sum of all section times: 23.28 seconds
run_id: 362f7371
