Starting QAOA benchmark with global start time: 1787842546.1044095
Benchmark parameters: {'optimiser': 'adam', 'optimiser_use_heuristic': None, 'heuristic_optimiser_iterations': None, 'heuristic_optimiser_sampleSize': None, 'circuit_type': 'hamqaoa', 'parameter_vector': [1, 1, 1], 'iterations_list': [75], 'learning_rate_adam': None, 'depth_list': [1], 'n_start': None, 'n_end': None, 'singlet_injection': False, 'start_index_singlet': None, 'warm_start': True, 'warm_start_mode': 'amplified', 'lasserre_level': 2, 'initial_solver_level_M': 2, 'sdp_seed': 42, 'sdp_solver_mode': 'scs', 'sdp_scs_eps': 1e-06, 'sdp_scs_max_iters': 100000, 'warm_start_corr_strength': None, 'warm_start_corr_repeats': None, 'compare_with_010101': False, 'init_QAOAparams_close_to_zero': False, 'use_correlations_as_initial_params': False, 'time_limit': None, 'failed_instance_termination_thrsh': None, 'graph_generation_type': 'hog', 'weighted': False, 'easiest_first': True, 'cpu_util_threshold': None, 'debug': False, 'save_circuit_svg': False, 'rerun_exclude_finished_instances': True, 'warm_start_cache_producer_only': True, 'qaoa_only_from_existing_warm_start_cache': False, 'optimiser_debug_iterations': None, 'num_repeats': 1, 'relative_graph_adjList_path': 'HOG_graphs/Exp5/list_454_graphs_adjacency_listhog_v04-12_bipartite.txt', 'persistent_warm_start_cache': True, 'warm_start_cache_dir': 'Results/warm_start_cache', 'warm_start_cache_max_file_mb': 512, 'warm_start_cache_max_total_gb': 60, 'sdp_max_parallel': 32, 'qaoa_max_parallel': 0, 'sdp_threads': 1, 'qaoa_threads': 1, 'sdp_memory_limit_total_gb': 250, 'sdp_memory_limit_single_gb': 100, 'sdp_memory_poll_seconds': 5, 'sdp_max_retries': 3, 'queue_poll_interval_seconds': 5, 'max_graph_vertices': 10, 'completed_result_csv_paths': [], 'qaoa_seed': 42, 'initialise_standard_warm_start_with_zero_angles': False, 'result_name_suffix': '_Exp7_AmplifiedWithHeuristic_rerun2408'}, Running QAOA with equal superposition
Benchmark run ID: 618e75db
Benchmark repeat index: 1
Configured SDP rounding seed: 42
QAOA seed used: 42
Processor: x86_64
Hostname: dacsgpu0003
Total RAM (GB): None
Physical cores: 64
Logical cores: 64
Python version: 3.11.15
Initialisation time: 0.00 seconds; started at stardate {'initialisation': 0.004120588302612305} and finished at stardate1787842546.1085458
Loaded HOG graph index 175 with 15 edges.
Instance generation for n=175 took 0.01 seconds; started at stardate 1787842546.1085567 and finished at stardate 1787842546.119266
Running QAOA for n=10 nodes, m=15 edges...; Max iterations: 75
Warm-start: starting SDP solve for n_vertices=10
Warm-start: using configured sdp_seed=42
Using SCS solver for SDP with eps=1e-06, max_iters=100000.
SDP solver status: optimal
SDP solver name: SCS
SDP solver iterations: 1825
SDP solve time: 164.794569824
SDP extra stats: {'x': array([ 1.00000000e+00, -1.17330229e-12, -1.35961106e-13, ...,
        1.00000000e+00,  2.06760166e-18,  1.00000000e+00], shape=(95266,)), 'y': array([ 4.05826149e-02,  1.68098915e-02,  1.68098915e-02, ...,
        1.07358087e-02, -5.48469575e-16,  2.47677160e-02], shape=(265112,)), 's': array([ 0.00000000e+00,  0.00000000e+00,  0.00000000e+00, ...,
        9.99999994e-01, -1.33591268e-15,  9.99999993e-01], shape=(265112,)), 'info': {'status_val': 1, 'iter': 1825, 'scale_updates': 3, 'scale': 5.437192410083601, 'pobj': -11.828272282511389, 'dobj': -11.828272207784314, 'res_pri': 1.9680831416040666e-06, 'res_dual': 1.187714750124962e-06, 'gap': 7.47270743062245e-08, 'res_infeas': nan, 'res_unbdd_a': 0.08454320091049923, 'res_unbdd_p': 0.0, 'comp_slack': 1.2502612833920068e-10, 'solve_time': 164794.569824, 'setup_time': 257.902399, 'lin_sys_time': 11842.434270999995, 'cone_time': 147971.39868899956, 'accel_time': 985.9152560000102, 'rejected_accel_steps': 14, 'accepted_accel_steps': 1, 'status': 'solved'}}
Rounding...
Setting seed to 42
n_vertices: 10 for n = 30
Using seed 42 to generate random matrix for x.
Energy of rounded cut/product state: 10.275314940908812
Algorithm 17 lower-bound energy: 11.268408372920419
Algorithm 17 actual entangled-state energy: 10.877909097636156
SDP objective value: 19.328272282511385
12 in cut out of a total of 15 edges
Warm-start: SDP solve + rounding finished in 7540.89 seconds
Warm-start: using level-2 Algorithm 17 entangled statevector with shape (1024,)
Warm-start cache: moment matrix before save shape=(436, 436), dtype=float64, entries=190096, bytes=1520768 (1.45 MiB)
Warm-start cache: saved Results/warm_start_cache/list_454_graphs_adjacency_listhog_v04-12_bipartite__filehash_0815e7e8/hog_idx000175_cc54b733745f_seed42_L2_M2_amplified.npz in 0.0206 seconds
WARM_START_CACHE_PRODUCER_ONLY is set; warm-start cache has been produced/loaded. Exiting before QAOA optimisation.
