Starting QAOA benchmark with global start time: 1787834297.0113397
Benchmark parameters: {'optimiser': 'adam', 'optimiser_use_heuristic': None, 'heuristic_optimiser_iterations': None, 'heuristic_optimiser_sampleSize': None, 'circuit_type': 'hamqaoa', 'parameter_vector': [1, 1, 1], 'iterations_list': [75], 'learning_rate_adam': None, 'depth_list': [1], 'n_start': None, 'n_end': None, 'singlet_injection': False, 'start_index_singlet': None, 'warm_start': True, 'warm_start_mode': 'amplified', 'lasserre_level': 2, 'initial_solver_level_M': 2, 'sdp_seed': 42, 'sdp_solver_mode': 'scs', 'sdp_scs_eps': 1e-06, 'sdp_scs_max_iters': 100000, 'warm_start_corr_strength': None, 'warm_start_corr_repeats': None, 'compare_with_010101': False, 'init_QAOAparams_close_to_zero': False, 'use_correlations_as_initial_params': False, 'time_limit': None, 'failed_instance_termination_thrsh': None, 'graph_generation_type': 'hog', 'weighted': False, 'easiest_first': True, 'cpu_util_threshold': None, 'debug': False, 'save_circuit_svg': False, 'rerun_exclude_finished_instances': True, 'warm_start_cache_producer_only': True, 'qaoa_only_from_existing_warm_start_cache': False, 'optimiser_debug_iterations': None, 'num_repeats': 1, 'relative_graph_adjList_path': 'HOG_graphs/Exp5/list_454_graphs_adjacency_listhog_v04-12_bipartite.txt', 'persistent_warm_start_cache': True, 'warm_start_cache_dir': 'Results/warm_start_cache', 'warm_start_cache_max_file_mb': 512, 'warm_start_cache_max_total_gb': 60, 'sdp_max_parallel': 32, 'qaoa_max_parallel': 0, 'sdp_threads': 1, 'qaoa_threads': 1, 'sdp_memory_limit_total_gb': 250, 'sdp_memory_limit_single_gb': 100, 'sdp_memory_poll_seconds': 5, 'sdp_max_retries': 3, 'queue_poll_interval_seconds': 5, 'max_graph_vertices': 10, 'completed_result_csv_paths': [], 'qaoa_seed': 42, 'initialise_standard_warm_start_with_zero_angles': False, 'result_name_suffix': '_Exp7_AmplifiedWithHeuristic_rerun2408'}, Running QAOA with equal superposition
Benchmark run ID: ab53598a
Benchmark repeat index: 1
Configured SDP rounding seed: 42
QAOA seed used: 42
Processor: x86_64
Hostname: dacsgpu0003
Total RAM (GB): None
Physical cores: 64
Logical cores: 64
Python version: 3.11.15
Initialisation time: 0.02 seconds; started at stardate {'initialisation': 0.01819634437561035} and finished at stardate1787834297.0295513
Loaded HOG graph index 356 with 8 edges.
Instance generation for n=356 took 0.01 seconds; started at stardate 1787834297.0295615 and finished at stardate 1787834297.0432308
Running QAOA for n=9 nodes, m=8 edges...; Max iterations: 75
Warm-start: starting SDP solve for n_vertices=9
Warm-start: using configured sdp_seed=42
Using SCS solver for SDP with eps=1e-06, max_iters=100000.
SDP solver status: optimal
SDP solver name: SCS
SDP solver iterations: 7800
SDP solve time: 250.36250075100003
SDP extra stats: {'x': array([ 1.00000000e+00, -7.70501459e-12,  1.37485612e-12, ...,
        1.00000000e+00,  2.68029609e-18,  1.00000000e+00], shape=(62128,)), 'y': array([2.70434982e-02, 1.12017945e-02, 1.12017945e-02, ...,
       3.71138736e-04, 1.01414265e-14, 7.19069310e-03], shape=(173558,)), 's': array([ 0.00000000e+00,  0.00000000e+00,  0.00000000e+00, ...,
        1.00000000e+00, -5.48782664e-16,  1.00000001e+00], shape=(173558,)), 'info': {'status_val': 1, 'iter': 7800, 'scale_updates': 3, 'scale': 0.7667409899306089, 'pobj': -6.717826496387219, 'dobj': -6.717826217071382, 'res_pri': 1.1865288850795502e-06, 'res_dual': 1.99542225555852e-07, 'gap': 2.793158371261484e-07, 'res_infeas': nan, 'res_unbdd_a': 0.14885767007026363, 'res_unbdd_p': 0.0, 'comp_slack': 9.568466142195374e-11, 'solve_time': 250362.500751, 'setup_time': 93.256316, 'lin_sys_time': 19463.490700999937, 'cone_time': 223646.24549599996, 'accel_time': 1438.8840089999233, 'rejected_accel_steps': 68, 'accepted_accel_steps': 2, 'status': 'solved'}}
Rounding...
Setting seed to 42
n_vertices: 9 for n = 27
Using seed 42 to generate random matrix for x.
Energy of rounded cut/product state: 6.280865443462806
Algorithm 17 lower-bound energy: 6.278728116121861
Algorithm 17 actual entangled-state energy: 6.76432627474086
SDP objective value: 10.71782649638722
6 in cut out of a total of 8 edges
Warm-start: SDP solve + rounding finished in 3027.11 seconds
Warm-start: using level-2 Algorithm 17 entangled statevector with shape (512,)
Warm-start cache: moment matrix before save shape=(352, 352), dtype=float64, entries=123904, bytes=991232 (0.95 MiB)
Warm-start cache: saved Results/warm_start_cache/list_454_graphs_adjacency_listhog_v04-12_bipartite__filehash_0815e7e8/hog_idx000356_4addee89360a_seed42_L2_M2_amplified.npz in 0.0102 seconds
WARM_START_CACHE_PRODUCER_ONLY is set; warm-start cache has been produced/loaded. Exiting before QAOA optimisation.
