Starting QAOA benchmark with global start time: 1787829382.8106384
Benchmark parameters: {'optimiser': 'adam', 'optimiser_use_heuristic': None, 'heuristic_optimiser_iterations': None, 'heuristic_optimiser_sampleSize': None, 'circuit_type': 'hamqaoa', 'parameter_vector': [1, 1, 1], 'iterations_list': [75], 'learning_rate_adam': None, 'depth_list': [1], 'n_start': None, 'n_end': None, 'singlet_injection': False, 'start_index_singlet': None, 'warm_start': True, 'warm_start_mode': 'amplified', 'lasserre_level': 2, 'initial_solver_level_M': 2, 'sdp_seed': 42, 'sdp_solver_mode': 'scs', 'sdp_scs_eps': 1e-06, 'sdp_scs_max_iters': 100000, 'warm_start_corr_strength': None, 'warm_start_corr_repeats': None, 'compare_with_010101': False, 'init_QAOAparams_close_to_zero': False, 'use_correlations_as_initial_params': False, 'time_limit': None, 'failed_instance_termination_thrsh': None, 'graph_generation_type': 'hog', 'weighted': False, 'easiest_first': True, 'cpu_util_threshold': None, 'debug': False, 'save_circuit_svg': False, 'rerun_exclude_finished_instances': True, 'warm_start_cache_producer_only': True, 'qaoa_only_from_existing_warm_start_cache': False, 'optimiser_debug_iterations': None, 'num_repeats': 1, 'relative_graph_adjList_path': 'HOG_graphs/Exp5/list_454_graphs_adjacency_listhog_v04-12_bipartite.txt', 'persistent_warm_start_cache': True, 'warm_start_cache_dir': 'Results/warm_start_cache', 'warm_start_cache_max_file_mb': 512, 'warm_start_cache_max_total_gb': 60, 'sdp_max_parallel': 32, 'qaoa_max_parallel': 0, 'sdp_threads': 1, 'qaoa_threads': 1, 'sdp_memory_limit_total_gb': 250, 'sdp_memory_limit_single_gb': 100, 'sdp_memory_poll_seconds': 5, 'sdp_max_retries': 3, 'queue_poll_interval_seconds': 5, 'max_graph_vertices': 10, 'completed_result_csv_paths': [], 'qaoa_seed': 42, 'initialise_standard_warm_start_with_zero_angles': False, 'result_name_suffix': '_Exp7_AmplifiedWithHeuristic_rerun2408'}, Running QAOA with equal superposition
Benchmark run ID: 46c40e94
Benchmark repeat index: 1
Configured SDP rounding seed: 42
QAOA seed used: 42
Processor: x86_64
Hostname: dacsgpu0003
Total RAM (GB): None
Physical cores: 64
Logical cores: 64
Python version: 3.11.15
Initialisation time: 0.00 seconds; started at stardate {'initialisation': 0.0023190975189208984} and finished at stardate1787829382.8129685
Loaded HOG graph index 17 with 5 edges.
Instance generation for n=17 took 0.01 seconds; started at stardate 1787829382.8129754 and finished at stardate 1787829382.8206356
Running QAOA for n=6 nodes, m=5 edges...; Max iterations: 75
Warm-start: starting SDP solve for n_vertices=6
Warm-start: using configured sdp_seed=42
Using SCS solver for SDP with eps=1e-06, max_iters=100000.
SDP solver status: optimal
SDP solver name: SCS
SDP solver iterations: 1100
SDP solve time: 3.421419825
SDP extra stats: {'x': array([ 1.00000000e+00,  3.72918717e-14, -4.16243883e-15, ...,
        1.00000000e+00, -2.45176359e-18,  1.00000000e+00], shape=(11935,)), 'y': array([ 4.48654536e-02,  1.85839368e-02,  1.85839368e-02, ...,
       -3.79013584e-15, -4.75996734e-14,  1.26393184e-01], shape=(33896,)), 's': array([ 0.00000000e+00,  0.00000000e+00,  0.00000000e+00, ...,
        1.00000000e+00, -2.10066928e-15,  9.99999987e-01], shape=(33896,)), 'info': {'status_val': 1, 'iter': 1100, 'scale_updates': 2, 'scale': 2.656744372375395, 'pobj': -4.20274758857222, 'dobj': -4.202747070113813, 'res_pri': 4.7285211397572975e-07, 'res_dual': 1.0345052677704071e-06, 'gap': 5.184584068729237e-07, 'res_infeas': nan, 'res_unbdd_a': 0.23793958093930268, 'res_unbdd_p': 0.0, 'comp_slack': 1.240696434479105e-11, 'solve_time': 3421.419825, 'setup_time': 13.23666, 'lin_sys_time': 439.69026800000034, 'cone_time': 2859.7014429999967, 'accel_time': 25.343821999999705, 'rejected_accel_steps': 8, 'accepted_accel_steps': 1, 'status': 'solved'}}
Rounding...
Setting seed to 42
n_vertices: 6 for n = 18
Using seed 42 to generate random matrix for x.
Energy of rounded cut/product state: 3.7665828656625995
Algorithm 17 lower-bound energy: 3.9714137855765927
Algorithm 17 actual entangled-state energy: 4.118095216617307
SDP objective value: 6.702747588572219
1 in cut out of a total of 5 edges
Warm-start: SDP solve + rounding finished in 59.50 seconds
Warm-start: using level-2 Algorithm 17 entangled statevector with shape (64,)
Warm-start cache: moment matrix before save shape=(154, 154), dtype=float64, entries=23716, bytes=189728 (0.18 MiB)
Warm-start cache: saved Results/warm_start_cache/list_454_graphs_adjacency_listhog_v04-12_bipartite__filehash_0815e7e8/hog_idx000017_9e829526c962_seed42_L2_M2_amplified.npz in 0.0059 seconds
WARM_START_CACHE_PRODUCER_ONLY is set; warm-start cache has been produced/loaded. Exiting before QAOA optimisation.
