Starting QAOA benchmark with global start time: 1787679293.6278522
Benchmark parameters: {'optimiser': 'adam', 'optimiser_use_heuristic': None, 'heuristic_optimiser_iterations': None, 'heuristic_optimiser_sampleSize': None, 'circuit_type': 'hamqaoa', 'parameter_vector': [1, 1, 1], 'iterations_list': [75], 'learning_rate_adam': None, 'depth_list': [1], 'n_start': None, 'n_end': None, 'singlet_injection': False, 'start_index_singlet': None, 'warm_start': True, 'warm_start_mode': 'amplified', 'lasserre_level': 2, 'initial_solver_level_M': 2, 'sdp_seed': 42, 'sdp_solver_mode': 'scs', 'sdp_scs_eps': 1e-06, 'sdp_scs_max_iters': 100000, 'warm_start_corr_strength': None, 'warm_start_corr_repeats': None, 'compare_with_010101': False, 'init_QAOAparams_close_to_zero': False, 'use_correlations_as_initial_params': False, 'time_limit': None, 'failed_instance_termination_thrsh': None, 'graph_generation_type': 'hog', 'weighted': False, 'easiest_first': False, 'cpu_util_threshold': None, 'debug': False, 'save_circuit_svg': False, 'rerun_exclude_finished_instances': True, 'warm_start_cache_producer_only': True, 'qaoa_only_from_existing_warm_start_cache': False, 'optimiser_debug_iterations': None, 'num_repeats': 1, 'relative_graph_adjList_path': 'HOG_graphs/Exp5/list_388_graphs_adjacency_list_hog_v04-12_regular.txt', 'persistent_warm_start_cache': True, 'warm_start_cache_dir': 'Results/warm_start_cache', 'warm_start_cache_max_file_mb': 512, 'warm_start_cache_max_total_gb': 60, 'sdp_max_parallel': 32, 'qaoa_max_parallel': 0, 'sdp_threads': 1, 'qaoa_threads': 1, 'sdp_memory_limit_total_gb': 250, 'sdp_memory_limit_single_gb': 100, 'sdp_memory_poll_seconds': 5, 'sdp_max_retries': 3, 'queue_poll_interval_seconds': 5, 'max_graph_vertices': 10, 'completed_result_csv_paths': [], 'qaoa_seed': 42, 'initialise_standard_warm_start_with_zero_angles': False, 'result_name_suffix': '_Exp7_AmplifiedWithHeuristic_rerun2408'}, Running QAOA with equal superposition
Benchmark run ID: 8eacdbf0
Benchmark repeat index: 1
SDP seed override: 42
QAOA seed used: 42
Processor: x86_64
Hostname: dacsgpu0002
Total RAM (GB): None
Physical cores: 64
Logical cores: 64
Python version: 3.11.15
Initialisation time: 0.00 seconds; started at stardate {'initialisation': 0.004254579544067383} and finished at stardate1787679293.6321213
Loaded HOG graph index 270 with 20 edges.
Instance generation for n=270 took 0.11 seconds; started at stardate 1787679293.6321304 and finished at stardate 1787679293.7457476
Running QAOA for n=10 nodes, m=20 edges...; Max iterations: 75
Warm-start: starting SDP solve for n_vertices=10
Warm-start: using configured sdp_seed=42
Using SCS solver for SDP with eps=1e-06, max_iters=100000.
SDP solver status: optimal
SDP solver name: SCS
SDP solver iterations: 1075
SDP solve time: 93.010163871
SDP extra stats: {'x': array([ 1.00000000e+00, -1.77624177e-12,  5.82047687e-14, ...,
        1.00000000e+00,  3.24959679e-17,  1.00000000e+00], shape=(95266,)), 'y': array([ 2.47350595e-02,  1.02455796e-02,  1.02455796e-02, ...,
        1.54633582e-02, -2.52773637e-13,  2.96586329e-02], shape=(265112,)), 's': array([0.00000000e+00, 0.00000000e+00, 0.00000000e+00, ...,
       9.99999998e-01, 4.94235705e-14, 1.00000002e+00], shape=(265112,)), 'info': {'status_val': 1, 'iter': 1075, 'scale_updates': 3, 'scale': 5.200576758241167, 'pobj': -10.336292433348449, 'dobj': -10.336292524280006, 'res_pri': 4.832285885899675e-07, 'res_dual': 7.579313477230184e-07, 'gap': 9.093155739492431e-08, 'res_infeas': nan, 'res_unbdd_a': 0.0967464887885883, 'res_unbdd_p': 0.0, 'comp_slack': 3.8743341868041625e-11, 'solve_time': 93010.163871, 'setup_time': 226.247722, 'lin_sys_time': 5766.251384, 'cone_time': 84756.76201399988, 'accel_time': 475.94394000000045, 'rejected_accel_steps': 8, 'accepted_accel_steps': 3, 'status': 'solved'}}
Rounding...
Setting seed to 42
n_vertices: 10 for n = 30
Using seed 42 to generate random matrix for x.
Energy of rounded cut/product state: 13.499752159544974
Algorithm 17 lower-bound energy: 12.128279175906876
Algorithm 17 actual entangled-state energy: 13.692612436078884
SDP objective value: 20.33629243334845
14 in cut out of a total of 20 edges
Warm-start: SDP solve + rounding finished in 7214.35 seconds
Warm-start: using level-2 Algorithm 17 entangled statevector with shape (1024,)
Warm-start cache: moment matrix before save shape=(436, 436), dtype=float64, entries=190096, bytes=1520768 (1.45 MiB)
Warm-start cache: saved Results/warm_start_cache/list_388_graphs_adjacency_list_hog_v04-12_regular__filehash_5b7f8d46/hog_idx000270_6c5142c09e8d_seed42_L2_M2_amplified.npz in 0.0155 seconds
WARM_START_CACHE_PRODUCER_ONLY is set; warm-start cache has been produced/loaded. Exiting before QAOA optimisation.
