Starting QAOA benchmark with global start time: 1787644501.3274007
Benchmark parameters: {'optimiser': 'adam', 'optimiser_use_heuristic': False, 'heuristic_optimiser_iterations': None, 'heuristic_optimiser_sampleSize': None, 'circuit_type': 'hamqaoa', 'parameter_vector': [1, 1, 1], 'iterations_list': [50], 'learning_rate_adam': 0.005, 'depth_list': [1, 2, 3, 4, 5], 'n_start': None, 'n_end': None, 'singlet_injection': False, 'start_index_singlet': None, 'warm_start': True, 'warm_start_mode': 'standard', 'lasserre_level': 2, 'initial_solver_level_M': 2, 'sdp_seed': None, 'sdp_solver_mode': 'scs', 'sdp_scs_eps': 1e-06, 'sdp_scs_max_iters': 100000, 'warm_start_corr_strength': None, 'warm_start_corr_repeats': None, 'compare_with_010101': False, 'init_QAOAparams_close_to_zero': False, 'use_correlations_as_initial_params': False, 'time_limit': None, 'failed_instance_termination_thrsh': None, 'graph_generation_type': 'hog', 'weighted': False, 'easiest_first': True, 'cpu_util_threshold': None, 'debug': False, 'save_circuit_svg': False, 'rerun_exclude_finished_instances': False, 'warm_start_cache_producer_only': False, 'qaoa_only_from_existing_warm_start_cache': True, 'optimiser_debug_iterations': None, 'num_repeats': 1, 'relative_graph_adjList_path': 'HOG_graphs/Exp5/list_454_graphs_adjacency_listhog_v04-12_bipartite.txt', 'persistent_warm_start_cache': True, 'warm_start_cache_dir': 'Results/warm_start_cache', 'warm_start_cache_max_file_mb': 512, 'warm_start_cache_max_total_gb': 60, 'sdp_max_parallel': 0, 'qaoa_max_parallel': 16, 'sdp_threads': 1, 'qaoa_threads': 1, 'sdp_memory_limit_total_gb': 0, 'sdp_memory_limit_single_gb': 0, 'sdp_memory_poll_seconds': 5, 'sdp_max_retries': 0, 'queue_poll_interval_seconds': 5, 'max_graph_vertices': 10, 'completed_result_csv_paths': [], 'qaoa_seed': 1, 'initialise_standard_warm_start_with_zero_angles': False, 'result_name_suffix': '_Exp5_subexp4_standardWithHeuristic_rerun2508'}, Running QAOA with equal superposition
Benchmark run ID: 369f5e51
Benchmark repeat index: 1
SDP seed override: None
QAOA seed used: 1
Processor: x86_64
Hostname: dacsgpu0002
Total RAM (GB): None
Physical cores: 64
Logical cores: 64
Python version: 3.11.15
Initialisation time: 0.01 seconds; started at stardate {'initialisation': 0.005768299102783203} and finished at stardate1787644501.3331764
Loaded HOG graph index 258 with 13 edges.
Instance generation for n=258 took 0.01 seconds; started at stardate 1787644501.3331828 and finished at stardate 1787644501.3469338
Running QAOA for n=10 nodes, m=13 edges...; Max iterations: 50
Warm-start cache: loading Results/warm_start_cache/list_454_graphs_adjacency_listhog_v04-12_bipartite__filehash_0815e7e8/hog_idx000258_8131f45552d3_noseed_L2_M2_standard.npz
Warm-start cache: loaded in 0.0033 seconds; effective compute time=8008.44864988327
Edges: [(8, 9), (3, 9), (0, 4), (2, 6), (5, 7), (2, 9), (6, 8), (1, 8), (4, 9), (5, 6), (7, 8), (5, 9), (3, 7)], weights: [1.0, 1.0, 1.0, 1.0, 1.0, 1.0, 1.0, 1.0, 1.0, 1.0, 1.0, 1.0, 1.0], set of nodes: {0, 1, 2, 3, 4, 5, 6, 7, 8, 9}, n: 10 nodes, p: 2 layers, N_bayes: 50 iterations
Solving for uuid: 98a86a4e
Initial state injected as warm start
Running ADAM optimization with a single iteration (no debug loop)
9.976997171328078
QAOA optimisation for n=258 took 210.41 seconds; started at stardate 1787644501.3469386 and finished at stardate 1787644711.7540967
Finished QAOA for n=10 nodes, m=13 edges at 2026-08-25 09:58:31 on x86_64. Time taken: 210.41 seconds. Hours: 0.06 hours. Peak RAM: 0.76 MB.
Unknown graph type for approximation ratio calculation; checking misc CSV.
Checking optimal_results_misc.csv for matching edges and weights...
Found matching exact result in misc CSV: 8.448952738736768
CSV writing for n=258 took 0.02 seconds; started at stardate 1787644711.7541053 and finished at stardate 1787644711.7756667
results: {258: 9.976997171328078}
durations: {10: 210.40716338157654}
Results saved to: Results/logs/adam/qaoa_results_adam_20260825_052814_pid3930119_Exp5_subexp4_standardWithHeuristic_rerun2508.csv
Global end time: 1787644711.775684
Finalisation time: 0.00 seconds; started at stardate 1787644711.775673 and finished at stardate 1787644711.7756886
Sum of all section times: 210.45 seconds
run_id: 369f5e51
