Starting QAOA benchmark with global start time: 1787648829.9789593
Benchmark parameters: {'optimiser': 'adam', 'optimiser_use_heuristic': False, 'heuristic_optimiser_iterations': None, 'heuristic_optimiser_sampleSize': None, 'circuit_type': 'hamqaoa', 'parameter_vector': [1, 1, 1], 'iterations_list': [50], 'learning_rate_adam': 0.005, 'depth_list': [1, 2, 3, 4, 5], 'n_start': None, 'n_end': None, 'singlet_injection': False, 'start_index_singlet': None, 'warm_start': True, 'warm_start_mode': 'standard', 'lasserre_level': 2, 'initial_solver_level_M': 2, 'sdp_seed': None, 'sdp_solver_mode': 'scs', 'sdp_scs_eps': 1e-06, 'sdp_scs_max_iters': 100000, 'warm_start_corr_strength': None, 'warm_start_corr_repeats': None, 'compare_with_010101': False, 'init_QAOAparams_close_to_zero': False, 'use_correlations_as_initial_params': False, 'time_limit': None, 'failed_instance_termination_thrsh': None, 'graph_generation_type': 'hog', 'weighted': False, 'easiest_first': True, 'cpu_util_threshold': None, 'debug': False, 'save_circuit_svg': False, 'rerun_exclude_finished_instances': False, 'warm_start_cache_producer_only': False, 'qaoa_only_from_existing_warm_start_cache': True, 'optimiser_debug_iterations': None, 'num_repeats': 1, 'relative_graph_adjList_path': 'HOG_graphs/Exp5/list_454_graphs_adjacency_listhog_v04-12_bipartite.txt', 'persistent_warm_start_cache': True, 'warm_start_cache_dir': 'Results/warm_start_cache', 'warm_start_cache_max_file_mb': 512, 'warm_start_cache_max_total_gb': 60, 'sdp_max_parallel': 0, 'qaoa_max_parallel': 16, 'sdp_threads': 1, 'qaoa_threads': 1, 'sdp_memory_limit_total_gb': 0, 'sdp_memory_limit_single_gb': 0, 'sdp_memory_poll_seconds': 5, 'sdp_max_retries': 0, 'queue_poll_interval_seconds': 5, 'max_graph_vertices': 10, 'completed_result_csv_paths': [], 'qaoa_seed': 1, 'initialise_standard_warm_start_with_zero_angles': False, 'result_name_suffix': '_Exp5_subexp4_standardWithHeuristic_rerun2508'}, Running QAOA with equal superposition
Benchmark run ID: f170cfba
Benchmark repeat index: 1
SDP seed override: None
QAOA seed used: 1
Processor: x86_64
Hostname: dacsgpu0002
Total RAM (GB): None
Physical cores: 64
Logical cores: 64
Python version: 3.11.15
Initialisation time: 0.00 seconds; started at stardate {'initialisation': 0.004698514938354492} and finished at stardate1787648829.9836633
Loaded HOG graph index 50 with 9 edges.
Instance generation for n=50 took 0.01 seconds; started at stardate 1787648829.9836688 and finished at stardate 1787648829.9929874
Running QAOA for n=10 nodes, m=9 edges...; Max iterations: 50
Warm-start cache: loading Results/warm_start_cache/list_454_graphs_adjacency_listhog_v04-12_bipartite__filehash_0815e7e8/hog_idx000050_b8c5f85d02c0_noseed_L2_M2_amplified.npz
Warm-start cache: loaded in 0.0065 seconds; effective compute time=9314.49927330017
Edges: [(3, 9), (1, 9), (5, 6), (3, 4), (7, 8), (2, 8), (4, 5), (0, 9), (6, 7)], weights: [1.0, 1.0, 1.0, 1.0, 1.0, 1.0, 1.0, 1.0, 1.0], set of nodes: {0, 1, 2, 3, 4, 5, 6, 7, 8, 9}, n: 10 nodes, p: 5 layers, N_bayes: 50 iterations
Solving for uuid: 98ef6979
Initial state injected as warm start
Running ADAM optimization with a single iteration (no debug loop)
7.346779450615576
QAOA optimisation for n=50 took 223.96 seconds; started at stardate 1787648829.9929922 and finished at stardate 1787649053.9484932
Finished QAOA for n=10 nodes, m=9 edges at 2026-08-25 11:10:53 on x86_64. Time taken: 223.96 seconds. Hours: 0.06 hours. Peak RAM: 1.48 MB.
Unknown graph type for approximation ratio calculation; checking misc CSV.
Checking optimal_results_misc.csv for matching edges and weights...
Found matching exact result in misc CSV: 6.244126757327683
CSV writing for n=50 took 0.01 seconds; started at stardate 1787649053.948502 and finished at stardate 1787649053.9573543
results: {50: 7.346779450615576}
durations: {10: 223.95550656318665}
Results saved to: Results/logs/adam/qaoa_results_adam_20260825_052814_pid3930119_Exp5_subexp4_standardWithHeuristic_rerun2508.csv
Global end time: 1787649053.9573727
Finalisation time: 0.00 seconds; started at stardate 1787649053.957362 and finished at stardate 1787649053.9573772
Sum of all section times: 223.98 seconds
run_id: f170cfba
