Starting QAOA benchmark with global start time: 1784107582.7399511
Benchmark parameters: {'optimiser': 'adam', 'optimiser_use_heuristic': True, 'heuristic_optimiser_iterations': 2, 'heuristic_optimiser_sampleSize': 1000, 'circuit_type': 'hamqaoa', 'parameter_vector': [1, 1, 1], 'iterations_list': [5, 10, 25, 50], 'learning_rate_adam': 0.05, 'depth_list': [1, 2, 3], 'n_start': None, 'n_end': None, 'singlet_injection': False, 'start_index_singlet': None, 'warm_start': True, 'warm_start_mode': 'standard', 'lasserre_level': 2, 'initial_solver_level_M': 2, 'sdp_seed': 42, 'sdp_solver_mode': 'scs', 'sdp_scs_eps': 1e-06, 'sdp_scs_max_iters': 100000, 'warm_start_corr_strength': None, 'warm_start_corr_repeats': None, 'compare_with_010101': False, 'init_QAOAparams_close_to_zero': False, 'use_correlations_as_initial_params': False, 'time_limit': None, 'failed_instance_termination_thrsh': None, 'graph_generation_type': 'hog', 'weighted': False, 'easiest_first': True, 'cpu_util_threshold': None, 'debug': False, 'save_circuit_svg': False, 'rerun_exclude_finished_instances': True, 'warm_start_cache_producer_only': False, 'qaoa_only_from_existing_warm_start_cache': True, 'optimiser_debug_iterations': None, 'num_repeats': 1, 'relative_graph_adjList_path': 'HOG_graphs/3regular_connected_74instances.txt', 'persistent_warm_start_cache': True, 'warm_start_cache_dir': 'Results/warm_start_cache/experiment_3', 'warm_start_cache_max_file_mb': 512, 'warm_start_cache_max_total_gb': 60, 'sdp_max_parallel': 0, 'qaoa_max_parallel': 32, 'sdp_threads': 1, 'qaoa_threads': 1, 'sdp_memory_limit_total_gb': 250, 'sdp_memory_limit_single_gb': 250, 'sdp_memory_poll_seconds': 5, 'sdp_max_retries': 3, 'queue_poll_interval_seconds': 5}, Running QAOA with equal superposition
Benchmark run ID: dbf79876
Benchmark repeat index: 1
SDP seed override: 42
Processor: x86_64
Hostname: dacsgpu0002
Total RAM (GB): None
Physical cores: 64
Logical cores: 64
Python version: 3.11.15
Initialisation time: 0.02 seconds; started at stardate {'initialisation': 0.022001028060913086} and finished at stardate1784107582.7619753
Loaded HOG graph index 30 with 16 edges.
Instance generation for n=30 took 0.00 seconds; started at stardate 1784107582.7619836 and finished at stardate 1784107582.7648044
Running QAOA for n=7 nodes, m=16 edges...; Max iterations: 5
Warm-start cache: loading Results/warm_start_cache/experiment_3/3regular_connected_74instances__filehash_688b5b4e/hog_idx000030_d8a5ca7eb05b_seed42_L2_M2_amplified.npz
Warm-start cache: loaded in 0.0073 seconds; effective compute time=492.2528429031372
Edges: [(0, 1), (2, 3), (1, 6), (0, 4), (2, 6), (3, 5), (4, 6), (5, 6), (0, 6), (3, 4), (1, 5), (2, 5), (0, 5), (1, 4), (3, 6), (2, 4)], weights: [1.0, 1.0, 1.0, 1.0, 1.0, 1.0, 1.0, 1.0, 1.0, 1.0, 1.0, 1.0, 1.0, 1.0, 1.0, 1.0], set of nodes: {0, 1, 2, 3, 4, 5, 6}, n: 7 nodes, p: 3 layers, N_bayes: 5 iterations
Solving for uuid: 62ff8338
Initial state injected as warm start
Running ADAM optimization with a single iteration (no debug loop)
10.5801773641225
QAOA optimisation for n=30 took 654.70 seconds; started at stardate 1784107582.76481 and finished at stardate 1784108237.4668415
Finished QAOA for n=7 nodes, m=16 edges at 2026-07-15 11:37:17 on x86_64. Time taken: 654.70 seconds. Hours: 0.18 hours. Peak RAM: 0.25 MB.
Unknown graph type for approximation ratio calculation; checking misc CSV.
Checking optimal_results_misc.csv for matching edges and weights...
Found matching exact result in misc CSV: 7.500000000000022
CSV writing for n=30 took 0.01 seconds; started at stardate 1784108237.4668524 and finished at stardate 1784108237.4775765
results: {30: 10.5801773641225}
durations: {7: 654.7020387649536}
Results saved to: Results/logs/adam/qaoa_results_adam_20260715_091319_pid4033069.csv
Global end time: 1784108237.4775956
Finalisation time: 0.00 seconds; started at stardate 1784108237.4775834 and finished at stardate 1784108237.4776006
Sum of all section times: 654.74 seconds
run_id: dbf79876
