Starting QAOA benchmark with global start time: 1788306267.313781
Benchmark parameters: {'optimiser': 'adam', 'optimiser_use_heuristic': None, 'heuristic_optimiser_iterations': None, 'heuristic_optimiser_sampleSize': None, 'circuit_type': 'hamqaoa', 'parameter_vector': [1, 1, 1], 'iterations_list': [75], 'learning_rate_adam': None, 'depth_list': [1], 'n_start': None, 'n_end': None, 'singlet_injection': False, 'start_index_singlet': None, 'warm_start': True, 'warm_start_mode': 'amplified', 'lasserre_level': 2, 'initial_solver_level_M': 2, 'sdp_seed': 42, 'algorithm17_num_seeds': 2, 'algorithm17_seed_start': 43, 'sdp_solver_mode': 'scs', 'sdp_scs_eps': 1e-07, 'sdp_scs_max_iters': 100000, 'warm_start_corr_strength': None, 'warm_start_corr_repeats': None, 'compare_with_010101': False, 'init_QAOAparams_close_to_zero': False, 'use_correlations_as_initial_params': False, 'time_limit': None, 'failed_instance_termination_thrsh': None, 'graph_generation_type': 'hog', 'weighted': False, 'easiest_first': False, 'cpu_util_threshold': None, 'debug': False, 'save_circuit_svg': False, 'rerun_exclude_finished_instances': True, 'warm_start_cache_producer_only': True, 'qaoa_only_from_existing_warm_start_cache': False, 'optimiser_debug_iterations': None, 'num_repeats': 1, 'relative_graph_adjList_path': 'HOG_graphs/triangleFree_connected_4to15vertices_829instances_AdjacencyList.txt', 'persistent_warm_start_cache': True, 'warm_start_cache_dir': 'Results/warm_start_cache_experiments/Exp4b_tf829_upto10_L2M2_kbest2_gpseed42_alg17start43', 'warm_start_cache_max_file_mb': 512, 'warm_start_cache_max_total_gb': 200, 'sdp_max_parallel': 32, 'qaoa_max_parallel': 0, 'sdp_threads': 1, 'qaoa_threads': 1, 'sdp_memory_limit_total_gb': 250, 'sdp_memory_limit_single_gb': 100, 'sdp_memory_poll_seconds': 5, 'sdp_max_retries': 3, 'queue_poll_interval_seconds': 5, 'max_graph_vertices': 10, 'completed_result_csv_paths': [], 'qaoa_seed': 1, 'initialise_standard_warm_start_with_zero_angles': False, 'result_name_suffix': '_Exp4b_tf829_upto10_L2M2_kbest2_gpseed42_alg17start43'}, Running QAOA with equal superposition
Benchmark run ID: 144ccd66
Benchmark repeat index: 1
Configured SDP rounding seed: 42
QAOA seed used: 1
Processor: x86_64
Hostname: dacsvm-cpunode01
Total RAM (GB): None
Physical cores: 32
Logical cores: 32
Python version: 3.11.15
Initialisation time: 0.01 seconds; started at stardate {'initialisation': 0.005637645721435547} and finished at stardate1788306267.319432
Loaded HOG graph index 287 with 12 edges.
Instance generation for n=287 took 0.10 seconds; started at stardate 1788306267.3194406 and finished at stardate 1788306267.416601
Running QAOA for n=10 nodes, m=12 edges...; Max iterations: 75
Warm-start: starting SDP solve for n_vertices=10
Warm-start: using configured sdp_seed=42
Using SCS solver for SDP with eps=1e-07, max_iters=100000.
SDP solver status: optimal
SDP solver name: SCS
SDP solver iterations: 2700
SDP solve time: 143.033665066
SDP extra stats: {'x': array([ 1.00000000e+00, -3.02472894e-12,  7.98127191e-13, ...,
        1.00000000e+00, -7.68847789e-18,  1.00000000e+00], shape=(95266,)), 'y': array([ 3.53787760e-02,  1.46543661e-02,  1.46543661e-02, ...,
        5.55162876e-03, -3.04129424e-14,  2.72685145e-02], shape=(265112,)), 's': array([ 0.00000000e+00,  0.00000000e+00,  0.00000000e+00, ...,
        9.99999999e-01, -1.57986297e-14,  9.99999997e-01], shape=(265112,)), 'info': {'status_val': 1, 'iter': 2700, 'scale_updates': 2, 'scale': 3.1952414065523946, 'pobj': -9.157046155946109, 'dobj': -9.157046157095598, 'res_pri': 5.451057971707241e-08, 'res_dual': 1.358858598007454e-07, 'gap': 1.149489392560099e-09, 'res_infeas': nan, 'res_unbdd_a': 0.10920552140642863, 'res_unbdd_p': 0.0, 'comp_slack': 1.3718803870688134e-10, 'solve_time': 143033.665066, 'setup_time': 146.386936, 'lin_sys_time': 10605.828693000012, 'cone_time': 128597.60459500016, 'accel_time': 785.1998979999966, 'rejected_accel_steps': 23, 'accepted_accel_steps': 4, 'status': 'solved'}}
Rounding...
Setting seed to 42
n_vertices: 10 for n = 30
Using seed 42 to generate random matrix for x.
Energy of rounded cut/product state: 9.82524790973663
Algorithm 17 lower-bound energy: 8.876365723371858
Algorithm 17 actual entangled-state energy: 10.499354715997104
SDP objective value: 15.157046155946109
12 in cut out of a total of 12 edges
Warm-start: SDP solve + rounding finished in 4281.86 seconds
Warm-start: using level-2 Algorithm 17 entangled statevector with shape (1024,)
Warm-start cache: moment matrix before save shape=(436, 436), dtype=float64, entries=190096, bytes=1520768 (1.45 MiB)
Warm-start cache: saved Results/warm_start_cache_experiments/Exp4b_tf829_upto10_L2M2_kbest2_gpseed42_alg17start43/triangleFree_connected_4to15vertices_829instances_AdjacencyList__filehash_af0e2099/hog_idx000287_5d084aea18c4_seed42_L2_M2_amplified.npz in 0.0149 seconds
WARM_START_CACHE_PRODUCER_ONLY is set; warm-start cache has been produced/loaded. Exiting before QAOA optimisation.
