Starting QAOA benchmark with global start time: 1788302849.8838165
Benchmark parameters: {'optimiser': 'adam', 'optimiser_use_heuristic': None, 'heuristic_optimiser_iterations': None, 'heuristic_optimiser_sampleSize': None, 'circuit_type': 'hamqaoa', 'parameter_vector': [1, 1, 1], 'iterations_list': [75], 'learning_rate_adam': None, 'depth_list': [1], 'n_start': None, 'n_end': None, 'singlet_injection': False, 'start_index_singlet': None, 'warm_start': True, 'warm_start_mode': 'amplified', 'lasserre_level': 2, 'initial_solver_level_M': 2, 'sdp_seed': 42, 'algorithm17_num_seeds': 2, 'algorithm17_seed_start': 43, 'sdp_solver_mode': 'scs', 'sdp_scs_eps': 1e-07, 'sdp_scs_max_iters': 100000, 'warm_start_corr_strength': None, 'warm_start_corr_repeats': None, 'compare_with_010101': False, 'init_QAOAparams_close_to_zero': False, 'use_correlations_as_initial_params': False, 'time_limit': None, 'failed_instance_termination_thrsh': None, 'graph_generation_type': 'hog', 'weighted': False, 'easiest_first': False, 'cpu_util_threshold': None, 'debug': False, 'save_circuit_svg': False, 'rerun_exclude_finished_instances': True, 'warm_start_cache_producer_only': True, 'qaoa_only_from_existing_warm_start_cache': False, 'optimiser_debug_iterations': None, 'num_repeats': 1, 'relative_graph_adjList_path': 'HOG_graphs/triangleFree_connected_4to15vertices_829instances_AdjacencyList.txt', 'persistent_warm_start_cache': True, 'warm_start_cache_dir': 'Results/warm_start_cache_experiments/Exp4b_tf829_upto10_L2M2_kbest2_gpseed42_alg17start43', 'warm_start_cache_max_file_mb': 512, 'warm_start_cache_max_total_gb': 200, 'sdp_max_parallel': 32, 'qaoa_max_parallel': 0, 'sdp_threads': 1, 'qaoa_threads': 1, 'sdp_memory_limit_total_gb': 250, 'sdp_memory_limit_single_gb': 100, 'sdp_memory_poll_seconds': 5, 'sdp_max_retries': 3, 'queue_poll_interval_seconds': 5, 'max_graph_vertices': 10, 'completed_result_csv_paths': [], 'qaoa_seed': 1, 'initialise_standard_warm_start_with_zero_angles': False, 'result_name_suffix': '_Exp4b_tf829_upto10_L2M2_kbest2_gpseed42_alg17start43'}, Running QAOA with equal superposition
Benchmark run ID: f9210eef
Benchmark repeat index: 1
Configured SDP rounding seed: 42
QAOA seed used: 1
Processor: x86_64
Hostname: dacsvm-cpunode01
Total RAM (GB): None
Physical cores: 32
Logical cores: 32
Python version: 3.11.15
Initialisation time: 0.00 seconds; started at stardate {'initialisation': 0.004526615142822266} and finished at stardate1788302849.8883502
Loaded HOG graph index 218 with 9 edges.
Instance generation for n=218 took 0.09 seconds; started at stardate 1788302849.8883555 and finished at stardate 1788302849.9819481
Running QAOA for n=10 nodes, m=9 edges...; Max iterations: 75
Warm-start: starting SDP solve for n_vertices=10
Warm-start: using configured sdp_seed=42
Using SCS solver for SDP with eps=1e-07, max_iters=100000.
SDP solver status: optimal
SDP solver name: SCS
SDP solver iterations: 6725
SDP solve time: 352.40088501
SDP extra stats: {'x': array([ 1.00000000e+00, -2.14258600e-12,  5.76982065e-13, ...,
        1.00000000e+00, -8.21833970e-19,  1.00000000e+00], shape=(95266,)), 'y': array([ 2.72802026e-02,  1.12998295e-02,  1.12998295e-02, ...,
        2.31621734e-03, -5.55476438e-16,  3.71232284e-02], shape=(265112,)), 's': array([ 0.00000000e+00,  0.00000000e+00,  0.00000000e+00, ...,
        9.99999999e-01, -5.72558745e-17,  9.99999999e-01], shape=(265112,)), 'info': {'status_val': 1, 'iter': 6725, 'scale_updates': 3, 'scale': 0.763328422239657, 'pobj': -7.162199431594087, 'dobj': -7.162199403304959, 'res_pri': 1.9686235440027492e-07, 'res_dual': 4.371638966372501e-08, 'gap': 2.828912748498169e-08, 'res_infeas': nan, 'res_unbdd_a': 0.13962191496533824, 'res_unbdd_p': 0.0, 'comp_slack': 2.42609488054768e-10, 'solve_time': 352400.88501, 'setup_time': 143.81436, 'lin_sys_time': 26008.156257999977, 'cone_time': 316977.120878, 'accel_time': 1911.4603579999969, 'rejected_accel_steps': 59, 'accepted_accel_steps': 2, 'status': 'solved'}}
Rounding...
Setting seed to 42
n_vertices: 10 for n = 30
Using seed 42 to generate random matrix for x.
Energy of rounded cut/product state: 5.879846675720904
Algorithm 17 lower-bound energy: 6.840017261781155
Algorithm 17 actual entangled-state energy: 6.356383317973425
SDP objective value: 11.662199431594088
5 in cut out of a total of 9 edges
Warm-start: SDP solve + rounding finished in 4521.05 seconds
Warm-start: using level-2 Algorithm 17 entangled statevector with shape (1024,)
Warm-start cache: moment matrix before save shape=(436, 436), dtype=float64, entries=190096, bytes=1520768 (1.45 MiB)
Warm-start cache: saved Results/warm_start_cache_experiments/Exp4b_tf829_upto10_L2M2_kbest2_gpseed42_alg17start43/triangleFree_connected_4to15vertices_829instances_AdjacencyList__filehash_af0e2099/hog_idx000218_7d2dc7aeac72_seed42_L2_M2_amplified.npz in 0.0184 seconds
WARM_START_CACHE_PRODUCER_ONLY is set; warm-start cache has been produced/loaded. Exiting before QAOA optimisation.
