Starting QAOA benchmark with global start time: 1788288613.5111823
Benchmark parameters: {'optimiser': 'adam', 'optimiser_use_heuristic': None, 'heuristic_optimiser_iterations': None, 'heuristic_optimiser_sampleSize': None, 'circuit_type': 'hamqaoa', 'parameter_vector': [1, 1, 1], 'iterations_list': [75], 'learning_rate_adam': None, 'depth_list': [1], 'n_start': None, 'n_end': None, 'singlet_injection': False, 'start_index_singlet': None, 'warm_start': True, 'warm_start_mode': 'amplified', 'lasserre_level': 2, 'initial_solver_level_M': 2, 'sdp_seed': 42, 'algorithm17_num_seeds': 2, 'algorithm17_seed_start': 43, 'sdp_solver_mode': 'scs', 'sdp_scs_eps': 1e-07, 'sdp_scs_max_iters': 100000, 'warm_start_corr_strength': None, 'warm_start_corr_repeats': None, 'compare_with_010101': False, 'init_QAOAparams_close_to_zero': False, 'use_correlations_as_initial_params': False, 'time_limit': None, 'failed_instance_termination_thrsh': None, 'graph_generation_type': 'hog', 'weighted': False, 'easiest_first': False, 'cpu_util_threshold': None, 'debug': False, 'save_circuit_svg': False, 'rerun_exclude_finished_instances': True, 'warm_start_cache_producer_only': True, 'qaoa_only_from_existing_warm_start_cache': False, 'optimiser_debug_iterations': None, 'num_repeats': 1, 'relative_graph_adjList_path': 'HOG_graphs/triangleFree_connected_4to15vertices_829instances_AdjacencyList.txt', 'persistent_warm_start_cache': True, 'warm_start_cache_dir': 'Results/warm_start_cache_experiments/Exp4b_tf829_upto10_L2M2_kbest2_gpseed42_alg17start43', 'warm_start_cache_max_file_mb': 512, 'warm_start_cache_max_total_gb': 200, 'sdp_max_parallel': 32, 'qaoa_max_parallel': 0, 'sdp_threads': 1, 'qaoa_threads': 1, 'sdp_memory_limit_total_gb': 250, 'sdp_memory_limit_single_gb': 100, 'sdp_memory_poll_seconds': 5, 'sdp_max_retries': 3, 'queue_poll_interval_seconds': 5, 'max_graph_vertices': 10, 'completed_result_csv_paths': [], 'qaoa_seed': 1, 'initialise_standard_warm_start_with_zero_angles': False, 'result_name_suffix': '_Exp4b_tf829_upto10_L2M2_kbest2_gpseed42_alg17start43'}, Running QAOA with equal superposition
Benchmark run ID: 9e04ee1b
Benchmark repeat index: 1
Configured SDP rounding seed: 42
QAOA seed used: 1
Processor: x86_64
Hostname: dacsvm-cpunode01
Total RAM (GB): None
Physical cores: 32
Logical cores: 32
Python version: 3.11.15
Initialisation time: 0.00 seconds; started at stardate {'initialisation': 0.00493931770324707} and finished at stardate1788288613.5161362
Loaded HOG graph index 702 with 12 edges.
Instance generation for n=702 took 0.08 seconds; started at stardate 1788288613.5161474 and finished at stardate 1788288613.6005461
Running QAOA for n=10 nodes, m=12 edges...; Max iterations: 75
Warm-start: starting SDP solve for n_vertices=10
Warm-start: using configured sdp_seed=42
Using SCS solver for SDP with eps=1e-07, max_iters=100000.
SDP solver status: optimal
SDP solver name: SCS
SDP solver iterations: 1775
SDP solve time: 101.403079002
SDP extra stats: {'x': array([ 1.00000000e+00, -5.36805791e-13,  1.74362606e-13, ...,
        1.00000000e+00,  2.21203254e-15,  1.00000000e+00], shape=(95266,)), 'y': array([ 2.85073776e-02,  1.18081455e-02,  1.18081455e-02, ...,
        1.53039400e-02, -1.80502139e-12,  3.79307692e-02], shape=(265112,)), 's': array([0.00000000e+00, 0.00000000e+00, 0.00000000e+00, ...,
       1.00000001e+00, 1.43728263e-13, 1.00000000e+00], shape=(265112,)), 'info': {'status_val': 1, 'iter': 1775, 'scale_updates': 2, 'scale': 1.998782946280464, 'pobj': -10.044566515387396, 'dobj': -10.044566488477779, 'res_pri': 1.6115814853890838e-07, 'res_dual': 1.1047882317057539e-07, 'gap': 2.6909617645287653e-08, 'res_infeas': nan, 'res_unbdd_a': 0.09955631220880291, 'res_unbdd_p': 0.0, 'comp_slack': 4.848965673431849e-11, 'solve_time': 101403.079002, 'setup_time': 142.536925, 'lin_sys_time': 6858.034923999989, 'cone_time': 92073.62414100012, 'accel_time': 484.19512899999813, 'rejected_accel_steps': 14, 'accepted_accel_steps': 2, 'status': 'solved'}}
Rounding...
Setting seed to 42
n_vertices: 10 for n = 30
Using seed 42 to generate random matrix for x.
Energy of rounded cut/product state: 9.764469582081661
Algorithm 17 lower-bound energy: 9.377421790872065
Algorithm 17 actual entangled-state energy: 10.6970656170839
SDP objective value: 16.044566515387395
10 in cut out of a total of 12 edges
Warm-start: SDP solve + rounding finished in 4159.44 seconds
Warm-start: using level-2 Algorithm 17 entangled statevector with shape (1024,)
Warm-start cache: moment matrix before save shape=(436, 436), dtype=float64, entries=190096, bytes=1520768 (1.45 MiB)
Warm-start cache: saved Results/warm_start_cache_experiments/Exp4b_tf829_upto10_L2M2_kbest2_gpseed42_alg17start43/triangleFree_connected_4to15vertices_829instances_AdjacencyList__filehash_af0e2099/hog_idx000702_011b70aacb10_seed42_L2_M2_amplified.npz in 0.0154 seconds
WARM_START_CACHE_PRODUCER_ONLY is set; warm-start cache has been produced/loaded. Exiting before QAOA optimisation.
