Starting QAOA benchmark with global start time: 1786013071.268091
Benchmark parameters: {'optimiser': 'adam', 'optimiser_use_heuristic': True, 'heuristic_optimiser_iterations': 1, 'heuristic_optimiser_sampleSize': 20, 'circuit_type': 'hamqaoa', 'parameter_vector': [1, 1, 1], 'iterations_list': [50], 'learning_rate_adam': 0.001, 'depth_list': [1, 2, 3, 5], 'n_start': None, 'n_end': None, 'singlet_injection': False, 'start_index_singlet': None, 'warm_start': True, 'warm_start_mode': 'standard', 'lasserre_level': 2, 'initial_solver_level_M': 2, 'sdp_seed': None, 'sdp_solver_mode': 'scs', 'sdp_scs_eps': 1e-06, 'sdp_scs_max_iters': 100000, 'warm_start_corr_strength': None, 'warm_start_corr_repeats': None, 'compare_with_010101': False, 'init_QAOAparams_close_to_zero': False, 'use_correlations_as_initial_params': False, 'time_limit': None, 'failed_instance_termination_thrsh': None, 'graph_generation_type': 'hog', 'weighted': False, 'easiest_first': False, 'cpu_util_threshold': None, 'debug': False, 'save_circuit_svg': False, 'rerun_exclude_finished_instances': True, 'warm_start_cache_producer_only': False, 'qaoa_only_from_existing_warm_start_cache': True, 'optimiser_debug_iterations': None, 'num_repeats': 1, 'relative_graph_adjList_path': 'HOG_graphs/Exp5/complete_graphs_2to12vertices_11instances_AdjacencyList.txt', 'persistent_warm_start_cache': True, 'warm_start_cache_dir': 'Results/warm_start_cache', 'warm_start_cache_max_file_mb': 512, 'warm_start_cache_max_total_gb': 60, 'sdp_max_parallel': 0, 'qaoa_max_parallel': 16, 'sdp_threads': 1, 'qaoa_threads': 1, 'sdp_memory_limit_total_gb': 0, 'sdp_memory_limit_single_gb': 0, 'sdp_memory_poll_seconds': 5, 'sdp_max_retries': 0, 'queue_poll_interval_seconds': 5, 'completed_result_csv_paths': [], 'initialise_standard_warm_start_with_zero_angles': False, 'result_name_suffix': '_Exp5_subexp4_standardWithHeuristic'}, Running QAOA with equal superposition
Benchmark run ID: c7bc2a50
Benchmark repeat index: 1
SDP seed override: None
Processor: x86_64
Hostname: dacsvm-cpunode01
Total RAM (GB): None
Physical cores: 32
Logical cores: 32
Python version: 3.11.15
Initialisation time: 0.01 seconds; started at stardate {'initialisation': 0.006413459777832031} and finished at stardate1786013071.2745142
Loaded HOG graph index 3 with 10 edges.
Instance generation for n=3 took 0.00 seconds; started at stardate 1786013071.274521 and finished at stardate 1786013071.2753742
Running QAOA for n=5 nodes, m=10 edges...; Max iterations: 50
Warm-start cache: loading Results/warm_start_cache/complete_graphs_2to12vertices_11instances_AdjacencyList__filehash_1c7be33d/hog_idx000003_e862dff8957b_noseed_L2_M2_standard.npz
Warm-start cache: loaded in 0.0017 seconds; effective compute time=14.623636960983276
Edges: [(1, 3), (0, 1), (2, 3), (0, 4), (0, 3), (1, 2), (3, 4), (1, 4), (0, 2), (2, 4)], weights: [1.0, 1.0, 1.0, 1.0, 1.0, 1.0, 1.0, 1.0, 1.0, 1.0], set of nodes: {0, 1, 2, 3, 4}, n: 5 nodes, p: 5 layers, N_bayes: 50 iterations
Solving for uuid: 63db748b
Initial state injected as warm start
Running ADAM optimization with a single iteration (no debug loop)
6.61476861376501
QAOA optimisation for n=3 took 42.40 seconds; started at stardate 1786013071.2753804 and finished at stardate 1786013113.679071
Finished QAOA for n=5 nodes, m=10 edges at 2026-08-06 12:45:13 on x86_64. Time taken: 42.40 seconds. Hours: 0.01 hours. Peak RAM: 0.24 MB.
Computing complete graph approximation ratio
CSV writing for n=3 took 0.02 seconds; started at stardate 1786013113.679078 and finished at stardate 1786013113.696021
results: {3: 6.61476861376501}
durations: {5: 42.403696060180664}
Results saved to: Results/logs/adam/qaoa_results_adam_20260806_124423_pid3524833_Exp5_subexp4_standardWithHeuristic.csv
Global end time: 1786013113.6960323
Finalisation time: 0.00 seconds; started at stardate 1786013113.6960254 and finished at stardate 1786013113.6960363
Sum of all section times: 42.43 seconds
run_id: c7bc2a50
