Starting QAOA benchmark with global start time: 1785811616.9336362
Benchmark parameters: {'optimiser': 'adam', 'optimiser_use_heuristic': False, 'heuristic_optimiser_iterations': None, 'heuristic_optimiser_sampleSize': None, 'circuit_type': 'hamqaoa', 'parameter_vector': [1, 1, 1], 'iterations_list': [50], 'learning_rate_adam': 0.001, 'depth_list': [1, 2, 3], 'n_start': None, 'n_end': None, 'singlet_injection': False, 'start_index_singlet': None, 'warm_start': True, 'warm_start_mode': 'standard', 'lasserre_level': 1, 'initial_solver_level_M': 1, 'sdp_seed': None, 'sdp_solver_mode': 'scs', 'sdp_scs_eps': 1e-06, 'sdp_scs_max_iters': 100000, 'warm_start_corr_strength': None, 'warm_start_corr_repeats': None, 'compare_with_010101': False, 'init_QAOAparams_close_to_zero': False, 'use_correlations_as_initial_params': False, 'time_limit': None, 'failed_instance_termination_thrsh': None, 'graph_generation_type': 'hog', 'weighted': False, 'easiest_first': False, 'cpu_util_threshold': None, 'debug': False, 'save_circuit_svg': False, 'rerun_exclude_finished_instances': True, 'warm_start_cache_producer_only': False, 'qaoa_only_from_existing_warm_start_cache': True, 'optimiser_debug_iterations': None, 'num_repeats': 1, 'relative_graph_adjList_path': 'HOG_graphs/Exp5/list_454_graphs_adjacency_listhog_v04-12_bipartite.txt', 'persistent_warm_start_cache': True, 'warm_start_cache_dir': 'Results/warm_start_cache', 'warm_start_cache_max_file_mb': 512, 'warm_start_cache_max_total_gb': 60, 'sdp_max_parallel': 0, 'qaoa_max_parallel': 32, 'sdp_threads': 1, 'qaoa_threads': 1, 'sdp_memory_limit_total_gb': 0, 'sdp_memory_limit_single_gb': 0, 'sdp_memory_poll_seconds': 5, 'sdp_max_retries': 0, 'queue_poll_interval_seconds': 5, 'completed_result_csv_paths': [], 'initialise_standard_warm_start_with_zero_angles': True, 'result_name_suffix': '_Exp5_subexp1_zeroAngles'}, Running QAOA with equal superposition
Benchmark run ID: 03298562
Benchmark repeat index: 1
SDP seed override: None
Processor: x86_64
Hostname: dacsgpu0002
Total RAM (GB): None
Physical cores: 64
Logical cores: 64
Python version: 3.11.15
Initialisation time: 0.01 seconds; started at stardate {'initialisation': 0.007373332977294922} and finished at stardate1785811616.9410233
Loaded HOG graph index 168 with 9 edges.
Instance generation for n=168 took 0.03 seconds; started at stardate 1785811616.9410331 and finished at stardate 1785811616.9675965
Running QAOA for n=10 nodes, m=9 edges...; Max iterations: 50
Warm-start cache: loading Results/warm_start_cache/list_454_graphs_adjacency_listhog_v04-12_bipartite__filehash_0815e7e8/hog_idx000168_172e472471cc_noseed_L1_M1_standard.npz
Warm-start cache: loaded in 0.0175 seconds; effective compute time=0.1862642765045166
Edges: [(8, 9), (3, 8), (6, 9), (1, 9), (5, 7), (7, 9), (4, 6), (2, 8), (0, 9)], weights: [1.0, 1.0, 1.0, 1.0, 1.0, 1.0, 1.0, 1.0, 1.0], set of nodes: {0, 1, 2, 3, 4, 5, 6, 7, 8, 9}, n: 10 nodes, p: 3 layers, N_bayes: 50 iterations
Solving for uuid: 3dced192
Initial state injected as warm start
Running ADAM optimization with a single iteration (no debug loop)
1.7521511237783798
QAOA optimisation for n=168 took 196.06 seconds; started at stardate 1785811616.9676025 and finished at stardate 1785811813.0267074
Finished QAOA for n=10 nodes, m=9 edges at 2026-08-04 04:50:13 on x86_64. Time taken: 196.06 seconds. Hours: 0.05 hours. Peak RAM: 0.99 MB.
Unknown graph type for approximation ratio calculation; checking misc CSV.
Checking optimal_results_misc.csv for matching edges and weights...
Found matching exact result in misc CSV: 6.1084832233211355
CSV writing for n=168 took 0.03 seconds; started at stardate 1785811813.0267174 and finished at stardate 1785811813.0531604
results: {168: 1.7521511237783798}
durations: {10: 196.0591115951538}
Results saved to: Results/logs/adam/qaoa_results_adam_20260803_195931_pid1541102_Exp5_subexp1_zeroAngles.csv
Global end time: 1785811813.0531752
Finalisation time: 0.00 seconds; started at stardate 1785811813.0531666 and finished at stardate 1785811813.05318
Sum of all section times: 196.12 seconds
run_id: 03298562
