Starting QAOA benchmark with global start time: 1787652215.3780537
Benchmark parameters: {'optimiser': 'adam', 'optimiser_use_heuristic': False, 'heuristic_optimiser_iterations': None, 'heuristic_optimiser_sampleSize': None, 'circuit_type': 'hamqaoa', 'parameter_vector': [1, 1, 1], 'iterations_list': [50], 'learning_rate_adam': 0.005, 'depth_list': [1, 2, 3, 4, 5], 'n_start': None, 'n_end': None, 'singlet_injection': False, 'start_index_singlet': None, 'warm_start': True, 'warm_start_mode': 'standard', 'lasserre_level': 1, 'initial_solver_level_M': 1, 'sdp_seed': None, 'sdp_solver_mode': 'scs', 'sdp_scs_eps': 1e-06, 'sdp_scs_max_iters': 100000, 'warm_start_corr_strength': None, 'warm_start_corr_repeats': None, 'compare_with_010101': False, 'init_QAOAparams_close_to_zero': False, 'use_correlations_as_initial_params': False, 'time_limit': None, 'failed_instance_termination_thrsh': None, 'graph_generation_type': 'hog', 'weighted': False, 'easiest_first': False, 'cpu_util_threshold': None, 'debug': False, 'save_circuit_svg': False, 'rerun_exclude_finished_instances': False, 'warm_start_cache_producer_only': False, 'qaoa_only_from_existing_warm_start_cache': True, 'optimiser_debug_iterations': None, 'num_repeats': 1, 'relative_graph_adjList_path': 'HOG_graphs/Exp5/list_388_graphs_adjacency_list_hog_v04-12_regular.txt', 'persistent_warm_start_cache': True, 'warm_start_cache_dir': 'Results/warm_start_cache', 'warm_start_cache_max_file_mb': 512, 'warm_start_cache_max_total_gb': 60, 'sdp_max_parallel': 0, 'qaoa_max_parallel': 16, 'sdp_threads': 1, 'qaoa_threads': 1, 'sdp_memory_limit_total_gb': 0, 'sdp_memory_limit_single_gb': 0, 'sdp_memory_poll_seconds': 5, 'sdp_max_retries': 0, 'queue_poll_interval_seconds': 5, 'max_graph_vertices': 10, 'completed_result_csv_paths': [], 'qaoa_seed': 1, 'initialise_standard_warm_start_with_zero_angles': False, 'result_name_suffix': '_Exp5_subexp4_standardWithHeuristic_rerun2508'}, Running QAOA with equal superposition
Benchmark run ID: 0c8f11da
Benchmark repeat index: 1
SDP seed override: None
QAOA seed used: 1
Processor: x86_64
Hostname: dacsgpu0003
Total RAM (GB): None
Physical cores: 64
Logical cores: 64
Python version: 3.11.15
Initialisation time: 0.00 seconds; started at stardate {'initialisation': 0.0044023990631103516} and finished at stardate1787652215.3824627
Loaded HOG graph index 13 with 5 edges.
Instance generation for n=13 took 0.10 seconds; started at stardate 1787652215.382469 and finished at stardate 1787652215.4811068
Running QAOA for n=5 nodes, m=5 edges...; Max iterations: 50
Warm-start cache: loading Results/warm_start_cache/list_388_graphs_adjacency_list_hog_v04-12_regular__filehash_5b7f8d46/hog_idx000013_fffcd25a2931_noseed_L1_M1_amplified.npz
Warm-start cache: loaded in 0.0016 seconds; effective compute time=0.049947261810302734
Edges: [(1, 3), (0, 1), (3, 4), (0, 2), (2, 4)], weights: [1.0, 1.0, 1.0, 1.0, 1.0], set of nodes: {0, 1, 2, 3, 4}, n: 5 nodes, p: 2 layers, N_bayes: 50 iterations
Solving for uuid: fdf0e0e0
Initial state injected as warm start
Running ADAM optimization with a single iteration (no debug loop)
2.416613474276281
QAOA optimisation for n=13 took 6.55 seconds; started at stardate 1787652215.4811132 and finished at stardate 1787652222.0286589
Finished QAOA for n=5 nodes, m=5 edges at 2026-08-25 12:03:42 on x86_64. Time taken: 6.55 seconds. Hours: 0.00 hours. Peak RAM: 0.22 MB.
Computing cycle approximation ratio
CSV writing for n=13 took 0.03 seconds; started at stardate 1787652222.0286686 and finished at stardate 1787652222.0589027
results: {13: 2.416613474276281}
durations: {5: 6.547552585601807}
Results saved to: Results/logs/adam/qaoa_results_adam_20260825_070735_pid468967_Exp5_subexp4_standardWithHeuristic_rerun2508.csv
Global end time: 1787652222.058923
Finalisation time: 0.00 seconds; started at stardate 1787652222.058911 and finished at stardate 1787652222.0589278
Sum of all section times: 6.68 seconds
run_id: 0c8f11da
