Starting QAOA benchmark with global start time: 1787670630.8322206
Benchmark parameters: {'optimiser': 'adam', 'optimiser_use_heuristic': None, 'heuristic_optimiser_iterations': None, 'heuristic_optimiser_sampleSize': None, 'circuit_type': 'hamqaoa', 'parameter_vector': [1, 1, 1], 'iterations_list': [75], 'learning_rate_adam': None, 'depth_list': [1], 'n_start': None, 'n_end': None, 'singlet_injection': False, 'start_index_singlet': None, 'warm_start': True, 'warm_start_mode': 'amplified', 'lasserre_level': 2, 'initial_solver_level_M': 2, 'sdp_seed': 42, 'sdp_solver_mode': 'scs', 'sdp_scs_eps': 1e-06, 'sdp_scs_max_iters': 100000, 'warm_start_corr_strength': None, 'warm_start_corr_repeats': None, 'compare_with_010101': False, 'init_QAOAparams_close_to_zero': False, 'use_correlations_as_initial_params': False, 'time_limit': None, 'failed_instance_termination_thrsh': None, 'graph_generation_type': 'hog', 'weighted': False, 'easiest_first': False, 'cpu_util_threshold': None, 'debug': False, 'save_circuit_svg': False, 'rerun_exclude_finished_instances': True, 'warm_start_cache_producer_only': True, 'qaoa_only_from_existing_warm_start_cache': False, 'optimiser_debug_iterations': None, 'num_repeats': 1, 'relative_graph_adjList_path': 'HOG_graphs/Exp5/list_193_graphs_adjacency_listhog_v04-12_planar_clawFree.txt', 'persistent_warm_start_cache': True, 'warm_start_cache_dir': 'Results/warm_start_cache', 'warm_start_cache_max_file_mb': 512, 'warm_start_cache_max_total_gb': 60, 'sdp_max_parallel': 32, 'qaoa_max_parallel': 0, 'sdp_threads': 1, 'qaoa_threads': 1, 'sdp_memory_limit_total_gb': 250, 'sdp_memory_limit_single_gb': 100, 'sdp_memory_poll_seconds': 5, 'sdp_max_retries': 3, 'queue_poll_interval_seconds': 5, 'max_graph_vertices': 10, 'completed_result_csv_paths': [], 'qaoa_seed': 42, 'initialise_standard_warm_start_with_zero_angles': False, 'result_name_suffix': '_Exp7_AmplifiedWithHeuristic_rerun2408'}, Running QAOA with equal superposition
Benchmark run ID: 37244d7f
Benchmark repeat index: 1
SDP seed override: 42
QAOA seed used: 42
Processor: x86_64
Hostname: dacsvm-cpunode01
Total RAM (GB): None
Physical cores: 32
Logical cores: 32
Python version: 3.11.15
Initialisation time: 0.01 seconds; started at stardate {'initialisation': 0.008063793182373047} and finished at stardate1787670630.8403006
Loaded HOG graph index 69 with 20 edges.
Instance generation for n=69 took 0.01 seconds; started at stardate 1787670630.8403134 and finished at stardate 1787670630.8498018
Running QAOA for n=10 nodes, m=20 edges...; Max iterations: 75
Warm-start: starting SDP solve for n_vertices=10
Warm-start: using configured sdp_seed=42
Using SCS solver for SDP with eps=1e-06, max_iters=100000.
SDP solver status: optimal
SDP solver name: SCS
SDP solver iterations: 4000
SDP solve time: 213.532799695
SDP extra stats: {'x': array([1.00000000e+00, 1.50586933e-12, 5.46280727e-13, ...,
       1.00000000e+00, 2.89965572e-18, 1.00000000e+00], shape=(95266,)), 'y': array([2.38752364e-02, 9.88944886e-03, 9.88944886e-03, ...,
       1.41815438e-02, 9.60218118e-14, 5.50132750e-02], shape=(265112,)), 's': array([ 0.00000000e+00,  0.00000000e+00,  0.00000000e+00, ...,
        1.00000001e+00, -6.99518104e-16,  9.99999968e-01], shape=(265112,)), 'info': {'status_val': 1, 'iter': 4000, 'scale_updates': 3, 'scale': 0.5221969772676429, 'pobj': -9.55046858945942, 'dobj': -9.550468473841507, 'res_pri': 1.7009674047156844e-06, 'res_dual': 3.3815106813686195e-07, 'gap': 1.156179134653712e-07, 'res_infeas': nan, 'res_unbdd_a': 0.10470690423649155, 'res_unbdd_p': 0.0, 'comp_slack': 2.7402080604588264e-11, 'solve_time': 213532.799695, 'setup_time': 115.340506, 'lin_sys_time': 14016.284399999953, 'cone_time': 194984.04006100015, 'accel_time': 980.0957210000006, 'rejected_accel_steps': 33, 'accepted_accel_steps': 3, 'status': 'solved'}}
Rounding...
Setting seed to 42
n_vertices: 10 for n = 30
Using seed 42 to generate random matrix for x.
Energy of rounded cut/product state: 13.049542522692814
Algorithm 17 lower-bound energy: 11.738742055939912
Algorithm 17 actual entangled-state energy: 13.381060371308767
SDP objective value: 19.55046858945942
13 in cut out of a total of 20 edges
Warm-start: SDP solve + rounding finished in 3851.02 seconds
Warm-start: using level-2 Algorithm 17 entangled statevector with shape (1024,)
Warm-start cache: moment matrix before save shape=(436, 436), dtype=float64, entries=190096, bytes=1520768 (1.45 MiB)
Warm-start cache: saved Results/warm_start_cache/list_193_graphs_adjacency_listhog_v04-12_planar_clawFree__filehash_62ae5075/hog_idx000069_1677974a30b1_seed42_L2_M2_amplified.npz in 0.0131 seconds
WARM_START_CACHE_PRODUCER_ONLY is set; warm-start cache has been produced/loaded. Exiting before QAOA optimisation.
