Starting QAOA benchmark with global start time: 1787670186.1214654
Benchmark parameters: {'optimiser': 'adam', 'optimiser_use_heuristic': None, 'heuristic_optimiser_iterations': None, 'heuristic_optimiser_sampleSize': None, 'circuit_type': 'hamqaoa', 'parameter_vector': [1, 1, 1], 'iterations_list': [75], 'learning_rate_adam': None, 'depth_list': [1], 'n_start': None, 'n_end': None, 'singlet_injection': False, 'start_index_singlet': None, 'warm_start': True, 'warm_start_mode': 'amplified', 'lasserre_level': 2, 'initial_solver_level_M': 2, 'sdp_seed': 42, 'sdp_solver_mode': 'scs', 'sdp_scs_eps': 1e-06, 'sdp_scs_max_iters': 100000, 'warm_start_corr_strength': None, 'warm_start_corr_repeats': None, 'compare_with_010101': False, 'init_QAOAparams_close_to_zero': False, 'use_correlations_as_initial_params': False, 'time_limit': None, 'failed_instance_termination_thrsh': None, 'graph_generation_type': 'hog', 'weighted': False, 'easiest_first': False, 'cpu_util_threshold': None, 'debug': False, 'save_circuit_svg': False, 'rerun_exclude_finished_instances': True, 'warm_start_cache_producer_only': True, 'qaoa_only_from_existing_warm_start_cache': False, 'optimiser_debug_iterations': None, 'num_repeats': 1, 'relative_graph_adjList_path': 'HOG_graphs/Exp5/list_193_graphs_adjacency_listhog_v04-12_planar_clawFree.txt', 'persistent_warm_start_cache': True, 'warm_start_cache_dir': 'Results/warm_start_cache', 'warm_start_cache_max_file_mb': 512, 'warm_start_cache_max_total_gb': 60, 'sdp_max_parallel': 32, 'qaoa_max_parallel': 0, 'sdp_threads': 1, 'qaoa_threads': 1, 'sdp_memory_limit_total_gb': 250, 'sdp_memory_limit_single_gb': 100, 'sdp_memory_poll_seconds': 5, 'sdp_max_retries': 3, 'queue_poll_interval_seconds': 5, 'max_graph_vertices': 10, 'completed_result_csv_paths': [], 'qaoa_seed': 42, 'initialise_standard_warm_start_with_zero_angles': False, 'result_name_suffix': '_Exp7_AmplifiedWithHeuristic_rerun2408'}, Running QAOA with equal superposition
Benchmark run ID: 0c2e0e7f
Benchmark repeat index: 1
SDP seed override: 42
QAOA seed used: 42
Processor: x86_64
Hostname: dacsvm-cpunode01
Total RAM (GB): None
Physical cores: 32
Logical cores: 32
Python version: 3.11.15
Initialisation time: 0.00 seconds; started at stardate {'initialisation': 0.003957509994506836} and finished at stardate1787670186.1254346
Loaded HOG graph index 56 with 7 edges.
Instance generation for n=56 took 0.00 seconds; started at stardate 1787670186.1254418 and finished at stardate 1787670186.1303222
Running QAOA for n=7 nodes, m=7 edges...; Max iterations: 75
Warm-start: starting SDP solve for n_vertices=7
Warm-start: using configured sdp_seed=42
Using SCS solver for SDP with eps=1e-06, max_iters=100000.
SDP solver status: optimal
SDP solver name: SCS
SDP solver iterations: 1475
SDP solve time: 11.570123670000001
SDP extra stats: {'x': array([1.00000000e+00, 9.66773392e-13, 8.42871726e-13, ...,
       1.00000000e+00, 2.93800026e-15, 1.00000000e+00], shape=(22366,)), 'y': array([3.10211413e-02, 1.28493872e-02, 1.28493872e-02, ...,
       2.22903444e-02, 2.75315341e-12, 4.15168673e-02], shape=(63107,)), 's': array([0.00000000e+00, 0.00000000e+00, 0.00000000e+00, ...,
       1.00000003e+00, 3.91627600e-14, 1.00000001e+00], shape=(63107,)), 'info': {'status_val': 1, 'iter': 1475, 'scale_updates': 3, 'scale': 4.861069901882487, 'pobj': -5.618739899802389, 'dobj': -5.618739862401956, 'res_pri': 5.866870865363982e-07, 'res_dual': 6.571463389509686e-07, 'gap': 3.740043297284501e-08, 'res_infeas': nan, 'res_unbdd_a': 0.17797584829915833, 'res_unbdd_p': 0.0, 'comp_slack': 3.529407070060812e-12, 'solve_time': 11570.12367, 'setup_time': 27.08998, 'lin_sys_time': 1246.6238410000003, 'cone_time': 9902.025434000003, 'accel_time': 83.35749500000017, 'rejected_accel_steps': 10, 'accepted_accel_steps': 3, 'status': 'solved'}}
Rounding...
Setting seed to 42
n_vertices: 7 for n = 21
Using seed 42 to generate random matrix for x.
Energy of rounded cut/product state: 5.923201371009637
Algorithm 17 lower-bound energy: 5.465430181081246
Algorithm 17 actual entangled-state energy: 6.683055587308482
SDP objective value: 9.118739899802389
6 in cut out of a total of 7 edges
Warm-start: SDP solve + rounding finished in 202.37 seconds
Warm-start: using level-2 Algorithm 17 entangled statevector with shape (128,)
Warm-start cache: moment matrix before save shape=(211, 211), dtype=float64, entries=44521, bytes=356168 (0.34 MiB)
Warm-start cache: saved Results/warm_start_cache/list_193_graphs_adjacency_listhog_v04-12_planar_clawFree__filehash_62ae5075/hog_idx000056_6a7f2c8d7d35_seed42_L2_M2_amplified.npz in 0.0107 seconds
WARM_START_CACHE_PRODUCER_ONLY is set; warm-start cache has been produced/loaded. Exiting before QAOA optimisation.
