Starting QAOA benchmark with global start time: 1783493429.1969218
Benchmark parameters: {'optimiser': 'adam', 'optimiser_use_heuristic': True, 'heuristic_optimiser_iterations': 2, 'heuristic_optimiser_sampleSize': 1000, 'circuit_type': 'hamqaoa', 'parameter_vector': [1, 1, 1], 'iterations_list': [50], 'learning_rate_adam': 0.05, 'depth_list': [1, 3, 5], 'n_start': None, 'n_end': None, 'singlet_injection': False, 'start_index_singlet': None, 'warm_start': True, 'warm_start_mode': 'amplified', 'lasserre_level': 2, 'initial_solver_level_M': 2, 'sdp_seed': 46, 'sdp_solver_mode': 'scs', 'sdp_scs_eps': 1e-06, 'sdp_scs_max_iters': 100000, 'warm_start_corr_strength': None, 'warm_start_corr_repeats': None, 'compare_with_010101': False, 'init_QAOAparams_close_to_zero': False, 'use_correlations_as_initial_params': False, 'time_limit': None, 'failed_instance_termination_thrsh': None, 'graph_generation_type': 'hog', 'weighted': False, 'easiest_first': False, 'cpu_util_threshold': None, 'debug': False, 'save_circuit_svg': False, 'rerun_exclude_finished_instances': True, 'warm_start_cache_producer_only': True, 'qaoa_only_from_existing_warm_start_cache': False, 'optimiser_debug_iterations': None, 'num_repeats': 5, 'relative_graph_adjList_path': 'HOG_graphs/random_graphs_8to14vertices_78instances_20260625_143415_AdjacencyList.txt', 'persistent_warm_start_cache': True, 'warm_start_cache_dir': 'Results/warm_start_cache/experiment_3', 'warm_start_cache_max_file_mb': 512, 'warm_start_cache_max_total_gb': 60, 'sdp_max_parallel': 32, 'qaoa_max_parallel': 0, 'sdp_threads': 1, 'qaoa_threads': 1, 'sdp_memory_limit_total_gb': 350, 'sdp_memory_limit_single_gb': 350, 'sdp_memory_poll_seconds': 5, 'sdp_max_retries': 3, 'queue_poll_interval_seconds': 5}, Running QAOA with equal superposition
Benchmark run ID: 387670ee
Benchmark repeat index: 5
SDP seed override: 46
Processor: x86_64
Hostname: dacsgpu0003
Total RAM (GB): None
Physical cores: 64
Logical cores: 64
Python version: 3.11.15
Initialisation time: 0.02 seconds; started at stardate {'initialisation': 0.02495288848876953} and finished at stardate1783493429.2218933
Loaded HOG graph index 12 with 10 edges.
Instance generation for n=12 took 0.00 seconds; started at stardate 1783493429.2219043 and finished at stardate 1783493429.2259314
Running QAOA for n=9 nodes, m=10 edges...; Max iterations: 50
Warm-start: starting SDP solve for n_vertices=9
Warm-start: using configured sdp_seed=46
Using SCS solver for SDP with eps=1e-06, max_iters=100000.
SDP solver status: optimal
SDP solver name: SCS
SDP solver iterations: 2975
SDP solve time: 142.615537379
SDP extra stats: {'x': array([1.00000000e+00, 5.26899777e-13, 1.05890037e-12, ...,
       1.00000000e+00, 4.61046983e-15, 1.00000000e+00], shape=(62128,)), 'y': array([2.92296592e-02, 1.21073352e-02, 1.21073352e-02, ...,
       1.60824923e-03, 4.74259087e-13, 3.80669305e-03], shape=(173558,)), 's': array([ 0.00000000e+00,  0.00000000e+00,  0.00000000e+00, ...,
        1.00000001e+00, -3.40886344e-14,  1.00000002e+00], shape=(173558,)), 'info': {'status_val': 1, 'iter': 2975, 'scale_updates': 2, 'scale': 2.4605939779227595, 'pobj': -7.558639310671189, 'dobj': -7.558639148986344, 'res_pri': 9.616243329954268e-07, 'res_dual': 1.4559320135814736e-06, 'gap': 1.6168484506806635e-07, 'res_infeas': nan, 'res_unbdd_a': 0.13229894416308213, 'res_unbdd_p': 0.0, 'comp_slack': 2.405385433360132e-11, 'solve_time': 142615.537379, 'setup_time': 160.281431, 'lin_sys_time': 10813.160167000036, 'cone_time': 127319.48356299983, 'accel_time': 927.312587000011, 'rejected_accel_steps': 24, 'accepted_accel_steps': 3, 'status': 'solved'}}
Rounding...
Setting seed to 46
n_vertices: 9 for n = 27
Using seed 46 to generate random matrix for x.
Energy of rounded cut/product state: 7.224385840660921
Algorithm 17 lower-bound energy: 7.494949544376048
Algorithm 17 actual entangled-state energy: 7.35883254265788
SDP objective value: 12.558639310671188
6 in cut out of a total of 10 edges
Warm-start: SDP solve + rounding finished in 2792.23 seconds
Warm-start: using level-2 Algorithm 17 entangled statevector with shape (512,)
Warm-start cache: moment matrix before save shape=(352, 352), dtype=float64, entries=123904, bytes=991232 (0.95 MiB)
Warm-start cache: saved Results/warm_start_cache/experiment_3/random_graphs_8to14vertices_78instances_20260625_143415_AdjacencyList__filehash_a79662a0/hog_idx000012_c06dee67e009_seed46_L2_M2_amplified.npz in 0.0146 seconds
WARM_START_CACHE_PRODUCER_ONLY is set; warm-start cache has been produced/loaded. Exiting before QAOA optimisation.
