Starting QAOA benchmark with global start time: 1783367374.3316445
Benchmark parameters: {'optimiser': 'adam', 'optimiser_use_heuristic': True, 'heuristic_optimiser_iterations': 2, 'heuristic_optimiser_sampleSize': 1000, 'circuit_type': 'hamqaoa', 'parameter_vector': [1, 1, 1], 'iterations_list': [50], 'learning_rate_adam': 0.05, 'depth_list': [1, 3, 5], 'n_start': None, 'n_end': None, 'singlet_injection': False, 'start_index_singlet': None, 'warm_start': True, 'warm_start_mode': 'amplified', 'lasserre_level': 2, 'initial_solver_level_M': 2, 'sdp_seed': 45, 'sdp_solver_mode': 'scs', 'sdp_scs_eps': 1e-06, 'sdp_scs_max_iters': 100000, 'warm_start_corr_strength': None, 'warm_start_corr_repeats': None, 'compare_with_010101': False, 'init_QAOAparams_close_to_zero': False, 'use_correlations_as_initial_params': False, 'time_limit': None, 'failed_instance_termination_thrsh': None, 'graph_generation_type': 'hog', 'weighted': False, 'easiest_first': False, 'cpu_util_threshold': None, 'debug': False, 'save_circuit_svg': False, 'rerun_exclude_finished_instances': True, 'warm_start_cache_producer_only': True, 'qaoa_only_from_existing_warm_start_cache': False, 'optimiser_debug_iterations': None, 'num_repeats': 5, 'relative_graph_adjList_path': 'HOG_graphs/random_graphs_8to14vertices_78instances_20260625_143415_AdjacencyList.txt', 'persistent_warm_start_cache': True, 'warm_start_cache_dir': 'Results/warm_start_cache/experiment_3', 'warm_start_cache_max_file_mb': 512, 'warm_start_cache_max_total_gb': 60, 'sdp_max_parallel': 32, 'qaoa_max_parallel': 0, 'sdp_threads': 1, 'qaoa_threads': 1, 'sdp_memory_limit_total_gb': 350, 'sdp_memory_limit_single_gb': 350, 'sdp_memory_poll_seconds': 5, 'sdp_max_retries': 3, 'queue_poll_interval_seconds': 5}, Running QAOA with equal superposition
Benchmark run ID: 14b66a64
Benchmark repeat index: 4
SDP seed override: 45
Processor: x86_64
Hostname: dacsgpu0003
Total RAM (GB): None
Physical cores: 64
Logical cores: 64
Python version: 3.11.15
Initialisation time: 0.01 seconds; started at stardate {'initialisation': 0.010491609573364258} and finished at stardate1783367374.3421512
Loaded HOG graph index 7 with 15 edges.
Instance generation for n=7 took 0.00 seconds; started at stardate 1783367374.3421595 and finished at stardate 1783367374.3458927
Running QAOA for n=8 nodes, m=15 edges...; Max iterations: 50
Warm-start: starting SDP solve for n_vertices=8
Warm-start: using configured sdp_seed=45
Using SCS solver for SDP with eps=1e-06, max_iters=100000.
SDP solver status: optimal
SDP solver name: SCS
SDP solver iterations: 1450
SDP solve time: 35.863676224
SDP extra stats: {'x': array([ 1.00000000e+00,  9.77224542e-13, -6.33270343e-13, ...,
        1.00000000e+00,  3.20911008e-17,  1.00000000e+00], shape=(38503,)), 'y': array([3.48444888e-02, 1.44330559e-02, 1.44330559e-02, ...,
       8.57662316e-03, 1.96498928e-13, 1.64803964e-02], shape=(108050,)), 's': array([ 0.00000000e+00,  0.00000000e+00,  0.00000000e+00, ...,
        9.99999953e-01, -1.02544196e-13,  9.99999956e-01], shape=(108050,)), 'info': {'status_val': 1, 'iter': 1450, 'scale_updates': 2, 'scale': 1.5780892925040655, 'pobj': -7.672563024004523, 'dobj': -7.67256308983587, 'res_pri': 1.7214373024183415e-06, 'res_dual': 8.52066429028927e-07, 'gap': 6.583134659621237e-08, 'res_infeas': nan, 'res_unbdd_a': 0.13033454361304114, 'res_unbdd_p': 0.0, 'comp_slack': 5.149136648629083e-11, 'solve_time': 35863.676224, 'setup_time': 88.801999, 'lin_sys_time': 3094.583394000003, 'cone_time': 31396.587451999974, 'accel_time': 271.3654580000036, 'rejected_accel_steps': 11, 'accepted_accel_steps': 2, 'status': 'solved'}}
Rounding...
Setting seed to 45
n_vertices: 8 for n = 24
Using seed 45 to generate random matrix for x.
Energy of rounded cut/product state: 9.898761153021583
Algorithm 17 lower-bound energy: 9.353278217253578
Algorithm 17 actual entangled-state energy: 10.73739766132628
SDP objective value: 15.172563024004521
11 in cut out of a total of 15 edges
Warm-start: SDP solve + rounding finished in 1237.09 seconds
Warm-start: using level-2 Algorithm 17 entangled statevector with shape (256,)
Warm-start cache: moment matrix before save shape=(277, 277), dtype=float64, entries=76729, bytes=613832 (0.59 MiB)
Warm-start cache: saved Results/warm_start_cache/experiment_3/random_graphs_8to14vertices_78instances_20260625_143415_AdjacencyList__filehash_a79662a0/hog_idx000007_21c2570f08f1_seed45_L2_M2_amplified.npz in 0.0108 seconds
WARM_START_CACHE_PRODUCER_ONLY is set; warm-start cache has been produced/loaded. Exiting before QAOA optimisation.
