Starting QAOA benchmark with global start time: 1783492177.316122
Benchmark parameters: {'optimiser': 'adam', 'optimiser_use_heuristic': True, 'heuristic_optimiser_iterations': 2, 'heuristic_optimiser_sampleSize': 1000, 'circuit_type': 'hamqaoa', 'parameter_vector': [1, 1, 1], 'iterations_list': [50], 'learning_rate_adam': 0.05, 'depth_list': [1, 3, 5], 'n_start': None, 'n_end': None, 'singlet_injection': False, 'start_index_singlet': None, 'warm_start': True, 'warm_start_mode': 'amplified', 'lasserre_level': 2, 'initial_solver_level_M': 2, 'sdp_seed': 45, 'sdp_solver_mode': 'scs', 'sdp_scs_eps': 1e-06, 'sdp_scs_max_iters': 100000, 'warm_start_corr_strength': None, 'warm_start_corr_repeats': None, 'compare_with_010101': False, 'init_QAOAparams_close_to_zero': False, 'use_correlations_as_initial_params': False, 'time_limit': None, 'failed_instance_termination_thrsh': None, 'graph_generation_type': 'hog', 'weighted': False, 'easiest_first': False, 'cpu_util_threshold': None, 'debug': False, 'save_circuit_svg': False, 'rerun_exclude_finished_instances': True, 'warm_start_cache_producer_only': True, 'qaoa_only_from_existing_warm_start_cache': False, 'optimiser_debug_iterations': None, 'num_repeats': 5, 'relative_graph_adjList_path': 'HOG_graphs/random_graphs_8to14vertices_78instances_20260625_143415_AdjacencyList.txt', 'persistent_warm_start_cache': True, 'warm_start_cache_dir': 'Results/warm_start_cache/experiment_3', 'warm_start_cache_max_file_mb': 512, 'warm_start_cache_max_total_gb': 60, 'sdp_max_parallel': 32, 'qaoa_max_parallel': 0, 'sdp_threads': 1, 'qaoa_threads': 1, 'sdp_memory_limit_total_gb': 350, 'sdp_memory_limit_single_gb': 350, 'sdp_memory_poll_seconds': 5, 'sdp_max_retries': 3, 'queue_poll_interval_seconds': 5}, Running QAOA with equal superposition
Benchmark run ID: a716b7b5
Benchmark repeat index: 4
SDP seed override: 45
Processor: x86_64
Hostname: dacsgpu0003
Total RAM (GB): None
Physical cores: 64
Logical cores: 64
Python version: 3.11.15
Initialisation time: 0.00 seconds; started at stardate {'initialisation': 0.004088163375854492} and finished at stardate1783492177.3202248
Loaded HOG graph index 45 with 23 edges.
Instance generation for n=45 took 0.00 seconds; started at stardate 1783492177.3202326 and finished at stardate 1783492177.323615
Running QAOA for n=12 nodes, m=23 edges...; Max iterations: 50
Warm-start: starting SDP solve for n_vertices=12
Warm-start: using configured sdp_seed=45
Using SCS solver for SDP with eps=1e-06, max_iters=100000.
SDP solver status: optimal
SDP solver name: SCS
SDP solver iterations: 6750
SDP solve time: 1752.467140646
SDP extra stats: {'x': array([1.00000000e+00, 1.46357165e-13, 7.23514148e-14, ...,
       1.00000000e+00, 6.34813384e-20, 1.00000000e+00], shape=(199396,)), 'y': array([ 2.54781763e-02,  1.05533918e-02,  1.05533918e-02, ...,
        7.61573998e-03, -1.88813568e-14,  1.61665640e-02], shape=(551522,)), 's': array([ 0.00000000e+00,  0.00000000e+00,  0.00000000e+00, ...,
        9.99999995e-01, -8.09422681e-16,  1.00000000e+00], shape=(551522,)), 'info': {'status_val': 1, 'iter': 6750, 'scale_updates': 5, 'scale': 0.8818185223884029, 'pobj': -13.230353800273349, 'dobj': -13.230354203324527, 'res_pri': 8.579817162730467e-07, 'res_dual': 1.4968861498607615e-06, 'gap': 4.030511782104895e-07, 'res_infeas': nan, 'res_unbdd_a': 0.0755837685913305, 'res_unbdd_p': 0.0, 'comp_slack': 8.885237498431418e-12, 'solve_time': 1752467.140646, 'setup_time': 581.373926, 'lin_sys_time': 105951.44763100009, 'cone_time': 1605076.0321730014, 'accel_time': 7679.194572999962, 'rejected_accel_steps': 57, 'accepted_accel_steps': 1, 'status': 'solved'}}
Rounding...
Setting seed to 45
n_vertices: 12 for n = 36
Using seed 45 to generate random matrix for x.
Energy of rounded cut/product state: 15.810928809118401
Algorithm 17 lower-bound energy: 14.740834236949478
Algorithm 17 actual entangled-state energy: 16.428873415864118
SDP objective value: 24.730353800273345
15 in cut out of a total of 23 edges
Warm-start: SDP solve + rounding finished in 38222.61 seconds
Warm-start: using level-2 Algorithm 17 entangled statevector with shape (4096,)
Warm-start cache: moment matrix before save shape=(631, 631), dtype=float64, entries=398161, bytes=3185288 (3.04 MiB)
Warm-start cache: saved Results/warm_start_cache/experiment_3/random_graphs_8to14vertices_78instances_20260625_143415_AdjacencyList__filehash_a79662a0/hog_idx000045_5dd41de63d61_seed45_L2_M2_amplified.npz in 0.0344 seconds
WARM_START_CACHE_PRODUCER_ONLY is set; warm-start cache has been produced/loaded. Exiting before QAOA optimisation.
