Starting QAOA benchmark with global start time: 1783533146.2994924
Benchmark parameters: {'optimiser': 'adam', 'optimiser_use_heuristic': True, 'heuristic_optimiser_iterations': 2, 'heuristic_optimiser_sampleSize': 1000, 'circuit_type': 'hamqaoa', 'parameter_vector': [1, 1, 1], 'iterations_list': [50], 'learning_rate_adam': 0.05, 'depth_list': [1, 3, 5], 'n_start': None, 'n_end': None, 'singlet_injection': False, 'start_index_singlet': None, 'warm_start': True, 'warm_start_mode': 'amplified', 'lasserre_level': 2, 'initial_solver_level_M': 2, 'sdp_seed': 46, 'sdp_solver_mode': 'scs', 'sdp_scs_eps': 1e-06, 'sdp_scs_max_iters': 100000, 'warm_start_corr_strength': None, 'warm_start_corr_repeats': None, 'compare_with_010101': False, 'init_QAOAparams_close_to_zero': False, 'use_correlations_as_initial_params': False, 'time_limit': None, 'failed_instance_termination_thrsh': None, 'graph_generation_type': 'hog', 'weighted': False, 'easiest_first': False, 'cpu_util_threshold': None, 'debug': False, 'save_circuit_svg': False, 'rerun_exclude_finished_instances': True, 'warm_start_cache_producer_only': True, 'qaoa_only_from_existing_warm_start_cache': False, 'optimiser_debug_iterations': None, 'num_repeats': 5, 'relative_graph_adjList_path': 'HOG_graphs/random_graphs_8to14vertices_78instances_20260625_143415_AdjacencyList.txt', 'persistent_warm_start_cache': True, 'warm_start_cache_dir': 'Results/warm_start_cache/experiment_3', 'warm_start_cache_max_file_mb': 512, 'warm_start_cache_max_total_gb': 60, 'sdp_max_parallel': 32, 'qaoa_max_parallel': 0, 'sdp_threads': 1, 'qaoa_threads': 1, 'sdp_memory_limit_total_gb': 350, 'sdp_memory_limit_single_gb': 350, 'sdp_memory_poll_seconds': 5, 'sdp_max_retries': 3, 'queue_poll_interval_seconds': 5}, Running QAOA with equal superposition
Benchmark run ID: 10ac2004
Benchmark repeat index: 5
SDP seed override: 46
Processor: x86_64
Hostname: dacsgpu0003
Total RAM (GB): None
Physical cores: 64
Logical cores: 64
Python version: 3.11.15
Initialisation time: 0.01 seconds; started at stardate {'initialisation': 0.0070650577545166016} and finished at stardate1783533146.3065743
Loaded HOG graph index 41 with 22 edges.
Instance generation for n=41 took 0.00 seconds; started at stardate 1783533146.306584 and finished at stardate 1783533146.3100312
Running QAOA for n=11 nodes, m=22 edges...; Max iterations: 50
Warm-start: starting SDP solve for n_vertices=11
Warm-start: using configured sdp_seed=46
Using SCS solver for SDP with eps=1e-06, max_iters=100000.
SDP solver status: optimal
SDP solver name: SCS
SDP solver iterations: 3100
SDP solve time: 468.484889808
SDP extra stats: {'x': array([ 1.00000000e+00, -1.76151747e-12, -8.74457623e-13, ...,
        1.00000000e+00,  1.15278693e-17,  1.00000000e+00], shape=(140185,)), 'y': array([ 2.90851185e-02,  1.20474725e-02,  1.20474725e-02, ...,
        3.33550004e-03, -2.62396703e-13,  1.11404707e-02], shape=(388841,)), 's': array([0.00000000e+00, 0.00000000e+00, 0.00000000e+00, ...,
       9.99999991e-01, 8.75812744e-15, 9.99999980e-01], shape=(388841,)), 'info': {'status_val': 1, 'iter': 3100, 'scale_updates': 2, 'scale': 3.0024811366078383, 'pobj': -11.948996308007736, 'dobj': -11.948996177699865, 'res_pri': 1.9820660833069918e-06, 'res_dual': 6.719958462689612e-07, 'gap': 1.303078711600847e-07, 'res_infeas': nan, 'res_unbdd_a': 0.08368903749607391, 'res_unbdd_p': 0.0, 'comp_slack': 3.6169849327713694e-11, 'solve_time': 468484.889808, 'setup_time': 481.155746, 'lin_sys_time': 30399.71613199996, 'cone_time': 425559.12172700046, 'accel_time': 2485.093850999975, 'rejected_accel_steps': 26, 'accepted_accel_steps': 3, 'status': 'solved'}}
Rounding...
Setting seed to 46
n_vertices: 11 for n = 33
Using seed 46 to generate random matrix for x.
Energy of rounded cut/product state: 13.868474023049654
Algorithm 17 lower-bound energy: 13.814368807417512
Algorithm 17 actual entangled-state energy: 14.31810930460042
SDP objective value: 22.948996308007736
11 in cut out of a total of 22 edges
Warm-start: SDP solve + rounding finished in 17452.99 seconds
Warm-start: using level-2 Algorithm 17 entangled statevector with shape (2048,)
Warm-start cache: moment matrix before save shape=(529, 529), dtype=float64, entries=279841, bytes=2238728 (2.14 MiB)
Warm-start cache: saved Results/warm_start_cache/experiment_3/random_graphs_8to14vertices_78instances_20260625_143415_AdjacencyList__filehash_a79662a0/hog_idx000041_c69e785c934e_seed46_L2_M2_amplified.npz in 0.0243 seconds
WARM_START_CACHE_PRODUCER_ONLY is set; warm-start cache has been produced/loaded. Exiting before QAOA optimisation.
