Starting QAOA benchmark with global start time: 1788880658.7332673
Benchmark parameters: {'optimiser': 'adam', 'optimiser_use_heuristic': False, 'heuristic_optimiser_iterations': None, 'heuristic_optimiser_sampleSize': None, 'circuit_type': 'hamqaoa', 'parameter_vector': [1, 1, 1], 'iterations_list': [75], 'learning_rate_adam': 0.001, 'depth_list': [1, 2, 3, 4, 5], 'n_start': None, 'n_end': None, 'singlet_injection': False, 'start_index_singlet': None, 'warm_start': True, 'warm_start_mode': 'amplified_king', 'lasserre_level': 2, 'initial_solver_level_M': 1, 'sdp_seed': 42, 'sdp_solver_mode': 'scs', 'sdp_scs_eps': 1e-06, 'sdp_scs_max_iters': 100000, 'warm_start_corr_strength': None, 'warm_start_corr_repeats': None, 'compare_with_010101': False, 'init_QAOAparams_close_to_zero': False, 'use_correlations_as_initial_params': False, 'time_limit': None, 'failed_instance_termination_thrsh': None, 'graph_generation_type': 'hog', 'weighted': False, 'easiest_first': False, 'cpu_util_threshold': None, 'debug': False, 'save_circuit_svg': False, 'rerun_exclude_finished_instances': False, 'warm_start_cache_producer_only': False, 'qaoa_only_from_existing_warm_start_cache': True, 'optimiser_debug_iterations': None, 'num_repeats': 1, 'relative_graph_adjList_path': 'HOG_graphs/Exp5/list_193_graphs_adjacency_listhog_v04-12_planar_clawFree.txt', 'persistent_warm_start_cache': True, 'warm_start_cache_dir': 'Results/warm_start_cache', 'warm_start_cache_max_file_mb': 512, 'warm_start_cache_max_total_gb': 60, 'sdp_max_parallel': 0, 'qaoa_max_parallel': 16, 'sdp_threads': 1, 'qaoa_threads': 1, 'sdp_memory_limit_total_gb': 0, 'sdp_memory_limit_single_gb': 0, 'sdp_memory_poll_seconds': 5, 'sdp_max_retries': 0, 'queue_poll_interval_seconds': 5, 'max_graph_vertices': 10, 'completed_result_csv_paths': [], 'qaoa_seed': 42, 'initialise_standard_warm_start_with_zero_angles': True, 'result_name_suffix': '_FINAL_BENCHMARKS_KINGAMPLIFIED', 'algorithm17_beta_mode': 'analytic_instance'}, Running QAOA with equal superposition
Benchmark run ID: eb590b04
Benchmark repeat index: 1
Configured SDP rounding seed: 42
QAOA seed used: 42
Processor: x86_64
Hostname: dacsgpu0002
Total RAM (GB): None
Physical cores: 64
Logical cores: 64
Python version: 3.11.15
Initialisation time: 0.02 seconds; started at stardate {'initialisation': 0.015037059783935547} and finished at stardate1788880658.7483182
Loaded HOG graph index 179 with 11 edges.
Instance generation for n=179 took 0.01 seconds; started at stardate 1788880658.7483265 and finished at stardate 1788880658.7558794
Running QAOA for n=7 nodes, m=11 edges...; Max iterations: 75
Warm-start cache: loading Results/warm_start_cache/list_193_graphs_adjacency_listhog_v04-12_planar_clawFree__filehash_62ae5075/hog_idx000179_16000db77b54_seed42_L2_M1_betaanalytic_instance_amplified.npz
Warm-start cache: loaded in 0.0022 seconds; effective compute time=0.11116361618041992
Edges: [(1, 3), (2, 6), (3, 5), (4, 6), (1, 2), (5, 6), (0, 6), (3, 4), (1, 5), (0, 5), (2, 4)], weights: [1.0, 1.0, 1.0, 1.0, 1.0, 1.0, 1.0, 1.0, 1.0, 1.0, 1.0], set of nodes: {0, 1, 2, 3, 4, 5, 6}, n: 7 nodes, p: 3 layers, N_bayes: 75 iterations
Solving for uuid: f0f26d7b
Initial state injected as warm start
Ignoring zero_angle_warm_start because no active standard warm start is available; using the normal Adam initialization.
Running ADAM optimization with a single iteration (no debug loop)
Warm-start fallback: optimiser result was below the SDP warm-start energy; using the warm-start energy instead.
9.189940400536901
QAOA optimisation for n=179 took 15.94 seconds; started at stardate 1788880658.7558856 and finished at stardate 1788880674.6981704
Finished QAOA for n=7 nodes, m=11 edges at 2026-09-08 17:17:54 on x86_64. Time taken: 15.94 seconds. Hours: 0.00 hours. Peak RAM: 0.26 MB.
Unknown graph type for approximation ratio calculation; checking misc CSV.
Checking optimal_results_misc.csv for matching edges and weights...
Found matching exact result in misc CSV: 5.837429897903168
CSV writing for n=179 took 0.01 seconds; started at stardate 1788880674.6981797 and finished at stardate 1788880674.7109644
results: {179: 9.189940400536901}
durations: {7: 15.942291498184204}
Results saved to: Results/logs/adam/qaoa_results_adam_20260908_152853_pid1173673_FINAL_BENCHMARKS_KINGAMPLIFIED.csv
Global end time: 1788880674.710981
Finalisation time: 0.00 seconds; started at stardate 1788880674.7109704 and finished at stardate 1788880674.7109857
Sum of all section times: 15.98 seconds
run_id: eb590b04
