Starting QAOA benchmark with global start time: 1786172562.3187006
Benchmark parameters: {'optimiser': 'adam', 'optimiser_use_heuristic': False, 'heuristic_optimiser_iterations': None, 'heuristic_optimiser_sampleSize': None, 'circuit_type': 'hamqaoa', 'parameter_vector': [1, 1, 1], 'iterations_list': [50], 'learning_rate_adam': 0.05, 'depth_list': [1, 2, 3, 5], 'n_start': None, 'n_end': None, 'singlet_injection': False, 'start_index_singlet': None, 'warm_start': True, 'warm_start_mode': 'standard', 'lasserre_level': 1, 'initial_solver_level_M': 1, 'sdp_seed': None, 'sdp_solver_mode': 'scs', 'sdp_scs_eps': 1e-06, 'sdp_scs_max_iters': 100000, 'warm_start_corr_strength': None, 'warm_start_corr_repeats': None, 'compare_with_010101': False, 'init_QAOAparams_close_to_zero': False, 'use_correlations_as_initial_params': False, 'time_limit': None, 'failed_instance_termination_thrsh': None, 'graph_generation_type': 'hog', 'weighted': False, 'easiest_first': False, 'cpu_util_threshold': None, 'debug': False, 'save_circuit_svg': False, 'rerun_exclude_finished_instances': True, 'warm_start_cache_producer_only': False, 'qaoa_only_from_existing_warm_start_cache': True, 'optimiser_debug_iterations': None, 'num_repeats': 1, 'relative_graph_adjList_path': 'HOG_graphs/Exp5/list_193_graphs_adjacency_listhog_v04-12_planar_clawFree.txt', 'persistent_warm_start_cache': True, 'warm_start_cache_dir': 'Results/warm_start_cache', 'warm_start_cache_max_file_mb': 512, 'warm_start_cache_max_total_gb': 60, 'sdp_max_parallel': 0, 'qaoa_max_parallel': 16, 'sdp_threads': 1, 'qaoa_threads': 1, 'sdp_memory_limit_total_gb': 0, 'sdp_memory_limit_single_gb': 0, 'sdp_memory_poll_seconds': 5, 'sdp_max_retries': 0, 'queue_poll_interval_seconds': 5, 'completed_result_csv_paths': [], 'qaoa_seed': 1, 'initialise_standard_warm_start_with_zero_angles': False, 'result_name_suffix': '_Exp5_subexp4_standardWithHeuristic'}, Running QAOA with equal superposition
Benchmark run ID: 16fdf6f7
Benchmark repeat index: 1
SDP seed override: None
QAOA seed: 1
Processor: x86_64
Hostname: dacsgpu0002
Total RAM (GB): None
Physical cores: 64
Logical cores: 64
Python version: 3.11.15
Initialisation time: 0.03 seconds; started at stardate {'initialisation': 0.027396678924560547} and finished at stardate1786172562.3461144
Loaded HOG graph index 128 with 14 edges.
Instance generation for n=128 took 0.00 seconds; started at stardate 1786172562.3461251 and finished at stardate 1786172562.3508542
Running QAOA for n=7 nodes, m=14 edges...; Max iterations: 50
Warm-start cache: loading Results/warm_start_cache/list_193_graphs_adjacency_listhog_v04-12_planar_clawFree__filehash_62ae5075/hog_idx000128_408def8358bd_noseed_L1_M1_amplified.npz
Warm-start cache: loaded in 0.0151 seconds; effective compute time=0.184478759765625
Edges: [(1, 6), (0, 4), (2, 6), (3, 5), (0, 3), (4, 6), (1, 2), (5, 6), (3, 4), (4, 5), (2, 5), (0, 5), (1, 4), (3, 6)], weights: [1.0, 1.0, 1.0, 1.0, 1.0, 1.0, 1.0, 1.0, 1.0, 1.0, 1.0, 1.0, 1.0, 1.0], set of nodes: {0, 1, 2, 3, 4, 5, 6}, n: 7 nodes, p: 5 layers, N_bayes: 50 iterations
Solving for uuid: b47c0475
Initial state injected as warm start
Running ADAM optimization with a single iteration (no debug loop)
5.926566053515612
QAOA optimisation for n=128 took 21.38 seconds; started at stardate 1786172562.3508599 and finished at stardate 1786172583.7352703
Finished QAOA for n=7 nodes, m=14 edges at 2026-08-08 09:03:03 on x86_64. Time taken: 21.38 seconds. Hours: 0.01 hours. Peak RAM: 0.26 MB.
Unknown graph type for approximation ratio calculation; checking misc CSV.
Checking optimal_results_misc.csv for matching edges and weights...
Found matching exact result in misc CSV: 6.576746064933627
CSV writing for n=128 took 0.01 seconds; started at stardate 1786172583.7352793 and finished at stardate 1786172583.746609
results: {128: 5.926566053515612}
durations: {7: 21.384416341781616}
Results saved to: Results/logs/adam/qaoa_results_adam_20260808_090140_pid551534_Exp5_subexp4_standardWithHeuristic.csv
Global end time: 1786172583.7466185
Finalisation time: 0.00 seconds; started at stardate 1786172583.746612 and finished at stardate 1786172583.746623
Sum of all section times: 21.43 seconds
run_id: 16fdf6f7
