/home/i6408800/MasterThesis/QAOA/Code/Circuit.py:192: UserWarning: No classical warm-start cut provided for HAMQAOA; using random cut values for fourth HAMQAOA gate. This may lead to suboptimal performance and may be unintentional if a classical warm start was intended.
  warnings.warn(
Starting QAOA benchmark with global start time: 1785740306.8553226
Benchmark parameters: {'optimiser': 'adam', 'optimiser_use_heuristic': False, 'heuristic_optimiser_iterations': None, 'heuristic_optimiser_sampleSize': None, 'circuit_type': 'hamqaoa', 'parameter_vector': [1, 1, 1], 'iterations_list': [50], 'learning_rate_adam': 0.01, 'depth_list': [1, 2, 3], 'n_start': None, 'n_end': None, 'singlet_injection': False, 'start_index_singlet': None, 'warm_start': False, 'warm_start_mode': None, 'lasserre_level': None, 'initial_solver_level_M': None, 'sdp_seed': None, 'sdp_solver_mode': None, 'sdp_scs_eps': None, 'sdp_scs_max_iters': None, 'warm_start_corr_strength': None, 'warm_start_corr_repeats': None, 'compare_with_010101': False, 'init_QAOAparams_close_to_zero': False, 'use_correlations_as_initial_params': None, 'time_limit': None, 'failed_instance_termination_thrsh': None, 'graph_generation_type': 'hog', 'weighted': False, 'easiest_first': False, 'cpu_util_threshold': None, 'debug': False, 'save_circuit_svg': False, 'rerun_exclude_finished_instances': True, 'warm_start_cache_producer_only': False, 'qaoa_only_from_existing_warm_start_cache': False, 'optimiser_debug_iterations': None, 'num_repeats': 1, 'relative_graph_adjList_path': 'HOG_graphs/Exp5/list_454_graphs_adjacency_listhog_v04-12_bipartite.txt', 'persistent_warm_start_cache': False, 'warm_start_cache_dir': None, 'warm_start_cache_max_file_mb': None, 'warm_start_cache_max_total_gb': None, 'sdp_max_parallel': 0, 'qaoa_max_parallel': 32, 'sdp_threads': 1, 'qaoa_threads': 1, 'sdp_memory_limit_total_gb': 0, 'sdp_memory_limit_single_gb': 0, 'sdp_memory_poll_seconds': None, 'sdp_max_retries': 0, 'queue_poll_interval_seconds': 5, 'completed_result_csv_paths': [], 'initialise_standard_warm_start_with_zero_angles': False, 'result_name_suffix': '_Exp5_subexp1_zeroAngles'}, Running QAOA with equal superposition
Benchmark run ID: d7c973b1
Benchmark repeat index: 1
SDP seed override: None
Processor: x86_64
Hostname: dacsgpu0003
Total RAM (GB): None
Physical cores: 64
Logical cores: 64
Python version: 3.11.15
Initialisation time: 0.00 seconds; started at stardate {'initialisation': 0.002551555633544922} and finished at stardate1785740306.8578806
Loaded HOG graph index 99 with 7 edges.
Instance generation for n=99 took 0.01 seconds; started at stardate 1785740306.8578854 and finished at stardate 1785740306.866003
Running QAOA for n=8 nodes, m=7 edges...; Max iterations: 50
Edges: [(1, 6), (5, 7), (3, 5), (0, 7), (4, 6), (6, 7), (2, 4)], weights: [1.0, 1.0, 1.0, 1.0, 1.0, 1.0, 1.0], set of nodes: {0, 1, 2, 3, 4, 5, 6, 7}, n: 8 nodes, p: 1 layers, N_bayes: 50 iterations
Solving for uuid: d5354627
No warm start: Default initial state is equal superposition
Running ADAM optimization with a single iteration (no debug loop)
3.416666346955975
QAOA optimisation for n=99 took 1.39 seconds; started at stardate 1785740306.8660073 and finished at stardate 1785740308.2571564
Finished QAOA for n=8 nodes, m=7 edges at 2026-08-03 08:58:28 on x86_64. Time taken: 1.39 seconds. Hours: 0.00 hours. Peak RAM: 0.22 MB.
Unknown graph type for approximation ratio calculation; checking misc CSV.
Checking optimal_results_misc.csv for matching edges and weights...
Found matching exact result in misc CSV: 5.084258061705754
CSV writing for n=99 took 0.00 seconds; started at stardate 1785740308.257165 and finished at stardate 1785740308.261973
results: {99: 3.416666346955975}
durations: {8: 1.3911545276641846}
Results saved to: Results/logs/adam/qaoa_results_adam_20260803_085149_pid3332447_Exp5_subexp1_zeroAngles.csv
Global end time: 1785740308.2619836
Finalisation time: 0.00 seconds; started at stardate 1785740308.261976 and finished at stardate 1785740308.261988
Sum of all section times: 1.41 seconds
run_id: d7c973b1
