/home/i6408800/MasterThesis/QAOA/Code/Circuit.py:192: UserWarning: No classical warm-start cut provided for HAMQAOA; using random cut values for fourth HAMQAOA gate. This may lead to suboptimal performance and may be unintentional if a classical warm start was intended.
  warnings.warn(
Starting QAOA benchmark with global start time: 1785741217.9574392
Benchmark parameters: {'optimiser': 'adam', 'optimiser_use_heuristic': False, 'heuristic_optimiser_iterations': None, 'heuristic_optimiser_sampleSize': None, 'circuit_type': 'hamqaoa', 'parameter_vector': [1, 1, 1], 'iterations_list': [50], 'learning_rate_adam': 0.01, 'depth_list': [1, 2, 3], 'n_start': None, 'n_end': None, 'singlet_injection': False, 'start_index_singlet': None, 'warm_start': False, 'warm_start_mode': None, 'lasserre_level': None, 'initial_solver_level_M': None, 'sdp_seed': None, 'sdp_solver_mode': None, 'sdp_scs_eps': None, 'sdp_scs_max_iters': None, 'warm_start_corr_strength': None, 'warm_start_corr_repeats': None, 'compare_with_010101': False, 'init_QAOAparams_close_to_zero': False, 'use_correlations_as_initial_params': None, 'time_limit': None, 'failed_instance_termination_thrsh': None, 'graph_generation_type': 'hog', 'weighted': False, 'easiest_first': False, 'cpu_util_threshold': None, 'debug': False, 'save_circuit_svg': False, 'rerun_exclude_finished_instances': True, 'warm_start_cache_producer_only': False, 'qaoa_only_from_existing_warm_start_cache': False, 'optimiser_debug_iterations': None, 'num_repeats': 1, 'relative_graph_adjList_path': 'HOG_graphs/Exp5/list_454_graphs_adjacency_listhog_v04-12_bipartite.txt', 'persistent_warm_start_cache': False, 'warm_start_cache_dir': None, 'warm_start_cache_max_file_mb': None, 'warm_start_cache_max_total_gb': None, 'sdp_max_parallel': 0, 'qaoa_max_parallel': 32, 'sdp_threads': 1, 'qaoa_threads': 1, 'sdp_memory_limit_total_gb': 0, 'sdp_memory_limit_single_gb': 0, 'sdp_memory_poll_seconds': None, 'sdp_max_retries': 0, 'queue_poll_interval_seconds': 5, 'completed_result_csv_paths': [], 'initialise_standard_warm_start_with_zero_angles': False, 'result_name_suffix': '_Exp5_subexp1_zeroAngles'}, Running QAOA with equal superposition
Benchmark run ID: e7219161
Benchmark repeat index: 1
SDP seed override: None
Processor: x86_64
Hostname: dacsgpu0003
Total RAM (GB): None
Physical cores: 64
Logical cores: 64
Python version: 3.11.15
Initialisation time: 0.00 seconds; started at stardate {'initialisation': 0.0028922557830810547} and finished at stardate1785741217.9603367
Loaded HOG graph index 342 with 32 edges.
Instance generation for n=342 took 0.01 seconds; started at stardate 1785741217.960341 and finished at stardate 1785741217.9702036
Running QAOA for n=12 nodes, m=32 edges...; Max iterations: 50
Edges: [(5, 11), (3, 8), (3, 11), (2, 9), (4, 9), (7, 8), (7, 11), (1, 10), (0, 8), (0, 11), (5, 10), (6, 9), (2, 8), (2, 11), (4, 8), (3, 10), (4, 11), (7, 10), (0, 10), (1, 9), (6, 8), (6, 11), (5, 9), (2, 10), (3, 9), (4, 10), (7, 9), (1, 8), (1, 11), (0, 9), (6, 10), (5, 8)], weights: [1.0, 1.0, 1.0, 1.0, 1.0, 1.0, 1.0, 1.0, 1.0, 1.0, 1.0, 1.0, 1.0, 1.0, 1.0, 1.0, 1.0, 1.0, 1.0, 1.0, 1.0, 1.0, 1.0, 1.0, 1.0, 1.0, 1.0, 1.0, 1.0, 1.0, 1.0, 1.0], set of nodes: {0, 1, 2, 3, 4, 5, 6, 7, 8, 9, 10, 11}, n: 12 nodes, p: 3 layers, N_bayes: 50 iterations
Solving for uuid: 62ab2585
No warm start: Default initial state is equal superposition
Running ADAM optimization with a single iteration (no debug loop)
11.808405805179117
QAOA optimisation for n=342 took 19.57 seconds; started at stardate 1785741217.970208 and finished at stardate 1785741237.538027
Finished QAOA for n=12 nodes, m=32 edges at 2026-08-03 09:13:57 on x86_64. Time taken: 19.57 seconds. Hours: 0.01 hours. Peak RAM: 0.23 MB.
Unknown graph type for approximation ratio calculation; checking misc CSV.
Checking optimal_results_misc.csv for matching edges and weights...
Found matching exact result in misc CSV: 18.000000000000043
CSV writing for n=342 took 0.01 seconds; started at stardate 1785741237.5380373 and finished at stardate 1785741237.5493546
results: {342: 11.808405805179117}
durations: {12: 19.567825078964233}
Results saved to: Results/logs/adam/qaoa_results_adam_20260803_085149_pid3332447_Exp5_subexp1_zeroAngles.csv
Global end time: 1785741237.5493708
Finalisation time: 0.00 seconds; started at stardate 1785741237.54936 and finished at stardate 1785741237.549377
Sum of all section times: 19.59 seconds
run_id: e7219161
