Starting QAOA benchmark with global start time: 1785671133.0877242
Benchmark parameters: {'optimiser': 'adam', 'optimiser_use_heuristic': False, 'heuristic_optimiser_iterations': None, 'heuristic_optimiser_sampleSize': None, 'circuit_type': 'hamqaoa', 'parameter_vector': [1, 1, 1], 'iterations_list': [50], 'learning_rate_adam': 0.05, 'depth_list': [1, 2, 3], 'n_start': None, 'n_end': None, 'singlet_injection': False, 'start_index_singlet': None, 'warm_start': True, 'warm_start_mode': 'standard', 'lasserre_level': 2, 'initial_solver_level_M': 2, 'sdp_seed': None, 'sdp_solver_mode': 'scs', 'sdp_scs_eps': 1e-06, 'sdp_scs_max_iters': 100000, 'warm_start_corr_strength': None, 'warm_start_corr_repeats': None, 'compare_with_010101': False, 'init_QAOAparams_close_to_zero': False, 'use_correlations_as_initial_params': False, 'time_limit': None, 'failed_instance_termination_thrsh': None, 'graph_generation_type': 'hog', 'weighted': False, 'easiest_first': False, 'cpu_util_threshold': None, 'debug': False, 'save_circuit_svg': False, 'rerun_exclude_finished_instances': True, 'warm_start_cache_producer_only': False, 'qaoa_only_from_existing_warm_start_cache': True, 'optimiser_debug_iterations': None, 'num_repeats': 1, 'relative_graph_adjList_path': 'HOG_graphs/Exp5/list_454_graphs_adjacency_listhog_v04-12_bipartite.txt', 'persistent_warm_start_cache': True, 'warm_start_cache_dir': 'Results/warm_start_cache', 'warm_start_cache_max_file_mb': 512, 'warm_start_cache_max_total_gb': 60, 'sdp_max_parallel': 0, 'qaoa_max_parallel': 32, 'sdp_threads': 1, 'qaoa_threads': 1, 'sdp_memory_limit_total_gb': 0, 'sdp_memory_limit_single_gb': 0, 'sdp_memory_poll_seconds': 5, 'sdp_max_retries': 0, 'queue_poll_interval_seconds': 5, 'completed_result_csv_paths': [], 'initialise_standard_warm_start_with_zero_angles': True, 'result_name_suffix': '_Exp5_subexp1_zeroAngles'}, Running QAOA with equal superposition
Benchmark run ID: 98f8375a
Benchmark repeat index: 1
SDP seed override: None
Processor: x86_64
Hostname: dacsvm-cpunode01
Total RAM (GB): None
Physical cores: 32
Logical cores: 32
Python version: 3.11.15
Initialisation time: 0.02 seconds; started at stardate {'initialisation': 0.019602537155151367} and finished at stardate1785671133.107339
Loaded HOG graph index 13 with 10 edges.
Instance generation for n=13 took 0.01 seconds; started at stardate 1785671133.1073458 and finished at stardate 1785671133.1210341
Running QAOA for n=11 nodes, m=10 edges...; Max iterations: 50
Warm-start cache: loading Results/warm_start_cache/list_454_graphs_adjacency_listhog_v04-12_bipartite__filehash_0815e7e8/hog_idx000013_8c344c52aaca_noseed_L2_M2_standard.npz
Warm-start cache: loaded in 0.0240 seconds; effective compute time=19567.058162927628
Edges: [(8, 9), (4, 10), (5, 10), (0, 10), (7, 9), (6, 8), (3, 10), (1, 10), (7, 10), (2, 10)], weights: [1.0, 1.0, 1.0, 1.0, 1.0, 1.0, 1.0, 1.0, 1.0, 1.0], set of nodes: {0, 1, 2, 3, 4, 5, 6, 7, 8, 9, 10}, n: 11 nodes, p: 1 layers, N_bayes: 50 iterations
Solving for uuid: 8cb0ea6d
Initial state injected as warm start
Running ADAM optimization with a single iteration (no debug loop)
6.648306672721393
QAOA optimisation for n=13 took 493.09 seconds; started at stardate 1785671133.1210394 and finished at stardate 1785671626.2061276
Finished QAOA for n=11 nodes, m=10 edges at 2026-08-02 13:53:46 on x86_64. Time taken: 493.09 seconds. Hours: 0.14 hours. Peak RAM: 1.11 MB.
Unknown graph type for approximation ratio calculation; checking misc CSV.
Checking optimal_results_misc.csv for matching edges and weights...
Found matching exact result in misc CSV: 6.211289923128821
CSV writing for n=13 took 0.05 seconds; started at stardate 1785671626.2061353 and finished at stardate 1785671626.2535493
results: {13: 6.648306672721393}
durations: {11: 493.08509349823}
Results saved to: Results/logs/adam/qaoa_results_adam_20260802_090726_pid3328680_Exp5_subexp1_zeroAngles.csv
Global end time: 1785671626.2535648
Finalisation time: 0.00 seconds; started at stardate 1785671626.253556 and finished at stardate 1785671626.2535686
Sum of all section times: 493.17 seconds
run_id: 98f8375a
