/home/i6408800/MasterThesis/QAOA/Code/Circuit.py:192: UserWarning: No classical warm-start cut provided for HAMQAOA; using random cut values for fourth HAMQAOA gate. This may lead to suboptimal performance and may be unintentional if a classical warm start was intended.
  warnings.warn(
Starting QAOA benchmark with global start time: 1788813878.4766524
Benchmark parameters: {'optimiser': 'adam', 'optimiser_use_heuristic': True, 'heuristic_optimiser_iterations': 1, 'heuristic_optimiser_sampleSize': 50, 'circuit_type': 'hamqaoa', 'parameter_vector': [1, 1, 1], 'iterations_list': [75], 'learning_rate_adam': 0.01, 'depth_list': [1, 2, 3, 4, 5], 'n_start': None, 'n_end': None, 'singlet_injection': False, 'start_index_singlet': None, 'warm_start': False, 'warm_start_mode': None, 'lasserre_level': None, 'initial_solver_level_M': None, 'sdp_seed': None, 'sdp_solver_mode': None, 'sdp_scs_eps': None, 'sdp_scs_max_iters': None, 'warm_start_corr_strength': None, 'warm_start_corr_repeats': None, 'compare_with_010101': False, 'init_QAOAparams_close_to_zero': False, 'use_correlations_as_initial_params': None, 'time_limit': None, 'failed_instance_termination_thrsh': None, 'graph_generation_type': 'hog', 'weighted': False, 'easiest_first': False, 'cpu_util_threshold': None, 'debug': False, 'save_circuit_svg': False, 'rerun_exclude_finished_instances': True, 'warm_start_cache_producer_only': False, 'qaoa_only_from_existing_warm_start_cache': False, 'optimiser_debug_iterations': None, 'num_repeats': 1, 'relative_graph_adjList_path': 'HOG_graphs/Exp5/list_388_graphs_adjacency_list_hog_v04-12_regular.txt', 'persistent_warm_start_cache': False, 'warm_start_cache_dir': None, 'warm_start_cache_max_file_mb': None, 'warm_start_cache_max_total_gb': None, 'sdp_max_parallel': 0, 'qaoa_max_parallel': 16, 'sdp_threads': 1, 'qaoa_threads': 1, 'sdp_memory_limit_total_gb': 0, 'sdp_memory_limit_single_gb': 0, 'sdp_memory_poll_seconds': None, 'sdp_max_retries': 0, 'queue_poll_interval_seconds': 5, 'max_graph_vertices': 10, 'completed_result_csv_paths': [], 'qaoa_seed': 42, 'initialise_standard_warm_start_with_zero_angles': True, 'result_name_suffix': '_FINAL_BENCHMARKS_STANDARD', 'algorithm17_beta_mode': None}, Running QAOA with equal superposition
Benchmark run ID: c4241707
Benchmark repeat index: 1
Configured SDP rounding seed: None
QAOA seed used: 42
Processor: x86_64
Hostname: dacsvm-cpunode01
Total RAM (GB): None
Physical cores: 32
Logical cores: 32
Python version: 3.11.15
Initialisation time: 0.01 seconds; started at stardate {'initialisation': 0.0055997371673583984} and finished at stardate1788813878.4822671
Loaded HOG graph index 334 with 25 edges.
Instance generation for n=334 took 0.09 seconds; started at stardate 1788813878.4822757 and finished at stardate 1788813878.5681612
Running QAOA for n=10 nodes, m=25 edges...; Max iterations: 75
Edges: [(2, 3), (2, 6), (7, 8), (0, 5), (1, 4), (0, 2), (6, 9), (3, 7), (4, 8), (8, 9), (1, 3), (0, 1), (0, 4), (1, 9), (6, 8), (5, 6), (5, 9), (3, 6), (2, 4), (2, 7), (4, 7), (7, 9), (0, 3), (1, 5), (5, 8)], weights: [1.0, 1.0, 1.0, 1.0, 1.0, 1.0, 1.0, 1.0, 1.0, 1.0, 1.0, 1.0, 1.0, 1.0, 1.0, 1.0, 1.0, 1.0, 1.0, 1.0, 1.0, 1.0, 1.0, 1.0, 1.0], set of nodes: {0, 1, 2, 3, 4, 5, 6, 7, 8, 9}, n: 10 nodes, p: 2 layers, N_bayes: 75 iterations
Solving for uuid: b4d95b69
No warm start: Default initial state is equal superposition
Ignoring initialise_standard_warm_start_with_zero_angles because this run has no active supported warm start; using the normal Adam initialization.
Running ADAM optimization with a single iteration (no debug loop)
7.935250731170377
QAOA optimisation for n=334 took 46.42 seconds; started at stardate 1788813878.5681682 and finished at stardate 1788813924.9844894
Finished QAOA for n=10 nodes, m=25 edges at 2026-09-07 22:45:24 on x86_64. Time taken: 46.42 seconds. Hours: 0.01 hours. Peak RAM: 0.23 MB.
Unknown graph type for approximation ratio calculation; checking misc CSV.
Checking optimal_results_misc.csv for matching edges and weights...
Found matching exact result in misc CSV: 12.044258934792218
CSV writing for n=334 took 0.03 seconds; started at stardate 1788813924.9844983 and finished at stardate 1788813925.0123763
results: {334: 7.935250731170377}
durations: {10: 46.41632676124573}
Results saved to: Results/logs/adam/qaoa_results_adam_20260907_223716_pid574783_FINAL_BENCHMARKS_STANDARD.csv
Global end time: 1788813925.0123851
Finalisation time: 0.00 seconds; started at stardate 1788813925.0123787 and finished at stardate 1788813925.012389
Sum of all section times: 46.54 seconds
run_id: c4241707
