Starting QAOA benchmark with global start time: 1787864437.4932518
Benchmark parameters: {'optimiser': 'adam', 'optimiser_use_heuristic': False, 'heuristic_optimiser_iterations': None, 'heuristic_optimiser_sampleSize': None, 'circuit_type': 'hamqaoa', 'parameter_vector': [1, 1, 1], 'iterations_list': [75], 'learning_rate_adam': 0.001, 'depth_list': [1, 2, 3, 4, 5], 'n_start': None, 'n_end': None, 'singlet_injection': False, 'start_index_singlet': None, 'warm_start': True, 'warm_start_mode': 'standard', 'lasserre_level': 1, 'initial_solver_level_M': 1, 'sdp_seed': 42, 'sdp_solver_mode': 'scs', 'sdp_scs_eps': 1e-06, 'sdp_scs_max_iters': 100000, 'warm_start_corr_strength': None, 'warm_start_corr_repeats': None, 'compare_with_010101': False, 'init_QAOAparams_close_to_zero': False, 'use_correlations_as_initial_params': False, 'time_limit': None, 'failed_instance_termination_thrsh': None, 'graph_generation_type': 'hog', 'weighted': False, 'easiest_first': False, 'cpu_util_threshold': None, 'debug': False, 'save_circuit_svg': False, 'rerun_exclude_finished_instances': False, 'warm_start_cache_producer_only': False, 'qaoa_only_from_existing_warm_start_cache': True, 'optimiser_debug_iterations': None, 'num_repeats': 1, 'relative_graph_adjList_path': 'HOG_graphs/triangleFree_connected_4to8vertices_176instances_AdjacencyList.txt', 'persistent_warm_start_cache': True, 'warm_start_cache_dir': 'Results/warm_start_cache', 'warm_start_cache_max_file_mb': 512, 'warm_start_cache_max_total_gb': 60, 'sdp_max_parallel': 0, 'qaoa_max_parallel': 16, 'sdp_threads': 1, 'qaoa_threads': 1, 'sdp_memory_limit_total_gb': 0, 'sdp_memory_limit_single_gb': 0, 'sdp_memory_poll_seconds': 5, 'sdp_max_retries': 0, 'queue_poll_interval_seconds': 5, 'max_graph_vertices': 10, 'completed_result_csv_paths': [], 'qaoa_seed': 42, 'initialise_standard_warm_start_with_zero_angles': True, 'result_name_suffix': '_Exp8_standardZeroAngles_v2'}, Running QAOA with equal superposition
Benchmark run ID: 55dd1562
Benchmark repeat index: 1
Configured SDP rounding seed: 42
QAOA seed used: 42
Processor: x86_64
Hostname: dacsvm-cpunode01
Total RAM (GB): None
Physical cores: 32
Logical cores: 32
Python version: 3.11.15
Initialisation time: 0.00 seconds; started at stardate {'initialisation': 0.003700733184814453} and finished at stardate1787864437.4969592
Loaded HOG graph index 0 with 4 edges.
Instance generation for n=0 took 0.00 seconds; started at stardate 1787864437.4969647 and finished at stardate 1787864437.4992716
Running QAOA for n=5 nodes, m=4 edges...; Max iterations: 75
Warm-start cache: loading Results/warm_start_cache/triangleFree_connected_4to8vertices_176instances_AdjacencyList__filehash_279b7452/hog_idx000000_2870a2ee8414_seed42_L1_M1_amplified.npz
Warm-start cache: loaded in 0.0033 seconds; effective compute time=0.08584189414978027
Edges: [(3, 4), (1, 4), (2, 3), (0, 4)], weights: [1.0, 1.0, 1.0, 1.0], set of nodes: {0, 1, 2, 3, 4}, n: 5 nodes, p: 4 layers, N_bayes: 75 iterations
Solving for uuid: f299e0d2
Initial state injected as warm start
Running ADAM optimization with a single iteration (no debug loop)
1.9999323001443414
QAOA optimisation for n=0 took 22.83 seconds; started at stardate 1787864437.4992754 and finished at stardate 1787864460.3274534
Finished QAOA for n=5 nodes, m=4 edges at 2026-08-27 23:01:00 on x86_64. Time taken: 22.83 seconds. Hours: 0.01 hours. Peak RAM: 0.23 MB.
Unknown graph type for approximation ratio calculation; checking misc CSV.
Checking optimal_results_misc.csv for matching edges and weights...
Found matching exact result in misc CSV: 2.8546376797184614
CSV writing for n=0 took 0.01 seconds; started at stardate 1787864460.327461 and finished at stardate 1787864460.333666
results: {0: 1.9999323001443414}
durations: {5: 22.828182220458984}
Results saved to: Results/logs/adam/qaoa_results_adam_20260827_220158_pid520994_Exp8_standardZeroAngles_v2.csv
Global end time: 1787864460.3336744
Finalisation time: 0.00 seconds; started at stardate 1787864460.3336694 and finished at stardate 1787864460.3336794
Sum of all section times: 22.84 seconds
run_id: 55dd1562
