Starting QAOA benchmark with global start time: 1787861358.6942518
Benchmark parameters: {'optimiser': 'adam', 'optimiser_use_heuristic': False, 'heuristic_optimiser_iterations': None, 'heuristic_optimiser_sampleSize': None, 'circuit_type': 'hamqaoa', 'parameter_vector': [1, 1, 1], 'iterations_list': [75], 'learning_rate_adam': 0.001, 'depth_list': [1, 2, 3, 4, 5], 'n_start': None, 'n_end': None, 'singlet_injection': False, 'start_index_singlet': None, 'warm_start': True, 'warm_start_mode': 'standard', 'lasserre_level': 1, 'initial_solver_level_M': 1, 'sdp_seed': 42, 'sdp_solver_mode': 'scs', 'sdp_scs_eps': 1e-06, 'sdp_scs_max_iters': 100000, 'warm_start_corr_strength': None, 'warm_start_corr_repeats': None, 'compare_with_010101': False, 'init_QAOAparams_close_to_zero': False, 'use_correlations_as_initial_params': False, 'time_limit': None, 'failed_instance_termination_thrsh': None, 'graph_generation_type': 'hog', 'weighted': False, 'easiest_first': False, 'cpu_util_threshold': None, 'debug': False, 'save_circuit_svg': False, 'rerun_exclude_finished_instances': False, 'warm_start_cache_producer_only': False, 'qaoa_only_from_existing_warm_start_cache': True, 'optimiser_debug_iterations': None, 'num_repeats': 1, 'relative_graph_adjList_path': 'HOG_graphs/triangleFree_connected_4to8vertices_176instances_AdjacencyList.txt', 'persistent_warm_start_cache': True, 'warm_start_cache_dir': 'Results/warm_start_cache', 'warm_start_cache_max_file_mb': 512, 'warm_start_cache_max_total_gb': 60, 'sdp_max_parallel': 0, 'qaoa_max_parallel': 16, 'sdp_threads': 1, 'qaoa_threads': 1, 'sdp_memory_limit_total_gb': 0, 'sdp_memory_limit_single_gb': 0, 'sdp_memory_poll_seconds': 5, 'sdp_max_retries': 0, 'queue_poll_interval_seconds': 5, 'max_graph_vertices': 10, 'completed_result_csv_paths': [], 'qaoa_seed': 42, 'initialise_standard_warm_start_with_zero_angles': True, 'result_name_suffix': '_Exp8_standardZeroAngles_v2'}, Running QAOA with equal superposition
Benchmark run ID: 5b246734
Benchmark repeat index: 1
Configured SDP rounding seed: 42
QAOA seed used: 42
Processor: x86_64
Hostname: dacsvm-cpunode01
Total RAM (GB): None
Physical cores: 32
Logical cores: 32
Python version: 3.11.15
Initialisation time: 0.01 seconds; started at stardate {'initialisation': 0.005374908447265625} and finished at stardate1787861358.699637
Loaded HOG graph index 10 with 7 edges.
Instance generation for n=10 took 0.00 seconds; started at stardate 1787861358.6996462 and finished at stardate 1787861358.7028782
Running QAOA for n=7 nodes, m=7 edges...; Max iterations: 75
Warm-start cache: loading Results/warm_start_cache/triangleFree_connected_4to8vertices_176instances_AdjacencyList__filehash_279b7452/hog_idx000010_a1a181cbb79a_seed42_L1_M1_amplified.npz
Warm-start cache: loaded in 0.0019 seconds; effective compute time=0.09346270561218262
Edges: [(1, 6), (2, 6), (3, 5), (0, 6), (3, 4), (2, 5), (1, 4)], weights: [1.0, 1.0, 1.0, 1.0, 1.0, 1.0, 1.0], set of nodes: {0, 1, 2, 3, 4, 5, 6}, n: 7 nodes, p: 4 layers, N_bayes: 75 iterations
Solving for uuid: 38b5cef6
Initial state injected as warm start
Running ADAM optimization with a single iteration (no debug loop)
Warm-start fallback: optimiser result was below the SDP warm-start energy; using the warm-start energy instead.
3.49999999278389
QAOA optimisation for n=10 took 32.44 seconds; started at stardate 1787861358.7028847 and finished at stardate 1787861391.141139
Finished QAOA for n=7 nodes, m=7 edges at 2026-08-27 22:09:51 on x86_64. Time taken: 32.44 seconds. Hours: 0.01 hours. Peak RAM: 0.27 MB.
Unknown graph type for approximation ratio calculation; checking misc CSV.
Checking optimal_results_misc.csv for matching edges and weights...
Found matching exact result in misc CSV: 4.794866851614386
CSV writing for n=10 took 0.01 seconds; started at stardate 1787861391.1411467 and finished at stardate 1787861391.1486373
results: {10: 3.49999999278389}
durations: {7: 32.43826079368591}
Results saved to: Results/logs/adam/qaoa_results_adam_20260827_220158_pid520994_Exp8_standardZeroAngles_v2.csv
Global end time: 1787861391.1486483
Finalisation time: 0.00 seconds; started at stardate 1787861391.1486404 and finished at stardate 1787861391.1486526
Sum of all section times: 32.45 seconds
run_id: 5b246734
