Starting QAOA benchmark with global start time: 1787862658.7276425
Benchmark parameters: {'optimiser': 'adam', 'optimiser_use_heuristic': False, 'heuristic_optimiser_iterations': None, 'heuristic_optimiser_sampleSize': None, 'circuit_type': 'hamqaoa', 'parameter_vector': [1, 1, 1], 'iterations_list': [75], 'learning_rate_adam': 0.001, 'depth_list': [1, 2, 3, 4, 5], 'n_start': None, 'n_end': None, 'singlet_injection': False, 'start_index_singlet': None, 'warm_start': True, 'warm_start_mode': 'standard', 'lasserre_level': 1, 'initial_solver_level_M': 1, 'sdp_seed': 42, 'sdp_solver_mode': 'scs', 'sdp_scs_eps': 1e-06, 'sdp_scs_max_iters': 100000, 'warm_start_corr_strength': None, 'warm_start_corr_repeats': None, 'compare_with_010101': False, 'init_QAOAparams_close_to_zero': False, 'use_correlations_as_initial_params': False, 'time_limit': None, 'failed_instance_termination_thrsh': None, 'graph_generation_type': 'hog', 'weighted': False, 'easiest_first': False, 'cpu_util_threshold': None, 'debug': False, 'save_circuit_svg': False, 'rerun_exclude_finished_instances': False, 'warm_start_cache_producer_only': False, 'qaoa_only_from_existing_warm_start_cache': True, 'optimiser_debug_iterations': None, 'num_repeats': 1, 'relative_graph_adjList_path': 'HOG_graphs/triangleFree_connected_4to8vertices_176instances_AdjacencyList.txt', 'persistent_warm_start_cache': True, 'warm_start_cache_dir': 'Results/warm_start_cache', 'warm_start_cache_max_file_mb': 512, 'warm_start_cache_max_total_gb': 60, 'sdp_max_parallel': 0, 'qaoa_max_parallel': 16, 'sdp_threads': 1, 'qaoa_threads': 1, 'sdp_memory_limit_total_gb': 0, 'sdp_memory_limit_single_gb': 0, 'sdp_memory_poll_seconds': 5, 'sdp_max_retries': 0, 'queue_poll_interval_seconds': 5, 'max_graph_vertices': 10, 'completed_result_csv_paths': [], 'qaoa_seed': 42, 'initialise_standard_warm_start_with_zero_angles': True, 'result_name_suffix': '_Exp8_standardZeroAngles_v2'}, Running QAOA with equal superposition
Benchmark run ID: e518e983
Benchmark repeat index: 1
Configured SDP rounding seed: 42
QAOA seed used: 42
Processor: x86_64
Hostname: dacsvm-cpunode01
Total RAM (GB): None
Physical cores: 32
Logical cores: 32
Python version: 3.11.15
Initialisation time: 0.01 seconds; started at stardate {'initialisation': 0.0066530704498291016} and finished at stardate1787862658.7343092
Loaded HOG graph index 139 with 7 edges.
Instance generation for n=139 took 0.00 seconds; started at stardate 1787862658.7343192 and finished at stardate 1787862658.738744
Running QAOA for n=7 nodes, m=7 edges...; Max iterations: 75
Warm-start cache: loading Results/warm_start_cache/triangleFree_connected_4to8vertices_176instances_AdjacencyList__filehash_279b7452/hog_idx000139_c95b4cbfe4c1_seed42_L1_M1_amplified.npz
Warm-start cache: loaded in 0.0058 seconds; effective compute time=0.09215021133422852
Edges: [(2, 3), (2, 6), (3, 5), (5, 6), (0, 6), (4, 5), (1, 4)], weights: [1.0, 1.0, 1.0, 1.0, 1.0, 1.0, 1.0], set of nodes: {0, 1, 2, 3, 4, 5, 6}, n: 7 nodes, p: 5 layers, N_bayes: 75 iterations
Solving for uuid: b5bab78e
Initial state injected as warm start
Running ADAM optimization with a single iteration (no debug loop)
3.4999994404663126
QAOA optimisation for n=139 took 47.87 seconds; started at stardate 1787862658.738754 and finished at stardate 1787862706.6091802
Finished QAOA for n=7 nodes, m=7 edges at 2026-08-27 22:31:46 on x86_64. Time taken: 47.87 seconds. Hours: 0.01 hours. Peak RAM: 0.27 MB.
Unknown graph type for approximation ratio calculation; checking misc CSV.
Checking optimal_results_misc.csv for matching edges and weights...
Found matching exact result in misc CSV: 4.826179458139016
CSV writing for n=139 took 0.01 seconds; started at stardate 1787862706.6091876 and finished at stardate 1787862706.614683
results: {139: 3.4999994404663126}
durations: {7: 47.87043285369873}
Results saved to: Results/logs/adam/qaoa_results_adam_20260827_220158_pid520994_Exp8_standardZeroAngles_v2.csv
Global end time: 1787862706.6146917
Finalisation time: 0.00 seconds; started at stardate 1787862706.614686 and finished at stardate 1787862706.6146972
Sum of all section times: 47.89 seconds
run_id: e518e983
