Starting QAOA benchmark with global start time: 1785697149.52043
Benchmark parameters: {'optimiser': 'adam', 'optimiser_use_heuristic': False, 'heuristic_optimiser_iterations': None, 'heuristic_optimiser_sampleSize': None, 'circuit_type': 'hamqaoa', 'parameter_vector': [1, 1, 1], 'iterations_list': [50], 'learning_rate_adam': 0.01, 'depth_list': [1, 2, 3], 'n_start': None, 'n_end': None, 'singlet_injection': False, 'start_index_singlet': None, 'warm_start': True, 'warm_start_mode': 'standard', 'lasserre_level': 2, 'initial_solver_level_M': 2, 'sdp_seed': None, 'sdp_solver_mode': 'scs', 'sdp_scs_eps': 1e-06, 'sdp_scs_max_iters': 100000, 'warm_start_corr_strength': None, 'warm_start_corr_repeats': None, 'compare_with_010101': False, 'init_QAOAparams_close_to_zero': False, 'use_correlations_as_initial_params': False, 'time_limit': None, 'failed_instance_termination_thrsh': None, 'graph_generation_type': 'hog', 'weighted': False, 'easiest_first': False, 'cpu_util_threshold': None, 'debug': False, 'save_circuit_svg': False, 'rerun_exclude_finished_instances': True, 'warm_start_cache_producer_only': False, 'qaoa_only_from_existing_warm_start_cache': True, 'optimiser_debug_iterations': None, 'num_repeats': 1, 'relative_graph_adjList_path': 'HOG_graphs/Exp5/cycle_graphs_3to12vertices_10instances_AdjacencyList.txt', 'persistent_warm_start_cache': True, 'warm_start_cache_dir': 'Results/warm_start_cache', 'warm_start_cache_max_file_mb': 512, 'warm_start_cache_max_total_gb': 60, 'sdp_max_parallel': 0, 'qaoa_max_parallel': 32, 'sdp_threads': 1, 'qaoa_threads': 1, 'sdp_memory_limit_total_gb': 0, 'sdp_memory_limit_single_gb': 0, 'sdp_memory_poll_seconds': 5, 'sdp_max_retries': 0, 'queue_poll_interval_seconds': 5, 'completed_result_csv_paths': [], 'initialise_standard_warm_start_with_zero_angles': True, 'result_name_suffix': '_Exp5_subexp1_zeroAngles'}, Running QAOA with equal superposition
Benchmark run ID: f5394789
Benchmark repeat index: 1
SDP seed override: None
Processor: x86_64
Hostname: dacsvm-cpunode01
Total RAM (GB): None
Physical cores: 32
Logical cores: 32
Python version: 3.11.15
Initialisation time: 0.01 seconds; started at stardate {'initialisation': 0.005809783935546875} and finished at stardate1785697149.5262547
Loaded HOG graph index 8 with 11 edges.
Instance generation for n=8 took 0.00 seconds; started at stardate 1785697149.5262651 and finished at stardate 1785697149.5272098
Running QAOA for n=11 nodes, m=11 edges...; Max iterations: 50
Warm-start cache: loading Results/warm_start_cache/cycle_graphs_3to12vertices_10instances_AdjacencyList__filehash_1a582721/hog_idx000008_da780c6112a1_noseed_L2_M2_standard.npz
Warm-start cache: loaded in 0.0097 seconds; effective compute time=7367.353581666946
Edges: [(8, 9), (0, 1), (9, 10), (2, 3), (0, 10), (1, 2), (5, 6), (3, 4), (7, 8), (4, 5), (6, 7)], weights: [1.0, 1.0, 1.0, 1.0, 1.0, 1.0, 1.0, 1.0, 1.0, 1.0, 1.0], set of nodes: {0, 1, 2, 3, 4, 5, 6, 7, 8, 9, 10}, n: 11 nodes, p: 1 layers, N_bayes: 50 iterations
Solving for uuid: 9910983f
Initial state injected as warm start
Running ADAM optimization with a single iteration (no debug loop)
9.819468034999069
QAOA optimisation for n=8 took 168.63 seconds; started at stardate 1785697149.527219 and finished at stardate 1785697318.1580803
Finished QAOA for n=11 nodes, m=11 edges at 2026-08-02 21:01:58 on x86_64. Time taken: 168.63 seconds. Hours: 0.05 hours. Peak RAM: 1.11 MB.
Computing cycle approximation ratio
CSV writing for n=8 took 0.01 seconds; started at stardate 1785697318.1580887 and finished at stardate 1785697318.1677198
results: {8: 9.819468034999069}
durations: {11: 168.63086891174316}
Results saved to: Results/logs/adam/qaoa_results_adam_20260802_205900_pid807038_Exp5_subexp1_zeroAngles.csv
Global end time: 1785697318.1677299
Finalisation time: 0.00 seconds; started at stardate 1785697318.1677234 and finished at stardate 1785697318.1677337
Sum of all section times: 168.65 seconds
run_id: f5394789
