/home/i6408800/MasterThesis/QAOA/Code/Circuit.py:192: UserWarning: No classical warm-start cut provided for HAMQAOA; using random cut values for fourth HAMQAOA gate. This may lead to suboptimal performance and may be unintentional if a classical warm start was intended.
  warnings.warn(
Starting QAOA benchmark with global start time: 1787608035.2874265
Benchmark parameters: {'optimiser': 'adam', 'optimiser_use_heuristic': False, 'heuristic_optimiser_iterations': None, 'heuristic_optimiser_sampleSize': None, 'circuit_type': 'hamqaoa', 'parameter_vector': [1, 1, 1], 'iterations_list': [50], 'learning_rate_adam': 0.05, 'depth_list': [1, 2, 3, 4, 5], 'n_start': None, 'n_end': None, 'singlet_injection': False, 'start_index_singlet': None, 'warm_start': False, 'warm_start_mode': None, 'lasserre_level': None, 'initial_solver_level_M': None, 'sdp_seed': None, 'sdp_solver_mode': None, 'sdp_scs_eps': None, 'sdp_scs_max_iters': None, 'warm_start_corr_strength': None, 'warm_start_corr_repeats': None, 'compare_with_010101': False, 'init_QAOAparams_close_to_zero': False, 'use_correlations_as_initial_params': None, 'time_limit': None, 'failed_instance_termination_thrsh': None, 'graph_generation_type': 'hog', 'weighted': False, 'easiest_first': False, 'cpu_util_threshold': None, 'debug': False, 'save_circuit_svg': False, 'rerun_exclude_finished_instances': True, 'warm_start_cache_producer_only': False, 'qaoa_only_from_existing_warm_start_cache': False, 'optimiser_debug_iterations': None, 'num_repeats': 1, 'relative_graph_adjList_path': 'HOG_graphs/Exp5/list_193_graphs_adjacency_listhog_v04-12_planar_clawFree.txt', 'persistent_warm_start_cache': False, 'warm_start_cache_dir': None, 'warm_start_cache_max_file_mb': None, 'warm_start_cache_max_total_gb': None, 'sdp_max_parallel': 0, 'qaoa_max_parallel': 16, 'sdp_threads': 1, 'qaoa_threads': 1, 'sdp_memory_limit_total_gb': 0, 'sdp_memory_limit_single_gb': 0, 'sdp_memory_poll_seconds': None, 'sdp_max_retries': 0, 'queue_poll_interval_seconds': 5, 'max_graph_vertices': 10, 'completed_result_csv_paths': [], 'qaoa_seed': 1, 'initialise_standard_warm_start_with_zero_angles': False, 'result_name_suffix': '_Exp5_subexp4_standardWithHeuristic_rerun2508'}, Running QAOA with equal superposition
Benchmark run ID: 0f6f2a92
Benchmark repeat index: 1
SDP seed override: None
QAOA seed used: 1
Processor: x86_64
Hostname: dacsgpu0003
Total RAM (GB): None
Physical cores: 64
Logical cores: 64
Python version: 3.11.15
Initialisation time: 0.01 seconds; started at stardate {'initialisation': 0.010821819305419922} and finished at stardate1787608035.2982597
Loaded HOG graph index 24 with 8 edges.
Instance generation for n=24 took 0.00 seconds; started at stardate 1787608035.2982674 and finished at stardate 1787608035.3018634
Running QAOA for n=5 nodes, m=8 edges...; Max iterations: 50
Edges: [(1, 3), (0, 1), (2, 3), (0, 4), (3, 4), (1, 4), (0, 2), (2, 4)], weights: [1.0, 1.0, 1.0, 1.0, 1.0, 1.0, 1.0, 1.0], set of nodes: {0, 1, 2, 3, 4}, n: 5 nodes, p: 5 layers, N_bayes: 50 iterations
Solving for uuid: d7291202
No warm start: Default initial state is equal superposition
Running ADAM optimization with a single iteration (no debug loop)
3.790825721869443
QAOA optimisation for n=24 took 10.65 seconds; started at stardate 1787608035.3018677 and finished at stardate 1787608045.9472837
Finished QAOA for n=5 nodes, m=8 edges at 2026-08-24 23:47:25 on x86_64. Time taken: 10.65 seconds. Hours: 0.00 hours. Peak RAM: 0.23 MB.
Unknown graph type for approximation ratio calculation; checking misc CSV.
Checking optimal_results_misc.csv for matching edges and weights...
Found matching exact result in misc CSV: 4.000000000000007
CSV writing for n=24 took 0.01 seconds; started at stardate 1787608045.947292 and finished at stardate 1787608045.954721
results: {24: 3.790825721869443}
durations: {5: 10.645421028137207}
Results saved to: Results/logs/adam/qaoa_results_adam_20260824_232532_pid2235027_Exp5_subexp4_standardWithHeuristic_rerun2508.csv
Global end time: 1787608045.9547312
Finalisation time: 0.00 seconds; started at stardate 1787608045.9547246 and finished at stardate 1787608045.9547348
Sum of all section times: 10.67 seconds
run_id: 0f6f2a92
