Starting QAOA benchmark with global start time: 1786719888.5207381
Benchmark parameters: {'optimiser': 'adam', 'optimiser_use_heuristic': False, 'heuristic_optimiser_iterations': None, 'heuristic_optimiser_sampleSize': None, 'circuit_type': 'hamqaoa', 'parameter_vector': [1, 1, 1], 'iterations_list': [50], 'learning_rate_adam': 0.005, 'depth_list': [1, 2, 3, 5], 'n_start': None, 'n_end': None, 'singlet_injection': False, 'start_index_singlet': None, 'warm_start': True, 'warm_start_mode': 'standard', 'lasserre_level': 2, 'initial_solver_level_M': 2, 'sdp_seed': None, 'sdp_solver_mode': 'scs', 'sdp_scs_eps': 1e-06, 'sdp_scs_max_iters': 100000, 'warm_start_corr_strength': None, 'warm_start_corr_repeats': None, 'compare_with_010101': False, 'init_QAOAparams_close_to_zero': False, 'use_correlations_as_initial_params': False, 'time_limit': None, 'failed_instance_termination_thrsh': None, 'graph_generation_type': 'hog', 'weighted': False, 'easiest_first': False, 'cpu_util_threshold': None, 'debug': False, 'save_circuit_svg': False, 'rerun_exclude_finished_instances': True, 'warm_start_cache_producer_only': False, 'qaoa_only_from_existing_warm_start_cache': True, 'optimiser_debug_iterations': None, 'num_repeats': 1, 'relative_graph_adjList_path': 'HOG_graphs/Exp5/list_388_graphs_adjacency_list_hog_v04-12_regular.txt', 'persistent_warm_start_cache': True, 'warm_start_cache_dir': 'Results/warm_start_cache', 'warm_start_cache_max_file_mb': 512, 'warm_start_cache_max_total_gb': 60, 'sdp_max_parallel': 0, 'qaoa_max_parallel': 16, 'sdp_threads': 1, 'qaoa_threads': 1, 'sdp_memory_limit_total_gb': 0, 'sdp_memory_limit_single_gb': 0, 'sdp_memory_poll_seconds': 5, 'sdp_max_retries': 0, 'queue_poll_interval_seconds': 5, 'max_graph_vertices': 11, 'completed_result_csv_paths': [], 'qaoa_seed': 1, 'initialise_standard_warm_start_with_zero_angles': False, 'result_name_suffix': '_Exp5_subexp4_standardWithHeuristic'}, Running QAOA with equal superposition
Benchmark run ID: 683c3f5f
Benchmark repeat index: 1
SDP seed override: None
QAOA seed: 35300201
Processor: x86_64
Hostname: dacsgpu0002
Total RAM (GB): None
Physical cores: 64
Logical cores: 64
Python version: 3.11.15
Initialisation time: 0.05 seconds; started at stardate {'initialisation': 0.05343294143676758} and finished at stardate1786719888.574189
Loaded HOG graph index 353 with 25 edges.
Instance generation for n=353 took 0.55 seconds; started at stardate 1786719888.5741994 and finished at stardate 1786719889.1272712
Running QAOA for n=10 nodes, m=25 edges...; Max iterations: 50
Warm-start cache: loading Results/warm_start_cache/list_388_graphs_adjacency_list_hog_v04-12_regular__filehash_5b7f8d46/hog_idx000353_ee212d038dff_noseed_L2_M2_amplified.npz
Warm-start cache: loaded in 0.0287 seconds; effective compute time=4814.6603055000305
Edges: [(2, 3), (3, 8), (2, 6), (4, 6), (4, 9), (0, 5), (0, 2), (1, 7), (6, 9), (5, 7), (2, 8), (3, 7), (4, 8), (8, 9), (1, 3), (0, 1), (1, 6), (0, 4), (5, 6), (5, 9), (4, 7), (7, 9), (0, 3), (1, 2), (5, 8)], weights: [1.0, 1.0, 1.0, 1.0, 1.0, 1.0, 1.0, 1.0, 1.0, 1.0, 1.0, 1.0, 1.0, 1.0, 1.0, 1.0, 1.0, 1.0, 1.0, 1.0, 1.0, 1.0, 1.0, 1.0, 1.0], set of nodes: {0, 1, 2, 3, 4, 5, 6, 7, 8, 9}, n: 10 nodes, p: 3 layers, N_bayes: 50 iterations
Solving for uuid: 10c9d1e6
Initial state injected as warm start
Running ADAM optimization with a single iteration (no debug loop)
Warm-start fallback: optimiser result was below the SDP warm-start energy; using the warm-start energy instead.
15.484430988800193
QAOA optimisation for n=353 took 179.95 seconds; started at stardate 1786719889.1272779 and finished at stardate 1786720069.0753317
Finished QAOA for n=10 nodes, m=25 edges at 2026-08-14 17:07:49 on x86_64. Time taken: 179.95 seconds. Hours: 0.05 hours. Peak RAM: 1.0 MB.
Unknown graph type for approximation ratio calculation; checking misc CSV.
Checking optimal_results_misc.csv for matching edges and weights...
Found matching exact result in misc CSV: 11.986250469183547
CSV writing for n=353 took 0.01 seconds; started at stardate 1786720069.0753396 and finished at stardate 1786720069.0897288
results: {353: 15.484430988800193}
durations: {10: 179.94805932044983}
Results saved to: Results/logs/adam/qaoa_results_adam_20260814_110747_pid4091477_Exp5_subexp4_standardWithHeuristic.csv
Global end time: 1786720069.089737
Finalisation time: 0.00 seconds; started at stardate 1786720069.0897317 and finished at stardate 1786720069.0897396
Sum of all section times: 180.57 seconds
run_id: 683c3f5f
