/home/i6408800/MasterThesis/QAOA/Code/Circuit.py:182: UserWarning: No classical warm-start cut provided for HAMQAOA; using random cut values for fourth HAMQAOA gate. This may lead to suboptimal performance and may be unintentional if a classical warm start was intended.
  warnings.warn(
Starting QAOA benchmark with global start time: 1784129769.3513522
Benchmark parameters: {'optimiser': 'adam', 'optimiser_use_heuristic': True, 'heuristic_optimiser_iterations': 2, 'heuristic_optimiser_sampleSize': 1000, 'circuit_type': 'hamqaoa', 'parameter_vector': [1, 1, 1], 'iterations_list': [5, 10, 25, 50, 100], 'learning_rate_adam': 0.05, 'depth_list': [1, 3, 5], 'n_start': None, 'n_end': None, 'singlet_injection': False, 'start_index_singlet': None, 'warm_start': False, 'warm_start_mode': None, 'lasserre_level': None, 'initial_solver_level_M': None, 'sdp_seed': None, 'sdp_solver_mode': None, 'sdp_scs_eps': None, 'sdp_scs_max_iters': None, 'warm_start_corr_strength': None, 'warm_start_corr_repeats': None, 'compare_with_010101': False, 'init_QAOAparams_close_to_zero': False, 'use_correlations_as_initial_params': None, 'time_limit': None, 'failed_instance_termination_thrsh': None, 'graph_generation_type': 'hog', 'weighted': False, 'easiest_first': False, 'cpu_util_threshold': None, 'debug': False, 'save_circuit_svg': False, 'rerun_exclude_finished_instances': True, 'warm_start_cache_producer_only': False, 'qaoa_only_from_existing_warm_start_cache': False, 'optimiser_debug_iterations': None, 'num_repeats': 1, 'relative_graph_adjList_path': 'HOG_graphs/3regular_connected_74instances.txt', 'persistent_warm_start_cache': False, 'warm_start_cache_dir': None, 'warm_start_cache_max_file_mb': None, 'warm_start_cache_max_total_gb': None, 'sdp_max_parallel': 0, 'qaoa_max_parallel': 32, 'sdp_threads': None, 'qaoa_threads': 1, 'sdp_memory_limit_total_gb': None, 'sdp_memory_limit_single_gb': None, 'sdp_memory_poll_seconds': None, 'sdp_max_retries': None, 'queue_poll_interval_seconds': 5}, Running QAOA with equal superposition
Benchmark run ID: 4bb9ae07
Benchmark repeat index: 1
SDP seed override: None
Processor: x86_64
Hostname: dacsvm-cpunode01
Total RAM (GB): None
Physical cores: 32
Logical cores: 32
Python version: 3.11.15
Initialisation time: 0.00 seconds; started at stardate {'initialisation': 0.004592180252075195} and finished at stardate1784129769.3559535
Loaded HOG graph index 70 with 25 edges.
Instance generation for n=70 took 0.00 seconds; started at stardate 1784129769.3559585 and finished at stardate 1784129769.3586295
Running QAOA for n=10 nodes, m=25 edges...; Max iterations: 25
Edges: [(3, 8), (2, 6), (4, 9), (0, 5), (0, 2), (1, 7), (5, 7), (3, 4), (4, 8), (8, 9), (1, 3), (0, 1), (1, 6), (0, 4), (6, 8), (5, 6), (5, 9), (2, 4), (3, 9), (2, 7), (7, 9), (0, 3), (1, 2), (5, 8), (6, 7)], weights: [1.0, 1.0, 1.0, 1.0, 1.0, 1.0, 1.0, 1.0, 1.0, 1.0, 1.0, 1.0, 1.0, 1.0, 1.0, 1.0, 1.0, 1.0, 1.0, 1.0, 1.0, 1.0, 1.0, 1.0, 1.0], set of nodes: {0, 1, 2, 3, 4, 5, 6, 7, 8, 9}, n: 10 nodes, p: 3 layers, N_bayes: 25 iterations
Solving for uuid: 9aa22741
No warm start: Default initial state is equal superposition
Running ADAM optimization with a single iteration (no debug loop)
8.869045974108415
QAOA optimisation for n=70 took 1408.33 seconds; started at stardate 1784129769.3586311 and finished at stardate 1784131177.6871555
Finished QAOA for n=10 nodes, m=25 edges at 2026-07-15 17:59:37 on x86_64. Time taken: 1408.33 seconds. Hours: 0.39 hours. Peak RAM: 0.23 MB.
Unknown graph type for approximation ratio calculation; checking misc CSV.
Checking optimal_results_misc.csv for matching edges and weights...
Found matching exact result in misc CSV: 11.622426248857474
CSV writing for n=70 took 0.01 seconds; started at stardate 1784131177.6871634 and finished at stardate 1784131177.6942496
results: {70: 8.869045974108415}
durations: {10: 1408.3285286426544}
Results saved to: Results/logs/adam/qaoa_results_adam_20260715_064123_pid2122293.csv
Global end time: 1784131177.6942577
Finalisation time: 0.00 seconds; started at stardate 1784131177.6942515 and finished at stardate 1784131177.6942618
Sum of all section times: 1408.34 seconds
run_id: 4bb9ae07
