/home/i6408800/MasterThesis/QAOA/Code/Circuit.py:182: UserWarning: No classical warm-start cut provided for HAMQAOA; using random cut values for fourth HAMQAOA gate. This may lead to suboptimal performance and may be unintentional if a classical warm start was intended.
  warnings.warn(
Starting QAOA benchmark with global start time: 1784132908.6072104
Benchmark parameters: {'optimiser': 'adam', 'optimiser_use_heuristic': True, 'heuristic_optimiser_iterations': 2, 'heuristic_optimiser_sampleSize': 1000, 'circuit_type': 'hamqaoa', 'parameter_vector': [1, 1, 1], 'iterations_list': [5, 10, 25, 50, 100], 'learning_rate_adam': 0.05, 'depth_list': [1, 3, 5], 'n_start': None, 'n_end': None, 'singlet_injection': False, 'start_index_singlet': None, 'warm_start': False, 'warm_start_mode': None, 'lasserre_level': None, 'initial_solver_level_M': None, 'sdp_seed': None, 'sdp_solver_mode': None, 'sdp_scs_eps': None, 'sdp_scs_max_iters': None, 'warm_start_corr_strength': None, 'warm_start_corr_repeats': None, 'compare_with_010101': False, 'init_QAOAparams_close_to_zero': False, 'use_correlations_as_initial_params': None, 'time_limit': None, 'failed_instance_termination_thrsh': None, 'graph_generation_type': 'hog', 'weighted': False, 'easiest_first': False, 'cpu_util_threshold': None, 'debug': False, 'save_circuit_svg': False, 'rerun_exclude_finished_instances': True, 'warm_start_cache_producer_only': False, 'qaoa_only_from_existing_warm_start_cache': False, 'optimiser_debug_iterations': None, 'num_repeats': 1, 'relative_graph_adjList_path': 'HOG_graphs/3regular_connected_74instances.txt', 'persistent_warm_start_cache': False, 'warm_start_cache_dir': None, 'warm_start_cache_max_file_mb': None, 'warm_start_cache_max_total_gb': None, 'sdp_max_parallel': 0, 'qaoa_max_parallel': 32, 'sdp_threads': None, 'qaoa_threads': 1, 'sdp_memory_limit_total_gb': None, 'sdp_memory_limit_single_gb': None, 'sdp_memory_poll_seconds': None, 'sdp_max_retries': None, 'queue_poll_interval_seconds': 5}, Running QAOA with equal superposition
Benchmark run ID: e0bc79b8
Benchmark repeat index: 1
SDP seed override: None
Processor: x86_64
Hostname: dacsvm-cpunode01
Total RAM (GB): None
Physical cores: 32
Logical cores: 32
Python version: 3.11.15
Initialisation time: 0.00 seconds; started at stardate {'initialisation': 0.004801511764526367} and finished at stardate1784132908.612017
Loaded HOG graph index 4 with 8 edges.
Instance generation for n=4 took 0.00 seconds; started at stardate 1784132908.6120217 and finished at stardate 1784132908.6139655
Running QAOA for n=5 nodes, m=8 edges...; Max iterations: 50
Edges: [(1, 3), (0, 1), (2, 3), (0, 4), (3, 4), (1, 4), (0, 2), (2, 4)], weights: [1.0, 1.0, 1.0, 1.0, 1.0, 1.0, 1.0, 1.0], set of nodes: {0, 1, 2, 3, 4}, n: 5 nodes, p: 5 layers, N_bayes: 50 iterations
Solving for uuid: dc5bb159
No warm start: Default initial state is equal superposition
Running ADAM optimization with a single iteration (no debug loop)
3.727617099374785
QAOA optimisation for n=4 took 990.97 seconds; started at stardate 1784132908.6139696 and finished at stardate 1784133899.5824761
Finished QAOA for n=5 nodes, m=8 edges at 2026-07-15 18:44:59 on x86_64. Time taken: 990.97 seconds. Hours: 0.28 hours. Peak RAM: 0.23 MB.
Unknown graph type for approximation ratio calculation; checking misc CSV.
Checking optimal_results_misc.csv for matching edges and weights...
Found matching exact result in misc CSV: 4.000000000000007
CSV writing for n=4 took 0.01 seconds; started at stardate 1784133899.5824864 and finished at stardate 1784133899.5908966
results: {4: 3.727617099374785}
durations: {5: 990.9685115814209}
Results saved to: Results/logs/adam/qaoa_results_adam_20260715_064123_pid2122293.csv
Global end time: 1784133899.5909078
Finalisation time: 0.00 seconds; started at stardate 1784133899.5908995 and finished at stardate 1784133899.5909095
Sum of all section times: 990.98 seconds
run_id: e0bc79b8
