Starting QAOA benchmark with global start time: 1789067025.7573452
Benchmark parameters: {'optimiser': 'adam', 'optimiser_use_heuristic': False, 'heuristic_optimiser_iterations': None, 'heuristic_optimiser_sampleSize': None, 'circuit_type': 'hamqaoa', 'parameter_vector': [1, 1, 1], 'iterations_list': [75], 'learning_rate_adam': 0.05, 'depth_list': [6, 7, 8, 9, 10], 'n_start': None, 'n_end': None, 'singlet_injection': False, 'start_index_singlet': None, 'warm_start': True, 'warm_start_mode': 'amplified', 'lasserre_level': 1, 'initial_solver_level_M': 1, 'sdp_seed': 42, 'sdp_solver_mode': 'scs', 'sdp_scs_eps': 1e-06, 'sdp_scs_max_iters': 100000, 'warm_start_corr_strength': None, 'warm_start_corr_repeats': None, 'compare_with_010101': False, 'init_QAOAparams_close_to_zero': False, 'use_correlations_as_initial_params': False, 'time_limit': None, 'failed_instance_termination_thrsh': None, 'graph_generation_type': 'hog', 'weighted': False, 'easiest_first': False, 'cpu_util_threshold': None, 'debug': False, 'save_circuit_svg': False, 'rerun_exclude_finished_instances': False, 'warm_start_cache_producer_only': False, 'qaoa_only_from_existing_warm_start_cache': True, 'optimiser_debug_iterations': None, 'num_repeats': 1, 'relative_graph_adjList_path': 'HOG_graphs/Exp5/path_graphs_2to12vertices_11instances_AdjacencyList.txt', 'persistent_warm_start_cache': True, 'warm_start_cache_dir': 'Results/warm_start_cache', 'warm_start_cache_max_file_mb': 512, 'warm_start_cache_max_total_gb': 60, 'sdp_max_parallel': 0, 'qaoa_max_parallel': 16, 'sdp_threads': 1, 'qaoa_threads': 1, 'sdp_memory_limit_total_gb': 0, 'sdp_memory_limit_single_gb': 0, 'sdp_memory_poll_seconds': 5, 'sdp_max_retries': 0, 'queue_poll_interval_seconds': 5, 'max_graph_vertices': 10, 'completed_result_csv_paths': [], 'qaoa_seed': 42, 'initialise_standard_warm_start_with_zero_angles': True, 'result_name_suffix': '_FINAL_BENCHMARKS_AMPLIFIED_BestPerformers', 'algorithm17_beta_mode': 'fixed'}, Running QAOA with equal superposition
Benchmark run ID: 736a1343
Benchmark repeat index: 1
Configured SDP rounding seed: 42
QAOA seed used: 42
Processor: x86_64
Hostname: dacsgpu0002
Total RAM (GB): None
Physical cores: 64
Logical cores: 64
Python version: 3.11.15
Initialisation time: 0.00 seconds; started at stardate {'initialisation': 0.0046122074127197266} and finished at stardate1789067025.7619634
Loaded HOG graph index 6 with 7 edges.
Instance generation for n=6 took 0.00 seconds; started at stardate 1789067025.7619684 and finished at stardate 1789067025.7625883
Running QAOA for n=8 nodes, m=7 edges...; Max iterations: 75
Warm-start cache: loading Results/warm_start_cache/path_graphs_2to12vertices_11instances_AdjacencyList__filehash_01292d61/hog_idx000006_749a375e0266_seed42_L1_M1_amplified.npz
Warm-start cache: loaded in 0.0015 seconds; effective compute time=0.10074996948242188
Edges: [(0, 1), (2, 3), (1, 2), (5, 6), (3, 4), (4, 5), (6, 7)], weights: [1.0, 1.0, 1.0, 1.0, 1.0, 1.0, 1.0], set of nodes: {0, 1, 2, 3, 4, 5, 6, 7}, n: 8 nodes, p: 7 layers, N_bayes: 75 iterations
Solving for uuid: 3348395a
Initial state injected as warm start
Warm start correlations applied in the form of weak entanglement
Running ADAM optimization with a single iteration (no debug loop)
4.846457408706279
QAOA optimisation for n=6 took 102.33 seconds; started at stardate 1789067025.7625918 and finished at stardate 1789067128.0929518
Finished QAOA for n=8 nodes, m=7 edges at 2026-09-10 21:05:28 on x86_64. Time taken: 102.33 seconds. Hours: 0.03 hours. Peak RAM: 0.32 MB.
Computing line approximation ratio
CSV writing for n=6 took 0.04 seconds; started at stardate 1789067128.0929623 and finished at stardate 1789067128.129389
results: {6: 4.846457408706279}
durations: {8: 102.33036589622498}
Results saved to: Results/logs/adam/qaoa_results_adam_20260910_205702_pid460994_FINAL_BENCHMARKS_AMPLIFIED_BestPerformers.csv
Global end time: 1789067128.1294177
Finalisation time: 0.00 seconds; started at stardate 1789067128.1294005 and finished at stardate 1789067128.1294234
Sum of all section times: 102.37 seconds
run_id: 736a1343
