Starting QAOA benchmark with global start time: 1788010419.4062266
Benchmark parameters: {'optimiser': 'adam', 'optimiser_use_heuristic': False, 'heuristic_optimiser_iterations': None, 'heuristic_optimiser_sampleSize': None, 'circuit_type': 'hamqaoa', 'parameter_vector': [1, 1, 1], 'iterations_list': [75], 'learning_rate_adam': 0.01, 'depth_list': [1, 2, 3, 4, 5], 'n_start': None, 'n_end': None, 'singlet_injection': False, 'start_index_singlet': None, 'warm_start': True, 'warm_start_mode': 'standard', 'lasserre_level': 2, 'initial_solver_level_M': 2, 'sdp_seed': 42, 'sdp_solver_mode': 'scs', 'sdp_scs_eps': 1e-06, 'sdp_scs_max_iters': 100000, 'warm_start_corr_strength': None, 'warm_start_corr_repeats': None, 'compare_with_010101': False, 'init_QAOAparams_close_to_zero': False, 'use_correlations_as_initial_params': False, 'time_limit': None, 'failed_instance_termination_thrsh': None, 'graph_generation_type': 'hog', 'weighted': False, 'easiest_first': False, 'cpu_util_threshold': None, 'debug': False, 'save_circuit_svg': False, 'rerun_exclude_finished_instances': False, 'warm_start_cache_producer_only': False, 'qaoa_only_from_existing_warm_start_cache': True, 'optimiser_debug_iterations': None, 'num_repeats': 1, 'relative_graph_adjList_path': 'HOG_graphs/stress_test.txt', 'persistent_warm_start_cache': True, 'warm_start_cache_dir': 'Results/warm_start_cache/fast_test_scs', 'warm_start_cache_max_file_mb': 512, 'warm_start_cache_max_total_gb': 60, 'sdp_max_parallel': 0, 'qaoa_max_parallel': 16, 'sdp_threads': 1, 'qaoa_threads': 1, 'sdp_memory_limit_total_gb': 0, 'sdp_memory_limit_single_gb': 0, 'sdp_memory_poll_seconds': 5, 'sdp_max_retries': 0, 'queue_poll_interval_seconds': 5, 'max_graph_vertices': 10, 'completed_result_csv_paths': [], 'qaoa_seed': 42, 'initialise_standard_warm_start_with_zero_angles': True, 'result_name_suffix': '_Exp4_v2_standardZeroAngles'}, Running QAOA with equal superposition
Benchmark run ID: a5414de3
Benchmark repeat index: 1
Configured SDP rounding seed: 42
QAOA seed used: 42
Processor: x86_64
Hostname: dacsgpu0003
Total RAM (GB): None
Physical cores: 64
Logical cores: 64
Python version: 3.11.15
Initialisation time: 0.00 seconds; started at stardate {'initialisation': 0.004252195358276367} and finished at stardate1788010419.4104855
Loaded HOG graph index 1 with 9 edges.
Instance generation for n=1 took 0.00 seconds; started at stardate 1788010419.4104912 and finished at stardate 1788010419.4148383
Running QAOA for n=7 nodes, m=9 edges...; Max iterations: 75
Warm-start cache: loading Results/warm_start_cache/fast_test_scs/stress_test__filehash_182b889d/hog_idx000001_bd27a98b3d76_seed42_L2_M2_amplified.npz
Warm-start cache: loaded in 0.0033 seconds; effective compute time=349.5191066265106
Edges: [(0, 1), (0, 4), (0, 3), (1, 2), (5, 6), (0, 6), (3, 4), (0, 5), (0, 2)], weights: [1.0, 1.0, 1.0, 1.0, 1.0, 1.0, 1.0, 1.0, 1.0], set of nodes: {0, 1, 2, 3, 4, 5, 6}, n: 7 nodes, p: 1 layers, N_bayes: 75 iterations
Solving for uuid: 7a93586e
Initial state injected as warm start
Running ADAM optimization with a single iteration (no debug loop)
6.524776896746288
QAOA optimisation for n=1 took 4.01 seconds; started at stardate 1788010419.4148424 and finished at stardate 1788010423.4257708
Finished QAOA for n=7 nodes, m=9 edges at 2026-08-29 15:33:43 on x86_64. Time taken: 4.01 seconds. Hours: 0.00 hours. Peak RAM: 0.23 MB.
Unknown graph type for approximation ratio calculation; checking misc CSV.
Checking optimal_results_misc.csv for matching edges and weights...
Found matching exact result in misc CSV: 4.500000000000002
CSV writing for n=1 took 0.02 seconds; started at stardate 1788010423.4257803 and finished at stardate 1788010423.441351
results: {1: 6.524776896746288}
durations: {7: 4.0109336376190186}
Results saved to: Results/logs/adam/qaoa_results_adam_20260829_152623_pid2911047_Exp4_v2_standardZeroAngles.csv
Global end time: 1788010423.4413652
Finalisation time: 0.00 seconds; started at stardate 1788010423.4413557 and finished at stardate 1788010423.441371
Sum of all section times: 4.04 seconds
run_id: a5414de3
