Starting QAOA benchmark with global start time: 1788946349.6094081
Benchmark parameters: {'optimiser': 'adam', 'optimiser_use_heuristic': False, 'heuristic_optimiser_iterations': None, 'heuristic_optimiser_sampleSize': None, 'circuit_type': 'hamqaoa', 'parameter_vector': [1, 1, 1], 'iterations_list': [75], 'learning_rate_adam': 0.05, 'depth_list': [1, 2, 3, 4, 5], 'n_start': None, 'n_end': None, 'singlet_injection': False, 'start_index_singlet': None, 'warm_start': True, 'warm_start_mode': 'amplified', 'lasserre_level': 1, 'initial_solver_level_M': 1, 'sdp_seed': 42, 'sdp_solver_mode': 'scs', 'sdp_scs_eps': 1e-06, 'sdp_scs_max_iters': 100000, 'warm_start_corr_strength': None, 'warm_start_corr_repeats': None, 'compare_with_010101': False, 'init_QAOAparams_close_to_zero': False, 'use_correlations_as_initial_params': False, 'time_limit': None, 'failed_instance_termination_thrsh': None, 'graph_generation_type': 'hog', 'weighted': False, 'easiest_first': False, 'cpu_util_threshold': None, 'debug': False, 'save_circuit_svg': False, 'rerun_exclude_finished_instances': False, 'warm_start_cache_producer_only': False, 'qaoa_only_from_existing_warm_start_cache': True, 'optimiser_debug_iterations': None, 'num_repeats': 1, 'relative_graph_adjList_path': 'HOG_graphs/Exp5/complete_graphs_2to12vertices_11instances_AdjacencyList.txt', 'persistent_warm_start_cache': True, 'warm_start_cache_dir': 'Results/warm_start_cache', 'warm_start_cache_max_file_mb': 512, 'warm_start_cache_max_total_gb': 60, 'sdp_max_parallel': 0, 'qaoa_max_parallel': 16, 'sdp_threads': 1, 'qaoa_threads': 1, 'sdp_memory_limit_total_gb': 0, 'sdp_memory_limit_single_gb': 0, 'sdp_memory_poll_seconds': 5, 'sdp_max_retries': 0, 'queue_poll_interval_seconds': 5, 'max_graph_vertices': 10, 'completed_result_csv_paths': [], 'qaoa_seed': 42, 'initialise_standard_warm_start_with_zero_angles': True, 'result_name_suffix': '_FINAL_BENCHMARKS_AMPLIFIED', 'algorithm17_beta_mode': 'fixed'}, Running QAOA with equal superposition
Benchmark run ID: 3f1ad17a
Benchmark repeat index: 1
Configured SDP rounding seed: 42
QAOA seed used: 42
Processor: x86_64
Hostname: dacsgpu0002
Total RAM (GB): None
Physical cores: 64
Logical cores: 64
Python version: 3.11.15
Initialisation time: 0.01 seconds; started at stardate {'initialisation': 0.006738185882568359} and finished at stardate1788946349.6161594
Loaded HOG graph index 2 with 6 edges.
Instance generation for n=2 took 0.00 seconds; started at stardate 1788946349.6161668 and finished at stardate 1788946349.61705
Running QAOA for n=4 nodes, m=6 edges...; Max iterations: 75
Warm-start cache: loading Results/warm_start_cache/complete_graphs_2to12vertices_11instances_AdjacencyList__filehash_1c7be33d/hog_idx000002_488e446e6a19_seed42_L1_M1_amplified.npz
Warm-start cache: loaded in 0.0015 seconds; effective compute time=0.08309221267700195
Edges: [(1, 3), (0, 1), (2, 3), (0, 3), (1, 2), (0, 2)], weights: [1.0, 1.0, 1.0, 1.0, 1.0, 1.0], set of nodes: {0, 1, 2, 3}, n: 4 nodes, p: 5 layers, N_bayes: 75 iterations
Solving for uuid: 0e3eb5e1
Initial state injected as warm start
Warm start correlations applied in the form of weak entanglement
Running ADAM optimization with a single iteration (no debug loop)
2.478253469194318
QAOA optimisation for n=2 took 18.05 seconds; started at stardate 1788946349.617055 and finished at stardate 1788946367.6678095
Finished QAOA for n=4 nodes, m=6 edges at 2026-09-09 11:32:47 on x86_64. Time taken: 18.05 seconds. Hours: 0.01 hours. Peak RAM: 0.24 MB.
Computing complete graph approximation ratio
CSV writing for n=2 took 0.02 seconds; started at stardate 1788946367.6678174 and finished at stardate 1788946367.6829016
results: {2: 2.478253469194318}
durations: {4: 18.05076026916504}
Results saved to: Results/logs/adam/qaoa_results_adam_20260909_113206_pid3109612_FINAL_BENCHMARKS_AMPLIFIED.csv
Global end time: 1788946367.6829212
Finalisation time: 0.00 seconds; started at stardate 1788946367.682909 and finished at stardate 1788946367.6829262
Sum of all section times: 18.07 seconds
run_id: 3f1ad17a
