Starting QAOA benchmark with global start time: 1782269014.646583
Benchmark parameters: {'optimiser': 'adam', 'optimiser_use_heuristic': True, 'heuristic_optimiser_iterations': 2, 'heuristic_optimiser_sampleSize': 1000, 'circuit_type': 'hamqaoa', 'parameter_vector': [1, 1, 1], 'iterations_list': [50], 'learning_rate_adam': 0.05, 'depth_list': [1, 3, 5], 'n_start': 61, 'n_end': 110, 'singlet_injection': False, 'start_index_singlet': None, 'warm_start': True, 'warm_start_mode': 'standard', 'lasserre_level': 2, 'initial_solver_level_M': 1, 'sdp_seed': 6000042, 'warm_start_corr_strength': None, 'warm_start_corr_repeats': None, 'compare_with_010101': False, 'init_QAOAparams_close_to_zero': False, 'use_correlations_as_initial_params': False, 'time_limit': 10800, 'failed_instance_termination_thrsh': None, 'graph_generation_type': 'hog', 'weighted': False, 'easiest_first': True, 'cpu_util_threshold': None, 'debug': False, 'save_circuit_svg': False, 'rerun_exclude_finished_instances': False, 'warm_start_cache_producer_only': False, 'qaoa_only_from_existing_warm_start_cache': True, 'optimiser_debug_iterations': None, 'num_repeats': 10, 'relative_graph_adjList_path': 'HOG_graphs/triangleFree_connected_4to8vertices_176instances_AdjacencyList.txt', 'persistent_warm_start_cache': True, 'warm_start_cache_dir': 'Results/warm_start_cache', 'warm_start_cache_max_file_mb': 512, 'warm_start_cache_max_total_gb': 60, 'sdp_max_parallel': 0, 'qaoa_max_parallel': 20, 'sdp_threads': 1, 'qaoa_threads': 1, 'sdp_memory_limit_total_gb': 40, 'sdp_memory_limit_single_gb': 40, 'sdp_memory_poll_seconds': 5, 'sdp_max_retries': 3, 'queue_poll_interval_seconds': 5}, Running QAOA with equal superposition
Benchmark run ID: ae2b0f0f
Benchmark repeat index: 7
SDP seed override: 6000042
Processor: x86_64
Hostname: dacsvm-cpunode01
Total RAM (GB): None
Physical cores: 32
Logical cores: 32
Python version: 3.11.15
Initialisation time: 0.00 seconds; started at stardate {'initialisation': 0.004705190658569336} and finished at stardate1782269014.6512966
Loaded HOG graph index 93 with 8 edges.
Instance generation for n=93 took 0.00 seconds; started at stardate 1782269014.6513002 and finished at stardate 1782269014.653095
Running QAOA for n=7 nodes, m=8 edges...; Max iterations: 50
Warm-start cache: loading Results/warm_start_cache/triangleFree_connected_4to8vertices_176instances_AdjacencyList__filehash_279b7452/hog_idx000093_366992f809dc_seed6000042_L2_M1_standard.npz
Warm-start cache: loaded in 0.0014 seconds; effective compute time=1036.2996053695679
Edges: [(1, 6), (0, 4), (2, 6), (0, 6), (3, 4), (1, 5), (2, 5), (3, 6)], weights: [1.0, 1.0, 1.0, 1.0, 1.0, 1.0, 1.0, 1.0], set of nodes: {0, 1, 2, 3, 4, 5, 6}, n: 7 nodes, p: 3 layers, N_bayes: 50 iterations
Solving for uuid: d3a5016c
Initial state injected as warm start
Running ADAM optimization with a single iteration (no debug loop)
6.9412331893463595
QAOA optimisation for n=93 took 554.66 seconds; started at stardate 1782269014.6531 and finished at stardate 1782269569.3162458
Finished QAOA for n=7 nodes, m=8 edges at 2026-06-24 04:52:49 on x86_64. Time taken: 554.66 seconds. Hours: 0.15 hours. Peak RAM: 0.25 MB.
Unknown graph type for approximation ratio calculation; checking misc CSV.
Checking optimal_results_misc.csv for matching edges and weights...
Found matching exact result in misc CSV: 5.381501643306901
CSV writing for n=93 took 0.00 seconds; started at stardate 1782269569.3162522 and finished at stardate 1782269569.3202531
results: {93: 6.9412331893463595}
durations: {7: 554.6631515026093}
Results saved to: Results/logs/adam/qaoa_results_adam_20260623_184811_pid193093.csv
Global end time: 1782269569.3202634
Finalisation time: 0.00 seconds; started at stardate 1782269569.3202553 and finished at stardate 1782269569.320267
Sum of all section times: 554.67 seconds
run_id: ae2b0f0f
