Starting QAOA benchmark with global start time: 1782270320.1543949
Benchmark parameters: {'optimiser': 'adam', 'optimiser_use_heuristic': True, 'heuristic_optimiser_iterations': 2, 'heuristic_optimiser_sampleSize': 1000, 'circuit_type': 'hamqaoa', 'parameter_vector': [1, 1, 1], 'iterations_list': [50], 'learning_rate_adam': 0.05, 'depth_list': [1, 3, 5], 'n_start': 61, 'n_end': 110, 'singlet_injection': False, 'start_index_singlet': None, 'warm_start': True, 'warm_start_mode': 'standard', 'lasserre_level': 2, 'initial_solver_level_M': 1, 'sdp_seed': 8000042, 'warm_start_corr_strength': None, 'warm_start_corr_repeats': None, 'compare_with_010101': False, 'init_QAOAparams_close_to_zero': False, 'use_correlations_as_initial_params': False, 'time_limit': 10800, 'failed_instance_termination_thrsh': None, 'graph_generation_type': 'hog', 'weighted': False, 'easiest_first': True, 'cpu_util_threshold': None, 'debug': False, 'save_circuit_svg': False, 'rerun_exclude_finished_instances': False, 'warm_start_cache_producer_only': False, 'qaoa_only_from_existing_warm_start_cache': True, 'optimiser_debug_iterations': None, 'num_repeats': 10, 'relative_graph_adjList_path': 'HOG_graphs/triangleFree_connected_4to8vertices_176instances_AdjacencyList.txt', 'persistent_warm_start_cache': True, 'warm_start_cache_dir': 'Results/warm_start_cache', 'warm_start_cache_max_file_mb': 512, 'warm_start_cache_max_total_gb': 60, 'sdp_max_parallel': 0, 'qaoa_max_parallel': 20, 'sdp_threads': 1, 'qaoa_threads': 1, 'sdp_memory_limit_total_gb': 40, 'sdp_memory_limit_single_gb': 40, 'sdp_memory_poll_seconds': 5, 'sdp_max_retries': 3, 'queue_poll_interval_seconds': 5}, Running QAOA with equal superposition
Benchmark run ID: 1958ff86
Benchmark repeat index: 9
SDP seed override: 8000042
Processor: x86_64
Hostname: dacsvm-cpunode01
Total RAM (GB): None
Physical cores: 32
Logical cores: 32
Python version: 3.11.15
Initialisation time: 0.00 seconds; started at stardate {'initialisation': 0.004861116409301758} and finished at stardate1782270320.1592627
Loaded HOG graph index 94 with 10 edges.
Instance generation for n=94 took 0.00 seconds; started at stardate 1782270320.1592665 and finished at stardate 1782270320.1611762
Running QAOA for n=8 nodes, m=10 edges...; Max iterations: 50
Warm-start cache: loading Results/warm_start_cache/triangleFree_connected_4to8vertices_176instances_AdjacencyList__filehash_279b7452/hog_idx000094_f37bd80880f6_seed8000042_L2_M1_standard.npz
Warm-start cache: loaded in 0.0012 seconds; effective compute time=4712.504453659058
Edges: [(2, 7), (0, 4), (2, 6), (5, 7), (4, 6), (1, 5), (3, 7), (0, 5), (1, 4), (3, 6)], weights: [1.0, 1.0, 1.0, 1.0, 1.0, 1.0, 1.0, 1.0, 1.0, 1.0], set of nodes: {0, 1, 2, 3, 4, 5, 6, 7}, n: 8 nodes, p: 5 layers, N_bayes: 50 iterations
Solving for uuid: 4bc4f16b
Initial state injected as warm start
Running ADAM optimization with a single iteration (no debug loop)
10.164013611107734
QAOA optimisation for n=94 took 1667.06 seconds; started at stardate 1782270320.1611803 and finished at stardate 1782271987.2195642
Finished QAOA for n=8 nodes, m=10 edges at 2026-06-24 05:33:07 on x86_64. Time taken: 1667.06 seconds. Hours: 0.46 hours. Peak RAM: 0.3 MB.
Unknown graph type for approximation ratio calculation; checking misc CSV.
Checking optimal_results_misc.csv for matching edges and weights...
Found matching exact result in misc CSV: 6.720955162283017
CSV writing for n=94 took 0.01 seconds; started at stardate 1782271987.2195702 and finished at stardate 1782271987.229934
results: {94: 10.164013611107734}
durations: {8: 1667.0583877563477}
Results saved to: Results/logs/adam/qaoa_results_adam_20260623_184811_pid193093.csv
Global end time: 1782271987.2299464
Finalisation time: 0.00 seconds; started at stardate 1782271987.229939 and finished at stardate 1782271987.22995
Sum of all section times: 1667.08 seconds
run_id: 1958ff86
