Starting QAOA benchmark with global start time: 1782263388.3774939
Benchmark parameters: {'optimiser': 'adam', 'optimiser_use_heuristic': True, 'heuristic_optimiser_iterations': 2, 'heuristic_optimiser_sampleSize': 1000, 'circuit_type': 'hamqaoa', 'parameter_vector': [1, 1, 1], 'iterations_list': [50], 'learning_rate_adam': 0.05, 'depth_list': [1, 3, 5], 'n_start': 111, 'n_end': None, 'singlet_injection': False, 'start_index_singlet': None, 'warm_start': True, 'warm_start_mode': 'standard', 'lasserre_level': 2, 'initial_solver_level_M': 1, 'sdp_seed': 2000042, 'warm_start_corr_strength': None, 'warm_start_corr_repeats': None, 'compare_with_010101': False, 'init_QAOAparams_close_to_zero': False, 'use_correlations_as_initial_params': False, 'time_limit': 10800, 'failed_instance_termination_thrsh': None, 'graph_generation_type': 'hog', 'weighted': False, 'easiest_first': True, 'cpu_util_threshold': None, 'debug': False, 'save_circuit_svg': False, 'rerun_exclude_finished_instances': False, 'warm_start_cache_producer_only': False, 'qaoa_only_from_existing_warm_start_cache': True, 'optimiser_debug_iterations': None, 'num_repeats': 10, 'relative_graph_adjList_path': 'HOG_graphs/triangleFree_connected_4to8vertices_176instances_AdjacencyList.txt', 'persistent_warm_start_cache': True, 'warm_start_cache_dir': 'Results/warm_start_cache', 'warm_start_cache_max_file_mb': 512, 'warm_start_cache_max_total_gb': 60, 'sdp_max_parallel': 0, 'qaoa_max_parallel': 30, 'sdp_threads': 1, 'qaoa_threads': 1, 'sdp_memory_limit_total_gb': 40, 'sdp_memory_limit_single_gb': 40, 'sdp_memory_poll_seconds': 5, 'sdp_max_retries': 3, 'queue_poll_interval_seconds': 5}, Running QAOA with equal superposition
Benchmark run ID: a439e5ee
Benchmark repeat index: 3
SDP seed override: 2000042
Processor: x86_64
Hostname: dacsgpu0003
Total RAM (GB): None
Physical cores: 64
Logical cores: 64
Python version: 3.11.15
Initialisation time: 0.01 seconds; started at stardate {'initialisation': 0.0057260990142822266} and finished at stardate1782263388.3832278
Loaded HOG graph index 123 with 9 edges.
Instance generation for n=123 took 0.00 seconds; started at stardate 1782263388.3832328 and finished at stardate 1782263388.3861852
Running QAOA for n=7 nodes, m=9 edges...; Max iterations: 50
Warm-start cache: loading Results/warm_start_cache/triangleFree_connected_4to8vertices_176instances_AdjacencyList__filehash_279b7452/hog_idx000123_3f103f1de7e6_seed2000042_L2_M1_standard.npz
Warm-start cache: loaded in 0.0069 seconds; effective compute time=1245.9641225337982
Edges: [(0, 4), (2, 6), (3, 5), (0, 3), (4, 6), (1, 2), (1, 5), (4, 5), (3, 6)], weights: [1.0, 1.0, 1.0, 1.0, 1.0, 1.0, 1.0, 1.0, 1.0], set of nodes: {0, 1, 2, 3, 4, 5, 6}, n: 7 nodes, p: 1 layers, N_bayes: 50 iterations
Solving for uuid: 838a65ea
Initial state injected as warm start
Running ADAM optimization with a single iteration (no debug loop)
6.989078839683381
QAOA optimisation for n=123 took 80.59 seconds; started at stardate 1782263388.3861892 and finished at stardate 1782263468.972293
Finished QAOA for n=7 nodes, m=9 edges at 2026-06-24 03:11:08 on x86_64. Time taken: 80.59 seconds. Hours: 0.02 hours. Peak RAM: 0.23 MB.
Unknown graph type for approximation ratio calculation; checking misc CSV.
Checking optimal_results_misc.csv for matching edges and weights...
Found matching exact result in misc CSV: 5.592582720643354
CSV writing for n=123 took 0.00 seconds; started at stardate 1782263468.9722993 and finished at stardate 1782263468.9772396
results: {123: 6.989078839683381}
durations: {7: 80.58610725402832}
Results saved to: Results/logs/adam/qaoa_results_adam_20260624_013953_pid284614.csv
Global end time: 1782263468.97725
Finalisation time: 0.00 seconds; started at stardate 1782263468.977243 and finished at stardate 1782263468.977254
Sum of all section times: 80.60 seconds
run_id: a439e5ee
