Starting QAOA benchmark with global start time: 1782270080.0217478
Benchmark parameters: {'optimiser': 'adam', 'optimiser_use_heuristic': True, 'heuristic_optimiser_iterations': 2, 'heuristic_optimiser_sampleSize': 1000, 'circuit_type': 'hamqaoa', 'parameter_vector': [1, 1, 1], 'iterations_list': [50], 'learning_rate_adam': 0.05, 'depth_list': [1, 3, 5], 'n_start': 111, 'n_end': None, 'singlet_injection': False, 'start_index_singlet': None, 'warm_start': True, 'warm_start_mode': 'standard', 'lasserre_level': 2, 'initial_solver_level_M': 1, 'sdp_seed': 7000042, 'warm_start_corr_strength': None, 'warm_start_corr_repeats': None, 'compare_with_010101': False, 'init_QAOAparams_close_to_zero': False, 'use_correlations_as_initial_params': False, 'time_limit': 10800, 'failed_instance_termination_thrsh': None, 'graph_generation_type': 'hog', 'weighted': False, 'easiest_first': True, 'cpu_util_threshold': None, 'debug': False, 'save_circuit_svg': False, 'rerun_exclude_finished_instances': False, 'warm_start_cache_producer_only': False, 'qaoa_only_from_existing_warm_start_cache': True, 'optimiser_debug_iterations': None, 'num_repeats': 10, 'relative_graph_adjList_path': 'HOG_graphs/triangleFree_connected_4to8vertices_176instances_AdjacencyList.txt', 'persistent_warm_start_cache': True, 'warm_start_cache_dir': 'Results/warm_start_cache', 'warm_start_cache_max_file_mb': 512, 'warm_start_cache_max_total_gb': 60, 'sdp_max_parallel': 0, 'qaoa_max_parallel': 30, 'sdp_threads': 1, 'qaoa_threads': 1, 'sdp_memory_limit_total_gb': 40, 'sdp_memory_limit_single_gb': 40, 'sdp_memory_poll_seconds': 5, 'sdp_max_retries': 3, 'queue_poll_interval_seconds': 5}, Running QAOA with equal superposition
Benchmark run ID: 54f7c98a
Benchmark repeat index: 8
SDP seed override: 7000042
Processor: x86_64
Hostname: dacsgpu0003
Total RAM (GB): None
Physical cores: 64
Logical cores: 64
Python version: 3.11.15
Initialisation time: 0.00 seconds; started at stardate {'initialisation': 0.0033812522888183594} and finished at stardate1782270080.0251346
Loaded HOG graph index 137 with 12 edges.
Instance generation for n=137 took 0.00 seconds; started at stardate 1782270080.0251472 and finished at stardate 1782270080.0280142
Running QAOA for n=8 nodes, m=12 edges...; Max iterations: 50
Warm-start cache: loading Results/warm_start_cache/triangleFree_connected_4to8vertices_176instances_AdjacencyList__filehash_279b7452/hog_idx000137_24473408a87c_seed7000042_L2_M1_standard.npz
Warm-start cache: loaded in 0.0023 seconds; effective compute time=4861.445018768311
Edges: [(2, 7), (4, 7), (2, 6), (3, 5), (4, 6), (0, 6), (1, 5), (4, 5), (3, 7), (0, 5), (3, 6), (1, 7)], weights: [1.0, 1.0, 1.0, 1.0, 1.0, 1.0, 1.0, 1.0, 1.0, 1.0, 1.0, 1.0], set of nodes: {0, 1, 2, 3, 4, 5, 6, 7}, n: 8 nodes, p: 5 layers, N_bayes: 50 iterations
Solving for uuid: 1e9ce6e1
Initial state injected as warm start
Running ADAM optimization with a single iteration (no debug loop)
12.045424308672658
QAOA optimisation for n=137 took 940.52 seconds; started at stardate 1782270080.028018 and finished at stardate 1782271020.5495505
Finished QAOA for n=8 nodes, m=12 edges at 2026-06-24 05:17:00 on x86_64. Time taken: 940.52 seconds. Hours: 0.26 hours. Peak RAM: 0.29 MB.
Unknown graph type for approximation ratio calculation; checking misc CSV.
Checking optimal_results_misc.csv for matching edges and weights...
Found matching exact result in misc CSV: 7.417446582538111
CSV writing for n=137 took 0.01 seconds; started at stardate 1782271020.5495582 and finished at stardate 1782271020.559957
results: {137: 12.045424308672658}
durations: {8: 940.5215373039246}
Results saved to: Results/logs/adam/qaoa_results_adam_20260624_013953_pid284614.csv
Global end time: 1782271020.5599778
Finalisation time: 0.00 seconds; started at stardate 1782271020.5599644 and finished at stardate 1782271020.5599823
Sum of all section times: 940.54 seconds
run_id: 54f7c98a
