Starting QAOA benchmark with global start time: 1782267058.1577976
Benchmark parameters: {'optimiser': 'adam', 'optimiser_use_heuristic': True, 'heuristic_optimiser_iterations': 2, 'heuristic_optimiser_sampleSize': 1000, 'circuit_type': 'hamqaoa', 'parameter_vector': [1, 1, 1], 'iterations_list': [50], 'learning_rate_adam': 0.05, 'depth_list': [1, 3, 5], 'n_start': 111, 'n_end': None, 'singlet_injection': False, 'start_index_singlet': None, 'warm_start': True, 'warm_start_mode': 'standard', 'lasserre_level': 2, 'initial_solver_level_M': 1, 'sdp_seed': 6000042, 'warm_start_corr_strength': None, 'warm_start_corr_repeats': None, 'compare_with_010101': False, 'init_QAOAparams_close_to_zero': False, 'use_correlations_as_initial_params': False, 'time_limit': 10800, 'failed_instance_termination_thrsh': None, 'graph_generation_type': 'hog', 'weighted': False, 'easiest_first': True, 'cpu_util_threshold': None, 'debug': False, 'save_circuit_svg': False, 'rerun_exclude_finished_instances': False, 'warm_start_cache_producer_only': False, 'qaoa_only_from_existing_warm_start_cache': True, 'optimiser_debug_iterations': None, 'num_repeats': 10, 'relative_graph_adjList_path': 'HOG_graphs/triangleFree_connected_4to8vertices_176instances_AdjacencyList.txt', 'persistent_warm_start_cache': True, 'warm_start_cache_dir': 'Results/warm_start_cache', 'warm_start_cache_max_file_mb': 512, 'warm_start_cache_max_total_gb': 60, 'sdp_max_parallel': 0, 'qaoa_max_parallel': 30, 'sdp_threads': 1, 'qaoa_threads': 1, 'sdp_memory_limit_total_gb': 40, 'sdp_memory_limit_single_gb': 40, 'sdp_memory_poll_seconds': 5, 'sdp_max_retries': 3, 'queue_poll_interval_seconds': 5}, Running QAOA with equal superposition
Benchmark run ID: ba59fb3d
Benchmark repeat index: 7
SDP seed override: 6000042
Processor: x86_64
Hostname: dacsgpu0003
Total RAM (GB): None
Physical cores: 64
Logical cores: 64
Python version: 3.11.15
Initialisation time: 0.02 seconds; started at stardate {'initialisation': 0.017246723175048828} and finished at stardate1782267058.1750526
Loaded HOG graph index 131 with 10 edges.
Instance generation for n=131 took 0.00 seconds; started at stardate 1782267058.1750586 and finished at stardate 1782267058.1781082
Running QAOA for n=7 nodes, m=10 edges...; Max iterations: 50
Warm-start cache: loading Results/warm_start_cache/triangleFree_connected_4to8vertices_176instances_AdjacencyList__filehash_279b7452/hog_idx000131_f5e4f144bedb_seed6000042_L2_M1_standard.npz
Warm-start cache: loaded in 0.0021 seconds; effective compute time=1014.3673191070557
Edges: [(1, 6), (0, 4), (2, 6), (3, 5), (0, 6), (3, 4), (1, 5), (2, 5), (3, 6), (2, 4)], weights: [1.0, 1.0, 1.0, 1.0, 1.0, 1.0, 1.0, 1.0, 1.0, 1.0], set of nodes: {0, 1, 2, 3, 4, 5, 6}, n: 7 nodes, p: 3 layers, N_bayes: 50 iterations
Solving for uuid: f07ad735
Initial state injected as warm start
Running ADAM optimization with a single iteration (no debug loop)
8.853635859427584
QAOA optimisation for n=131 took 283.53 seconds; started at stardate 1782267058.1781123 and finished at stardate 1782267341.7097738
Finished QAOA for n=7 nodes, m=10 edges at 2026-06-24 04:15:41 on x86_64. Time taken: 283.53 seconds. Hours: 0.08 hours. Peak RAM: 0.25 MB.
Unknown graph type for approximation ratio calculation; checking misc CSV.
Checking optimal_results_misc.csv for matching edges and weights...
Found matching exact result in misc CSV: 6.4151567230767474
CSV writing for n=131 took 0.01 seconds; started at stardate 1782267341.7097821 and finished at stardate 1782267341.7199836
results: {131: 8.853635859427584}
durations: {7: 283.5316662788391}
Results saved to: Results/logs/adam/qaoa_results_adam_20260624_013953_pid284614.csv
Global end time: 1782267341.7199957
Finalisation time: 0.00 seconds; started at stardate 1782267341.7199874 and finished at stardate 1782267341.7199998
Sum of all section times: 283.56 seconds
run_id: ba59fb3d
