Starting QAOA benchmark with global start time: 1786826338.6601782
Benchmark parameters: {'optimiser': 'adam', 'optimiser_use_heuristic': True, 'heuristic_optimiser_iterations': 1, 'heuristic_optimiser_sampleSize': 10, 'circuit_type': 'hamqaoa', 'parameter_vector': [1, 1, 1], 'iterations_list': [50], 'learning_rate_adam': 0.005, 'depth_list': [1, 2, 3, 5], 'n_start': None, 'n_end': None, 'singlet_injection': False, 'start_index_singlet': None, 'warm_start': True, 'warm_start_mode': 'standard', 'lasserre_level': 2, 'initial_solver_level_M': 2, 'sdp_seed': None, 'sdp_solver_mode': 'scs', 'sdp_scs_eps': 1e-06, 'sdp_scs_max_iters': 100000, 'warm_start_corr_strength': None, 'warm_start_corr_repeats': None, 'compare_with_010101': False, 'init_QAOAparams_close_to_zero': False, 'use_correlations_as_initial_params': False, 'time_limit': None, 'failed_instance_termination_thrsh': None, 'graph_generation_type': 'hog', 'weighted': False, 'easiest_first': False, 'cpu_util_threshold': None, 'debug': False, 'save_circuit_svg': False, 'rerun_exclude_finished_instances': True, 'warm_start_cache_producer_only': False, 'qaoa_only_from_existing_warm_start_cache': True, 'optimiser_debug_iterations': None, 'num_repeats': 1, 'relative_graph_adjList_path': 'HOG_graphs/Exp5/list_388_graphs_adjacency_list_hog_v04-12_regular.txt', 'persistent_warm_start_cache': True, 'warm_start_cache_dir': 'Results/warm_start_cache', 'warm_start_cache_max_file_mb': 512, 'warm_start_cache_max_total_gb': 60, 'sdp_max_parallel': 0, 'qaoa_max_parallel': 16, 'sdp_threads': 1, 'qaoa_threads': 1, 'sdp_memory_limit_total_gb': 0, 'sdp_memory_limit_single_gb': 0, 'sdp_memory_poll_seconds': 5, 'sdp_max_retries': 0, 'queue_poll_interval_seconds': 5, 'max_graph_vertices': 11, 'completed_result_csv_paths': [], 'qaoa_seed': 1, 'initialise_standard_warm_start_with_zero_angles': False, 'result_name_suffix': '_Exp5_subexp4_standardWithHeuristic'}, Running QAOA with equal superposition
Benchmark run ID: 5780859c
Benchmark repeat index: 1
SDP seed override: None
QAOA seed: 22000101
Processor: x86_64
Hostname: dacsgpu0002
Total RAM (GB): None
Physical cores: 64
Logical cores: 64
Python version: 3.11.15
Initialisation time: 0.03 seconds; started at stardate {'initialisation': 0.026375293731689453} and finished at stardate1786826338.6865776
Loaded HOG graph index 220 with 15 edges.
Instance generation for n=220 took 0.42 seconds; started at stardate 1786826338.6865947 and finished at stardate 1786826339.111161
Running QAOA for n=10 nodes, m=15 edges...; Max iterations: 50
Warm-start cache: loading Results/warm_start_cache/list_388_graphs_adjacency_list_hog_v04-12_regular__filehash_5b7f8d46/hog_idx000220_1c65a87afac2_noseed_L2_M2_amplified.npz
Warm-start cache: loaded in 0.0259 seconds; effective compute time=4809.855892658234
Edges: [(3, 9), (0, 1), (2, 3), (5, 8), (7, 9), (2, 9), (0, 3), (4, 6), (1, 8), (5, 6), (4, 5), (4, 8), (0, 2), (6, 7), (1, 7)], weights: [1.0, 1.0, 1.0, 1.0, 1.0, 1.0, 1.0, 1.0, 1.0, 1.0, 1.0, 1.0, 1.0, 1.0, 1.0], set of nodes: {0, 1, 2, 3, 4, 5, 6, 7, 8, 9}, n: 10 nodes, p: 2 layers, N_bayes: 50 iterations
Solving for uuid: 223a45a1
Initial state injected as warm start
Running ADAM optimization with a single iteration (no debug loop)
9.451807415337544
QAOA optimisation for n=220 took 220.39 seconds; started at stardate 1786826339.1111672 and finished at stardate 1786826559.505737
Finished QAOA for n=10 nodes, m=15 edges at 2026-08-15 22:42:39 on x86_64. Time taken: 220.39 seconds. Hours: 0.06 hours. Peak RAM: 0.76 MB.
Unknown graph type for approximation ratio calculation; checking misc CSV.
Checking optimal_results_misc.csv for matching edges and weights...
Found matching exact result in misc CSV: 8.166493909310642
CSV writing for n=220 took 0.33 seconds; started at stardate 1786826559.5057485 and finished at stardate 1786826559.8359833
results: {220: 9.451807415337544}
durations: {10: 220.39457726478577}
Results saved to: Results/logs/adam/qaoa_results_adam_20260815_192542_pid1154679_Exp5_subexp4_standardWithHeuristic.csv
Global end time: 1786826559.8360016
Finalisation time: 0.00 seconds; started at stardate 1786826559.8359902 and finished at stardate 1786826559.8360064
Sum of all section times: 221.18 seconds
run_id: 5780859c
