Starting QAOA benchmark with global start time: 1786814762.1800725
Benchmark parameters: {'optimiser': 'adam', 'optimiser_use_heuristic': True, 'heuristic_optimiser_iterations': 1, 'heuristic_optimiser_sampleSize': 10, 'circuit_type': 'hamqaoa', 'parameter_vector': [1, 1, 1], 'iterations_list': [50], 'learning_rate_adam': 0.005, 'depth_list': [1, 2, 3, 5], 'n_start': None, 'n_end': None, 'singlet_injection': False, 'start_index_singlet': None, 'warm_start': True, 'warm_start_mode': 'standard', 'lasserre_level': 2, 'initial_solver_level_M': 2, 'sdp_seed': None, 'sdp_solver_mode': 'scs', 'sdp_scs_eps': 1e-06, 'sdp_scs_max_iters': 100000, 'warm_start_corr_strength': None, 'warm_start_corr_repeats': None, 'compare_with_010101': False, 'init_QAOAparams_close_to_zero': False, 'use_correlations_as_initial_params': False, 'time_limit': None, 'failed_instance_termination_thrsh': None, 'graph_generation_type': 'hog', 'weighted': False, 'easiest_first': False, 'cpu_util_threshold': None, 'debug': False, 'save_circuit_svg': False, 'rerun_exclude_finished_instances': True, 'warm_start_cache_producer_only': False, 'qaoa_only_from_existing_warm_start_cache': True, 'optimiser_debug_iterations': None, 'num_repeats': 1, 'relative_graph_adjList_path': 'HOG_graphs/Exp5/list_388_graphs_adjacency_list_hog_v04-12_regular.txt', 'persistent_warm_start_cache': True, 'warm_start_cache_dir': 'Results/warm_start_cache', 'warm_start_cache_max_file_mb': 512, 'warm_start_cache_max_total_gb': 60, 'sdp_max_parallel': 0, 'qaoa_max_parallel': 16, 'sdp_threads': 1, 'qaoa_threads': 1, 'sdp_memory_limit_total_gb': 0, 'sdp_memory_limit_single_gb': 0, 'sdp_memory_poll_seconds': 5, 'sdp_max_retries': 0, 'queue_poll_interval_seconds': 5, 'max_graph_vertices': 11, 'completed_result_csv_paths': [], 'qaoa_seed': 1, 'initialise_standard_warm_start_with_zero_angles': False, 'result_name_suffix': '_Exp5_subexp4_standardWithHeuristic'}, Running QAOA with equal superposition
Benchmark run ID: a6f631fb
Benchmark repeat index: 1
SDP seed override: None
QAOA seed: 19600001
Processor: x86_64
Hostname: dacsgpu0002
Total RAM (GB): None
Physical cores: 64
Logical cores: 64
Python version: 3.11.15
Initialisation time: 0.00 seconds; started at stardate {'initialisation': 0.0035963058471679688} and finished at stardate1786814762.1836767
Loaded HOG graph index 196 with 22 edges.
Instance generation for n=196 took 0.10 seconds; started at stardate 1786814762.1836824 and finished at stardate 1786814762.2878313
Running QAOA for n=11 nodes, m=22 edges...; Max iterations: 50
Warm-start cache: loading Results/warm_start_cache/list_388_graphs_adjacency_list_hog_v04-12_regular__filehash_5b7f8d46/hog_idx000196_fd8265e42595_noseed_L2_M2_amplified.npz
Warm-start cache: loaded in 0.0091 seconds; effective compute time=11409.733271121979
Edges: [(3, 8), (2, 9), (7, 8), (8, 10), (1, 4), (0, 2), (6, 9), (5, 7), (3, 4), (3, 10), (0, 1), (9, 10), (1, 6), (0, 4), (5, 6), (2, 4), (2, 7), (7, 9), (0, 3), (1, 5), (6, 10), (5, 8)], weights: [1.0, 1.0, 1.0, 1.0, 1.0, 1.0, 1.0, 1.0, 1.0, 1.0, 1.0, 1.0, 1.0, 1.0, 1.0, 1.0, 1.0, 1.0, 1.0, 1.0, 1.0, 1.0], set of nodes: {0, 1, 2, 3, 4, 5, 6, 7, 8, 9, 10}, n: 11 nodes, p: 1 layers, N_bayes: 50 iterations
Solving for uuid: 23b0bbeb
Initial state injected as warm start
Running ADAM optimization with a single iteration (no debug loop)
12.434621716023349
QAOA optimisation for n=196 took 885.64 seconds; started at stardate 1786814762.287838 and finished at stardate 1786815647.9238002
Finished QAOA for n=11 nodes, m=22 edges at 2026-08-15 19:40:47 on x86_64. Time taken: 885.64 seconds. Hours: 0.25 hours. Peak RAM: 1.11 MB.
Unknown graph type for approximation ratio calculation; checking misc CSV.
Checking optimal_results_misc.csv for matching edges and weights...
Found matching exact result in misc CSV: 10.838694160383461
CSV writing for n=196 took 0.06 seconds; started at stardate 1786815647.9238105 and finished at stardate 1786815647.9862165
results: {196: 12.434621716023349}
durations: {11: 885.635969877243}
Results saved to: Results/logs/adam/qaoa_results_adam_20260815_192542_pid1154679_Exp5_subexp4_standardWithHeuristic.csv
Global end time: 1786815647.9862378
Finalisation time: 0.00 seconds; started at stardate 1786815647.9862251 and finished at stardate 1786815647.986243
Sum of all section times: 885.81 seconds
run_id: a6f631fb
