Starting QAOA benchmark with global start time: 1782297083.3175063
Benchmark parameters: {'optimiser': 'adam', 'optimiser_use_heuristic': True, 'heuristic_optimiser_iterations': 2, 'heuristic_optimiser_sampleSize': 1000, 'circuit_type': 'hamqaoa', 'parameter_vector': [1, 1, 1], 'iterations_list': [50], 'learning_rate_adam': 0.05, 'depth_list': [1, 3, 5], 'n_start': None, 'n_end': None, 'singlet_injection': False, 'start_index_singlet': None, 'warm_start': True, 'warm_start_mode': 'standard', 'lasserre_level': 2, 'initial_solver_level_M': 1, 'sdp_seed': 5000042, 'warm_start_corr_strength': None, 'warm_start_corr_repeats': None, 'compare_with_010101': False, 'init_QAOAparams_close_to_zero': False, 'use_correlations_as_initial_params': False, 'time_limit': 10800, 'failed_instance_termination_thrsh': None, 'graph_generation_type': 'hog', 'weighted': False, 'easiest_first': True, 'cpu_util_threshold': None, 'debug': False, 'save_circuit_svg': False, 'rerun_exclude_finished_instances': False, 'warm_start_cache_producer_only': False, 'qaoa_only_from_existing_warm_start_cache': True, 'optimiser_debug_iterations': None, 'num_repeats': 10, 'relative_graph_adjList_path': 'HOG_graphs/triangleFree_connected_4to8vertices_176instances_AdjacencyList.txt', 'persistent_warm_start_cache': True, 'warm_start_cache_dir': 'Results/warm_start_cache/replacement', 'warm_start_cache_max_file_mb': 512, 'warm_start_cache_max_total_gb': 60, 'sdp_max_parallel': 0, 'qaoa_max_parallel': 30, 'sdp_threads': 1, 'qaoa_threads': 1, 'sdp_memory_limit_total_gb': 40, 'sdp_memory_limit_single_gb': 40, 'sdp_memory_poll_seconds': 5, 'sdp_max_retries': 3, 'queue_poll_interval_seconds': 5}, Running QAOA with equal superposition
Benchmark run ID: 589a83f4
Benchmark repeat index: 6
SDP seed override: 5000042
Processor: x86_64
Hostname: dacsgpu0003
Total RAM (GB): None
Physical cores: 64
Logical cores: 64
Python version: 3.11.15
Initialisation time: 0.02 seconds; started at stardate {'initialisation': 0.019452333450317383} and finished at stardate1782297083.3369691
Loaded HOG graph index 12 with 4 edges.
Instance generation for n=12 took 0.00 seconds; started at stardate 1782297083.3369753 and finished at stardate 1782297083.3395598
Running QAOA for n=5 nodes, m=4 edges...; Max iterations: 50
Warm-start cache: loading Results/warm_start_cache/replacement/triangleFree_connected_4to8vertices_176instances_AdjacencyList__filehash_279b7452/hog_idx000012_ca6171b83903_seed5000042_L2_M1_standard.npz
Warm-start cache: loaded in 0.0014 seconds; effective compute time=0.054383277893066406
Edges: [(2, 4), (1, 4), (2, 3), (0, 3)], weights: [1.0, 1.0, 1.0, 1.0], set of nodes: {0, 1, 2, 3, 4}, n: 5 nodes, p: 1 layers, N_bayes: 50 iterations
Solving for uuid: 3a887bf0
Initial state injected as warm start
Running ADAM optimization with a single iteration (no debug loop)
3.7983104561491743
QAOA optimisation for n=12 took 60.14 seconds; started at stardate 1782297083.3395634 and finished at stardate 1782297143.4754539
Finished QAOA for n=5 nodes, m=4 edges at 2026-06-24 12:32:23 on x86_64. Time taken: 60.14 seconds. Hours: 0.02 hours. Peak RAM: 0.22 MB.
Computing line approximation ratio
CSV writing for n=12 took 0.01 seconds; started at stardate 1782297143.4754617 and finished at stardate 1782297143.4829335
results: {12: 3.7983104561491743}
durations: {5: 60.135894536972046}
Results saved to: Results/logs/adam/qaoa_results_adam_20260624_112726_pid2025774.csv
Global end time: 1782297143.482948
Finalisation time: 0.00 seconds; started at stardate 1782297143.4829397 and finished at stardate 1782297143.4829519
Sum of all section times: 60.17 seconds
run_id: 589a83f4
