Starting QAOA benchmark with global start time: 1782316499.9650505
Benchmark parameters: {'optimiser': 'adam', 'optimiser_use_heuristic': True, 'heuristic_optimiser_iterations': 2, 'heuristic_optimiser_sampleSize': 1000, 'circuit_type': 'hamqaoa', 'parameter_vector': [1, 1, 1], 'iterations_list': [50], 'learning_rate_adam': 0.05, 'depth_list': [1, 3, 5], 'n_start': None, 'n_end': None, 'singlet_injection': False, 'start_index_singlet': None, 'warm_start': True, 'warm_start_mode': 'standard', 'lasserre_level': 2, 'initial_solver_level_M': 1, 'sdp_seed': 7000042, 'warm_start_corr_strength': None, 'warm_start_corr_repeats': None, 'compare_with_010101': False, 'init_QAOAparams_close_to_zero': False, 'use_correlations_as_initial_params': False, 'time_limit': 10800, 'failed_instance_termination_thrsh': None, 'graph_generation_type': 'hog', 'weighted': False, 'easiest_first': True, 'cpu_util_threshold': None, 'debug': False, 'save_circuit_svg': False, 'rerun_exclude_finished_instances': False, 'warm_start_cache_producer_only': False, 'qaoa_only_from_existing_warm_start_cache': True, 'optimiser_debug_iterations': None, 'num_repeats': 10, 'relative_graph_adjList_path': 'HOG_graphs/triangleFree_connected_4to8vertices_176instances_AdjacencyList.txt', 'persistent_warm_start_cache': True, 'warm_start_cache_dir': 'Results/warm_start_cache/replacement', 'warm_start_cache_max_file_mb': 512, 'warm_start_cache_max_total_gb': 60, 'sdp_max_parallel': 0, 'qaoa_max_parallel': 30, 'sdp_threads': 1, 'qaoa_threads': 1, 'sdp_memory_limit_total_gb': 40, 'sdp_memory_limit_single_gb': 40, 'sdp_memory_poll_seconds': 5, 'sdp_max_retries': 3, 'queue_poll_interval_seconds': 5}, Running QAOA with equal superposition
Benchmark run ID: 75bcd149
Benchmark repeat index: 8
SDP seed override: 7000042
Processor: x86_64
Hostname: dacsgpu0003
Total RAM (GB): None
Physical cores: 64
Logical cores: 64
Python version: 3.11.15
Initialisation time: 0.01 seconds; started at stardate {'initialisation': 0.0075795650482177734} and finished at stardate1782316499.972642
Loaded HOG graph index 68 with 10 edges.
Instance generation for n=68 took 0.00 seconds; started at stardate 1782316499.9726489 and finished at stardate 1782316499.974894
Running QAOA for n=7 nodes, m=10 edges...; Max iterations: 50
Warm-start cache: loading Results/warm_start_cache/replacement/triangleFree_connected_4to8vertices_176instances_AdjacencyList__filehash_279b7452/hog_idx000068_00cdbfc79b2d_seed7000042_L2_M1_standard.npz
Warm-start cache: loaded in 0.0011 seconds; effective compute time=0.07609367370605469
Edges: [(1, 3), (0, 1), (2, 6), (3, 5), (4, 6), (4, 5), (2, 5), (1, 4), (0, 2), (3, 6)], weights: [1.0, 1.0, 1.0, 1.0, 1.0, 1.0, 1.0, 1.0, 1.0, 1.0], set of nodes: {0, 1, 2, 3, 4, 5, 6}, n: 7 nodes, p: 5 layers, N_bayes: 50 iterations
Solving for uuid: 6904bae3
Initial state injected as warm start
Running ADAM optimization with a single iteration (no debug loop)
8.587878933906834
QAOA optimisation for n=68 took 649.43 seconds; started at stardate 1782316499.9748971 and finished at stardate 1782317149.4031668
Finished QAOA for n=7 nodes, m=10 edges at 2026-06-24 18:05:49 on x86_64. Time taken: 649.43 seconds. Hours: 0.18 hours. Peak RAM: 0.28 MB.
Unknown graph type for approximation ratio calculation; checking misc CSV.
Checking optimal_results_misc.csv for matching edges and weights...
Found matching exact result in misc CSV: 6.081138830084192
CSV writing for n=68 took 0.01 seconds; started at stardate 1782317149.403175 and finished at stardate 1782317149.4081912
results: {68: 8.587878933906834}
durations: {7: 649.4282736778259}
Results saved to: Results/logs/adam/qaoa_results_adam_20260624_112726_pid2025774.csv
Global end time: 1782317149.4082026
Finalisation time: 0.00 seconds; started at stardate 1782317149.4081953 and finished at stardate 1782317149.408207
Sum of all section times: 649.44 seconds
run_id: 75bcd149
