Starting QAOA benchmark with global start time: 1782329606.3005345
Benchmark parameters: {'optimiser': 'adam', 'optimiser_use_heuristic': True, 'heuristic_optimiser_iterations': 2, 'heuristic_optimiser_sampleSize': 1000, 'circuit_type': 'hamqaoa', 'parameter_vector': [1, 1, 1], 'iterations_list': [50], 'learning_rate_adam': 0.05, 'depth_list': [1, 3, 5], 'n_start': None, 'n_end': None, 'singlet_injection': False, 'start_index_singlet': None, 'warm_start': True, 'warm_start_mode': 'standard', 'lasserre_level': 2, 'initial_solver_level_M': 1, 'sdp_seed': 4000042, 'warm_start_corr_strength': None, 'warm_start_corr_repeats': None, 'compare_with_010101': False, 'init_QAOAparams_close_to_zero': False, 'use_correlations_as_initial_params': False, 'time_limit': 10800, 'failed_instance_termination_thrsh': None, 'graph_generation_type': 'hog', 'weighted': False, 'easiest_first': True, 'cpu_util_threshold': None, 'debug': False, 'save_circuit_svg': False, 'rerun_exclude_finished_instances': False, 'warm_start_cache_producer_only': False, 'qaoa_only_from_existing_warm_start_cache': True, 'optimiser_debug_iterations': None, 'num_repeats': 10, 'relative_graph_adjList_path': 'HOG_graphs/triangleFree_connected_4to8vertices_176instances_AdjacencyList.txt', 'persistent_warm_start_cache': True, 'warm_start_cache_dir': 'Results/warm_start_cache/replacement', 'warm_start_cache_max_file_mb': 512, 'warm_start_cache_max_total_gb': 60, 'sdp_max_parallel': 0, 'qaoa_max_parallel': 30, 'sdp_threads': 1, 'qaoa_threads': 1, 'sdp_memory_limit_total_gb': 40, 'sdp_memory_limit_single_gb': 40, 'sdp_memory_poll_seconds': 5, 'sdp_max_retries': 3, 'queue_poll_interval_seconds': 5}, Running QAOA with equal superposition
Benchmark run ID: 7d926297
Benchmark repeat index: 5
SDP seed override: 4000042
Processor: x86_64
Hostname: dacsgpu0003
Total RAM (GB): None
Physical cores: 64
Logical cores: 64
Python version: 3.11.15
Initialisation time: 0.00 seconds; started at stardate {'initialisation': 0.004985809326171875} and finished at stardate1782329606.3055327
Loaded HOG graph index 99 with 9 edges.
Instance generation for n=99 took 0.00 seconds; started at stardate 1782329606.3055394 and finished at stardate 1782329606.3086133
Running QAOA for n=8 nodes, m=9 edges...; Max iterations: 50
Warm-start cache: loading Results/warm_start_cache/replacement/triangleFree_connected_4to8vertices_176instances_AdjacencyList__filehash_279b7452/hog_idx000099_0e67a4844fa9_seed4000042_L2_M1_standard.npz
Warm-start cache: loaded in 0.0025 seconds; effective compute time=0.08828854560852051
Edges: [(2, 7), (0, 1), (1, 6), (4, 7), (5, 7), (5, 6), (3, 4), (0, 2), (3, 6)], weights: [1.0, 1.0, 1.0, 1.0, 1.0, 1.0, 1.0, 1.0, 1.0], set of nodes: {0, 1, 2, 3, 4, 5, 6, 7}, n: 8 nodes, p: 1 layers, N_bayes: 50 iterations
Solving for uuid: 2103efb3
Initial state injected as warm start
Running ADAM optimization with a single iteration (no debug loop)
6.636350451174876
QAOA optimisation for n=99 took 158.01 seconds; started at stardate 1782329606.3086188 and finished at stardate 1782329764.3172889
Finished QAOA for n=8 nodes, m=9 edges at 2026-06-24 21:36:04 on x86_64. Time taken: 158.01 seconds. Hours: 0.04 hours. Peak RAM: 0.23 MB.
Unknown graph type for approximation ratio calculation; checking misc CSV.
Checking optimal_results_misc.csv for matching edges and weights...
Found matching exact result in misc CSV: 5.904643841672373
CSV writing for n=99 took 0.01 seconds; started at stardate 1782329764.317298 and finished at stardate 1782329764.3259711
results: {99: 6.636350451174876}
durations: {8: 158.0086760520935}
Results saved to: Results/logs/adam/qaoa_results_adam_20260624_112726_pid2025774.csv
Global end time: 1782329764.3259902
Finalisation time: 0.00 seconds; started at stardate 1782329764.325979 and finished at stardate 1782329764.3259945
Sum of all section times: 158.03 seconds
run_id: 7d926297
