Starting QAOA benchmark with global start time: 1782309822.1332433
Benchmark parameters: {'optimiser': 'adam', 'optimiser_use_heuristic': True, 'heuristic_optimiser_iterations': 2, 'heuristic_optimiser_sampleSize': 1000, 'circuit_type': 'hamqaoa', 'parameter_vector': [1, 1, 1], 'iterations_list': [50], 'learning_rate_adam': 0.05, 'depth_list': [1, 3, 5], 'n_start': None, 'n_end': None, 'singlet_injection': False, 'start_index_singlet': None, 'warm_start': True, 'warm_start_mode': 'standard', 'lasserre_level': 2, 'initial_solver_level_M': 1, 'sdp_seed': 5000042, 'warm_start_corr_strength': None, 'warm_start_corr_repeats': None, 'compare_with_010101': False, 'init_QAOAparams_close_to_zero': False, 'use_correlations_as_initial_params': False, 'time_limit': 10800, 'failed_instance_termination_thrsh': None, 'graph_generation_type': 'hog', 'weighted': False, 'easiest_first': True, 'cpu_util_threshold': None, 'debug': False, 'save_circuit_svg': False, 'rerun_exclude_finished_instances': False, 'warm_start_cache_producer_only': False, 'qaoa_only_from_existing_warm_start_cache': True, 'optimiser_debug_iterations': None, 'num_repeats': 10, 'relative_graph_adjList_path': 'HOG_graphs/triangleFree_connected_4to8vertices_176instances_AdjacencyList.txt', 'persistent_warm_start_cache': True, 'warm_start_cache_dir': 'Results/warm_start_cache/replacement', 'warm_start_cache_max_file_mb': 512, 'warm_start_cache_max_total_gb': 60, 'sdp_max_parallel': 0, 'qaoa_max_parallel': 30, 'sdp_threads': 1, 'qaoa_threads': 1, 'sdp_memory_limit_total_gb': 40, 'sdp_memory_limit_single_gb': 40, 'sdp_memory_poll_seconds': 5, 'sdp_max_retries': 3, 'queue_poll_interval_seconds': 5}, Running QAOA with equal superposition
Benchmark run ID: c2dfeba1
Benchmark repeat index: 6
SDP seed override: 5000042
Processor: x86_64
Hostname: dacsgpu0003
Total RAM (GB): None
Physical cores: 64
Logical cores: 64
Python version: 3.11.15
Initialisation time: 0.01 seconds; started at stardate {'initialisation': 0.005888938903808594} and finished at stardate1782309822.1391437
Loaded HOG graph index 48 with 4 edges.
Instance generation for n=48 took 0.00 seconds; started at stardate 1782309822.1391513 and finished at stardate 1782309822.1423557
Running QAOA for n=4 nodes, m=4 edges...; Max iterations: 50
Warm-start cache: loading Results/warm_start_cache/replacement/triangleFree_connected_4to8vertices_176instances_AdjacencyList__filehash_279b7452/hog_idx000048_cfa056765592_seed5000042_L2_M1_standard.npz
Warm-start cache: loaded in 0.0017 seconds; effective compute time=0.04243350028991699
Edges: [(1, 3), (0, 1), (0, 2), (2, 3)], weights: [1.0, 1.0, 1.0, 1.0], set of nodes: {0, 1, 2, 3}, n: 4 nodes, p: 3 layers, N_bayes: 50 iterations
Solving for uuid: 2817f5a8
Initial state injected as warm start
Running ADAM optimization with a single iteration (no debug loop)
5.317671733121109
QAOA optimisation for n=48 took 168.78 seconds; started at stardate 1782309822.1423602 and finished at stardate 1782309990.926062
Finished QAOA for n=4 nodes, m=4 edges at 2026-06-24 16:06:30 on x86_64. Time taken: 168.78 seconds. Hours: 0.05 hours. Peak RAM: 0.22 MB.
Computing cycle approximation ratio
CSV writing for n=48 took 0.01 seconds; started at stardate 1782309990.926071 and finished at stardate 1782309990.932044
results: {48: 5.317671733121109}
durations: {4: 168.78370666503906}
Results saved to: Results/logs/adam/qaoa_results_adam_20260624_112726_pid2025774.csv
Global end time: 1782309990.932059
Finalisation time: 0.00 seconds; started at stardate 1782309990.93205 and finished at stardate 1782309990.9320629
Sum of all section times: 168.80 seconds
run_id: c2dfeba1
