Starting QAOA benchmark with global start time: 1782366660.354461
Benchmark parameters: {'optimiser': 'adam', 'optimiser_use_heuristic': True, 'heuristic_optimiser_iterations': 2, 'heuristic_optimiser_sampleSize': 1000, 'circuit_type': 'hamqaoa', 'parameter_vector': [1, 1, 1], 'iterations_list': [50], 'learning_rate_adam': 0.05, 'depth_list': [1, 3, 5], 'n_start': None, 'n_end': None, 'singlet_injection': False, 'start_index_singlet': None, 'warm_start': True, 'warm_start_mode': 'standard', 'lasserre_level': 2, 'initial_solver_level_M': 1, 'sdp_seed': 4000042, 'warm_start_corr_strength': None, 'warm_start_corr_repeats': None, 'compare_with_010101': False, 'init_QAOAparams_close_to_zero': False, 'use_correlations_as_initial_params': False, 'time_limit': 10800, 'failed_instance_termination_thrsh': None, 'graph_generation_type': 'hog', 'weighted': False, 'easiest_first': True, 'cpu_util_threshold': None, 'debug': False, 'save_circuit_svg': False, 'rerun_exclude_finished_instances': False, 'warm_start_cache_producer_only': False, 'qaoa_only_from_existing_warm_start_cache': True, 'optimiser_debug_iterations': None, 'num_repeats': 10, 'relative_graph_adjList_path': 'HOG_graphs/triangleFree_connected_4to8vertices_176instances_AdjacencyList.txt', 'persistent_warm_start_cache': True, 'warm_start_cache_dir': 'Results/warm_start_cache/replacement', 'warm_start_cache_max_file_mb': 512, 'warm_start_cache_max_total_gb': 60, 'sdp_max_parallel': 0, 'qaoa_max_parallel': 30, 'sdp_threads': 1, 'qaoa_threads': 1, 'sdp_memory_limit_total_gb': 40, 'sdp_memory_limit_single_gb': 40, 'sdp_memory_poll_seconds': 5, 'sdp_max_retries': 3, 'queue_poll_interval_seconds': 5}, Running QAOA with equal superposition
Benchmark run ID: e7ea47fd
Benchmark repeat index: 5
SDP seed override: 4000042
Processor: x86_64
Hostname: dacsgpu0003
Total RAM (GB): None
Physical cores: 64
Logical cores: 64
Python version: 3.11.15
Initialisation time: 0.01 seconds; started at stardate {'initialisation': 0.005841255187988281} and finished at stardate1782366660.3603098
Loaded HOG graph index 174 with 8 edges.
Instance generation for n=174 took 0.00 seconds; started at stardate 1782366660.3603153 and finished at stardate 1782366660.3630667
Running QAOA for n=8 nodes, m=8 edges...; Max iterations: 50
Warm-start cache: loading Results/warm_start_cache/replacement/triangleFree_connected_4to8vertices_176instances_AdjacencyList__filehash_279b7452/hog_idx000174_9aca1c727e5b_seed4000042_L2_M1_standard.npz
Warm-start cache: loaded in 0.0021 seconds; effective compute time=0.08693218231201172
Edges: [(2, 7), (1, 6), (4, 7), (5, 7), (5, 6), (3, 4), (0, 5), (3, 6)], weights: [1.0, 1.0, 1.0, 1.0, 1.0, 1.0, 1.0, 1.0], set of nodes: {0, 1, 2, 3, 4, 5, 6, 7}, n: 8 nodes, p: 3 layers, N_bayes: 50 iterations
Solving for uuid: b920de7f
Initial state injected as warm start
Running ADAM optimization with a single iteration (no debug loop)
8.064982070741236
QAOA optimisation for n=174 took 407.12 seconds; started at stardate 1782366660.3630714 and finished at stardate 1782367067.4800477
Finished QAOA for n=8 nodes, m=8 edges at 2026-06-25 07:57:47 on x86_64. Time taken: 407.12 seconds. Hours: 0.11 hours. Peak RAM: 0.27 MB.
Unknown graph type for approximation ratio calculation; checking misc CSV.
Checking optimal_results_misc.csv for matching edges and weights...
Found matching exact result in misc CSV: 5.420063930445814
CSV writing for n=174 took 0.01 seconds; started at stardate 1782367067.480056 and finished at stardate 1782367067.4882843
results: {174: 8.064982070741236}
durations: {8: 407.11698150634766}
Results saved to: Results/logs/adam/qaoa_results_adam_20260624_112726_pid2025774.csv
Global end time: 1782367067.4882975
Finalisation time: 0.00 seconds; started at stardate 1782367067.4882889 and finished at stardate 1782367067.4883013
Sum of all section times: 407.13 seconds
run_id: e7ea47fd
