Starting QAOA benchmark with global start time: 1782353684.1606562
Benchmark parameters: {'optimiser': 'adam', 'optimiser_use_heuristic': True, 'heuristic_optimiser_iterations': 2, 'heuristic_optimiser_sampleSize': 1000, 'circuit_type': 'hamqaoa', 'parameter_vector': [1, 1, 1], 'iterations_list': [50], 'learning_rate_adam': 0.05, 'depth_list': [1, 3, 5], 'n_start': None, 'n_end': None, 'singlet_injection': False, 'start_index_singlet': None, 'warm_start': True, 'warm_start_mode': 'standard', 'lasserre_level': 2, 'initial_solver_level_M': 1, 'sdp_seed': 2000042, 'warm_start_corr_strength': None, 'warm_start_corr_repeats': None, 'compare_with_010101': False, 'init_QAOAparams_close_to_zero': False, 'use_correlations_as_initial_params': False, 'time_limit': 10800, 'failed_instance_termination_thrsh': None, 'graph_generation_type': 'hog', 'weighted': False, 'easiest_first': True, 'cpu_util_threshold': None, 'debug': False, 'save_circuit_svg': False, 'rerun_exclude_finished_instances': False, 'warm_start_cache_producer_only': False, 'qaoa_only_from_existing_warm_start_cache': True, 'optimiser_debug_iterations': None, 'num_repeats': 10, 'relative_graph_adjList_path': 'HOG_graphs/triangleFree_connected_4to8vertices_176instances_AdjacencyList.txt', 'persistent_warm_start_cache': True, 'warm_start_cache_dir': 'Results/warm_start_cache/replacement', 'warm_start_cache_max_file_mb': 512, 'warm_start_cache_max_total_gb': 60, 'sdp_max_parallel': 0, 'qaoa_max_parallel': 30, 'sdp_threads': 1, 'qaoa_threads': 1, 'sdp_memory_limit_total_gb': 40, 'sdp_memory_limit_single_gb': 40, 'sdp_memory_poll_seconds': 5, 'sdp_max_retries': 3, 'queue_poll_interval_seconds': 5}, Running QAOA with equal superposition
Benchmark run ID: 07196f76
Benchmark repeat index: 3
SDP seed override: 2000042
Processor: x86_64
Hostname: dacsgpu0003
Total RAM (GB): None
Physical cores: 64
Logical cores: 64
Python version: 3.11.15
Initialisation time: 0.00 seconds; started at stardate {'initialisation': 0.003484964370727539} and finished at stardate1782353684.1641502
Loaded HOG graph index 147 with 7 edges.
Instance generation for n=147 took 0.00 seconds; started at stardate 1782353684.1641555 and finished at stardate 1782353684.1660066
Running QAOA for n=7 nodes, m=7 edges...; Max iterations: 50
Warm-start cache: loading Results/warm_start_cache/replacement/triangleFree_connected_4to8vertices_176instances_AdjacencyList__filehash_279b7452/hog_idx000147_c7073716733b_seed2000042_L2_M1_standard.npz
Warm-start cache: loaded in 0.0017 seconds; effective compute time=0.07297611236572266
Edges: [(3, 5), (4, 6), (5, 6), (3, 4), (0, 6), (2, 5), (1, 4)], weights: [1.0, 1.0, 1.0, 1.0, 1.0, 1.0, 1.0], set of nodes: {0, 1, 2, 3, 4, 5, 6}, n: 7 nodes, p: 5 layers, N_bayes: 50 iterations
Solving for uuid: 75f036fa
Initial state injected as warm start
Running ADAM optimization with a single iteration (no debug loop)
8.419828317840665
QAOA optimisation for n=147 took 591.92 seconds; started at stardate 1782353684.1660097 and finished at stardate 1782354276.0859988
Finished QAOA for n=7 nodes, m=7 edges at 2026-06-25 04:24:36 on x86_64. Time taken: 591.92 seconds. Hours: 0.16 hours. Peak RAM: 0.28 MB.
Unknown graph type for approximation ratio calculation; checking misc CSV.
Checking optimal_results_misc.csv for matching edges and weights...
Found matching exact result in misc CSV: 4.69322313729669
CSV writing for n=147 took 0.01 seconds; started at stardate 1782354276.0860054 and finished at stardate 1782354276.0924814
results: {147: 8.419828317840665}
durations: {7: 591.9199934005737}
Results saved to: Results/logs/adam/qaoa_results_adam_20260624_112726_pid2025774.csv
Global end time: 1782354276.092493
Finalisation time: 0.00 seconds; started at stardate 1782354276.0924852 and finished at stardate 1782354276.0924969
Sum of all section times: 591.93 seconds
run_id: 07196f76
