Starting QAOA benchmark with global start time: 1782361216.709784
Benchmark parameters: {'optimiser': 'adam', 'optimiser_use_heuristic': True, 'heuristic_optimiser_iterations': 2, 'heuristic_optimiser_sampleSize': 1000, 'circuit_type': 'hamqaoa', 'parameter_vector': [1, 1, 1], 'iterations_list': [50], 'learning_rate_adam': 0.05, 'depth_list': [1, 3, 5], 'n_start': None, 'n_end': None, 'singlet_injection': False, 'start_index_singlet': None, 'warm_start': True, 'warm_start_mode': 'standard', 'lasserre_level': 2, 'initial_solver_level_M': 1, 'sdp_seed': 1000042, 'warm_start_corr_strength': None, 'warm_start_corr_repeats': None, 'compare_with_010101': False, 'init_QAOAparams_close_to_zero': False, 'use_correlations_as_initial_params': False, 'time_limit': 10800, 'failed_instance_termination_thrsh': None, 'graph_generation_type': 'hog', 'weighted': False, 'easiest_first': True, 'cpu_util_threshold': None, 'debug': False, 'save_circuit_svg': False, 'rerun_exclude_finished_instances': False, 'warm_start_cache_producer_only': False, 'qaoa_only_from_existing_warm_start_cache': True, 'optimiser_debug_iterations': None, 'num_repeats': 10, 'relative_graph_adjList_path': 'HOG_graphs/triangleFree_connected_4to8vertices_176instances_AdjacencyList.txt', 'persistent_warm_start_cache': True, 'warm_start_cache_dir': 'Results/warm_start_cache/replacement', 'warm_start_cache_max_file_mb': 512, 'warm_start_cache_max_total_gb': 60, 'sdp_max_parallel': 0, 'qaoa_max_parallel': 30, 'sdp_threads': 1, 'qaoa_threads': 1, 'sdp_memory_limit_total_gb': 40, 'sdp_memory_limit_single_gb': 40, 'sdp_memory_poll_seconds': 5, 'sdp_max_retries': 3, 'queue_poll_interval_seconds': 5}, Running QAOA with equal superposition
Benchmark run ID: 6268b297
Benchmark repeat index: 2
SDP seed override: 1000042
Processor: x86_64
Hostname: dacsgpu0003
Total RAM (GB): None
Physical cores: 64
Logical cores: 64
Python version: 3.11.15
Initialisation time: 0.02 seconds; started at stardate {'initialisation': 0.019613265991210938} and finished at stardate1782361216.729409
Loaded HOG graph index 163 with 8 edges.
Instance generation for n=163 took 0.00 seconds; started at stardate 1782361216.7294161 and finished at stardate 1782361216.7325177
Running QAOA for n=8 nodes, m=8 edges...; Max iterations: 50
Warm-start cache: loading Results/warm_start_cache/replacement/triangleFree_connected_4to8vertices_176instances_AdjacencyList__filehash_279b7452/hog_idx000163_737e97254d45_seed1000042_L2_M1_standard.npz
Warm-start cache: loaded in 0.0024 seconds; effective compute time=0.09182906150817871
Edges: [(2, 7), (0, 4), (2, 6), (5, 7), (4, 6), (1, 5), (3, 7), (3, 6)], weights: [1.0, 1.0, 1.0, 1.0, 1.0, 1.0, 1.0, 1.0], set of nodes: {0, 1, 2, 3, 4, 5, 6, 7}, n: 8 nodes, p: 3 layers, N_bayes: 50 iterations
Solving for uuid: e0c8744d
Initial state injected as warm start
Running ADAM optimization with a single iteration (no debug loop)
10.226898630414272
QAOA optimisation for n=163 took 409.32 seconds; started at stardate 1782361216.732522 and finished at stardate 1782361626.0475898
Finished QAOA for n=8 nodes, m=8 edges at 2026-06-25 06:27:06 on x86_64. Time taken: 409.32 seconds. Hours: 0.11 hours. Peak RAM: 0.27 MB.
Unknown graph type for approximation ratio calculation; checking misc CSV.
Checking optimal_results_misc.csv for matching edges and weights...
Found matching exact result in misc CSV: 5.702095289579358
CSV writing for n=163 took 0.02 seconds; started at stardate 1782361626.0475993 and finished at stardate 1782361626.0692663
results: {163: 10.226898630414272}
durations: {8: 409.31507325172424}
Results saved to: Results/logs/adam/qaoa_results_adam_20260624_112726_pid2025774.csv
Global end time: 1782361626.069283
Finalisation time: 0.00 seconds; started at stardate 1782361626.0692723 and finished at stardate 1782361626.069286
Sum of all section times: 409.36 seconds
run_id: 6268b297
