Starting QAOA benchmark with global start time: 1782911558.674884
Benchmark parameters: {'optimiser': 'adam', 'optimiser_use_heuristic': True, 'heuristic_optimiser_iterations': 2, 'heuristic_optimiser_sampleSize': 1000, 'circuit_type': 'hamqaoa', 'parameter_vector': [1, 1, 1], 'iterations_list': [50], 'learning_rate_adam': 0.05, 'depth_list': [1, 3, 5], 'n_start': None, 'n_end': None, 'singlet_injection': False, 'start_index_singlet': None, 'warm_start': True, 'warm_start_mode': 'standard', 'lasserre_level': 2, 'initial_solver_level_M': 2, 'sdp_seed': None, 'sdp_solver_mode': 'scs', 'sdp_scs_eps': 1e-06, 'sdp_scs_max_iters': 100000, 'warm_start_corr_strength': None, 'warm_start_corr_repeats': None, 'compare_with_010101': False, 'init_QAOAparams_close_to_zero': False, 'use_correlations_as_initial_params': False, 'time_limit': None, 'failed_instance_termination_thrsh': None, 'graph_generation_type': 'hog', 'weighted': False, 'easiest_first': True, 'cpu_util_threshold': None, 'debug': False, 'save_circuit_svg': False, 'rerun_exclude_finished_instances': True, 'warm_start_cache_producer_only': True, 'qaoa_only_from_existing_warm_start_cache': False, 'optimiser_debug_iterations': None, 'num_repeats': 1, 'relative_graph_adjList_path': 'HOG_graphs/stress_test_sdp_under_1.000.txt', 'persistent_warm_start_cache': True, 'warm_start_cache_dir': 'Results/warm_start_cache/fast_test_scs_verificationSuspicious', 'warm_start_cache_max_file_mb': 512, 'warm_start_cache_max_total_gb': 60, 'sdp_max_parallel': 16, 'qaoa_max_parallel': 0, 'sdp_threads': 1, 'qaoa_threads': 1, 'sdp_memory_limit_total_gb': 250, 'sdp_memory_limit_single_gb': 250, 'sdp_memory_poll_seconds': 5, 'sdp_max_retries': 3, 'queue_poll_interval_seconds': 5}, Running QAOA with equal superposition
Benchmark run ID: 955ddd14
Benchmark repeat index: 1
SDP seed override: None
Processor: x86_64
Hostname: dacsgpu0002
Total RAM (GB): None
Physical cores: 64
Logical cores: 64
Python version: 3.11.15
Initialisation time: 0.00 seconds; started at stardate {'initialisation': 0.0027213096618652344} and finished at stardate1782911558.6776137
Loaded HOG graph index 11 with 16 edges.
Instance generation for n=11 took 0.00 seconds; started at stardate 1782911558.6776192 and finished at stardate 1782911558.6783712
Running QAOA for n=8 nodes, m=16 edges...; Max iterations: 50
Warm-start: starting SDP solve for n_vertices=8
Warm-start: no sdp_seed in config, generated fallback seed 6756723995995663643
Using SCS solver for SDP with eps=1e-06, max_iters=100000.
SDP solver status: optimal
SDP solver name: SCS
SDP solver iterations: 125
SDP solve time: 1.7634893360000001
SDP extra stats: {'x': array([ 1.00000000e+00, -7.07870821e-16, -2.50504528e-16, ...,
        1.00000000e+00,  2.46050803e-18,  1.00000000e+00], shape=(38503,)), 'y': array([ 4.52049750e-02,  2.10629221e-02,  2.10629221e-02, ...,
        5.74387173e-02, -7.97559880e-17,  1.00402284e-01], shape=(108050,)), 's': array([ 0.00000000e+00,  0.00000000e+00,  0.00000000e+00, ...,
        9.99999204e-01, -1.75153793e-15,  9.99999151e-01], shape=(108050,)), 'info': {'status_val': 1, 'iter': 125, 'scale_updates': 0, 'scale': 0.1, 'pobj': -11.999984437648179, 'dobj': -11.999986511686815, 'res_pri': 1.0861760249871391e-06, 'res_dual': 2.3968832985649357e-08, 'gap': 2.07403863683453e-06, 'res_infeas': nan, 'res_unbdd_a': 0.08333344141221848, 'res_unbdd_p': 0.0, 'comp_slack': 1.0508423266230797e-12, 'solve_time': 1763.489336, 'setup_time': 51.545979, 'lin_sys_time': 190.2422899999999, 'cone_time': 1501.1255760000008, 'accel_time': 12.872831999999995, 'rejected_accel_steps': 1, 'accepted_accel_steps': 0, 'status': 'solved'}}
Rounding...
Setting seed to 6756723995995663643
n_vertices: 8 for n = 24
Using seed 6756723995995663643 to generate random matrix for x.
Energy of rounded cut/product state: 14.073925095346423
Algorithm 17 lower-bound energy: 11.66720093244932
Algorithm 17 actual entangled-state energy: 14.946665360582207
SDP objective value: 19.999984437648177
8 in cut out of a total of 16 edges
Warm-start: SDP solve + rounding finished in 881.20 seconds
Warm-start: using level-2 Algorithm 17 entangled statevector with shape (256,)
Warm-start cache: saved Results/warm_start_cache/fast_test_scs_verificationSuspicious/stress_test_sdp_under_1.000__filehash_bfbd8d6e/hog_idx000011_1af178174abe_noseed_L2_M2_standard.npz in 0.0062 seconds
WARM_START_CACHE_PRODUCER_ONLY is set; warm-start cache has been produced/loaded. Exiting before QAOA optimisation.
