Starting QAOA benchmark with global start time: 1782911559.594272
Benchmark parameters: {'optimiser': 'adam', 'optimiser_use_heuristic': True, 'heuristic_optimiser_iterations': 2, 'heuristic_optimiser_sampleSize': 1000, 'circuit_type': 'hamqaoa', 'parameter_vector': [1, 1, 1], 'iterations_list': [50], 'learning_rate_adam': 0.05, 'depth_list': [1, 3, 5], 'n_start': None, 'n_end': None, 'singlet_injection': False, 'start_index_singlet': None, 'warm_start': True, 'warm_start_mode': 'standard', 'lasserre_level': 2, 'initial_solver_level_M': 2, 'sdp_seed': None, 'sdp_solver_mode': 'scs', 'sdp_scs_eps': 1e-06, 'sdp_scs_max_iters': 100000, 'warm_start_corr_strength': None, 'warm_start_corr_repeats': None, 'compare_with_010101': False, 'init_QAOAparams_close_to_zero': False, 'use_correlations_as_initial_params': False, 'time_limit': None, 'failed_instance_termination_thrsh': None, 'graph_generation_type': 'hog', 'weighted': False, 'easiest_first': True, 'cpu_util_threshold': None, 'debug': False, 'save_circuit_svg': False, 'rerun_exclude_finished_instances': True, 'warm_start_cache_producer_only': True, 'qaoa_only_from_existing_warm_start_cache': False, 'optimiser_debug_iterations': None, 'num_repeats': 1, 'relative_graph_adjList_path': 'HOG_graphs/stress_test_sdp_under_1.000.txt', 'persistent_warm_start_cache': True, 'warm_start_cache_dir': 'Results/warm_start_cache/fast_test_scs_verificationSuspicious', 'warm_start_cache_max_file_mb': 512, 'warm_start_cache_max_total_gb': 60, 'sdp_max_parallel': 16, 'qaoa_max_parallel': 0, 'sdp_threads': 1, 'qaoa_threads': 1, 'sdp_memory_limit_total_gb': 250, 'sdp_memory_limit_single_gb': 250, 'sdp_memory_poll_seconds': 5, 'sdp_max_retries': 3, 'queue_poll_interval_seconds': 5}, Running QAOA with equal superposition
Benchmark run ID: 58b23435
Benchmark repeat index: 1
SDP seed override: None
Processor: x86_64
Hostname: dacsgpu0002
Total RAM (GB): None
Physical cores: 64
Logical cores: 64
Python version: 3.11.15
Initialisation time: 0.00 seconds; started at stardate {'initialisation': 0.003732919692993164} and finished at stardate1782911559.5980163
Loaded HOG graph index 12 with 25 edges.
Instance generation for n=12 took 0.00 seconds; started at stardate 1782911559.598024 and finished at stardate 1782911559.598889
Running QAOA for n=10 nodes, m=25 edges...; Max iterations: 50
Warm-start: starting SDP solve for n_vertices=10
Warm-start: no sdp_seed in config, generated fallback seed 603940149050360339
Using SCS solver for SDP with eps=1e-06, max_iters=100000.
SDP solver status: optimal
SDP solver name: SCS
SDP solver iterations: 150
SDP solve time: 6.802226416
SDP extra stats: {'x': array([ 1.00000000e+00, -8.72763642e-16, -9.27114969e-18, ...,
        1.00000000e+00, -2.34524651e-18,  1.00000000e+00], shape=(95266,)), 'y': array([4.20545694e-02, 1.85289541e-02, 1.85289541e-02, ...,
       4.59828853e-02, 1.20652726e-16, 1.09414174e-01], shape=(265112,)), 's': array([0.00000000e+00, 0.00000000e+00, 0.00000000e+00, ...,
       1.00000004e+00, 1.84644146e-15, 1.00000006e+00], shape=(265112,)), 'info': {'status_val': 1, 'iter': 150, 'scale_updates': 0, 'scale': 0.1, 'pobj': -17.500000934315718, 'dobj': -17.49999946098865, 'res_pri': 8.255953221574815e-08, 'res_dual': 1.0090598160547025e-08, 'gap': 1.4733270674582855e-06, 'res_infeas': nan, 'res_unbdd_a': 0.05714285409361354, 'res_unbdd_p': 0.0, 'comp_slack': 1.653255310429813e-11, 'solve_time': 6802.2264159999995, 'setup_time': 152.474335, 'lin_sys_time': 593.9106939999999, 'cone_time': 5934.884526999999, 'accel_time': 75.74702799999999, 'rejected_accel_steps': 1, 'accepted_accel_steps': 3, 'status': 'solved'}}
Rounding...
Setting seed to 603940149050360339
n_vertices: 10 for n = 30
Using seed 603940149050360339 to generate random matrix for x.
Energy of rounded cut/product state: 16.533744879000462
Algorithm 17 lower-bound energy: 17.529767284759753
Algorithm 17 actual entangled-state energy: 17.273994102807062
SDP objective value: 30.000000934315718
15 in cut out of a total of 25 edges
Warm-start: SDP solve + rounding finished in 5119.76 seconds
Warm-start: using level-2 Algorithm 17 entangled statevector with shape (1024,)
Warm-start cache: saved Results/warm_start_cache/fast_test_scs_verificationSuspicious/stress_test_sdp_under_1.000__filehash_bfbd8d6e/hog_idx000012_2e5f09e96bc0_noseed_L2_M2_standard.npz in 0.0080 seconds
WARM_START_CACHE_PRODUCER_ONLY is set; warm-start cache has been produced/loaded. Exiting before QAOA optimisation.
