Starting QAOA benchmark with global start time: 1787831893.6677258
Benchmark parameters: {'optimiser': 'adam', 'optimiser_use_heuristic': None, 'heuristic_optimiser_iterations': None, 'heuristic_optimiser_sampleSize': None, 'circuit_type': 'hamqaoa', 'parameter_vector': [1, 1, 1], 'iterations_list': [75], 'learning_rate_adam': None, 'depth_list': [1], 'n_start': None, 'n_end': None, 'singlet_injection': False, 'start_index_singlet': None, 'warm_start': True, 'warm_start_mode': 'amplified', 'lasserre_level': 2, 'initial_solver_level_M': 2, 'sdp_seed': 42, 'sdp_solver_mode': 'scs', 'sdp_scs_eps': 1e-06, 'sdp_scs_max_iters': 100000, 'warm_start_corr_strength': None, 'warm_start_corr_repeats': None, 'compare_with_010101': False, 'init_QAOAparams_close_to_zero': False, 'use_correlations_as_initial_params': False, 'time_limit': None, 'failed_instance_termination_thrsh': None, 'graph_generation_type': 'hog', 'weighted': False, 'easiest_first': False, 'cpu_util_threshold': None, 'debug': False, 'save_circuit_svg': False, 'rerun_exclude_finished_instances': True, 'warm_start_cache_producer_only': True, 'qaoa_only_from_existing_warm_start_cache': False, 'optimiser_debug_iterations': None, 'num_repeats': 1, 'relative_graph_adjList_path': 'HOG_graphs/Exp5/list_193_graphs_adjacency_listhog_v04-12_planar_clawFree.txt', 'persistent_warm_start_cache': True, 'warm_start_cache_dir': 'Results/warm_start_cache', 'warm_start_cache_max_file_mb': 512, 'warm_start_cache_max_total_gb': 60, 'sdp_max_parallel': 32, 'qaoa_max_parallel': 0, 'sdp_threads': 1, 'qaoa_threads': 1, 'sdp_memory_limit_total_gb': 250, 'sdp_memory_limit_single_gb': 100, 'sdp_memory_poll_seconds': 5, 'sdp_max_retries': 3, 'queue_poll_interval_seconds': 5, 'max_graph_vertices': 10, 'completed_result_csv_paths': [], 'qaoa_seed': 42, 'initialise_standard_warm_start_with_zero_angles': False, 'result_name_suffix': '_Exp7_AmplifiedWithHeuristic_rerun2408'}, Running QAOA with equal superposition
Benchmark run ID: a61073cc
Benchmark repeat index: 1
Configured SDP rounding seed: 42
QAOA seed used: 42
Processor: x86_64
Hostname: dacsgpu0002
Total RAM (GB): None
Physical cores: 64
Logical cores: 64
Python version: 3.11.15
Initialisation time: 0.00 seconds; started at stardate {'initialisation': 0.003282308578491211} and finished at stardate1787831893.67102
Loaded HOG graph index 54 with 8 edges.
Instance generation for n=54 took 0.00 seconds; started at stardate 1787831893.6710274 and finished at stardate 1787831893.673963
Running QAOA for n=5 nodes, m=8 edges...; Max iterations: 75
Warm-start: starting SDP solve for n_vertices=5
Warm-start: using configured sdp_seed=42
Using SCS solver for SDP with eps=1e-06, max_iters=100000.
SDP solver status: optimal
SDP solver name: SCS
SDP solver iterations: 550
SDP solve time: 0.919665422
SDP extra stats: {'x': array([ 1.00000000e+00,  2.26835359e-14, -3.37015274e-14, ...,
        1.00000000e+00, -7.43825146e-17,  1.00000000e+00], shape=(5671,)), 'y': array([4.71562715e-02, 1.95328349e-02, 1.95328349e-02, ...,
       1.37338260e-03, 1.69469732e-14, 5.90609492e-02], shape=(16232,)), 's': array([ 0.00000000e+00,  0.00000000e+00,  0.00000000e+00, ...,
        9.99999987e-01, -4.04323926e-14,  1.00000008e+00], shape=(16232,)), 'info': {'status_val': 1, 'iter': 550, 'scale_updates': 2, 'scale': 2.008573272013832, 'pobj': -4.001649469945374, 'dobj': -4.001648662664576, 'res_pri': 1.0124747033321266e-06, 'res_dual': 2.5201911884919747e-07, 'gap': 8.072807977654861e-07, 'res_infeas': nan, 'res_unbdd_a': 0.2498969506315405, 'res_unbdd_p': 0.0, 'comp_slack': 3.675504345324043e-12, 'solve_time': 919.665422, 'setup_time': 9.669595, 'lin_sys_time': 123.13446199999996, 'cone_time': 759.1402710000008, 'accel_time': 9.061555000000016, 'rejected_accel_steps': 2, 'accepted_accel_steps': 2, 'status': 'solved'}}
Rounding...
Setting seed to 42
n_vertices: 5 for n = 15
Using seed 42 to generate random matrix for x.
Energy of rounded cut/product state: 5.243192787709805
Algorithm 17 analytical F-bound is not applicable because the graph is not triangle-free.
Algorithm 17 actual entangled-state energy: 5.5808485604121865
SDP objective value: 8.001649469945374
4 in cut out of a total of 8 edges
Warm-start: SDP solve + rounding finished in 23.94 seconds
Warm-start: using level-2 Algorithm 17 entangled statevector with shape (32,)
Warm-start cache: moment matrix before save shape=(106, 106), dtype=float64, entries=11236, bytes=89888 (0.09 MiB)
Warm-start cache: saved Results/warm_start_cache/list_193_graphs_adjacency_listhog_v04-12_planar_clawFree__filehash_62ae5075/hog_idx000054_2d37269281ca_seed42_L2_M2_amplified.npz in 0.0051 seconds
WARM_START_CACHE_PRODUCER_ONLY is set; warm-start cache has been produced/loaded. Exiting before QAOA optimisation.
