Starting QAOA benchmark with global start time: 1787831890.4393976
Benchmark parameters: {'optimiser': 'adam', 'optimiser_use_heuristic': None, 'heuristic_optimiser_iterations': None, 'heuristic_optimiser_sampleSize': None, 'circuit_type': 'hamqaoa', 'parameter_vector': [1, 1, 1], 'iterations_list': [75], 'learning_rate_adam': None, 'depth_list': [1], 'n_start': None, 'n_end': None, 'singlet_injection': False, 'start_index_singlet': None, 'warm_start': True, 'warm_start_mode': 'amplified', 'lasserre_level': 2, 'initial_solver_level_M': 2, 'sdp_seed': 42, 'sdp_solver_mode': 'scs', 'sdp_scs_eps': 1e-06, 'sdp_scs_max_iters': 100000, 'warm_start_corr_strength': None, 'warm_start_corr_repeats': None, 'compare_with_010101': False, 'init_QAOAparams_close_to_zero': False, 'use_correlations_as_initial_params': False, 'time_limit': None, 'failed_instance_termination_thrsh': None, 'graph_generation_type': 'hog', 'weighted': False, 'easiest_first': False, 'cpu_util_threshold': None, 'debug': False, 'save_circuit_svg': False, 'rerun_exclude_finished_instances': True, 'warm_start_cache_producer_only': True, 'qaoa_only_from_existing_warm_start_cache': False, 'optimiser_debug_iterations': None, 'num_repeats': 1, 'relative_graph_adjList_path': 'HOG_graphs/Exp5/list_193_graphs_adjacency_listhog_v04-12_planar_clawFree.txt', 'persistent_warm_start_cache': True, 'warm_start_cache_dir': 'Results/warm_start_cache', 'warm_start_cache_max_file_mb': 512, 'warm_start_cache_max_total_gb': 60, 'sdp_max_parallel': 32, 'qaoa_max_parallel': 0, 'sdp_threads': 1, 'qaoa_threads': 1, 'sdp_memory_limit_total_gb': 250, 'sdp_memory_limit_single_gb': 100, 'sdp_memory_poll_seconds': 5, 'sdp_max_retries': 3, 'queue_poll_interval_seconds': 5, 'max_graph_vertices': 10, 'completed_result_csv_paths': [], 'qaoa_seed': 42, 'initialise_standard_warm_start_with_zero_angles': False, 'result_name_suffix': '_Exp7_AmplifiedWithHeuristic_rerun2408'}, Running QAOA with equal superposition
Benchmark run ID: 4ed7e191
Benchmark repeat index: 1
Configured SDP rounding seed: 42
QAOA seed used: 42
Processor: x86_64
Hostname: dacsgpu0002
Total RAM (GB): None
Physical cores: 64
Logical cores: 64
Python version: 3.11.15
Initialisation time: 0.00 seconds; started at stardate {'initialisation': 0.0026907920837402344} and finished at stardate1787831890.442095
Loaded HOG graph index 102 with 19 edges.
Instance generation for n=102 took 0.00 seconds; started at stardate 1787831890.4420998 and finished at stardate 1787831890.4458635
Running QAOA for n=10 nodes, m=19 edges...; Max iterations: 75
Warm-start: starting SDP solve for n_vertices=10
Warm-start: using configured sdp_seed=42
Using SCS solver for SDP with eps=1e-06, max_iters=100000.
SDP solver status: optimal
SDP solver name: SCS
SDP solver iterations: 1425
SDP solve time: 77.255254153
SDP extra stats: {'x': array([ 1.00000000e+00,  3.24579120e-12,  2.39275911e-13, ...,
        1.00000000e+00, -1.44770799e-18,  1.00000000e+00], shape=(95266,)), 'y': array([2.30281307e-02, 9.53864535e-03, 9.53864536e-03, ...,
       2.33795992e-03, 1.73887701e-14, 3.40708217e-02], shape=(265112,)), 's': array([ 0.00000000e+00,  0.00000000e+00,  0.00000000e+00, ...,
        1.00000000e+00, -2.54775618e-16,  1.00000003e+00], shape=(265112,)), 'info': {'status_val': 1, 'iter': 1425, 'scale_updates': 2, 'scale': 1.938084796224022, 'pobj': -8.881467817250657, 'dobj': -8.881466815619548, 'res_pri': 1.835808976786359e-06, 'res_dual': 5.462258988812261e-07, 'gap': 1.0016311087213126e-06, 'res_infeas': nan, 'res_unbdd_a': 0.11259400141903289, 'res_unbdd_p': 0.0, 'comp_slack': 2.2586377212974185e-11, 'solve_time': 77255.254153, 'setup_time': 146.782799, 'lin_sys_time': 5323.438278000008, 'cone_time': 69938.73882900001, 'accel_time': 411.27034200000304, 'rejected_accel_steps': 11, 'accepted_accel_steps': 2, 'status': 'solved'}}
Rounding...
Setting seed to 42
n_vertices: 10 for n = 30
Using seed 42 to generate random matrix for x.
Energy of rounded cut/product state: 12.162322792875925
Algorithm 17 analytical F-bound is not applicable because the graph is not triangle-free.
Algorithm 17 actual entangled-state energy: 12.703336014565814
SDP objective value: 18.38146781725066
12 in cut out of a total of 19 edges
Warm-start: SDP solve + rounding finished in 5905.12 seconds
Warm-start: using level-2 Algorithm 17 entangled statevector with shape (1024,)
Warm-start cache: moment matrix before save shape=(436, 436), dtype=float64, entries=190096, bytes=1520768 (1.45 MiB)
Warm-start cache: saved Results/warm_start_cache/list_193_graphs_adjacency_listhog_v04-12_planar_clawFree__filehash_62ae5075/hog_idx000102_5ba4fd919160_seed42_L2_M2_amplified.npz in 0.0124 seconds
WARM_START_CACHE_PRODUCER_ONLY is set; warm-start cache has been produced/loaded. Exiting before QAOA optimisation.
