Starting QAOA benchmark with global start time: 1787831886.2760475
Benchmark parameters: {'optimiser': 'adam', 'optimiser_use_heuristic': None, 'heuristic_optimiser_iterations': None, 'heuristic_optimiser_sampleSize': None, 'circuit_type': 'hamqaoa', 'parameter_vector': [1, 1, 1], 'iterations_list': [75], 'learning_rate_adam': None, 'depth_list': [1], 'n_start': None, 'n_end': None, 'singlet_injection': False, 'start_index_singlet': None, 'warm_start': True, 'warm_start_mode': 'amplified', 'lasserre_level': 2, 'initial_solver_level_M': 2, 'sdp_seed': 42, 'sdp_solver_mode': 'scs', 'sdp_scs_eps': 1e-06, 'sdp_scs_max_iters': 100000, 'warm_start_corr_strength': None, 'warm_start_corr_repeats': None, 'compare_with_010101': False, 'init_QAOAparams_close_to_zero': False, 'use_correlations_as_initial_params': False, 'time_limit': None, 'failed_instance_termination_thrsh': None, 'graph_generation_type': 'hog', 'weighted': False, 'easiest_first': False, 'cpu_util_threshold': None, 'debug': False, 'save_circuit_svg': False, 'rerun_exclude_finished_instances': True, 'warm_start_cache_producer_only': True, 'qaoa_only_from_existing_warm_start_cache': False, 'optimiser_debug_iterations': None, 'num_repeats': 1, 'relative_graph_adjList_path': 'HOG_graphs/Exp5/list_193_graphs_adjacency_listhog_v04-12_planar_clawFree.txt', 'persistent_warm_start_cache': True, 'warm_start_cache_dir': 'Results/warm_start_cache', 'warm_start_cache_max_file_mb': 512, 'warm_start_cache_max_total_gb': 60, 'sdp_max_parallel': 32, 'qaoa_max_parallel': 0, 'sdp_threads': 1, 'qaoa_threads': 1, 'sdp_memory_limit_total_gb': 250, 'sdp_memory_limit_single_gb': 100, 'sdp_memory_poll_seconds': 5, 'sdp_max_retries': 3, 'queue_poll_interval_seconds': 5, 'max_graph_vertices': 10, 'completed_result_csv_paths': [], 'qaoa_seed': 42, 'initialise_standard_warm_start_with_zero_angles': False, 'result_name_suffix': '_Exp7_AmplifiedWithHeuristic_rerun2408'}, Running QAOA with equal superposition
Benchmark run ID: c5747090
Benchmark repeat index: 1
Configured SDP rounding seed: 42
QAOA seed used: 42
Processor: x86_64
Hostname: dacsgpu0002
Total RAM (GB): None
Physical cores: 64
Logical cores: 64
Python version: 3.11.15
Initialisation time: 0.00 seconds; started at stardate {'initialisation': 0.002592802047729492} and finished at stardate1787831886.278648
Loaded HOG graph index 160 with 11 edges.
Instance generation for n=160 took 0.00 seconds; started at stardate 1787831886.278653 and finished at stardate 1787831886.2823517
Running QAOA for n=10 nodes, m=11 edges...; Max iterations: 75
Warm-start: starting SDP solve for n_vertices=10
Warm-start: using configured sdp_seed=42
Using SCS solver for SDP with eps=1e-06, max_iters=100000.
SDP solver status: optimal
SDP solver name: SCS
SDP solver iterations: 5275
SDP solve time: 295.206726705
SDP extra stats: {'x': array([ 1.00000000e+00, -2.85756899e-13, -5.31161068e-14, ...,
        1.00000000e+00,  2.64970768e-18,  1.00000000e+00], shape=(95266,)), 'y': array([ 2.05900730e-02,  8.52867224e-03,  8.52867224e-03, ...,
        1.19567654e-02, -3.83514923e-14,  5.34147370e-02], shape=(265112,)), 's': array([ 0.00000000e+00,  0.00000000e+00,  0.00000000e+00, ...,
        9.99999991e-01, -6.81365524e-16,  1.00000005e+00], shape=(265112,)), 'info': {'status_val': 1, 'iter': 5275, 'scale_updates': 6, 'scale': 3.663956519530673, 'pobj': -8.755242846180856, 'dobj': -8.75524293881787, 'res_pri': 1.5089861708439066e-06, 'res_dual': 7.201124801946083e-07, 'gap': 9.263701450379358e-08, 'res_infeas': nan, 'res_unbdd_a': 0.11421727730358218, 'res_unbdd_p': 0.0, 'comp_slack': 7.147782365990452e-11, 'solve_time': 295206.726705, 'setup_time': 158.326707, 'lin_sys_time': 20613.32127000002, 'cone_time': 266759.24299900053, 'accel_time': 1591.9709559998819, 'rejected_accel_steps': 43, 'accepted_accel_steps': 3, 'status': 'solved'}}
Rounding...
Setting seed to 42
n_vertices: 10 for n = 30
Using seed 42 to generate random matrix for x.
Energy of rounded cut/product state: 8.12534929711756
Algorithm 17 analytical F-bound is not applicable because the graph is not triangle-free.
Algorithm 17 actual entangled-state energy: 8.77757684122632
SDP objective value: 14.255242846180858
8 in cut out of a total of 11 edges
Warm-start: SDP solve + rounding finished in 6003.33 seconds
Warm-start: using level-2 Algorithm 17 entangled statevector with shape (1024,)
Warm-start cache: moment matrix before save shape=(436, 436), dtype=float64, entries=190096, bytes=1520768 (1.45 MiB)
Warm-start cache: saved Results/warm_start_cache/list_193_graphs_adjacency_listhog_v04-12_planar_clawFree__filehash_62ae5075/hog_idx000160_47581192dbe1_seed42_L2_M2_amplified.npz in 0.0144 seconds
WARM_START_CACHE_PRODUCER_ONLY is set; warm-start cache has been produced/loaded. Exiting before QAOA optimisation.
