Starting QAOA benchmark with global start time: 1785518823.063392
Benchmark parameters: {'optimiser': 'adam', 'optimiser_use_heuristic': None, 'heuristic_optimiser_iterations': None, 'heuristic_optimiser_sampleSize': None, 'circuit_type': 'hamqaoa', 'parameter_vector': [1, 1, 1], 'iterations_list': [10], 'learning_rate_adam': None, 'depth_list': [1], 'n_start': None, 'n_end': None, 'singlet_injection': False, 'start_index_singlet': None, 'warm_start': True, 'warm_start_mode': 'amplified', 'lasserre_level': 2, 'initial_solver_level_M': 2, 'sdp_seed': None, 'sdp_solver_mode': 'scs', 'sdp_scs_eps': 1e-06, 'sdp_scs_max_iters': 100000, 'warm_start_corr_strength': None, 'warm_start_corr_repeats': None, 'compare_with_010101': False, 'init_QAOAparams_close_to_zero': False, 'use_correlations_as_initial_params': False, 'time_limit': None, 'failed_instance_termination_thrsh': None, 'graph_generation_type': 'hog', 'weighted': False, 'easiest_first': False, 'cpu_util_threshold': None, 'debug': False, 'save_circuit_svg': False, 'rerun_exclude_finished_instances': True, 'warm_start_cache_producer_only': True, 'qaoa_only_from_existing_warm_start_cache': False, 'optimiser_debug_iterations': None, 'num_repeats': 1, 'relative_graph_adjList_path': 'HOG_graphs/Exp5/path_graphs_2to12vertices_11instances_AdjacencyList.txt', 'persistent_warm_start_cache': True, 'warm_start_cache_dir': 'Results/warm_start_cache', 'warm_start_cache_max_file_mb': 512, 'warm_start_cache_max_total_gb': 60, 'sdp_max_parallel': 32, 'qaoa_max_parallel': 0, 'sdp_threads': 1, 'qaoa_threads': 1, 'sdp_memory_limit_total_gb': 250, 'sdp_memory_limit_single_gb': 100, 'sdp_memory_poll_seconds': 5, 'sdp_max_retries': 3, 'queue_poll_interval_seconds': 5, 'completed_result_csv_paths': []}, Running QAOA with equal superposition
Benchmark run ID: e8321e0b
Benchmark repeat index: 1
SDP seed override: None
Processor: x86_64
Hostname: dacsvm-cpunode01
Total RAM (GB): None
Physical cores: 32
Logical cores: 32
Python version: 3.11.15
Initialisation time: 0.00 seconds; started at stardate {'initialisation': 0.004973411560058594} and finished at stardate1785518823.068372
Loaded HOG graph index 8 with 9 edges.
Instance generation for n=8 took 0.00 seconds; started at stardate 1785518823.0683763 and finished at stardate 1785518823.0687044
Running QAOA for n=10 nodes, m=9 edges...; Max iterations: 10
Warm-start: starting SDP solve for n_vertices=10
Warm-start: no sdp_seed in config, generated fallback seed 16307468217092822585
Using SCS solver for SDP with eps=1e-06, max_iters=100000.
SDP solver status: optimal
SDP solver name: SCS
SDP solver iterations: 7575
SDP solve time: 382.87126124099996
SDP extra stats: {'x': array([1.00000000e+00, 5.89900695e-15, 1.25571784e-14, ...,
       1.00000000e+00, 1.44238581e-18, 1.00000000e+00], shape=(95266,)), 'y': array([ 2.02134749e-02,  8.37269580e-03,  8.37269580e-03, ...,
        1.81263861e-02, -2.43308425e-16,  5.15455842e-02], shape=(265112,)), 's': array([0.00000000e+00, 0.00000000e+00, 0.00000000e+00, ...,
       1.00000003e+00, 1.88576216e-16, 1.00000003e+00], shape=(265112,)), 'info': {'status_val': 1, 'iter': 7575, 'scale_updates': 2, 'scale': 1.1968233155503438, 'pobj': -8.517205894269532, 'dobj': -8.5172058728486, 'res_pri': 2.230320764477433e-06, 'res_dual': 1.0029410838558222e-06, 'gap': 2.1420932583282593e-08, 'res_infeas': nan, 'res_unbdd_a': 0.11740939604688752, 'res_unbdd_p': 0.0, 'comp_slack': 3.233058265550426e-11, 'solve_time': 382871.261241, 'setup_time': 112.831993, 'lin_sys_time': 25910.609201999898, 'cone_time': 348878.54138499947, 'accel_time': 1744.2718599999926, 'rejected_accel_steps': 66, 'accepted_accel_steps': 1, 'status': 'solved'}}
Rounding...
Setting seed to 16307468217092822585
n_vertices: 10 for n = 30
Using seed 16307468217092822585 to generate random matrix for x.
Energy of rounded cut/product state: 5.872590778606306
Algorithm 17 lower-bound energy: 7.715025748767163
Algorithm 17 actual entangled-state energy: 6.879189788916108
SDP objective value: 13.017205894269532
4 in cut out of a total of 9 edges
Warm-start: SDP solve + rounding finished in 3680.14 seconds
Warm-start: using level-2 Algorithm 17 entangled statevector with shape (1024,)
Warm-start cache: moment matrix before save shape=(436, 436), dtype=float64, entries=190096, bytes=1520768 (1.45 MiB)
Warm-start cache: saved Results/warm_start_cache/path_graphs_2to12vertices_11instances_AdjacencyList__filehash_01292d61/hog_idx000008_1b5b4b14c875_noseed_L2_M2_amplified.npz in 0.0140 seconds
WARM_START_CACHE_PRODUCER_ONLY is set; warm-start cache has been produced/loaded. Exiting before QAOA optimisation.
