Starting QAOA benchmark with global start time: 1785144560.5423458
Benchmark parameters: {'optimiser': 'exact', 'optimiser_use_heuristic': None, 'heuristic_optimiser_iterations': None, 'heuristic_optimiser_sampleSize': None, 'circuit_type': 'hamqaoa', 'parameter_vector': None, 'iterations_list': None, 'learning_rate_adam': None, 'depth_list': None, 'n_start': None, 'n_end': None, 'singlet_injection': False, 'start_index_singlet': None, 'warm_start': False, 'warm_start_mode': None, 'lasserre_level': None, 'initial_solver_level_M': None, 'sdp_seed': None, 'sdp_solver_mode': None, 'sdp_scs_eps': None, 'sdp_scs_max_iters': None, 'warm_start_corr_strength': None, 'warm_start_corr_repeats': None, 'compare_with_010101': False, 'init_QAOAparams_close_to_zero': False, 'use_correlations_as_initial_params': None, 'time_limit': None, 'failed_instance_termination_thrsh': None, 'graph_generation_type': 'hog', 'weighted': False, 'easiest_first': False, 'cpu_util_threshold': None, 'debug': False, 'save_circuit_svg': False, 'rerun_exclude_finished_instances': False, 'warm_start_cache_producer_only': False, 'qaoa_only_from_existing_warm_start_cache': False, 'optimiser_debug_iterations': None, 'num_repeats': 1, 'relative_graph_adjList_path': 'HOG_graphs/Exp5/list_388_graphs_adjacency_list_hog_v04-12_regular.txt', 'persistent_warm_start_cache': False, 'warm_start_cache_dir': None, 'warm_start_cache_max_file_mb': None, 'warm_start_cache_max_total_gb': None, 'sdp_max_parallel': 0, 'qaoa_max_parallel': 32, 'sdp_threads': 1, 'qaoa_threads': 1, 'sdp_memory_limit_total_gb': 0, 'sdp_memory_limit_single_gb': 0, 'sdp_memory_poll_seconds': 5, 'sdp_max_retries': 0, 'queue_poll_interval_seconds': 5}, Running QAOA with equal superposition
Benchmark run ID: 7a1d3d26
Benchmark repeat index: 1
SDP seed override: None
Processor: x86_64
Hostname: dacsgpu0003
Total RAM (GB): None
Physical cores: 64
Logical cores: 64
Python version: 3.11.15
Initialisation time: 0.00 seconds; started at stardate {'initialisation': 0.0027878284454345703} and finished at stardate1785144560.5451484
Loaded HOG graph index 13 with 5 edges.
Instance generation for n=13 took 0.07 seconds; started at stardate 1785144560.5451527 and finished at stardate 1785144560.6176608
Running QAOA for n=5 nodes, m=5 edges...; Max iterations: 0
Edges: [(1, 3), (0, 1), (3, 4), (0, 2), (2, 4)], weights: [1.0, 1.0, 1.0, 1.0, 1.0], set of nodes: {0, 1, 2, 3, 4}, n: 5 nodes, p: 0 layers, N_bayes: 0 iterations
Solving for uuid: b036e7cc
No warm start: Default initial state is equal superposition
Exact result already logged for this instance; skipping duplicate. Existing energy: 3.118033988749906
3.1180339887498993
QAOA optimisation for n=13 took 0.01 seconds; started at stardate 1785144560.6176643 and finished at stardate 1785144560.6245296
Finished QAOA for n=5 nodes, m=5 edges at 2026-07-27 11:29:20 on x86_64. Time taken: 0.01 seconds. Hours: 0.00 hours. Peak RAM: 0.21 MB.
Computing cycle approximation ratio
CSV writing for n=13 took 0.00 seconds; started at stardate 1785144560.6245356 and finished at stardate 1785144560.629161
results: {13: 3.1180339887498993}
durations: {5: 0.006869316101074219}
Results saved to: Results/logs/exact/qaoa_results_exact_20260727_112857_pid2556793.csv
Global end time: 1785144560.629171
Finalisation time: 0.00 seconds; started at stardate 1785144560.629164 and finished at stardate 1785144560.6291742
Sum of all section times: 0.09 seconds
run_id: 7a1d3d26
