Starting QAOA benchmark with global start time: 1785144547.5315905
Benchmark parameters: {'optimiser': 'exact', 'optimiser_use_heuristic': None, 'heuristic_optimiser_iterations': None, 'heuristic_optimiser_sampleSize': None, 'circuit_type': 'hamqaoa', 'parameter_vector': None, 'iterations_list': None, 'learning_rate_adam': None, 'depth_list': None, 'n_start': None, 'n_end': None, 'singlet_injection': False, 'start_index_singlet': None, 'warm_start': False, 'warm_start_mode': None, 'lasserre_level': None, 'initial_solver_level_M': None, 'sdp_seed': None, 'sdp_solver_mode': None, 'sdp_scs_eps': None, 'sdp_scs_max_iters': None, 'warm_start_corr_strength': None, 'warm_start_corr_repeats': None, 'compare_with_010101': False, 'init_QAOAparams_close_to_zero': False, 'use_correlations_as_initial_params': None, 'time_limit': None, 'failed_instance_termination_thrsh': None, 'graph_generation_type': 'hog', 'weighted': False, 'easiest_first': False, 'cpu_util_threshold': None, 'debug': False, 'save_circuit_svg': False, 'rerun_exclude_finished_instances': False, 'warm_start_cache_producer_only': False, 'qaoa_only_from_existing_warm_start_cache': False, 'optimiser_debug_iterations': None, 'num_repeats': 1, 'relative_graph_adjList_path': 'HOG_graphs/Exp5/list_388_graphs_adjacency_list_hog_v04-12_regular.txt', 'persistent_warm_start_cache': False, 'warm_start_cache_dir': None, 'warm_start_cache_max_file_mb': None, 'warm_start_cache_max_total_gb': None, 'sdp_max_parallel': 0, 'qaoa_max_parallel': 32, 'sdp_threads': 1, 'qaoa_threads': 1, 'sdp_memory_limit_total_gb': 0, 'sdp_memory_limit_single_gb': 0, 'sdp_memory_poll_seconds': 5, 'sdp_max_retries': 0, 'queue_poll_interval_seconds': 5}, Running QAOA with equal superposition
Benchmark run ID: 8eef6219
Benchmark repeat index: 1
SDP seed override: None
Processor: x86_64
Hostname: dacsgpu0003
Total RAM (GB): None
Physical cores: 64
Logical cores: 64
Python version: 3.11.15
Initialisation time: 0.00 seconds; started at stardate {'initialisation': 0.0020864009857177734} and finished at stardate1785144547.5336838
Loaded HOG graph index 306 with 20 edges.
Instance generation for n=306 took 0.08 seconds; started at stardate 1785144547.5336876 and finished at stardate 1785144547.6110752
Running QAOA for n=10 nodes, m=20 edges...; Max iterations: 0
Edges: [(3, 8), (2, 9), (4, 6), (7, 8), (0, 2), (1, 7), (6, 9), (5, 7), (3, 4), (2, 8), (4, 5), (3, 7), (0, 1), (0, 4), (1, 9), (6, 8), (5, 6), (5, 9), (0, 3), (1, 2)], weights: [1.0, 1.0, 1.0, 1.0, 1.0, 1.0, 1.0, 1.0, 1.0, 1.0, 1.0, 1.0, 1.0, 1.0, 1.0, 1.0, 1.0, 1.0, 1.0, 1.0], set of nodes: {0, 1, 2, 3, 4, 5, 6, 7, 8, 9}, n: 10 nodes, p: 0 layers, N_bayes: 0 iterations
Solving for uuid: b712381c
No warm start: Default initial state is equal superposition
10.50094623407693
QAOA optimisation for n=306 took 0.02 seconds; started at stardate 1785144547.6110792 and finished at stardate 1785144547.6326406
Finished QAOA for n=10 nodes, m=20 edges at 2026-07-27 11:29:07 on x86_64. Time taken: 0.02 seconds. Hours: 0.00 hours. Peak RAM: 0.22 MB.
Unknown graph type for approximation ratio calculation; checking misc CSV.
Checking optimal_results_misc.csv for matching edges and weights...
Found matching exact result in misc CSV: 10.50094623407693
CSV writing for n=306 took 0.01 seconds; started at stardate 1785144547.6326482 and finished at stardate 1785144547.6426528
results: {306: 10.50094623407693}
durations: {10: 0.021566152572631836}
Results saved to: Results/logs/exact/qaoa_results_exact_20260727_112857_pid2556793.csv
Global end time: 1785144547.6426644
Finalisation time: 0.00 seconds; started at stardate 1785144547.6426566 and finished at stardate 1785144547.6426682
Sum of all section times: 0.11 seconds
run_id: 8eef6219
