Starting QAOA benchmark with global start time: 1785144562.096837
Benchmark parameters: {'optimiser': 'exact', 'optimiser_use_heuristic': None, 'heuristic_optimiser_iterations': None, 'heuristic_optimiser_sampleSize': None, 'circuit_type': 'hamqaoa', 'parameter_vector': None, 'iterations_list': None, 'learning_rate_adam': None, 'depth_list': None, 'n_start': None, 'n_end': None, 'singlet_injection': False, 'start_index_singlet': None, 'warm_start': False, 'warm_start_mode': None, 'lasserre_level': None, 'initial_solver_level_M': None, 'sdp_seed': None, 'sdp_solver_mode': None, 'sdp_scs_eps': None, 'sdp_scs_max_iters': None, 'warm_start_corr_strength': None, 'warm_start_corr_repeats': None, 'compare_with_010101': False, 'init_QAOAparams_close_to_zero': False, 'use_correlations_as_initial_params': None, 'time_limit': None, 'failed_instance_termination_thrsh': None, 'graph_generation_type': 'hog', 'weighted': False, 'easiest_first': False, 'cpu_util_threshold': None, 'debug': False, 'save_circuit_svg': False, 'rerun_exclude_finished_instances': False, 'warm_start_cache_producer_only': False, 'qaoa_only_from_existing_warm_start_cache': False, 'optimiser_debug_iterations': None, 'num_repeats': 1, 'relative_graph_adjList_path': 'HOG_graphs/Exp5/list_388_graphs_adjacency_list_hog_v04-12_regular.txt', 'persistent_warm_start_cache': False, 'warm_start_cache_dir': None, 'warm_start_cache_max_file_mb': None, 'warm_start_cache_max_total_gb': None, 'sdp_max_parallel': 0, 'qaoa_max_parallel': 32, 'sdp_threads': 1, 'qaoa_threads': 1, 'sdp_memory_limit_total_gb': 0, 'sdp_memory_limit_single_gb': 0, 'sdp_memory_poll_seconds': 5, 'sdp_max_retries': 0, 'queue_poll_interval_seconds': 5}, Running QAOA with equal superposition
Benchmark run ID: 56669634
Benchmark repeat index: 1
SDP seed override: None
Processor: x86_64
Hostname: dacsgpu0003
Total RAM (GB): None
Physical cores: 64
Logical cores: 64
Python version: 3.11.15
Initialisation time: 0.00 seconds; started at stardate {'initialisation': 0.0028624534606933594} and finished at stardate1785144562.099709
Loaded HOG graph index 16 with 10 edges.
Instance generation for n=16 took 0.09 seconds; started at stardate 1785144562.099715 and finished at stardate 1785144562.1863155
Running QAOA for n=5 nodes, m=10 edges...; Max iterations: 0
Edges: [(1, 3), (0, 1), (2, 3), (0, 4), (0, 3), (1, 2), (3, 4), (1, 4), (0, 2), (2, 4)], weights: [1.0, 1.0, 1.0, 1.0, 1.0, 1.0, 1.0, 1.0, 1.0, 1.0], set of nodes: {0, 1, 2, 3, 4}, n: 5 nodes, p: 0 layers, N_bayes: 0 iterations
Solving for uuid: 7ffe1843
No warm start: Default initial state is equal superposition
Exact result already logged for this instance; skipping duplicate. Existing energy: 4.000000000000003
4.000000000000002
QAOA optimisation for n=16 took 0.01 seconds; started at stardate 1785144562.1863217 and finished at stardate 1785144562.19338
Finished QAOA for n=5 nodes, m=10 edges at 2026-07-27 11:29:22 on x86_64. Time taken: 0.01 seconds. Hours: 0.00 hours. Peak RAM: 0.22 MB.
Computing complete graph approximation ratio
CSV writing for n=16 took 0.00 seconds; started at stardate 1785144562.193385 and finished at stardate 1785144562.1973176
results: {16: 4.000000000000002}
durations: {5: 0.007063150405883789}
Results saved to: Results/logs/exact/qaoa_results_exact_20260727_112857_pid2556793.csv
Global end time: 1785144562.1973243
Finalisation time: 0.00 seconds; started at stardate 1785144562.19732 and finished at stardate 1785144562.197327
Sum of all section times: 0.10 seconds
run_id: 56669634
