Starting QAOA benchmark with global start time: 1785144568.0967553
Benchmark parameters: {'optimiser': 'exact', 'optimiser_use_heuristic': None, 'heuristic_optimiser_iterations': None, 'heuristic_optimiser_sampleSize': None, 'circuit_type': 'hamqaoa', 'parameter_vector': None, 'iterations_list': None, 'learning_rate_adam': None, 'depth_list': None, 'n_start': None, 'n_end': None, 'singlet_injection': False, 'start_index_singlet': None, 'warm_start': False, 'warm_start_mode': None, 'lasserre_level': None, 'initial_solver_level_M': None, 'sdp_seed': None, 'sdp_solver_mode': None, 'sdp_scs_eps': None, 'sdp_scs_max_iters': None, 'warm_start_corr_strength': None, 'warm_start_corr_repeats': None, 'compare_with_010101': False, 'init_QAOAparams_close_to_zero': False, 'use_correlations_as_initial_params': None, 'time_limit': None, 'failed_instance_termination_thrsh': None, 'graph_generation_type': 'hog', 'weighted': False, 'easiest_first': False, 'cpu_util_threshold': None, 'debug': False, 'save_circuit_svg': False, 'rerun_exclude_finished_instances': False, 'warm_start_cache_producer_only': False, 'qaoa_only_from_existing_warm_start_cache': False, 'optimiser_debug_iterations': None, 'num_repeats': 1, 'relative_graph_adjList_path': 'HOG_graphs/Exp5/list_388_graphs_adjacency_list_hog_v04-12_regular.txt', 'persistent_warm_start_cache': False, 'warm_start_cache_dir': None, 'warm_start_cache_max_file_mb': None, 'warm_start_cache_max_total_gb': None, 'sdp_max_parallel': 0, 'qaoa_max_parallel': 32, 'sdp_threads': 1, 'qaoa_threads': 1, 'sdp_memory_limit_total_gb': 0, 'sdp_memory_limit_single_gb': 0, 'sdp_memory_poll_seconds': 5, 'sdp_max_retries': 0, 'queue_poll_interval_seconds': 5}, Running QAOA with equal superposition
Benchmark run ID: d5eafad2
Benchmark repeat index: 1
SDP seed override: None
Processor: x86_64
Hostname: dacsgpu0003
Total RAM (GB): None
Physical cores: 64
Logical cores: 64
Python version: 3.11.15
Initialisation time: 0.00 seconds; started at stardate {'initialisation': 0.0025200843811035156} and finished at stardate1785144568.0992846
Loaded HOG graph index 183 with 36 edges.
Instance generation for n=183 took 0.07 seconds; started at stardate 1785144568.0992906 and finished at stardate 1785144568.1739163
Running QAOA for n=12 nodes, m=36 edges...; Max iterations: 0
Edges: [(2, 3), (3, 5), (3, 11), (7, 11), (0, 5), (8, 10), (1, 4), (0, 2), (9, 11), (6, 9), (5, 7), (3, 4), (2, 5), (4, 8), (7, 10), (8, 9), (1, 3), (0, 1), (9, 10), (0, 4), (1, 9), (6, 8), (6, 11), (2, 4), (2, 10), (4, 7), (8, 11), (7, 9), (0, 3), (1, 2), (10, 11), (0, 6), (1, 5), (6, 10), (5, 8), (6, 7)], weights: [1.0, 1.0, 1.0, 1.0, 1.0, 1.0, 1.0, 1.0, 1.0, 1.0, 1.0, 1.0, 1.0, 1.0, 1.0, 1.0, 1.0, 1.0, 1.0, 1.0, 1.0, 1.0, 1.0, 1.0, 1.0, 1.0, 1.0, 1.0, 1.0, 1.0, 1.0, 1.0, 1.0, 1.0, 1.0, 1.0], set of nodes: {0, 1, 2, 3, 4, 5, 6, 7, 8, 9, 10, 11}, n: 12 nodes, p: 0 layers, N_bayes: 0 iterations
Solving for uuid: a962161f
No warm start: Default initial state is equal superposition
16.502369991590403
QAOA optimisation for n=183 took 0.04 seconds; started at stardate 1785144568.1739228 and finished at stardate 1785144568.2132738
Finished QAOA for n=12 nodes, m=36 edges at 2026-07-27 11:29:28 on x86_64. Time taken: 0.04 seconds. Hours: 0.00 hours. Peak RAM: 0.22 MB.
Unknown graph type for approximation ratio calculation; checking misc CSV.
Checking optimal_results_misc.csv for matching edges and weights...
Found matching exact result in misc CSV: 16.502369991590403
CSV writing for n=183 took 0.01 seconds; started at stardate 1785144568.2132814 and finished at stardate 1785144568.2225697
results: {183: 16.502369991590403}
durations: {12: 0.03935718536376953}
Results saved to: Results/logs/exact/qaoa_results_exact_20260727_112857_pid2556793.csv
Global end time: 1785144568.2225773
Finalisation time: 0.00 seconds; started at stardate 1785144568.2225723 and finished at stardate 1785144568.22258
Sum of all section times: 0.13 seconds
run_id: d5eafad2
