Starting QAOA benchmark with global start time: 1788999295.7203538
Benchmark parameters: {'optimiser': 'adam', 'optimiser_use_heuristic': True, 'heuristic_optimiser_iterations': 1, 'heuristic_optimiser_sampleSize': 25, 'circuit_type': 'hamqaoa', 'parameter_vector': [1, 1, 1], 'iterations_list': [75], 'learning_rate_adam': 0.01, 'depth_list': [1, 2, 3, 4, 5], 'n_start': None, 'n_end': None, 'singlet_injection': False, 'start_index_singlet': None, 'warm_start': True, 'warm_start_mode': 'entangled_king', 'lasserre_level': 2, 'initial_solver_level_M': 2, 'sdp_seed': 42, 'sdp_solver_mode': 'scs', 'sdp_scs_eps': 1e-06, 'sdp_scs_max_iters': 100000, 'warm_start_corr_strength': None, 'warm_start_corr_repeats': None, 'compare_with_010101': False, 'init_QAOAparams_close_to_zero': False, 'use_correlations_as_initial_params': False, 'time_limit': None, 'failed_instance_termination_thrsh': None, 'graph_generation_type': 'hog', 'weighted': False, 'easiest_first': False, 'cpu_util_threshold': None, 'debug': False, 'save_circuit_svg': False, 'rerun_exclude_finished_instances': False, 'warm_start_cache_producer_only': False, 'qaoa_only_from_existing_warm_start_cache': True, 'optimiser_debug_iterations': None, 'num_repeats': 1, 'relative_graph_adjList_path': 'HOG_graphs/Exp5/list_193_graphs_adjacency_listhog_v04-12_planar_clawFree.txt', 'persistent_warm_start_cache': True, 'warm_start_cache_dir': 'Results/warm_start_cache', 'warm_start_cache_max_file_mb': 512, 'warm_start_cache_max_total_gb': 60, 'sdp_max_parallel': 0, 'qaoa_max_parallel': 16, 'sdp_threads': 1, 'qaoa_threads': 1, 'sdp_memory_limit_total_gb': 0, 'sdp_memory_limit_single_gb': 0, 'sdp_memory_poll_seconds': 5, 'sdp_max_retries': 0, 'queue_poll_interval_seconds': 5, 'max_graph_vertices': 10, 'completed_result_csv_paths': [], 'qaoa_seed': 42, 'initialise_standard_warm_start_with_zero_angles': False, 'result_name_suffix': '_FINAL_BENCHMARKS_KINGENTANGLED', 'algorithm17_beta_mode': 'analytic_instance'}, Running QAOA with equal superposition
Benchmark run ID: 4a861a7b
Benchmark repeat index: 1
Configured SDP rounding seed: 42
QAOA seed used: 42
Processor: x86_64
Hostname: dacsgpu0002
Total RAM (GB): None
Physical cores: 64
Logical cores: 64
Python version: 3.11.15
Initialisation time: 0.01 seconds; started at stardate {'initialisation': 0.006559610366821289} and finished at stardate1788999295.72692
Loaded HOG graph index 52 with 6 edges.
Instance generation for n=52 took 0.00 seconds; started at stardate 1788999295.7269258 and finished at stardate 1788999295.7315412
Running QAOA for n=5 nodes, m=6 edges...; Max iterations: 75
Warm-start cache: loading Results/warm_start_cache/list_193_graphs_adjacency_listhog_v04-12_planar_clawFree__filehash_62ae5075/hog_idx000052_09e737059c5c_seed42_L2_M2_betaanalytic_instance_amplified.npz
Warm-start cache: loaded in 0.0025 seconds; effective compute time=27.25779390335083
Edges: [(0, 1), (2, 3), (0, 4), (3, 4), (1, 4), (2, 4)], weights: [1.0, 1.0, 1.0, 1.0, 1.0, 1.0], set of nodes: {0, 1, 2, 3, 4}, n: 5 nodes, p: 2 layers, N_bayes: 75 iterations
Solving for uuid: 2a1d8b8d
Entangled King warm start: equal superposition; King rotations applied in each QAOA layer
Running ADAM optimization with a single iteration (no debug loop)
4.839733574335314
QAOA optimisation for n=52 took 6.26 seconds; started at stardate 1788999295.7315462 and finished at stardate 1788999301.9873607
Finished QAOA for n=5 nodes, m=6 edges at 2026-09-10 02:15:01 on x86_64. Time taken: 6.26 seconds. Hours: 0.00 hours. Peak RAM: 0.22 MB.
Unknown graph type for approximation ratio calculation; checking misc CSV.
Checking optimal_results_misc.csv for matching edges and weights...
Found matching exact result in misc CSV: 3.000000000000006
CSV writing for n=52 took 0.01 seconds; started at stardate 1788999301.9873776 and finished at stardate 1788999301.9965026
results: {52: 4.839733574335314}
durations: {5: 6.25581955909729}
Results saved to: Results/logs/adam/qaoa_results_adam_20260910_001845_pid2253946_FINAL_BENCHMARKS_KINGENTANGLED.csv
Global end time: 1788999301.9965138
Finalisation time: 0.00 seconds; started at stardate 1788999301.9965062 and finished at stardate 1788999301.9965189
Sum of all section times: 6.28 seconds
run_id: 4a861a7b
