Starting QAOA benchmark with global start time: 1788995796.7218323
Benchmark parameters: {'optimiser': 'adam', 'optimiser_use_heuristic': True, 'heuristic_optimiser_iterations': 1, 'heuristic_optimiser_sampleSize': 25, 'circuit_type': 'hamqaoa', 'parameter_vector': [1, 1, 1], 'iterations_list': [75], 'learning_rate_adam': 0.01, 'depth_list': [1, 2, 3, 4, 5], 'n_start': None, 'n_end': None, 'singlet_injection': False, 'start_index_singlet': None, 'warm_start': True, 'warm_start_mode': 'entangled_king', 'lasserre_level': 2, 'initial_solver_level_M': 2, 'sdp_seed': 42, 'sdp_solver_mode': 'scs', 'sdp_scs_eps': 1e-06, 'sdp_scs_max_iters': 100000, 'warm_start_corr_strength': None, 'warm_start_corr_repeats': None, 'compare_with_010101': False, 'init_QAOAparams_close_to_zero': False, 'use_correlations_as_initial_params': False, 'time_limit': None, 'failed_instance_termination_thrsh': None, 'graph_generation_type': 'hog', 'weighted': False, 'easiest_first': False, 'cpu_util_threshold': None, 'debug': False, 'save_circuit_svg': False, 'rerun_exclude_finished_instances': False, 'warm_start_cache_producer_only': False, 'qaoa_only_from_existing_warm_start_cache': True, 'optimiser_debug_iterations': None, 'num_repeats': 1, 'relative_graph_adjList_path': 'HOG_graphs/Exp5/list_193_graphs_adjacency_listhog_v04-12_planar_clawFree.txt', 'persistent_warm_start_cache': True, 'warm_start_cache_dir': 'Results/warm_start_cache', 'warm_start_cache_max_file_mb': 512, 'warm_start_cache_max_total_gb': 60, 'sdp_max_parallel': 0, 'qaoa_max_parallel': 16, 'sdp_threads': 1, 'qaoa_threads': 1, 'sdp_memory_limit_total_gb': 0, 'sdp_memory_limit_single_gb': 0, 'sdp_memory_poll_seconds': 5, 'sdp_max_retries': 0, 'queue_poll_interval_seconds': 5, 'max_graph_vertices': 10, 'completed_result_csv_paths': [], 'qaoa_seed': 42, 'initialise_standard_warm_start_with_zero_angles': False, 'result_name_suffix': '_FINAL_BENCHMARKS_KINGENTANGLED', 'algorithm17_beta_mode': 'analytic_instance'}, Running QAOA with equal superposition
Benchmark run ID: d22adb84
Benchmark repeat index: 1
Configured SDP rounding seed: 42
QAOA seed used: 42
Processor: x86_64
Hostname: dacsgpu0002
Total RAM (GB): None
Physical cores: 64
Logical cores: 64
Python version: 3.11.15
Initialisation time: 0.00 seconds; started at stardate {'initialisation': 0.003915309906005859} and finished at stardate1788995796.725755
Loaded HOG graph index 58 with 9 edges.
Instance generation for n=58 took 0.00 seconds; started at stardate 1788995796.7257605 and finished at stardate 1788995796.7294729
Running QAOA for n=7 nodes, m=9 edges...; Max iterations: 75
Warm-start cache: loading Results/warm_start_cache/list_193_graphs_adjacency_listhog_v04-12_planar_clawFree__filehash_62ae5075/hog_idx000058_1af27a5aa3dd_seed42_L2_M2_betaanalytic_instance_amplified.npz
Warm-start cache: loaded in 0.0024 seconds; effective compute time=235.44001483917236
Edges: [(0, 1), (2, 3), (2, 6), (4, 6), (5, 6), (1, 5), (4, 5), (0, 5), (3, 6)], weights: [1.0, 1.0, 1.0, 1.0, 1.0, 1.0, 1.0, 1.0, 1.0], set of nodes: {0, 1, 2, 3, 4, 5, 6}, n: 7 nodes, p: 5 layers, N_bayes: 75 iterations
Solving for uuid: 837ae049
Entangled King warm start: equal superposition; King rotations applied in each QAOA layer
Running ADAM optimization with a single iteration (no debug loop)
7.841721581054745
QAOA optimisation for n=58 took 38.49 seconds; started at stardate 1788995796.729477 and finished at stardate 1788995835.2231581
Finished QAOA for n=7 nodes, m=9 edges at 2026-09-10 01:17:15 on x86_64. Time taken: 38.49 seconds. Hours: 0.01 hours. Peak RAM: 0.26 MB.
Unknown graph type for approximation ratio calculation; checking misc CSV.
Checking optimal_results_misc.csv for matching edges and weights...
Found matching exact result in misc CSV: 4.500000000000002
CSV writing for n=58 took 0.02 seconds; started at stardate 1788995835.2231667 and finished at stardate 1788995835.2385466
results: {58: 7.841721581054745}
durations: {7: 38.49368596076965}
Results saved to: Results/logs/adam/qaoa_results_adam_20260910_001845_pid2253946_FINAL_BENCHMARKS_KINGENTANGLED.csv
Global end time: 1788995835.238559
Finalisation time: 0.00 seconds; started at stardate 1788995835.2385504 and finished at stardate 1788995835.2385635
Sum of all section times: 38.52 seconds
run_id: d22adb84
