Starting QAOA benchmark with global start time: 1788007014.1344638
Benchmark parameters: {'optimiser': 'adam', 'optimiser_use_heuristic': False, 'heuristic_optimiser_iterations': None, 'heuristic_optimiser_sampleSize': None, 'circuit_type': 'hamqaoa', 'parameter_vector': [1, 1, 1], 'iterations_list': [75], 'learning_rate_adam': 0.01, 'depth_list': [1, 2, 3, 4, 5], 'n_start': None, 'n_end': None, 'singlet_injection': False, 'start_index_singlet': None, 'warm_start': True, 'warm_start_mode': 'standard', 'lasserre_level': 1, 'initial_solver_level_M': 1, 'sdp_seed': 42, 'sdp_solver_mode': 'scs', 'sdp_scs_eps': 1e-06, 'sdp_scs_max_iters': 100000, 'warm_start_corr_strength': None, 'warm_start_corr_repeats': None, 'compare_with_010101': False, 'init_QAOAparams_close_to_zero': False, 'use_correlations_as_initial_params': False, 'time_limit': None, 'failed_instance_termination_thrsh': None, 'graph_generation_type': 'hog', 'weighted': False, 'easiest_first': False, 'cpu_util_threshold': None, 'debug': False, 'save_circuit_svg': False, 'rerun_exclude_finished_instances': False, 'warm_start_cache_producer_only': False, 'qaoa_only_from_existing_warm_start_cache': True, 'optimiser_debug_iterations': None, 'num_repeats': 1, 'relative_graph_adjList_path': 'HOG_graphs/3regular_connected_74instances.txt', 'persistent_warm_start_cache': True, 'warm_start_cache_dir': 'Results/warm_start_cache/experiment_3', 'warm_start_cache_max_file_mb': 512, 'warm_start_cache_max_total_gb': 60, 'sdp_max_parallel': 0, 'qaoa_max_parallel': 16, 'sdp_threads': 1, 'qaoa_threads': 1, 'sdp_memory_limit_total_gb': 0, 'sdp_memory_limit_single_gb': 0, 'sdp_memory_poll_seconds': 5, 'sdp_max_retries': 0, 'queue_poll_interval_seconds': 5, 'max_graph_vertices': 10, 'completed_result_csv_paths': [], 'qaoa_seed': 42, 'initialise_standard_warm_start_with_zero_angles': True, 'result_name_suffix': '_Exp4_v2_standardZeroAngles'}, Running QAOA with equal superposition
Benchmark run ID: b780fb84
Benchmark repeat index: 1
Configured SDP rounding seed: 42
QAOA seed used: 42
Processor: x86_64
Hostname: dacsgpu0002
Total RAM (GB): None
Physical cores: 64
Logical cores: 64
Python version: 3.11.15
Initialisation time: 0.01 seconds; started at stardate {'initialisation': 0.009918928146362305} and finished at stardate1788007014.1443934
Loaded HOG graph index 35 with 20 edges.
Instance generation for n=35 took 0.00 seconds; started at stardate 1788007014.1443987 and finished at stardate 1788007014.1465905
Running QAOA for n=8 nodes, m=20 edges...; Max iterations: 75
Warm-start cache: loading Results/warm_start_cache/experiment_3/3regular_connected_74instances__filehash_688b5b4e/hog_idx000035_5339c661319f_seed42_L1_M1_amplified.npz
Warm-start cache: loaded in 0.0016 seconds; effective compute time=0.11385273933410645
Edges: [(2, 3), (2, 6), (3, 5), (4, 6), (0, 5), (1, 4), (1, 7), (5, 7), (4, 5), (3, 7), (2, 5), (1, 6), (0, 4), (0, 7), (3, 6), (2, 7), (4, 7), (0, 6), (1, 5), (6, 7)], weights: [1.0, 1.0, 1.0, 1.0, 1.0, 1.0, 1.0, 1.0, 1.0, 1.0, 1.0, 1.0, 1.0, 1.0, 1.0, 1.0, 1.0, 1.0, 1.0, 1.0], set of nodes: {0, 1, 2, 3, 4, 5, 6, 7}, n: 8 nodes, p: 4 layers, N_bayes: 75 iterations
Solving for uuid: 985e3540
Initial state injected as warm start
Running ADAM optimization with a single iteration (no debug loop)
8.338891863154235
QAOA optimisation for n=35 took 23.31 seconds; started at stardate 1788007014.1465952 and finished at stardate 1788007037.4601853
Finished QAOA for n=8 nodes, m=20 edges at 2026-08-29 14:37:17 on x86_64. Time taken: 23.31 seconds. Hours: 0.01 hours. Peak RAM: 0.28 MB.
Unknown graph type for approximation ratio calculation; checking misc CSV.
Checking optimal_results_misc.csv for matching edges and weights...
Found matching exact result in misc CSV: 8.999999999999998
CSV writing for n=35 took 0.01 seconds; started at stardate 1788007037.4601915 and finished at stardate 1788007037.4663317
results: {35: 8.338891863154235}
durations: {8: 23.313594341278076}
Results saved to: Results/logs/adam/qaoa_results_adam_20260829_142212_pid3023524_Exp4_v2_standardZeroAngles.csv
Global end time: 1788007037.46634
Finalisation time: 0.00 seconds; started at stardate 1788007037.4663346 and finished at stardate 1788007037.466343
Sum of all section times: 23.33 seconds
run_id: b780fb84
