Starting QAOA benchmark with global start time: 1788008712.8340466
Benchmark parameters: {'optimiser': 'adam', 'optimiser_use_heuristic': False, 'heuristic_optimiser_iterations': None, 'heuristic_optimiser_sampleSize': None, 'circuit_type': 'hamqaoa', 'parameter_vector': [1, 1, 1], 'iterations_list': [75], 'learning_rate_adam': 0.01, 'depth_list': [1, 2, 3, 4, 5], 'n_start': None, 'n_end': None, 'singlet_injection': False, 'start_index_singlet': None, 'warm_start': True, 'warm_start_mode': 'standard', 'lasserre_level': 1, 'initial_solver_level_M': 1, 'sdp_seed': 42, 'sdp_solver_mode': 'scs', 'sdp_scs_eps': 1e-06, 'sdp_scs_max_iters': 100000, 'warm_start_corr_strength': None, 'warm_start_corr_repeats': None, 'compare_with_010101': False, 'init_QAOAparams_close_to_zero': False, 'use_correlations_as_initial_params': False, 'time_limit': None, 'failed_instance_termination_thrsh': None, 'graph_generation_type': 'hog', 'weighted': False, 'easiest_first': False, 'cpu_util_threshold': None, 'debug': False, 'save_circuit_svg': False, 'rerun_exclude_finished_instances': False, 'warm_start_cache_producer_only': False, 'qaoa_only_from_existing_warm_start_cache': True, 'optimiser_debug_iterations': None, 'num_repeats': 1, 'relative_graph_adjList_path': 'HOG_graphs/3regular_connected_74instances.txt', 'persistent_warm_start_cache': True, 'warm_start_cache_dir': 'Results/warm_start_cache/experiment_3', 'warm_start_cache_max_file_mb': 512, 'warm_start_cache_max_total_gb': 60, 'sdp_max_parallel': 0, 'qaoa_max_parallel': 16, 'sdp_threads': 1, 'qaoa_threads': 1, 'sdp_memory_limit_total_gb': 0, 'sdp_memory_limit_single_gb': 0, 'sdp_memory_poll_seconds': 5, 'sdp_max_retries': 0, 'queue_poll_interval_seconds': 5, 'max_graph_vertices': 10, 'completed_result_csv_paths': [], 'qaoa_seed': 42, 'initialise_standard_warm_start_with_zero_angles': True, 'result_name_suffix': '_Exp4_v2_standardZeroAngles'}, Running QAOA with equal superposition
Benchmark run ID: 89676c04
Benchmark repeat index: 1
Configured SDP rounding seed: 42
QAOA seed used: 42
Processor: x86_64
Hostname: dacsgpu0002
Total RAM (GB): None
Physical cores: 64
Logical cores: 64
Python version: 3.11.15
Initialisation time: 0.02 seconds; started at stardate {'initialisation': 0.01788330078125} and finished at stardate1788008712.8519435
Loaded HOG graph index 39 with 24 edges.
Instance generation for n=39 took 0.00 seconds; started at stardate 1788008712.851952 and finished at stardate 1788008712.8545709
Running QAOA for n=9 nodes, m=24 edges...; Max iterations: 75
Warm-start cache: loading Results/warm_start_cache/experiment_3/3regular_connected_74instances__filehash_688b5b4e/hog_idx000039_5a6977c2b3a3_seed42_L1_M1_amplified.npz
Warm-start cache: loaded in 0.0015 seconds; effective compute time=0.12840056419372559
Edges: [(2, 3), (3, 8), (2, 6), (4, 6), (7, 8), (0, 2), (0, 8), (5, 7), (2, 8), (4, 5), (3, 7), (4, 8), (1, 3), (0, 1), (0, 4), (6, 8), (5, 6), (4, 7), (0, 3), (1, 2), (1, 8), (1, 5), (5, 8), (6, 7)], weights: [1.0, 1.0, 1.0, 1.0, 1.0, 1.0, 1.0, 1.0, 1.0, 1.0, 1.0, 1.0, 1.0, 1.0, 1.0, 1.0, 1.0, 1.0, 1.0, 1.0, 1.0, 1.0, 1.0, 1.0], set of nodes: {0, 1, 2, 3, 4, 5, 6, 7, 8}, n: 9 nodes, p: 3 layers, N_bayes: 75 iterations
Solving for uuid: 59e7b67b
Initial state injected as warm start
Running ADAM optimization with a single iteration (no debug loop)
8.561953564556925
QAOA optimisation for n=39 took 38.11 seconds; started at stardate 1788008712.8545756 and finished at stardate 1788008750.964254
Finished QAOA for n=9 nodes, m=24 edges at 2026-08-29 15:05:50 on x86_64. Time taken: 38.11 seconds. Hours: 0.01 hours. Peak RAM: 0.43 MB.
Unknown graph type for approximation ratio calculation; checking misc CSV.
Checking optimal_results_misc.csv for matching edges and weights...
Found matching exact result in misc CSV: 10.279452315768642
CSV writing for n=39 took 0.01 seconds; started at stardate 1788008750.9642634 and finished at stardate 1788008750.9722245
results: {39: 8.561953564556925}
durations: {9: 38.109684467315674}
Results saved to: Results/logs/adam/qaoa_results_adam_20260829_142212_pid3023524_Exp4_v2_standardZeroAngles.csv
Global end time: 1788008750.9722333
Finalisation time: 0.00 seconds; started at stardate 1788008750.9722273 and finished at stardate 1788008750.9722369
Sum of all section times: 38.14 seconds
run_id: 89676c04
