Starting QAOA benchmark with global start time: 1788269453.3831754
Benchmark parameters: {'optimiser': 'adam', 'optimiser_use_heuristic': None, 'heuristic_optimiser_iterations': None, 'heuristic_optimiser_sampleSize': None, 'circuit_type': 'hamqaoa', 'parameter_vector': [1, 1, 1], 'iterations_list': [75], 'learning_rate_adam': None, 'depth_list': [1], 'n_start': None, 'n_end': None, 'singlet_injection': False, 'start_index_singlet': None, 'warm_start': True, 'warm_start_mode': 'amplified', 'lasserre_level': 2, 'initial_solver_level_M': 2, 'sdp_seed': 42, 'sdp_solver_mode': 'scs', 'sdp_scs_eps': 1e-10, 'sdp_scs_max_iters': 1000000, 'warm_start_corr_strength': None, 'warm_start_corr_repeats': None, 'compare_with_010101': False, 'init_QAOAparams_close_to_zero': False, 'use_correlations_as_initial_params': False, 'time_limit': None, 'failed_instance_termination_thrsh': None, 'graph_generation_type': 'hog', 'weighted': False, 'easiest_first': False, 'cpu_util_threshold': None, 'debug': False, 'save_circuit_svg': False, 'rerun_exclude_finished_instances': True, 'warm_start_cache_producer_only': True, 'qaoa_only_from_existing_warm_start_cache': False, 'optimiser_debug_iterations': None, 'num_repeats': 1, 'relative_graph_adjList_path': 'HOG_graphs/triangleFree_connected_4to8vertices_176instances_AdjacencyList.txt', 'persistent_warm_start_cache': True, 'warm_start_cache_dir': 'Results/warm_start_cache_experiments/Exp4_v2_tf176_L2M2_scs_eps1e-10_gpseed42_alg17seed43', 'warm_start_cache_max_file_mb': 512, 'warm_start_cache_max_total_gb': 60, 'sdp_max_parallel': 32, 'qaoa_max_parallel': 0, 'sdp_threads': 1, 'qaoa_threads': 1, 'sdp_memory_limit_total_gb': 250, 'sdp_memory_limit_single_gb': 100, 'sdp_memory_poll_seconds': 5, 'sdp_max_retries': 3, 'queue_poll_interval_seconds': 5, 'max_graph_vertices': 10, 'completed_result_csv_paths': [], 'qaoa_seed': 1, 'initialise_standard_warm_start_with_zero_angles': False, 'result_name_suffix': '_Exp4_v2_tf176_L2M2_scs_eps1e-10_gpseed42_alg17seed43'}, Running QAOA with equal superposition
Benchmark run ID: bfe7d04f
Benchmark repeat index: 1
Configured SDP rounding seed: 42
QAOA seed used: 1
Processor: x86_64
Hostname: dacsgpu0002
Total RAM (GB): None
Physical cores: 64
Logical cores: 64
Python version: 3.11.15
Initialisation time: 0.00 seconds; started at stardate {'initialisation': 0.0048754215240478516} and finished at stardate1788269453.3880613
Loaded HOG graph index 77 with 10 edges.
Instance generation for n=77 took 0.00 seconds; started at stardate 1788269453.3880687 and finished at stardate 1788269453.3913524
Running QAOA for n=8 nodes, m=10 edges...; Max iterations: 75
Warm-start: starting SDP solve for n_vertices=8
Warm-start: using configured sdp_seed=42
Using SCS solver for SDP with eps=1e-10, max_iters=1000000.
SDP solver status: optimal
SDP solver name: SCS
SDP solver iterations: 2700
SDP solve time: 74.878166239
SDP extra stats: {'x': array([ 1.00000000e+00, -1.30957772e-12, -1.92762164e-13, ...,
        1.00000000e+00,  5.72411058e-18,  1.00000000e+00], shape=(38503,)), 'y': array([3.50545657e-02, 1.45200775e-02, 1.45200775e-02, ...,
       2.62777607e-02, 7.53919770e-14, 6.28355762e-02], shape=(108050,)), 's': array([0.00000000e+00, 0.00000000e+00, 0.00000000e+00, ...,
       1.00000000e+00, 5.92094622e-15, 1.00000000e+00], shape=(108050,)), 'info': {'status_val': 1, 'iter': 2700, 'scale_updates': 4, 'scale': 0.04740040267880686, 'pobj': -7.6089206943252155, 'dobj': -7.608920694278934, 'res_pri': 1.2172284874875302e-10, 'res_dual': 3.040938423730426e-11, 'gap': 4.6281201093734126e-11, 'res_infeas': nan, 'res_unbdd_a': 0.13142468428483498, 'res_unbdd_p': 0.0, 'comp_slack': 1.7557113285779047e-12, 'solve_time': 74878.166239, 'setup_time': 85.473403, 'lin_sys_time': 5710.046914999996, 'cone_time': 66980.18159500019, 'accel_time': 435.28523099999364, 'rejected_accel_steps': 20, 'accepted_accel_steps': 7, 'status': 'solved'}}
Rounding...
Setting seed to 42
n_vertices: 8 for n = 24
Using seed 42 to generate random matrix for x.
Energy of rounded cut/product state: 5.634621579809959
Algorithm 17 lower-bound energy: 7.40920107117703
Algorithm 17 actual entangled-state energy: 6.234020008801205
SDP objective value: 12.608920694325217
5 in cut out of a total of 10 edges
Warm-start: SDP solve + rounding finished in 1033.77 seconds
Warm-start: using level-2 Algorithm 17 entangled statevector with shape (256,)
Warm-start cache: moment matrix before save shape=(277, 277), dtype=float64, entries=76729, bytes=613832 (0.59 MiB)
Warm-start cache: saved Results/warm_start_cache_experiments/Exp4_v2_tf176_L2M2_scs_eps1e-10_gpseed42_alg17seed43/triangleFree_connected_4to8vertices_176instances_AdjacencyList__filehash_279b7452/hog_idx000077_b5cef4816c6c_seed42_L2_M2_amplified.npz in 0.0158 seconds
WARM_START_CACHE_PRODUCER_ONLY is set; warm-start cache has been produced/loaded. Exiting before QAOA optimisation.
