Starting QAOA benchmark with global start time: 1788268055.3757563
Benchmark parameters: {'optimiser': 'adam', 'optimiser_use_heuristic': None, 'heuristic_optimiser_iterations': None, 'heuristic_optimiser_sampleSize': None, 'circuit_type': 'hamqaoa', 'parameter_vector': [1, 1, 1], 'iterations_list': [75], 'learning_rate_adam': None, 'depth_list': [1], 'n_start': None, 'n_end': None, 'singlet_injection': False, 'start_index_singlet': None, 'warm_start': True, 'warm_start_mode': 'amplified', 'lasserre_level': 2, 'initial_solver_level_M': 2, 'sdp_seed': 42, 'sdp_solver_mode': 'scs', 'sdp_scs_eps': 1e-10, 'sdp_scs_max_iters': 1000000, 'warm_start_corr_strength': None, 'warm_start_corr_repeats': None, 'compare_with_010101': False, 'init_QAOAparams_close_to_zero': False, 'use_correlations_as_initial_params': False, 'time_limit': None, 'failed_instance_termination_thrsh': None, 'graph_generation_type': 'hog', 'weighted': False, 'easiest_first': False, 'cpu_util_threshold': None, 'debug': False, 'save_circuit_svg': False, 'rerun_exclude_finished_instances': True, 'warm_start_cache_producer_only': True, 'qaoa_only_from_existing_warm_start_cache': False, 'optimiser_debug_iterations': None, 'num_repeats': 1, 'relative_graph_adjList_path': 'HOG_graphs/triangleFree_connected_4to8vertices_176instances_AdjacencyList.txt', 'persistent_warm_start_cache': True, 'warm_start_cache_dir': 'Results/warm_start_cache_experiments/Exp4_v2_tf176_L2M2_scs_eps1e-10_gpseed42_alg17seed43', 'warm_start_cache_max_file_mb': 512, 'warm_start_cache_max_total_gb': 60, 'sdp_max_parallel': 32, 'qaoa_max_parallel': 0, 'sdp_threads': 1, 'qaoa_threads': 1, 'sdp_memory_limit_total_gb': 250, 'sdp_memory_limit_single_gb': 100, 'sdp_memory_poll_seconds': 5, 'sdp_max_retries': 3, 'queue_poll_interval_seconds': 5, 'max_graph_vertices': 10, 'completed_result_csv_paths': [], 'qaoa_seed': 1, 'initialise_standard_warm_start_with_zero_angles': False, 'result_name_suffix': '_Exp4_v2_tf176_L2M2_scs_eps1e-10_gpseed42_alg17seed43'}, Running QAOA with equal superposition
Benchmark run ID: 40b786bb
Benchmark repeat index: 1
Configured SDP rounding seed: 42
QAOA seed used: 1
Processor: x86_64
Hostname: dacsgpu0002
Total RAM (GB): None
Physical cores: 64
Logical cores: 64
Python version: 3.11.15
Initialisation time: 0.00 seconds; started at stardate {'initialisation': 0.00400090217590332} and finished at stardate1788268055.3797653
Loaded HOG graph index 36 with 5 edges.
Instance generation for n=36 took 0.00 seconds; started at stardate 1788268055.3797717 and finished at stardate 1788268055.3833058
Running QAOA for n=6 nodes, m=5 edges...; Max iterations: 75
Warm-start: starting SDP solve for n_vertices=6
Warm-start: using configured sdp_seed=42
Using SCS solver for SDP with eps=1e-10, max_iters=1000000.
SDP solver status: optimal
SDP solver name: SCS
SDP solver iterations: 250
SDP solve time: 1.4536780120000001
SDP extra stats: {'x': array([ 1.00000000e+00, -2.01314139e-17,  1.17198685e-16, ...,
        1.00000000e+00, -4.59734343e-18,  1.00000000e+00], shape=(11935,)), 'y': array([3.37732468e-02, 1.40601367e-02, 1.40601367e-02, ...,
       2.87201895e-02, 1.05550155e-16, 2.85097931e-02], shape=(33896,)), 's': array([0.00000000e+00, 0.00000000e+00, 0.00000000e+00, ...,
       1.00000000e+00, 6.89597185e-16, 1.00000000e+00], shape=(33896,)), 'info': {'status_val': 1, 'iter': 250, 'scale_updates': 1, 'scale': 0.33185846363646404, 'pobj': -4.987154267711704, 'dobj': -4.987154267840331, 'res_pri': 1.0409258687026641e-10, 'res_dual': 1.1511645875476323e-10, 'gap': 1.2862688691939184e-10, 'res_infeas': nan, 'res_unbdd_a': 0.200515152794513, 'res_unbdd_p': 0.0, 'comp_slack': 2.192912518239609e-12, 'solve_time': 1453.678012, 'setup_time': 24.433793, 'lin_sys_time': 158.5555610000001, 'cone_time': 1227.6828810000002, 'accel_time': 12.304783000000008, 'rejected_accel_steps': 1, 'accepted_accel_steps': 1, 'status': 'solved'}}
Rounding...
Setting seed to 42
n_vertices: 6 for n = 18
Using seed 42 to generate random matrix for x.
Energy of rounded cut/product state: 4.557150992009428
Algorithm 17 lower-bound energy: 4.47549261750884
Algorithm 17 actual entangled-state energy: 4.777472686090231
SDP objective value: 7.487154267711702
5 in cut out of a total of 5 edges
Warm-start: SDP solve + rounding finished in 104.82 seconds
Warm-start: using level-2 Algorithm 17 entangled statevector with shape (64,)
Warm-start cache: moment matrix before save shape=(154, 154), dtype=float64, entries=23716, bytes=189728 (0.18 MiB)
Warm-start cache: saved Results/warm_start_cache_experiments/Exp4_v2_tf176_L2M2_scs_eps1e-10_gpseed42_alg17seed43/triangleFree_connected_4to8vertices_176instances_AdjacencyList__filehash_279b7452/hog_idx000036_de880e1481de_seed42_L2_M2_amplified.npz in 0.0079 seconds
WARM_START_CACHE_PRODUCER_ONLY is set; warm-start cache has been produced/loaded. Exiting before QAOA optimisation.
