Starting QAOA benchmark with global start time: 1783099469.4672985
Benchmark parameters: {'optimiser': 'adam', 'optimiser_use_heuristic': True, 'heuristic_optimiser_iterations': 2, 'heuristic_optimiser_sampleSize': 1000, 'circuit_type': 'hamqaoa', 'parameter_vector': [1, 1, 1], 'iterations_list': [50], 'learning_rate_adam': 0.05, 'depth_list': [1, 3, 5], 'n_start': None, 'n_end': None, 'singlet_injection': False, 'start_index_singlet': None, 'warm_start': True, 'warm_start_mode': 'amplified', 'lasserre_level': 2, 'initial_solver_level_M': 2, 'sdp_seed': 42, 'sdp_solver_mode': 'scs', 'sdp_scs_eps': 1e-06, 'sdp_scs_max_iters': 100000, 'warm_start_corr_strength': None, 'warm_start_corr_repeats': None, 'compare_with_010101': False, 'init_QAOAparams_close_to_zero': False, 'use_correlations_as_initial_params': False, 'time_limit': None, 'failed_instance_termination_thrsh': None, 'graph_generation_type': 'hog', 'weighted': False, 'easiest_first': False, 'cpu_util_threshold': None, 'debug': False, 'save_circuit_svg': False, 'rerun_exclude_finished_instances': True, 'warm_start_cache_producer_only': True, 'qaoa_only_from_existing_warm_start_cache': False, 'optimiser_debug_iterations': None, 'num_repeats': 1, 'relative_graph_adjList_path': 'HOG_graphs/random_graphs_8to14vertices_78instances_20260625_143415_AdjacencyList.txt', 'persistent_warm_start_cache': True, 'warm_start_cache_dir': 'Results/warm_start_cache/experiment_3', 'warm_start_cache_max_file_mb': 512, 'warm_start_cache_max_total_gb': 60, 'sdp_max_parallel': 32, 'qaoa_max_parallel': 0, 'sdp_threads': 1, 'qaoa_threads': 1, 'sdp_memory_limit_total_gb': 350, 'sdp_memory_limit_single_gb': 350, 'sdp_memory_poll_seconds': 5, 'sdp_max_retries': 3, 'queue_poll_interval_seconds': 5}, Running QAOA with equal superposition
Benchmark run ID: d246d114
Benchmark repeat index: 1
SDP seed override: 42
Processor: x86_64
Hostname: dacsgpu0003
Total RAM (GB): None
Physical cores: 64
Logical cores: 64
Python version: 3.11.15
Initialisation time: 0.00 seconds; started at stardate {'initialisation': 0.003060579299926758} and finished at stardate1783099469.470366
Loaded HOG graph index 58 with 43 edges.
Instance generation for n=58 took 0.00 seconds; started at stardate 1783099469.4703715 and finished at stardate 1783099469.473184
Running QAOA for n=13 nodes, m=43 edges...; Max iterations: 50
Warm-start: starting SDP solve for n_vertices=13
Warm-start: using configured sdp_seed=42
Using SCS solver for SDP with eps=1e-06, max_iters=100000.
SDP solver status: optimal
SDP solver name: SCS
SDP solver iterations: 9250
SDP solve time: 2237.335142105
SDP extra stats: {'x': array([ 1.00000000e+00, -7.27451767e-14, -2.11495313e-13, ...,
        1.00000000e+00, -4.92398631e-18,  1.00000000e+00], shape=(275653,)), 'y': array([3.20730480e-02, 1.32850897e-02, 1.32850897e-02, ...,
       2.11106946e-03, 1.54068031e-14, 4.67422754e-02], shape=(760580,)), 's': array([0.00000000e+00, 0.00000000e+00, 0.00000000e+00, ...,
       9.99999998e-01, 5.53271808e-16, 9.99999998e-01], shape=(760580,)), 'info': {'status_val': 1, 'iter': 9250, 'scale_updates': 4, 'scale': 0.21366335379357546, 'pobj': -16.594315532326608, 'dobj': -16.594315368856613, 'res_pri': 1.8898211935543727e-06, 'res_dual': 5.012161995621918e-07, 'gap': 1.6346999487382163e-07, 'res_infeas': nan, 'res_unbdd_a': 0.06026159971282018, 'res_unbdd_p': 0.0, 'comp_slack': 3.7120528872947034e-11, 'solve_time': 2237335.142105, 'setup_time': 512.756424, 'lin_sys_time': 119578.09582900009, 'cone_time': 2069045.3728169992, 'accel_time': 10292.483354999724, 'rejected_accel_steps': 81, 'accepted_accel_steps': 1, 'status': 'solved'}}
Rounding...
Setting seed to 42
n_vertices: 13 for n = 39
Using seed 42 to generate random matrix for x.
Energy of rounded cut/product state: 25.973072076701115
Algorithm 17 lower-bound energy: 23.722183943732894
Algorithm 17 actual entangled-state energy: 26.77735715375487
SDP objective value: 38.094315532326604
27 in cut out of a total of 43 edges
Warm-start: SDP solve + rounding finished in 77246.14 seconds
Warm-start: using level-2 Algorithm 17 entangled statevector with shape (8192,)
Warm-start cache: moment matrix before save shape=(742, 742), dtype=float64, entries=550564, bytes=4404512 (4.20 MiB)
Warm-start cache: saved Results/warm_start_cache/experiment_3/random_graphs_8to14vertices_78instances_20260625_143415_AdjacencyList__filehash_a79662a0/hog_idx000058_05469abc8a03_seed42_L2_M2_amplified.npz in 0.0439 seconds
WARM_START_CACHE_PRODUCER_ONLY is set; warm-start cache has been produced/loaded. Exiting before QAOA optimisation.
