Starting QAOA benchmark with global start time: 1783092084.022874
Benchmark parameters: {'optimiser': 'adam', 'optimiser_use_heuristic': True, 'heuristic_optimiser_iterations': 2, 'heuristic_optimiser_sampleSize': 1000, 'circuit_type': 'hamqaoa', 'parameter_vector': [1, 1, 1], 'iterations_list': [50], 'learning_rate_adam': 0.05, 'depth_list': [1, 3, 5], 'n_start': None, 'n_end': None, 'singlet_injection': False, 'start_index_singlet': None, 'warm_start': True, 'warm_start_mode': 'amplified', 'lasserre_level': 2, 'initial_solver_level_M': 2, 'sdp_seed': 42, 'sdp_solver_mode': 'scs', 'sdp_scs_eps': 1e-06, 'sdp_scs_max_iters': 100000, 'warm_start_corr_strength': None, 'warm_start_corr_repeats': None, 'compare_with_010101': False, 'init_QAOAparams_close_to_zero': False, 'use_correlations_as_initial_params': False, 'time_limit': None, 'failed_instance_termination_thrsh': None, 'graph_generation_type': 'hog', 'weighted': False, 'easiest_first': False, 'cpu_util_threshold': None, 'debug': False, 'save_circuit_svg': False, 'rerun_exclude_finished_instances': True, 'warm_start_cache_producer_only': True, 'qaoa_only_from_existing_warm_start_cache': False, 'optimiser_debug_iterations': None, 'num_repeats': 1, 'relative_graph_adjList_path': 'HOG_graphs/random_graphs_8to14vertices_78instances_20260625_143415_AdjacencyList.txt', 'persistent_warm_start_cache': True, 'warm_start_cache_dir': 'Results/warm_start_cache/experiment_3', 'warm_start_cache_max_file_mb': 512, 'warm_start_cache_max_total_gb': 60, 'sdp_max_parallel': 32, 'qaoa_max_parallel': 0, 'sdp_threads': 1, 'qaoa_threads': 1, 'sdp_memory_limit_total_gb': 350, 'sdp_memory_limit_single_gb': 350, 'sdp_memory_poll_seconds': 5, 'sdp_max_retries': 3, 'queue_poll_interval_seconds': 5}, Running QAOA with equal superposition
Benchmark run ID: 972ed4f9
Benchmark repeat index: 1
SDP seed override: 42
Processor: x86_64
Hostname: dacsgpu0003
Total RAM (GB): None
Physical cores: 64
Logical cores: 64
Python version: 3.11.15
Initialisation time: 0.01 seconds; started at stardate {'initialisation': 0.005372524261474609} and finished at stardate1783092084.028259
Loaded HOG graph index 42 with 33 edges.
Instance generation for n=42 took 0.00 seconds; started at stardate 1783092084.028267 and finished at stardate 1783092084.0313487
Running QAOA for n=11 nodes, m=33 edges...; Max iterations: 50
Warm-start: starting SDP solve for n_vertices=11
Warm-start: using configured sdp_seed=42
Using SCS solver for SDP with eps=1e-06, max_iters=100000.
SDP solver status: optimal
SDP solver name: SCS
SDP solver iterations: 1450
SDP solve time: 234.222779902
SDP extra stats: {'x': array([ 1.00000000e+00, -1.02657136e-12,  2.25421261e-14, ...,
        1.00000000e+00,  3.92389325e-20,  1.00000000e+00], shape=(140185,)), 'y': array([ 2.54211160e-02,  1.05298199e-02,  1.05298199e-02, ...,
        1.15512649e-02, -1.71234493e-14,  3.24207533e-02], shape=(388841,)), 's': array([0.00000000e+00, 0.00000000e+00, 0.00000000e+00, ...,
       9.99999998e-01, 4.44136175e-16, 1.00000000e+00], shape=(388841,)), 'info': {'status_val': 1, 'iter': 1450, 'scale_updates': 3, 'scale': 3.2594944493739524, 'pobj': -12.471608106572479, 'dobj': -12.471607744579227, 'res_pri': 1.9611138873754552e-06, 'res_dual': 1.071252008338934e-06, 'gap': 3.6199325137431515e-07, 'res_infeas': nan, 'res_unbdd_a': 0.08018212178153987, 'res_unbdd_p': 0.0, 'comp_slack': 1.2821564139448934e-10, 'solve_time': 234222.779902, 'setup_time': 380.769643, 'lin_sys_time': 14601.05305200001, 'cone_time': 213560.40863199995, 'accel_time': 1163.1471730000042, 'rejected_accel_steps': 11, 'accepted_accel_steps': 1, 'status': 'solved'}}
Rounding...
Setting seed to 42
n_vertices: 11 for n = 33
Using seed 42 to generate random matrix for x.
Energy of rounded cut/product state: 20.296143852960316
Algorithm 17 lower-bound energy: 17.870373954016483
Algorithm 17 actual entangled-state energy: 20.556052743524706
SDP objective value: 28.971608106572482
20 in cut out of a total of 33 edges
Warm-start: SDP solve + rounding finished in 16677.07 seconds
Warm-start: using level-2 Algorithm 17 entangled statevector with shape (2048,)
Warm-start cache: moment matrix before save shape=(529, 529), dtype=float64, entries=279841, bytes=2238728 (2.14 MiB)
Warm-start cache: saved Results/warm_start_cache/experiment_3/random_graphs_8to14vertices_78instances_20260625_143415_AdjacencyList__filehash_a79662a0/hog_idx000042_1f0e337be952_seed42_L2_M2_amplified.npz in 0.0238 seconds
WARM_START_CACHE_PRODUCER_ONLY is set; warm-start cache has been produced/loaded. Exiting before QAOA optimisation.
