Starting QAOA benchmark with global start time: 1783128448.1297596
Benchmark parameters: {'optimiser': 'adam', 'optimiser_use_heuristic': True, 'heuristic_optimiser_iterations': 2, 'heuristic_optimiser_sampleSize': 1000, 'circuit_type': 'hamqaoa', 'parameter_vector': [1, 1, 1], 'iterations_list': [50], 'learning_rate_adam': 0.05, 'depth_list': [1, 3, 5], 'n_start': None, 'n_end': None, 'singlet_injection': False, 'start_index_singlet': None, 'warm_start': True, 'warm_start_mode': 'amplified', 'lasserre_level': 2, 'initial_solver_level_M': 2, 'sdp_seed': 42, 'sdp_solver_mode': 'scs', 'sdp_scs_eps': 1e-06, 'sdp_scs_max_iters': 100000, 'warm_start_corr_strength': None, 'warm_start_corr_repeats': None, 'compare_with_010101': False, 'init_QAOAparams_close_to_zero': False, 'use_correlations_as_initial_params': False, 'time_limit': None, 'failed_instance_termination_thrsh': None, 'graph_generation_type': 'hog', 'weighted': False, 'easiest_first': False, 'cpu_util_threshold': None, 'debug': False, 'save_circuit_svg': False, 'rerun_exclude_finished_instances': True, 'warm_start_cache_producer_only': True, 'qaoa_only_from_existing_warm_start_cache': False, 'optimiser_debug_iterations': None, 'num_repeats': 1, 'relative_graph_adjList_path': 'HOG_graphs/random_graphs_8to14vertices_78instances_20260625_143415_AdjacencyList.txt', 'persistent_warm_start_cache': True, 'warm_start_cache_dir': 'Results/warm_start_cache/experiment_3', 'warm_start_cache_max_file_mb': 512, 'warm_start_cache_max_total_gb': 60, 'sdp_max_parallel': 32, 'qaoa_max_parallel': 0, 'sdp_threads': 1, 'qaoa_threads': 1, 'sdp_memory_limit_total_gb': 350, 'sdp_memory_limit_single_gb': 350, 'sdp_memory_poll_seconds': 5, 'sdp_max_retries': 3, 'queue_poll_interval_seconds': 5}, Running QAOA with equal superposition
Benchmark run ID: f8ed9ee1
Benchmark repeat index: 1
SDP seed override: 42
Processor: x86_64
Hostname: dacsgpu0003
Total RAM (GB): None
Physical cores: 64
Logical cores: 64
Python version: 3.11.15
Initialisation time: 0.01 seconds; started at stardate {'initialisation': 0.006003379821777344} and finished at stardate1783128448.1357718
Loaded HOG graph index 56 with 22 edges.
Instance generation for n=56 took 0.00 seconds; started at stardate 1783128448.135779 and finished at stardate 1783128448.1393769
Running QAOA for n=13 nodes, m=22 edges...; Max iterations: 50
Warm-start: starting SDP solve for n_vertices=13
Warm-start: using configured sdp_seed=42
Using SCS solver for SDP with eps=1e-06, max_iters=100000.
SDP solver status: optimal
SDP solver name: SCS
SDP solver iterations: 17975
SDP solve time: 4322.0681234349995
SDP extra stats: {'x': array([ 1.00000000e+00, -2.16486339e-12, -8.89926521e-12, ...,
        1.00000000e+00, -2.42680287e-16,  1.00000000e+00], shape=(275653,)), 'y': array([2.17710013e-02, 9.01783122e-03, 9.01783122e-03, ...,
       5.61526880e-03, 6.78984530e-13, 2.06552393e-02], shape=(760580,)), 's': array([0.00000000e+00, 0.00000000e+00, 0.00000000e+00, ...,
       1.00000004e+00, 2.33927354e-14, 9.99999990e-01], shape=(760580,)), 'info': {'status_val': 1, 'iter': 17975, 'scale_updates': 3, 'scale': 1.0340064156706568, 'pobj': -12.703580129019823, 'dobj': -12.703580413531842, 'res_pri': 4.5200425280312905e-07, 'res_dual': 4.484653318929725e-07, 'gap': 2.84512019277372e-07, 'res_infeas': nan, 'res_unbdd_a': 0.07871796690442405, 'res_unbdd_p': 0.0, 'comp_slack': 2.7849722528117127e-10, 'solve_time': 4322068.123435, 'setup_time': 447.066814, 'lin_sys_time': 207394.72654899984, 'cone_time': 4038627.7441880186, 'accel_time': 15683.331785999088, 'rejected_accel_steps': 161, 'accepted_accel_steps': 1, 'status': 'solved'}}
Rounding...
Setting seed to 42
n_vertices: 13 for n = 39
Using seed 42 to generate random matrix for x.
Energy of rounded cut/product state: 13.809651882399438
Algorithm 17 lower-bound energy: 14.196526014810686
Algorithm 17 actual entangled-state energy: 14.471819712382821
SDP objective value: 23.703580129019834
14 in cut out of a total of 22 edges
Warm-start: SDP solve + rounding finished in 67502.54 seconds
Warm-start: using level-2 Algorithm 17 entangled statevector with shape (8192,)
Warm-start cache: moment matrix before save shape=(742, 742), dtype=float64, entries=550564, bytes=4404512 (4.20 MiB)
Warm-start cache: saved Results/warm_start_cache/experiment_3/random_graphs_8to14vertices_78instances_20260625_143415_AdjacencyList__filehash_a79662a0/hog_idx000056_96a2034b416a_seed42_L2_M2_amplified.npz in 0.0391 seconds
WARM_START_CACHE_PRODUCER_ONLY is set; warm-start cache has been produced/loaded. Exiting before QAOA optimisation.
