Starting QAOA benchmark with global start time: 1783094992.5093086
Benchmark parameters: {'optimiser': 'adam', 'optimiser_use_heuristic': True, 'heuristic_optimiser_iterations': 2, 'heuristic_optimiser_sampleSize': 1000, 'circuit_type': 'hamqaoa', 'parameter_vector': [1, 1, 1], 'iterations_list': [50], 'learning_rate_adam': 0.05, 'depth_list': [1, 3, 5], 'n_start': None, 'n_end': None, 'singlet_injection': False, 'start_index_singlet': None, 'warm_start': True, 'warm_start_mode': 'amplified', 'lasserre_level': 2, 'initial_solver_level_M': 2, 'sdp_seed': 42, 'sdp_solver_mode': 'scs', 'sdp_scs_eps': 1e-06, 'sdp_scs_max_iters': 100000, 'warm_start_corr_strength': None, 'warm_start_corr_repeats': None, 'compare_with_010101': False, 'init_QAOAparams_close_to_zero': False, 'use_correlations_as_initial_params': False, 'time_limit': None, 'failed_instance_termination_thrsh': None, 'graph_generation_type': 'hog', 'weighted': False, 'easiest_first': False, 'cpu_util_threshold': None, 'debug': False, 'save_circuit_svg': False, 'rerun_exclude_finished_instances': True, 'warm_start_cache_producer_only': True, 'qaoa_only_from_existing_warm_start_cache': False, 'optimiser_debug_iterations': None, 'num_repeats': 1, 'relative_graph_adjList_path': 'HOG_graphs/random_graphs_8to14vertices_78instances_20260625_143415_AdjacencyList.txt', 'persistent_warm_start_cache': True, 'warm_start_cache_dir': 'Results/warm_start_cache/experiment_3', 'warm_start_cache_max_file_mb': 512, 'warm_start_cache_max_total_gb': 60, 'sdp_max_parallel': 32, 'qaoa_max_parallel': 0, 'sdp_threads': 1, 'qaoa_threads': 1, 'sdp_memory_limit_total_gb': 350, 'sdp_memory_limit_single_gb': 350, 'sdp_memory_poll_seconds': 5, 'sdp_max_retries': 3, 'queue_poll_interval_seconds': 5}, Running QAOA with equal superposition
Benchmark run ID: 196b501e
Benchmark repeat index: 1
SDP seed override: 42
Processor: x86_64
Hostname: dacsgpu0003
Total RAM (GB): None
Physical cores: 64
Logical cores: 64
Python version: 3.11.15
Initialisation time: 0.00 seconds; started at stardate {'initialisation': 0.0030393600463867188} and finished at stardate1783094992.5123563
Loaded HOG graph index 74 with 28 edges.
Instance generation for n=74 took 0.00 seconds; started at stardate 1783094992.512363 and finished at stardate 1783094992.5156538
Running QAOA for n=14 nodes, m=28 edges...; Max iterations: 50
Warm-start: starting SDP solve for n_vertices=14
Warm-start: using configured sdp_seed=42
Using SCS solver for SDP with eps=1e-06, max_iters=100000.
SDP solver status: optimal
SDP solver name: SCS
SDP solver iterations: 11100
SDP solve time: 3881.303254349
SDP extra stats: {'x': array([ 1.00000000e+00, -2.60607185e-12, -3.79332418e-13, ...,
        1.00000000e+00,  4.03275108e-18,  1.00000000e+00], shape=(371953,)), 'y': array([2.60011284e-02, 1.07700249e-02, 1.07700249e-02, ...,
       3.88490102e-03, 4.02657626e-13, 1.84333577e-02], shape=(1024088,)), 's': array([ 0.00000000e+00,  0.00000000e+00,  0.00000000e+00, ...,
        1.00000001e+00, -5.59038150e-15,  1.00000003e+00],
      shape=(1024088,)), 'info': {'status_val': 1, 'iter': 11100, 'scale_updates': 3, 'scale': 1.325324404070417, 'pobj': -16.604477961371394, 'dobj': -16.604478084936495, 'res_pri': 1.966861136372993e-06, 'res_dual': 8.448866622089389e-07, 'gap': 1.2356510126210196e-07, 'res_infeas': nan, 'res_unbdd_a': 0.060224717836956265, 'res_unbdd_p': 0.0, 'comp_slack': 6.525424645076328e-10, 'solve_time': 3881303.254349, 'setup_time': 603.709781, 'lin_sys_time': 174310.96628599995, 'cone_time': 3644434.308237006, 'accel_time': 12754.895700999203, 'rejected_accel_steps': 98, 'accepted_accel_steps': 1, 'status': 'solved'}}
Rounding...
Setting seed to 42
n_vertices: 14 for n = 42
Using seed 42 to generate random matrix for x.
Energy of rounded cut/product state: 19.519555805290153
Algorithm 17 lower-bound energy: 18.195619777478825
Algorithm 17 actual entangled-state energy: 20.241319441796755
SDP objective value: 30.604477961371398
20 in cut out of a total of 28 edges
Warm-start: SDP solve + rounding finished in 116474.09 seconds
Warm-start: using level-2 Algorithm 17 entangled statevector with shape (16384,)
Warm-start cache: moment matrix before save shape=(862, 862), dtype=float64, entries=743044, bytes=5944352 (5.67 MiB)
Warm-start cache: saved Results/warm_start_cache/experiment_3/random_graphs_8to14vertices_78instances_20260625_143415_AdjacencyList__filehash_a79662a0/hog_idx000074_8116920d8962_seed42_L2_M2_amplified.npz in 0.0600 seconds
WARM_START_CACHE_PRODUCER_ONLY is set; warm-start cache has been produced/loaded. Exiting before QAOA optimisation.
