Starting QAOA benchmark with global start time: 1783092081.2669532
Benchmark parameters: {'optimiser': 'adam', 'optimiser_use_heuristic': True, 'heuristic_optimiser_iterations': 2, 'heuristic_optimiser_sampleSize': 1000, 'circuit_type': 'hamqaoa', 'parameter_vector': [1, 1, 1], 'iterations_list': [50], 'learning_rate_adam': 0.05, 'depth_list': [1, 3, 5], 'n_start': None, 'n_end': None, 'singlet_injection': False, 'start_index_singlet': None, 'warm_start': True, 'warm_start_mode': 'amplified', 'lasserre_level': 2, 'initial_solver_level_M': 2, 'sdp_seed': 42, 'sdp_solver_mode': 'scs', 'sdp_scs_eps': 1e-06, 'sdp_scs_max_iters': 100000, 'warm_start_corr_strength': None, 'warm_start_corr_repeats': None, 'compare_with_010101': False, 'init_QAOAparams_close_to_zero': False, 'use_correlations_as_initial_params': False, 'time_limit': None, 'failed_instance_termination_thrsh': None, 'graph_generation_type': 'hog', 'weighted': False, 'easiest_first': False, 'cpu_util_threshold': None, 'debug': False, 'save_circuit_svg': False, 'rerun_exclude_finished_instances': True, 'warm_start_cache_producer_only': True, 'qaoa_only_from_existing_warm_start_cache': False, 'optimiser_debug_iterations': None, 'num_repeats': 1, 'relative_graph_adjList_path': 'HOG_graphs/random_graphs_8to14vertices_78instances_20260625_143415_AdjacencyList.txt', 'persistent_warm_start_cache': True, 'warm_start_cache_dir': 'Results/warm_start_cache/experiment_3', 'warm_start_cache_max_file_mb': 512, 'warm_start_cache_max_total_gb': 60, 'sdp_max_parallel': 32, 'qaoa_max_parallel': 0, 'sdp_threads': 1, 'qaoa_threads': 1, 'sdp_memory_limit_total_gb': 350, 'sdp_memory_limit_single_gb': 350, 'sdp_memory_poll_seconds': 5, 'sdp_max_retries': 3, 'queue_poll_interval_seconds': 5}, Running QAOA with equal superposition
Benchmark run ID: a48da4e9
Benchmark repeat index: 1
SDP seed override: 42
Processor: x86_64
Hostname: dacsgpu0003
Total RAM (GB): None
Physical cores: 64
Logical cores: 64
Python version: 3.11.15
Initialisation time: 0.00 seconds; started at stardate {'initialisation': 0.004260063171386719} and finished at stardate1783092081.2712195
Loaded HOG graph index 35 with 25 edges.
Instance generation for n=35 took 0.00 seconds; started at stardate 1783092081.2712235 and finished at stardate 1783092081.2730267
Running QAOA for n=11 nodes, m=25 edges...; Max iterations: 50
Warm-start: starting SDP solve for n_vertices=11
Warm-start: using configured sdp_seed=42
Using SCS solver for SDP with eps=1e-06, max_iters=100000.
SDP solver status: optimal
SDP solver name: SCS
SDP solver iterations: 6075
SDP solve time: 829.3068940080001
SDP extra stats: {'x': array([ 1.00000000e+00, -8.42983797e-14,  9.10190873e-14, ...,
        1.00000000e+00,  2.18774695e-18,  1.00000000e+00], shape=(140185,)), 'y': array([ 2.53327852e-02,  1.04931811e-02,  1.04931811e-02, ...,
        7.78304624e-03, -9.01097119e-15,  1.65683403e-02], shape=(388841,)), 's': array([ 0.00000000e+00,  0.00000000e+00,  0.00000000e+00, ...,
        1.00000001e+00, -5.87134864e-17,  1.00000009e+00], shape=(388841,)), 'info': {'status_val': 1, 'iter': 6075, 'scale_updates': 4, 'scale': 0.2126819364680403, 'pobj': -11.211954830171576, 'dobj': -11.211955066145514, 'res_pri': 2.0412863061093498e-06, 'res_dual': 8.357712060702185e-08, 'gap': 2.3597393727925464e-07, 'res_infeas': nan, 'res_unbdd_a': 0.089190512745631, 'res_unbdd_p': 0.0, 'comp_slack': 1.0940290909052975e-11, 'solve_time': 829306.894008, 'setup_time': 354.138063, 'lin_sys_time': 52202.873079000114, 'cone_time': 754942.2059569986, 'accel_time': 4331.129298000019, 'rejected_accel_steps': 52, 'accepted_accel_steps': 2, 'status': 'solved'}}
Rounding...
Setting seed to 42
n_vertices: 11 for n = 33
Using seed 42 to generate random matrix for x.
Energy of rounded cut/product state: 15.646890768679247
Algorithm 17 lower-bound energy: 14.438128549412118
Algorithm 17 actual entangled-state energy: 16.093662070961095
SDP objective value: 23.711954830171575
16 in cut out of a total of 25 edges
Warm-start: SDP solve + rounding finished in 17639.65 seconds
Warm-start: using level-2 Algorithm 17 entangled statevector with shape (2048,)
Warm-start cache: moment matrix before save shape=(529, 529), dtype=float64, entries=279841, bytes=2238728 (2.14 MiB)
Warm-start cache: saved Results/warm_start_cache/experiment_3/random_graphs_8to14vertices_78instances_20260625_143415_AdjacencyList__filehash_a79662a0/hog_idx000035_fe0f89ed78b4_seed42_L2_M2_amplified.npz in 0.0231 seconds
WARM_START_CACHE_PRODUCER_ONLY is set; warm-start cache has been produced/loaded. Exiting before QAOA optimisation.
