Starting QAOA benchmark with global start time: 1788934024.1162422
Benchmark parameters: {'optimiser': 'adam', 'optimiser_use_heuristic': False, 'heuristic_optimiser_iterations': None, 'heuristic_optimiser_sampleSize': None, 'circuit_type': 'hamqaoa', 'parameter_vector': [1, 1, 1], 'iterations_list': [75], 'learning_rate_adam': 0.001, 'depth_list': [1, 2, 3, 4, 5], 'n_start': None, 'n_end': None, 'singlet_injection': False, 'start_index_singlet': None, 'warm_start': True, 'warm_start_mode': 'standard', 'lasserre_level': 1, 'initial_solver_level_M': 1, 'sdp_seed': 42, 'sdp_solver_mode': 'scs', 'sdp_scs_eps': 1e-06, 'sdp_scs_max_iters': 100000, 'warm_start_corr_strength': None, 'warm_start_corr_repeats': None, 'compare_with_010101': False, 'init_QAOAparams_close_to_zero': False, 'use_correlations_as_initial_params': False, 'time_limit': None, 'failed_instance_termination_thrsh': None, 'graph_generation_type': 'hog', 'weighted': False, 'easiest_first': False, 'cpu_util_threshold': None, 'debug': False, 'save_circuit_svg': False, 'rerun_exclude_finished_instances': False, 'warm_start_cache_producer_only': False, 'qaoa_only_from_existing_warm_start_cache': True, 'optimiser_debug_iterations': None, 'num_repeats': 1, 'relative_graph_adjList_path': 'HOG_graphs/triangleFree_connected_4to8vertices_176instances_AdjacencyList.txt', 'persistent_warm_start_cache': True, 'warm_start_cache_dir': 'Results/warm_start_cache', 'warm_start_cache_max_file_mb': 512, 'warm_start_cache_max_total_gb': 60, 'sdp_max_parallel': 0, 'qaoa_max_parallel': 16, 'sdp_threads': 1, 'qaoa_threads': 1, 'sdp_memory_limit_total_gb': 0, 'sdp_memory_limit_single_gb': 0, 'sdp_memory_poll_seconds': 5, 'sdp_max_retries': 0, 'queue_poll_interval_seconds': 5, 'max_graph_vertices': 10, 'completed_result_csv_paths': [], 'qaoa_seed': 42, 'initialise_standard_warm_start_with_zero_angles': True, 'result_name_suffix': '_FINAL_BENCHMARKS_STANDARD', 'algorithm17_beta_mode': 'fixed'}, Running QAOA with equal superposition
Benchmark run ID: 415151ee
Benchmark repeat index: 1
Configured SDP rounding seed: 42
QAOA seed used: 42
Processor: x86_64
Hostname: dacsgpu0003
Total RAM (GB): None
Physical cores: 64
Logical cores: 64
Python version: 3.11.15
Initialisation time: 0.01 seconds; started at stardate {'initialisation': 0.005570650100708008} and finished at stardate1788934024.1218212
Loaded HOG graph index 73 with 6 edges.
Instance generation for n=73 took 0.00 seconds; started at stardate 1788934024.121828 and finished at stardate 1788934024.1262023
Running QAOA for n=6 nodes, m=6 edges...; Max iterations: 75
Warm-start cache: loading Results/warm_start_cache/triangleFree_connected_4to8vertices_176instances_AdjacencyList__filehash_279b7452/hog_idx000073_b38bb29fe709_seed42_L1_M1_amplified.npz
Warm-start cache: loaded in 0.0019 seconds; effective compute time=0.09567523002624512
Edges: [(2, 3), (0, 4), (3, 5), (1, 5), (4, 5), (2, 4)], weights: [1.0, 1.0, 1.0, 1.0, 1.0, 1.0], set of nodes: {0, 1, 2, 3, 4, 5}, n: 6 nodes, p: 3 layers, N_bayes: 75 iterations
Solving for uuid: f35a12bd
Initial state injected as warm start
Running ADAM optimization with a single iteration (no debug loop)
2.9999998892330986
QAOA optimisation for n=73 took 7.22 seconds; started at stardate 1788934024.1262076 and finished at stardate 1788934031.3445823
Finished QAOA for n=6 nodes, m=6 edges at 2026-09-09 08:07:11 on x86_64. Time taken: 7.22 seconds. Hours: 0.00 hours. Peak RAM: 0.23 MB.
Unknown graph type for approximation ratio calculation; checking misc CSV.
Checking optimal_results_misc.csv for matching edges and weights...
Found matching exact result in misc CSV: 4.16658698880218
CSV writing for n=73 took 0.01 seconds; started at stardate 1788934031.3445914 and finished at stardate 1788934031.352982
results: {73: 2.9999998892330986}
durations: {6: 7.218380451202393}
Results saved to: Results/logs/adam/qaoa_results_adam_20260909_071551_pid294312_FINAL_BENCHMARKS_STANDARD.csv
Global end time: 1788934031.3529925
Finalisation time: 0.00 seconds; started at stardate 1788934031.352985 and finished at stardate 1788934031.3529978
Sum of all section times: 7.24 seconds
run_id: 415151ee
