Starting QAOA benchmark with global start time: 1786069360.5743816
Benchmark parameters: {'optimiser': 'adam', 'optimiser_use_heuristic': True, 'heuristic_optimiser_iterations': 2, 'heuristic_optimiser_sampleSize': 20, 'circuit_type': 'hamqaoa', 'parameter_vector': [1, 1, 1], 'iterations_list': [50], 'learning_rate_adam': 0.001, 'depth_list': [1, 2, 3, 5], 'n_start': None, 'n_end': None, 'singlet_injection': False, 'start_index_singlet': None, 'warm_start': True, 'warm_start_mode': 'standard', 'lasserre_level': 2, 'initial_solver_level_M': 2, 'sdp_seed': None, 'sdp_solver_mode': 'scs', 'sdp_scs_eps': 1e-06, 'sdp_scs_max_iters': 100000, 'warm_start_corr_strength': None, 'warm_start_corr_repeats': None, 'compare_with_010101': False, 'init_QAOAparams_close_to_zero': False, 'use_correlations_as_initial_params': False, 'time_limit': None, 'failed_instance_termination_thrsh': None, 'graph_generation_type': 'hog', 'weighted': False, 'easiest_first': False, 'cpu_util_threshold': None, 'debug': False, 'save_circuit_svg': False, 'rerun_exclude_finished_instances': True, 'warm_start_cache_producer_only': False, 'qaoa_only_from_existing_warm_start_cache': True, 'optimiser_debug_iterations': None, 'num_repeats': 1, 'relative_graph_adjList_path': 'HOG_graphs/Exp5/path_graphs_2to12vertices_11instances_AdjacencyList.txt', 'persistent_warm_start_cache': True, 'warm_start_cache_dir': 'Results/warm_start_cache', 'warm_start_cache_max_file_mb': 512, 'warm_start_cache_max_total_gb': 60, 'sdp_max_parallel': 0, 'qaoa_max_parallel': 16, 'sdp_threads': 1, 'qaoa_threads': 1, 'sdp_memory_limit_total_gb': 0, 'sdp_memory_limit_single_gb': 0, 'sdp_memory_poll_seconds': 5, 'sdp_max_retries': 0, 'queue_poll_interval_seconds': 5, 'completed_result_csv_paths': [], 'initialise_standard_warm_start_with_zero_angles': False, 'result_name_suffix': '_Exp5_subexp4_standardWithHeuristic'}, Running QAOA with equal superposition
Benchmark run ID: b719840e
Benchmark repeat index: 1
SDP seed override: None
Processor: x86_64
Hostname: dacsvm-cpunode01
Total RAM (GB): None
Physical cores: 32
Logical cores: 32
Python version: 3.11.15
Initialisation time: 0.01 seconds; started at stardate {'initialisation': 0.008574247360229492} and finished at stardate1786069360.5829656
Loaded HOG graph index 7 with 8 edges.
Instance generation for n=7 took 0.00 seconds; started at stardate 1786069360.5829706 and finished at stardate 1786069360.5834324
Running QAOA for n=9 nodes, m=8 edges...; Max iterations: 50
Warm-start cache: loading Results/warm_start_cache/path_graphs_2to12vertices_11instances_AdjacencyList__filehash_01292d61/hog_idx000007_7fe36149e5ca_noseed_L2_M2_standard.npz
Warm-start cache: loaded in 0.0029 seconds; effective compute time=1519.3354322910309
Edges: [(0, 1), (2, 3), (1, 2), (5, 6), (3, 4), (7, 8), (4, 5), (6, 7)], weights: [1.0, 1.0, 1.0, 1.0, 1.0, 1.0, 1.0, 1.0], set of nodes: {0, 1, 2, 3, 4, 5, 6, 7, 8}, n: 9 nodes, p: 1 layers, N_bayes: 50 iterations
Solving for uuid: 1a46c10b
Initial state injected as warm start
Running ADAM optimization with a single iteration (no debug loop)
Warm-start fallback: optimiser result was below the SDP warm-start energy; using the warm-start energy instead.
7.435301637534778
QAOA optimisation for n=7 took 31.39 seconds; started at stardate 1786069360.583436 and finished at stardate 1786069391.9693744
Finished QAOA for n=9 nodes, m=8 edges at 2026-08-07 04:23:11 on x86_64. Time taken: 31.39 seconds. Hours: 0.01 hours. Peak RAM: 0.3 MB.
Computing line approximation ratio
CSV writing for n=7 took 0.03 seconds; started at stardate 1786069391.9693823 and finished at stardate 1786069391.9967997
results: {7: 7.435301637534778}
durations: {9: 31.385943174362183}
Results saved to: Results/logs/adam/qaoa_results_adam_20260807_041503_pid1461663_Exp5_subexp4_standardWithHeuristic.csv
Global end time: 1786069391.9968138
Finalisation time: 0.00 seconds; started at stardate 1786069391.9968057 and finished at stardate 1786069391.996817
Sum of all section times: 31.42 seconds
run_id: b719840e
