Starting QAOA benchmark with global start time: 1787244569.3730042
Benchmark parameters: {'optimiser': 'adam', 'optimiser_use_heuristic': False, 'heuristic_optimiser_iterations': None, 'heuristic_optimiser_sampleSize': None, 'circuit_type': 'hamqaoa', 'parameter_vector': [1, 1, 1], 'iterations_list': [50], 'learning_rate_adam': 0.05, 'depth_list': [1, 2, 3, 4, 5], 'n_start': None, 'n_end': None, 'singlet_injection': False, 'start_index_singlet': None, 'warm_start': True, 'warm_start_mode': 'amplified', 'lasserre_level': 1, 'initial_solver_level_M': 1, 'sdp_seed': None, 'sdp_solver_mode': 'scs', 'sdp_scs_eps': 1e-06, 'sdp_scs_max_iters': 100000, 'warm_start_corr_strength': None, 'warm_start_corr_repeats': None, 'compare_with_010101': False, 'init_QAOAparams_close_to_zero': False, 'use_correlations_as_initial_params': False, 'time_limit': None, 'failed_instance_termination_thrsh': None, 'graph_generation_type': 'hog', 'weighted': False, 'easiest_first': False, 'cpu_util_threshold': None, 'debug': False, 'save_circuit_svg': False, 'rerun_exclude_finished_instances': True, 'warm_start_cache_producer_only': False, 'qaoa_only_from_existing_warm_start_cache': True, 'optimiser_debug_iterations': None, 'num_repeats': 1, 'relative_graph_adjList_path': 'HOG_graphs/Exp5/list_388_graphs_adjacency_list_hog_v04-12_regular.txt', 'persistent_warm_start_cache': True, 'warm_start_cache_dir': 'Results/warm_start_cache', 'warm_start_cache_max_file_mb': 512, 'warm_start_cache_max_total_gb': 60, 'sdp_max_parallel': 0, 'qaoa_max_parallel': 16, 'sdp_threads': 1, 'qaoa_threads': 1, 'sdp_memory_limit_total_gb': 0, 'sdp_memory_limit_single_gb': 0, 'sdp_memory_poll_seconds': 5, 'sdp_max_retries': 0, 'queue_poll_interval_seconds': 5, 'max_graph_vertices': 11, 'completed_result_csv_paths': [], 'qaoa_seed': 1, 'initialise_standard_warm_start_with_zero_angles': False, 'result_name_suffix': '_Exp7_AmplifiedWithHeuristic'}, Running QAOA with equal superposition
Benchmark run ID: 01af02fd
Benchmark repeat index: 1
SDP seed override: None
QAOA seed: 1400201
Processor: x86_64
Hostname: dacsvm-cpunode01
Total RAM (GB): None
Physical cores: 32
Logical cores: 32
Python version: 3.11.15
Initialisation time: 0.01 seconds; started at stardate {'initialisation': 0.00769352912902832} and finished at stardate1787244569.380709
Loaded HOG graph index 14 with 27 edges.
Instance generation for n=14 took 0.13 seconds; started at stardate 1787244569.3807182 and finished at stardate 1787244569.5150497
Running QAOA for n=9 nodes, m=27 edges...; Max iterations: 50
Warm-start cache: loading Results/warm_start_cache/list_388_graphs_adjacency_list_hog_v04-12_regular__filehash_5b7f8d46/hog_idx000014_4a6c7553a0b3_noseed_L1_M1_amplified.npz
Warm-start cache: loaded in 0.0010 seconds; effective compute time=0.11462974548339844
Edges: [(3, 8), (2, 6), (3, 5), (4, 6), (0, 5), (1, 4), (0, 2), (1, 7), (5, 7), (2, 8), (4, 5), (3, 7), (2, 5), (4, 8), (1, 3), (0, 1), (0, 4), (6, 8), (3, 6), (2, 7), (4, 7), (0, 3), (1, 2), (1, 8), (0, 6), (5, 8), (6, 7)], weights: [1.0, 1.0, 1.0, 1.0, 1.0, 1.0, 1.0, 1.0, 1.0, 1.0, 1.0, 1.0, 1.0, 1.0, 1.0, 1.0, 1.0, 1.0, 1.0, 1.0, 1.0, 1.0, 1.0, 1.0, 1.0, 1.0, 1.0], set of nodes: {0, 1, 2, 3, 4, 5, 6, 7, 8}, n: 9 nodes, p: 3 layers, N_bayes: 50 iterations
Solving for uuid: a185502e
Initial state injected as warm start
Warm start correlations applied in the form of weak entanglement
Running ADAM optimization with a single iteration (no debug loop)
7.874823120218028
QAOA optimisation for n=14 took 44.57 seconds; started at stardate 1787244569.5150561 and finished at stardate 1787244614.0897603
Finished QAOA for n=9 nodes, m=27 edges at 2026-08-20 18:50:14 on x86_64. Time taken: 44.57 seconds. Hours: 0.01 hours. Peak RAM: 0.44 MB.
Unknown graph type for approximation ratio calculation; checking misc CSV.
Checking optimal_results_misc.csv for matching edges and weights...
Found matching exact result in misc CSV: 12.000000000000028
CSV writing for n=14 took 0.07 seconds; started at stardate 1787244614.089773 and finished at stardate 1787244614.157216
results: {14: 7.874823120218028}
durations: {9: 44.57471466064453}
Results saved to: Results/logs/adam/qaoa_results_adam_20260820_165704_pid1777135_Exp7_AmplifiedWithHeuristic.csv
Global end time: 1787244614.1572294
Finalisation time: 0.00 seconds; started at stardate 1787244614.1572208 and finished at stardate 1787244614.157234
Sum of all section times: 44.78 seconds
run_id: 01af02fd
