Starting QAOA benchmark with global start time: 1788310435.1460419
Benchmark parameters: {'optimiser': 'adam', 'optimiser_use_heuristic': None, 'heuristic_optimiser_iterations': None, 'heuristic_optimiser_sampleSize': None, 'circuit_type': 'hamqaoa', 'parameter_vector': [1, 1, 1], 'iterations_list': [75], 'learning_rate_adam': None, 'depth_list': [1], 'n_start': None, 'n_end': None, 'singlet_injection': False, 'start_index_singlet': None, 'warm_start': True, 'warm_start_mode': 'amplified', 'lasserre_level': 2, 'initial_solver_level_M': 2, 'sdp_seed': 43, 'sdp_solver_mode': 'scs', 'sdp_scs_eps': 1e-07, 'sdp_scs_max_iters': 100000, 'warm_start_corr_strength': None, 'warm_start_corr_repeats': None, 'compare_with_010101': False, 'init_QAOAparams_close_to_zero': False, 'use_correlations_as_initial_params': False, 'time_limit': None, 'failed_instance_termination_thrsh': None, 'graph_generation_type': 'hog', 'weighted': False, 'easiest_first': False, 'cpu_util_threshold': None, 'debug': False, 'save_circuit_svg': False, 'rerun_exclude_finished_instances': True, 'warm_start_cache_producer_only': True, 'qaoa_only_from_existing_warm_start_cache': False, 'optimiser_debug_iterations': None, 'num_repeats': 1, 'relative_graph_adjList_path': 'HOG_graphs/triangleFree_connected_4to15vertices_829instances_AdjacencyList.txt', 'persistent_warm_start_cache': True, 'warm_start_cache_dir': 'Results/warm_start_cache_experiments/Exp4a_tf829_L2M2_gpseed43_alg17seed44', 'warm_start_cache_max_file_mb': 512, 'warm_start_cache_max_total_gb': 200, 'sdp_max_parallel': 64, 'qaoa_max_parallel': 0, 'sdp_threads': 1, 'qaoa_threads': 1, 'sdp_memory_limit_total_gb': 250, 'sdp_memory_limit_single_gb': 100, 'sdp_memory_poll_seconds': 5, 'sdp_max_retries': 3, 'queue_poll_interval_seconds': 5, 'max_graph_vertices': 15, 'completed_result_csv_paths': [], 'qaoa_seed': 1, 'initialise_standard_warm_start_with_zero_angles': False, 'result_name_suffix': '_Exp4a_tf829_L2M2_gpseed43_alg17seed44'}, Running QAOA with equal superposition
Benchmark run ID: d2aba428
Benchmark repeat index: 1
Configured SDP rounding seed: 43
QAOA seed used: 1
Processor: x86_64
Hostname: dacsgpu0002
Total RAM (GB): None
Physical cores: 64
Logical cores: 64
Python version: 3.11.15
Initialisation time: 0.01 seconds; started at stardate {'initialisation': 0.0064830780029296875} and finished at stardate1788310435.152544
Loaded HOG graph index 290 with 18 edges.
Instance generation for n=290 took 0.17 seconds; started at stardate 1788310435.152554 and finished at stardate 1788310435.321645
Running QAOA for n=11 nodes, m=18 edges...; Max iterations: 75
Warm-start: starting SDP solve for n_vertices=11
Warm-start: using configured sdp_seed=43
Using SCS solver for SDP with eps=1e-07, max_iters=100000.
SDP solver status: optimal
SDP solver name: SCS
SDP solver iterations: 6325
SDP solve time: 862.630492147
SDP extra stats: {'x': array([ 1.00000000e+00, -3.73752038e-12, -1.35881295e-13, ...,
        1.00000000e+00,  8.92564005e-18,  1.00000000e+00], shape=(140185,)), 'y': array([ 4.32397633e-02,  1.79104961e-02,  1.79104961e-02, ...,
        1.64406384e-04, -2.48395345e-14,  6.96104447e-03], shape=(388841,)), 's': array([ 0.00000000e+00,  0.00000000e+00,  0.00000000e+00, ...,
        1.00000001e+00, -3.94037514e-16,  1.00000004e+00], shape=(388841,)), 'info': {'status_val': 1, 'iter': 6325, 'scale_updates': 4, 'scale': 0.4789504787328384, 'pobj': -11.898638451325853, 'dobj': -11.898638425824421, 'res_pri': 1.0998466618851e-07, 'res_dual': 1.0241127809632586e-08, 'gap': 2.5501432077135178e-08, 'res_infeas': nan, 'res_unbdd_a': 0.08404322932470822, 'res_unbdd_p': 0.0, 'comp_slack': 1.1779088265620457e-10, 'solve_time': 862630.492147, 'setup_time': 519.933012, 'lin_sys_time': 76941.64369999993, 'cone_time': 752345.4510690003, 'accel_time': 6328.975739999996, 'rejected_accel_steps': 53, 'accepted_accel_steps': 6, 'status': 'solved'}}
Rounding...
Setting seed to 43
n_vertices: 11 for n = 33
Using seed 43 to generate random matrix for x.
Energy of rounded cut/product state: 14.904960052111516
Algorithm 17 lower-bound energy: 12.23500546842344
Algorithm 17 actual entangled-state energy: 15.373745970762476
SDP objective value: 20.898638451325855
18 in cut out of a total of 18 edges
Warm-start: SDP solve + rounding finished in 21077.86 seconds
Warm-start: using level-2 Algorithm 17 entangled statevector with shape (2048,)
Warm-start cache: moment matrix before save shape=(529, 529), dtype=float64, entries=279841, bytes=2238728 (2.14 MiB)
Warm-start cache: saved Results/warm_start_cache_experiments/Exp4a_tf829_L2M2_gpseed43_alg17seed44/triangleFree_connected_4to15vertices_829instances_AdjacencyList__filehash_af0e2099/hog_idx000290_c37c2e89fb64_seed43_L2_M2_amplified.npz in 0.0340 seconds
WARM_START_CACHE_PRODUCER_ONLY is set; warm-start cache has been produced/loaded. Exiting before QAOA optimisation.
