Starting QAOA benchmark with global start time: 1788296884.8271956
Benchmark parameters: {'optimiser': 'adam', 'optimiser_use_heuristic': None, 'heuristic_optimiser_iterations': None, 'heuristic_optimiser_sampleSize': None, 'circuit_type': 'hamqaoa', 'parameter_vector': [1, 1, 1], 'iterations_list': [75], 'learning_rate_adam': None, 'depth_list': [1], 'n_start': None, 'n_end': None, 'singlet_injection': False, 'start_index_singlet': None, 'warm_start': True, 'warm_start_mode': 'amplified', 'lasserre_level': 2, 'initial_solver_level_M': 2, 'sdp_seed': 43, 'sdp_solver_mode': 'scs', 'sdp_scs_eps': 1e-07, 'sdp_scs_max_iters': 100000, 'warm_start_corr_strength': None, 'warm_start_corr_repeats': None, 'compare_with_010101': False, 'init_QAOAparams_close_to_zero': False, 'use_correlations_as_initial_params': False, 'time_limit': None, 'failed_instance_termination_thrsh': None, 'graph_generation_type': 'hog', 'weighted': False, 'easiest_first': False, 'cpu_util_threshold': None, 'debug': False, 'save_circuit_svg': False, 'rerun_exclude_finished_instances': True, 'warm_start_cache_producer_only': True, 'qaoa_only_from_existing_warm_start_cache': False, 'optimiser_debug_iterations': None, 'num_repeats': 1, 'relative_graph_adjList_path': 'HOG_graphs/triangleFree_connected_4to15vertices_829instances_AdjacencyList.txt', 'persistent_warm_start_cache': True, 'warm_start_cache_dir': 'Results/warm_start_cache_experiments/Exp4a_tf829_L2M2_gpseed43_alg17seed44', 'warm_start_cache_max_file_mb': 512, 'warm_start_cache_max_total_gb': 200, 'sdp_max_parallel': 64, 'qaoa_max_parallel': 0, 'sdp_threads': 1, 'qaoa_threads': 1, 'sdp_memory_limit_total_gb': 250, 'sdp_memory_limit_single_gb': 100, 'sdp_memory_poll_seconds': 5, 'sdp_max_retries': 3, 'queue_poll_interval_seconds': 5, 'max_graph_vertices': 15, 'completed_result_csv_paths': [], 'qaoa_seed': 1, 'initialise_standard_warm_start_with_zero_angles': False, 'result_name_suffix': '_Exp4a_tf829_L2M2_gpseed43_alg17seed44'}, Running QAOA with equal superposition
Benchmark run ID: 10dd3f94
Benchmark repeat index: 1
Configured SDP rounding seed: 43
QAOA seed used: 1
Processor: x86_64
Hostname: dacsgpu0002
Total RAM (GB): None
Physical cores: 64
Logical cores: 64
Python version: 3.11.15
Initialisation time: 0.00 seconds; started at stardate {'initialisation': 0.003637552261352539} and finished at stardate1788296884.8308508
Loaded HOG graph index 508 with 9 edges.
Instance generation for n=508 took 0.17 seconds; started at stardate 1788296884.830861 and finished at stardate 1788296884.9975235
Running QAOA for n=9 nodes, m=9 edges...; Max iterations: 75
Warm-start: starting SDP solve for n_vertices=9
Warm-start: using configured sdp_seed=43
Using SCS solver for SDP with eps=1e-07, max_iters=100000.
SDP solver status: optimal
SDP solver name: SCS
SDP solver iterations: 6875
SDP solve time: 366.746909965
SDP extra stats: {'x': array([ 1.00000000e+00,  9.13245355e-12, -3.32156430e-12, ...,
        1.00000000e+00,  1.04222877e-18,  1.00000000e+00], shape=(62128,)), 'y': array([2.66959371e-02, 1.10578205e-02, 1.10578205e-02, ...,
       7.97585104e-03, 8.67350110e-13, 3.25077316e-02], shape=(173558,)), 's': array([ 0.00000000e+00,  0.00000000e+00,  0.00000000e+00, ...,
        1.00000000e+00, -6.37175216e-15,  1.00000000e+00], shape=(173558,)), 'info': {'status_val': 1, 'iter': 6875, 'scale_updates': 2, 'scale': 2.03812313972877, 'pobj': -7.295965921247403, 'dobj': -7.295965889753229, 'res_pri': 5.219282316285018e-08, 'res_dual': 1.4613718993978123e-07, 'gap': 3.1494173491353195e-08, 'res_infeas': nan, 'res_unbdd_a': 0.13706204370948627, 'res_unbdd_p': 0.0, 'comp_slack': 1.1016381909107907e-10, 'solve_time': 366746.909965, 'setup_time': 173.967486, 'lin_sys_time': 31087.939612000075, 'cone_time': 321960.0962159997, 'accel_time': 2764.2551209999174, 'rejected_accel_steps': 60, 'accepted_accel_steps': 3, 'status': 'solved'}}
Rounding...
Setting seed to 43
n_vertices: 9 for n = 27
Using seed 43 to generate random matrix for x.
Energy of rounded cut/product state: 6.190767126657219
Algorithm 17 lower-bound energy: 7.010599843366158
Algorithm 17 actual entangled-state energy: 6.768080773015786
SDP objective value: 11.795965921247403
7 in cut out of a total of 9 edges
Warm-start: SDP solve + rounding finished in 3823.61 seconds
Warm-start: using level-2 Algorithm 17 entangled statevector with shape (512,)
Warm-start cache: moment matrix before save shape=(352, 352), dtype=float64, entries=123904, bytes=991232 (0.95 MiB)
Warm-start cache: saved Results/warm_start_cache_experiments/Exp4a_tf829_L2M2_gpseed43_alg17seed44/triangleFree_connected_4to15vertices_829instances_AdjacencyList__filehash_af0e2099/hog_idx000508_b0e1572b457a_seed43_L2_M2_amplified.npz in 0.0144 seconds
WARM_START_CACHE_PRODUCER_ONLY is set; warm-start cache has been produced/loaded. Exiting before QAOA optimisation.
