Starting QAOA benchmark with global start time: 1788293300.552105
Benchmark parameters: {'optimiser': 'adam', 'optimiser_use_heuristic': None, 'heuristic_optimiser_iterations': None, 'heuristic_optimiser_sampleSize': None, 'circuit_type': 'hamqaoa', 'parameter_vector': [1, 1, 1], 'iterations_list': [75], 'learning_rate_adam': None, 'depth_list': [1], 'n_start': None, 'n_end': None, 'singlet_injection': False, 'start_index_singlet': None, 'warm_start': True, 'warm_start_mode': 'amplified', 'lasserre_level': 2, 'initial_solver_level_M': 2, 'sdp_seed': 43, 'sdp_solver_mode': 'scs', 'sdp_scs_eps': 1e-07, 'sdp_scs_max_iters': 100000, 'warm_start_corr_strength': None, 'warm_start_corr_repeats': None, 'compare_with_010101': False, 'init_QAOAparams_close_to_zero': False, 'use_correlations_as_initial_params': False, 'time_limit': None, 'failed_instance_termination_thrsh': None, 'graph_generation_type': 'hog', 'weighted': False, 'easiest_first': False, 'cpu_util_threshold': None, 'debug': False, 'save_circuit_svg': False, 'rerun_exclude_finished_instances': True, 'warm_start_cache_producer_only': True, 'qaoa_only_from_existing_warm_start_cache': False, 'optimiser_debug_iterations': None, 'num_repeats': 1, 'relative_graph_adjList_path': 'HOG_graphs/triangleFree_connected_4to15vertices_829instances_AdjacencyList.txt', 'persistent_warm_start_cache': True, 'warm_start_cache_dir': 'Results/warm_start_cache_experiments/Exp4a_tf829_L2M2_gpseed43_alg17seed44', 'warm_start_cache_max_file_mb': 512, 'warm_start_cache_max_total_gb': 200, 'sdp_max_parallel': 64, 'qaoa_max_parallel': 0, 'sdp_threads': 1, 'qaoa_threads': 1, 'sdp_memory_limit_total_gb': 250, 'sdp_memory_limit_single_gb': 100, 'sdp_memory_poll_seconds': 5, 'sdp_max_retries': 3, 'queue_poll_interval_seconds': 5, 'max_graph_vertices': 15, 'completed_result_csv_paths': [], 'qaoa_seed': 1, 'initialise_standard_warm_start_with_zero_angles': False, 'result_name_suffix': '_Exp4a_tf829_L2M2_gpseed43_alg17seed44'}, Running QAOA with equal superposition
Benchmark run ID: aa0c1739
Benchmark repeat index: 1
Configured SDP rounding seed: 43
QAOA seed used: 1
Processor: x86_64
Hostname: dacsgpu0002
Total RAM (GB): None
Physical cores: 64
Logical cores: 64
Python version: 3.11.15
Initialisation time: 0.00 seconds; started at stardate {'initialisation': 0.0047495365142822266} and finished at stardate1788293300.5568655
Loaded HOG graph index 607 with 32 edges.
Instance generation for n=607 took 0.13 seconds; started at stardate 1788293300.5568733 and finished at stardate 1788293300.6825972
Running QAOA for n=12 nodes, m=32 edges...; Max iterations: 75
Warm-start: starting SDP solve for n_vertices=12
Warm-start: using configured sdp_seed=43
Using SCS solver for SDP with eps=1e-07, max_iters=100000.
SDP solver status: optimal
SDP solver name: SCS
SDP solver iterations: 450
SDP solve time: 105.826028943
SDP extra stats: {'x': array([ 1.00000000e+00, -8.55582997e-15,  3.05094777e-15, ...,
        1.00000000e+00, -3.05689369e-18,  1.00000000e+00], shape=(199396,)), 'y': array([4.10297925e-02, 1.69950964e-02, 1.69950964e-02, ...,
       6.41937369e-02, 1.63851642e-15, 3.37366395e-01], shape=(551522,)), 's': array([0.00000000e+00, 0.00000000e+00, 0.00000000e+00, ...,
       1.00000000e+00, 1.49811361e-15, 1.00000000e+00], shape=(551522,)), 'info': {'status_val': 1, 'iter': 450, 'scale_updates': 2, 'scale': 5.246693012615049, 'pobj': -20.000000002722896, 'dobj': -19.99999999831931, 'res_pri': 4.829680586561488e-10, 'res_dual': 3.2817565356954538e-09, 'gap': 4.403585052159542e-09, 'res_infeas': nan, 'res_unbdd_a': 0.049999999993197, 'res_unbdd_p': 0.0, 'comp_slack': 2.2305579229659818e-10, 'solve_time': 105826.028943, 'setup_time': 653.057783, 'lin_sys_time': 7940.723305999997, 'cone_time': 94457.74735499998, 'accel_time': 642.5165700000003, 'rejected_accel_steps': 1, 'accepted_accel_steps': 3, 'status': 'solved'}}
Rounding...
Setting seed to 43
n_vertices: 12 for n = 36
Using seed 43 to generate random matrix for x.
Energy of rounded cut/product state: 17.272418700934757
Algorithm 17 lower-bound energy: 21.12450926294592
Algorithm 17 actual entangled-state energy: 17.76196958906095
SDP objective value: 36.000000002722906
18 in cut out of a total of 32 edges
Warm-start: SDP solve + rounding finished in 42971.01 seconds
Warm-start: using level-2 Algorithm 17 entangled statevector with shape (4096,)
Warm-start cache: moment matrix before save shape=(631, 631), dtype=float64, entries=398161, bytes=3185288 (3.04 MiB)
Warm-start cache: saved Results/warm_start_cache_experiments/Exp4a_tf829_L2M2_gpseed43_alg17seed44/triangleFree_connected_4to15vertices_829instances_AdjacencyList__filehash_af0e2099/hog_idx000607_e2d5d18a608c_seed43_L2_M2_amplified.npz in 0.0386 seconds
WARM_START_CACHE_PRODUCER_ONLY is set; warm-start cache has been produced/loaded. Exiting before QAOA optimisation.
