Starting QAOA benchmark with global start time: 1788292891.455508
Benchmark parameters: {'optimiser': 'adam', 'optimiser_use_heuristic': None, 'heuristic_optimiser_iterations': None, 'heuristic_optimiser_sampleSize': None, 'circuit_type': 'hamqaoa', 'parameter_vector': [1, 1, 1], 'iterations_list': [75], 'learning_rate_adam': None, 'depth_list': [1], 'n_start': None, 'n_end': None, 'singlet_injection': False, 'start_index_singlet': None, 'warm_start': True, 'warm_start_mode': 'amplified', 'lasserre_level': 2, 'initial_solver_level_M': 2, 'sdp_seed': 43, 'sdp_solver_mode': 'scs', 'sdp_scs_eps': 1e-07, 'sdp_scs_max_iters': 100000, 'warm_start_corr_strength': None, 'warm_start_corr_repeats': None, 'compare_with_010101': False, 'init_QAOAparams_close_to_zero': False, 'use_correlations_as_initial_params': False, 'time_limit': None, 'failed_instance_termination_thrsh': None, 'graph_generation_type': 'hog', 'weighted': False, 'easiest_first': False, 'cpu_util_threshold': None, 'debug': False, 'save_circuit_svg': False, 'rerun_exclude_finished_instances': True, 'warm_start_cache_producer_only': True, 'qaoa_only_from_existing_warm_start_cache': False, 'optimiser_debug_iterations': None, 'num_repeats': 1, 'relative_graph_adjList_path': 'HOG_graphs/triangleFree_connected_4to15vertices_829instances_AdjacencyList.txt', 'persistent_warm_start_cache': True, 'warm_start_cache_dir': 'Results/warm_start_cache_experiments/Exp4a_tf829_L2M2_gpseed43_alg17seed44', 'warm_start_cache_max_file_mb': 512, 'warm_start_cache_max_total_gb': 200, 'sdp_max_parallel': 64, 'qaoa_max_parallel': 0, 'sdp_threads': 1, 'qaoa_threads': 1, 'sdp_memory_limit_total_gb': 250, 'sdp_memory_limit_single_gb': 100, 'sdp_memory_poll_seconds': 5, 'sdp_max_retries': 3, 'queue_poll_interval_seconds': 5, 'max_graph_vertices': 15, 'completed_result_csv_paths': [], 'qaoa_seed': 1, 'initialise_standard_warm_start_with_zero_angles': False, 'result_name_suffix': '_Exp4a_tf829_L2M2_gpseed43_alg17seed44'}, Running QAOA with equal superposition
Benchmark run ID: 485ed98b
Benchmark repeat index: 1
Configured SDP rounding seed: 43
QAOA seed used: 1
Processor: x86_64
Hostname: dacsgpu0002
Total RAM (GB): None
Physical cores: 64
Logical cores: 64
Python version: 3.11.15
Initialisation time: 0.00 seconds; started at stardate {'initialisation': 0.0019426345825195312} and finished at stardate1788292891.4574559
Loaded HOG graph index 405 with 18 edges.
Instance generation for n=405 took 0.07 seconds; started at stardate 1788292891.4574597 and finished at stardate 1788292891.5264769
Running QAOA for n=11 nodes, m=18 edges...; Max iterations: 75
Warm-start: starting SDP solve for n_vertices=11
Warm-start: using configured sdp_seed=43
Using SCS solver for SDP with eps=1e-07, max_iters=100000.
SDP solver status: optimal
SDP solver name: SCS
SDP solver iterations: 2200
SDP solve time: 365.59473339299996
SDP extra stats: {'x': array([1.00000000e+00, 3.16542634e-13, 9.99420509e-14, ...,
       1.00000000e+00, 3.06735374e-19, 1.00000000e+00], shape=(140185,)), 'y': array([3.04465008e-02, 1.26113509e-02, 1.26113509e-02, ...,
       6.70908027e-03, 4.08995530e-14, 2.98132287e-02], shape=(388841,)), 's': array([0.00000000e+00, 0.00000000e+00, 0.00000000e+00, ...,
       1.00000000e+00, 8.66031074e-16, 9.99999999e-01], shape=(388841,)), 'info': {'status_val': 1, 'iter': 2200, 'scale_updates': 2, 'scale': 3.198786543893039, 'pobj': -12.630847916001251, 'dobj': -12.630847908316147, 'res_pri': 1.9245684354912222e-07, 'res_dual': 8.994729004319135e-08, 'gap': 7.685104108645646e-09, 'res_infeas': nan, 'res_unbdd_a': 0.07917124856944983, 'res_unbdd_p': 0.0, 'comp_slack': 1.6297845612807812e-10, 'solve_time': 365594.733393, 'setup_time': 440.617434, 'lin_sys_time': 24284.227017000027, 'cone_time': 331373.599784, 'accel_time': 1949.6401289999847, 'rejected_accel_steps': 17, 'accepted_accel_steps': 3, 'status': 'solved'}}
Rounding...
Setting seed to 43
n_vertices: 11 for n = 33
Using seed 43 to generate random matrix for x.
Energy of rounded cut/product state: 10.827505187520297
Algorithm 17 lower-bound energy: 12.667906427896662
Algorithm 17 actual entangled-state energy: 11.307274598429704
SDP objective value: 21.63084791600125
12 in cut out of a total of 18 edges
Warm-start: SDP solve + rounding finished in 20202.11 seconds
Warm-start: using level-2 Algorithm 17 entangled statevector with shape (2048,)
Warm-start cache: moment matrix before save shape=(529, 529), dtype=float64, entries=279841, bytes=2238728 (2.14 MiB)
Warm-start cache: saved Results/warm_start_cache_experiments/Exp4a_tf829_L2M2_gpseed43_alg17seed44/triangleFree_connected_4to15vertices_829instances_AdjacencyList__filehash_af0e2099/hog_idx000405_6e0ba0853b18_seed43_L2_M2_amplified.npz in 0.0492 seconds
WARM_START_CACHE_PRODUCER_ONLY is set; warm-start cache has been produced/loaded. Exiting before QAOA optimisation.
