Starting QAOA benchmark with global start time: 1787154967.0451846
Benchmark parameters: {'optimiser': 'adam', 'optimiser_use_heuristic': True, 'heuristic_optimiser_iterations': 1, 'heuristic_optimiser_sampleSize': 20, 'circuit_type': 'hamqaoa', 'parameter_vector': [1, 1, 1], 'iterations_list': [50], 'learning_rate_adam': 0.01, 'depth_list': [1, 2, 3, 4, 5], 'n_start': None, 'n_end': None, 'singlet_injection': False, 'start_index_singlet': None, 'warm_start': True, 'warm_start_mode': 'amplified_king', 'lasserre_level': 2, 'initial_solver_level_M': 2, 'sdp_seed': None, 'sdp_solver_mode': 'scs', 'sdp_scs_eps': 1e-06, 'sdp_scs_max_iters': 100000, 'warm_start_corr_strength': None, 'warm_start_corr_repeats': None, 'compare_with_010101': False, 'init_QAOAparams_close_to_zero': False, 'use_correlations_as_initial_params': False, 'time_limit': None, 'failed_instance_termination_thrsh': None, 'graph_generation_type': 'hog', 'weighted': False, 'easiest_first': True, 'cpu_util_threshold': None, 'debug': False, 'save_circuit_svg': False, 'rerun_exclude_finished_instances': True, 'warm_start_cache_producer_only': False, 'qaoa_only_from_existing_warm_start_cache': True, 'optimiser_debug_iterations': None, 'num_repeats': 1, 'relative_graph_adjList_path': 'HOG_graphs/Exp5/list_454_graphs_adjacency_listhog_v04-12_bipartite.txt', 'persistent_warm_start_cache': True, 'warm_start_cache_dir': 'Results/warm_start_cache', 'warm_start_cache_max_file_mb': 512, 'warm_start_cache_max_total_gb': 60, 'sdp_max_parallel': 0, 'qaoa_max_parallel': 16, 'sdp_threads': 1, 'qaoa_threads': 1, 'sdp_memory_limit_total_gb': 0, 'sdp_memory_limit_single_gb': 0, 'sdp_memory_poll_seconds': 5, 'sdp_max_retries': 0, 'queue_poll_interval_seconds': 5, 'max_graph_vertices': 11, 'completed_result_csv_paths': [], 'qaoa_seed': 1, 'initialise_standard_warm_start_with_zero_angles': False, 'result_name_suffix': '_Exp6_KingAmplifiedWithHeuristic'}, Running QAOA with equal superposition
Benchmark run ID: 9e17c568
Benchmark repeat index: 1
SDP seed override: None
QAOA seed: 26300401
Processor: x86_64
Hostname: dacsgpu0003
Total RAM (GB): None
Physical cores: 64
Logical cores: 64
Python version: 3.11.15
Initialisation time: 0.00 seconds; started at stardate {'initialisation': 0.003946065902709961} and finished at stardate1787154967.049147
Loaded HOG graph index 263 with 15 edges.
Instance generation for n=263 took 0.01 seconds; started at stardate 1787154967.0491536 and finished at stardate 1787154967.0586798
Running QAOA for n=10 nodes, m=15 edges...; Max iterations: 50
Warm-start cache: loading Results/warm_start_cache/list_454_graphs_adjacency_listhog_v04-12_bipartite__filehash_0815e7e8/hog_idx000263_cfba67eb8d84_noseed_L2_M2_amplified.npz
Warm-start cache: loaded in 0.0060 seconds; effective compute time=7813.028265476227
Edges: [(2, 7), (0, 1), (6, 9), (7, 9), (6, 8), (4, 9), (7, 8), (5, 9), (0, 9), (2, 5), (3, 7), (4, 8), (1, 4), (5, 8), (3, 6)], weights: [1.0, 1.0, 1.0, 1.0, 1.0, 1.0, 1.0, 1.0, 1.0, 1.0, 1.0, 1.0, 1.0, 1.0, 1.0], set of nodes: {0, 1, 2, 3, 4, 5, 6, 7, 8, 9}, n: 10 nodes, p: 5 layers, N_bayes: 50 iterations
Solving for uuid: b17141d3
Initial state injected as warm start
Running ADAM optimization with a single iteration (no debug loop)
12.877968356530195
QAOA optimisation for n=263 took 337.38 seconds; started at stardate 1787154967.0586853 and finished at stardate 1787155304.4389033
Finished QAOA for n=10 nodes, m=15 edges at 2026-08-19 18:01:44 on x86_64. Time taken: 337.38 seconds. Hours: 0.09 hours. Peak RAM: 1.48 MB.
Unknown graph type for approximation ratio calculation; checking misc CSV.
Checking optimal_results_misc.csv for matching edges and weights...
Found matching exact result in misc CSV: 9.588176651124424
CSV writing for n=263 took 0.01 seconds; started at stardate 1787155304.4389145 and finished at stardate 1787155304.447911
results: {263: 12.877968356530195}
durations: {10: 337.3802251815796}
Results saved to: Results/logs/adam/qaoa_results_adam_20260819_122212_pid1119267_Exp6_KingAmplifiedWithHeuristic.csv
Global end time: 1787155304.4479244
Finalisation time: 0.00 seconds; started at stardate 1787155304.4479158 and finished at stardate 1787155304.447929
Sum of all section times: 337.40 seconds
run_id: 9e17c568
