Starting QAOA benchmark with global start time: 1786993607.072446
Benchmark parameters: {'optimiser': 'adam', 'optimiser_use_heuristic': True, 'heuristic_optimiser_iterations': 1, 'heuristic_optimiser_sampleSize': 50, 'circuit_type': 'hamqaoa', 'parameter_vector': [1, 1, 1], 'iterations_list': [50], 'learning_rate_adam': 0.05, 'depth_list': [1, 2, 3, 5], 'n_start': None, 'n_end': None, 'singlet_injection': False, 'start_index_singlet': None, 'warm_start': True, 'warm_start_mode': 'standard', 'lasserre_level': 1, 'initial_solver_level_M': 1, 'sdp_seed': None, 'sdp_solver_mode': 'scs', 'sdp_scs_eps': 1e-06, 'sdp_scs_max_iters': 100000, 'warm_start_corr_strength': None, 'warm_start_corr_repeats': None, 'compare_with_010101': False, 'init_QAOAparams_close_to_zero': False, 'use_correlations_as_initial_params': False, 'time_limit': None, 'failed_instance_termination_thrsh': None, 'graph_generation_type': 'hog', 'weighted': False, 'easiest_first': False, 'cpu_util_threshold': None, 'debug': False, 'save_circuit_svg': False, 'rerun_exclude_finished_instances': True, 'warm_start_cache_producer_only': False, 'qaoa_only_from_existing_warm_start_cache': True, 'optimiser_debug_iterations': None, 'num_repeats': 1, 'relative_graph_adjList_path': 'HOG_graphs/Exp5/list_193_graphs_adjacency_listhog_v04-12_planar_clawFree.txt', 'persistent_warm_start_cache': True, 'warm_start_cache_dir': 'Results/warm_start_cache', 'warm_start_cache_max_file_mb': 512, 'warm_start_cache_max_total_gb': 60, 'sdp_max_parallel': 0, 'qaoa_max_parallel': 16, 'sdp_threads': 1, 'qaoa_threads': 1, 'sdp_memory_limit_total_gb': 0, 'sdp_memory_limit_single_gb': 0, 'sdp_memory_poll_seconds': 5, 'sdp_max_retries': 0, 'queue_poll_interval_seconds': 5, 'max_graph_vertices': 11, 'completed_result_csv_paths': [], 'qaoa_seed': 1, 'initialise_standard_warm_start_with_zero_angles': False, 'result_name_suffix': '_Exp5_subexp4_standardWithHeuristic'}, Running QAOA with equal superposition
Benchmark run ID: a636ff11
Benchmark repeat index: 1
SDP seed override: None
QAOA seed: 1400201
Processor: x86_64
Hostname: dacsvm-cpunode01
Total RAM (GB): None
Physical cores: 32
Logical cores: 32
Python version: 3.11.15
Initialisation time: 0.01 seconds; started at stardate {'initialisation': 0.0069735050201416016} and finished at stardate1786993607.079436
Loaded HOG graph index 14 with 4 edges.
Instance generation for n=14 took 0.00 seconds; started at stardate 1786993607.0794482 and finished at stardate 1786993607.0836985
Running QAOA for n=5 nodes, m=4 edges...; Max iterations: 50
Warm-start cache: loading Results/warm_start_cache/list_193_graphs_adjacency_listhog_v04-12_planar_clawFree__filehash_62ae5075/hog_idx000014_ca6171b83903_noseed_L1_M1_amplified.npz
Warm-start cache: loaded in 0.0014 seconds; effective compute time=0.10808444023132324
Edges: [(2, 4), (1, 4), (2, 3), (0, 3)], weights: [1.0, 1.0, 1.0, 1.0], set of nodes: {0, 1, 2, 3, 4}, n: 5 nodes, p: 3 layers, N_bayes: 50 iterations
Solving for uuid: a827290a
Initial state injected as warm start
Running ADAM optimization with a single iteration (no debug loop)
2.783259715570436
QAOA optimisation for n=14 took 21.02 seconds; started at stardate 1786993607.0837028 and finished at stardate 1786993628.1035058
Finished QAOA for n=5 nodes, m=4 edges at 2026-08-17 21:07:08 on x86_64. Time taken: 21.02 seconds. Hours: 0.01 hours. Peak RAM: 0.23 MB.
Computing line approximation ratio
CSV writing for n=14 took 0.02 seconds; started at stardate 1786993628.1035137 and finished at stardate 1786993628.1250865
results: {14: 2.783259715570436}
durations: {5: 21.019807815551758}
Results saved to: Results/logs/adam/qaoa_results_adam_20260817_203744_pid3771568_Exp5_subexp4_standardWithHeuristic.csv
Global end time: 1786993628.1250987
Finalisation time: 0.00 seconds; started at stardate 1786993628.1250913 and finished at stardate 1786993628.1251023
Sum of all section times: 21.05 seconds
run_id: a636ff11
