Starting QAOA benchmark with global start time: 1786895743.3392737
Benchmark parameters: {'optimiser': 'adam', 'optimiser_use_heuristic': True, 'heuristic_optimiser_iterations': 1, 'heuristic_optimiser_sampleSize': 10, 'circuit_type': 'hamqaoa', 'parameter_vector': [1, 1, 1], 'iterations_list': [50], 'learning_rate_adam': 0.01, 'depth_list': [1, 2, 3, 4, 5], 'n_start': None, 'n_end': None, 'singlet_injection': False, 'start_index_singlet': None, 'warm_start': True, 'warm_start_mode': 'amplified_king', 'lasserre_level': 2, 'initial_solver_level_M': 2, 'sdp_seed': None, 'sdp_solver_mode': 'scs', 'sdp_scs_eps': 1e-06, 'sdp_scs_max_iters': 100000, 'warm_start_corr_strength': None, 'warm_start_corr_repeats': None, 'compare_with_010101': False, 'init_QAOAparams_close_to_zero': False, 'use_correlations_as_initial_params': False, 'time_limit': None, 'failed_instance_termination_thrsh': None, 'graph_generation_type': 'hog', 'weighted': False, 'easiest_first': False, 'cpu_util_threshold': None, 'debug': False, 'save_circuit_svg': False, 'rerun_exclude_finished_instances': True, 'warm_start_cache_producer_only': False, 'qaoa_only_from_existing_warm_start_cache': True, 'optimiser_debug_iterations': None, 'num_repeats': 1, 'relative_graph_adjList_path': 'HOG_graphs/Exp5/list_193_graphs_adjacency_listhog_v04-12_planar_clawFree.txt', 'persistent_warm_start_cache': True, 'warm_start_cache_dir': 'Results/warm_start_cache', 'warm_start_cache_max_file_mb': 512, 'warm_start_cache_max_total_gb': 60, 'sdp_max_parallel': 0, 'qaoa_max_parallel': 16, 'sdp_threads': 1, 'qaoa_threads': 1, 'sdp_memory_limit_total_gb': 0, 'sdp_memory_limit_single_gb': 0, 'sdp_memory_poll_seconds': 5, 'sdp_max_retries': 0, 'queue_poll_interval_seconds': 5, 'max_graph_vertices': 11, 'completed_result_csv_paths': [], 'qaoa_seed': 1, 'initialise_standard_warm_start_with_zero_angles': False, 'result_name_suffix': '_Exp6_KingAmplifiedWithHeuristic'}, Running QAOA with equal superposition
Benchmark run ID: 248372c4
Benchmark repeat index: 1
SDP seed override: None
QAOA seed: 12000001
Processor: x86_64
Hostname: dacsgpu0003
Total RAM (GB): None
Physical cores: 64
Logical cores: 64
Python version: 3.11.15
Initialisation time: 0.00 seconds; started at stardate {'initialisation': 0.0042607784271240234} and finished at stardate1786895743.34354
Loaded HOG graph index 120 with 10 edges.
Instance generation for n=120 took 0.00 seconds; started at stardate 1786895743.343544 and finished at stardate 1786895743.3475327
Running QAOA for n=6 nodes, m=10 edges...; Max iterations: 50
Warm-start cache: loading Results/warm_start_cache/list_193_graphs_adjacency_listhog_v04-12_planar_clawFree__filehash_62ae5075/hog_idx000120_f8a49a707340_noseed_L2_M2_amplified.npz
Warm-start cache: loaded in 0.0029 seconds; effective compute time=108.68461275100708
Edges: [(1, 3), (0, 4), (3, 5), (0, 3), (1, 2), (3, 4), (1, 5), (4, 5), (2, 5), (2, 4)], weights: [1.0, 1.0, 1.0, 1.0, 1.0, 1.0, 1.0, 1.0, 1.0, 1.0], set of nodes: {0, 1, 2, 3, 4, 5}, n: 6 nodes, p: 1 layers, N_bayes: 50 iterations
Solving for uuid: 64f8797c
Initial state injected as warm start
Running ADAM optimization with a single iteration (no debug loop)
7.192455814493912
QAOA optimisation for n=120 took 4.31 seconds; started at stardate 1786895743.3475356 and finished at stardate 1786895747.6613626
Finished QAOA for n=6 nodes, m=10 edges at 2026-08-16 17:55:47 on x86_64. Time taken: 4.31 seconds. Hours: 0.00 hours. Peak RAM: 0.22 MB.
Unknown graph type for approximation ratio calculation; checking misc CSV.
Checking optimal_results_misc.csv for matching edges and weights...
Found matching exact result in misc CSV: 5.207106781186546
CSV writing for n=120 took 0.07 seconds; started at stardate 1786895747.6613734 and finished at stardate 1786895747.733278
results: {120: 7.192455814493912}
durations: {6: 4.313831806182861}
Results saved to: Results/logs/adam/qaoa_results_adam_20260816_162249_pid2188879_Exp6_KingAmplifiedWithHeuristic.csv
Global end time: 1786895747.7333007
Finalisation time: 0.00 seconds; started at stardate 1786895747.733287 and finished at stardate 1786895747.7333062
Sum of all section times: 4.39 seconds
run_id: 248372c4
