Starting QAOA benchmark with global start time: 1786895762.5551908
Benchmark parameters: {'optimiser': 'adam', 'optimiser_use_heuristic': True, 'heuristic_optimiser_iterations': 1, 'heuristic_optimiser_sampleSize': 10, 'circuit_type': 'hamqaoa', 'parameter_vector': [1, 1, 1], 'iterations_list': [50], 'learning_rate_adam': 0.01, 'depth_list': [1, 2, 3, 4, 5], 'n_start': None, 'n_end': None, 'singlet_injection': False, 'start_index_singlet': None, 'warm_start': True, 'warm_start_mode': 'amplified_king', 'lasserre_level': 2, 'initial_solver_level_M': 2, 'sdp_seed': None, 'sdp_solver_mode': 'scs', 'sdp_scs_eps': 1e-06, 'sdp_scs_max_iters': 100000, 'warm_start_corr_strength': None, 'warm_start_corr_repeats': None, 'compare_with_010101': False, 'init_QAOAparams_close_to_zero': False, 'use_correlations_as_initial_params': False, 'time_limit': None, 'failed_instance_termination_thrsh': None, 'graph_generation_type': 'hog', 'weighted': False, 'easiest_first': False, 'cpu_util_threshold': None, 'debug': False, 'save_circuit_svg': False, 'rerun_exclude_finished_instances': True, 'warm_start_cache_producer_only': False, 'qaoa_only_from_existing_warm_start_cache': True, 'optimiser_debug_iterations': None, 'num_repeats': 1, 'relative_graph_adjList_path': 'HOG_graphs/Exp5/list_193_graphs_adjacency_listhog_v04-12_planar_clawFree.txt', 'persistent_warm_start_cache': True, 'warm_start_cache_dir': 'Results/warm_start_cache', 'warm_start_cache_max_file_mb': 512, 'warm_start_cache_max_total_gb': 60, 'sdp_max_parallel': 0, 'qaoa_max_parallel': 16, 'sdp_threads': 1, 'qaoa_threads': 1, 'sdp_memory_limit_total_gb': 0, 'sdp_memory_limit_single_gb': 0, 'sdp_memory_poll_seconds': 5, 'sdp_max_retries': 0, 'queue_poll_interval_seconds': 5, 'max_graph_vertices': 11, 'completed_result_csv_paths': [], 'qaoa_seed': 1, 'initialise_standard_warm_start_with_zero_angles': False, 'result_name_suffix': '_Exp6_KingAmplifiedWithHeuristic'}, Running QAOA with equal superposition
Benchmark run ID: 56f9aacc
Benchmark repeat index: 1
SDP seed override: None
QAOA seed: 14300301
Processor: x86_64
Hostname: dacsgpu0003
Total RAM (GB): None
Physical cores: 64
Logical cores: 64
Python version: 3.11.15
Initialisation time: 0.03 seconds; started at stardate {'initialisation': 0.026334762573242188} and finished at stardate1786895762.5815408
Loaded HOG graph index 143 with 15 edges.
Instance generation for n=143 took 0.00 seconds; started at stardate 1786895762.5815506 and finished at stardate 1786895762.586367
Running QAOA for n=9 nodes, m=15 edges...; Max iterations: 50
Warm-start cache: loading Results/warm_start_cache/list_193_graphs_adjacency_listhog_v04-12_planar_clawFree__filehash_62ae5075/hog_idx000143_9ddffea665b0_noseed_L2_M2_amplified.npz
Warm-start cache: loaded in 0.0153 seconds; effective compute time=3267.496998310089
Edges: [(2, 7), (0, 1), (2, 3), (1, 6), (5, 8), (3, 5), (6, 8), (0, 6), (7, 8), (4, 5), (3, 7), (4, 8), (1, 4), (0, 2), (6, 7)], weights: [1.0, 1.0, 1.0, 1.0, 1.0, 1.0, 1.0, 1.0, 1.0, 1.0, 1.0, 1.0, 1.0, 1.0, 1.0], set of nodes: {0, 1, 2, 3, 4, 5, 6, 7, 8}, n: 9 nodes, p: 4 layers, N_bayes: 50 iterations
Solving for uuid: cba1cb0c
Initial state injected as warm start
Running ADAM optimization with a single iteration (no debug loop)
11.657330251235715
QAOA optimisation for n=143 took 63.93 seconds; started at stardate 1786895762.5863726 and finished at stardate 1786895826.5140526
Finished QAOA for n=9 nodes, m=15 edges at 2026-08-16 17:57:06 on x86_64. Time taken: 63.93 seconds. Hours: 0.02 hours. Peak RAM: 0.48 MB.
Unknown graph type for approximation ratio calculation; checking misc CSV.
Checking optimal_results_misc.csv for matching edges and weights...
Found matching exact result in misc CSV: 7.813965913081543
CSV writing for n=143 took 0.04 seconds; started at stardate 1786895826.5140631 and finished at stardate 1786895826.5512083
results: {143: 11.657330251235715}
durations: {9: 63.92768669128418}
Results saved to: Results/logs/adam/qaoa_results_adam_20260816_162249_pid2188879_Exp6_KingAmplifiedWithHeuristic.csv
Global end time: 1786895826.5512261
Finalisation time: 0.00 seconds; started at stardate 1786895826.551214 and finished at stardate 1786895826.5512319
Sum of all section times: 64.00 seconds
run_id: 56f9aacc
