Starting QAOA benchmark with global start time: 1789025789.1235437
Benchmark parameters: {'optimiser': 'adam', 'optimiser_use_heuristic': False, 'heuristic_optimiser_iterations': None, 'heuristic_optimiser_sampleSize': None, 'circuit_type': 'hamqaoa', 'parameter_vector': [1, 1, 1], 'iterations_list': [75], 'learning_rate_adam': 0.05, 'depth_list': [1, 2, 3, 4, 5], 'n_start': None, 'n_end': None, 'singlet_injection': False, 'start_index_singlet': None, 'warm_start': True, 'warm_start_mode': 'standard', 'lasserre_level': 2, 'initial_solver_level_M': 1, 'sdp_seed': 42, 'sdp_solver_mode': 'scs', 'sdp_scs_eps': 1e-06, 'sdp_scs_max_iters': 100000, 'warm_start_corr_strength': None, 'warm_start_corr_repeats': None, 'compare_with_010101': False, 'init_QAOAparams_close_to_zero': False, 'use_correlations_as_initial_params': False, 'time_limit': None, 'failed_instance_termination_thrsh': None, 'graph_generation_type': 'hog', 'weighted': False, 'easiest_first': True, 'cpu_util_threshold': None, 'debug': False, 'save_circuit_svg': False, 'rerun_exclude_finished_instances': False, 'warm_start_cache_producer_only': False, 'qaoa_only_from_existing_warm_start_cache': True, 'optimiser_debug_iterations': None, 'num_repeats': 1, 'relative_graph_adjList_path': 'HOG_graphs/Exp5/list_454_graphs_adjacency_listhog_v04-12_bipartite.txt', 'persistent_warm_start_cache': True, 'warm_start_cache_dir': 'Results/warm_start_cache', 'warm_start_cache_max_file_mb': 512, 'warm_start_cache_max_total_gb': 60, 'sdp_max_parallel': 0, 'qaoa_max_parallel': 16, 'sdp_threads': 1, 'qaoa_threads': 1, 'sdp_memory_limit_total_gb': 0, 'sdp_memory_limit_single_gb': 0, 'sdp_memory_poll_seconds': 5, 'sdp_max_retries': 0, 'queue_poll_interval_seconds': 5, 'max_graph_vertices': 10, 'completed_result_csv_paths': [], 'qaoa_seed': 42, 'initialise_standard_warm_start_with_zero_angles': True, 'result_name_suffix': '_FINAL_BENCHMARKS_STANDARD', 'algorithm17_beta_mode': 'analytic_instance'}, Running QAOA with equal superposition
Benchmark run ID: 3d13e4ff
Benchmark repeat index: 1
Configured SDP rounding seed: 42
QAOA seed used: 42
Processor: x86_64
Hostname: dacsvm-cpunode01
Total RAM (GB): None
Physical cores: 32
Logical cores: 32
Python version: 3.11.15
Initialisation time: 0.01 seconds; started at stardate {'initialisation': 0.00722503662109375} and finished at stardate1789025789.1307824
Loaded HOG graph index 58 with 7 edges.
Instance generation for n=58 took 0.01 seconds; started at stardate 1789025789.1307936 and finished at stardate 1789025789.1428418
Running QAOA for n=8 nodes, m=7 edges...; Max iterations: 75
Warm-start cache: loading Results/warm_start_cache/list_454_graphs_adjacency_listhog_v04-12_bipartite__filehash_0815e7e8/hog_idx000058_d629cfb9fb11_seed42_L2_M1_betaanalytic_instance_amplified.npz
Warm-start cache: loaded in 0.0014 seconds; effective compute time=0.12426304817199707
Edges: [(2, 6), (0, 7), (5, 6), (3, 4), (4, 5), (3, 7), (1, 7)], weights: [1.0, 1.0, 1.0, 1.0, 1.0, 1.0, 1.0], set of nodes: {0, 1, 2, 3, 4, 5, 6, 7}, n: 8 nodes, p: 3 layers, N_bayes: 75 iterations
Solving for uuid: 95e6b015
Initial state injected as warm start
Running ADAM optimization with a single iteration (no debug loop)
5.3693559199319045
QAOA optimisation for n=58 took 25.08 seconds; started at stardate 1789025789.1428463 and finished at stardate 1789025814.2196414
Finished QAOA for n=8 nodes, m=7 edges at 2026-09-10 09:36:54 on x86_64. Time taken: 25.08 seconds. Hours: 0.01 hours. Peak RAM: 0.28 MB.
Unknown graph type for approximation ratio calculation; checking misc CSV.
Checking optimal_results_misc.csv for matching edges and weights...
Found matching exact result in misc CSV: 4.845640458039818
CSV writing for n=58 took 0.01 seconds; started at stardate 1789025814.2196486 and finished at stardate 1789025814.225101
results: {58: 5.3693559199319045}
durations: {8: 25.07680082321167}
Results saved to: Results/logs/adam/qaoa_results_adam_20260910_073327_pid2617104_FINAL_BENCHMARKS_STANDARD.csv
Global end time: 1789025814.225111
Finalisation time: 0.00 seconds; started at stardate 1789025814.225105 and finished at stardate 1789025814.225115
Sum of all section times: 25.10 seconds
run_id: 3d13e4ff
