Starting QAOA benchmark with global start time: 1786066394.370508
Benchmark parameters: {'optimiser': 'adam', 'optimiser_use_heuristic': True, 'heuristic_optimiser_iterations': 2, 'heuristic_optimiser_sampleSize': 20, 'circuit_type': 'hamqaoa', 'parameter_vector': [1, 1, 1], 'iterations_list': [50], 'learning_rate_adam': 0.001, 'depth_list': [1, 2, 3, 5], 'n_start': None, 'n_end': None, 'singlet_injection': False, 'start_index_singlet': None, 'warm_start': True, 'warm_start_mode': 'standard', 'lasserre_level': 2, 'initial_solver_level_M': 2, 'sdp_seed': None, 'sdp_solver_mode': 'scs', 'sdp_scs_eps': 1e-06, 'sdp_scs_max_iters': 100000, 'warm_start_corr_strength': None, 'warm_start_corr_repeats': None, 'compare_with_010101': False, 'init_QAOAparams_close_to_zero': False, 'use_correlations_as_initial_params': False, 'time_limit': None, 'failed_instance_termination_thrsh': None, 'graph_generation_type': 'hog', 'weighted': False, 'easiest_first': False, 'cpu_util_threshold': None, 'debug': False, 'save_circuit_svg': False, 'rerun_exclude_finished_instances': True, 'warm_start_cache_producer_only': False, 'qaoa_only_from_existing_warm_start_cache': True, 'optimiser_debug_iterations': None, 'num_repeats': 1, 'relative_graph_adjList_path': 'HOG_graphs/Exp5/cycle_graphs_3to12vertices_10instances_AdjacencyList.txt', 'persistent_warm_start_cache': True, 'warm_start_cache_dir': 'Results/warm_start_cache', 'warm_start_cache_max_file_mb': 512, 'warm_start_cache_max_total_gb': 60, 'sdp_max_parallel': 0, 'qaoa_max_parallel': 16, 'sdp_threads': 1, 'qaoa_threads': 1, 'sdp_memory_limit_total_gb': 0, 'sdp_memory_limit_single_gb': 0, 'sdp_memory_poll_seconds': 5, 'sdp_max_retries': 0, 'queue_poll_interval_seconds': 5, 'completed_result_csv_paths': [], 'initialise_standard_warm_start_with_zero_angles': False, 'result_name_suffix': '_Exp5_subexp4_standardWithHeuristic'}, Running QAOA with equal superposition
Benchmark run ID: 8bc1a0c1
Benchmark repeat index: 1
SDP seed override: None
Processor: x86_64
Hostname: dacsgpu0003
Total RAM (GB): None
Physical cores: 64
Logical cores: 64
Python version: 3.11.15
Initialisation time: 0.01 seconds; started at stardate {'initialisation': 0.0051229000091552734} and finished at stardate1786066394.3756444
Loaded HOG graph index 2 with 5 edges.
Instance generation for n=2 took 0.00 seconds; started at stardate 1786066394.3756516 and finished at stardate 1786066394.376207
Running QAOA for n=5 nodes, m=5 edges...; Max iterations: 50
Warm-start cache: loading Results/warm_start_cache/cycle_graphs_3to12vertices_10instances_AdjacencyList__filehash_1a582721/hog_idx000002_ee18cc9e4ef7_noseed_L2_M2_standard.npz
Warm-start cache: loaded in 0.0013 seconds; effective compute time=15.052793264389038
Edges: [(0, 1), (2, 3), (0, 4), (1, 2), (3, 4)], weights: [1.0, 1.0, 1.0, 1.0, 1.0], set of nodes: {0, 1, 2, 3, 4}, n: 5 nodes, p: 2 layers, N_bayes: 50 iterations
Solving for uuid: 5485ee58
Initial state injected as warm start
Running ADAM optimization with a single iteration (no debug loop)
3.2792084918855413
QAOA optimisation for n=2 took 8.02 seconds; started at stardate 1786066394.376211 and finished at stardate 1786066402.3950024
Finished QAOA for n=5 nodes, m=5 edges at 2026-08-07 03:33:22 on x86_64. Time taken: 8.02 seconds. Hours: 0.00 hours. Peak RAM: 0.22 MB.
Computing cycle approximation ratio
CSV writing for n=2 took 0.02 seconds; started at stardate 1786066402.3950114 and finished at stardate 1786066402.4112084
results: {2: 3.2792084918855413}
durations: {5: 8.018796920776367}
Results saved to: Results/logs/adam/qaoa_results_adam_20260807_033251_pid851459_Exp5_subexp4_standardWithHeuristic.csv
Global end time: 1786066402.411224
Finalisation time: 0.00 seconds; started at stardate 1786066402.411214 and finished at stardate 1786066402.4112282
Sum of all section times: 8.04 seconds
run_id: 8bc1a0c1
