Starting QAOA benchmark with global start time: 1784698555.6073465
Benchmark parameters: {'optimiser': 'adam', 'optimiser_use_heuristic': True, 'heuristic_optimiser_iterations': 2, 'heuristic_optimiser_sampleSize': 10, 'circuit_type': 'hamqaoa', 'parameter_vector': [1, 1, 1], 'iterations_list': [5, 10, 25, 50], 'learning_rate_adam': 0.01, 'depth_list': [1, 2], 'n_start': None, 'n_end': None, 'singlet_injection': False, 'start_index_singlet': None, 'warm_start': True, 'warm_start_mode': 'standard', 'lasserre_level': 2, 'initial_solver_level_M': 1, 'sdp_seed': 42, 'sdp_solver_mode': 'scs', 'sdp_scs_eps': 1e-06, 'sdp_scs_max_iters': 100000, 'warm_start_corr_strength': None, 'warm_start_corr_repeats': None, 'compare_with_010101': False, 'init_QAOAparams_close_to_zero': False, 'use_correlations_as_initial_params': False, 'time_limit': None, 'failed_instance_termination_thrsh': None, 'graph_generation_type': 'hog', 'weighted': False, 'easiest_first': True, 'cpu_util_threshold': None, 'debug': False, 'save_circuit_svg': False, 'rerun_exclude_finished_instances': False, 'warm_start_cache_producer_only': False, 'qaoa_only_from_existing_warm_start_cache': True, 'optimiser_debug_iterations': None, 'num_repeats': 1, 'relative_graph_adjList_path': 'HOG_graphs/triangleFree_connected_4to8vertices_176instances_AdjacencyList.txt', 'persistent_warm_start_cache': True, 'warm_start_cache_dir': 'Results/warm_start_cache', 'warm_start_cache_max_file_mb': 512, 'warm_start_cache_max_total_gb': 60, 'sdp_max_parallel': 0, 'qaoa_max_parallel': 32, 'sdp_threads': 1, 'qaoa_threads': 1, 'sdp_memory_limit_total_gb': 250, 'sdp_memory_limit_single_gb': 250, 'sdp_memory_poll_seconds': 5, 'sdp_max_retries': 3, 'queue_poll_interval_seconds': 5}, Running QAOA with equal superposition
Benchmark run ID: fbfddeeb
Benchmark repeat index: 1
SDP seed override: 42
Processor: x86_64
Hostname: dacsgpu0002
Total RAM (GB): None
Physical cores: 64
Logical cores: 64
Python version: 3.11.15
Initialisation time: 0.01 seconds; started at stardate {'initialisation': 0.005419731140136719} and finished at stardate1784698555.6127782
Loaded HOG graph index 106 with 13 edges.
Instance generation for n=106 took 0.00 seconds; started at stardate 1784698555.6127846 and finished at stardate 1784698555.6156857
Running QAOA for n=8 nodes, m=13 edges...; Max iterations: 5
Warm-start cache: loading Results/warm_start_cache/triangleFree_connected_4to8vertices_176instances_AdjacencyList__filehash_279b7452/hog_idx000106_b417dc0a3a99_seed42_L2_M1_standard.npz
Warm-start cache: loaded in 0.0018 seconds; effective compute time=4413.631415605545
Edges: [(2, 7), (2, 3), (1, 6), (0, 4), (5, 7), (0, 7), (3, 5), (4, 6), (1, 5), (4, 5), (6, 7), (3, 6), (2, 4)], weights: [1.0, 1.0, 1.0, 1.0, 1.0, 1.0, 1.0, 1.0, 1.0, 1.0, 1.0, 1.0, 1.0], set of nodes: {0, 1, 2, 3, 4, 5, 6, 7}, n: 8 nodes, p: 2 layers, N_bayes: 5 iterations
Solving for uuid: ce862cf8
Initial state injected as warm start
Running ADAM optimization with a single iteration (no debug loop)
Warm-start fallback: optimiser result was below the SDP warm-start energy; using the warm-start energy instead.
9.395563501055474
QAOA optimisation for n=106 took 2.93 seconds; started at stardate 1784698555.6156905 and finished at stardate 1784698558.5470493
Finished QAOA for n=8 nodes, m=13 edges at 2026-07-22 07:35:58 on x86_64. Time taken: 2.93 seconds. Hours: 0.00 hours. Peak RAM: 0.23 MB.
Unknown graph type for approximation ratio calculation; checking misc CSV.
Checking optimal_results_misc.csv for matching edges and weights...
Found matching exact result in misc CSV: 8.269903533154938
CSV writing for n=106 took 0.01 seconds; started at stardate 1784698558.5470564 and finished at stardate 1784698558.5528972
results: {106: 9.395563501055474}
durations: {8: 2.931363344192505}
Results saved to: Results/logs/adam/qaoa_results_adam_20260722_072041_pid4129780.csv
Global end time: 1784698558.5529077
Finalisation time: 0.00 seconds; started at stardate 1784698558.5529006 and finished at stardate 1784698558.5529113
Sum of all section times: 2.95 seconds
run_id: fbfddeeb
