Starting QAOA benchmark with global start time: 1788513385.4893332
Benchmark parameters: {'optimiser': 'adam', 'optimiser_use_heuristic': None, 'heuristic_optimiser_iterations': None, 'heuristic_optimiser_sampleSize': None, 'circuit_type': 'hamqaoa', 'parameter_vector': [1, 1, 1], 'iterations_list': [75], 'learning_rate_adam': None, 'depth_list': [1], 'n_start': None, 'n_end': None, 'singlet_injection': False, 'start_index_singlet': None, 'warm_start': True, 'warm_start_mode': 'amplified', 'lasserre_level': 2, 'initial_solver_level_M': 2, 'sdp_seed': 42, 'sdp_solver_mode': 'scs', 'sdp_scs_eps': 1e-06, 'sdp_scs_max_iters': 100000, 'warm_start_corr_strength': None, 'warm_start_corr_repeats': None, 'compare_with_010101': False, 'init_QAOAparams_close_to_zero': False, 'use_correlations_as_initial_params': False, 'time_limit': None, 'failed_instance_termination_thrsh': None, 'graph_generation_type': 'hog', 'weighted': False, 'easiest_first': False, 'cpu_util_threshold': None, 'debug': False, 'save_circuit_svg': False, 'rerun_exclude_finished_instances': True, 'warm_start_cache_producer_only': True, 'qaoa_only_from_existing_warm_start_cache': False, 'optimiser_debug_iterations': None, 'num_repeats': 1, 'relative_graph_adjList_path': 'HOG_graphs/stress_test.txt', 'persistent_warm_start_cache': True, 'warm_start_cache_dir': 'Results/warm_start_cache/fast_test_scs', 'warm_start_cache_max_file_mb': 512, 'warm_start_cache_max_total_gb': 60, 'sdp_max_parallel': 64, 'qaoa_max_parallel': 0, 'sdp_threads': 1, 'qaoa_threads': 1, 'sdp_memory_limit_total_gb': 250, 'sdp_memory_limit_single_gb': 100, 'sdp_memory_poll_seconds': 5, 'sdp_max_retries': 3, 'queue_poll_interval_seconds': 5, 'max_graph_vertices': None, 'completed_result_csv_paths': [], 'qaoa_seed': 42, 'initialise_standard_warm_start_with_zero_angles': False, 'result_name_suffix': '_Exp4_v3_standardZeroAngles', 'algorithm17_beta_mode': 'analytic_instance'}, Running QAOA with equal superposition
Benchmark run ID: 0f104745
Benchmark repeat index: 1
Configured SDP rounding seed: 42
QAOA seed used: 42
Processor: x86_64
Hostname: dacsgpu0003
Total RAM (GB): None
Physical cores: 64
Logical cores: 64
Python version: 3.11.15
Initialisation time: 0.00 seconds; started at stardate {'initialisation': 0.001890420913696289} and finished at stardate1788513385.4912286
Loaded HOG graph index 15 with 15 edges.
Instance generation for n=15 took 0.00 seconds; started at stardate 1788513385.491232 and finished at stardate 1788513385.493774
Running QAOA for n=11 nodes, m=15 edges...; Max iterations: 75
Warm-start: starting SDP solve for n_vertices=11
Warm-start: using configured sdp_seed=42
Using SCS solver for SDP with eps=1e-06, max_iters=100000.
SDP solver status: optimal
SDP solver name: SCS
SDP solver iterations: 3825
SDP solve time: 365.555589669
SDP extra stats: {'x': array([ 1.00000000e+00, -3.18192950e-15,  1.50117389e-15, ...,
        1.00000000e+00, -1.14700778e-18,  1.00000000e+00], shape=(140185,)), 'y': array([ 1.54374638e-02,  6.39443522e-03,  6.39443522e-03, ...,
        2.32407786e-03, -1.13186180e-16,  1.87576767e-03], shape=(388841,)), 's': array([ 0.00000000e+00,  0.00000000e+00,  0.00000000e+00, ...,
        9.99999987e-01, -6.62011110e-16,  9.99999788e-01], shape=(388841,)), 'info': {'status_val': 1, 'iter': 3825, 'scale_updates': 1, 'scale': 0.3393181285562503, 'pobj': -7.499995560884091, 'dobj': -7.499993550428351, 'res_pri': 1.8455684431313699e-06, 'res_dual': 1.258524655345151e-06, 'gap': 2.010455740553141e-06, 'res_infeas': nan, 'res_unbdd_a': 0.13333341225465914, 'res_unbdd_p': 0.0, 'comp_slack': 1.2550000230368495e-11, 'solve_time': 365555.589669, 'setup_time': 235.559835, 'lin_sys_time': 22264.220664000022, 'cone_time': 334913.8616629994, 'accel_time': 1735.1774749999565, 'rejected_accel_steps': 33, 'accepted_accel_steps': 0, 'status': 'solved'}}
Rounding...
Setting seed to 42
n_vertices: 11 for n = 33
Using seed 42 to generate random matrix for x.
Energy of rounded cut/product state: 9.910446321428168
Algorithm 17 instance beta optimisation selected beta_star=0.0166815206202 in 0.144626 seconds.
Algorithm 17 analytical F-bound is not applicable because the graph is not triangle-free.
Algorithm 17 actual entangled-state energy: 9.919348573328836
SDP objective value: 14.99999556088409
10 in cut out of a total of 15 edges
Warm-start: SDP solve + rounding finished in 10873.08 seconds
Warm-start: using level-2 Algorithm 17 entangled statevector with shape (2048,)
Warm-start cache: moment matrix before save shape=(529, 529), dtype=float64, entries=279841, bytes=2238728 (2.14 MiB)
Warm-start cache: saved Results/warm_start_cache/fast_test_scs/stress_test__filehash_182b889d/hog_idx000015_77e6729d2966_seed42_L2_M2_betaanalytic_instance_amplified.npz in 0.0180 seconds
WARM_START_CACHE_PRODUCER_ONLY is set; warm-start cache has been produced/loaded. Exiting before QAOA optimisation.
