Starting QAOA benchmark with global start time: 1787724733.5374398
Benchmark parameters: {'optimiser': 'adam', 'optimiser_use_heuristic': True, 'heuristic_optimiser_iterations': 1, 'heuristic_optimiser_sampleSize': 10, 'circuit_type': 'hamqaoa', 'parameter_vector': [1, 1, 1], 'iterations_list': [75], 'learning_rate_adam': 0.05, 'depth_list': [1, 2, 3, 4, 5], 'n_start': None, 'n_end': None, 'singlet_injection': False, 'start_index_singlet': None, 'warm_start': True, 'warm_start_mode': 'standard', 'lasserre_level': 1, 'initial_solver_level_M': 1, 'sdp_seed': 42, 'sdp_solver_mode': 'scs', 'sdp_scs_eps': 1e-06, 'sdp_scs_max_iters': 100000, 'warm_start_corr_strength': None, 'warm_start_corr_repeats': None, 'compare_with_010101': False, 'init_QAOAparams_close_to_zero': False, 'use_correlations_as_initial_params': False, 'time_limit': None, 'failed_instance_termination_thrsh': None, 'graph_generation_type': 'hog', 'weighted': False, 'easiest_first': False, 'cpu_util_threshold': None, 'debug': False, 'save_circuit_svg': False, 'rerun_exclude_finished_instances': False, 'warm_start_cache_producer_only': False, 'qaoa_only_from_existing_warm_start_cache': True, 'optimiser_debug_iterations': None, 'num_repeats': 1, 'relative_graph_adjList_path': 'HOG_graphs/Exp5/complete_graphs_2to12vertices_11instances_AdjacencyList.txt', 'persistent_warm_start_cache': True, 'warm_start_cache_dir': 'Results/warm_start_cache', 'warm_start_cache_max_file_mb': 512, 'warm_start_cache_max_total_gb': 60, 'sdp_max_parallel': 0, 'qaoa_max_parallel': 16, 'sdp_threads': 1, 'qaoa_threads': 1, 'sdp_memory_limit_total_gb': 0, 'sdp_memory_limit_single_gb': 0, 'sdp_memory_poll_seconds': 5, 'sdp_max_retries': 0, 'queue_poll_interval_seconds': 5, 'max_graph_vertices': 10, 'completed_result_csv_paths': [], 'qaoa_seed': 42, 'initialise_standard_warm_start_with_zero_angles': False, 'result_name_suffix': '_Exp5_subexp4_standardWithHeuristic_rerun2508_03'}, Running QAOA with equal superposition
Benchmark run ID: bdf619f3
Benchmark repeat index: 1
SDP seed override: 42
QAOA seed used: 42
Processor: x86_64
Hostname: dacsgpu0003
Total RAM (GB): None
Physical cores: 64
Logical cores: 64
Python version: 3.11.15
Initialisation time: 0.00 seconds; started at stardate {'initialisation': 0.0026628971099853516} and finished at stardate1787724733.540109
Loaded HOG graph index 1 with 3 edges.
Instance generation for n=1 took 0.00 seconds; started at stardate 1787724733.5401134 and finished at stardate 1787724733.5410564
Running QAOA for n=3 nodes, m=3 edges...; Max iterations: 75
Warm-start cache: loading Results/warm_start_cache/complete_graphs_2to12vertices_11instances_AdjacencyList__filehash_1c7be33d/hog_idx000001_ef04306f2d85_seed42_L1_M1_amplified.npz
Warm-start cache: loaded in 0.0018 seconds; effective compute time=0.1564631462097168
Edges: [(1, 2), (0, 1), (0, 2)], weights: [1.0, 1.0, 1.0], set of nodes: {0, 1, 2}, n: 3 nodes, p: 5 layers, N_bayes: 75 iterations
Solving for uuid: 972edc8c
Initial state injected as warm start
Running ADAM optimization with a single iteration (no debug loop)
1.499906385676689
QAOA optimisation for n=1 took 11.31 seconds; started at stardate 1787724733.541061 and finished at stardate 1787724744.855826
Finished QAOA for n=3 nodes, m=3 edges at 2026-08-26 08:12:24 on x86_64. Time taken: 11.31 seconds. Hours: 0.00 hours. Peak RAM: 0.23 MB.
Computing complete graph approximation ratio
CSV writing for n=1 took 0.01 seconds; started at stardate 1787724744.8558354 and finished at stardate 1787724744.867156
results: {1: 1.499906385676689}
durations: {3: 11.314770221710205}
Results saved to: Results/logs/adam/qaoa_results_adam_20260826_081209_pid2518915_Exp5_subexp4_standardWithHeuristic_rerun2508_03.csv
Global end time: 1787724744.8671682
Finalisation time: 0.00 seconds; started at stardate 1787724744.8671603 and finished at stardate 1787724744.867172
Sum of all section times: 11.33 seconds
run_id: bdf619f3
