Starting QAOA benchmark with global start time: 1787562065.5275512
Benchmark parameters: {'optimiser': 'adam', 'optimiser_use_heuristic': True, 'heuristic_optimiser_iterations': 1, 'heuristic_optimiser_sampleSize': 50, 'circuit_type': 'hamqaoa', 'parameter_vector': [1, 1, 1], 'iterations_list': [50], 'learning_rate_adam': 0.01, 'depth_list': [1, 2, 3, 4, 5], 'n_start': None, 'n_end': None, 'singlet_injection': False, 'start_index_singlet': None, 'warm_start': True, 'warm_start_mode': 'amplified', 'lasserre_level': 1, 'initial_solver_level_M': 1, 'sdp_seed': None, 'sdp_solver_mode': 'scs', 'sdp_scs_eps': 1e-06, 'sdp_scs_max_iters': 100000, 'warm_start_corr_strength': None, 'warm_start_corr_repeats': None, 'compare_with_010101': False, 'init_QAOAparams_close_to_zero': False, 'use_correlations_as_initial_params': False, 'time_limit': None, 'failed_instance_termination_thrsh': None, 'graph_generation_type': 'hog', 'weighted': False, 'easiest_first': True, 'cpu_util_threshold': None, 'debug': False, 'save_circuit_svg': False, 'rerun_exclude_finished_instances': True, 'warm_start_cache_producer_only': False, 'qaoa_only_from_existing_warm_start_cache': True, 'optimiser_debug_iterations': None, 'num_repeats': 1, 'relative_graph_adjList_path': 'HOG_graphs/Exp5/list_454_graphs_adjacency_listhog_v04-12_bipartite.txt', 'persistent_warm_start_cache': True, 'warm_start_cache_dir': 'Results/warm_start_cache', 'warm_start_cache_max_file_mb': 512, 'warm_start_cache_max_total_gb': 60, 'sdp_max_parallel': 0, 'qaoa_max_parallel': 16, 'sdp_threads': 1, 'qaoa_threads': 1, 'sdp_memory_limit_total_gb': 0, 'sdp_memory_limit_single_gb': 0, 'sdp_memory_poll_seconds': 5, 'sdp_max_retries': 0, 'queue_poll_interval_seconds': 5, 'max_graph_vertices': 11, 'completed_result_csv_paths': [], 'qaoa_seed': 1, 'initialise_standard_warm_start_with_zero_angles': False, 'result_name_suffix': '_Exp7_AmplifiedWithHeuristic'}, Running QAOA with equal superposition
Benchmark run ID: 88c2fbff
Benchmark repeat index: 1
SDP seed override: None
QAOA seed: 15400101
Processor: x86_64
Hostname: dacsgpu0002
Total RAM (GB): None
Physical cores: 64
Logical cores: 64
Python version: 3.11.15
Initialisation time: 0.01 seconds; started at stardate {'initialisation': 0.007921934127807617} and finished at stardate1787562065.535489
Loaded HOG graph index 154 with 14 edges.
Instance generation for n=154 took 0.04 seconds; started at stardate 1787562065.5354972 and finished at stardate 1787562065.578439
Running QAOA for n=11 nodes, m=14 edges...; Max iterations: 50
Warm-start cache: loading Results/warm_start_cache/list_454_graphs_adjacency_listhog_v04-12_bipartite__filehash_0815e7e8/hog_idx000154_be4893a60249_noseed_L1_M1_amplified.npz
Warm-start cache: loaded in 0.0224 seconds; effective compute time=0.22553706169128418
Edges: [(8, 9), (4, 10), (1, 6), (5, 10), (7, 9), (2, 9), (6, 8), (4, 9), (5, 9), (7, 10), (8, 10), (3, 10), (0, 8), (6, 7)], weights: [1.0, 1.0, 1.0, 1.0, 1.0, 1.0, 1.0, 1.0, 1.0, 1.0, 1.0, 1.0, 1.0, 1.0], set of nodes: {0, 1, 2, 3, 4, 5, 6, 7, 8, 9, 10}, n: 11 nodes, p: 2 layers, N_bayes: 50 iterations
Solving for uuid: d9027e36
Initial state injected as warm start
Warm start correlations applied in the form of weak entanglement
Running ADAM optimization with a single iteration (no debug loop)
4.379440106367023
QAOA optimisation for n=154 took 3612.98 seconds; started at stardate 1787562065.5784457 and finished at stardate 1787565678.56169
Finished QAOA for n=11 nodes, m=14 edges at 2026-08-24 12:01:18 on x86_64. Time taken: 3612.98 seconds. Hours: 1.00 hours. Peak RAM: 2.01 MB.
Unknown graph type for approximation ratio calculation; checking misc CSV.
Checking optimal_results_misc.csv for matching edges and weights...
Found matching exact result in misc CSV: 8.5539168132721
CSV writing for n=154 took 0.05 seconds; started at stardate 1787565678.5617006 and finished at stardate 1787565678.6133697
results: {154: 4.379440106367023}
durations: {11: 3612.9832515716553}
Results saved to: Results/logs/adam/qaoa_results_adam_20260823_222638_pid1203293_Exp7_AmplifiedWithHeuristic.csv
Global end time: 1787565678.6134043
Finalisation time: 0.00 seconds; started at stardate 1787565678.6133845 and finished at stardate 1787565678.6134098
Sum of all section times: 3613.09 seconds
run_id: 88c2fbff
