Starting QAOA benchmark with global start time: 1784476457.3135672
Benchmark parameters: {'optimiser': 'adam', 'optimiser_use_heuristic': True, 'heuristic_optimiser_iterations': 1, 'heuristic_optimiser_sampleSize': 10, 'circuit_type': 'hamqaoa', 'parameter_vector': [1, 1, 1], 'iterations_list': [5, 10, 25, 50], 'learning_rate_adam': 0.01, 'depth_list': [1, 2], 'n_start': None, 'n_end': None, 'singlet_injection': False, 'start_index_singlet': None, 'warm_start': True, 'warm_start_mode': 'standard', 'lasserre_level': 2, 'initial_solver_level_M': 2, 'sdp_seed': 42, 'sdp_solver_mode': 'scs', 'sdp_scs_eps': 1e-06, 'sdp_scs_max_iters': 100000, 'warm_start_corr_strength': None, 'warm_start_corr_repeats': None, 'compare_with_010101': False, 'init_QAOAparams_close_to_zero': False, 'use_correlations_as_initial_params': False, 'time_limit': None, 'failed_instance_termination_thrsh': None, 'graph_generation_type': 'hog', 'weighted': False, 'easiest_first': True, 'cpu_util_threshold': None, 'debug': False, 'save_circuit_svg': False, 'rerun_exclude_finished_instances': False, 'warm_start_cache_producer_only': False, 'qaoa_only_from_existing_warm_start_cache': True, 'optimiser_debug_iterations': None, 'num_repeats': 1, 'relative_graph_adjList_path': 'HOG_graphs/random_graphs_8to14vertices_78instances_20260625_143415_AdjacencyList.txt', 'persistent_warm_start_cache': True, 'warm_start_cache_dir': 'Results/warm_start_cache/experiment_3', 'warm_start_cache_max_file_mb': 512, 'warm_start_cache_max_total_gb': 60, 'sdp_max_parallel': 0, 'qaoa_max_parallel': 32, 'sdp_threads': 1, 'qaoa_threads': 1, 'sdp_memory_limit_total_gb': 100, 'sdp_memory_limit_single_gb': 100, 'sdp_memory_poll_seconds': 5, 'sdp_max_retries': 3, 'queue_poll_interval_seconds': 5}, Running QAOA with equal superposition
Benchmark run ID: ab645f52
Benchmark repeat index: 1
SDP seed override: 42
Processor: x86_64
Hostname: dacsgpu0003
Total RAM (GB): None
Physical cores: 64
Logical cores: 64
Python version: 3.11.15
Initialisation time: 0.01 seconds; started at stardate {'initialisation': 0.010607719421386719} and finished at stardate1784476457.3241897
Loaded HOG graph index 27 with 25 edges.
Instance generation for n=27 took 0.00 seconds; started at stardate 1784476457.3241994 and finished at stardate 1784476457.3276956
Running QAOA for n=10 nodes, m=25 edges...; Max iterations: 25
Warm-start cache: loading Results/warm_start_cache/experiment_3/random_graphs_8to14vertices_78instances_20260625_143415_AdjacencyList__filehash_a79662a0/hog_idx000027_37c8067fe35f_seed42_L2_M2_amplified.npz
Warm-start cache: loaded in 0.0187 seconds; effective compute time=7383.804226636887
Edges: [(2, 6), (2, 9), (4, 6), (7, 8), (0, 5), (1, 7), (6, 9), (3, 4), (2, 8), (4, 5), (2, 5), (4, 8), (1, 3), (0, 1), (1, 9), (0, 7), (6, 8), (3, 6), (3, 9), (2, 7), (4, 7), (0, 3), (1, 5), (0, 9), (5, 8)], weights: [1.0, 1.0, 1.0, 1.0, 1.0, 1.0, 1.0, 1.0, 1.0, 1.0, 1.0, 1.0, 1.0, 1.0, 1.0, 1.0, 1.0, 1.0, 1.0, 1.0, 1.0, 1.0, 1.0, 1.0, 1.0], set of nodes: {0, 1, 2, 3, 4, 5, 6, 7, 8, 9}, n: 10 nodes, p: 1 layers, N_bayes: 25 iterations
Solving for uuid: 313b6cda
Initial state injected as warm start
Running ADAM optimization with a single iteration (no debug loop)
14.782724337330624
QAOA optimisation for n=27 took 61.49 seconds; started at stardate 1784476457.3277013 and finished at stardate 1784476518.8210046
Finished QAOA for n=10 nodes, m=25 edges at 2026-07-19 17:55:18 on x86_64. Time taken: 61.49 seconds. Hours: 0.02 hours. Peak RAM: 0.51 MB.
Unknown graph type for approximation ratio calculation; checking misc CSV.
Checking optimal_results_misc.csv for matching edges and weights...
Found matching exact result in misc CSV: 12.11824304459066
CSV writing for n=27 took 0.00 seconds; started at stardate 1784476518.8210163 and finished at stardate 1784476518.8249266
results: {27: 14.782724337330624}
durations: {10: 61.49331092834473}
Results saved to: Results/logs/adam/qaoa_results_adam_20260719_173953_pid2913535.csv
Global end time: 1784476518.824937
Finalisation time: 0.00 seconds; started at stardate 1784476518.8249297 and finished at stardate 1784476518.8249419
Sum of all section times: 61.51 seconds
run_id: ab645f52
