Starting QAOA benchmark with global start time: 1786361985.8864734
Benchmark parameters: {'optimiser': 'adam', 'optimiser_use_heuristic': False, 'heuristic_optimiser_iterations': None, 'heuristic_optimiser_sampleSize': None, 'circuit_type': 'hamqaoa', 'parameter_vector': [1, 1, 1], 'iterations_list': [50], 'learning_rate_adam': 0.05, 'depth_list': [1, 2, 3, 5], 'n_start': None, 'n_end': None, 'singlet_injection': False, 'start_index_singlet': None, 'warm_start': True, 'warm_start_mode': 'standard', 'lasserre_level': 2, 'initial_solver_level_M': 2, 'sdp_seed': None, 'sdp_solver_mode': 'scs', 'sdp_scs_eps': 1e-06, 'sdp_scs_max_iters': 100000, 'warm_start_corr_strength': None, 'warm_start_corr_repeats': None, 'compare_with_010101': False, 'init_QAOAparams_close_to_zero': False, 'use_correlations_as_initial_params': False, 'time_limit': None, 'failed_instance_termination_thrsh': None, 'graph_generation_type': 'hog', 'weighted': False, 'easiest_first': False, 'cpu_util_threshold': None, 'debug': False, 'save_circuit_svg': False, 'rerun_exclude_finished_instances': True, 'warm_start_cache_producer_only': False, 'qaoa_only_from_existing_warm_start_cache': True, 'optimiser_debug_iterations': None, 'num_repeats': 1, 'relative_graph_adjList_path': 'HOG_graphs/Exp5/list_193_graphs_adjacency_listhog_v04-12_planar_clawFree.txt', 'persistent_warm_start_cache': True, 'warm_start_cache_dir': 'Results/warm_start_cache', 'warm_start_cache_max_file_mb': 512, 'warm_start_cache_max_total_gb': 60, 'sdp_max_parallel': 0, 'qaoa_max_parallel': 16, 'sdp_threads': 1, 'qaoa_threads': 1, 'sdp_memory_limit_total_gb': 0, 'sdp_memory_limit_single_gb': 0, 'sdp_memory_poll_seconds': 5, 'sdp_max_retries': 0, 'queue_poll_interval_seconds': 5, 'max_graph_vertices': None, 'completed_result_csv_paths': [], 'qaoa_seed': 1, 'initialise_standard_warm_start_with_zero_angles': False, 'result_name_suffix': '_Exp5_subexp4_standardWithHeuristic'}, Running QAOA with equal superposition
Benchmark run ID: 8cc3ef00
Benchmark repeat index: 1
SDP seed override: None
QAOA seed: 1
Processor: x86_64
Hostname: dacsgpu0003
Total RAM (GB): None
Physical cores: 64
Logical cores: 64
Python version: 3.11.15
Initialisation time: 0.03 seconds; started at stardate {'initialisation': 0.03161787986755371} and finished at stardate1786361985.9181046
Loaded HOG graph index 101 with 10 edges.
Instance generation for n=101 took 0.00 seconds; started at stardate 1786361985.9181132 and finished at stardate 1786361985.9216626
Running QAOA for n=8 nodes, m=10 edges...; Max iterations: 50
Warm-start cache: loading Results/warm_start_cache/list_193_graphs_adjacency_listhog_v04-12_planar_clawFree__filehash_62ae5075/hog_idx000101_e71ef79f89d0_noseed_L2_M2_amplified.npz
Warm-start cache: loaded in 0.0031 seconds; effective compute time=1278.4116027355194
Edges: [(2, 7), (2, 6), (3, 5), (0, 3), (5, 6), (3, 4), (4, 5), (1, 4), (6, 7), (1, 7)], weights: [1.0, 1.0, 1.0, 1.0, 1.0, 1.0, 1.0, 1.0, 1.0, 1.0], set of nodes: {0, 1, 2, 3, 4, 5, 6, 7}, n: 8 nodes, p: 2 layers, N_bayes: 50 iterations
Solving for uuid: 749afb0e
Initial state injected as warm start
Running ADAM optimization with a single iteration (no debug loop)
7.158469886720606
QAOA optimisation for n=101 took 11.34 seconds; started at stardate 1786361985.9216669 and finished at stardate 1786361997.258698
Finished QAOA for n=8 nodes, m=10 edges at 2026-08-10 13:39:57 on x86_64. Time taken: 11.34 seconds. Hours: 0.00 hours. Peak RAM: 0.26 MB.
Unknown graph type for approximation ratio calculation; checking misc CSV.
Checking optimal_results_misc.csv for matching edges and weights...
Found matching exact result in misc CSV: 5.954372119476277
CSV writing for n=101 took 0.02 seconds; started at stardate 1786361997.258707 and finished at stardate 1786361997.2781303
results: {101: 7.158469886720606}
durations: {8: 11.337036371231079}
Results saved to: Results/logs/adam/qaoa_results_adam_20260810_132430_pid368197_Exp5_subexp4_standardWithHeuristic.csv
Global end time: 1786361997.2781448
Finalisation time: 0.00 seconds; started at stardate 1786361997.2781353 and finished at stardate 1786361997.2781496
Sum of all section times: 11.39 seconds
run_id: 8cc3ef00
