/home/i6408800/MasterThesis/QAOA/Code/Circuit.py:182: UserWarning: No classical warm-start cut provided for HAMQAOA; using random cut values for fourth HAMQAOA gate. This may lead to suboptimal performance and may be unintentional if a classical warm start was intended.
  warnings.warn(
Starting QAOA benchmark with global start time: 1784714079.3290029
Benchmark parameters: {'optimiser': 'adam', 'optimiser_use_heuristic': True, 'heuristic_optimiser_iterations': 2, 'heuristic_optimiser_sampleSize': 10, 'circuit_type': 'hamqaoa', 'parameter_vector': [1, 1, 1], 'iterations_list': [5, 10, 25, 50], 'learning_rate_adam': 0.005, 'depth_list': [1, 2], 'n_start': None, 'n_end': None, 'singlet_injection': False, 'start_index_singlet': None, 'warm_start': False, 'warm_start_mode': None, 'lasserre_level': None, 'initial_solver_level_M': None, 'sdp_seed': None, 'sdp_solver_mode': None, 'sdp_scs_eps': None, 'sdp_scs_max_iters': None, 'warm_start_corr_strength': None, 'warm_start_corr_repeats': None, 'compare_with_010101': False, 'init_QAOAparams_close_to_zero': False, 'use_correlations_as_initial_params': None, 'time_limit': None, 'failed_instance_termination_thrsh': None, 'graph_generation_type': 'hog', 'weighted': False, 'easiest_first': True, 'cpu_util_threshold': None, 'debug': False, 'save_circuit_svg': False, 'rerun_exclude_finished_instances': False, 'warm_start_cache_producer_only': False, 'qaoa_only_from_existing_warm_start_cache': False, 'optimiser_debug_iterations': None, 'num_repeats': 1, 'relative_graph_adjList_path': 'HOG_graphs/stress_test.txt', 'persistent_warm_start_cache': False, 'warm_start_cache_dir': None, 'warm_start_cache_max_file_mb': None, 'warm_start_cache_max_total_gb': None, 'sdp_max_parallel': 0, 'qaoa_max_parallel': 32, 'sdp_threads': None, 'qaoa_threads': 1, 'sdp_memory_limit_total_gb': None, 'sdp_memory_limit_single_gb': None, 'sdp_memory_poll_seconds': None, 'sdp_max_retries': None, 'queue_poll_interval_seconds': 5}, Running QAOA with equal superposition
Benchmark run ID: 50e62e80
Benchmark repeat index: 1
SDP seed override: None
Processor: x86_64
Hostname: dacsgpu0002
Total RAM (GB): None
Physical cores: 64
Logical cores: 64
Python version: 3.11.15
Initialisation time: 0.01 seconds; started at stardate {'initialisation': 0.005112886428833008} and finished at stardate1784714079.3341217
Loaded HOG graph index 151 with 8 edges.
Instance generation for n=151 took 0.01 seconds; started at stardate 1784714079.3341262 and finished at stardate 1784714079.3392189
Running QAOA for n=9 nodes, m=8 edges...; Max iterations: 25
Edges: [(0, 1), (2, 3), (1, 2), (5, 6), (3, 4), (7, 8), (4, 5), (6, 7)], weights: [1.0, 1.0, 1.0, 1.0, 1.0, 1.0, 1.0, 1.0], set of nodes: {0, 1, 2, 3, 4, 5, 6, 7, 8}, n: 9 nodes, p: 2 layers, N_bayes: 25 iterations
Solving for uuid: d6e8548b
No warm start: Default initial state is equal superposition
Running ADAM optimization with a single iteration (no debug loop)
4.051220862093389
QAOA optimisation for n=151 took 3.30 seconds; started at stardate 1784714079.3392227 and finished at stardate 1784714082.636745
Finished QAOA for n=9 nodes, m=8 edges at 2026-07-22 11:54:42 on x86_64. Time taken: 3.30 seconds. Hours: 0.00 hours. Peak RAM: 0.2 MB.
Computing line approximation ratio
CSV writing for n=151 took 0.01 seconds; started at stardate 1784714082.636754 and finished at stardate 1784714082.6447031
results: {151: 4.051220862093389}
durations: {9: 3.2975268363952637}
Results saved to: Results/logs/adam/qaoa_results_adam_20260722_112517_pid1130904.csv
Global end time: 1784714082.6447148
Finalisation time: 0.00 seconds; started at stardate 1784714082.6447067 and finished at stardate 1784714082.644719
Sum of all section times: 3.32 seconds
run_id: 50e62e80
