/home/i6408800/MasterThesis/QAOA/Code/Circuit.py:182: UserWarning: No classical warm-start cut provided for HAMQAOA; using random cut values for fourth HAMQAOA gate. This may lead to suboptimal performance and may be unintentional if a classical warm start was intended.
  warnings.warn(
Starting QAOA benchmark with global start time: 1784713646.496866
Benchmark parameters: {'optimiser': 'adam', 'optimiser_use_heuristic': True, 'heuristic_optimiser_iterations': 2, 'heuristic_optimiser_sampleSize': 10, 'circuit_type': 'hamqaoa', 'parameter_vector': [1, 1, 1], 'iterations_list': [5, 10, 25, 50], 'learning_rate_adam': 0.005, 'depth_list': [1, 2], 'n_start': None, 'n_end': None, 'singlet_injection': False, 'start_index_singlet': None, 'warm_start': False, 'warm_start_mode': None, 'lasserre_level': None, 'initial_solver_level_M': None, 'sdp_seed': None, 'sdp_solver_mode': None, 'sdp_scs_eps': None, 'sdp_scs_max_iters': None, 'warm_start_corr_strength': None, 'warm_start_corr_repeats': None, 'compare_with_010101': False, 'init_QAOAparams_close_to_zero': False, 'use_correlations_as_initial_params': None, 'time_limit': None, 'failed_instance_termination_thrsh': None, 'graph_generation_type': 'hog', 'weighted': False, 'easiest_first': True, 'cpu_util_threshold': None, 'debug': False, 'save_circuit_svg': False, 'rerun_exclude_finished_instances': False, 'warm_start_cache_producer_only': False, 'qaoa_only_from_existing_warm_start_cache': False, 'optimiser_debug_iterations': None, 'num_repeats': 1, 'relative_graph_adjList_path': 'HOG_graphs/stress_test.txt', 'persistent_warm_start_cache': False, 'warm_start_cache_dir': None, 'warm_start_cache_max_file_mb': None, 'warm_start_cache_max_total_gb': None, 'sdp_max_parallel': 0, 'qaoa_max_parallel': 32, 'sdp_threads': None, 'qaoa_threads': 1, 'sdp_memory_limit_total_gb': None, 'sdp_memory_limit_single_gb': None, 'sdp_memory_poll_seconds': None, 'sdp_max_retries': None, 'queue_poll_interval_seconds': 5}, Running QAOA with equal superposition
Benchmark run ID: e7e41178
Benchmark repeat index: 1
SDP seed override: None
Processor: x86_64
Hostname: dacsgpu0002
Total RAM (GB): None
Physical cores: 64
Logical cores: 64
Python version: 3.11.15
Initialisation time: 0.00 seconds; started at stardate {'initialisation': 0.0034189224243164062} and finished at stardate1784713646.5002937
Loaded HOG graph index 113 with 15 edges.
Instance generation for n=113 took 0.00 seconds; started at stardate 1784713646.5002992 and finished at stardate 1784713646.504797
Running QAOA for n=10 nodes, m=15 edges...; Max iterations: 25
Edges: [(2, 7), (0, 1), (2, 3), (1, 6), (0, 4), (3, 8), (6, 9), (5, 7), (7, 9), (1, 2), (6, 8), (3, 4), (4, 9), (0, 5), (5, 8)], weights: [1.0, 1.0, 1.0, 1.0, 1.0, 1.0, 1.0, 1.0, 1.0, 1.0, 1.0, 1.0, 1.0, 1.0, 1.0], set of nodes: {0, 1, 2, 3, 4, 5, 6, 7, 8, 9}, n: 10 nodes, p: 2 layers, N_bayes: 25 iterations
Solving for uuid: 9488dfb5
No warm start: Default initial state is equal superposition
Running ADAM optimization with a single iteration (no debug loop)
5.049069575342666
QAOA optimisation for n=113 took 3.99 seconds; started at stardate 1784713646.5048008 and finished at stardate 1784713650.4977474
Finished QAOA for n=10 nodes, m=15 edges at 2026-07-22 11:47:30 on x86_64. Time taken: 3.99 seconds. Hours: 0.00 hours. Peak RAM: 0.21 MB.
Unknown graph type for approximation ratio calculation; checking misc CSV.
Checking optimal_results_misc.csv for matching edges and weights...
Found matching exact result in misc CSV: 8.089454172900137
CSV writing for n=113 took 0.00 seconds; started at stardate 1784713650.4977548 and finished at stardate 1784713650.502503
results: {113: 5.049069575342666}
durations: {10: 3.9929513931274414}
Results saved to: Results/logs/adam/qaoa_results_adam_20260722_112517_pid1130904.csv
Global end time: 1784713650.5025127
Finalisation time: 0.00 seconds; started at stardate 1784713650.502506 and finished at stardate 1784713650.5025163
Sum of all section times: 4.01 seconds
run_id: e7e41178
