Starting QAOA benchmark with global start time: 1787314800.1995673
Benchmark parameters: {'optimiser': 'adam', 'optimiser_use_heuristic': True, 'heuristic_optimiser_iterations': 1, 'heuristic_optimiser_sampleSize': 10, 'circuit_type': 'hamqaoa', 'parameter_vector': [1, 1, 1], 'iterations_list': [50], 'learning_rate_adam': 0.05, 'depth_list': [1, 2, 3, 4, 5], 'n_start': None, 'n_end': None, 'singlet_injection': False, 'start_index_singlet': None, 'warm_start': True, 'warm_start_mode': 'amplified', 'lasserre_level': 2, 'initial_solver_level_M': 2, 'sdp_seed': None, 'sdp_solver_mode': 'scs', 'sdp_scs_eps': 1e-06, 'sdp_scs_max_iters': 100000, 'warm_start_corr_strength': None, 'warm_start_corr_repeats': None, 'compare_with_010101': False, 'init_QAOAparams_close_to_zero': False, 'use_correlations_as_initial_params': False, 'time_limit': None, 'failed_instance_termination_thrsh': None, 'graph_generation_type': 'hog', 'weighted': False, 'easiest_first': True, 'cpu_util_threshold': None, 'debug': False, 'save_circuit_svg': False, 'rerun_exclude_finished_instances': True, 'warm_start_cache_producer_only': False, 'qaoa_only_from_existing_warm_start_cache': True, 'optimiser_debug_iterations': None, 'num_repeats': 1, 'relative_graph_adjList_path': 'HOG_graphs/Exp5/list_454_graphs_adjacency_listhog_v04-12_bipartite.txt', 'persistent_warm_start_cache': True, 'warm_start_cache_dir': 'Results/warm_start_cache', 'warm_start_cache_max_file_mb': 512, 'warm_start_cache_max_total_gb': 60, 'sdp_max_parallel': 0, 'qaoa_max_parallel': 16, 'sdp_threads': 1, 'qaoa_threads': 1, 'sdp_memory_limit_total_gb': 0, 'sdp_memory_limit_single_gb': 0, 'sdp_memory_poll_seconds': 5, 'sdp_max_retries': 0, 'queue_poll_interval_seconds': 5, 'max_graph_vertices': 11, 'completed_result_csv_paths': [], 'qaoa_seed': 1, 'initialise_standard_warm_start_with_zero_angles': False, 'result_name_suffix': '_Exp7_AmplifiedWithHeuristic'}, Running QAOA with equal superposition
Benchmark run ID: 9997ba94
Benchmark repeat index: 1
SDP seed override: None
QAOA seed: 43600401
Processor: x86_64
Hostname: dacsgpu0002
Total RAM (GB): None
Physical cores: 64
Logical cores: 64
Python version: 3.11.15
Initialisation time: 0.01 seconds; started at stardate {'initialisation': 0.01384425163269043} and finished at stardate1787314800.2134228
Loaded HOG graph index 436 with 8 edges.
Instance generation for n=436 took 0.01 seconds; started at stardate 1787314800.2134302 and finished at stardate 1787314800.2241595
Running QAOA for n=8 nodes, m=8 edges...; Max iterations: 50
Warm-start cache: loading Results/warm_start_cache/list_454_graphs_adjacency_listhog_v04-12_bipartite__filehash_0815e7e8/hog_idx000436_fffb7e7d43c3_noseed_L2_M2_amplified.npz
Warm-start cache: loaded in 0.0043 seconds; effective compute time=1392.9601287841797
Edges: [(2, 7), (0, 1), (3, 5), (4, 6), (5, 6), (3, 7), (2, 4), (1, 7)], weights: [1.0, 1.0, 1.0, 1.0, 1.0, 1.0, 1.0, 1.0], set of nodes: {0, 1, 2, 3, 4, 5, 6, 7}, n: 8 nodes, p: 5 layers, N_bayes: 50 iterations
Solving for uuid: 5a2292fd
Initial state injected as warm start
Warm start correlations applied in the form of weak entanglement
Running ADAM optimization with a single iteration (no debug loop)
6.789030659520859
QAOA optimisation for n=436 took 28.50 seconds; started at stardate 1787314800.2241657 and finished at stardate 1787314828.725714
Finished QAOA for n=8 nodes, m=8 edges at 2026-08-21 14:20:28 on x86_64. Time taken: 28.50 seconds. Hours: 0.01 hours. Peak RAM: 0.29 MB.
Unknown graph type for approximation ratio calculation; checking misc CSV.
Checking optimal_results_misc.csv for matching edges and weights...
Found matching exact result in misc CSV: 5.661988424005759
CSV writing for n=436 took 0.02 seconds; started at stardate 1787314828.7257235 and finished at stardate 1787314828.742315
results: {436: 6.789030659520859}
durations: {8: 28.501554489135742}
Results saved to: Results/logs/adam/qaoa_results_adam_20260821_130737_pid653420_Exp7_AmplifiedWithHeuristic.csv
Global end time: 1787314828.742331
Finalisation time: 0.00 seconds; started at stardate 1787314828.742321 and finished at stardate 1787314828.7423353
Sum of all section times: 28.54 seconds
run_id: 9997ba94
