2026-04-14 19:11:18.021 system_profiler[94932:638631] hw.cpufamily: 0x6f5129ac
Benchmark parameters: {'optimiser': 'COBYLA', 'parameter_vector': [1, 1, 1], 'iterations_list': [100, 300, 500], 'depth_list': [1, 2, 3, 4, 5, 10, 15, 20], 'n_start': 2, 'n_end': 14, 'singlet_injection': False, 'start_index_singlet': 0, 'warm_start': True, 'compare_with_010101': False, 'warm_start_correlations': False, 'init_QAOAparams_close_to_zero': True, 'use_correlations_as_initial_params': False, 'time_limit': 10800, 'failed_instance_termination_thrsh': 10, 'graph_generation_type': 'complete', 'weighted': False, 'easiest_first': True, 'cpu_util_threshold': 90, 'debug': False, 'rerun_exclude_finished_instances': True}, Running QAOA with equal superposition
Benchmark run ID: 43a70c0f
Processor: Apple M4
Hostname: Julians-MacBook-Air-2.local
Total RAM (GB): 16.0
Physical cores: 10
Logical cores: 10
Python version: 3.13.1
Generating complete graph with 13 nodes...
Running QAOA for n=13 nodes, m=78 edges...; Max iterations: 500
Warm-start: using parameter_vector=[1, 1, 1]
Warm-start: starting SDP solve for n_vertices=13
Starting SDP solve (solver preference: MOSEK, fallback: SCS) for n_vertices=13, matrix_dim=39, edges=78
Finished SDP solve with MOSEK. status=optimal. elapsed_seconds=0.24
Rounding...
n_vertices: 13 for n = 39
Using seed None to generate random matrix for x.
r_0: [ 0.12957728  0.5593067  -0.81877087]
Product state qubit 0: [[0.09061457+0.j         0.06478864-0.27965335j]
 [0.06478864+0.27965335j 0.90938543+0.j        ]]
Diagonal entries of product state 0: [0.09061457 0.90938543]
r_1: [ 0.7179702  -0.63895537  0.27614278]
Product state qubit 1: [[0.63807139+0.j         0.3589851 +0.31947768j]
 [0.3589851 -0.31947768j 0.36192861+0.j        ]]
Diagonal entries of product state 1: [0.63807139 0.36192861]
r_2: [-0.75232416 -0.39618342 -0.5263526 ]
Product state qubit 2: [[ 0.2368237 +0.j         -0.37616208+0.19809171j]
 [-0.37616208-0.19809171j  0.7631763 +0.j        ]]
Diagonal entries of product state 2: [0.2368237 0.7631763]
r_3: [ 0.53919393 -0.21542138 -0.81416431]
Product state qubit 3: [[0.09291784+0.j         0.26959697+0.10771069j]
 [0.26959697-0.10771069j 0.90708216+0.j        ]]
Diagonal entries of product state 3: [0.09291784 0.90708216]
r_4: [ 0.19084851 -0.25750459  0.94724244]
Product state qubit 4: [[0.97362122+0.j         0.09542425+0.12875229j]
 [0.09542425-0.12875229j 0.02637878+0.j        ]]
Diagonal entries of product state 4: [0.97362122 0.02637878]
r_5: [ 0.8263271   0.52188368 -0.21170959]
Product state qubit 5: [[0.39414521+0.j         0.41316355-0.26094184j]
 [0.41316355+0.26094184j 0.60585479+0.j        ]]
Diagonal entries of product state 5: [0.39414521 0.60585479]
r_6: [0.5061586  0.19370384 0.84040603]
Product state qubit 6: [[0.92020301+0.j         0.2530793 -0.09685192j]
 [0.2530793 +0.09685192j 0.07979699+0.j        ]]
Diagonal entries of product state 6: [0.92020301 0.07979699]
r_7: [ 0.8526389  -0.45074476  0.26426515]
Product state qubit 7: [[0.63213258+0.j         0.42631945+0.22537238j]
 [0.42631945-0.22537238j 0.36786742+0.j        ]]
Diagonal entries of product state 7: [0.63213258 0.36786742]
r_8: [-0.90031952 -0.43390951 -0.03387174]
Product state qubit 8: [[ 0.48306413+0.j         -0.45015976+0.21695476j]
 [-0.45015976-0.21695476j  0.51693587+0.j        ]]
Diagonal entries of product state 8: [0.48306413 0.51693587]
r_9: [-0.9321012  -0.2073822   0.29695113]
Product state qubit 9: [[ 0.64847557+0.j        -0.4660506 +0.1036911j]
 [-0.4660506 -0.1036911j  0.35152443+0.j       ]]
Diagonal entries of product state 9: [0.64847557 0.35152443]
r_10: [0.66631251 0.59018461 0.45575187]
Product state qubit 10: [[0.72787593+0.j        0.33315625-0.2950923j]
 [0.33315625+0.2950923j 0.27212407+0.j       ]]
Diagonal entries of product state 10: [0.72787593 0.27212407]
r_11: [ 0.92861755 -0.01374779  0.37078355]
Product state qubit 11: [[0.68539178+0.j        0.46430878+0.0068739j]
 [0.46430878-0.0068739j 0.31460822+0.j       ]]
Diagonal entries of product state 11: [0.68539178 0.31460822]
r_12: [-0.66674747  0.74287548 -0.05986513]
Product state qubit 12: [[ 0.47006744+0.j         -0.33337374-0.37143774j]
 [-0.33337374+0.37143774j  0.52993256+0.j        ]]
Diagonal entries of product state 12: [0.47006744 0.52993256]
y_scalar: False
[-1, 1, -1, -1, 1, -1, 1, 1, -1, 1, 1, 1, -1]
Check the cut: [-1, 1, -1, -1, 1, -1, 1, 1, -1, 1, 1, 1, -1]
42 in cut out of a total of 78 edges
Warm-start: SDP solve + rounding finished in 0.87 seconds
Warm-start: statevector build finished in 0.00 seconds
warm_start_correlations: None
Edges: [(0, 1), (0, 2), (0, 3), (0, 4), (0, 5), (0, 6), (0, 7), (0, 8), (0, 9), (0, 10), (0, 11), (0, 12), (1, 2), (1, 3), (1, 4), (1, 5), (1, 6), (1, 7), (1, 8), (1, 9), (1, 10), (1, 11), (1, 12), (2, 3), (2, 4), (2, 5), (2, 6), (2, 7), (2, 8), (2, 9), (2, 10), (2, 11), (2, 12), (3, 4), (3, 5), (3, 6), (3, 7), (3, 8), (3, 9), (3, 10), (3, 11), (3, 12), (4, 5), (4, 6), (4, 7), (4, 8), (4, 9), (4, 10), (4, 11), (4, 12), (5, 6), (5, 7), (5, 8), (5, 9), (5, 10), (5, 11), (5, 12), (6, 7), (6, 8), (6, 9), (6, 10), (6, 11), (6, 12), (7, 8), (7, 9), (7, 10), (7, 11), (7, 12), (8, 9), (8, 10), (8, 11), (8, 12), (9, 10), (9, 11), (9, 12), (10, 11), (10, 12), (11, 12)], weights: [1.0, 1.0, 1.0, 1.0, 1.0, 1.0, 1.0, 1.0, 1.0, 1.0, 1.0, 1.0, 1.0, 1.0, 1.0, 1.0, 1.0, 1.0, 1.0, 1.0, 1.0, 1.0, 1.0, 1.0, 1.0, 1.0, 1.0, 1.0, 1.0, 1.0, 1.0, 1.0, 1.0, 1.0, 1.0, 1.0, 1.0, 1.0, 1.0, 1.0, 1.0, 1.0, 1.0, 1.0, 1.0, 1.0, 1.0, 1.0, 1.0, 1.0, 1.0, 1.0, 1.0, 1.0, 1.0, 1.0, 1.0, 1.0, 1.0, 1.0, 1.0, 1.0, 1.0, 1.0, 1.0, 1.0, 1.0, 1.0, 1.0, 1.0, 1.0, 1.0, 1.0, 1.0, 1.0, 1.0, 1.0, 1.0], set of nodes: {0, 1, 2, 3, 4, 5, 6, 7, 8, 9, 10, 11, 12}, n: 13 nodes, p: 1 layers, N_bayes: 500 iterations
Initial state injected as warm start
Layer 0: Added Cost and Mixer unitaries with gamma=γ[0] and beta=β[0]
.rz and .ry mixer terms added in addition to classical .rx mixer
Using random initial parameters with gamma [0.06593227] and beta [0.05820087]
20.448787075812223
Finished QAOA for n=13 nodes, m=78 edges at 2026-04-14 20:48:49 on Apple M4. Time taken: 5851.66 seconds. Hours: 1.63 hours. Peak RAM: 2802.22 MB.
Computing complete graph approximation ratio
results: {13: np.float64(20.448787075812223)}
durations: {13: 5851.659796953201}
Results saved to: logs/COBYLA/qaoa_results_COBYLA_20260414_190238.csv
