2026-04-14 19:06:34.203 system_profiler[86801:622740] hw.cpufamily: 0x6f5129ac
Benchmark parameters: {'optimiser': 'COBYLA', 'parameter_vector': [1, 1, 1], 'iterations_list': [100, 300, 500], 'depth_list': [1, 2, 3, 4, 5, 10, 15, 20], 'n_start': 2, 'n_end': 14, 'singlet_injection': False, 'start_index_singlet': 0, 'warm_start': True, 'compare_with_010101': False, 'warm_start_correlations': False, 'init_QAOAparams_close_to_zero': True, 'use_correlations_as_initial_params': False, 'time_limit': 10800, 'failed_instance_termination_thrsh': 10, 'graph_generation_type': 'complete', 'weighted': False, 'easiest_first': True, 'cpu_util_threshold': 90, 'debug': False, 'rerun_exclude_finished_instances': True}, Running QAOA with equal superposition
Benchmark run ID: 638a0ead
Processor: Apple M4
Hostname: Julians-MacBook-Air-2.local
Total RAM (GB): 16.0
Physical cores: 10
Logical cores: 10
Python version: 3.13.1
Generating complete graph with 2 nodes...
Running QAOA for n=2 nodes, m=1 edges...; Max iterations: 100
Warm-start: using parameter_vector=[1, 1, 1]
Warm-start: starting SDP solve for n_vertices=2
Starting SDP solve (solver preference: MOSEK, fallback: SCS) for n_vertices=2, matrix_dim=6, edges=1
Finished SDP solve with MOSEK. status=optimal. elapsed_seconds=0.03
Rounding...
n_vertices: 2 for n = 6
Using seed None to generate random matrix for x.
r_0: [-0.87955534 -0.47571483 -0.00882125]
Product state qubit 0: [[ 0.49558938+0.j         -0.43977767+0.23785741j]
 [-0.43977767-0.23785741j  0.50441062+0.j        ]]
Diagonal entries of product state 0: [0.49558938 0.50441062]
r_1: [0.87955485 0.4757157  0.00882224]
Product state qubit 1: [[0.50441112+0.j         0.43977743-0.23785785j]
 [0.43977743+0.23785785j 0.49558888+0.j        ]]
Diagonal entries of product state 1: [0.50441112 0.49558888]
y_scalar: False
[-1, 1]
Check the cut: [-1, 1]
1 in cut out of a total of 1 edges
Warm-start: SDP solve + rounding finished in 0.04 seconds
Warm-start: statevector build finished in 0.00 seconds
warm_start_correlations: None
Edges: [(0, 1)], weights: [1.0], set of nodes: {0, 1}, n: 2 nodes, p: 5 layers, N_bayes: 100 iterations
Initial state injected as warm start
Layer 0: Added Cost and Mixer unitaries with gamma=γ[0] and beta=β[0]
.rz and .ry mixer terms added in addition to classical .rx mixer
Layer 1: Added Cost and Mixer unitaries with gamma=γ[1] and beta=β[1]
.rz and .ry mixer terms added in addition to classical .rx mixer
Layer 2: Added Cost and Mixer unitaries with gamma=γ[2] and beta=β[2]
.rz and .ry mixer terms added in addition to classical .rx mixer
Layer 3: Added Cost and Mixer unitaries with gamma=γ[3] and beta=β[3]
.rz and .ry mixer terms added in addition to classical .rx mixer
Layer 4: Added Cost and Mixer unitaries with gamma=γ[4] and beta=β[4]
.rz and .ry mixer terms added in addition to classical .rx mixer
Using random initial parameters with gamma [0.08453157 0.01006641 0.00642758 0.09757611 0.0396975 ] and beta [0.00368501 0.06168238 0.04447978 0.06676498 0.00190118]
0.4999999999997553
Finished QAOA for n=2 nodes, m=1 edges at 2026-04-14 19:06:34 on Apple M4. Time taken: 0.22 seconds. Hours: 0.00 hours. Peak RAM: 214.17 MB.
Computing complete graph approximation ratio
Traceback (most recent call last):
  File "/Users/julian/PycharmProjects/PythonProject/MasterThesis/QAOA/Main.py", line 295, in <module>
    approx_ratio = results[n] / return_optimal_fully_connected(n)
                                ~~~~~~~~~~~~~~~~~~~~~~~~~~~~~~^^^
  File "/Users/julian/PycharmProjects/PythonProject/MasterThesis/QAOA/Main.py", line 192, in return_optimal_fully_connected
    val = df.loc[df["n"] == n, "result"].item()
  File "/opt/homebrew/Caskroom/miniconda/base/envs/MasterThesis/lib/python3.13/site-packages/pandas/core/base.py", line 427, in item
    raise ValueError("can only convert an array of size 1 to a Python scalar")
ValueError: can only convert an array of size 1 to a Python scalar
