2026-04-14 19:07:13.349 system_profiler[88475:626062] hw.cpufamily: 0x6f5129ac
Benchmark parameters: {'optimiser': 'COBYLA', 'parameter_vector': [1, 1, 1], 'iterations_list': [100, 300, 500], 'depth_list': [1, 2, 3, 4, 5, 10, 15, 20], 'n_start': 2, 'n_end': 14, 'singlet_injection': False, 'start_index_singlet': 0, 'warm_start': True, 'compare_with_010101': False, 'warm_start_correlations': False, 'init_QAOAparams_close_to_zero': True, 'use_correlations_as_initial_params': False, 'time_limit': 10800, 'failed_instance_termination_thrsh': 10, 'graph_generation_type': 'complete', 'weighted': False, 'easiest_first': True, 'cpu_util_threshold': 90, 'debug': False, 'rerun_exclude_finished_instances': True}, Running QAOA with equal superposition
Benchmark run ID: 2608684f
Processor: Apple M4
Hostname: Julians-MacBook-Air-2.local
Total RAM (GB): 16.0
Physical cores: 10
Logical cores: 10
Python version: 3.13.1
Generating complete graph with 14 nodes...
Running QAOA for n=14 nodes, m=91 edges...; Max iterations: 100
Warm-start: using parameter_vector=[1, 1, 1]
Warm-start: starting SDP solve for n_vertices=14
Starting SDP solve (solver preference: MOSEK, fallback: SCS) for n_vertices=14, matrix_dim=42, edges=91
Finished SDP solve with MOSEK. status=optimal. elapsed_seconds=0.27
Rounding...
n_vertices: 14 for n = 42
Using seed None to generate random matrix for x.
r_0: [-0.1838496  -0.22599307 -0.95662242]
Product state qubit 0: [[ 0.02168879+0.j         -0.0919248 +0.11299654j]
 [-0.0919248 -0.11299654j  0.97831121+0.j        ]]
Diagonal entries of product state 0: [0.02168879 0.97831121]
r_1: [-0.58161789  0.20480048 -0.78725942]
Product state qubit 1: [[ 0.10637029+0.j         -0.29080894-0.10240024j]
 [-0.29080894+0.10240024j  0.89362971+0.j        ]]
Diagonal entries of product state 1: [0.10637029 0.89362971]
r_2: [-0.23547891  0.57073897  0.78664268]
Product state qubit 2: [[ 0.89332134+0.j         -0.11773946-0.28536948j]
 [-0.11773946+0.28536948j  0.10667866+0.j        ]]
Diagonal entries of product state 2: [0.89332134 0.10667866]
r_3: [-0.38466062  0.56255657  0.73182396]
Product state qubit 3: [[ 0.86591198+0.j         -0.19233031-0.28127829j]
 [-0.19233031+0.28127829j  0.13408802+0.j        ]]
Diagonal entries of product state 3: [0.86591198 0.13408802]
r_4: [ 0.37923269  0.26955352 -0.88516861]
Product state qubit 4: [[0.0574157 +0.j         0.18961634-0.13477676j]
 [0.18961634+0.13477676j 0.9425843 +0.j        ]]
Diagonal entries of product state 4: [0.0574157 0.9425843]
r_5: [ 0.31758525 -0.28225214  0.90524767]
Product state qubit 5: [[0.95262383+0.j         0.15879263+0.14112607j]
 [0.15879263-0.14112607j 0.04737617+0.j        ]]
Diagonal entries of product state 5: [0.95262383 0.04737617]
r_6: [-0.92843162 -0.28982752  0.23241072]
Product state qubit 6: [[ 0.61620536+0.j         -0.46421581+0.14491376j]
 [-0.46421581-0.14491376j  0.38379464+0.j        ]]
Diagonal entries of product state 6: [0.61620536 0.38379464]
r_7: [-0.48791478 -0.5113228  -0.70745188]
Product state qubit 7: [[ 0.14627406+0.j        -0.24395739+0.2556614j]
 [-0.24395739-0.2556614j  0.85372594+0.j       ]]
Diagonal entries of product state 7: [0.14627406 0.85372594]
r_8: [0.09788386 0.45825844 0.88341267]
Product state qubit 8: [[0.94170634+0.j         0.04894193-0.22912922j]
 [0.04894193+0.22912922j 0.05829366+0.j        ]]
Diagonal entries of product state 8: [0.94170634 0.05829366]
r_9: [ 0.05516129 -0.63716204 -0.76875339]
Product state qubit 9: [[0.11562331+0.j         0.02758065+0.31858102j]
 [0.02758065-0.31858102j 0.88437669+0.j        ]]
Diagonal entries of product state 9: [0.11562331 0.88437669]
r_10: [-0.56274778  0.19569165  0.80313119]
Product state qubit 10: [[ 0.9015656 +0.j         -0.28137389-0.09784583j]
 [-0.28137389+0.09784583j  0.0984344 +0.j        ]]
Diagonal entries of product state 10: [0.9015656 0.0984344]
r_11: [ 0.85414526  0.45681703 -0.24850369]
Product state qubit 11: [[0.37574815+0.j         0.42707263-0.22840851j]
 [0.42707263+0.22840851j 0.62425185+0.j        ]]
Diagonal entries of product state 11: [0.37574815 0.62425185]
r_12: [0.40236732 0.59504064 0.69572062]
Product state qubit 12: [[0.84786031+0.j         0.20118366-0.29752032j]
 [0.20118366+0.29752032j 0.15213969+0.j        ]]
Diagonal entries of product state 12: [0.84786031 0.15213969]
r_13: [ 0.63872882 -0.7416576   0.20486459]
Product state qubit 13: [[0.6024323 +0.j        0.31936441+0.3708288j]
 [0.31936441-0.3708288j 0.3975677 +0.j       ]]
Diagonal entries of product state 13: [0.6024323 0.3975677]
y_scalar: False
[-1, -1, 1, 1, -1, 1, 1, -1, 1, -1, 1, -1, 1, 1]
Check the cut: [-1, -1, 1, 1, -1, 1, 1, -1, 1, -1, 1, -1, 1, 1]
48 in cut out of a total of 91 edges
Warm-start: SDP solve + rounding finished in 3.99 seconds
Warm-start: statevector build finished in 0.00 seconds
