2026-04-14 19:40:38.178 system_profiler[39628:727252] hw.cpufamily: 0x6f5129ac
Benchmark parameters: {'optimiser': 'COBYLA', 'parameter_vector': [1, 1, 1], 'iterations_list': [100, 300, 500], 'depth_list': [1, 2, 3, 4, 5, 10, 15, 20], 'n_start': 2, 'n_end': 14, 'singlet_injection': False, 'start_index_singlet': 0, 'warm_start': True, 'compare_with_010101': False, 'warm_start_correlations': False, 'init_QAOAparams_close_to_zero': True, 'use_correlations_as_initial_params': False, 'time_limit': 10800, 'failed_instance_termination_thrsh': 10, 'graph_generation_type': 'complete', 'weighted': False, 'easiest_first': True, 'cpu_util_threshold': 90, 'debug': False, 'rerun_exclude_finished_instances': True}, Running QAOA with equal superposition
Benchmark run ID: a0a57cf9
Processor: Apple M4
Hostname: Julians-MacBook-Air-2.local
Total RAM (GB): 16.0
Physical cores: 10
Logical cores: 10
Python version: 3.13.1
Generating complete graph with 5 nodes...
Running QAOA for n=5 nodes, m=10 edges...; Max iterations: 100
Warm-start: using parameter_vector=[1, 1, 1]
Warm-start: starting SDP solve for n_vertices=5
Starting SDP solve (solver preference: MOSEK, fallback: SCS) for n_vertices=5, matrix_dim=15, edges=10
Finished SDP solve with MOSEK. status=optimal. elapsed_seconds=0.05
Rounding...
n_vertices: 5 for n = 15
Using seed None to generate random matrix for x.
r_0: [ 0.93415256  0.0513095  -0.35316614]
Product state qubit 0: [[0.32341693+0.j         0.46707628-0.02565475j]
 [0.46707628+0.02565475j 0.67658307+0.j        ]]
Diagonal entries of product state 0: [0.32341693 0.67658307]
r_1: [-0.86798539 -0.47019739  0.15973658]
Product state qubit 1: [[ 0.57986829+0.j         -0.4339927 +0.23509869j]
 [-0.4339927 -0.23509869j  0.42013171+0.j        ]]
Diagonal entries of product state 1: [0.57986829 0.42013171]
r_2: [5.97760201e-02 6.70733393e-04 9.98211590e-01]
Product state qubit 2: [[9.99105795e-01+0.j         2.98880100e-02-0.00033537j]
 [2.98880100e-02+0.00033537j 8.94205218e-04+0.j        ]]
Diagonal entries of product state 2: [9.99105795e-01 8.94205218e-04]
r_3: [-0.74222     0.50985185  0.43492593]
Product state qubit 3: [[ 0.71746296+0.j         -0.37111   -0.25492592j]
 [-0.37111   +0.25492592j  0.28253704+0.j        ]]
Diagonal entries of product state 3: [0.71746296 0.28253704]
r_4: [-0.27622152 -0.30153088 -0.91256824]
Product state qubit 4: [[ 0.04371588+0.j         -0.13811076+0.15076544j]
 [-0.13811076-0.15076544j  0.95628412+0.j        ]]
Diagonal entries of product state 4: [0.04371588 0.95628412]
y_scalar: False
[-1, 1, 1, 1, -1]
Check the cut: [-1, 1, 1, 1, -1]
6 in cut out of a total of 10 edges
Warm-start: SDP solve + rounding finished in 0.06 seconds
Warm-start: statevector build finished in 0.00 seconds
warm_start_correlations: None
Edges: [(0, 1), (0, 2), (0, 3), (0, 4), (1, 2), (1, 3), (1, 4), (2, 3), (2, 4), (3, 4)], weights: [1.0, 1.0, 1.0, 1.0, 1.0, 1.0, 1.0, 1.0, 1.0, 1.0], set of nodes: {0, 1, 2, 3, 4}, n: 5 nodes, p: 5 layers, N_bayes: 100 iterations
Initial state injected as warm start
Layer 0: Added Cost and Mixer unitaries with gamma=γ[0] and beta=β[0]
.rz and .ry mixer terms added in addition to classical .rx mixer
Layer 1: Added Cost and Mixer unitaries with gamma=γ[1] and beta=β[1]
.rz and .ry mixer terms added in addition to classical .rx mixer
Layer 2: Added Cost and Mixer unitaries with gamma=γ[2] and beta=β[2]
.rz and .ry mixer terms added in addition to classical .rx mixer
Layer 3: Added Cost and Mixer unitaries with gamma=γ[3] and beta=β[3]
.rz and .ry mixer terms added in addition to classical .rx mixer
Layer 4: Added Cost and Mixer unitaries with gamma=γ[4] and beta=β[4]
.rz and .ry mixer terms added in addition to classical .rx mixer
Using random initial parameters with gamma [0.08022811 0.05324049 0.08958481 0.04290097 0.09918378] and beta [0.06097541 0.00176964 0.09104729 0.09233815 0.09597405]
3.006546240002045
Finished QAOA for n=5 nodes, m=10 edges at 2026-04-14 19:40:39 on Apple M4. Time taken: 0.91 seconds. Hours: 0.00 hours. Peak RAM: 203.48 MB.
Computing complete graph approximation ratio
results: {5: np.float64(3.006546240002045)}
durations: {5: 0.9056198596954346}
Results saved to: logs/COBYLA/qaoa_results_COBYLA_20260414_190238.csv
