2026-04-14 19:04:12.190 system_profiler[79120:607186] hw.cpufamily: 0x6f5129ac
Benchmark parameters: {'optimiser': 'COBYLA', 'parameter_vector': [1, 1, 1], 'iterations_list': [100, 300, 500], 'depth_list': [1, 2, 3, 4, 5, 10, 15, 20], 'n_start': 2, 'n_end': 14, 'singlet_injection': False, 'start_index_singlet': 0, 'warm_start': True, 'compare_with_010101': False, 'warm_start_correlations': False, 'init_QAOAparams_close_to_zero': True, 'use_correlations_as_initial_params': False, 'time_limit': 10800, 'failed_instance_termination_thrsh': 10, 'graph_generation_type': 'complete', 'weighted': False, 'easiest_first': True, 'cpu_util_threshold': 90, 'debug': False, 'rerun_exclude_finished_instances': True}, Running QAOA with equal superposition
Benchmark run ID: 25c64be6
Processor: Apple M4
Hostname: Julians-MacBook-Air-2.local
Total RAM (GB): 16.0
Physical cores: 10
Logical cores: 10
Python version: 3.13.1
Generating complete graph with 2 nodes...
Running QAOA for n=2 nodes, m=1 edges...; Max iterations: 100
Warm-start: using parameter_vector=[1, 1, 1]
Warm-start: starting SDP solve for n_vertices=2
Starting SDP solve (solver preference: MOSEK, fallback: SCS) for n_vertices=2, matrix_dim=6, edges=1
Finished SDP solve with MOSEK. status=optimal. elapsed_seconds=0.02
Rounding...
n_vertices: 2 for n = 6
Using seed None to generate random matrix for x.
r_0: [-0.68156443  0.70532711  0.19489383]
Product state qubit 0: [[ 0.59744691+0.j         -0.34078221-0.35266355j]
 [-0.34078221+0.35266355j  0.40255309+0.j        ]]
Diagonal entries of product state 0: [0.59744691 0.40255309]
r_1: [ 0.68156468 -0.70532672 -0.19489436]
Product state qubit 1: [[0.40255282+0.j         0.34078234+0.35266336j]
 [0.34078234-0.35266336j 0.59744718+0.j        ]]
Diagonal entries of product state 1: [0.40255282 0.59744718]
y_scalar: False
[1, -1]
Check the cut: [1, -1]
1 in cut out of a total of 1 edges
Warm-start: SDP solve + rounding finished in 0.02 seconds
Warm-start: statevector build finished in 0.00 seconds
warm_start_correlations: None
Edges: [(0, 1)], weights: [1.0], set of nodes: {0, 1}, n: 2 nodes, p: 3 layers, N_bayes: 100 iterations
Initial state injected as warm start
Layer 0: Added Cost and Mixer unitaries with gamma=γ[0] and beta=β[0]
.rz and .ry mixer terms added in addition to classical .rx mixer
Layer 1: Added Cost and Mixer unitaries with gamma=γ[1] and beta=β[1]
.rz and .ry mixer terms added in addition to classical .rx mixer
Layer 2: Added Cost and Mixer unitaries with gamma=γ[2] and beta=β[2]
.rz and .ry mixer terms added in addition to classical .rx mixer
Using random initial parameters with gamma [0.04843637 0.09850263 0.08538275] and beta [0.06677559 0.08551611 0.08623556]
0.49999999999993855
Finished QAOA for n=2 nodes, m=1 edges at 2026-04-14 19:04:12 on Apple M4. Time taken: 0.08 seconds. Hours: 0.00 hours. Peak RAM: 208.0 MB.
Computing complete graph approximation ratio
Traceback (most recent call last):
  File "/Users/julian/PycharmProjects/PythonProject/MasterThesis/QAOA/Main.py", line 295, in <module>
    approx_ratio = results[n] / return_optimal_fully_connected(n)
                                ~~~~~~~~~~~~~~~~~~~~~~~~~~~~~~^^^
  File "/Users/julian/PycharmProjects/PythonProject/MasterThesis/QAOA/Main.py", line 192, in return_optimal_fully_connected
    val = df.loc[df["n"] == n, "result"].item()
  File "/opt/homebrew/Caskroom/miniconda/base/envs/MasterThesis/lib/python3.13/site-packages/pandas/core/base.py", line 427, in item
    raise ValueError("can only convert an array of size 1 to a Python scalar")
ValueError: can only convert an array of size 1 to a Python scalar
