2026-04-14 19:04:29.435 system_profiler[80309:609607] hw.cpufamily: 0x6f5129ac
Benchmark parameters: {'optimiser': 'COBYLA', 'parameter_vector': [1, 1, 1], 'iterations_list': [100, 300, 500], 'depth_list': [1, 2, 3, 4, 5, 10, 15, 20], 'n_start': 2, 'n_end': 14, 'singlet_injection': False, 'start_index_singlet': 0, 'warm_start': True, 'compare_with_010101': False, 'warm_start_correlations': False, 'init_QAOAparams_close_to_zero': True, 'use_correlations_as_initial_params': False, 'time_limit': 10800, 'failed_instance_termination_thrsh': 10, 'graph_generation_type': 'complete', 'weighted': False, 'easiest_first': True, 'cpu_util_threshold': 90, 'debug': False, 'rerun_exclude_finished_instances': True}, Running QAOA with equal superposition
Benchmark run ID: 0bb055fa
Processor: Apple M4
Hostname: Julians-MacBook-Air-2.local
Total RAM (GB): 16.0
Physical cores: 10
Logical cores: 10
Python version: 3.13.1
Generating complete graph with 8 nodes...
Running QAOA for n=8 nodes, m=28 edges...; Max iterations: 300
Warm-start: using parameter_vector=[1, 1, 1]
Warm-start: starting SDP solve for n_vertices=8
Starting SDP solve (solver preference: MOSEK, fallback: SCS) for n_vertices=8, matrix_dim=24, edges=28
Finished SDP solve with MOSEK. status=optimal. elapsed_seconds=0.06
Rounding...
n_vertices: 8 for n = 24
Using seed None to generate random matrix for x.
r_0: [-0.84380885  0.21720323  0.49072332]
Product state qubit 0: [[ 0.74536166+0.j         -0.42190443-0.10860161j]
 [-0.42190443+0.10860161j  0.25463834+0.j        ]]
Diagonal entries of product state 0: [0.74536166 0.25463834]
r_1: [ 0.72002016  0.59350897 -0.35960822]
Product state qubit 1: [[0.32019589+0.j         0.36001008-0.29675449j]
 [0.36001008+0.29675449j 0.67980411+0.j        ]]
Diagonal entries of product state 1: [0.32019589 0.67980411]
r_2: [ 0.04025125 -0.92244298 -0.38402967]
Product state qubit 2: [[0.30798516+0.j         0.02012563+0.46122149j]
 [0.02012563-0.46122149j 0.69201484+0.j        ]]
Diagonal entries of product state 2: [0.30798516 0.69201484]
r_3: [0.6033373  0.72847363 0.32451544]
Product state qubit 3: [[0.66225772+0.j         0.30166865-0.36423682j]
 [0.30166865+0.36423682j 0.33774228+0.j        ]]
Diagonal entries of product state 3: [0.66225772 0.33774228]
r_4: [-0.08945747 -0.63556326 -0.76684855]
Product state qubit 4: [[ 0.11657572+0.j         -0.04472874+0.31778163j]
 [-0.04472874-0.31778163j  0.88342428+0.j        ]]
Diagonal entries of product state 4: [0.11657572 0.88342428]
r_5: [ 0.19179563  0.97965494 -0.05908162]
Product state qubit 5: [[0.47045919+0.j         0.09589782-0.48982747j]
 [0.09589782+0.48982747j 0.52954081+0.j        ]]
Diagonal entries of product state 5: [0.47045919 0.52954081]
r_6: [ 0.67073041 -0.59588798  0.44163133]
Product state qubit 6: [[0.72081566+0.j         0.33536521+0.29794399j]
 [0.33536521-0.29794399j 0.27918434+0.j        ]]
Diagonal entries of product state 6: [0.72081566 0.27918434]
r_7: [-0.25409363 -0.72589414  0.6391511 ]
Product state qubit 7: [[ 0.81957555+0.j         -0.12704681+0.36294707j]
 [-0.12704681-0.36294707j  0.18042445+0.j        ]]
Diagonal entries of product state 7: [0.81957555 0.18042445]
y_scalar: False
[1, -1, -1, 1, -1, -1, 1, 1]
Check the cut: [1, -1, -1, 1, -1, -1, 1, 1]
16 in cut out of a total of 28 edges
Warm-start: SDP solve + rounding finished in 0.07 seconds
Warm-start: statevector build finished in 0.00 seconds
warm_start_correlations: None
Edges: [(0, 1), (0, 2), (0, 3), (0, 4), (0, 5), (0, 6), (0, 7), (1, 2), (1, 3), (1, 4), (1, 5), (1, 6), (1, 7), (2, 3), (2, 4), (2, 5), (2, 6), (2, 7), (3, 4), (3, 5), (3, 6), (3, 7), (4, 5), (4, 6), (4, 7), (5, 6), (5, 7), (6, 7)], weights: [1.0, 1.0, 1.0, 1.0, 1.0, 1.0, 1.0, 1.0, 1.0, 1.0, 1.0, 1.0, 1.0, 1.0, 1.0, 1.0, 1.0, 1.0, 1.0, 1.0, 1.0, 1.0, 1.0, 1.0, 1.0, 1.0, 1.0, 1.0], set of nodes: {0, 1, 2, 3, 4, 5, 6, 7}, n: 8 nodes, p: 1 layers, N_bayes: 300 iterations
Initial state injected as warm start
Layer 0: Added Cost and Mixer unitaries with gamma=γ[0] and beta=β[0]
.rz and .ry mixer terms added in addition to classical .rx mixer
Using random initial parameters with gamma [0.03727086] and beta [0.01535547]
7.835511513845046
Finished QAOA for n=8 nodes, m=28 edges at 2026-04-14 19:04:29 on Apple M4. Time taken: 0.33 seconds. Hours: 0.00 hours. Peak RAM: 236.92 MB.
Computing complete graph approximation ratio
results: {8: np.float64(7.835511513845046)}
durations: {8: 0.3342249393463135}
Results saved to: logs/COBYLA/qaoa_results_COBYLA_20260414_190238.csv
