2026-04-14 19:04:35.168 system_profiler[80944:610963] hw.cpufamily: 0x6f5129ac
Benchmark parameters: {'optimiser': 'COBYLA', 'parameter_vector': [1, 1, 1], 'iterations_list': [100, 300, 500], 'depth_list': [1, 2, 3, 4, 5, 10, 15, 20], 'n_start': 2, 'n_end': 14, 'singlet_injection': False, 'start_index_singlet': 0, 'warm_start': True, 'compare_with_010101': False, 'warm_start_correlations': False, 'init_QAOAparams_close_to_zero': True, 'use_correlations_as_initial_params': False, 'time_limit': 10800, 'failed_instance_termination_thrsh': 10, 'graph_generation_type': 'complete', 'weighted': False, 'easiest_first': True, 'cpu_util_threshold': 90, 'debug': False, 'rerun_exclude_finished_instances': True}, Running QAOA with equal superposition
Benchmark run ID: 2664852a
Processor: Apple M4
Hostname: Julians-MacBook-Air-2.local
Total RAM (GB): 16.0
Physical cores: 10
Logical cores: 10
Python version: 3.13.1
Generating complete graph with 9 nodes...
Running QAOA for n=9 nodes, m=36 edges...; Max iterations: 300
Warm-start: using parameter_vector=[1, 1, 1]
Warm-start: starting SDP solve for n_vertices=9
Starting SDP solve (solver preference: MOSEK, fallback: SCS) for n_vertices=9, matrix_dim=27, edges=36
Finished SDP solve with MOSEK. status=optimal. elapsed_seconds=0.08
Rounding...
n_vertices: 9 for n = 27
Using seed None to generate random matrix for x.
r_0: [-0.5037684   0.84645892 -0.1724085 ]
Product state qubit 0: [[ 0.41379575+0.j         -0.2518842 -0.42322946j]
 [-0.2518842 +0.42322946j  0.58620425+0.j        ]]
Diagonal entries of product state 0: [0.41379575 0.58620425]
r_1: [ 0.65015447  0.29028646 -0.70216304]
Product state qubit 1: [[0.14891848+0.j         0.32507724-0.14514323j]
 [0.32507724+0.14514323j 0.85108152+0.j        ]]
Diagonal entries of product state 1: [0.14891848 0.85108152]
r_2: [-0.98948622 -0.08066095 -0.12004513]
Product state qubit 2: [[ 0.43997743+0.j         -0.49474311+0.04033047j]
 [-0.49474311-0.04033047j  0.56002257+0.j        ]]
Diagonal entries of product state 2: [0.43997743 0.56002257]
r_3: [ 0.84421315 -0.51806759  0.13751413]
Product state qubit 3: [[0.56875707+0.j         0.42210657+0.25903379j]
 [0.42210657-0.25903379j 0.43124293+0.j        ]]
Diagonal entries of product state 3: [0.56875707 0.43124293]
r_4: [-0.6469352   0.18306307  0.74024507]
Product state qubit 4: [[ 0.87012253+0.j         -0.3234676 -0.09153153j]
 [-0.3234676 +0.09153153j  0.12987747+0.j        ]]
Diagonal entries of product state 4: [0.87012253 0.12987747]
r_5: [ 0.47765728  0.1335786  -0.8683319 ]
Product state qubit 5: [[0.06583405+0.j        0.23882864-0.0667893j]
 [0.23882864+0.0667893j 0.93416595+0.j       ]]
Diagonal entries of product state 5: [0.06583405 0.93416595]
r_6: [ 0.52007676 -0.67868514  0.51856209]
Product state qubit 6: [[0.75928105+0.j         0.26003838+0.33934257j]
 [0.26003838-0.33934257j 0.24071895+0.j        ]]
Diagonal entries of product state 6: [0.75928105 0.24071895]
r_7: [ 0.66897454 -0.48949718  0.55934388]
Product state qubit 7: [[0.77967194+0.j         0.33448727+0.24474859j]
 [0.33448727-0.24474859j 0.22032806+0.j        ]]
Diagonal entries of product state 7: [0.77967194 0.22032806]
r_8: [ 0.05094021 -0.67731117  0.73393097]
Product state qubit 8: [[0.86696549+0.j         0.02547011+0.33865559j]
 [0.02547011-0.33865559j 0.13303451+0.j        ]]
Diagonal entries of product state 8: [0.86696549 0.13303451]
y_scalar: False
[-1, -1, -1, 1, 1, -1, 1, 1, 1]
Check the cut: [-1, -1, -1, 1, 1, -1, 1, 1, 1]
20 in cut out of a total of 36 edges
Warm-start: SDP solve + rounding finished in 0.09 seconds
Warm-start: statevector build finished in 0.00 seconds
warm_start_correlations: None
Edges: [(0, 1), (0, 2), (0, 3), (0, 4), (0, 5), (0, 6), (0, 7), (0, 8), (1, 2), (1, 3), (1, 4), (1, 5), (1, 6), (1, 7), (1, 8), (2, 3), (2, 4), (2, 5), (2, 6), (2, 7), (2, 8), (3, 4), (3, 5), (3, 6), (3, 7), (3, 8), (4, 5), (4, 6), (4, 7), (4, 8), (5, 6), (5, 7), (5, 8), (6, 7), (6, 8), (7, 8)], weights: [1.0, 1.0, 1.0, 1.0, 1.0, 1.0, 1.0, 1.0, 1.0, 1.0, 1.0, 1.0, 1.0, 1.0, 1.0, 1.0, 1.0, 1.0, 1.0, 1.0, 1.0, 1.0, 1.0, 1.0, 1.0, 1.0, 1.0, 1.0, 1.0, 1.0, 1.0, 1.0, 1.0, 1.0, 1.0, 1.0], set of nodes: {0, 1, 2, 3, 4, 5, 6, 7, 8}, n: 9 nodes, p: 1 layers, N_bayes: 300 iterations
Initial state injected as warm start
Layer 0: Added Cost and Mixer unitaries with gamma=γ[0] and beta=β[0]
.rz and .ry mixer terms added in addition to classical .rx mixer
Using random initial parameters with gamma [0.08313637] and beta [0.07000801]
9.773260948846286
Finished QAOA for n=9 nodes, m=36 edges at 2026-04-14 19:04:36 on Apple M4. Time taken: 1.18 seconds. Hours: 0.00 hours. Peak RAM: 325.0 MB.
Computing complete graph approximation ratio
results: {9: np.float64(9.773260948846286)}
durations: {9: 1.1847927570343018}
Results saved to: logs/COBYLA/qaoa_results_COBYLA_20260414_190238.csv
