2026-04-14 19:18:20.123 system_profiler[6016:660258] hw.cpufamily: 0x6f5129ac
Benchmark parameters: {'optimiser': 'COBYLA', 'parameter_vector': [1, 1, 1], 'iterations_list': [100, 300, 500], 'depth_list': [1, 2, 3, 4, 5, 10, 15, 20], 'n_start': 2, 'n_end': 14, 'singlet_injection': False, 'start_index_singlet': 0, 'warm_start': True, 'compare_with_010101': False, 'warm_start_correlations': False, 'init_QAOAparams_close_to_zero': True, 'use_correlations_as_initial_params': False, 'time_limit': 10800, 'failed_instance_termination_thrsh': 10, 'graph_generation_type': 'complete', 'weighted': False, 'easiest_first': True, 'cpu_util_threshold': 90, 'debug': False, 'rerun_exclude_finished_instances': True}, Running QAOA with equal superposition
Benchmark run ID: b31887b2
Processor: Apple M4
Hostname: Julians-MacBook-Air-2.local
Total RAM (GB): 16.0
Physical cores: 10
Logical cores: 10
Python version: 3.13.1
Generating complete graph with 6 nodes...
Running QAOA for n=6 nodes, m=15 edges...; Max iterations: 300
Warm-start: using parameter_vector=[1, 1, 1]
Warm-start: starting SDP solve for n_vertices=6
Starting SDP solve (solver preference: MOSEK, fallback: SCS) for n_vertices=6, matrix_dim=18, edges=15
Finished SDP solve with MOSEK. status=optimal. elapsed_seconds=0.06
Rounding...
n_vertices: 6 for n = 18
Using seed None to generate random matrix for x.
r_0: [ 0.71050838 -0.02624629 -0.7031991 ]
Product state qubit 0: [[0.14840045+0.j         0.35525419+0.01312315j]
 [0.35525419-0.01312315j 0.85159955+0.j        ]]
Diagonal entries of product state 0: [0.14840045 0.85159955]
r_1: [-0.59017309  0.65776823 -0.46801356]
Product state qubit 1: [[ 0.26599322+0.j         -0.29508654-0.32888411j]
 [-0.29508654+0.32888411j  0.73400678+0.j        ]]
Diagonal entries of product state 1: [0.26599322 0.73400678]
r_2: [0.0283137  0.30803867 0.95095242]
Product state qubit 2: [[0.97547621+0.j         0.01415685-0.15401934j]
 [0.01415685+0.15401934j 0.02452379+0.j        ]]
Diagonal entries of product state 2: [0.97547621 0.02452379]
r_3: [-0.09460481  0.43792563 -0.89401961]
Product state qubit 3: [[ 0.05299019+0.j         -0.0473024 -0.21896282j]
 [-0.0473024 +0.21896282j  0.94700981+0.j        ]]
Diagonal entries of product state 3: [0.05299019 0.94700981]
r_4: [ 0.28540541 -0.53035404  0.79829089]
Product state qubit 4: [[0.89914545+0.j         0.1427027 +0.26517702j]
 [0.1427027 -0.26517702j 0.10085455+0.j        ]]
Diagonal entries of product state 4: [0.89914545 0.10085455]
r_5: [-0.19103168 -0.96994621 -0.15070251]
Product state qubit 5: [[ 0.42464874+0.j         -0.09551584+0.48497311j]
 [-0.09551584-0.48497311j  0.57535126+0.j        ]]
Diagonal entries of product state 5: [0.42464874 0.57535126]
y_scalar: False
[-1, -1, 1, -1, 1, -1]
Check the cut: [-1, -1, 1, -1, 1, -1]
8 in cut out of a total of 15 edges
Warm-start: SDP solve + rounding finished in 0.07 seconds
Warm-start: statevector build finished in 0.00 seconds
warm_start_correlations: None
Edges: [(0, 1), (0, 2), (0, 3), (0, 4), (0, 5), (1, 2), (1, 3), (1, 4), (1, 5), (2, 3), (2, 4), (2, 5), (3, 4), (3, 5), (4, 5)], weights: [1.0, 1.0, 1.0, 1.0, 1.0, 1.0, 1.0, 1.0, 1.0, 1.0, 1.0, 1.0, 1.0, 1.0, 1.0], set of nodes: {0, 1, 2, 3, 4, 5}, n: 6 nodes, p: 2 layers, N_bayes: 300 iterations
Initial state injected as warm start
Layer 0: Added Cost and Mixer unitaries with gamma=γ[0] and beta=β[0]
.rz and .ry mixer terms added in addition to classical .rx mixer
Layer 1: Added Cost and Mixer unitaries with gamma=γ[1] and beta=β[1]
.rz and .ry mixer terms added in addition to classical .rx mixer
Using random initial parameters with gamma [0.07851253 0.03341041] and beta [0.06985124 0.00236848]
4.468135989884906
Finished QAOA for n=6 nodes, m=15 edges at 2026-04-14 19:18:20 on Apple M4. Time taken: 0.31 seconds. Hours: 0.00 hours. Peak RAM: 205.55 MB.
Computing complete graph approximation ratio
results: {6: np.float64(4.468135989884906)}
durations: {6: 0.3057210445404053}
Results saved to: logs/COBYLA/qaoa_results_COBYLA_20260414_190238.csv
