2026-04-14 19:04:37.874 system_profiler[81258:611614] hw.cpufamily: 0x6f5129ac
Benchmark parameters: {'optimiser': 'COBYLA', 'parameter_vector': [1, 1, 1], 'iterations_list': [100, 300, 500], 'depth_list': [1, 2, 3, 4, 5, 10, 15, 20], 'n_start': 2, 'n_end': 14, 'singlet_injection': False, 'start_index_singlet': 0, 'warm_start': True, 'compare_with_010101': False, 'warm_start_correlations': False, 'init_QAOAparams_close_to_zero': True, 'use_correlations_as_initial_params': False, 'time_limit': 10800, 'failed_instance_termination_thrsh': 10, 'graph_generation_type': 'complete', 'weighted': False, 'easiest_first': True, 'cpu_util_threshold': 90, 'debug': False, 'rerun_exclude_finished_instances': True}, Running QAOA with equal superposition
Benchmark run ID: 0c78bc61
Processor: Apple M4
Hostname: Julians-MacBook-Air-2.local
Total RAM (GB): 16.0
Physical cores: 10
Logical cores: 10
Python version: 3.13.1
Generating complete graph with 10 nodes...
Running QAOA for n=10 nodes, m=45 edges...; Max iterations: 300
Warm-start: using parameter_vector=[1, 1, 1]
Warm-start: starting SDP solve for n_vertices=10
Starting SDP solve (solver preference: MOSEK, fallback: SCS) for n_vertices=10, matrix_dim=30, edges=45
Finished SDP solve with MOSEK. status=optimal. elapsed_seconds=0.10
Rounding...
n_vertices: 10 for n = 30
Using seed None to generate random matrix for x.
r_0: [-0.41675509  0.70125399  0.57840992]
Product state qubit 0: [[ 0.78920496+0.j       -0.20837754-0.350627j]
 [-0.20837754+0.350627j  0.21079504+0.j      ]]
Diagonal entries of product state 0: [0.78920496 0.21079504]
r_1: [ 0.10308887 -0.81032258  0.57684487]
Product state qubit 1: [[0.78842244+0.j         0.05154444+0.40516129j]
 [0.05154444-0.40516129j 0.21157756+0.j        ]]
Diagonal entries of product state 1: [0.78842244 0.21157756]
r_2: [ 0.81884743  0.15324541 -0.55317695]
Product state qubit 2: [[0.22341153+0.j         0.40942371-0.07662271j]
 [0.40942371+0.07662271j 0.77658847+0.j        ]]
Diagonal entries of product state 2: [0.22341153 0.77658847]
r_3: [0.94751588 0.30846055 0.08405795]
Product state qubit 3: [[0.54202898+0.j         0.47375794-0.15423028j]
 [0.47375794+0.15423028j 0.45797102+0.j        ]]
Diagonal entries of product state 3: [0.54202898 0.45797102]
r_4: [0.4571588  0.50086844 0.73493989]
Product state qubit 4: [[0.86746995+0.j         0.2285794 -0.25043422j]
 [0.2285794 +0.25043422j 0.13253005+0.j        ]]
Diagonal entries of product state 4: [0.86746995 0.13253005]
r_5: [-0.87566995  0.48245466  0.02096755]
Product state qubit 5: [[ 0.51048378+0.j         -0.43783498-0.24122733j]
 [-0.43783498+0.24122733j  0.48951622+0.j        ]]
Diagonal entries of product state 5: [0.51048378 0.48951622]
r_6: [-0.14031745 -0.98092815  0.13450271]
Product state qubit 6: [[ 0.56725135+0.j         -0.07015873+0.49046407j]
 [-0.07015873-0.49046407j  0.43274865+0.j        ]]
Diagonal entries of product state 6: [0.56725135 0.43274865]
r_7: [-0.13139945  0.43036369 -0.89304047]
Product state qubit 7: [[ 0.05347977+0.j         -0.06569972-0.21518185j]
 [-0.06569972+0.21518185j  0.94652023+0.j        ]]
Diagonal entries of product state 7: [0.05347977 0.94652023]
r_8: [-0.18829159 -0.29825667 -0.93572925]
Product state qubit 8: [[ 0.03213537+0.j         -0.0941458 +0.14912834j]
 [-0.0941458 -0.14912834j  0.96786463+0.j        ]]
Diagonal entries of product state 8: [0.03213537 0.96786463]
r_9: [ 0.21800841 -0.3384925  -0.91536613]
Product state qubit 9: [[0.04231693+0.j         0.1090042 +0.16924625j]
 [0.1090042 -0.16924625j 0.95768307+0.j        ]]
Diagonal entries of product state 9: [0.04231693 0.95768307]
y_scalar: False
[1, 1, -1, 1, 1, 1, 1, -1, -1, -1]
Check the cut: [1, 1, -1, 1, 1, 1, 1, -1, -1, -1]
24 in cut out of a total of 45 edges
Warm-start: SDP solve + rounding finished in 0.11 seconds
Warm-start: statevector build finished in 0.00 seconds
warm_start_correlations: None
Edges: [(0, 1), (0, 2), (0, 3), (0, 4), (0, 5), (0, 6), (0, 7), (0, 8), (0, 9), (1, 2), (1, 3), (1, 4), (1, 5), (1, 6), (1, 7), (1, 8), (1, 9), (2, 3), (2, 4), (2, 5), (2, 6), (2, 7), (2, 8), (2, 9), (3, 4), (3, 5), (3, 6), (3, 7), (3, 8), (3, 9), (4, 5), (4, 6), (4, 7), (4, 8), (4, 9), (5, 6), (5, 7), (5, 8), (5, 9), (6, 7), (6, 8), (6, 9), (7, 8), (7, 9), (8, 9)], weights: [1.0, 1.0, 1.0, 1.0, 1.0, 1.0, 1.0, 1.0, 1.0, 1.0, 1.0, 1.0, 1.0, 1.0, 1.0, 1.0, 1.0, 1.0, 1.0, 1.0, 1.0, 1.0, 1.0, 1.0, 1.0, 1.0, 1.0, 1.0, 1.0, 1.0, 1.0, 1.0, 1.0, 1.0, 1.0, 1.0, 1.0, 1.0, 1.0, 1.0, 1.0, 1.0, 1.0, 1.0, 1.0], set of nodes: {0, 1, 2, 3, 4, 5, 6, 7, 8, 9}, n: 10 nodes, p: 1 layers, N_bayes: 300 iterations
Initial state injected as warm start
Layer 0: Added Cost and Mixer unitaries with gamma=γ[0] and beta=β[0]
.rz and .ry mixer terms added in addition to classical .rx mixer
Using random initial parameters with gamma [0.03710242] and beta [0.01481154]
12.248384937055764
Finished QAOA for n=10 nodes, m=45 edges at 2026-04-14 19:04:44 on Apple M4. Time taken: 6.14 seconds. Hours: 0.00 hours. Peak RAM: 320.38 MB.
Computing complete graph approximation ratio
results: {10: np.float64(12.248384937055764)}
durations: {10: 6.142401933670044}
Results saved to: logs/COBYLA/qaoa_results_COBYLA_20260414_190238.csv
