2026-04-14 19:04:48.058 system_profiler[82008:613145] hw.cpufamily: 0x6f5129ac
Benchmark parameters: {'optimiser': 'COBYLA', 'parameter_vector': [1, 1, 1], 'iterations_list': [100, 300, 500], 'depth_list': [1, 2, 3, 4, 5, 10, 15, 20], 'n_start': 2, 'n_end': 14, 'singlet_injection': False, 'start_index_singlet': 0, 'warm_start': True, 'compare_with_010101': False, 'warm_start_correlations': False, 'init_QAOAparams_close_to_zero': True, 'use_correlations_as_initial_params': False, 'time_limit': 10800, 'failed_instance_termination_thrsh': 10, 'graph_generation_type': 'complete', 'weighted': False, 'easiest_first': True, 'cpu_util_threshold': 90, 'debug': False, 'rerun_exclude_finished_instances': True}, Running QAOA with equal superposition
Benchmark run ID: c263a959
Processor: Apple M4
Hostname: Julians-MacBook-Air-2.local
Total RAM (GB): 16.0
Physical cores: 10
Logical cores: 10
Python version: 3.13.1
Generating complete graph with 11 nodes...
Running QAOA for n=11 nodes, m=55 edges...; Max iterations: 300
Warm-start: using parameter_vector=[1, 1, 1]
Warm-start: starting SDP solve for n_vertices=11
Starting SDP solve (solver preference: MOSEK, fallback: SCS) for n_vertices=11, matrix_dim=33, edges=55
Finished SDP solve with MOSEK. status=optimal. elapsed_seconds=0.11
Rounding...
n_vertices: 11 for n = 33
Using seed None to generate random matrix for x.
r_0: [-0.38199005  0.03067773  0.92365712]
Product state qubit 0: [[ 0.96182856+0.j         -0.19099503-0.01533887j]
 [-0.19099503+0.01533887j  0.03817144+0.j        ]]
Diagonal entries of product state 0: [0.96182856 0.03817144]
r_1: [-0.10171469 -0.28580988  0.95287294]
Product state qubit 1: [[ 0.97643647+0.j         -0.05085735+0.14290494j]
 [-0.05085735-0.14290494j  0.02356353+0.j        ]]
Diagonal entries of product state 1: [0.97643647 0.02356353]
r_2: [ 0.50619227  0.38972363 -0.76934055]
Product state qubit 2: [[0.11532973+0.j         0.25309614-0.19486181j]
 [0.25309614+0.19486181j 0.88467027+0.j        ]]
Diagonal entries of product state 2: [0.11532973 0.88467027]
r_3: [-0.66665202 -0.74285394  0.06118095]
Product state qubit 3: [[ 0.53059047+0.j         -0.33332601+0.37142697j]
 [-0.33332601-0.37142697j  0.46940953+0.j        ]]
Diagonal entries of product state 3: [0.53059047 0.46940953]
r_4: [-0.73283802  0.52148985  0.43703177]
Product state qubit 4: [[ 0.71851589+0.j         -0.36641901-0.26074492j]
 [-0.36641901+0.26074492j  0.28148411+0.j        ]]
Diagonal entries of product state 4: [0.71851589 0.28148411]
r_5: [ 0.6434778   0.0584731  -0.76322816]
Product state qubit 5: [[0.11838592+0.j         0.3217389 -0.02923655j]
 [0.3217389 +0.02923655j 0.88161408+0.j        ]]
Diagonal entries of product state 5: [0.11838592 0.88161408]
r_6: [-0.72621603 -0.39289269  0.56413262]
Product state qubit 6: [[ 0.78206631+0.j         -0.36310801+0.19644635j]
 [-0.36310801-0.19644635j  0.21793369+0.j        ]]
Diagonal entries of product state 6: [0.78206631 0.21793369]
r_7: [-0.24860341  0.29243146  0.92340683]
Product state qubit 7: [[ 0.96170342+0.j         -0.12430171-0.14621573j]
 [-0.12430171+0.14621573j  0.03829658+0.j        ]]
Diagonal entries of product state 7: [0.96170342 0.03829658]
r_8: [-0.55435541  0.03326008 -0.8316152 ]
Product state qubit 8: [[ 0.0841924 +0.j         -0.27717771-0.01663004j]
 [-0.27717771+0.01663004j  0.9158076 +0.j        ]]
Diagonal entries of product state 8: [0.0841924 0.9158076]
r_9: [ 0.64877012  0.74003606 -0.17732446]
Product state qubit 9: [[0.41133777+0.j         0.32438506-0.37001803j]
 [0.32438506+0.37001803j 0.58866223+0.j        ]]
Diagonal entries of product state 9: [0.41133777 0.58866223]
r_10: [ 0.199909   -0.67697865 -0.70833347]
Product state qubit 10: [[0.14583327+0.j         0.0999545 +0.33848932j]
 [0.0999545 -0.33848932j 0.85416673+0.j        ]]
Diagonal entries of product state 10: [0.14583327 0.85416673]
y_scalar: False
[1, 1, -1, 1, 1, -1, 1, 1, -1, -1, -1]
Check the cut: [1, 1, -1, 1, 1, -1, 1, 1, -1, -1, -1]
30 in cut out of a total of 55 edges
Warm-start: SDP solve + rounding finished in 0.14 seconds
Warm-start: statevector build finished in 0.00 seconds
warm_start_correlations: None
Edges: [(0, 1), (0, 2), (0, 3), (0, 4), (0, 5), (0, 6), (0, 7), (0, 8), (0, 9), (0, 10), (1, 2), (1, 3), (1, 4), (1, 5), (1, 6), (1, 7), (1, 8), (1, 9), (1, 10), (2, 3), (2, 4), (2, 5), (2, 6), (2, 7), (2, 8), (2, 9), (2, 10), (3, 4), (3, 5), (3, 6), (3, 7), (3, 8), (3, 9), (3, 10), (4, 5), (4, 6), (4, 7), (4, 8), (4, 9), (4, 10), (5, 6), (5, 7), (5, 8), (5, 9), (5, 10), (6, 7), (6, 8), (6, 9), (6, 10), (7, 8), (7, 9), (7, 10), (8, 9), (8, 10), (9, 10)], weights: [1.0, 1.0, 1.0, 1.0, 1.0, 1.0, 1.0, 1.0, 1.0, 1.0, 1.0, 1.0, 1.0, 1.0, 1.0, 1.0, 1.0, 1.0, 1.0, 1.0, 1.0, 1.0, 1.0, 1.0, 1.0, 1.0, 1.0, 1.0, 1.0, 1.0, 1.0, 1.0, 1.0, 1.0, 1.0, 1.0, 1.0, 1.0, 1.0, 1.0, 1.0, 1.0, 1.0, 1.0, 1.0, 1.0, 1.0, 1.0, 1.0, 1.0, 1.0, 1.0, 1.0, 1.0, 1.0], set of nodes: {0, 1, 2, 3, 4, 5, 6, 7, 8, 9, 10}, n: 11 nodes, p: 1 layers, N_bayes: 300 iterations
Initial state injected as warm start
Layer 0: Added Cost and Mixer unitaries with gamma=γ[0] and beta=β[0]
.rz and .ry mixer terms added in addition to classical .rx mixer
Using random initial parameters with gamma [0.01707637] and beta [0.0450051]
14.828051296291001
Finished QAOA for n=11 nodes, m=55 edges at 2026-04-14 19:05:38 on Apple M4. Time taken: 50.84 seconds. Hours: 0.01 hours. Peak RAM: 470.83 MB.
Computing complete graph approximation ratio
results: {11: np.float64(14.828051296291001)}
durations: {11: 50.84161305427551}
Results saved to: logs/COBYLA/qaoa_results_COBYLA_20260414_190238.csv
