2026-04-14 19:04:26.697 system_profiler[79992:608944] hw.cpufamily: 0x6f5129ac
Benchmark parameters: {'optimiser': 'COBYLA', 'parameter_vector': [1, 1, 1], 'iterations_list': [100, 300, 500], 'depth_list': [1, 2, 3, 4, 5, 10, 15, 20], 'n_start': 2, 'n_end': 14, 'singlet_injection': False, 'start_index_singlet': 0, 'warm_start': True, 'compare_with_010101': False, 'warm_start_correlations': False, 'init_QAOAparams_close_to_zero': True, 'use_correlations_as_initial_params': False, 'time_limit': 10800, 'failed_instance_termination_thrsh': 10, 'graph_generation_type': 'complete', 'weighted': False, 'easiest_first': True, 'cpu_util_threshold': 90, 'debug': False, 'rerun_exclude_finished_instances': True}, Running QAOA with equal superposition
Benchmark run ID: 1b9dd318
Processor: Apple M4
Hostname: Julians-MacBook-Air-2.local
Total RAM (GB): 16.0
Physical cores: 10
Logical cores: 10
Python version: 3.13.1
Generating complete graph with 7 nodes...
Running QAOA for n=7 nodes, m=21 edges...; Max iterations: 300
Warm-start: using parameter_vector=[1, 1, 1]
Warm-start: starting SDP solve for n_vertices=7
Starting SDP solve (solver preference: MOSEK, fallback: SCS) for n_vertices=7, matrix_dim=21, edges=21
Finished SDP solve with MOSEK. status=optimal. elapsed_seconds=0.06
Rounding...
n_vertices: 7 for n = 21
Using seed None to generate random matrix for x.
r_0: [-0.57674134 -0.33403544  0.74551308]
Product state qubit 0: [[ 0.87275654+0.j         -0.28837067+0.16701772j]
 [-0.28837067-0.16701772j  0.12724346+0.j        ]]
Diagonal entries of product state 0: [0.87275654 0.12724346]
r_1: [-0.02005039  0.58993997 -0.80719813]
Product state qubit 1: [[ 0.09640094+0.j         -0.0100252 -0.29496998j]
 [-0.0100252 +0.29496998j  0.90359906+0.j        ]]
Diagonal entries of product state 1: [0.09640094 0.90359906]
r_2: [ 0.39631442 -0.32620631 -0.85820995]
Product state qubit 2: [[0.07089502+0.j         0.19815721+0.16310316j]
 [0.19815721-0.16310316j 0.92910498+0.j        ]]
Diagonal entries of product state 2: [0.07089502 0.92910498]
r_3: [-0.04021023 -0.68524273  0.72720392]
Product state qubit 3: [[ 0.86360196+0.j         -0.02010512+0.34262136j]
 [-0.02010512-0.34262136j  0.13639804+0.j        ]]
Diagonal entries of product state 3: [0.86360196 0.13639804]
r_4: [ 0.58030405 -0.43113333  0.69092059]
Product state qubit 4: [[0.8454603 +0.j         0.29015203+0.21556666j]
 [0.29015203-0.21556666j 0.1545397 +0.j        ]]
Diagonal entries of product state 4: [0.8454603 0.1545397]
r_5: [-0.3820618   0.88811525 -0.25549968]
Product state qubit 5: [[ 0.37225016+0.j         -0.1910309 -0.44405762j]
 [-0.1910309 +0.44405762j  0.62774984+0.j        ]]
Diagonal entries of product state 5: [0.37225016 0.62774984]
r_6: [-0.78245459  0.38362812 -0.49050411]
Product state qubit 6: [[ 0.25474795+0.j         -0.39122729-0.19181406j]
 [-0.39122729+0.19181406j  0.74525205+0.j        ]]
Diagonal entries of product state 6: [0.25474795 0.74525205]
y_scalar: False
[1, -1, -1, 1, 1, -1, -1]
Check the cut: [1, -1, -1, 1, 1, -1, -1]
12 in cut out of a total of 21 edges
Warm-start: SDP solve + rounding finished in 0.06 seconds
Warm-start: statevector build finished in 0.00 seconds
warm_start_correlations: None
Edges: [(0, 1), (0, 2), (0, 3), (0, 4), (0, 5), (0, 6), (1, 2), (1, 3), (1, 4), (1, 5), (1, 6), (2, 3), (2, 4), (2, 5), (2, 6), (3, 4), (3, 5), (3, 6), (4, 5), (4, 6), (5, 6)], weights: [1.0, 1.0, 1.0, 1.0, 1.0, 1.0, 1.0, 1.0, 1.0, 1.0, 1.0, 1.0, 1.0, 1.0, 1.0, 1.0, 1.0, 1.0, 1.0, 1.0, 1.0], set of nodes: {0, 1, 2, 3, 4, 5, 6}, n: 7 nodes, p: 1 layers, N_bayes: 300 iterations
Initial state injected as warm start
Layer 0: Added Cost and Mixer unitaries with gamma=γ[0] and beta=β[0]
.rz and .ry mixer terms added in addition to classical .rx mixer
Using random initial parameters with gamma [0.03772507] and beta [0.02331032]
6.031363993091738
Finished QAOA for n=7 nodes, m=21 edges at 2026-04-14 19:04:26 on Apple M4. Time taken: 0.17 seconds. Hours: 0.00 hours. Peak RAM: 215.31 MB.
Computing complete graph approximation ratio
results: {7: np.float64(6.031363993091738)}
durations: {7: 0.1695089340209961}
Results saved to: logs/COBYLA/qaoa_results_COBYLA_20260414_190238.csv
