2026-04-14 19:22:03.899 system_profiler[13282:674867] hw.cpufamily: 0x6f5129ac
Benchmark parameters: {'optimiser': 'COBYLA', 'parameter_vector': [1, 1, 1], 'iterations_list': [100, 300, 500], 'depth_list': [1, 2, 3, 4, 5, 10, 15, 20], 'n_start': 2, 'n_end': 14, 'singlet_injection': False, 'start_index_singlet': 0, 'warm_start': True, 'compare_with_010101': False, 'warm_start_correlations': False, 'init_QAOAparams_close_to_zero': True, 'use_correlations_as_initial_params': False, 'time_limit': 10800, 'failed_instance_termination_thrsh': 10, 'graph_generation_type': 'complete', 'weighted': False, 'easiest_first': True, 'cpu_util_threshold': 90, 'debug': False, 'rerun_exclude_finished_instances': True}, Running QAOA with equal superposition
Benchmark run ID: 4fc8f96f
Processor: Apple M4
Hostname: Julians-MacBook-Air-2.local
Total RAM (GB): 16.0
Physical cores: 10
Logical cores: 10
Python version: 3.13.1
Generating complete graph with 4 nodes...
Running QAOA for n=4 nodes, m=6 edges...; Max iterations: 300
Warm-start: using parameter_vector=[1, 1, 1]
Warm-start: starting SDP solve for n_vertices=4
Starting SDP solve (solver preference: MOSEK, fallback: SCS) for n_vertices=4, matrix_dim=12, edges=6
Finished SDP solve with MOSEK. status=optimal. elapsed_seconds=0.04
Rounding...
n_vertices: 4 for n = 12
Using seed None to generate random matrix for x.
r_0: [ 0.76311674 -0.40977279 -0.49973904]
Product state qubit 0: [[0.25013048+0.j         0.38155837+0.20488639j]
 [0.38155837-0.20488639j 0.74986952+0.j        ]]
Diagonal entries of product state 0: [0.25013048 0.74986952]
r_1: [-0.0815802   0.0820127  -0.99328676]
Product state qubit 1: [[ 0.00335662+0.j         -0.0407901 -0.04100635j]
 [-0.0407901 +0.04100635j  0.99664338+0.j        ]]
Diagonal entries of product state 1: [0.00335662 0.99664338]
r_2: [-0.33292764 -0.91873728  0.21232287]
Product state qubit 2: [[ 0.60616143+0.j         -0.16646382+0.45936864j]
 [-0.16646382-0.45936864j  0.39383857+0.j        ]]
Diagonal entries of product state 2: [0.60616143 0.39383857]
r_3: [0.22137133 0.92301053 0.31471623]
Product state qubit 3: [[0.65735812+0.j         0.11068566-0.46150526j]
 [0.11068566+0.46150526j 0.34264188+0.j        ]]
Diagonal entries of product state 3: [0.65735812 0.34264188]
y_scalar: False
[-1, -1, 1, 1]
Check the cut: [-1, -1, 1, 1]
4 in cut out of a total of 6 edges
Warm-start: SDP solve + rounding finished in 0.04 seconds
Warm-start: statevector build finished in 0.00 seconds
warm_start_correlations: None
Edges: [(0, 1), (0, 2), (0, 3), (1, 2), (1, 3), (2, 3)], weights: [1.0, 1.0, 1.0, 1.0, 1.0, 1.0], set of nodes: {0, 1, 2, 3}, n: 4 nodes, p: 3 layers, N_bayes: 300 iterations
Initial state injected as warm start
Layer 0: Added Cost and Mixer unitaries with gamma=γ[0] and beta=β[0]
.rz and .ry mixer terms added in addition to classical .rx mixer
Layer 1: Added Cost and Mixer unitaries with gamma=γ[1] and beta=β[1]
.rz and .ry mixer terms added in addition to classical .rx mixer
Layer 2: Added Cost and Mixer unitaries with gamma=γ[2] and beta=β[2]
.rz and .ry mixer terms added in addition to classical .rx mixer
Using random initial parameters with gamma [0.00228292 0.01068852 0.0211509 ] and beta [0.03997814 0.03273015 0.06791653]
1.829668561782004
Finished QAOA for n=4 nodes, m=6 edges at 2026-04-14 19:22:04 on Apple M4. Time taken: 0.32 seconds. Hours: 0.00 hours. Peak RAM: 208.16 MB.
Computing complete graph approximation ratio
results: {4: np.float64(1.829668561782004)}
durations: {4: 0.3157811164855957}
Results saved to: logs/COBYLA/qaoa_results_COBYLA_20260414_190238.csv
