2026-04-14 20:49:31.667 system_profiler[38552:924075] hw.cpufamily: 0x6f5129ac
Benchmark parameters: {'optimiser': 'COBYLA', 'parameter_vector': [1, 1, 1], 'iterations_list': [100, 300, 500], 'depth_list': [1, 2, 3, 4, 5, 10, 15, 20], 'n_start': 2, 'n_end': 14, 'singlet_injection': False, 'start_index_singlet': 0, 'warm_start': True, 'compare_with_010101': False, 'warm_start_correlations': False, 'init_QAOAparams_close_to_zero': True, 'use_correlations_as_initial_params': False, 'time_limit': 10800, 'failed_instance_termination_thrsh': 10, 'graph_generation_type': 'complete', 'weighted': False, 'easiest_first': True, 'cpu_util_threshold': 90, 'debug': False, 'rerun_exclude_finished_instances': True}, Running QAOA with equal superposition
Benchmark run ID: 6433bf8b
Processor: Apple M4
Hostname: Julians-MacBook-Air-2.local
Total RAM (GB): 16.0
Physical cores: 10
Logical cores: 10
Python version: 3.13.1
Generating complete graph with 2 nodes...
Running QAOA for n=2 nodes, m=1 edges...; Max iterations: 500
Warm-start: using parameter_vector=[1, 1, 1]
Warm-start: starting SDP solve for n_vertices=2
Starting SDP solve (solver preference: MOSEK, fallback: SCS) for n_vertices=2, matrix_dim=6, edges=1
Finished SDP solve with MOSEK. status=optimal. elapsed_seconds=0.04
Rounding...
n_vertices: 2 for n = 6
Using seed None to generate random matrix for x.
r_0: [ 0.55161804 -0.76972524  0.32131073]
Product state qubit 0: [[0.66065536+0.j         0.27580902+0.38486262j]
 [0.27580902-0.38486262j 0.33934464+0.j        ]]
Diagonal entries of product state 0: [0.66065536 0.33934464]
r_1: [-0.55161718  0.76972566 -0.32131122]
Product state qubit 1: [[ 0.33934439+0.j         -0.27580859-0.38486283j]
 [-0.27580859+0.38486283j  0.66065561+0.j        ]]
Diagonal entries of product state 1: [0.33934439 0.66065561]
y_scalar: False
[1, -1]
Check the cut: [1, -1]
1 in cut out of a total of 1 edges
Warm-start: SDP solve + rounding finished in 0.04 seconds
Warm-start: statevector build finished in 0.00 seconds
warm_start_correlations: None
Edges: [(0, 1)], weights: [1.0], set of nodes: {0, 1}, n: 2 nodes, p: 4 layers, N_bayes: 500 iterations
Initial state injected as warm start
Layer 0: Added Cost and Mixer unitaries with gamma=γ[0] and beta=β[0]
.rz and .ry mixer terms added in addition to classical .rx mixer
Layer 1: Added Cost and Mixer unitaries with gamma=γ[1] and beta=β[1]
.rz and .ry mixer terms added in addition to classical .rx mixer
Layer 2: Added Cost and Mixer unitaries with gamma=γ[2] and beta=β[2]
.rz and .ry mixer terms added in addition to classical .rx mixer
Layer 3: Added Cost and Mixer unitaries with gamma=γ[3] and beta=β[3]
.rz and .ry mixer terms added in addition to classical .rx mixer
Using random initial parameters with gamma [0.0641422  0.07877762 0.08777499 0.05337762] and beta [0.01290558 0.007122   0.06859909 0.08464619]
0.4999999999998574
Finished QAOA for n=2 nodes, m=1 edges at 2026-04-14 20:49:31 on Apple M4. Time taken: 0.22 seconds. Hours: 0.00 hours. Peak RAM: 201.83 MB.
Computing complete graph approximation ratio
Traceback (most recent call last):
  File "/Users/julian/PycharmProjects/PythonProject/MasterThesis/QAOA/Main.py", line 295, in <module>
    approx_ratio = results[n] / return_optimal_fully_connected(n)
                                ~~~~~~~~~~~~~~~~~~~~~~~~~~~~~~^^^
  File "/Users/julian/PycharmProjects/PythonProject/MasterThesis/QAOA/Main.py", line 192, in return_optimal_fully_connected
    val = df.loc[df["n"] == n, "result"].item()
  File "/opt/homebrew/Caskroom/miniconda/base/envs/MasterThesis/lib/python3.13/site-packages/pandas/core/base.py", line 427, in item
    raise ValueError("can only convert an array of size 1 to a Python scalar")
ValueError: can only convert an array of size 1 to a Python scalar
