2026-04-14 20:52:07.248 system_profiler[42526:932186] hw.cpufamily: 0x6f5129ac
Benchmark parameters: {'optimiser': 'COBYLA', 'parameter_vector': [1, 1, 1], 'iterations_list': [100, 300, 500], 'depth_list': [1, 2, 3, 4, 5, 10, 15, 20], 'n_start': 2, 'n_end': 14, 'singlet_injection': False, 'start_index_singlet': 0, 'warm_start': True, 'compare_with_010101': False, 'warm_start_correlations': False, 'init_QAOAparams_close_to_zero': True, 'use_correlations_as_initial_params': False, 'time_limit': 10800, 'failed_instance_termination_thrsh': 10, 'graph_generation_type': 'complete', 'weighted': False, 'easiest_first': True, 'cpu_util_threshold': 90, 'debug': False, 'rerun_exclude_finished_instances': True}, Running QAOA with equal superposition
Benchmark run ID: bc740a3b
Processor: Apple M4
Hostname: Julians-MacBook-Air-2.local
Total RAM (GB): 16.0
Physical cores: 10
Logical cores: 10
Python version: 3.13.1
Generating complete graph with 7 nodes...
Running QAOA for n=7 nodes, m=21 edges...; Max iterations: 100
Warm-start: using parameter_vector=[1, 1, 1]
Warm-start: starting SDP solve for n_vertices=7
Starting SDP solve (solver preference: MOSEK, fallback: SCS) for n_vertices=7, matrix_dim=21, edges=21
Finished SDP solve with MOSEK. status=optimal. elapsed_seconds=0.09
Rounding...
n_vertices: 7 for n = 21
Using seed None to generate random matrix for x.
r_0: [0.18411668 0.50151842 0.84532853]
Product state qubit 0: [[0.92266426+0.j         0.09205834-0.25075921j]
 [0.09205834+0.25075921j 0.07733574+0.j        ]]
Diagonal entries of product state 0: [0.92266426 0.07733574]
r_1: [ 0.98827886 -0.11975445 -0.09467714]
Product state qubit 1: [[0.45266143+0.j         0.49413943+0.05987722j]
 [0.49413943-0.05987722j 0.54733857+0.j        ]]
Diagonal entries of product state 1: [0.45266143 0.54733857]
r_2: [ 0.14028497 -0.15285931 -0.97824034]
Product state qubit 2: [[0.01087983+0.j         0.07014248+0.07642966j]
 [0.07014248-0.07642966j 0.98912017+0.j        ]]
Diagonal entries of product state 2: [0.01087983 0.98912017]
r_3: [-0.70053275 -0.71341833  0.01697495]
Product state qubit 3: [[ 0.50848747+0.j         -0.35026638+0.35670917j]
 [-0.35026638-0.35670917j  0.49151253+0.j        ]]
Diagonal entries of product state 3: [0.50848747 0.49151253]
r_4: [-0.26352129  0.72320685 -0.6383795 ]
Product state qubit 4: [[ 0.18081025+0.j         -0.13176064-0.36160342j]
 [-0.13176064+0.36160342j  0.81918975+0.j        ]]
Diagonal entries of product state 4: [0.18081025 0.81918975]
r_5: [-0.89357861 -0.33411135  0.29981139]
Product state qubit 5: [[ 0.6499057 +0.j         -0.44678931+0.16705567j]
 [-0.44678931-0.16705567j  0.3500943 +0.j        ]]
Diagonal entries of product state 5: [0.6499057 0.3500943]
r_6: [0.94847357 0.30855732 0.07204345]
Product state qubit 6: [[0.53602173+0.j         0.47423679-0.15427866j]
 [0.47423679+0.15427866j 0.46397827+0.j        ]]
Diagonal entries of product state 6: [0.53602173 0.46397827]
y_scalar: False
[1, -1, -1, 1, -1, 1, 1]
Check the cut: [1, -1, -1, 1, -1, 1, 1]
12 in cut out of a total of 21 edges
Warm-start: SDP solve + rounding finished in 0.10 seconds
Warm-start: statevector build finished in 0.00 seconds
warm_start_correlations: None
Edges: [(0, 1), (0, 2), (0, 3), (0, 4), (0, 5), (0, 6), (1, 2), (1, 3), (1, 4), (1, 5), (1, 6), (2, 3), (2, 4), (2, 5), (2, 6), (3, 4), (3, 5), (3, 6), (4, 5), (4, 6), (5, 6)], weights: [1.0, 1.0, 1.0, 1.0, 1.0, 1.0, 1.0, 1.0, 1.0, 1.0, 1.0, 1.0, 1.0, 1.0, 1.0, 1.0, 1.0, 1.0, 1.0, 1.0, 1.0], set of nodes: {0, 1, 2, 3, 4, 5, 6}, n: 7 nodes, p: 5 layers, N_bayes: 100 iterations
Initial state injected as warm start
Layer 0: Added Cost and Mixer unitaries with gamma=γ[0] and beta=β[0]
.rz and .ry mixer terms added in addition to classical .rx mixer
Layer 1: Added Cost and Mixer unitaries with gamma=γ[1] and beta=β[1]
.rz and .ry mixer terms added in addition to classical .rx mixer
Layer 2: Added Cost and Mixer unitaries with gamma=γ[2] and beta=β[2]
.rz and .ry mixer terms added in addition to classical .rx mixer
Layer 3: Added Cost and Mixer unitaries with gamma=γ[3] and beta=β[3]
.rz and .ry mixer terms added in addition to classical .rx mixer
Layer 4: Added Cost and Mixer unitaries with gamma=γ[4] and beta=β[4]
.rz and .ry mixer terms added in addition to classical .rx mixer
Using random initial parameters with gamma [0.08203569 0.02634521 0.08003602 0.09856704 0.09133112] and beta [0.05214787 0.06798286 0.03822532 0.03987028 0.00712415]
6.070510106271651
Finished QAOA for n=7 nodes, m=21 edges at 2026-04-14 20:52:09 on Apple M4. Time taken: 1.86 seconds. Hours: 0.00 hours. Peak RAM: 204.23 MB.
Computing complete graph approximation ratio
results: {7: np.float64(6.070510106271651)}
durations: {7: 1.8620171546936035}
Results saved to: logs/COBYLA/qaoa_results_COBYLA_20260414_190238.csv
