2026-04-14 19:11:05.821 system_profiler[94272:637288] hw.cpufamily: 0x6f5129ac
Benchmark parameters: {'optimiser': 'COBYLA', 'parameter_vector': [1, 1, 1], 'iterations_list': [100, 300, 500], 'depth_list': [1, 2, 3, 4, 5, 10, 15, 20], 'n_start': 2, 'n_end': 14, 'singlet_injection': False, 'start_index_singlet': 0, 'warm_start': True, 'compare_with_010101': False, 'warm_start_correlations': False, 'init_QAOAparams_close_to_zero': True, 'use_correlations_as_initial_params': False, 'time_limit': 10800, 'failed_instance_termination_thrsh': 10, 'graph_generation_type': 'complete', 'weighted': False, 'easiest_first': True, 'cpu_util_threshold': 90, 'debug': False, 'rerun_exclude_finished_instances': True}, Running QAOA with equal superposition
Benchmark run ID: 16d05c27
Processor: Apple M4
Hostname: Julians-MacBook-Air-2.local
Total RAM (GB): 16.0
Physical cores: 10
Logical cores: 10
Python version: 3.13.1
Generating complete graph with 3 nodes...
Running QAOA for n=3 nodes, m=3 edges...; Max iterations: 500
Warm-start: using parameter_vector=[1, 1, 1]
Warm-start: starting SDP solve for n_vertices=3
Starting SDP solve (solver preference: MOSEK, fallback: SCS) for n_vertices=3, matrix_dim=9, edges=3
Finished SDP solve with MOSEK. status=optimal. elapsed_seconds=0.03
Rounding...
n_vertices: 3 for n = 9
Using seed None to generate random matrix for x.
r_0: [ 0.71405621 -0.29596138 -0.63445299]
Product state qubit 0: [[0.18277351+0.j         0.3570281 +0.14798069j]
 [0.3570281 -0.14798069j 0.81722649+0.j        ]]
Diagonal entries of product state 0: [0.18277351 0.81722649]
r_1: [-0.86142911  0.28453764  0.42068779]
Product state qubit 1: [[ 0.7103439 +0.j         -0.43071455-0.14226882j]
 [-0.43071455+0.14226882j  0.2896561 +0.j        ]]
Diagonal entries of product state 1: [0.7103439 0.2896561]
r_2: [ 0.95848959 -0.24780227 -0.14103808]
Product state qubit 2: [[0.42948096+0.j         0.4792448 +0.12390114j]
 [0.4792448 -0.12390114j 0.57051904+0.j        ]]
Diagonal entries of product state 2: [0.42948096 0.57051904]
y_scalar: False
[-1, 1, -1]
Check the cut: [-1, 1, -1]
2 in cut out of a total of 3 edges
Warm-start: SDP solve + rounding finished in 0.03 seconds
Warm-start: statevector build finished in 0.00 seconds
warm_start_correlations: None
Edges: [(0, 1), (0, 2), (1, 2)], weights: [1.0, 1.0, 1.0], set of nodes: {0, 1, 2}, n: 3 nodes, p: 2 layers, N_bayes: 500 iterations
Initial state injected as warm start
Layer 0: Added Cost and Mixer unitaries with gamma=γ[0] and beta=β[0]
.rz and .ry mixer terms added in addition to classical .rx mixer
Layer 1: Added Cost and Mixer unitaries with gamma=γ[1] and beta=β[1]
.rz and .ry mixer terms added in addition to classical .rx mixer
Using random initial parameters with gamma [0.07781782 0.02363599] and beta [0.06242895 0.06522628]
1.0186257789279392
Finished QAOA for n=3 nodes, m=3 edges at 2026-04-14 19:11:05 on Apple M4. Time taken: 0.14 seconds. Hours: 0.00 hours. Peak RAM: 211.34 MB.
Computing complete graph approximation ratio
results: {3: np.float64(1.0186257789279392)}
durations: {3: 0.13703703880310059}
Results saved to: logs/COBYLA/qaoa_results_COBYLA_20260414_190238.csv
