Starting QAOA benchmark with global start time: 1788434058.6675353
Benchmark parameters: {'optimiser': 'adam', 'optimiser_use_heuristic': None, 'heuristic_optimiser_iterations': None, 'heuristic_optimiser_sampleSize': None, 'circuit_type': 'hamqaoa', 'parameter_vector': [1, 1, 1], 'iterations_list': [75], 'learning_rate_adam': None, 'depth_list': [1], 'n_start': None, 'n_end': None, 'singlet_injection': False, 'start_index_singlet': None, 'warm_start': True, 'warm_start_mode': 'amplified', 'lasserre_level': 2, 'initial_solver_level_M': 2, 'sdp_seed': 42, 'sdp_solver_mode': 'scs', 'sdp_scs_eps': 1e-06, 'sdp_scs_max_iters': 100000, 'warm_start_corr_strength': None, 'warm_start_corr_repeats': None, 'compare_with_010101': False, 'init_QAOAparams_close_to_zero': False, 'use_correlations_as_initial_params': False, 'time_limit': None, 'failed_instance_termination_thrsh': None, 'graph_generation_type': 'hog', 'weighted': False, 'easiest_first': False, 'cpu_util_threshold': None, 'debug': False, 'save_circuit_svg': False, 'rerun_exclude_finished_instances': True, 'warm_start_cache_producer_only': True, 'qaoa_only_from_existing_warm_start_cache': False, 'optimiser_debug_iterations': None, 'num_repeats': 1, 'relative_graph_adjList_path': 'HOG_graphs/3regular_connected_74instances.txt', 'persistent_warm_start_cache': True, 'warm_start_cache_dir': 'Results/warm_start_cache/experiment_3', 'warm_start_cache_max_file_mb': 512, 'warm_start_cache_max_total_gb': 48, 'sdp_max_parallel': 32, 'qaoa_max_parallel': 0, 'sdp_threads': 1, 'qaoa_threads': 1, 'sdp_memory_limit_total_gb': 250, 'sdp_memory_limit_single_gb': 100, 'sdp_memory_poll_seconds': 5, 'sdp_max_retries': 3, 'queue_poll_interval_seconds': 5, 'max_graph_vertices': 10, 'completed_result_csv_paths': [], 'qaoa_seed': 42, 'initialise_standard_warm_start_with_zero_angles': False, 'result_name_suffix': '_Exp4_v3_standardZeroAngles', 'algorithm17_beta_mode': 'analytic_instance'}, Running QAOA with equal superposition
Benchmark run ID: 55d5d37f
Benchmark repeat index: 1
Configured SDP rounding seed: 42
QAOA seed used: 42
Processor: x86_64
Hostname: dacsgpu0002
Total RAM (GB): None
Physical cores: 64
Logical cores: 64
Python version: 3.11.15
Initialisation time: 0.00 seconds; started at stardate {'initialisation': 0.0029888153076171875} and finished at stardate1788434058.6705377
Loaded HOG graph index 8 with 24 edges.
Instance generation for n=8 took 0.00 seconds; started at stardate 1788434058.6705456 and finished at stardate 1788434058.6734118
Running QAOA for n=10 nodes, m=24 edges...; Max iterations: 75
Warm-start: starting SDP solve for n_vertices=10
Warm-start: using configured sdp_seed=42
Using SCS solver for SDP with eps=1e-06, max_iters=100000.
SDP solver status: optimal
SDP solver name: SCS
SDP solver iterations: 350
SDP solve time: 16.680614199
SDP extra stats: {'x': array([ 1.00000000e+00, -8.33102025e-15,  1.21317450e-15, ...,
        1.00000000e+00,  2.87802085e-19,  1.00000000e+00], shape=(95266,)), 'y': array([3.81240232e-02, 1.57914873e-02, 1.57914873e-02, ...,
       1.82328016e-02, 2.85094691e-15, 3.82875591e-01], shape=(265112,)), 's': array([0.00000000e+00, 0.00000000e+00, 0.00000000e+00, ...,
       1.00000001e+00, 1.20355431e-15, 1.00000001e+00], shape=(265112,)), 'info': {'status_val': 1, 'iter': 350, 'scale_updates': 2, 'scale': 4.5365421400685655, 'pobj': -12.00000015685097, 'dobj': -12.000000147159874, 'res_pri': 2.7609092480969116e-08, 'res_dual': 1.6604856570022318e-07, 'gap': 9.691095925745685e-09, 'res_infeas': nan, 'res_unbdd_a': 0.08333333224447396, 'res_unbdd_p': 0.0, 'comp_slack': 7.222755726843388e-11, 'solve_time': 16680.614199, 'setup_time': 123.915459, 'lin_sys_time': 1233.9392609999998, 'cone_time': 14991.387375, 'accel_time': 100.47874899999998, 'rejected_accel_steps': 0, 'accepted_accel_steps': 4, 'status': 'solved'}}
Rounding...
Setting seed to 42
n_vertices: 10 for n = 30
Using seed 42 to generate random matrix for x.
Energy of rounded cut/product state: 13.662644020345564
Algorithm 17 instance beta optimisation selected beta_star=0.0422749403641 in 0.227286 seconds.
Algorithm 17 analytical F-bound is not applicable because the graph is not triangle-free.
Algorithm 17 actual entangled-state energy: 13.713097705072009
SDP objective value: 24.000000156850973
12 in cut out of a total of 24 edges
Warm-start: SDP solve + rounding finished in 5850.98 seconds
Warm-start: using level-2 Algorithm 17 entangled statevector with shape (1024,)
Warm-start cache: moment matrix before save shape=(436, 436), dtype=float64, entries=190096, bytes=1520768 (1.45 MiB)
Warm-start cache: saved Results/warm_start_cache/experiment_3/3regular_connected_74instances__filehash_688b5b4e/hog_idx000008_67abb1e2c5d1_seed42_L2_M2_betaanalytic_instance_amplified.npz in 0.0127 seconds
WARM_START_CACHE_PRODUCER_ONLY is set; warm-start cache has been produced/loaded. Exiting before QAOA optimisation.
