Starting QAOA benchmark with global start time: 1788435299.217268
Benchmark parameters: {'optimiser': 'adam', 'optimiser_use_heuristic': None, 'heuristic_optimiser_iterations': None, 'heuristic_optimiser_sampleSize': None, 'circuit_type': 'hamqaoa', 'parameter_vector': [1, 1, 1], 'iterations_list': [75], 'learning_rate_adam': None, 'depth_list': [1], 'n_start': None, 'n_end': None, 'singlet_injection': False, 'start_index_singlet': None, 'warm_start': True, 'warm_start_mode': 'amplified', 'lasserre_level': 2, 'initial_solver_level_M': 2, 'sdp_seed': 42, 'sdp_solver_mode': 'scs', 'sdp_scs_eps': 1e-06, 'sdp_scs_max_iters': 100000, 'warm_start_corr_strength': None, 'warm_start_corr_repeats': None, 'compare_with_010101': False, 'init_QAOAparams_close_to_zero': False, 'use_correlations_as_initial_params': False, 'time_limit': None, 'failed_instance_termination_thrsh': None, 'graph_generation_type': 'hog', 'weighted': False, 'easiest_first': False, 'cpu_util_threshold': None, 'debug': False, 'save_circuit_svg': False, 'rerun_exclude_finished_instances': True, 'warm_start_cache_producer_only': True, 'qaoa_only_from_existing_warm_start_cache': False, 'optimiser_debug_iterations': None, 'num_repeats': 1, 'relative_graph_adjList_path': 'HOG_graphs/3regular_connected_74instances.txt', 'persistent_warm_start_cache': True, 'warm_start_cache_dir': 'Results/warm_start_cache/experiment_3', 'warm_start_cache_max_file_mb': 512, 'warm_start_cache_max_total_gb': 48, 'sdp_max_parallel': 32, 'qaoa_max_parallel': 0, 'sdp_threads': 1, 'qaoa_threads': 1, 'sdp_memory_limit_total_gb': 250, 'sdp_memory_limit_single_gb': 100, 'sdp_memory_poll_seconds': 5, 'sdp_max_retries': 3, 'queue_poll_interval_seconds': 5, 'max_graph_vertices': 10, 'completed_result_csv_paths': [], 'qaoa_seed': 42, 'initialise_standard_warm_start_with_zero_angles': False, 'result_name_suffix': '_Exp4_v3_standardZeroAngles', 'algorithm17_beta_mode': 'analytic_instance'}, Running QAOA with equal superposition
Benchmark run ID: c8415b60
Benchmark repeat index: 1
Configured SDP rounding seed: 42
QAOA seed used: 42
Processor: x86_64
Hostname: dacsgpu0002
Total RAM (GB): None
Physical cores: 64
Logical cores: 64
Python version: 3.11.15
Initialisation time: 0.00 seconds; started at stardate {'initialisation': 0.0041904449462890625} and finished at stardate1788435299.2214682
Loaded HOG graph index 72 with 21 edges.
Instance generation for n=72 took 0.00 seconds; started at stardate 1788435299.2214746 and finished at stardate 1788435299.224087
Running QAOA for n=8 nodes, m=21 edges...; Max iterations: 75
Warm-start: starting SDP solve for n_vertices=8
Warm-start: using configured sdp_seed=42
Using SCS solver for SDP with eps=1e-06, max_iters=100000.
SDP solver status: optimal
SDP solver name: SCS
SDP solver iterations: 175
SDP solve time: 4.574073511000001
SDP extra stats: {'x': array([ 1.00000000e+00, -1.65162966e-15, -2.52545525e-16, ...,
        1.00000000e+00, -7.46808385e-18,  1.00000000e+00], shape=(38503,)), 'y': array([3.25883092e-02, 1.34985217e-02, 1.34985217e-02, ...,
       8.22397707e-03, 1.22422695e-16, 6.08489417e-02], shape=(108050,)), 's': array([0.00000000e+00, 0.00000000e+00, 0.00000000e+00, ...,
       9.99999987e-01, 9.03136143e-16, 9.99999941e-01], shape=(108050,)), 'info': {'status_val': 1, 'iter': 175, 'scale_updates': 1, 'scale': 0.3284186502108826, 'pobj': -8.499999950271317, 'dobj': -8.499999797633556, 'res_pri': 8.955105666230284e-08, 'res_dual': 3.0468632634197193e-08, 'gap': 1.5263776020901787e-07, 'res_infeas': nan, 'res_unbdd_a': 0.11764705951536494, 'res_unbdd_p': 0.0, 'comp_slack': 1.5990412047310084e-11, 'solve_time': 4574.0735110000005, 'setup_time': 97.415027, 'lin_sys_time': 398.88636899999995, 'cone_time': 4011.6401870000004, 'accel_time': 25.076748999999964, 'rejected_accel_steps': 1, 'accepted_accel_steps': 0, 'status': 'solved'}}
Rounding...
Setting seed to 42
n_vertices: 8 for n = 24
Using seed 42 to generate random matrix for x.
Energy of rounded cut/product state: 13.38964094050677
Algorithm 17 instance beta optimisation selected beta_star=0.0261400763798 in 0.371969 seconds.
Algorithm 17 analytical F-bound is not applicable because the graph is not triangle-free.
Algorithm 17 actual entangled-state energy: 13.427313346855492
SDP objective value: 18.99999995027132
15 in cut out of a total of 21 edges
Warm-start: SDP solve + rounding finished in 1223.90 seconds
Warm-start: using level-2 Algorithm 17 entangled statevector with shape (256,)
Warm-start cache: moment matrix before save shape=(277, 277), dtype=float64, entries=76729, bytes=613832 (0.59 MiB)
Warm-start cache: saved Results/warm_start_cache/experiment_3/3regular_connected_74instances__filehash_688b5b4e/hog_idx000072_59d52e749d94_seed42_L2_M2_betaanalytic_instance_amplified.npz in 0.0151 seconds
WARM_START_CACHE_PRODUCER_ONLY is set; warm-start cache has been produced/loaded. Exiting before QAOA optimisation.
