Starting QAOA benchmark with global start time: 1782845168.195083
Benchmark parameters: {'optimiser': 'adam', 'optimiser_use_heuristic': True, 'heuristic_optimiser_iterations': 2, 'heuristic_optimiser_sampleSize': 1000, 'circuit_type': 'hamqaoa', 'parameter_vector': [1, 1, 1], 'iterations_list': [50], 'learning_rate_adam': 0.05, 'depth_list': [1, 3, 5], 'n_start': None, 'n_end': None, 'singlet_injection': False, 'start_index_singlet': None, 'warm_start': True, 'warm_start_mode': 'standard', 'lasserre_level': 2, 'initial_solver_level_M': 2, 'sdp_seed': None, 'sdp_solver_mode': 'scs', 'sdp_scs_eps': 0.001, 'sdp_scs_max_iters': 20000, 'warm_start_corr_strength': None, 'warm_start_corr_repeats': None, 'compare_with_010101': False, 'init_QAOAparams_close_to_zero': False, 'use_correlations_as_initial_params': False, 'time_limit': None, 'failed_instance_termination_thrsh': None, 'graph_generation_type': 'hog', 'weighted': False, 'easiest_first': True, 'cpu_util_threshold': None, 'debug': False, 'save_circuit_svg': False, 'rerun_exclude_finished_instances': True, 'warm_start_cache_producer_only': True, 'qaoa_only_from_existing_warm_start_cache': False, 'optimiser_debug_iterations': None, 'num_repeats': 1, 'relative_graph_adjList_path': 'HOG_graphs/stress_test.txt', 'persistent_warm_start_cache': True, 'warm_start_cache_dir': 'Results/warm_start_cache/fast_test_scs', 'warm_start_cache_max_file_mb': 512, 'warm_start_cache_max_total_gb': 60, 'sdp_max_parallel': 32, 'qaoa_max_parallel': 0, 'sdp_threads': 1, 'qaoa_threads': 1, 'sdp_memory_limit_total_gb': 250, 'sdp_memory_limit_single_gb': 250, 'sdp_memory_poll_seconds': 5, 'sdp_max_retries': 3, 'queue_poll_interval_seconds': 5}, Running QAOA with equal superposition
Benchmark run ID: 78b717c5
Benchmark repeat index: 1
SDP seed override: None
Processor: x86_64
Hostname: dacsgpu0003
Total RAM (GB): None
Physical cores: 64
Logical cores: 64
Python version: 3.11.15
Initialisation time: 0.02 seconds; started at stardate {'initialisation': 0.015069007873535156} and finished at stardate1782845168.2101693
Loaded HOG graph index 132 with 20 edges.
Instance generation for n=132 took 0.01 seconds; started at stardate 1782845168.2101815 and finished at stardate 1782845168.2159426
Running QAOA for n=9 nodes, m=20 edges...; Max iterations: 50
Warm-start: starting SDP solve for n_vertices=9
Warm-start: no sdp_seed in config, generated fallback seed 13220167338496580750
Using SCS solver for SDP with eps=0.001, max_iters=20000.
SDP solver status: optimal
SDP solver name: SCS
SDP solver iterations: 50
SDP solve time: 2.266265642
SDP extra stats: {'x': array([ 9.99999990e-01, -2.29959545e-16,  2.66573974e-16, ...,
        1.00000003e+00, -8.73848804e-18,  9.99999941e-01], shape=(62128,)), 'y': array([ 4.17130085e-02,  1.72758294e-02,  1.72758294e-02, ...,
        3.58305232e-02, -1.44675350e-17,  9.24437133e-02], shape=(173558,)), 's': array([0.00000000e+00, 0.00000000e+00, 0.00000000e+00, ...,
       9.99952165e-01, 6.96472797e-16, 9.99763418e-01], shape=(173558,)), 'info': {'status_val': 1, 'iter': 50, 'scale_updates': 0, 'scale': 0.1, 'pobj': -14.012557179141208, 'dobj': -14.013103388623875, 'res_pri': 0.001732777864056934, 'res_dual': 1.761561203909353e-05, 'gap': 0.0005462094826675923, 'res_infeas': nan, 'res_unbdd_a': 0.07136457387481653, 'res_unbdd_p': 0.0, 'comp_slack': 9.513889027809018e-12, 'solve_time': 2266.265642, 'setup_time': 166.497263, 'lin_sys_time': 207.11749, 'cone_time': 1968.6973220000004, 'accel_time': 12.993512000000003, 'rejected_accel_steps': 0, 'accepted_accel_steps': 0, 'status': 'solved'}}
Rounding...
Setting seed to 13220167338496580750
n_vertices: 9 for n = 27
Using seed 13220167338496580750 to generate random matrix for x.
Energy of rounded cut/product state: 13.6577374019017
Algorithm 17 lower-bound energy: 14.03078070797173
Algorithm 17 actual entangled-state energy: 14.33042750289744
SDP objective value: 24.012557179141204
13 in cut out of a total of 20 edges
Warm-start: SDP solve + rounding finished in 3156.91 seconds
Warm-start: using level-2 Algorithm 17 entangled statevector with shape (512,)
Warm-start cache: saved Results/warm_start_cache/fast_test_scs/stress_test__filehash_182b889d/hog_idx000132_bf1c0d217f58_noseed_L2_M2_standard.npz in 0.0121 seconds
WARM_START_CACHE_PRODUCER_ONLY is set; warm-start cache has been produced/loaded. Exiting before QAOA optimisation.
