Starting QAOA benchmark with global start time: 1782844583.9188762
Benchmark parameters: {'optimiser': 'adam', 'optimiser_use_heuristic': True, 'heuristic_optimiser_iterations': 2, 'heuristic_optimiser_sampleSize': 1000, 'circuit_type': 'hamqaoa', 'parameter_vector': [1, 1, 1], 'iterations_list': [50], 'learning_rate_adam': 0.05, 'depth_list': [1, 3, 5], 'n_start': None, 'n_end': None, 'singlet_injection': False, 'start_index_singlet': None, 'warm_start': True, 'warm_start_mode': 'standard', 'lasserre_level': 2, 'initial_solver_level_M': 2, 'sdp_seed': None, 'sdp_solver_mode': 'scs', 'sdp_scs_eps': 0.001, 'sdp_scs_max_iters': 20000, 'warm_start_corr_strength': None, 'warm_start_corr_repeats': None, 'compare_with_010101': False, 'init_QAOAparams_close_to_zero': False, 'use_correlations_as_initial_params': False, 'time_limit': None, 'failed_instance_termination_thrsh': None, 'graph_generation_type': 'hog', 'weighted': False, 'easiest_first': True, 'cpu_util_threshold': None, 'debug': False, 'save_circuit_svg': False, 'rerun_exclude_finished_instances': True, 'warm_start_cache_producer_only': True, 'qaoa_only_from_existing_warm_start_cache': False, 'optimiser_debug_iterations': None, 'num_repeats': 1, 'relative_graph_adjList_path': 'HOG_graphs/stress_test.txt', 'persistent_warm_start_cache': True, 'warm_start_cache_dir': 'Results/warm_start_cache/fast_test_scs', 'warm_start_cache_max_file_mb': 512, 'warm_start_cache_max_total_gb': 60, 'sdp_max_parallel': 32, 'qaoa_max_parallel': 0, 'sdp_threads': 1, 'qaoa_threads': 1, 'sdp_memory_limit_total_gb': 250, 'sdp_memory_limit_single_gb': 250, 'sdp_memory_poll_seconds': 5, 'sdp_max_retries': 3, 'queue_poll_interval_seconds': 5}, Running QAOA with equal superposition
Benchmark run ID: f257b8f9
Benchmark repeat index: 1
SDP seed override: None
Processor: x86_64
Hostname: dacsgpu0003
Total RAM (GB): None
Physical cores: 64
Logical cores: 64
Python version: 3.11.15
Initialisation time: 0.02 seconds; started at stardate {'initialisation': 0.015184879302978516} and finished at stardate1782844583.9340885
Loaded HOG graph index 123 with 45 edges.
Instance generation for n=123 took 0.02 seconds; started at stardate 1782844583.9341025 and finished at stardate 1782844583.95003
Running QAOA for n=10 nodes, m=45 edges...; Max iterations: 50
Warm-start: starting SDP solve for n_vertices=10
Warm-start: no sdp_seed in config, generated fallback seed 775616085633929643
Using SCS solver for SDP with eps=0.001, max_iters=20000.
SDP solver status: optimal
SDP solver name: SCS
SDP solver iterations: 25
SDP solve time: 1.835733884
SDP extra stats: {'x': array([9.99999985e-01, 2.86446066e-16, 1.59708938e-16, ...,
       9.99999980e-01, 7.12244845e-19, 9.99999992e-01], shape=(95266,)), 'y': array([ 1.78123183e-02,  1.43887916e-02,  1.43887916e-02, ...,
        1.29974979e-02, -5.66993774e-18,  2.53760255e-02], shape=(265112,)), 's': array([ 0.00000000e+00,  0.00000000e+00,  0.00000000e+00, ...,
        1.00000541e+00, -2.09469475e-16,  1.00001093e+00], shape=(265112,)), 'info': {'status_val': 1, 'iter': 25, 'scale_updates': 0, 'scale': 0.1, 'pobj': -7.5003528923686344, 'dobj': -7.500219236099402, 'res_pri': 1.9899994054690254e-05, 'res_dual': 1.4325782635319709e-06, 'gap': 0.0001336562692326737, 'res_infeas': nan, 'res_unbdd_a': 0.13332705972056597, 'res_unbdd_p': 0.0, 'comp_slack': 2.3590018827235326e-12, 'solve_time': 1835.733884, 'setup_time': 258.320565, 'lin_sys_time': 172.152274, 'cone_time': 1588.78772, 'accel_time': 5.622478, 'rejected_accel_steps': 0, 'accepted_accel_steps': 0, 'status': 'solved'}}
Rounding...
Setting seed to 775616085633929643
n_vertices: 10 for n = 30
Using seed 775616085633929643 to generate random matrix for x.
Energy of rounded cut/product state: 24.648347537597296
Algorithm 17 lower-bound energy: 19.47281216300122
Algorithm 17 actual entangled-state energy: 24.648347537597303
SDP objective value: 30.00035289236864
24 in cut out of a total of 45 edges
Warm-start: SDP solve + rounding finished in 7462.15 seconds
Warm-start: using level-2 Algorithm 17 entangled statevector with shape (1024,)
Warm-start cache: saved Results/warm_start_cache/fast_test_scs/stress_test__filehash_182b889d/hog_idx000123_26e838c55cf9_noseed_L2_M2_standard.npz in 0.0111 seconds
WARM_START_CACHE_PRODUCER_ONLY is set; warm-start cache has been produced/loaded. Exiting before QAOA optimisation.
