Starting QAOA benchmark with global start time: 1787551404.206217
Benchmark parameters: {'optimiser': 'adam', 'optimiser_use_heuristic': True, 'heuristic_optimiser_iterations': 1, 'heuristic_optimiser_sampleSize': 50, 'circuit_type': 'hamqaoa', 'parameter_vector': [1, 1, 1], 'iterations_list': [50], 'learning_rate_adam': 0.05, 'depth_list': [1, 2, 3, 4, 5], 'n_start': None, 'n_end': None, 'singlet_injection': False, 'start_index_singlet': None, 'warm_start': True, 'warm_start_mode': 'amplified', 'lasserre_level': 2, 'initial_solver_level_M': 2, 'sdp_seed': None, 'sdp_solver_mode': 'scs', 'sdp_scs_eps': 1e-06, 'sdp_scs_max_iters': 100000, 'warm_start_corr_strength': None, 'warm_start_corr_repeats': None, 'compare_with_010101': False, 'init_QAOAparams_close_to_zero': False, 'use_correlations_as_initial_params': False, 'time_limit': None, 'failed_instance_termination_thrsh': None, 'graph_generation_type': 'hog', 'weighted': False, 'easiest_first': True, 'cpu_util_threshold': None, 'debug': False, 'save_circuit_svg': False, 'rerun_exclude_finished_instances': True, 'warm_start_cache_producer_only': False, 'qaoa_only_from_existing_warm_start_cache': True, 'optimiser_debug_iterations': None, 'num_repeats': 1, 'relative_graph_adjList_path': 'HOG_graphs/Exp5/list_454_graphs_adjacency_listhog_v04-12_bipartite.txt', 'persistent_warm_start_cache': True, 'warm_start_cache_dir': 'Results/warm_start_cache', 'warm_start_cache_max_file_mb': 512, 'warm_start_cache_max_total_gb': 60, 'sdp_max_parallel': 0, 'qaoa_max_parallel': 16, 'sdp_threads': 1, 'qaoa_threads': 1, 'sdp_memory_limit_total_gb': 0, 'sdp_memory_limit_single_gb': 0, 'sdp_memory_poll_seconds': 5, 'sdp_max_retries': 0, 'queue_poll_interval_seconds': 5, 'max_graph_vertices': 11, 'completed_result_csv_paths': [], 'qaoa_seed': 1, 'initialise_standard_warm_start_with_zero_angles': False, 'result_name_suffix': '_Exp7_AmplifiedWithHeuristic'}, Running QAOA with equal superposition
Benchmark run ID: d7560ada
Benchmark repeat index: 1
SDP seed override: None
QAOA seed: 35200301
Processor: x86_64
Hostname: dacsvm-cpunode01
Total RAM (GB): None
Physical cores: 32
Logical cores: 32
Python version: 3.11.15
Initialisation time: 0.01 seconds; started at stardate {'initialisation': 0.007419109344482422} and finished at stardate1787551404.2136486
Loaded HOG graph index 352 with 11 edges.
Instance generation for n=352 took 0.02 seconds; started at stardate 1787551404.21366 and finished at stardate 1787551404.2359006
Running QAOA for n=11 nodes, m=11 edges...; Max iterations: 50
Warm-start cache: loading Results/warm_start_cache/list_454_graphs_adjacency_listhog_v04-12_bipartite__filehash_0815e7e8/hog_idx000352_f4b3a52ed65d_noseed_L2_M2_amplified.npz
Warm-start cache: loaded in 0.0083 seconds; effective compute time=9964.510344266891
Edges: [(5, 10), (3, 8), (6, 9), (1, 9), (0, 7), (4, 9), (3, 7), (4, 8), (6, 10), (5, 8), (2, 10)], weights: [1.0, 1.0, 1.0, 1.0, 1.0, 1.0, 1.0, 1.0, 1.0, 1.0, 1.0], set of nodes: {0, 1, 2, 3, 4, 5, 6, 7, 8, 9, 10}, n: 11 nodes, p: 4 layers, N_bayes: 50 iterations
Solving for uuid: 0686f10d
Initial state injected as warm start
Warm start correlations applied in the form of weak entanglement
Running ADAM optimization with a single iteration (no debug loop)
10.363923099908874
QAOA optimisation for n=352 took 2013.15 seconds; started at stardate 1787551404.23591 and finished at stardate 1787553417.3870587
Finished QAOA for n=11 nodes, m=11 edges at 2026-08-24 08:36:57 on x86_64. Time taken: 2013.15 seconds. Hours: 0.56 hours. Peak RAM: 3.8 MB.
Unknown graph type for approximation ratio calculation; checking misc CSV.
Checking optimal_results_misc.csv for matching edges and weights...
Found matching exact result in misc CSV: 7.285724564960491
CSV writing for n=352 took 0.02 seconds; started at stardate 1787553417.3870718 and finished at stardate 1787553417.4022186
results: {352: 10.363923099908874}
durations: {11: 2013.1511585712433}
Results saved to: Results/logs/adam/qaoa_results_adam_20260823_143230_pid2572923_Exp7_AmplifiedWithHeuristic.csv
Global end time: 1787553417.40223
Finalisation time: 0.00 seconds; started at stardate 1787553417.4022236 and finished at stardate 1787553417.4022338
Sum of all section times: 2013.20 seconds
run_id: d7560ada
