Starting QAOA benchmark with global start time: 1787945192.0922108
Benchmark parameters: {'optimiser': 'adam', 'optimiser_use_heuristic': False, 'heuristic_optimiser_iterations': None, 'heuristic_optimiser_sampleSize': None, 'circuit_type': 'hamqaoa', 'parameter_vector': [1, 1, 1], 'iterations_list': [75], 'learning_rate_adam': 0.05, 'depth_list': [1, 2, 3, 4, 5], 'n_start': None, 'n_end': None, 'singlet_injection': False, 'start_index_singlet': None, 'warm_start': True, 'warm_start_mode': 'amplified_king', 'lasserre_level': 2, 'initial_solver_level_M': 2, 'sdp_seed': 42, 'sdp_solver_mode': 'scs', 'sdp_scs_eps': 1e-06, 'sdp_scs_max_iters': 100000, 'warm_start_corr_strength': None, 'warm_start_corr_repeats': None, 'compare_with_010101': False, 'init_QAOAparams_close_to_zero': False, 'use_correlations_as_initial_params': False, 'time_limit': None, 'failed_instance_termination_thrsh': None, 'graph_generation_type': 'hog', 'weighted': False, 'easiest_first': False, 'cpu_util_threshold': None, 'debug': False, 'save_circuit_svg': False, 'rerun_exclude_finished_instances': False, 'warm_start_cache_producer_only': False, 'qaoa_only_from_existing_warm_start_cache': True, 'optimiser_debug_iterations': None, 'num_repeats': 1, 'relative_graph_adjList_path': 'HOG_graphs/Exp5/list_388_graphs_adjacency_list_hog_v04-12_regular.txt', 'persistent_warm_start_cache': True, 'warm_start_cache_dir': 'Results/warm_start_cache', 'warm_start_cache_max_file_mb': 512, 'warm_start_cache_max_total_gb': 60, 'sdp_max_parallel': 0, 'qaoa_max_parallel': 16, 'sdp_threads': 1, 'qaoa_threads': 1, 'sdp_memory_limit_total_gb': 0, 'sdp_memory_limit_single_gb': 0, 'sdp_memory_poll_seconds': 5, 'sdp_max_retries': 0, 'queue_poll_interval_seconds': 5, 'max_graph_vertices': 10, 'completed_result_csv_paths': [], 'qaoa_seed': 42, 'initialise_standard_warm_start_with_zero_angles': True, 'result_name_suffix': '_Exp6_KingAmplifiedNoHeuristicAllZeroInitial'}, Running QAOA with equal superposition
Benchmark run ID: 4d7097a4
Benchmark repeat index: 1
Configured SDP rounding seed: 42
QAOA seed used: 42
Processor: x86_64
Hostname: dacsgpu0003
Total RAM (GB): None
Physical cores: 64
Logical cores: 64
Python version: 3.11.15
Initialisation time: 0.00 seconds; started at stardate {'initialisation': 0.0035791397094726562} and finished at stardate1787945192.095797
Loaded HOG graph index 2 with 9 edges.
Instance generation for n=2 took 0.10 seconds; started at stardate 1787945192.0958023 and finished at stardate 1787945192.1981163
Running QAOA for n=6 nodes, m=9 edges...; Max iterations: 75
Warm-start cache: loading Results/warm_start_cache/list_388_graphs_adjacency_list_hog_v04-12_regular__filehash_5b7f8d46/hog_idx000002_a9ba2966dd1c_seed42_L2_M2_amplified.npz
Warm-start cache: loaded in 0.0021 seconds; effective compute time=57.36390256881714
Edges: [(0, 1), (3, 5), (0, 3), (3, 4), (1, 5), (2, 5), (1, 4), (0, 2), (2, 4)], weights: [1.0, 1.0, 1.0, 1.0, 1.0, 1.0, 1.0, 1.0, 1.0], set of nodes: {0, 1, 2, 3, 4, 5}, n: 6 nodes, p: 1 layers, N_bayes: 75 iterations
Solving for uuid: 1a2b6011
Initial state injected as warm start
Ignoring initialise_standard_warm_start_with_zero_angles because this run has no active standard warm start; using the normal Adam initialization.
Running ADAM optimization with a single iteration (no debug loop)
6.734844823446793
QAOA optimisation for n=2 took 5.27 seconds; started at stardate 1787945192.1981223 and finished at stardate 1787945197.4679728
Finished QAOA for n=6 nodes, m=9 edges at 2026-08-28 21:26:37 on x86_64. Time taken: 5.27 seconds. Hours: 0.00 hours. Peak RAM: 0.22 MB.
Unknown graph type for approximation ratio calculation; checking misc CSV.
Checking optimal_results_misc.csv for matching edges and weights...
Found matching exact result in misc CSV: 5.999999999999998
CSV writing for n=2 took 0.02 seconds; started at stardate 1787945197.467982 and finished at stardate 1787945197.4837613
results: {2: 6.734844823446793}
durations: {6: 5.269856691360474}
Results saved to: Results/logs/adam/qaoa_results_adam_20260828_154646_pid2693039_Exp6_KingAmplifiedNoHeuristicAllZeroInitial.csv
Global end time: 1787945197.483773
Finalisation time: 0.00 seconds; started at stardate 1787945197.4837658 and finished at stardate 1787945197.4837763
Sum of all section times: 5.39 seconds
run_id: 4d7097a4
