Starting QAOA benchmark with global start time: 1787963582.796647
Benchmark parameters: {'optimiser': 'adam', 'optimiser_use_heuristic': None, 'heuristic_optimiser_iterations': None, 'heuristic_optimiser_sampleSize': None, 'circuit_type': 'hamqaoa', 'parameter_vector': [1, 1, 1], 'iterations_list': [75], 'learning_rate_adam': None, 'depth_list': [1], 'n_start': None, 'n_end': None, 'singlet_injection': False, 'start_index_singlet': None, 'warm_start': True, 'warm_start_mode': 'amplified', 'lasserre_level': 2, 'initial_solver_level_M': 2, 'sdp_seed': 42, 'sdp_solver_mode': 'scs', 'sdp_scs_eps': 1e-06, 'sdp_scs_max_iters': 100000, 'warm_start_corr_strength': None, 'warm_start_corr_repeats': None, 'compare_with_010101': False, 'init_QAOAparams_close_to_zero': False, 'use_correlations_as_initial_params': False, 'time_limit': None, 'failed_instance_termination_thrsh': None, 'graph_generation_type': 'hog', 'weighted': False, 'easiest_first': False, 'cpu_util_threshold': None, 'debug': False, 'save_circuit_svg': False, 'rerun_exclude_finished_instances': True, 'warm_start_cache_producer_only': True, 'qaoa_only_from_existing_warm_start_cache': False, 'optimiser_debug_iterations': None, 'num_repeats': 1, 'relative_graph_adjList_path': 'HOG_graphs/stress_test.txt', 'persistent_warm_start_cache': True, 'warm_start_cache_dir': 'Results/warm_start_cache/fast_test_scs', 'warm_start_cache_max_file_mb': 512, 'warm_start_cache_max_total_gb': 60, 'sdp_max_parallel': 32, 'qaoa_max_parallel': 0, 'sdp_threads': 1, 'qaoa_threads': 1, 'sdp_memory_limit_total_gb': 250, 'sdp_memory_limit_single_gb': 100, 'sdp_memory_poll_seconds': 5, 'sdp_max_retries': 3, 'queue_poll_interval_seconds': 5, 'max_graph_vertices': 10, 'completed_result_csv_paths': [], 'qaoa_seed': 42, 'initialise_standard_warm_start_with_zero_angles': False, 'result_name_suffix': '_Exp4_v2_standardZeroAngles'}, Running QAOA with equal superposition
Benchmark run ID: 659db568
Benchmark repeat index: 1
Configured SDP rounding seed: 42
QAOA seed used: 42
Processor: x86_64
Hostname: dacsgpu0003
Total RAM (GB): None
Physical cores: 64
Logical cores: 64
Python version: 3.11.15
Initialisation time: 0.01 seconds; started at stardate {'initialisation': 0.010024309158325195} and finished at stardate1787963582.8066905
Loaded HOG graph index 131 with 16 edges.
Instance generation for n=131 took 0.00 seconds; started at stardate 1787963582.8067043 and finished at stardate 1787963582.811094
Running QAOA for n=8 nodes, m=16 edges...; Max iterations: 75
Warm-start: starting SDP solve for n_vertices=8
Warm-start: using configured sdp_seed=42
Using SCS solver for SDP with eps=1e-06, max_iters=100000.
SDP solver status: optimal
SDP solver name: SCS
SDP solver iterations: 125
SDP solve time: 2.627617471
SDP extra stats: {'x': array([ 1.00000000e+00, -7.07870821e-16, -2.50504528e-16, ...,
        1.00000000e+00,  2.46050803e-18,  1.00000000e+00], shape=(38503,)), 'y': array([ 4.52049750e-02,  2.10629221e-02,  2.10629221e-02, ...,
        5.74387173e-02, -7.97559880e-17,  1.00402284e-01], shape=(108050,)), 's': array([ 0.00000000e+00,  0.00000000e+00,  0.00000000e+00, ...,
        9.99999204e-01, -1.75153793e-15,  9.99999151e-01], shape=(108050,)), 'info': {'status_val': 1, 'iter': 125, 'scale_updates': 0, 'scale': 0.1, 'pobj': -11.999984437648179, 'dobj': -11.999986511686815, 'res_pri': 1.0861760249871391e-06, 'res_dual': 2.3968832985649357e-08, 'gap': 2.07403863683453e-06, 'res_infeas': nan, 'res_unbdd_a': 0.08333344141221848, 'res_unbdd_p': 0.0, 'comp_slack': 1.0508423266230797e-12, 'solve_time': 2627.617471, 'setup_time': 83.179463, 'lin_sys_time': 239.24363000000008, 'cone_time': 2289.2529150000014, 'accel_time': 17.538412999999988, 'rejected_accel_steps': 1, 'accepted_accel_steps': 0, 'status': 'solved'}}
Rounding...
Setting seed to 42
n_vertices: 8 for n = 24
Using seed 42 to generate random matrix for x.
Energy of rounded cut/product state: 11.467083556929579
Algorithm 17 lower-bound energy: 11.66720093244932
Algorithm 17 actual entangled-state energy: 12.008505903682357
SDP objective value: 19.999984437648177
16 in cut out of a total of 16 edges
Warm-start: SDP solve + rounding finished in 948.92 seconds
Warm-start: using level-2 Algorithm 17 entangled statevector with shape (256,)
Warm-start cache: moment matrix before save shape=(277, 277), dtype=float64, entries=76729, bytes=613832 (0.59 MiB)
Warm-start cache: saved Results/warm_start_cache/fast_test_scs/stress_test__filehash_182b889d/hog_idx000131_1af178174abe_seed42_L2_M2_amplified.npz in 0.0110 seconds
WARM_START_CACHE_PRODUCER_ONLY is set; warm-start cache has been produced/loaded. Exiting before QAOA optimisation.
