Starting QAOA benchmark with global start time: 1787966941.2617226
Benchmark parameters: {'optimiser': 'adam', 'optimiser_use_heuristic': None, 'heuristic_optimiser_iterations': None, 'heuristic_optimiser_sampleSize': None, 'circuit_type': 'hamqaoa', 'parameter_vector': [1, 1, 1], 'iterations_list': [75], 'learning_rate_adam': None, 'depth_list': [1], 'n_start': None, 'n_end': None, 'singlet_injection': False, 'start_index_singlet': None, 'warm_start': True, 'warm_start_mode': 'amplified', 'lasserre_level': 2, 'initial_solver_level_M': 2, 'sdp_seed': 42, 'sdp_solver_mode': 'scs', 'sdp_scs_eps': 1e-06, 'sdp_scs_max_iters': 100000, 'warm_start_corr_strength': None, 'warm_start_corr_repeats': None, 'compare_with_010101': False, 'init_QAOAparams_close_to_zero': False, 'use_correlations_as_initial_params': False, 'time_limit': None, 'failed_instance_termination_thrsh': None, 'graph_generation_type': 'hog', 'weighted': False, 'easiest_first': False, 'cpu_util_threshold': None, 'debug': False, 'save_circuit_svg': False, 'rerun_exclude_finished_instances': True, 'warm_start_cache_producer_only': True, 'qaoa_only_from_existing_warm_start_cache': False, 'optimiser_debug_iterations': None, 'num_repeats': 1, 'relative_graph_adjList_path': 'HOG_graphs/stress_test.txt', 'persistent_warm_start_cache': True, 'warm_start_cache_dir': 'Results/warm_start_cache/fast_test_scs', 'warm_start_cache_max_file_mb': 512, 'warm_start_cache_max_total_gb': 60, 'sdp_max_parallel': 32, 'qaoa_max_parallel': 0, 'sdp_threads': 1, 'qaoa_threads': 1, 'sdp_memory_limit_total_gb': 250, 'sdp_memory_limit_single_gb': 100, 'sdp_memory_poll_seconds': 5, 'sdp_max_retries': 3, 'queue_poll_interval_seconds': 5, 'max_graph_vertices': 10, 'completed_result_csv_paths': [], 'qaoa_seed': 42, 'initialise_standard_warm_start_with_zero_angles': False, 'result_name_suffix': '_Exp4_v2_standardZeroAngles'}, Running QAOA with equal superposition
Benchmark run ID: 3504192a
Benchmark repeat index: 1
Configured SDP rounding seed: 42
QAOA seed used: 42
Processor: x86_64
Hostname: dacsgpu0003
Total RAM (GB): None
Physical cores: 64
Logical cores: 64
Python version: 3.11.15
Initialisation time: 0.00 seconds; started at stardate {'initialisation': 0.0043680667877197266} and finished at stardate1787966941.2661095
Loaded HOG graph index 87 with 13 edges.
Instance generation for n=87 took 0.00 seconds; started at stardate 1787966941.2661183 and finished at stardate 1787966941.2701778
Running QAOA for n=7 nodes, m=13 edges...; Max iterations: 75
Warm-start: starting SDP solve for n_vertices=7
Warm-start: using configured sdp_seed=42
Using SCS solver for SDP with eps=1e-06, max_iters=100000.
SDP solver status: optimal
SDP solver name: SCS
SDP solver iterations: 450
SDP solve time: 5.347689909
SDP extra stats: {'x': array([ 1.00000000e+00,  1.34886399e-14, -6.65006132e-15, ...,
        1.00000000e+00, -2.06604862e-16,  1.00000000e+00], shape=(22366,)), 'y': array([3.58372905e-02, 1.48442923e-02, 1.48442923e-02, ...,
       1.77618710e-02, 3.87024179e-14, 2.78990699e-02], shape=(63107,)), 's': array([0.00000000e+00, 0.00000000e+00, 0.00000000e+00, ...,
       9.99999973e-01, 3.20234205e-14, 1.00000004e+00], shape=(63107,)), 'info': {'status_val': 1, 'iter': 450, 'scale_updates': 1, 'scale': 0.40950890625745456, 'pobj': -6.941090820491379, 'dobj': -6.941090792102825, 'res_pri': 1.3448455961785457e-06, 'res_dual': 9.572951826116476e-08, 'gap': 2.8388553729996602e-08, 'res_infeas': nan, 'res_unbdd_a': 0.14406957436196166, 'res_unbdd_p': 0.0, 'comp_slack': 8.014406566307119e-12, 'solve_time': 5347.689909, 'setup_time': 45.835572, 'lin_sys_time': 492.8340160000002, 'cone_time': 4644.875676999999, 'accel_time': 40.92421299999991, 'rejected_accel_steps': 2, 'accepted_accel_steps': 2, 'status': 'solved'}}
Rounding...
Setting seed to 42
n_vertices: 7 for n = 21
Using seed 42 to generate random matrix for x.
Energy of rounded cut/product state: 8.498039481904819
Algorithm 17 analytical F-bound is not applicable because the graph is not triangle-free.
Algorithm 17 actual entangled-state energy: 8.886064411501623
SDP objective value: 13.441090820491379
9 in cut out of a total of 13 edges
Warm-start: SDP solve + rounding finished in 346.01 seconds
Warm-start: using level-2 Algorithm 17 entangled statevector with shape (128,)
Warm-start cache: moment matrix before save shape=(211, 211), dtype=float64, entries=44521, bytes=356168 (0.34 MiB)
Warm-start cache: saved Results/warm_start_cache/fast_test_scs/stress_test__filehash_182b889d/hog_idx000087_e248e498b699_seed42_L2_M2_amplified.npz in 0.0083 seconds
WARM_START_CACHE_PRODUCER_ONLY is set; warm-start cache has been produced/loaded. Exiting before QAOA optimisation.
