Starting QAOA benchmark with global start time: 1788257612.243084
Benchmark parameters: {'optimiser': 'adam', 'optimiser_use_heuristic': None, 'heuristic_optimiser_iterations': None, 'heuristic_optimiser_sampleSize': None, 'circuit_type': 'hamqaoa', 'parameter_vector': [1, 1, 1], 'iterations_list': [75], 'learning_rate_adam': None, 'depth_list': [1], 'n_start': None, 'n_end': None, 'singlet_injection': False, 'start_index_singlet': None, 'warm_start': True, 'warm_start_mode': 'amplified', 'lasserre_level': 2, 'initial_solver_level_M': 2, 'sdp_seed': 44, 'sdp_solver_mode': 'scs', 'sdp_scs_eps': 1e-07, 'sdp_scs_max_iters': 250000, 'warm_start_corr_strength': None, 'warm_start_corr_repeats': None, 'compare_with_010101': False, 'init_QAOAparams_close_to_zero': False, 'use_correlations_as_initial_params': False, 'time_limit': None, 'failed_instance_termination_thrsh': None, 'graph_generation_type': 'hog', 'weighted': False, 'easiest_first': False, 'cpu_util_threshold': None, 'debug': False, 'save_circuit_svg': False, 'rerun_exclude_finished_instances': True, 'warm_start_cache_producer_only': True, 'qaoa_only_from_existing_warm_start_cache': False, 'optimiser_debug_iterations': None, 'num_repeats': 1, 'relative_graph_adjList_path': 'HOG_graphs/triangleFree_connected_4to8vertices_176instances_AdjacencyList.txt', 'persistent_warm_start_cache': True, 'warm_start_cache_dir': 'Results/warm_start_cache_experiments/Exp4_v2_tf176_L2M2_scs_eps1e-7_gpseed44_alg17seed45', 'warm_start_cache_max_file_mb': 512, 'warm_start_cache_max_total_gb': 60, 'sdp_max_parallel': 32, 'qaoa_max_parallel': 0, 'sdp_threads': 1, 'qaoa_threads': 1, 'sdp_memory_limit_total_gb': 250, 'sdp_memory_limit_single_gb': 100, 'sdp_memory_poll_seconds': 5, 'sdp_max_retries': 3, 'queue_poll_interval_seconds': 5, 'max_graph_vertices': 10, 'completed_result_csv_paths': [], 'qaoa_seed': 1, 'initialise_standard_warm_start_with_zero_angles': False, 'result_name_suffix': '_Exp4_v2_tf176_L2M2_scs_eps1e-7_gpseed44_alg17seed45'}, Running QAOA with equal superposition
Benchmark run ID: 2cd75847
Benchmark repeat index: 1
Configured SDP rounding seed: 44
QAOA seed used: 1
Processor: x86_64
Hostname: dacsgpu0003
Total RAM (GB): None
Physical cores: 64
Logical cores: 64
Python version: 3.11.15
Initialisation time: 0.00 seconds; started at stardate {'initialisation': 0.0038442611694335938} and finished at stardate1788257612.2469368
Loaded HOG graph index 40 with 3 edges.
Instance generation for n=40 took 0.00 seconds; started at stardate 1788257612.2469437 and finished at stardate 1788257612.2500453
Running QAOA for n=4 nodes, m=3 edges...; Max iterations: 75
Warm-start: starting SDP solve for n_vertices=4
Warm-start: using configured sdp_seed=44
Using SCS solver for SDP with eps=1e-07, max_iters=250000.
SDP solver status: optimal
SDP solver name: SCS
SDP solver iterations: 75
SDP solve time: 0.05773171
SDP extra stats: {'x': array([ 1.00000000e+00,  9.07876062e-16,  3.79089197e-17, ...,
        1.00000000e+00, -4.94515755e-18,  1.00000000e+00], shape=(2278,)), 'y': array([ 4.99737716e-02,  2.73210911e-02,  2.73210911e-02, ...,
        7.24377022e-02, -7.52966563e-17,  9.12926625e-02], shape=(6578,)), 's': array([ 0.00000000e+00,  0.00000000e+00,  0.00000000e+00, ...,
        9.99999997e-01, -1.84952793e-15,  9.99999997e-01], shape=(6578,)), 'info': {'status_val': 1, 'iter': 75, 'scale_updates': 0, 'scale': 0.1, 'pobj': -3.232050798966238, 'dobj': -3.2320508389899323, 'res_pri': 4.161023107026689e-09, 'res_dual': 6.051150203989856e-10, 'gap': 4.002369413669271e-08, 'res_infeas': nan, 'res_unbdd_a': 0.30940107758170504, 'res_unbdd_p': 0.0, 'comp_slack': 2.714156030452653e-14, 'solve_time': 57.73171, 'setup_time': 4.496223, 'lin_sys_time': 8.351653999999998, 'cone_time': 46.26899100000002, 'accel_time': 0.9378009999999998, 'rejected_accel_steps': 0, 'accepted_accel_steps': 0, 'status': 'solved'}}
Rounding...
Setting seed to 44
n_vertices: 4 for n = 12
Using seed 44 to generate random matrix for x.
Energy of rounded cut/product state: 1.6100102907656466
Algorithm 17 lower-bound energy: 2.8566594762816404
Algorithm 17 actual entangled-state energy: 2.023047405122585
SDP objective value: 4.732050798966238
1 in cut out of a total of 3 edges
Warm-start: SDP solve + rounding finished in 6.51 seconds
Warm-start: using level-2 Algorithm 17 entangled statevector with shape (16,)
Warm-start cache: moment matrix before save shape=(67, 67), dtype=float64, entries=4489, bytes=35912 (0.03 MiB)
Warm-start cache: saved Results/warm_start_cache_experiments/Exp4_v2_tf176_L2M2_scs_eps1e-7_gpseed44_alg17seed45/triangleFree_connected_4to8vertices_176instances_AdjacencyList__filehash_279b7452/hog_idx000040_8f3d1be6e598_seed44_L2_M2_amplified.npz in 0.0061 seconds
WARM_START_CACHE_PRODUCER_ONLY is set; warm-start cache has been produced/loaded. Exiting before QAOA optimisation.
