Starting QAOA benchmark with global start time: 1785993071.3617835
Benchmark parameters: {'optimiser': 'adam', 'optimiser_use_heuristic': True, 'heuristic_optimiser_iterations': 1, 'heuristic_optimiser_sampleSize': 10, 'circuit_type': 'hamqaoa', 'parameter_vector': [1, 1, 1], 'iterations_list': [50], 'learning_rate_adam': 0.01, 'depth_list': [1, 2, 3, 5], 'n_start': None, 'n_end': None, 'singlet_injection': False, 'start_index_singlet': None, 'warm_start': True, 'warm_start_mode': 'standard', 'lasserre_level': 1, 'initial_solver_level_M': 1, 'sdp_seed': None, 'sdp_solver_mode': 'scs', 'sdp_scs_eps': 1e-06, 'sdp_scs_max_iters': 100000, 'warm_start_corr_strength': None, 'warm_start_corr_repeats': None, 'compare_with_010101': False, 'init_QAOAparams_close_to_zero': False, 'use_correlations_as_initial_params': False, 'time_limit': None, 'failed_instance_termination_thrsh': None, 'graph_generation_type': 'hog', 'weighted': False, 'easiest_first': False, 'cpu_util_threshold': None, 'debug': False, 'save_circuit_svg': False, 'rerun_exclude_finished_instances': True, 'warm_start_cache_producer_only': False, 'qaoa_only_from_existing_warm_start_cache': True, 'optimiser_debug_iterations': None, 'num_repeats': 1, 'relative_graph_adjList_path': 'HOG_graphs/Exp5/cycle_graphs_3to12vertices_10instances_AdjacencyList.txt', 'persistent_warm_start_cache': True, 'warm_start_cache_dir': 'Results/warm_start_cache', 'warm_start_cache_max_file_mb': 512, 'warm_start_cache_max_total_gb': 60, 'sdp_max_parallel': 0, 'qaoa_max_parallel': 16, 'sdp_threads': 1, 'qaoa_threads': 1, 'sdp_memory_limit_total_gb': 0, 'sdp_memory_limit_single_gb': 0, 'sdp_memory_poll_seconds': 5, 'sdp_max_retries': 0, 'queue_poll_interval_seconds': 5, 'completed_result_csv_paths': [], 'initialise_standard_warm_start_with_zero_angles': False, 'result_name_suffix': '_Exp5_subexp4_standardWithHeuristic'}, Running QAOA with equal superposition
Benchmark run ID: b654f3c4
Benchmark repeat index: 1
SDP seed override: None
Processor: x86_64
Hostname: dacsvm-cpunode01
Total RAM (GB): None
Physical cores: 32
Logical cores: 32
Python version: 3.11.15
Initialisation time: 0.00 seconds; started at stardate {'initialisation': 0.0036919116973876953} and finished at stardate1785993071.3654811
Loaded HOG graph index 7 with 10 edges.
Instance generation for n=7 took 0.00 seconds; started at stardate 1785993071.365485 and finished at stardate 1785993071.3658197
Running QAOA for n=10 nodes, m=10 edges...; Max iterations: 50
Warm-start cache: loading Results/warm_start_cache/cycle_graphs_3to12vertices_10instances_AdjacencyList__filehash_1a582721/hog_idx000007_42b07e524cbf_noseed_L1_M1_standard.npz
Warm-start cache: loaded in 0.0008 seconds; effective compute time=0.1986985206604004
Edges: [(8, 9), (0, 1), (2, 3), (1, 2), (5, 6), (3, 4), (7, 8), (4, 5), (0, 9), (6, 7)], weights: [1.0, 1.0, 1.0, 1.0, 1.0, 1.0, 1.0, 1.0, 1.0, 1.0], set of nodes: {0, 1, 2, 3, 4, 5, 6, 7, 8, 9}, n: 10 nodes, p: 2 layers, N_bayes: 50 iterations
Solving for uuid: 12f3f0e8
Initial state injected as warm start
Running ADAM optimization with a single iteration (no debug loop)
6.488569873719185
QAOA optimisation for n=7 took 83.58 seconds; started at stardate 1785993071.365823 and finished at stardate 1785993154.9507613
Finished QAOA for n=10 nodes, m=10 edges at 2026-08-06 07:12:34 on x86_64. Time taken: 83.58 seconds. Hours: 0.02 hours. Peak RAM: 0.76 MB.
Computing cycle approximation ratio
CSV writing for n=7 took 0.01 seconds; started at stardate 1785993154.9507687 and finished at stardate 1785993154.95861
results: {7: 6.488569873719185}
durations: {10: 83.58494257926941}
Results saved to: Results/logs/adam/qaoa_results_adam_20260806_071104_pid2855371_Exp5_subexp4_standardWithHeuristic.csv
Global end time: 1785993154.9586189
Finalisation time: 0.00 seconds; started at stardate 1785993154.9586134 and finished at stardate 1785993154.9586225
Sum of all section times: 83.60 seconds
run_id: b654f3c4
