Starting QAOA benchmark with global start time: 1788982348.5418925
Benchmark parameters: {'optimiser': 'adam', 'optimiser_use_heuristic': False, 'heuristic_optimiser_iterations': None, 'heuristic_optimiser_sampleSize': None, 'circuit_type': 'hamqaoa', 'parameter_vector': [1, 1, 1], 'iterations_list': [75], 'learning_rate_adam': 0.05, 'depth_list': [1, 2, 3, 4, 5], 'n_start': None, 'n_end': None, 'singlet_injection': False, 'start_index_singlet': None, 'warm_start': True, 'warm_start_mode': 'amplified_king', 'lasserre_level': 2, 'initial_solver_level_M': 2, 'sdp_seed': 42, 'sdp_solver_mode': 'scs', 'sdp_scs_eps': 1e-06, 'sdp_scs_max_iters': 100000, 'warm_start_corr_strength': None, 'warm_start_corr_repeats': None, 'compare_with_010101': False, 'init_QAOAparams_close_to_zero': False, 'use_correlations_as_initial_params': False, 'time_limit': None, 'failed_instance_termination_thrsh': None, 'graph_generation_type': 'hog', 'weighted': False, 'easiest_first': False, 'cpu_util_threshold': None, 'debug': False, 'save_circuit_svg': False, 'rerun_exclude_finished_instances': False, 'warm_start_cache_producer_only': False, 'qaoa_only_from_existing_warm_start_cache': True, 'optimiser_debug_iterations': None, 'num_repeats': 1, 'relative_graph_adjList_path': 'HOG_graphs/Exp5/list_388_graphs_adjacency_list_hog_v04-12_regular.txt', 'persistent_warm_start_cache': True, 'warm_start_cache_dir': 'Results/warm_start_cache', 'warm_start_cache_max_file_mb': 512, 'warm_start_cache_max_total_gb': 60, 'sdp_max_parallel': 0, 'qaoa_max_parallel': 16, 'sdp_threads': 1, 'qaoa_threads': 1, 'sdp_memory_limit_total_gb': 0, 'sdp_memory_limit_single_gb': 0, 'sdp_memory_poll_seconds': 5, 'sdp_max_retries': 0, 'queue_poll_interval_seconds': 5, 'max_graph_vertices': 10, 'completed_result_csv_paths': [], 'qaoa_seed': 42, 'initialise_standard_warm_start_with_zero_angles': True, 'result_name_suffix': '_FINAL_BENCHMARKS_KINGAMPLIFIED', 'algorithm17_beta_mode': 'analytic_instance'}, Running QAOA with equal superposition
Benchmark run ID: 0f1077a6
Benchmark repeat index: 1
Configured SDP rounding seed: 42
QAOA seed used: 42
Processor: x86_64
Hostname: dacsgpu0002
Total RAM (GB): None
Physical cores: 64
Logical cores: 64
Python version: 3.11.15
Initialisation time: 0.00 seconds; started at stardate {'initialisation': 0.0030393600463867188} and finished at stardate1788982348.5449371
Loaded HOG graph index 20 with 16 edges.
Instance generation for n=20 took 0.10 seconds; started at stardate 1788982348.5449421 and finished at stardate 1788982348.642867
Running QAOA for n=8 nodes, m=16 edges...; Max iterations: 75
Warm-start cache: loading Results/warm_start_cache/list_388_graphs_adjacency_list_hog_v04-12_regular__filehash_5b7f8d46/hog_idx000020_0ad744bc7c80_seed42_L2_M2_betaanalytic_instance_amplified.npz
Warm-start cache: loaded in 0.0028 seconds; effective compute time=1040.5643525123596
Edges: [(2, 7), (0, 1), (1, 6), (0, 4), (4, 7), (2, 6), (3, 5), (0, 3), (4, 6), (1, 5), (4, 5), (3, 7), (2, 5), (0, 2), (3, 6), (1, 7)], weights: [1.0, 1.0, 1.0, 1.0, 1.0, 1.0, 1.0, 1.0, 1.0, 1.0, 1.0, 1.0, 1.0, 1.0, 1.0, 1.0], set of nodes: {0, 1, 2, 3, 4, 5, 6, 7}, n: 8 nodes, p: 4 layers, N_bayes: 75 iterations
Solving for uuid: 296783e9
Initial state injected as warm start
Running ADAM optimization with a single iteration (no debug loop)
11.140509839771255
QAOA optimisation for n=20 took 66.09 seconds; started at stardate 1788982348.6428723 and finished at stardate 1788982414.7279751
Finished QAOA for n=8 nodes, m=16 edges at 2026-09-09 21:33:34 on x86_64. Time taken: 66.09 seconds. Hours: 0.02 hours. Peak RAM: 0.29 MB.
Unknown graph type for approximation ratio calculation; checking misc CSV.
Checking optimal_results_misc.csv for matching edges and weights...
Found matching exact result in misc CSV: 9.999999999999995
CSV writing for n=20 took 0.08 seconds; started at stardate 1788982414.7279854 and finished at stardate 1788982414.808244
results: {20: 11.140509839771255}
durations: {8: 66.08510851860046}
Results saved to: Results/logs/adam/qaoa_results_adam_20260909_163604_pid1844887_FINAL_BENCHMARKS_KINGAMPLIFIED.csv
Global end time: 1788982414.8082697
Finalisation time: 0.00 seconds; started at stardate 1788982414.8082538 and finished at stardate 1788982414.8082757
Sum of all section times: 66.27 seconds
run_id: 0f1077a6
