Starting QAOA benchmark with global start time: 1787829005.70463
Benchmark parameters: {'optimiser': 'adam', 'optimiser_use_heuristic': None, 'heuristic_optimiser_iterations': None, 'heuristic_optimiser_sampleSize': None, 'circuit_type': 'hamqaoa', 'parameter_vector': [1, 1, 1], 'iterations_list': [75], 'learning_rate_adam': None, 'depth_list': [1], 'n_start': None, 'n_end': None, 'singlet_injection': False, 'start_index_singlet': None, 'warm_start': True, 'warm_start_mode': 'amplified', 'lasserre_level': 2, 'initial_solver_level_M': 2, 'sdp_seed': 42, 'sdp_solver_mode': 'scs', 'sdp_scs_eps': 1e-06, 'sdp_scs_max_iters': 100000, 'warm_start_corr_strength': None, 'warm_start_corr_repeats': None, 'compare_with_010101': False, 'init_QAOAparams_close_to_zero': False, 'use_correlations_as_initial_params': False, 'time_limit': None, 'failed_instance_termination_thrsh': None, 'graph_generation_type': 'hog', 'weighted': False, 'easiest_first': False, 'cpu_util_threshold': None, 'debug': False, 'save_circuit_svg': False, 'rerun_exclude_finished_instances': True, 'warm_start_cache_producer_only': True, 'qaoa_only_from_existing_warm_start_cache': False, 'optimiser_debug_iterations': None, 'num_repeats': 1, 'relative_graph_adjList_path': 'HOG_graphs/triangleFree_connected_4to8vertices_176instances_AdjacencyList.txt', 'persistent_warm_start_cache': True, 'warm_start_cache_dir': 'Results/warm_start_cache', 'warm_start_cache_max_file_mb': 512, 'warm_start_cache_max_total_gb': 60, 'sdp_max_parallel': 32, 'qaoa_max_parallel': 0, 'sdp_threads': 1, 'qaoa_threads': 1, 'sdp_memory_limit_total_gb': 250, 'sdp_memory_limit_single_gb': 100, 'sdp_memory_poll_seconds': 5, 'sdp_max_retries': 3, 'queue_poll_interval_seconds': 5, 'max_graph_vertices': 10, 'completed_result_csv_paths': [], 'qaoa_seed': 42, 'initialise_standard_warm_start_with_zero_angles': False, 'result_name_suffix': '_Exp7_AmplifiedWithHeuristic_rerun2408'}, Running QAOA with equal superposition
Benchmark run ID: 3d0fc99f
Benchmark repeat index: 1
Configured SDP rounding seed: 42
QAOA seed used: 42
Processor: x86_64
Hostname: dacsvm-cpunode01
Total RAM (GB): None
Physical cores: 32
Logical cores: 32
Python version: 3.11.15
Initialisation time: 0.00 seconds; started at stardate {'initialisation': 0.004492521286010742} and finished at stardate1787829005.7091312
Loaded HOG graph index 113 with 10 edges.
Instance generation for n=113 took 0.00 seconds; started at stardate 1787829005.709137 and finished at stardate 1787829005.7108746
Running QAOA for n=8 nodes, m=10 edges...; Max iterations: 75
Warm-start: starting SDP solve for n_vertices=8
Warm-start: using configured sdp_seed=42
Using SCS solver for SDP with eps=1e-06, max_iters=100000.
SDP solver status: optimal
SDP solver name: SCS
SDP solver iterations: 2500
SDP solve time: 36.667622614
SDP extra stats: {'x': array([ 1.00000000e+00, -5.86718434e-13, -1.76257322e-13, ...,
        1.00000000e+00,  7.74379752e-19,  1.00000000e+00], shape=(38503,)), 'y': array([ 3.39413653e-02,  1.40589690e-02,  1.40589690e-02, ...,
        3.40077394e-02, -9.90610555e-13,  5.61503308e-02], shape=(108050,)), 's': array([0.00000000e+00, 0.00000000e+00, 0.00000000e+00, ...,
       1.00000002e+00, 1.66645771e-15, 1.00000002e+00], shape=(108050,)), 'info': {'status_val': 1, 'iter': 2500, 'scale_updates': 4, 'scale': 13.256895659659396, 'pobj': -8.590565654685513, 'dobj': -8.59056564820408, 'res_pri': 6.787887969903919e-07, 'res_dual': 1.4514982646210033e-06, 'gap': 6.481432279770161e-09, 'res_infeas': nan, 'res_unbdd_a': 0.11640676996178931, 'res_unbdd_p': 0.0, 'comp_slack': 1.717933156134473e-11, 'solve_time': 36667.622614, 'setup_time': 49.559371, 'lin_sys_time': 3587.213791000006, 'cone_time': 31914.34271299999, 'accel_time': 233.3268899999988, 'rejected_accel_steps': 20, 'accepted_accel_steps': 1, 'status': 'solved'}}
Rounding...
Setting seed to 42
n_vertices: 8 for n = 24
Using seed 42 to generate random matrix for x.
Energy of rounded cut/product state: 6.532235219832571
Algorithm 17 lower-bound energy: 7.946158829740295
Algorithm 17 actual entangled-state energy: 7.108471880245109
SDP objective value: 13.590565654685511
5 in cut out of a total of 10 edges
Warm-start: SDP solve + rounding finished in 583.74 seconds
Warm-start: using level-2 Algorithm 17 entangled statevector with shape (256,)
Warm-start cache: moment matrix before save shape=(277, 277), dtype=float64, entries=76729, bytes=613832 (0.59 MiB)
Warm-start cache: saved Results/warm_start_cache/triangleFree_connected_4to8vertices_176instances_AdjacencyList__filehash_279b7452/hog_idx000113_51ea3e47a1e6_seed42_L2_M2_amplified.npz in 0.0119 seconds
WARM_START_CACHE_PRODUCER_ONLY is set; warm-start cache has been produced/loaded. Exiting before QAOA optimisation.
