Starting QAOA benchmark with global start time: 1787490089.378199
Benchmark parameters: {'optimiser': 'adam', 'optimiser_use_heuristic': True, 'heuristic_optimiser_iterations': 1, 'heuristic_optimiser_sampleSize': 20, 'circuit_type': 'hamqaoa', 'parameter_vector': [1, 1, 1], 'iterations_list': [50], 'learning_rate_adam': 0.001, 'depth_list': [1, 2, 3, 4, 5], 'n_start': None, 'n_end': None, 'singlet_injection': False, 'start_index_singlet': None, 'warm_start': True, 'warm_start_mode': 'amplified', 'lasserre_level': 1, 'initial_solver_level_M': 1, 'sdp_seed': None, 'sdp_solver_mode': 'scs', 'sdp_scs_eps': 1e-06, 'sdp_scs_max_iters': 100000, 'warm_start_corr_strength': None, 'warm_start_corr_repeats': None, 'compare_with_010101': False, 'init_QAOAparams_close_to_zero': False, 'use_correlations_as_initial_params': False, 'time_limit': None, 'failed_instance_termination_thrsh': None, 'graph_generation_type': 'hog', 'weighted': False, 'easiest_first': True, 'cpu_util_threshold': None, 'debug': False, 'save_circuit_svg': False, 'rerun_exclude_finished_instances': True, 'warm_start_cache_producer_only': False, 'qaoa_only_from_existing_warm_start_cache': True, 'optimiser_debug_iterations': None, 'num_repeats': 1, 'relative_graph_adjList_path': 'HOG_graphs/Exp5/list_454_graphs_adjacency_listhog_v04-12_bipartite.txt', 'persistent_warm_start_cache': True, 'warm_start_cache_dir': 'Results/warm_start_cache', 'warm_start_cache_max_file_mb': 512, 'warm_start_cache_max_total_gb': 60, 'sdp_max_parallel': 0, 'qaoa_max_parallel': 16, 'sdp_threads': 1, 'qaoa_threads': 1, 'sdp_memory_limit_total_gb': 0, 'sdp_memory_limit_single_gb': 0, 'sdp_memory_poll_seconds': 5, 'sdp_max_retries': 0, 'queue_poll_interval_seconds': 5, 'max_graph_vertices': 11, 'completed_result_csv_paths': [], 'qaoa_seed': 1, 'initialise_standard_warm_start_with_zero_angles': False, 'result_name_suffix': '_Exp7_AmplifiedWithHeuristic'}, Running QAOA with equal superposition
Benchmark run ID: acc97f9e
Benchmark repeat index: 1
SDP seed override: None
QAOA seed: 39000001
Processor: x86_64
Hostname: dacsgpu0003
Total RAM (GB): None
Physical cores: 64
Logical cores: 64
Python version: 3.11.15
Initialisation time: 0.00 seconds; started at stardate {'initialisation': 0.003744840621948242} and finished at stardate1787490089.3819501
Loaded HOG graph index 390 with 18 edges.
Instance generation for n=390 took 0.01 seconds; started at stardate 1787490089.3819559 and finished at stardate 1787490089.3922932
Running QAOA for n=10 nodes, m=18 edges...; Max iterations: 50
Warm-start cache: loading Results/warm_start_cache/list_454_graphs_adjacency_listhog_v04-12_bipartite__filehash_0815e7e8/hog_idx000390_d96da2ed2cd2_noseed_L1_M1_amplified.npz
Warm-start cache: loaded in 0.0028 seconds; effective compute time=0.18212652206420898
Edges: [(3, 9), (1, 6), (0, 4), (3, 8), (5, 8), (6, 9), (7, 9), (2, 9), (0, 3), (6, 8), (4, 9), (7, 8), (1, 5), (2, 8), (5, 9), (4, 8), (0, 2), (1, 7)], weights: [1.0, 1.0, 1.0, 1.0, 1.0, 1.0, 1.0, 1.0, 1.0, 1.0, 1.0, 1.0, 1.0, 1.0, 1.0, 1.0, 1.0, 1.0], set of nodes: {0, 1, 2, 3, 4, 5, 6, 7, 8, 9}, n: 10 nodes, p: 1 layers, N_bayes: 50 iterations
Solving for uuid: fd89c6f1
Initial state injected as warm start
Warm start correlations applied in the form of weak entanglement
Running ADAM optimization with a single iteration (no debug loop)
Warm-start fallback: optimiser result was below the SDP warm-start energy; using the warm-start energy instead.
8.999999998412948
QAOA optimisation for n=390 took 291.70 seconds; started at stardate 1787490089.3922968 and finished at stardate 1787490381.0881896
Finished QAOA for n=10 nodes, m=18 edges at 2026-08-23 15:06:21 on x86_64. Time taken: 291.70 seconds. Hours: 0.08 hours. Peak RAM: 0.52 MB.
Unknown graph type for approximation ratio calculation; checking misc CSV.
Checking optimal_results_misc.csv for matching edges and weights...
Found matching exact result in misc CSV: 10.837691162803436
CSV writing for n=390 took 0.07 seconds; started at stardate 1787490381.0881994 and finished at stardate 1787490381.1535308
results: {390: 8.999999998412948}
durations: {10: 291.6958978176117}
Results saved to: Results/logs/adam/qaoa_results_adam_20260823_085331_pid559257_Exp7_AmplifiedWithHeuristic.csv
Global end time: 1787490381.1535535
Finalisation time: 0.00 seconds; started at stardate 1787490381.1535392 and finished at stardate 1787490381.153558
Sum of all section times: 291.78 seconds
run_id: acc97f9e
