Starting QAOA benchmark with global start time: 1787482333.2457561
Benchmark parameters: {'optimiser': 'adam', 'optimiser_use_heuristic': True, 'heuristic_optimiser_iterations': 1, 'heuristic_optimiser_sampleSize': 20, 'circuit_type': 'hamqaoa', 'parameter_vector': [1, 1, 1], 'iterations_list': [50], 'learning_rate_adam': 0.001, 'depth_list': [1, 2, 3, 4, 5], 'n_start': None, 'n_end': None, 'singlet_injection': False, 'start_index_singlet': None, 'warm_start': True, 'warm_start_mode': 'amplified', 'lasserre_level': 1, 'initial_solver_level_M': 1, 'sdp_seed': None, 'sdp_solver_mode': 'scs', 'sdp_scs_eps': 1e-06, 'sdp_scs_max_iters': 100000, 'warm_start_corr_strength': None, 'warm_start_corr_repeats': None, 'compare_with_010101': False, 'init_QAOAparams_close_to_zero': False, 'use_correlations_as_initial_params': False, 'time_limit': None, 'failed_instance_termination_thrsh': None, 'graph_generation_type': 'hog', 'weighted': False, 'easiest_first': True, 'cpu_util_threshold': None, 'debug': False, 'save_circuit_svg': False, 'rerun_exclude_finished_instances': True, 'warm_start_cache_producer_only': False, 'qaoa_only_from_existing_warm_start_cache': True, 'optimiser_debug_iterations': None, 'num_repeats': 1, 'relative_graph_adjList_path': 'HOG_graphs/Exp5/list_454_graphs_adjacency_listhog_v04-12_bipartite.txt', 'persistent_warm_start_cache': True, 'warm_start_cache_dir': 'Results/warm_start_cache', 'warm_start_cache_max_file_mb': 512, 'warm_start_cache_max_total_gb': 60, 'sdp_max_parallel': 0, 'qaoa_max_parallel': 16, 'sdp_threads': 1, 'qaoa_threads': 1, 'sdp_memory_limit_total_gb': 0, 'sdp_memory_limit_single_gb': 0, 'sdp_memory_poll_seconds': 5, 'sdp_max_retries': 0, 'queue_poll_interval_seconds': 5, 'max_graph_vertices': 11, 'completed_result_csv_paths': [], 'qaoa_seed': 1, 'initialise_standard_warm_start_with_zero_angles': False, 'result_name_suffix': '_Exp7_AmplifiedWithHeuristic'}, Running QAOA with equal superposition
Benchmark run ID: 861d743c
Benchmark repeat index: 1
SDP seed override: None
QAOA seed: 17200001
Processor: x86_64
Hostname: dacsgpu0003
Total RAM (GB): None
Physical cores: 64
Logical cores: 64
Python version: 3.11.15
Initialisation time: 0.00 seconds; started at stardate {'initialisation': 0.003633260726928711} and finished at stardate1787482333.2493968
Loaded HOG graph index 172 with 19 edges.
Instance generation for n=172 took 0.01 seconds; started at stardate 1787482333.2494028 and finished at stardate 1787482333.258694
Running QAOA for n=10 nodes, m=19 edges...; Max iterations: 50
Warm-start cache: loading Results/warm_start_cache/list_454_graphs_adjacency_listhog_v04-12_bipartite__filehash_0815e7e8/hog_idx000172_a94f373a3e28_noseed_L1_M1_amplified.npz
Warm-start cache: loaded in 0.0014 seconds; effective compute time=0.29216790199279785
Edges: [(2, 6), (3, 5), (2, 9), (1, 4), (0, 8), (5, 7), (4, 8), (8, 9), (1, 9), (0, 7), (6, 8), (3, 6), (2, 4), (3, 9), (4, 7), (7, 9), (1, 5), (5, 8), (6, 7)], weights: [1.0, 1.0, 1.0, 1.0, 1.0, 1.0, 1.0, 1.0, 1.0, 1.0, 1.0, 1.0, 1.0, 1.0, 1.0, 1.0, 1.0, 1.0, 1.0], set of nodes: {0, 1, 2, 3, 4, 5, 6, 7, 8, 9}, n: 10 nodes, p: 1 layers, N_bayes: 50 iterations
Solving for uuid: 6c389339
Initial state injected as warm start
Warm start correlations applied in the form of weak entanglement
Running ADAM optimization with a single iteration (no debug loop)
Warm-start fallback: optimiser result was below the SDP warm-start energy; using the warm-start energy instead.
6.999999999032909
QAOA optimisation for n=172 took 278.46 seconds; started at stardate 1787482333.2586985 and finished at stardate 1787482611.7214997
Finished QAOA for n=10 nodes, m=19 edges at 2026-08-23 12:56:51 on x86_64. Time taken: 278.46 seconds. Hours: 0.08 hours. Peak RAM: 0.52 MB.
Unknown graph type for approximation ratio calculation; checking misc CSV.
Checking optimal_results_misc.csv for matching edges and weights...
Found matching exact result in misc CSV: 11.65619217921555
CSV writing for n=172 took 0.09 seconds; started at stardate 1787482611.7215083 and finished at stardate 1787482611.809285
results: {172: 6.999999999032909}
durations: {10: 278.46280694007874}
Results saved to: Results/logs/adam/qaoa_results_adam_20260823_085331_pid559257_Exp7_AmplifiedWithHeuristic.csv
Global end time: 1787482611.80931
Finalisation time: 0.00 seconds; started at stardate 1787482611.809294 and finished at stardate 1787482611.809315
Sum of all section times: 278.56 seconds
run_id: 861d743c
