Starting QAOA benchmark with global start time: 1787600856.8829668
Benchmark parameters: {'optimiser': 'adam', 'optimiser_use_heuristic': False, 'heuristic_optimiser_iterations': None, 'heuristic_optimiser_sampleSize': None, 'circuit_type': 'hamqaoa', 'parameter_vector': [1, 1, 1], 'iterations_list': [50], 'learning_rate_adam': 0.05, 'depth_list': [1, 2, 3, 4, 5], 'n_start': None, 'n_end': None, 'singlet_injection': False, 'start_index_singlet': None, 'warm_start': True, 'warm_start_mode': 'amplified', 'lasserre_level': 1, 'initial_solver_level_M': 1, 'sdp_seed': None, 'sdp_solver_mode': 'scs', 'sdp_scs_eps': 1e-06, 'sdp_scs_max_iters': 100000, 'warm_start_corr_strength': None, 'warm_start_corr_repeats': None, 'compare_with_010101': False, 'init_QAOAparams_close_to_zero': False, 'use_correlations_as_initial_params': False, 'time_limit': None, 'failed_instance_termination_thrsh': None, 'graph_generation_type': 'hog', 'weighted': False, 'easiest_first': False, 'cpu_util_threshold': None, 'debug': False, 'save_circuit_svg': False, 'rerun_exclude_finished_instances': False, 'warm_start_cache_producer_only': False, 'qaoa_only_from_existing_warm_start_cache': True, 'optimiser_debug_iterations': None, 'num_repeats': 1, 'relative_graph_adjList_path': 'HOG_graphs/Exp5/list_193_graphs_adjacency_listhog_v04-12_planar_clawFree.txt', 'persistent_warm_start_cache': True, 'warm_start_cache_dir': 'Results/warm_start_cache', 'warm_start_cache_max_file_mb': 512, 'warm_start_cache_max_total_gb': 60, 'sdp_max_parallel': 0, 'qaoa_max_parallel': 16, 'sdp_threads': 1, 'qaoa_threads': 1, 'sdp_memory_limit_total_gb': 0, 'sdp_memory_limit_single_gb': 0, 'sdp_memory_poll_seconds': 5, 'sdp_max_retries': 0, 'queue_poll_interval_seconds': 5, 'max_graph_vertices': 10, 'completed_result_csv_paths': [], 'qaoa_seed': 1, 'initialise_standard_warm_start_with_zero_angles': False, 'result_name_suffix': '_Exp7_AmplifiedWithHeuristic_rerun2408'}, Running QAOA with equal superposition
Benchmark run ID: 29d3df2a
Benchmark repeat index: 1
SDP seed override: None
QAOA seed: 13800201
Processor: x86_64
Hostname: dacsgpu0002
Total RAM (GB): None
Physical cores: 64
Logical cores: 64
Python version: 3.11.15
Initialisation time: 0.03 seconds; started at stardate {'initialisation': 0.030097246170043945} and finished at stardate1787600856.9130783
Loaded HOG graph index 138 with 12 edges.
Instance generation for n=138 took 0.01 seconds; started at stardate 1787600856.913086 and finished at stardate 1787600856.923743
Running QAOA for n=8 nodes, m=12 edges...; Max iterations: 50
Warm-start cache: loading Results/warm_start_cache/list_193_graphs_adjacency_listhog_v04-12_planar_clawFree__filehash_62ae5075/hog_idx000138_c18c72ca6cfb_noseed_L1_M1_amplified.npz
Warm-start cache: loaded in 0.0020 seconds; effective compute time=0.19713783264160156
Edges: [(2, 7), (1, 6), (0, 4), (5, 7), (4, 6), (4, 5), (3, 7), (2, 5), (0, 5), (1, 4), (3, 6), (6, 7)], weights: [1.0, 1.0, 1.0, 1.0, 1.0, 1.0, 1.0, 1.0, 1.0, 1.0, 1.0, 1.0], set of nodes: {0, 1, 2, 3, 4, 5, 6, 7}, n: 8 nodes, p: 3 layers, N_bayes: 50 iterations
Solving for uuid: f162e675
Initial state injected as warm start
Warm start correlations applied in the form of weak entanglement
Running ADAM optimization with a single iteration (no debug loop)
4.764507278424818
QAOA optimisation for n=138 took 23.47 seconds; started at stardate 1787600856.9237494 and finished at stardate 1787600880.3978755
Finished QAOA for n=8 nodes, m=12 edges at 2026-08-24 21:48:00 on x86_64. Time taken: 23.47 seconds. Hours: 0.01 hours. Peak RAM: 0.27 MB.
Unknown graph type for approximation ratio calculation; checking misc CSV.
Checking optimal_results_misc.csv for matching edges and weights...
Found matching exact result in misc CSV: 6.000000000000033
CSV writing for n=138 took 0.09 seconds; started at stardate 1787600880.3978858 and finished at stardate 1787600880.48538
results: {138: 4.764507278424818}
durations: {8: 23.474133491516113}
Results saved to: Results/logs/adam/qaoa_results_adam_20260824_195143_pid1811549_Exp7_AmplifiedWithHeuristic_rerun2408.csv
Global end time: 1787600880.485404
Finalisation time: 0.00 seconds; started at stardate 1787600880.4853883 and finished at stardate 1787600880.485409
Sum of all section times: 23.60 seconds
run_id: 29d3df2a
