Starting QAOA benchmark with global start time: 1785144571.0930567
Benchmark parameters: {'optimiser': 'exact', 'optimiser_use_heuristic': None, 'heuristic_optimiser_iterations': None, 'heuristic_optimiser_sampleSize': None, 'circuit_type': 'hamqaoa', 'parameter_vector': None, 'iterations_list': None, 'learning_rate_adam': None, 'depth_list': None, 'n_start': None, 'n_end': None, 'singlet_injection': False, 'start_index_singlet': None, 'warm_start': False, 'warm_start_mode': None, 'lasserre_level': None, 'initial_solver_level_M': None, 'sdp_seed': None, 'sdp_solver_mode': None, 'sdp_scs_eps': None, 'sdp_scs_max_iters': None, 'warm_start_corr_strength': None, 'warm_start_corr_repeats': None, 'compare_with_010101': False, 'init_QAOAparams_close_to_zero': False, 'use_correlations_as_initial_params': None, 'time_limit': None, 'failed_instance_termination_thrsh': None, 'graph_generation_type': 'hog', 'weighted': False, 'easiest_first': False, 'cpu_util_threshold': None, 'debug': False, 'save_circuit_svg': False, 'rerun_exclude_finished_instances': False, 'warm_start_cache_producer_only': False, 'qaoa_only_from_existing_warm_start_cache': False, 'optimiser_debug_iterations': None, 'num_repeats': 1, 'relative_graph_adjList_path': 'HOG_graphs/Exp5/list_454_graphs_adjacency_listhog_v04-12_bipartite.txt', 'persistent_warm_start_cache': False, 'warm_start_cache_dir': None, 'warm_start_cache_max_file_mb': None, 'warm_start_cache_max_total_gb': None, 'sdp_max_parallel': 0, 'qaoa_max_parallel': 32, 'sdp_threads': 1, 'qaoa_threads': 1, 'sdp_memory_limit_total_gb': 0, 'sdp_memory_limit_single_gb': 0, 'sdp_memory_poll_seconds': 5, 'sdp_max_retries': 0, 'queue_poll_interval_seconds': 5}, Running QAOA with equal superposition
Benchmark run ID: acf67794
Benchmark repeat index: 1
SDP seed override: None
Processor: x86_64
Hostname: dacsgpu0003
Total RAM (GB): None
Physical cores: 64
Logical cores: 64
Python version: 3.11.15
Initialisation time: 0.00 seconds; started at stardate {'initialisation': 0.0025496482849121094} and finished at stardate1785144571.0956154
Loaded HOG graph index 262 with 14 edges.
Instance generation for n=262 took 0.01 seconds; started at stardate 1785144571.095622 and finished at stardate 1785144571.1037884
Running QAOA for n=10 nodes, m=14 edges...; Max iterations: 0
Edges: [(8, 9), (6, 9), (5, 7), (3, 5), (0, 3), (4, 6), (1, 2), (1, 8), (7, 8), (5, 9), (0, 9), (6, 7), (4, 8), (2, 4)], weights: [1.0, 1.0, 1.0, 1.0, 1.0, 1.0, 1.0, 1.0, 1.0, 1.0, 1.0, 1.0, 1.0, 1.0], set of nodes: {0, 1, 2, 3, 4, 5, 6, 7, 8, 9}, n: 10 nodes, p: 0 layers, N_bayes: 0 iterations
Solving for uuid: 2d2a6cc9
No warm start: Default initial state is equal superposition
9.153029212716042
QAOA optimisation for n=262 took 0.02 seconds; started at stardate 1785144571.1037931 and finished at stardate 1785144571.1190438
Finished QAOA for n=10 nodes, m=14 edges at 2026-07-27 11:29:31 on x86_64. Time taken: 0.02 seconds. Hours: 0.00 hours. Peak RAM: 0.22 MB.
Unknown graph type for approximation ratio calculation; checking misc CSV.
Checking optimal_results_misc.csv for matching edges and weights...
Found matching exact result in misc CSV: 9.153029212716042
CSV writing for n=262 took 0.01 seconds; started at stardate 1785144571.119049 and finished at stardate 1785144571.1270893
results: {262: 9.153029212716042}
durations: {10: 0.015255451202392578}
Results saved to: Results/logs/exact/qaoa_results_exact_20260727_112850_pid2549352.csv
Global end time: 1785144571.1270967
Finalisation time: 0.00 seconds; started at stardate 1785144571.1270914 and finished at stardate 1785144571.1270993
Sum of all section times: 0.03 seconds
run_id: acf67794
