Starting QAOA benchmark with global start time: 1785144561.9866145
Benchmark parameters: {'optimiser': 'exact', 'optimiser_use_heuristic': None, 'heuristic_optimiser_iterations': None, 'heuristic_optimiser_sampleSize': None, 'circuit_type': 'hamqaoa', 'parameter_vector': None, 'iterations_list': None, 'learning_rate_adam': None, 'depth_list': None, 'n_start': None, 'n_end': None, 'singlet_injection': False, 'start_index_singlet': None, 'warm_start': False, 'warm_start_mode': None, 'lasserre_level': None, 'initial_solver_level_M': None, 'sdp_seed': None, 'sdp_solver_mode': None, 'sdp_scs_eps': None, 'sdp_scs_max_iters': None, 'warm_start_corr_strength': None, 'warm_start_corr_repeats': None, 'compare_with_010101': False, 'init_QAOAparams_close_to_zero': False, 'use_correlations_as_initial_params': None, 'time_limit': None, 'failed_instance_termination_thrsh': None, 'graph_generation_type': 'hog', 'weighted': False, 'easiest_first': False, 'cpu_util_threshold': None, 'debug': False, 'save_circuit_svg': False, 'rerun_exclude_finished_instances': False, 'warm_start_cache_producer_only': False, 'qaoa_only_from_existing_warm_start_cache': False, 'optimiser_debug_iterations': None, 'num_repeats': 1, 'relative_graph_adjList_path': 'HOG_graphs/Exp5/list_454_graphs_adjacency_listhog_v04-12_bipartite.txt', 'persistent_warm_start_cache': False, 'warm_start_cache_dir': None, 'warm_start_cache_max_file_mb': None, 'warm_start_cache_max_total_gb': None, 'sdp_max_parallel': 0, 'qaoa_max_parallel': 32, 'sdp_threads': 1, 'qaoa_threads': 1, 'sdp_memory_limit_total_gb': 0, 'sdp_memory_limit_single_gb': 0, 'sdp_memory_poll_seconds': 5, 'sdp_max_retries': 0, 'queue_poll_interval_seconds': 5}, Running QAOA with equal superposition
Benchmark run ID: ddb1b4ba
Benchmark repeat index: 1
SDP seed override: None
Processor: x86_64
Hostname: dacsgpu0003
Total RAM (GB): None
Physical cores: 64
Logical cores: 64
Python version: 3.11.15
Initialisation time: 0.00 seconds; started at stardate {'initialisation': 0.002107381820678711} and finished at stardate1785144561.9887273
Loaded HOG graph index 108 with 11 edges.
Instance generation for n=108 took 0.01 seconds; started at stardate 1785144561.9887311 and finished at stardate 1785144561.9939806
Running QAOA for n=7 nodes, m=11 edges...; Max iterations: 0
Edges: [(1, 3), (2, 6), (3, 5), (4, 6), (1, 2), (0, 6), (4, 5), (2, 5), (0, 5), (1, 4), (3, 6)], weights: [1.0, 1.0, 1.0, 1.0, 1.0, 1.0, 1.0, 1.0, 1.0, 1.0, 1.0], set of nodes: {0, 1, 2, 3, 4, 5, 6}, n: 7 nodes, p: 0 layers, N_bayes: 0 iterations
Solving for uuid: c2c26154
No warm start: Default initial state is equal superposition
Exact result already logged for this instance; skipping duplicate. Existing energy: 6.952515088286653
6.952515088286657
QAOA optimisation for n=108 took 0.01 seconds; started at stardate 1785144561.9939835 and finished at stardate 1785144562.0018141
Finished QAOA for n=7 nodes, m=11 edges at 2026-07-27 11:29:22 on x86_64. Time taken: 0.01 seconds. Hours: 0.00 hours. Peak RAM: 0.22 MB.
Unknown graph type for approximation ratio calculation; checking misc CSV.
Checking optimal_results_misc.csv for matching edges and weights...
Found matching exact result in misc CSV: 6.952515088286653
CSV writing for n=108 took 0.00 seconds; started at stardate 1785144562.0018184 and finished at stardate 1785144562.0060313
results: {108: 6.952515088286657}
durations: {7: 0.00783395767211914}
Results saved to: Results/logs/exact/qaoa_results_exact_20260727_112850_pid2549352.csv
Global end time: 1785144562.0060394
Finalisation time: 0.00 seconds; started at stardate 1785144562.006034 and finished at stardate 1785144562.006042
Sum of all section times: 0.02 seconds
run_id: ddb1b4ba
