Starting QAOA benchmark with global start time: 1785144574.2048347
Benchmark parameters: {'optimiser': 'exact', 'optimiser_use_heuristic': None, 'heuristic_optimiser_iterations': None, 'heuristic_optimiser_sampleSize': None, 'circuit_type': 'hamqaoa', 'parameter_vector': None, 'iterations_list': None, 'learning_rate_adam': None, 'depth_list': None, 'n_start': None, 'n_end': None, 'singlet_injection': False, 'start_index_singlet': None, 'warm_start': False, 'warm_start_mode': None, 'lasserre_level': None, 'initial_solver_level_M': None, 'sdp_seed': None, 'sdp_solver_mode': None, 'sdp_scs_eps': None, 'sdp_scs_max_iters': None, 'warm_start_corr_strength': None, 'warm_start_corr_repeats': None, 'compare_with_010101': False, 'init_QAOAparams_close_to_zero': False, 'use_correlations_as_initial_params': None, 'time_limit': None, 'failed_instance_termination_thrsh': None, 'graph_generation_type': 'hog', 'weighted': False, 'easiest_first': False, 'cpu_util_threshold': None, 'debug': False, 'save_circuit_svg': False, 'rerun_exclude_finished_instances': False, 'warm_start_cache_producer_only': False, 'qaoa_only_from_existing_warm_start_cache': False, 'optimiser_debug_iterations': None, 'num_repeats': 1, 'relative_graph_adjList_path': 'HOG_graphs/Exp5/list_454_graphs_adjacency_listhog_v04-12_bipartite.txt', 'persistent_warm_start_cache': False, 'warm_start_cache_dir': None, 'warm_start_cache_max_file_mb': None, 'warm_start_cache_max_total_gb': None, 'sdp_max_parallel': 0, 'qaoa_max_parallel': 32, 'sdp_threads': 1, 'qaoa_threads': 1, 'sdp_memory_limit_total_gb': 0, 'sdp_memory_limit_single_gb': 0, 'sdp_memory_poll_seconds': 5, 'sdp_max_retries': 0, 'queue_poll_interval_seconds': 5}, Running QAOA with equal superposition
Benchmark run ID: 82f2f081
Benchmark repeat index: 1
SDP seed override: None
Processor: x86_64
Hostname: dacsgpu0003
Total RAM (GB): None
Physical cores: 64
Logical cores: 64
Python version: 3.11.15
Initialisation time: 0.00 seconds; started at stardate {'initialisation': 0.002328157424926758} and finished at stardate1785144574.2071726
Loaded HOG graph index 273 with 11 edges.
Instance generation for n=273 took 0.01 seconds; started at stardate 1785144574.2071779 and finished at stardate 1785144574.2126365
Running QAOA for n=12 nodes, m=11 edges...; Max iterations: 0
Edges: [(0, 11), (4, 7), (3, 8), (3, 11), (2, 9), (6, 8), (5, 6), (5, 9), (1, 10), (4, 11), (7, 10)], weights: [1.0, 1.0, 1.0, 1.0, 1.0, 1.0, 1.0, 1.0, 1.0, 1.0, 1.0], set of nodes: {0, 1, 2, 3, 4, 5, 6, 7, 8, 9, 10, 11}, n: 12 nodes, p: 0 layers, N_bayes: 0 iterations
Solving for uuid: 27f3a5a0
No warm start: Default initial state is equal superposition
7.85959778309259
QAOA optimisation for n=273 took 0.03 seconds; started at stardate 1785144574.2126393 and finished at stardate 1785144574.2410858
Finished QAOA for n=12 nodes, m=11 edges at 2026-07-27 11:29:34 on x86_64. Time taken: 0.03 seconds. Hours: 0.00 hours. Peak RAM: 0.22 MB.
Unknown graph type for approximation ratio calculation; checking misc CSV.
Checking optimal_results_misc.csv for matching edges and weights...
Found matching exact result in misc CSV: 7.85959778309259
CSV writing for n=273 took 0.01 seconds; started at stardate 1785144574.2410927 and finished at stardate 1785144574.2520282
results: {273: 7.85959778309259}
durations: {12: 0.02845025062561035}
Results saved to: Results/logs/exact/qaoa_results_exact_20260727_112850_pid2549352.csv
Global end time: 1785144574.252038
Finalisation time: 0.00 seconds; started at stardate 1785144574.2520318 and finished at stardate 1785144574.2520409
Sum of all section times: 0.05 seconds
run_id: 82f2f081
