Starting QAOA benchmark with global start time: 1788463684.6947193
Benchmark parameters: {'optimiser': 'adam', 'optimiser_use_heuristic': None, 'heuristic_optimiser_iterations': None, 'heuristic_optimiser_sampleSize': None, 'circuit_type': 'hamqaoa', 'parameter_vector': [1, 1, 1], 'iterations_list': [75], 'learning_rate_adam': None, 'depth_list': [1], 'n_start': None, 'n_end': None, 'singlet_injection': False, 'start_index_singlet': None, 'warm_start': True, 'warm_start_mode': 'amplified', 'lasserre_level': 2, 'initial_solver_level_M': 2, 'sdp_seed': 42, 'sdp_solver_mode': 'scs', 'sdp_scs_eps': 1e-06, 'sdp_scs_max_iters': 100000, 'warm_start_corr_strength': None, 'warm_start_corr_repeats': None, 'compare_with_010101': False, 'init_QAOAparams_close_to_zero': False, 'use_correlations_as_initial_params': False, 'time_limit': None, 'failed_instance_termination_thrsh': None, 'graph_generation_type': 'hog', 'weighted': False, 'easiest_first': True, 'cpu_util_threshold': None, 'debug': False, 'save_circuit_svg': False, 'rerun_exclude_finished_instances': True, 'warm_start_cache_producer_only': True, 'qaoa_only_from_existing_warm_start_cache': False, 'optimiser_debug_iterations': None, 'num_repeats': 1, 'relative_graph_adjList_path': 'HOG_graphs/Exp5/list_454_graphs_adjacency_listhog_v04-12_bipartite.txt', 'persistent_warm_start_cache': True, 'warm_start_cache_dir': 'Results/warm_start_cache', 'warm_start_cache_max_file_mb': 512, 'warm_start_cache_max_total_gb': 60, 'sdp_max_parallel': 32, 'qaoa_max_parallel': 0, 'sdp_threads': 1, 'qaoa_threads': 1, 'sdp_memory_limit_total_gb': 250, 'sdp_memory_limit_single_gb': 100, 'sdp_memory_poll_seconds': 5, 'sdp_max_retries': 3, 'queue_poll_interval_seconds': 5, 'max_graph_vertices': 10, 'completed_result_csv_paths': [], 'qaoa_seed': 42, 'initialise_standard_warm_start_with_zero_angles': False, 'result_name_suffix': '_Exp8_standardZeroAngles_v3', 'algorithm17_beta_mode': 'analytic_instance'}, Running QAOA with equal superposition
Benchmark run ID: a58c49fd
Benchmark repeat index: 1
Configured SDP rounding seed: 42
QAOA seed used: 42
Processor: x86_64
Hostname: dacsgpu0002
Total RAM (GB): None
Physical cores: 64
Logical cores: 64
Python version: 3.11.15
Initialisation time: 0.01 seconds; started at stardate {'initialisation': 0.00578618049621582} and finished at stardate1788463684.700515
Loaded HOG graph index 259 with 17 edges.
Instance generation for n=259 took 0.01 seconds; started at stardate 1788463684.700523 and finished at stardate 1788463684.7127202
Running QAOA for n=10 nodes, m=17 edges...; Max iterations: 75
Warm-start: starting SDP solve for n_vertices=10
Warm-start: using configured sdp_seed=42
Using SCS solver for SDP with eps=1e-06, max_iters=100000.
SDP solver status: optimal
SDP solver name: SCS
SDP solver iterations: 3300
SDP solve time: 307.62392743099997
SDP extra stats: {'x': array([ 1.00000000e+00,  1.55941412e-12,  2.61764463e-13, ...,
        1.00000000e+00, -3.45501136e-15,  1.00000000e+00], shape=(95266,)), 'y': array([ 3.60137317e-02,  1.49173773e-02,  1.49173773e-02, ...,
        2.06402473e-02, -2.12470625e-13,  3.02348911e-02], shape=(265112,)), 's': array([ 0.00000000e+00,  0.00000000e+00,  0.00000000e+00, ...,
        9.99999982e-01, -1.13384817e-13,  9.99999926e-01], shape=(265112,)), 'info': {'status_val': 1, 'iter': 3300, 'scale_updates': 2, 'scale': 2.2273086370990325, 'pobj': -12.530596869637074, 'dobj': -12.530596865105467, 'res_pri': 5.040186230330177e-07, 'res_dual': 1.1263427721488415e-06, 'gap': 4.531607089575118e-09, 'res_infeas': nan, 'res_unbdd_a': 0.0798046581823122, 'res_unbdd_p': 0.0, 'comp_slack': 1.5334356007201677e-10, 'solve_time': 307623.927431, 'setup_time': 282.30998, 'lin_sys_time': 21665.485295999963, 'cone_time': 277190.7527280001, 'accel_time': 1767.1181319999778, 'rejected_accel_steps': 28, 'accepted_accel_steps': 0, 'status': 'solved'}}
Rounding...
Setting seed to 42
n_vertices: 10 for n = 30
Using seed 42 to generate random matrix for x.
Energy of rounded cut/product state: 11.515186735964415
Algorithm 17 instance beta optimisation selected beta_star=0.247676387197 in 0.299667 seconds.
Algorithm 17 lower-bound energy: 12.390136882321936
Algorithm 17 actual entangled-state energy: 11.84831342673406
SDP objective value: 21.030596869637073
8 in cut out of a total of 17 edges
Warm-start: SDP solve + rounding finished in 8868.20 seconds
Warm-start: using level-2 Algorithm 17 entangled statevector with shape (1024,)
Warm-start cache: moment matrix before save shape=(436, 436), dtype=float64, entries=190096, bytes=1520768 (1.45 MiB)
Warm-start cache: saved Results/warm_start_cache/list_454_graphs_adjacency_listhog_v04-12_bipartite__filehash_0815e7e8/hog_idx000259_322e0697b20e_seed42_L2_M2_betaanalytic_instance_amplified.npz in 0.0168 seconds
WARM_START_CACHE_PRODUCER_ONLY is set; warm-start cache has been produced/loaded. Exiting before QAOA optimisation.
