Starting QAOA benchmark with global start time: 1784437724.1491807
Benchmark parameters: {'optimiser': 'adam', 'optimiser_use_heuristic': False, 'heuristic_optimiser_iterations': None, 'heuristic_optimiser_sampleSize': None, 'circuit_type': 'hamqaoa', 'parameter_vector': [1, 1, 1], 'iterations_list': [5, 10, 25, 50], 'learning_rate_adam': 0.001, 'depth_list': [1, 2], 'n_start': None, 'n_end': None, 'singlet_injection': False, 'start_index_singlet': None, 'warm_start': True, 'warm_start_mode': 'standard', 'lasserre_level': 1, 'initial_solver_level_M': 1, 'sdp_seed': 42, 'sdp_solver_mode': 'scs', 'sdp_scs_eps': 1e-06, 'sdp_scs_max_iters': 100000, 'warm_start_corr_strength': None, 'warm_start_corr_repeats': None, 'compare_with_010101': False, 'init_QAOAparams_close_to_zero': False, 'use_correlations_as_initial_params': False, 'time_limit': None, 'failed_instance_termination_thrsh': None, 'graph_generation_type': 'hog', 'weighted': False, 'easiest_first': True, 'cpu_util_threshold': None, 'debug': False, 'save_circuit_svg': False, 'rerun_exclude_finished_instances': False, 'warm_start_cache_producer_only': False, 'qaoa_only_from_existing_warm_start_cache': True, 'optimiser_debug_iterations': None, 'num_repeats': 1, 'relative_graph_adjList_path': 'HOG_graphs/random_graphs_8to14vertices_78instances_20260625_143415_AdjacencyList.txt', 'persistent_warm_start_cache': True, 'warm_start_cache_dir': 'Results/warm_start_cache/experiment_3', 'warm_start_cache_max_file_mb': 512, 'warm_start_cache_max_total_gb': 60, 'sdp_max_parallel': 0, 'qaoa_max_parallel': 32, 'sdp_threads': 1, 'qaoa_threads': 1, 'sdp_memory_limit_total_gb': 100, 'sdp_memory_limit_single_gb': 100, 'sdp_memory_poll_seconds': 5, 'sdp_max_retries': 3, 'queue_poll_interval_seconds': 5}, Running QAOA with equal superposition
Benchmark run ID: 267288ef
Benchmark repeat index: 1
SDP seed override: 42
Processor: x86_64
Hostname: dacsvm-cpunode01
Total RAM (GB): None
Physical cores: 32
Logical cores: 32
Python version: 3.11.15
Initialisation time: 0.01 seconds; started at stardate {'initialisation': 0.009451627731323242} and finished at stardate1784437724.158643
Loaded HOG graph index 74 with 28 edges.
Instance generation for n=74 took 0.01 seconds; started at stardate 1784437724.1586514 and finished at stardate 1784437724.1651978
Running QAOA for n=14 nodes, m=28 edges...; Max iterations: 10
Warm-start cache: loading Results/warm_start_cache/experiment_3/random_graphs_8to14vertices_78instances_20260625_143415_AdjacencyList__filehash_a79662a0/hog_idx000074_8116920d8962_seed42_L1_M1_amplified.npz
Warm-start cache: loaded in 0.0132 seconds; effective compute time=1.9575514793395996
Edges: [(2, 3), (3, 5), (11, 12), (4, 6), (4, 12), (7, 8), (0, 5), (0, 2), (9, 11), (1, 13), (5, 7), (2, 8), (4, 5), (1, 3), (0, 1), (9, 10), (1, 6), (10, 12), (0, 13), (2, 4), (11, 13), (3, 12), (8, 11), (7, 9), (1, 2), (10, 11), (0, 12), (6, 7)], weights: [1.0, 1.0, 1.0, 1.0, 1.0, 1.0, 1.0, 1.0, 1.0, 1.0, 1.0, 1.0, 1.0, 1.0, 1.0, 1.0, 1.0, 1.0, 1.0, 1.0, 1.0, 1.0, 1.0, 1.0, 1.0, 1.0, 1.0, 1.0], set of nodes: {0, 1, 2, 3, 4, 5, 6, 7, 8, 9, 10, 11, 12, 13}, n: 14 nodes, p: 1 layers, N_bayes: 10 iterations
Solving for uuid: 2e227a52
Initial state injected as warm start
Running ADAM optimization with a single iteration (no debug loop)
Warm-start fallback: optimiser result was below the SDP warm-start energy; using the warm-start energy instead.
9.03257622336168
QAOA optimisation for n=74 took 16214.61 seconds; started at stardate 1784437724.1652048 and finished at stardate 1784453938.7726998
Finished QAOA for n=14 nodes, m=28 edges at 2026-07-19 11:38:58 on x86_64. Time taken: 16214.61 seconds. Hours: 4.50 hours. Peak RAM: 56.2 MB.
Unknown graph type for approximation ratio calculation; checking misc CSV.
Checking optimal_results_misc.csv for matching edges and weights...
Found matching exact result in misc CSV: 15.054658730907123
CSV writing for n=74 took 0.04 seconds; started at stardate 1784453938.7731616 and finished at stardate 1784453938.8118849
results: {74: 9.03257622336168}
durations: {14: 16214.607613563538}
Results saved to: Results/logs/adam/qaoa_results_adam_20260719_034519_pid2677442.csv
Global end time: 1784453938.8121104
Finalisation time: 0.00 seconds; started at stardate 1784453938.8118908 and finished at stardate 1784453938.8121207
Sum of all section times: 16214.66 seconds
run_id: 267288ef
