Starting QAOA benchmark with global start time: 1787605443.7412827
Benchmark parameters: {'optimiser': 'adam', 'optimiser_use_heuristic': False, 'heuristic_optimiser_iterations': None, 'heuristic_optimiser_sampleSize': None, 'circuit_type': 'hamqaoa', 'parameter_vector': [1, 1, 1], 'iterations_list': [50], 'learning_rate_adam': 0.05, 'depth_list': [1, 2, 3, 4, 5], 'n_start': None, 'n_end': None, 'singlet_injection': False, 'start_index_singlet': None, 'warm_start': True, 'warm_start_mode': 'standard', 'lasserre_level': 1, 'initial_solver_level_M': 1, 'sdp_seed': None, 'sdp_solver_mode': 'scs', 'sdp_scs_eps': 1e-06, 'sdp_scs_max_iters': 100000, 'warm_start_corr_strength': None, 'warm_start_corr_repeats': None, 'compare_with_010101': False, 'init_QAOAparams_close_to_zero': False, 'use_correlations_as_initial_params': False, 'time_limit': None, 'failed_instance_termination_thrsh': None, 'graph_generation_type': 'hog', 'weighted': False, 'easiest_first': True, 'cpu_util_threshold': None, 'debug': False, 'save_circuit_svg': False, 'rerun_exclude_finished_instances': False, 'warm_start_cache_producer_only': False, 'qaoa_only_from_existing_warm_start_cache': True, 'optimiser_debug_iterations': None, 'num_repeats': 1, 'relative_graph_adjList_path': 'HOG_graphs/Exp5/list_454_graphs_adjacency_listhog_v04-12_bipartite.txt', 'persistent_warm_start_cache': True, 'warm_start_cache_dir': 'Results/warm_start_cache', 'warm_start_cache_max_file_mb': 512, 'warm_start_cache_max_total_gb': 60, 'sdp_max_parallel': 0, 'qaoa_max_parallel': 16, 'sdp_threads': 1, 'qaoa_threads': 1, 'sdp_memory_limit_total_gb': 0, 'sdp_memory_limit_single_gb': 0, 'sdp_memory_poll_seconds': 5, 'sdp_max_retries': 0, 'queue_poll_interval_seconds': 5, 'max_graph_vertices': 10, 'completed_result_csv_paths': [], 'qaoa_seed': 1, 'initialise_standard_warm_start_with_zero_angles': False, 'result_name_suffix': '_Exp5_subexp4_standardWithHeuristic_rerun2408'}, Running QAOA with equal superposition
Benchmark run ID: 5e1e3966
Benchmark repeat index: 1
SDP seed override: None
QAOA seed: 17300201
Processor: x86_64
Hostname: dacsgpu0002
Total RAM (GB): None
Physical cores: 64
Logical cores: 64
Python version: 3.11.15
Initialisation time: 0.00 seconds; started at stardate {'initialisation': 0.0028510093688964844} and finished at stardate1787605443.744139
Loaded HOG graph index 173 with 18 edges.
Instance generation for n=173 took 0.01 seconds; started at stardate 1787605443.7441432 and finished at stardate 1787605443.7535427
Running QAOA for n=10 nodes, m=18 edges...; Max iterations: 50
Warm-start cache: loading Results/warm_start_cache/list_454_graphs_adjacency_listhog_v04-12_bipartite__filehash_0815e7e8/hog_idx000173_b7f852b11ce4_noseed_L1_M1_standard.npz
Warm-start cache: loaded in 0.0019 seconds; effective compute time=0.33941197395324707
Edges: [(3, 9), (4, 7), (3, 8), (6, 9), (1, 9), (0, 7), (5, 7), (2, 9), (6, 8), (4, 9), (2, 8), (5, 9), (3, 7), (4, 8), (5, 8), (0, 8), (6, 7), (1, 7)], weights: [1.0, 1.0, 1.0, 1.0, 1.0, 1.0, 1.0, 1.0, 1.0, 1.0, 1.0, 1.0, 1.0, 1.0, 1.0, 1.0, 1.0, 1.0], set of nodes: {0, 1, 2, 3, 4, 5, 6, 7, 8, 9}, n: 10 nodes, p: 3 layers, N_bayes: 50 iterations
Solving for uuid: f2a5d943
Initial state injected as warm start
Running ADAM optimization with a single iteration (no debug loop)
9.788370796211314
QAOA optimisation for n=173 took 232.42 seconds; started at stardate 1787605443.7535472 and finished at stardate 1787605676.170618
Finished QAOA for n=10 nodes, m=18 edges at 2026-08-24 23:07:56 on x86_64. Time taken: 232.42 seconds. Hours: 0.06 hours. Peak RAM: 0.99 MB.
Unknown graph type for approximation ratio calculation; checking misc CSV.
Checking optimal_results_misc.csv for matching edges and weights...
Found matching exact result in misc CSV: 10.4528117036321
CSV writing for n=173 took 0.02 seconds; started at stardate 1787605676.1706264 and finished at stardate 1787605676.191464
results: {173: 9.788370796211314}
durations: {10: 232.41707611083984}
Results saved to: Results/logs/adam/qaoa_results_adam_20260824_194429_pid1693545_Exp5_subexp4_standardWithHeuristic_rerun2408.csv
Global end time: 1787605676.191491
Finalisation time: 0.00 seconds; started at stardate 1787605676.1914754 and finished at stardate 1787605676.1914961
Sum of all section times: 232.45 seconds
run_id: 5e1e3966
