Starting QAOA benchmark with global start time: 1786003685.6355677
Benchmark parameters: {'optimiser': 'adam', 'optimiser_use_heuristic': True, 'heuristic_optimiser_iterations': 1, 'heuristic_optimiser_sampleSize': 20, 'circuit_type': 'hamqaoa', 'parameter_vector': [1, 1, 1], 'iterations_list': [50], 'learning_rate_adam': 0.05, 'depth_list': [1, 2, 3, 5], 'n_start': None, 'n_end': None, 'singlet_injection': False, 'start_index_singlet': None, 'warm_start': True, 'warm_start_mode': 'standard', 'lasserre_level': 1, 'initial_solver_level_M': 1, 'sdp_seed': None, 'sdp_solver_mode': 'scs', 'sdp_scs_eps': 1e-06, 'sdp_scs_max_iters': 100000, 'warm_start_corr_strength': None, 'warm_start_corr_repeats': None, 'compare_with_010101': False, 'init_QAOAparams_close_to_zero': False, 'use_correlations_as_initial_params': False, 'time_limit': None, 'failed_instance_termination_thrsh': None, 'graph_generation_type': 'hog', 'weighted': False, 'easiest_first': False, 'cpu_util_threshold': None, 'debug': False, 'save_circuit_svg': False, 'rerun_exclude_finished_instances': True, 'warm_start_cache_producer_only': False, 'qaoa_only_from_existing_warm_start_cache': True, 'optimiser_debug_iterations': None, 'num_repeats': 1, 'relative_graph_adjList_path': 'HOG_graphs/Exp5/cycle_graphs_3to12vertices_10instances_AdjacencyList.txt', 'persistent_warm_start_cache': True, 'warm_start_cache_dir': 'Results/warm_start_cache', 'warm_start_cache_max_file_mb': 512, 'warm_start_cache_max_total_gb': 60, 'sdp_max_parallel': 0, 'qaoa_max_parallel': 16, 'sdp_threads': 1, 'qaoa_threads': 1, 'sdp_memory_limit_total_gb': 0, 'sdp_memory_limit_single_gb': 0, 'sdp_memory_poll_seconds': 5, 'sdp_max_retries': 0, 'queue_poll_interval_seconds': 5, 'completed_result_csv_paths': [], 'initialise_standard_warm_start_with_zero_angles': False, 'result_name_suffix': '_Exp5_subexp4_standardWithHeuristic'}, Running QAOA with equal superposition
Benchmark run ID: fae7c187
Benchmark repeat index: 1
SDP seed override: None
Processor: x86_64
Hostname: dacsvm-cpunode01
Total RAM (GB): None
Physical cores: 32
Logical cores: 32
Python version: 3.11.15
Initialisation time: 0.01 seconds; started at stardate {'initialisation': 0.0078029632568359375} and finished at stardate1786003685.6433852
Loaded HOG graph index 9 with 12 edges.
Instance generation for n=9 took 0.00 seconds; started at stardate 1786003685.6433961 and finished at stardate 1786003685.644325
Running QAOA for n=12 nodes, m=12 edges...; Max iterations: 50
Warm-start cache: loading Results/warm_start_cache/cycle_graphs_3to12vertices_10instances_AdjacencyList__filehash_1a582721/hog_idx000009_b4dc183eca58_noseed_L1_M1_standard.npz
Warm-start cache: loaded in 0.0025 seconds; effective compute time=0.32175445556640625
Edges: [(8, 9), (0, 11), (0, 1), (9, 10), (2, 3), (1, 2), (5, 6), (3, 4), (7, 8), (10, 11), (4, 5), (6, 7)], weights: [1.0, 1.0, 1.0, 1.0, 1.0, 1.0, 1.0, 1.0, 1.0, 1.0, 1.0, 1.0], set of nodes: {0, 1, 2, 3, 4, 5, 6, 7, 8, 9, 10, 11}, n: 12 nodes, p: 3 layers, N_bayes: 50 iterations
Solving for uuid: c81060d0
Initial state injected as warm start
Running ADAM optimization with a single iteration (no debug loop)
8.049032339601967
QAOA optimisation for n=9 took 3427.67 seconds; started at stardate 1786003685.6443348 and finished at stardate 1786007113.3185005
Finished QAOA for n=12 nodes, m=12 edges at 2026-08-06 11:05:13 on x86_64. Time taken: 3427.67 seconds. Hours: 0.95 hours. Peak RAM: 10.83 MB.
Computing cycle approximation ratio
CSV writing for n=9 took 0.01 seconds; started at stardate 1786007113.3185077 and finished at stardate 1786007113.329056
results: {9: 8.049032339601967}
durations: {12: 3427.6741728782654}
Results saved to: Results/logs/adam/qaoa_results_adam_20260806_100757_pid3191879_Exp5_subexp4_standardWithHeuristic.csv
Global end time: 1786007113.3290665
Finalisation time: 0.00 seconds; started at stardate 1786007113.3290596 and finished at stardate 1786007113.3290703
Sum of all section times: 3427.69 seconds
run_id: fae7c187
