Starting QAOA benchmark with global start time: 1787303870.345795
Benchmark parameters: {'optimiser': 'adam', 'optimiser_use_heuristic': False, 'heuristic_optimiser_iterations': None, 'heuristic_optimiser_sampleSize': None, 'circuit_type': 'hamqaoa', 'parameter_vector': [1, 1, 1], 'iterations_list': [50], 'learning_rate_adam': 0.005, 'depth_list': [1, 2, 3, 4, 5], 'n_start': None, 'n_end': None, 'singlet_injection': False, 'start_index_singlet': None, 'warm_start': True, 'warm_start_mode': 'amplified', 'lasserre_level': 2, 'initial_solver_level_M': 2, 'sdp_seed': None, 'sdp_solver_mode': 'scs', 'sdp_scs_eps': 1e-06, 'sdp_scs_max_iters': 100000, 'warm_start_corr_strength': None, 'warm_start_corr_repeats': None, 'compare_with_010101': False, 'init_QAOAparams_close_to_zero': False, 'use_correlations_as_initial_params': False, 'time_limit': None, 'failed_instance_termination_thrsh': None, 'graph_generation_type': 'hog', 'weighted': False, 'easiest_first': True, 'cpu_util_threshold': None, 'debug': False, 'save_circuit_svg': False, 'rerun_exclude_finished_instances': True, 'warm_start_cache_producer_only': False, 'qaoa_only_from_existing_warm_start_cache': True, 'optimiser_debug_iterations': None, 'num_repeats': 1, 'relative_graph_adjList_path': 'HOG_graphs/Exp5/list_454_graphs_adjacency_listhog_v04-12_bipartite.txt', 'persistent_warm_start_cache': True, 'warm_start_cache_dir': 'Results/warm_start_cache', 'warm_start_cache_max_file_mb': 512, 'warm_start_cache_max_total_gb': 60, 'sdp_max_parallel': 0, 'qaoa_max_parallel': 16, 'sdp_threads': 1, 'qaoa_threads': 1, 'sdp_memory_limit_total_gb': 0, 'sdp_memory_limit_single_gb': 0, 'sdp_memory_poll_seconds': 5, 'sdp_max_retries': 0, 'queue_poll_interval_seconds': 5, 'max_graph_vertices': 11, 'completed_result_csv_paths': [], 'qaoa_seed': 1, 'initialise_standard_warm_start_with_zero_angles': False, 'result_name_suffix': '_Exp7_AmplifiedWithHeuristic'}, Running QAOA with equal superposition
Benchmark run ID: bc43eb73
Benchmark repeat index: 1
SDP seed override: None
QAOA seed: 900201
Processor: x86_64
Hostname: dacsvm-cpunode01
Total RAM (GB): None
Physical cores: 32
Logical cores: 32
Python version: 3.11.15
Initialisation time: 0.01 seconds; started at stardate {'initialisation': 0.007966756820678711} and finished at stardate1787303870.3537786
Loaded HOG graph index 9 with 9 edges.
Instance generation for n=9 took 0.01 seconds; started at stardate 1787303870.3537946 and finished at stardate 1787303870.3676443
Running QAOA for n=10 nodes, m=9 edges...; Max iterations: 50
Warm-start cache: loading Results/warm_start_cache/list_454_graphs_adjacency_listhog_v04-12_bipartite__filehash_0815e7e8/hog_idx000009_0429580d9352_noseed_L2_M2_amplified.npz
Warm-start cache: loaded in 0.0068 seconds; effective compute time=8124.473655939102
Edges: [(3, 9), (2, 7), (5, 7), (3, 5), (4, 6), (6, 8), (1, 8), (4, 9), (0, 9)], weights: [1.0, 1.0, 1.0, 1.0, 1.0, 1.0, 1.0, 1.0, 1.0], set of nodes: {0, 1, 2, 3, 4, 5, 6, 7, 8, 9}, n: 10 nodes, p: 3 layers, N_bayes: 50 iterations
Solving for uuid: 224da56f
Initial state injected as warm start
Warm start correlations applied in the form of weak entanglement
Running ADAM optimization with a single iteration (no debug loop)
6.4347005492970055
QAOA optimisation for n=9 took 128.25 seconds; started at stardate 1787303870.367648 and finished at stardate 1787303998.6188245
Finished QAOA for n=10 nodes, m=9 edges at 2026-08-21 11:19:58 on x86_64. Time taken: 128.25 seconds. Hours: 0.04 hours. Peak RAM: 1.0 MB.
Unknown graph type for approximation ratio calculation; checking misc CSV.
Checking optimal_results_misc.csv for matching edges and weights...
Found matching exact result in misc CSV: 6.478385494588484
CSV writing for n=9 took 0.02 seconds; started at stardate 1787303998.6188316 and finished at stardate 1787303998.6373582
results: {9: 6.4347005492970055}
durations: {10: 128.2511808872223}
Results saved to: Results/logs/adam/qaoa_results_adam_20260821_042135_pid810540_Exp7_AmplifiedWithHeuristic.csv
Global end time: 1787303998.6373672
Finalisation time: 0.00 seconds; started at stardate 1787303998.6373615 and finished at stardate 1787303998.637371
Sum of all section times: 128.29 seconds
run_id: bc43eb73
