Starting QAOA benchmark with global start time: 1787293790.8824573
Benchmark parameters: {'optimiser': 'adam', 'optimiser_use_heuristic': False, 'heuristic_optimiser_iterations': None, 'heuristic_optimiser_sampleSize': None, 'circuit_type': 'hamqaoa', 'parameter_vector': [1, 1, 1], 'iterations_list': [50], 'learning_rate_adam': 0.005, 'depth_list': [1, 2, 3, 4, 5], 'n_start': None, 'n_end': None, 'singlet_injection': False, 'start_index_singlet': None, 'warm_start': True, 'warm_start_mode': 'amplified', 'lasserre_level': 2, 'initial_solver_level_M': 2, 'sdp_seed': None, 'sdp_solver_mode': 'scs', 'sdp_scs_eps': 1e-06, 'sdp_scs_max_iters': 100000, 'warm_start_corr_strength': None, 'warm_start_corr_repeats': None, 'compare_with_010101': False, 'init_QAOAparams_close_to_zero': False, 'use_correlations_as_initial_params': False, 'time_limit': None, 'failed_instance_termination_thrsh': None, 'graph_generation_type': 'hog', 'weighted': False, 'easiest_first': True, 'cpu_util_threshold': None, 'debug': False, 'save_circuit_svg': False, 'rerun_exclude_finished_instances': True, 'warm_start_cache_producer_only': False, 'qaoa_only_from_existing_warm_start_cache': True, 'optimiser_debug_iterations': None, 'num_repeats': 1, 'relative_graph_adjList_path': 'HOG_graphs/Exp5/list_454_graphs_adjacency_listhog_v04-12_bipartite.txt', 'persistent_warm_start_cache': True, 'warm_start_cache_dir': 'Results/warm_start_cache', 'warm_start_cache_max_file_mb': 512, 'warm_start_cache_max_total_gb': 60, 'sdp_max_parallel': 0, 'qaoa_max_parallel': 16, 'sdp_threads': 1, 'qaoa_threads': 1, 'sdp_memory_limit_total_gb': 0, 'sdp_memory_limit_single_gb': 0, 'sdp_memory_poll_seconds': 5, 'sdp_max_retries': 0, 'queue_poll_interval_seconds': 5, 'max_graph_vertices': 11, 'completed_result_csv_paths': [], 'qaoa_seed': 1, 'initialise_standard_warm_start_with_zero_angles': False, 'result_name_suffix': '_Exp7_AmplifiedWithHeuristic'}, Running QAOA with equal superposition
Benchmark run ID: cdfe8d8a
Benchmark repeat index: 1
SDP seed override: None
QAOA seed: 17000001
Processor: x86_64
Hostname: dacsvm-cpunode01
Total RAM (GB): None
Physical cores: 32
Logical cores: 32
Python version: 3.11.15
Initialisation time: 0.01 seconds; started at stardate {'initialisation': 0.007857799530029297} and finished at stardate1787293790.890329
Loaded HOG graph index 170 with 20 edges.
Instance generation for n=170 took 0.02 seconds; started at stardate 1787293790.8903387 and finished at stardate 1787293790.9056184
Running QAOA for n=10 nodes, m=20 edges...; Max iterations: 50
Warm-start cache: loading Results/warm_start_cache/list_454_graphs_adjacency_listhog_v04-12_bipartite__filehash_0815e7e8/hog_idx000170_5e963646d08b_noseed_L2_M2_amplified.npz
Warm-start cache: loaded in 0.0066 seconds; effective compute time=7508.559023857117
Edges: [(3, 8), (2, 6), (2, 9), (4, 9), (0, 2), (1, 7), (5, 7), (4, 8), (0, 1), (1, 6), (0, 4), (5, 6), (5, 9), (3, 6), (3, 9), (2, 7), (4, 7), (0, 3), (1, 8), (5, 8)], weights: [1.0, 1.0, 1.0, 1.0, 1.0, 1.0, 1.0, 1.0, 1.0, 1.0, 1.0, 1.0, 1.0, 1.0, 1.0, 1.0, 1.0, 1.0, 1.0, 1.0], set of nodes: {0, 1, 2, 3, 4, 5, 6, 7, 8, 9}, n: 10 nodes, p: 1 layers, N_bayes: 50 iterations
Solving for uuid: c026e813
Initial state injected as warm start
Warm start correlations applied in the form of weak entanglement
Running ADAM optimization with a single iteration (no debug loop)
12.23332792056982
QAOA optimisation for n=170 took 99.40 seconds; started at stardate 1787293790.9056282 and finished at stardate 1787293890.3026843
Finished QAOA for n=10 nodes, m=20 edges at 2026-08-21 08:31:30 on x86_64. Time taken: 99.40 seconds. Hours: 0.03 hours. Peak RAM: 0.53 MB.
Unknown graph type for approximation ratio calculation; checking misc CSV.
Checking optimal_results_misc.csv for matching edges and weights...
Found matching exact result in misc CSV: 12.300068072057808
CSV writing for n=170 took 0.04 seconds; started at stardate 1787293890.3026927 and finished at stardate 1787293890.3412445
results: {170: 12.23332792056982}
durations: {10: 99.39706325531006}
Results saved to: Results/logs/adam/qaoa_results_adam_20260821_042135_pid810540_Exp7_AmplifiedWithHeuristic.csv
Global end time: 1787293890.3412604
Finalisation time: 0.00 seconds; started at stardate 1787293890.341251 and finished at stardate 1787293890.341265
Sum of all section times: 99.46 seconds
run_id: cdfe8d8a
