Starting QAOA benchmark with global start time: 1787296926.884352
Benchmark parameters: {'optimiser': 'adam', 'optimiser_use_heuristic': False, 'heuristic_optimiser_iterations': None, 'heuristic_optimiser_sampleSize': None, 'circuit_type': 'hamqaoa', 'parameter_vector': [1, 1, 1], 'iterations_list': [50], 'learning_rate_adam': 0.005, 'depth_list': [1, 2, 3, 4, 5], 'n_start': None, 'n_end': None, 'singlet_injection': False, 'start_index_singlet': None, 'warm_start': True, 'warm_start_mode': 'amplified', 'lasserre_level': 2, 'initial_solver_level_M': 2, 'sdp_seed': None, 'sdp_solver_mode': 'scs', 'sdp_scs_eps': 1e-06, 'sdp_scs_max_iters': 100000, 'warm_start_corr_strength': None, 'warm_start_corr_repeats': None, 'compare_with_010101': False, 'init_QAOAparams_close_to_zero': False, 'use_correlations_as_initial_params': False, 'time_limit': None, 'failed_instance_termination_thrsh': None, 'graph_generation_type': 'hog', 'weighted': False, 'easiest_first': True, 'cpu_util_threshold': None, 'debug': False, 'save_circuit_svg': False, 'rerun_exclude_finished_instances': True, 'warm_start_cache_producer_only': False, 'qaoa_only_from_existing_warm_start_cache': True, 'optimiser_debug_iterations': None, 'num_repeats': 1, 'relative_graph_adjList_path': 'HOG_graphs/Exp5/list_454_graphs_adjacency_listhog_v04-12_bipartite.txt', 'persistent_warm_start_cache': True, 'warm_start_cache_dir': 'Results/warm_start_cache', 'warm_start_cache_max_file_mb': 512, 'warm_start_cache_max_total_gb': 60, 'sdp_max_parallel': 0, 'qaoa_max_parallel': 16, 'sdp_threads': 1, 'qaoa_threads': 1, 'sdp_memory_limit_total_gb': 0, 'sdp_memory_limit_single_gb': 0, 'sdp_memory_poll_seconds': 5, 'sdp_max_retries': 0, 'queue_poll_interval_seconds': 5, 'max_graph_vertices': 11, 'completed_result_csv_paths': [], 'qaoa_seed': 1, 'initialise_standard_warm_start_with_zero_angles': False, 'result_name_suffix': '_Exp7_AmplifiedWithHeuristic'}, Running QAOA with equal superposition
Benchmark run ID: 64bca5f3
Benchmark repeat index: 1
SDP seed override: None
QAOA seed: 24800101
Processor: x86_64
Hostname: dacsvm-cpunode01
Total RAM (GB): None
Physical cores: 32
Logical cores: 32
Python version: 3.11.15
Initialisation time: 0.01 seconds; started at stardate {'initialisation': 0.006880521774291992} and finished at stardate1787296926.8912485
Loaded HOG graph index 248 with 11 edges.
Instance generation for n=248 took 0.01 seconds; started at stardate 1787296926.8912613 and finished at stardate 1787296926.9011514
Running QAOA for n=10 nodes, m=11 edges...; Max iterations: 50
Warm-start cache: loading Results/warm_start_cache/list_454_graphs_adjacency_listhog_v04-12_bipartite__filehash_0815e7e8/hog_idx000248_19a022f27cf5_noseed_L2_M2_amplified.npz
Warm-start cache: loaded in 0.0044 seconds; effective compute time=7749.254687070847
Edges: [(8, 9), (3, 9), (4, 7), (6, 8), (4, 9), (7, 8), (2, 8), (1, 5), (0, 9), (5, 9), (3, 6)], weights: [1.0, 1.0, 1.0, 1.0, 1.0, 1.0, 1.0, 1.0, 1.0, 1.0, 1.0], set of nodes: {0, 1, 2, 3, 4, 5, 6, 7, 8, 9}, n: 10 nodes, p: 2 layers, N_bayes: 50 iterations
Solving for uuid: 84bd65f3
Initial state injected as warm start
Warm start correlations applied in the form of weak entanglement
Running ADAM optimization with a single iteration (no debug loop)
6.906028440159893
QAOA optimisation for n=248 took 109.33 seconds; started at stardate 1787296926.9011552 and finished at stardate 1787297036.232508
Finished QAOA for n=10 nodes, m=11 edges at 2026-08-21 09:23:56 on x86_64. Time taken: 109.33 seconds. Hours: 0.03 hours. Peak RAM: 0.77 MB.
Unknown graph type for approximation ratio calculation; checking misc CSV.
Checking optimal_results_misc.csv for matching edges and weights...
Found matching exact result in misc CSV: 7.297819156301158
CSV writing for n=248 took 0.01 seconds; started at stardate 1787297036.2325149 and finished at stardate 1787297036.2421587
results: {248: 6.906028440159893}
durations: {10: 109.33135676383972}
Results saved to: Results/logs/adam/qaoa_results_adam_20260821_042135_pid810540_Exp7_AmplifiedWithHeuristic.csv
Global end time: 1787297036.242168
Finalisation time: 0.00 seconds; started at stardate 1787297036.2421618 and finished at stardate 1787297036.2421718
Sum of all section times: 109.36 seconds
run_id: 64bca5f3
