Starting QAOA benchmark with global start time: 1787309124.3057725
Benchmark parameters: {'optimiser': 'adam', 'optimiser_use_heuristic': False, 'heuristic_optimiser_iterations': None, 'heuristic_optimiser_sampleSize': None, 'circuit_type': 'hamqaoa', 'parameter_vector': [1, 1, 1], 'iterations_list': [50], 'learning_rate_adam': 0.005, 'depth_list': [1, 2, 3, 4, 5], 'n_start': None, 'n_end': None, 'singlet_injection': False, 'start_index_singlet': None, 'warm_start': True, 'warm_start_mode': 'amplified', 'lasserre_level': 2, 'initial_solver_level_M': 2, 'sdp_seed': None, 'sdp_solver_mode': 'scs', 'sdp_scs_eps': 1e-06, 'sdp_scs_max_iters': 100000, 'warm_start_corr_strength': None, 'warm_start_corr_repeats': None, 'compare_with_010101': False, 'init_QAOAparams_close_to_zero': False, 'use_correlations_as_initial_params': False, 'time_limit': None, 'failed_instance_termination_thrsh': None, 'graph_generation_type': 'hog', 'weighted': False, 'easiest_first': True, 'cpu_util_threshold': None, 'debug': False, 'save_circuit_svg': False, 'rerun_exclude_finished_instances': True, 'warm_start_cache_producer_only': False, 'qaoa_only_from_existing_warm_start_cache': True, 'optimiser_debug_iterations': None, 'num_repeats': 1, 'relative_graph_adjList_path': 'HOG_graphs/Exp5/list_454_graphs_adjacency_listhog_v04-12_bipartite.txt', 'persistent_warm_start_cache': True, 'warm_start_cache_dir': 'Results/warm_start_cache', 'warm_start_cache_max_file_mb': 512, 'warm_start_cache_max_total_gb': 60, 'sdp_max_parallel': 0, 'qaoa_max_parallel': 16, 'sdp_threads': 1, 'qaoa_threads': 1, 'sdp_memory_limit_total_gb': 0, 'sdp_memory_limit_single_gb': 0, 'sdp_memory_poll_seconds': 5, 'sdp_max_retries': 0, 'queue_poll_interval_seconds': 5, 'max_graph_vertices': 11, 'completed_result_csv_paths': [], 'qaoa_seed': 1, 'initialise_standard_warm_start_with_zero_angles': False, 'result_name_suffix': '_Exp7_AmplifiedWithHeuristic'}, Running QAOA with equal superposition
Benchmark run ID: 870ea50f
Benchmark repeat index: 1
SDP seed override: None
QAOA seed: 18500001
Processor: x86_64
Hostname: dacsvm-cpunode01
Total RAM (GB): None
Physical cores: 32
Logical cores: 32
Python version: 3.11.15
Initialisation time: 0.02 seconds; started at stardate {'initialisation': 0.021814346313476562} and finished at stardate1787309124.3275974
Loaded HOG graph index 185 with 14 edges.
Instance generation for n=185 took 0.01 seconds; started at stardate 1787309124.327604 and finished at stardate 1787309124.3372138
Running QAOA for n=11 nodes, m=14 edges...; Max iterations: 50
Warm-start cache: loading Results/warm_start_cache/list_454_graphs_adjacency_listhog_v04-12_bipartite__filehash_0815e7e8/hog_idx000185_413e0426e606_noseed_L2_M2_amplified.npz
Warm-start cache: loaded in 0.0379 seconds; effective compute time=9793.613754987717
Edges: [(2, 7), (9, 10), (4, 10), (4, 7), (6, 9), (1, 9), (6, 8), (5, 9), (3, 7), (8, 10), (3, 10), (5, 8), (0, 8), (2, 10)], weights: [1.0, 1.0, 1.0, 1.0, 1.0, 1.0, 1.0, 1.0, 1.0, 1.0, 1.0, 1.0, 1.0, 1.0], set of nodes: {0, 1, 2, 3, 4, 5, 6, 7, 8, 9, 10}, n: 11 nodes, p: 1 layers, N_bayes: 50 iterations
Solving for uuid: 92477d0e
Initial state injected as warm start
Warm start correlations applied in the form of weak entanglement
Running ADAM optimization with a single iteration (no debug loop)
9.698647600595791
QAOA optimisation for n=185 took 672.30 seconds; started at stardate 1787309124.337218 and finished at stardate 1787309796.6397877
Finished QAOA for n=11 nodes, m=14 edges at 2026-08-21 12:56:36 on x86_64. Time taken: 672.30 seconds. Hours: 0.19 hours. Peak RAM: 1.12 MB.
Unknown graph type for approximation ratio calculation; checking misc CSV.
Checking optimal_results_misc.csv for matching edges and weights...
Found matching exact result in misc CSV: 8.768400319491578
CSV writing for n=185 took 0.01 seconds; started at stardate 1787309796.6397958 and finished at stardate 1787309796.6512358
results: {185: 9.698647600595791}
durations: {11: 672.3025753498077}
Results saved to: Results/logs/adam/qaoa_results_adam_20260821_042135_pid810540_Exp7_AmplifiedWithHeuristic.csv
Global end time: 1787309796.6512458
Finalisation time: 0.00 seconds; started at stardate 1787309796.6512394 and finished at stardate 1787309796.6512494
Sum of all section times: 672.35 seconds
run_id: 870ea50f
