Starting QAOA benchmark with global start time: 1788978889.2950706
Benchmark parameters: {'optimiser': 'adam', 'optimiser_use_heuristic': False, 'heuristic_optimiser_iterations': None, 'heuristic_optimiser_sampleSize': None, 'circuit_type': 'hamqaoa', 'parameter_vector': [1, 1, 1], 'iterations_list': [75], 'learning_rate_adam': 0.05, 'depth_list': [1, 2, 3, 4, 5], 'n_start': None, 'n_end': None, 'singlet_injection': False, 'start_index_singlet': None, 'warm_start': True, 'warm_start_mode': 'amplified_king', 'lasserre_level': 2, 'initial_solver_level_M': 2, 'sdp_seed': 42, 'sdp_solver_mode': 'scs', 'sdp_scs_eps': 1e-06, 'sdp_scs_max_iters': 100000, 'warm_start_corr_strength': None, 'warm_start_corr_repeats': None, 'compare_with_010101': False, 'init_QAOAparams_close_to_zero': False, 'use_correlations_as_initial_params': False, 'time_limit': None, 'failed_instance_termination_thrsh': None, 'graph_generation_type': 'hog', 'weighted': False, 'easiest_first': True, 'cpu_util_threshold': None, 'debug': False, 'save_circuit_svg': False, 'rerun_exclude_finished_instances': False, 'warm_start_cache_producer_only': False, 'qaoa_only_from_existing_warm_start_cache': True, 'optimiser_debug_iterations': None, 'num_repeats': 1, 'relative_graph_adjList_path': 'HOG_graphs/Exp5/list_454_graphs_adjacency_listhog_v04-12_bipartite.txt', 'persistent_warm_start_cache': True, 'warm_start_cache_dir': 'Results/warm_start_cache', 'warm_start_cache_max_file_mb': 512, 'warm_start_cache_max_total_gb': 60, 'sdp_max_parallel': 0, 'qaoa_max_parallel': 16, 'sdp_threads': 1, 'qaoa_threads': 1, 'sdp_memory_limit_total_gb': 0, 'sdp_memory_limit_single_gb': 0, 'sdp_memory_poll_seconds': 5, 'sdp_max_retries': 0, 'queue_poll_interval_seconds': 5, 'max_graph_vertices': 10, 'completed_result_csv_paths': [], 'qaoa_seed': 42, 'initialise_standard_warm_start_with_zero_angles': True, 'result_name_suffix': '_FINAL_BENCHMARKS_KINGAMPLIFIED', 'algorithm17_beta_mode': 'analytic_instance'}, Running QAOA with equal superposition
Benchmark run ID: 690d6fa1
Benchmark repeat index: 1
Configured SDP rounding seed: 42
QAOA seed used: 42
Processor: x86_64
Hostname: dacsgpu0003
Total RAM (GB): None
Physical cores: 64
Logical cores: 64
Python version: 3.11.15
Initialisation time: 0.00 seconds; started at stardate {'initialisation': 0.0034444332122802734} and finished at stardate1788978889.2985218
Loaded HOG graph index 172 with 19 edges.
Instance generation for n=172 took 0.01 seconds; started at stardate 1788978889.2985275 and finished at stardate 1788978889.3079283
Running QAOA for n=10 nodes, m=19 edges...; Max iterations: 75
Warm-start cache: loading Results/warm_start_cache/list_454_graphs_adjacency_listhog_v04-12_bipartite__filehash_0815e7e8/hog_idx000172_a94f373a3e28_seed42_L2_M2_betaanalytic_instance_amplified.npz
Warm-start cache: loaded in 0.0059 seconds; effective compute time=6938.236775159836
Edges: [(2, 6), (3, 5), (2, 9), (1, 4), (0, 8), (5, 7), (4, 8), (8, 9), (1, 9), (0, 7), (6, 8), (3, 6), (2, 4), (3, 9), (4, 7), (7, 9), (1, 5), (5, 8), (6, 7)], weights: [1.0, 1.0, 1.0, 1.0, 1.0, 1.0, 1.0, 1.0, 1.0, 1.0, 1.0, 1.0, 1.0, 1.0, 1.0, 1.0, 1.0, 1.0, 1.0], set of nodes: {0, 1, 2, 3, 4, 5, 6, 7, 8, 9}, n: 10 nodes, p: 5 layers, N_bayes: 75 iterations
Solving for uuid: 9e5544c0
Initial state injected as warm start
Running ADAM optimization with a single iteration (no debug loop)
16.34952694206952
QAOA optimisation for n=172 took 322.72 seconds; started at stardate 1788978889.307933 and finished at stardate 1788979212.0327992
Finished QAOA for n=10 nodes, m=19 edges at 2026-09-09 20:40:12 on x86_64. Time taken: 322.72 seconds. Hours: 0.09 hours. Peak RAM: 1.49 MB.
Unknown graph type for approximation ratio calculation; checking misc CSV.
Checking optimal_results_misc.csv for matching edges and weights...
Found matching exact result in misc CSV: 11.65619217921555
CSV writing for n=172 took 0.01 seconds; started at stardate 1788979212.032806 and finished at stardate 1788979212.0407913
results: {172: 16.34952694206952}
durations: {10: 322.7248709201813}
Results saved to: Results/logs/adam/qaoa_results_adam_20260909_162911_pid2180168_FINAL_BENCHMARKS_KINGAMPLIFIED.csv
Global end time: 1788979212.0407999
Finalisation time: 0.00 seconds; started at stardate 1788979212.0407944 and finished at stardate 1788979212.0408027
Sum of all section times: 322.75 seconds
run_id: 690d6fa1
