Starting QAOA benchmark with global start time: 1786865846.6456964
Benchmark parameters: {'optimiser': 'adam', 'optimiser_use_heuristic': False, 'heuristic_optimiser_iterations': None, 'heuristic_optimiser_sampleSize': None, 'circuit_type': 'hamqaoa', 'parameter_vector': [1, 1, 1], 'iterations_list': [50], 'learning_rate_adam': 0.001, 'depth_list': [1, 2, 3, 4, 5], 'n_start': None, 'n_end': None, 'singlet_injection': False, 'start_index_singlet': None, 'warm_start': True, 'warm_start_mode': 'amplified_king', 'lasserre_level': 2, 'initial_solver_level_M': 2, 'sdp_seed': None, 'sdp_solver_mode': 'scs', 'sdp_scs_eps': 1e-06, 'sdp_scs_max_iters': 100000, 'warm_start_corr_strength': None, 'warm_start_corr_repeats': None, 'compare_with_010101': False, 'init_QAOAparams_close_to_zero': False, 'use_correlations_as_initial_params': False, 'time_limit': None, 'failed_instance_termination_thrsh': None, 'graph_generation_type': 'hog', 'weighted': False, 'easiest_first': False, 'cpu_util_threshold': None, 'debug': False, 'save_circuit_svg': False, 'rerun_exclude_finished_instances': True, 'warm_start_cache_producer_only': False, 'qaoa_only_from_existing_warm_start_cache': True, 'optimiser_debug_iterations': None, 'num_repeats': 1, 'relative_graph_adjList_path': 'HOG_graphs/Exp5/list_388_graphs_adjacency_list_hog_v04-12_regular.txt', 'persistent_warm_start_cache': True, 'warm_start_cache_dir': 'Results/warm_start_cache', 'warm_start_cache_max_file_mb': 512, 'warm_start_cache_max_total_gb': 60, 'sdp_max_parallel': 0, 'qaoa_max_parallel': 16, 'sdp_threads': 1, 'qaoa_threads': 1, 'sdp_memory_limit_total_gb': 0, 'sdp_memory_limit_single_gb': 0, 'sdp_memory_poll_seconds': 5, 'sdp_max_retries': 0, 'queue_poll_interval_seconds': 5, 'max_graph_vertices': 11, 'completed_result_csv_paths': [], 'qaoa_seed': 1, 'initialise_standard_warm_start_with_zero_angles': False, 'result_name_suffix': '_Exp6_KingAmplifiedWithHeuristic'}, Running QAOA with equal superposition
Benchmark run ID: 2f2937b7
Benchmark repeat index: 1
SDP seed override: None
QAOA seed: 29200001
Processor: x86_64
Hostname: dacsgpu0003
Total RAM (GB): None
Physical cores: 64
Logical cores: 64
Python version: 3.11.15
Initialisation time: 0.02 seconds; started at stardate {'initialisation': 0.023843050003051758} and finished at stardate1786865846.6695542
Loaded HOG graph index 292 with 20 edges.
Instance generation for n=292 took 0.15 seconds; started at stardate 1786865846.6695635 and finished at stardate 1786865846.8243182
Running QAOA for n=10 nodes, m=20 edges...; Max iterations: 50
Warm-start cache: loading Results/warm_start_cache/list_388_graphs_adjacency_list_hog_v04-12_regular__filehash_5b7f8d46/hog_idx000292_f16f260ad34f_noseed_L2_M2_amplified.npz
Warm-start cache: loaded in 0.0066 seconds; effective compute time=4631.59595823288
Edges: [(2, 9), (7, 8), (0, 2), (6, 9), (5, 7), (3, 4), (2, 8), (1, 3), (0, 1), (0, 4), (1, 9), (5, 6), (5, 9), (3, 6), (2, 4), (4, 7), (0, 3), (1, 8), (5, 8), (6, 7)], weights: [1.0, 1.0, 1.0, 1.0, 1.0, 1.0, 1.0, 1.0, 1.0, 1.0, 1.0, 1.0, 1.0, 1.0, 1.0, 1.0, 1.0, 1.0, 1.0, 1.0], set of nodes: {0, 1, 2, 3, 4, 5, 6, 7, 8, 9}, n: 10 nodes, p: 1 layers, N_bayes: 50 iterations
Solving for uuid: cb5dce1a
Initial state injected as warm start
Running ADAM optimization with a single iteration (no debug loop)
11.52171522641646
QAOA optimisation for n=292 took 168.43 seconds; started at stardate 1786865846.8243241 and finished at stardate 1786866015.258209
Finished QAOA for n=10 nodes, m=20 edges at 2026-08-16 09:40:15 on x86_64. Time taken: 168.43 seconds. Hours: 0.05 hours. Peak RAM: 0.52 MB.
Unknown graph type for approximation ratio calculation; checking misc CSV.
Checking optimal_results_misc.csv for matching edges and weights...
Found matching exact result in misc CSV: 10.620111547025758
CSV writing for n=292 took 0.11 seconds; started at stardate 1786866015.2582195 and finished at stardate 1786866015.3692067
results: {292: 11.52171522641646}
durations: {10: 168.43389177322388}
Results saved to: Results/logs/adam/qaoa_results_adam_20260816_050800_pid721372_Exp6_KingAmplifiedWithHeuristic.csv
Global end time: 1786866015.3692417
Finalisation time: 0.00 seconds; started at stardate 1786866015.3692214 and finished at stardate 1786866015.3692489
Sum of all section times: 168.72 seconds
run_id: 2f2937b7
