Starting QAOA benchmark with global start time: 1785421653.5441868
Benchmark parameters: {'optimiser': 'adam', 'optimiser_use_heuristic': False, 'heuristic_optimiser_iterations': None, 'heuristic_optimiser_sampleSize': None, 'circuit_type': 'hamqaoa', 'parameter_vector': [1, 1, 1], 'iterations_list': [5, 10], 'learning_rate_adam': 0.01, 'depth_list': [1, 2, 3], 'n_start': None, 'n_end': None, 'singlet_injection': False, 'start_index_singlet': None, 'warm_start': True, 'warm_start_mode': 'standard', 'lasserre_level': 1, 'initial_solver_level_M': 1, 'sdp_seed': None, 'sdp_solver_mode': 'scs', 'sdp_scs_eps': 1e-06, 'sdp_scs_max_iters': 100000, 'warm_start_corr_strength': None, 'warm_start_corr_repeats': None, 'compare_with_010101': False, 'init_QAOAparams_close_to_zero': False, 'use_correlations_as_initial_params': False, 'time_limit': None, 'failed_instance_termination_thrsh': None, 'graph_generation_type': 'hog', 'weighted': False, 'easiest_first': False, 'cpu_util_threshold': None, 'debug': False, 'save_circuit_svg': False, 'rerun_exclude_finished_instances': True, 'warm_start_cache_producer_only': False, 'qaoa_only_from_existing_warm_start_cache': True, 'optimiser_debug_iterations': None, 'num_repeats': 1, 'relative_graph_adjList_path': 'HOG_graphs/Exp5/cycle_graphs_3to12vertices_10instances_AdjacencyList.txt', 'persistent_warm_start_cache': True, 'warm_start_cache_dir': 'Results/warm_start_cache', 'warm_start_cache_max_file_mb': 512, 'warm_start_cache_max_total_gb': 60, 'sdp_max_parallel': 0, 'qaoa_max_parallel': 32, 'sdp_threads': 1, 'qaoa_threads': 1, 'sdp_memory_limit_total_gb': 0, 'sdp_memory_limit_single_gb': 0, 'sdp_memory_poll_seconds': 5, 'sdp_max_retries': 0, 'queue_poll_interval_seconds': 5, 'completed_result_csv_paths': []}, Running QAOA with equal superposition
Benchmark run ID: e2f3f1ad
Benchmark repeat index: 1
SDP seed override: None
Processor: x86_64
Hostname: dacsgpu0002
Total RAM (GB): None
Physical cores: 64
Logical cores: 64
Python version: 3.11.15
Initialisation time: 0.00 seconds; started at stardate {'initialisation': 0.002788066864013672} and finished at stardate1785421653.5469816
Loaded HOG graph index 2 with 5 edges.
Instance generation for n=2 took 0.00 seconds; started at stardate 1785421653.5469866 and finished at stardate 1785421653.5474744
Running QAOA for n=5 nodes, m=5 edges...; Max iterations: 5
Warm-start cache: loading Results/warm_start_cache/cycle_graphs_3to12vertices_10instances_AdjacencyList__filehash_1a582721/hog_idx000002_ee18cc9e4ef7_noseed_L1_M1_standard.npz
Warm-start cache: loaded in 0.0013 seconds; effective compute time=0.0971977710723877
Edges: [(0, 1), (2, 3), (0, 4), (1, 2), (3, 4)], weights: [1.0, 1.0, 1.0, 1.0, 1.0], set of nodes: {0, 1, 2, 3, 4}, n: 5 nodes, p: 2 layers, N_bayes: 5 iterations
Solving for uuid: cb81ee1f
Initial state injected as warm start
Running ADAM optimization with a single iteration (no debug loop)
Warm-start fallback: optimiser result was below the SDP warm-start energy; using the warm-start energy instead.
2.2093919520331213
QAOA optimisation for n=2 took 0.30 seconds; started at stardate 1785421653.5474775 and finished at stardate 1785421653.8501413
Finished QAOA for n=5 nodes, m=5 edges at 2026-07-30 16:27:33 on x86_64. Time taken: 0.30 seconds. Hours: 0.00 hours. Peak RAM: 0.21 MB.
Computing cycle approximation ratio
CSV writing for n=2 took 0.01 seconds; started at stardate 1785421653.850149 and finished at stardate 1785421653.855533
results: {2: 2.2093919520331213}
durations: {5: 0.30266761779785156}
Results saved to: Results/logs/adam/qaoa_results_adam_20260730_162730_pid3769949.csv
Global end time: 1785421653.8555431
Finalisation time: 0.00 seconds; started at stardate 1785421653.8555355 and finished at stardate 1785421653.855546
Sum of all section times: 0.31 seconds
run_id: e2f3f1ad
