/home/i6408800/MasterThesis/QAOA/Code/Circuit.py:182: UserWarning: No classical warm-start cut provided for HAMQAOA; using random cut values for fourth HAMQAOA gate. This may lead to suboptimal performance and may be unintentional if a classical warm start was intended.
  warnings.warn(
Starting QAOA benchmark with global start time: 1784687611.527136
Benchmark parameters: {'optimiser': 'adam', 'optimiser_use_heuristic': True, 'heuristic_optimiser_iterations': 2, 'heuristic_optimiser_sampleSize': 10, 'circuit_type': 'hamqaoa', 'parameter_vector': [1, 1, 1], 'iterations_list': [5, 10, 25, 50], 'learning_rate_adam': 0.01, 'depth_list': [1, 2], 'n_start': None, 'n_end': None, 'singlet_injection': False, 'start_index_singlet': None, 'warm_start': False, 'warm_start_mode': None, 'lasserre_level': None, 'initial_solver_level_M': None, 'sdp_seed': None, 'sdp_solver_mode': None, 'sdp_scs_eps': None, 'sdp_scs_max_iters': None, 'warm_start_corr_strength': None, 'warm_start_corr_repeats': None, 'compare_with_010101': False, 'init_QAOAparams_close_to_zero': False, 'use_correlations_as_initial_params': None, 'time_limit': None, 'failed_instance_termination_thrsh': None, 'graph_generation_type': 'hog', 'weighted': False, 'easiest_first': True, 'cpu_util_threshold': None, 'debug': False, 'save_circuit_svg': False, 'rerun_exclude_finished_instances': False, 'warm_start_cache_producer_only': False, 'qaoa_only_from_existing_warm_start_cache': False, 'optimiser_debug_iterations': None, 'num_repeats': 1, 'relative_graph_adjList_path': 'HOG_graphs/3regular_connected_74instances.txt', 'persistent_warm_start_cache': False, 'warm_start_cache_dir': None, 'warm_start_cache_max_file_mb': None, 'warm_start_cache_max_total_gb': None, 'sdp_max_parallel': 0, 'qaoa_max_parallel': 32, 'sdp_threads': None, 'qaoa_threads': 1, 'sdp_memory_limit_total_gb': None, 'sdp_memory_limit_single_gb': None, 'sdp_memory_poll_seconds': None, 'sdp_max_retries': None, 'queue_poll_interval_seconds': 5}, Running QAOA with equal superposition
Benchmark run ID: 32a1baad
Benchmark repeat index: 1
SDP seed override: None
Processor: x86_64
Hostname: dacsgpu0002
Total RAM (GB): None
Physical cores: 64
Logical cores: 64
Python version: 3.11.15
Initialisation time: 0.01 seconds; started at stardate {'initialisation': 0.010309934616088867} and finished at stardate1784687611.5374584
Loaded HOG graph index 29 with 24 edges.
Instance generation for n=29 took 0.00 seconds; started at stardate 1784687611.5374653 and finished at stardate 1784687611.5397322
Running QAOA for n=10 nodes, m=24 edges...; Max iterations: 5
Edges: [(3, 8), (2, 6), (2, 9), (4, 9), (0, 5), (1, 4), (2, 8), (4, 5), (3, 7), (2, 5), (4, 8), (1, 6), (1, 9), (0, 7), (5, 6), (3, 6), (3, 9), (2, 7), (4, 7), (0, 3), (1, 8), (0, 9), (5, 8), (6, 7)], weights: [1.0, 1.0, 1.0, 1.0, 1.0, 1.0, 1.0, 1.0, 1.0, 1.0, 1.0, 1.0, 1.0, 1.0, 1.0, 1.0, 1.0, 1.0, 1.0, 1.0, 1.0, 1.0, 1.0, 1.0], set of nodes: {0, 1, 2, 3, 4, 5, 6, 7, 8, 9}, n: 10 nodes, p: 1 layers, N_bayes: 5 iterations
Solving for uuid: dd7821a4
No warm start: Default initial state is equal superposition
Running ADAM optimization with a single iteration (no debug loop)
6.634628067316095
QAOA optimisation for n=29 took 1.20 seconds; started at stardate 1784687611.539737 and finished at stardate 1784687612.7422197
Finished QAOA for n=10 nodes, m=24 edges at 2026-07-22 04:33:32 on x86_64. Time taken: 1.20 seconds. Hours: 0.00 hours. Peak RAM: 0.2 MB.
Unknown graph type for approximation ratio calculation; checking misc CSV.
Checking optimal_results_misc.csv for matching edges and weights...
Found matching exact result in misc CSV: 12.399369924001801
CSV writing for n=29 took 0.01 seconds; started at stardate 1784687612.742228 and finished at stardate 1784687612.7553291
results: {29: 6.634628067316095}
durations: {10: 1.2024884223937988}
Results saved to: Results/logs/adam/qaoa_results_adam_20260722_042637_pid1613865.csv
Global end time: 1784687612.7553422
Finalisation time: 0.00 seconds; started at stardate 1784687612.7553334 and finished at stardate 1784687612.755346
Sum of all section times: 1.23 seconds
run_id: 32a1baad
