Starting QAOA benchmark with global start time: 1788961580.6291604
Benchmark parameters: {'optimiser': 'adam', 'optimiser_use_heuristic': False, 'heuristic_optimiser_iterations': None, 'heuristic_optimiser_sampleSize': None, 'circuit_type': 'hamqaoa', 'parameter_vector': [1, 1, 1], 'iterations_list': [75], 'learning_rate_adam': 0.05, 'depth_list': [1, 2, 3, 4, 5], 'n_start': None, 'n_end': None, 'singlet_injection': False, 'start_index_singlet': None, 'warm_start': True, 'warm_start_mode': 'amplified_king', 'lasserre_level': 2, 'initial_solver_level_M': 2, 'sdp_seed': 42, 'sdp_solver_mode': 'scs', 'sdp_scs_eps': 1e-06, 'sdp_scs_max_iters': 100000, 'warm_start_corr_strength': None, 'warm_start_corr_repeats': None, 'compare_with_010101': False, 'init_QAOAparams_close_to_zero': False, 'use_correlations_as_initial_params': False, 'time_limit': None, 'failed_instance_termination_thrsh': None, 'graph_generation_type': 'hog', 'weighted': False, 'easiest_first': False, 'cpu_util_threshold': None, 'debug': False, 'save_circuit_svg': False, 'rerun_exclude_finished_instances': False, 'warm_start_cache_producer_only': False, 'qaoa_only_from_existing_warm_start_cache': True, 'optimiser_debug_iterations': None, 'num_repeats': 1, 'relative_graph_adjList_path': 'HOG_graphs/triangleFree_connected_4to8vertices_176instances_AdjacencyList.txt', 'persistent_warm_start_cache': True, 'warm_start_cache_dir': 'Results/warm_start_cache', 'warm_start_cache_max_file_mb': 512, 'warm_start_cache_max_total_gb': 60, 'sdp_max_parallel': 0, 'qaoa_max_parallel': 16, 'sdp_threads': 1, 'qaoa_threads': 1, 'sdp_memory_limit_total_gb': 0, 'sdp_memory_limit_single_gb': 0, 'sdp_memory_poll_seconds': 5, 'sdp_max_retries': 0, 'queue_poll_interval_seconds': 5, 'max_graph_vertices': 10, 'completed_result_csv_paths': [], 'qaoa_seed': 42, 'initialise_standard_warm_start_with_zero_angles': True, 'result_name_suffix': '_FINAL_BENCHMARKS_KINGAMPLIFIED', 'algorithm17_beta_mode': 'analytic_instance'}, Running QAOA with equal superposition
Benchmark run ID: 2ba2bcf4
Benchmark repeat index: 1
Configured SDP rounding seed: 42
QAOA seed used: 42
Processor: x86_64
Hostname: dacsgpu0003
Total RAM (GB): None
Physical cores: 64
Logical cores: 64
Python version: 3.11.15
Initialisation time: 0.01 seconds; started at stardate {'initialisation': 0.009617090225219727} and finished at stardate1788961580.6387866
Loaded HOG graph index 24 with 7 edges.
Instance generation for n=24 took 0.00 seconds; started at stardate 1788961580.638795 and finished at stardate 1788961580.6430054
Running QAOA for n=8 nodes, m=7 edges...; Max iterations: 75
Warm-start cache: loading Results/warm_start_cache/triangleFree_connected_4to8vertices_176instances_AdjacencyList__filehash_279b7452/hog_idx000024_d629cfb9fb11_seed42_L2_M2_betaanalytic_instance_amplified.npz
Warm-start cache: loaded in 0.0042 seconds; effective compute time=879.230057477951
Edges: [(2, 6), (0, 7), (5, 6), (3, 4), (4, 5), (3, 7), (1, 7)], weights: [1.0, 1.0, 1.0, 1.0, 1.0, 1.0, 1.0], set of nodes: {0, 1, 2, 3, 4, 5, 6, 7}, n: 8 nodes, p: 1 layers, N_bayes: 75 iterations
Solving for uuid: 8e6dacea
Initial state injected as warm start
Running ADAM optimization with a single iteration (no debug loop)
6.442916792696311
QAOA optimisation for n=24 took 5.94 seconds; started at stardate 1788961580.6430113 and finished at stardate 1788961586.5823941
Finished QAOA for n=8 nodes, m=7 edges at 2026-09-09 15:46:26 on x86_64. Time taken: 5.94 seconds. Hours: 0.00 hours. Peak RAM: 0.24 MB.
Unknown graph type for approximation ratio calculation; checking misc CSV.
Checking optimal_results_misc.csv for matching edges and weights...
Found matching exact result in misc CSV: 4.845640458039818
CSV writing for n=24 took 0.01 seconds; started at stardate 1788961586.5824037 and finished at stardate 1788961586.5904815
results: {24: 6.442916792696311}
durations: {8: 5.939388751983643}
Results saved to: Results/logs/adam/qaoa_results_adam_20260909_153126_pid1186229_FINAL_BENCHMARKS_KINGAMPLIFIED.csv
Global end time: 1788961586.5904942
Finalisation time: 0.00 seconds; started at stardate 1788961586.5904858 and finished at stardate 1788961586.590499
Sum of all section times: 5.96 seconds
run_id: 2ba2bcf4
