Starting QAOA benchmark with global start time: 1788964624.4322143
Benchmark parameters: {'optimiser': 'adam', 'optimiser_use_heuristic': False, 'heuristic_optimiser_iterations': None, 'heuristic_optimiser_sampleSize': None, 'circuit_type': 'hamqaoa', 'parameter_vector': [1, 1, 1], 'iterations_list': [75], 'learning_rate_adam': 0.05, 'depth_list': [1, 2, 3, 4, 5], 'n_start': None, 'n_end': None, 'singlet_injection': False, 'start_index_singlet': None, 'warm_start': True, 'warm_start_mode': 'amplified_king', 'lasserre_level': 2, 'initial_solver_level_M': 2, 'sdp_seed': 42, 'sdp_solver_mode': 'scs', 'sdp_scs_eps': 1e-06, 'sdp_scs_max_iters': 100000, 'warm_start_corr_strength': None, 'warm_start_corr_repeats': None, 'compare_with_010101': False, 'init_QAOAparams_close_to_zero': False, 'use_correlations_as_initial_params': False, 'time_limit': None, 'failed_instance_termination_thrsh': None, 'graph_generation_type': 'hog', 'weighted': False, 'easiest_first': False, 'cpu_util_threshold': None, 'debug': False, 'save_circuit_svg': False, 'rerun_exclude_finished_instances': False, 'warm_start_cache_producer_only': False, 'qaoa_only_from_existing_warm_start_cache': True, 'optimiser_debug_iterations': None, 'num_repeats': 1, 'relative_graph_adjList_path': 'HOG_graphs/triangleFree_connected_4to8vertices_176instances_AdjacencyList.txt', 'persistent_warm_start_cache': True, 'warm_start_cache_dir': 'Results/warm_start_cache', 'warm_start_cache_max_file_mb': 512, 'warm_start_cache_max_total_gb': 60, 'sdp_max_parallel': 0, 'qaoa_max_parallel': 16, 'sdp_threads': 1, 'qaoa_threads': 1, 'sdp_memory_limit_total_gb': 0, 'sdp_memory_limit_single_gb': 0, 'sdp_memory_poll_seconds': 5, 'sdp_max_retries': 0, 'queue_poll_interval_seconds': 5, 'max_graph_vertices': 10, 'completed_result_csv_paths': [], 'qaoa_seed': 42, 'initialise_standard_warm_start_with_zero_angles': True, 'result_name_suffix': '_FINAL_BENCHMARKS_KINGAMPLIFIED', 'algorithm17_beta_mode': 'analytic_instance'}, Running QAOA with equal superposition
Benchmark run ID: 17318cec
Benchmark repeat index: 1
Configured SDP rounding seed: 42
QAOA seed used: 42
Processor: x86_64
Hostname: dacsgpu0003
Total RAM (GB): None
Physical cores: 64
Logical cores: 64
Python version: 3.11.15
Initialisation time: 0.00 seconds; started at stardate {'initialisation': 0.004559516906738281} and finished at stardate1788964624.4367807
Loaded HOG graph index 53 with 7 edges.
Instance generation for n=53 took 0.00 seconds; started at stardate 1788964624.4367857 and finished at stardate 1788964624.4399445
Running QAOA for n=7 nodes, m=7 edges...; Max iterations: 75
Warm-start cache: loading Results/warm_start_cache/triangleFree_connected_4to8vertices_176instances_AdjacencyList__filehash_279b7452/hog_idx000053_fcc007c4b00b_seed42_L2_M2_betaanalytic_instance_amplified.npz
Warm-start cache: loaded in 0.0028 seconds; effective compute time=339.5936453342438
Edges: [(1, 6), (3, 5), (5, 6), (3, 4), (0, 6), (2, 5), (2, 4)], weights: [1.0, 1.0, 1.0, 1.0, 1.0, 1.0, 1.0], set of nodes: {0, 1, 2, 3, 4, 5, 6}, n: 7 nodes, p: 5 layers, N_bayes: 75 iterations
Solving for uuid: 376546bf
Initial state injected as warm start
Running ADAM optimization with a single iteration (no debug loop)
8.069598299895834
QAOA optimisation for n=53 took 26.05 seconds; started at stardate 1788964624.4399486 and finished at stardate 1788964650.494611
Finished QAOA for n=7 nodes, m=7 edges at 2026-09-09 16:37:30 on x86_64. Time taken: 26.05 seconds. Hours: 0.01 hours. Peak RAM: 0.27 MB.
Unknown graph type for approximation ratio calculation; checking misc CSV.
Checking optimal_results_misc.csv for matching edges and weights...
Found matching exact result in misc CSV: 4.8415294776842375
CSV writing for n=53 took 0.01 seconds; started at stardate 1788964650.49462 and finished at stardate 1788964650.4998133
results: {53: 8.069598299895834}
durations: {7: 26.054666996002197}
Results saved to: Results/logs/adam/qaoa_results_adam_20260909_153126_pid1186229_FINAL_BENCHMARKS_KINGAMPLIFIED.csv
Global end time: 1788964650.499821
Finalisation time: 0.00 seconds; started at stardate 1788964650.4998155 and finished at stardate 1788964650.499824
Sum of all section times: 26.07 seconds
run_id: 17318cec
