Starting QAOA benchmark with global start time: 1786016014.9033067
Benchmark parameters: {'optimiser': 'adam', 'optimiser_use_heuristic': True, 'heuristic_optimiser_iterations': 1, 'heuristic_optimiser_sampleSize': 20, 'circuit_type': 'hamqaoa', 'parameter_vector': [1, 1, 1], 'iterations_list': [50], 'learning_rate_adam': 0.001, 'depth_list': [1, 2, 3, 5], 'n_start': None, 'n_end': None, 'singlet_injection': False, 'start_index_singlet': None, 'warm_start': True, 'warm_start_mode': 'standard', 'lasserre_level': 1, 'initial_solver_level_M': 1, 'sdp_seed': None, 'sdp_solver_mode': 'scs', 'sdp_scs_eps': 1e-06, 'sdp_scs_max_iters': 100000, 'warm_start_corr_strength': None, 'warm_start_corr_repeats': None, 'compare_with_010101': False, 'init_QAOAparams_close_to_zero': False, 'use_correlations_as_initial_params': False, 'time_limit': None, 'failed_instance_termination_thrsh': None, 'graph_generation_type': 'hog', 'weighted': False, 'easiest_first': False, 'cpu_util_threshold': None, 'debug': False, 'save_circuit_svg': False, 'rerun_exclude_finished_instances': True, 'warm_start_cache_producer_only': False, 'qaoa_only_from_existing_warm_start_cache': True, 'optimiser_debug_iterations': None, 'num_repeats': 1, 'relative_graph_adjList_path': 'HOG_graphs/Exp5/path_graphs_2to12vertices_11instances_AdjacencyList.txt', 'persistent_warm_start_cache': True, 'warm_start_cache_dir': 'Results/warm_start_cache', 'warm_start_cache_max_file_mb': 512, 'warm_start_cache_max_total_gb': 60, 'sdp_max_parallel': 0, 'qaoa_max_parallel': 16, 'sdp_threads': 1, 'qaoa_threads': 1, 'sdp_memory_limit_total_gb': 0, 'sdp_memory_limit_single_gb': 0, 'sdp_memory_poll_seconds': 5, 'sdp_max_retries': 0, 'queue_poll_interval_seconds': 5, 'completed_result_csv_paths': [], 'initialise_standard_warm_start_with_zero_angles': False, 'result_name_suffix': '_Exp5_subexp4_standardWithHeuristic'}, Running QAOA with equal superposition
Benchmark run ID: 91d13cd3
Benchmark repeat index: 1
SDP seed override: None
Processor: x86_64
Hostname: dacsvm-cpunode01
Total RAM (GB): None
Physical cores: 32
Logical cores: 32
Python version: 3.11.15
Initialisation time: 0.00 seconds; started at stardate {'initialisation': 0.003778219223022461} and finished at stardate1786016014.9070964
Loaded HOG graph index 8 with 9 edges.
Instance generation for n=8 took 0.00 seconds; started at stardate 1786016014.9071124 and finished at stardate 1786016014.9074767
Running QAOA for n=10 nodes, m=9 edges...; Max iterations: 50
Warm-start cache: loading Results/warm_start_cache/path_graphs_2to12vertices_11instances_AdjacencyList__filehash_01292d61/hog_idx000008_1b5b4b14c875_noseed_L1_M1_standard.npz
Warm-start cache: loaded in 0.0014 seconds; effective compute time=0.20826029777526855
Edges: [(8, 9), (0, 1), (2, 3), (1, 2), (5, 6), (3, 4), (7, 8), (4, 5), (6, 7)], weights: [1.0, 1.0, 1.0, 1.0, 1.0, 1.0, 1.0, 1.0, 1.0], set of nodes: {0, 1, 2, 3, 4, 5, 6, 7, 8, 9}, n: 10 nodes, p: 1 layers, N_bayes: 50 iterations
Solving for uuid: c7b534ba
Initial state injected as warm start
Running ADAM optimization with a single iteration (no debug loop)
Warm-start fallback: optimiser result was below the SDP warm-start energy; using the warm-start energy instead.
4.499999999743666
QAOA optimisation for n=8 took 105.99 seconds; started at stardate 1786016014.9074805 and finished at stardate 1786016120.9001148
Finished QAOA for n=10 nodes, m=9 edges at 2026-08-06 13:35:20 on x86_64. Time taken: 105.99 seconds. Hours: 0.03 hours. Peak RAM: 0.52 MB.
Computing line approximation ratio
CSV writing for n=8 took 0.01 seconds; started at stardate 1786016120.9001236 and finished at stardate 1786016120.9085557
results: {8: 4.499999999743666}
durations: {10: 105.99263882637024}
Results saved to: Results/logs/adam/qaoa_results_adam_20260806_133315_pid3623982_Exp5_subexp4_standardWithHeuristic.csv
Global end time: 1786016120.9085662
Finalisation time: 0.00 seconds; started at stardate 1786016120.9085598 and finished at stardate 1786016120.9085698
Sum of all section times: 106.01 seconds
run_id: 91d13cd3
