Starting QAOA benchmark with global start time: 1787916989.32728
Benchmark parameters: {'optimiser': 'adam', 'optimiser_use_heuristic': False, 'heuristic_optimiser_iterations': None, 'heuristic_optimiser_sampleSize': None, 'circuit_type': 'hamqaoa', 'parameter_vector': [1, 1, 1], 'iterations_list': [75], 'learning_rate_adam': 0.001, 'depth_list': [1, 2, 3, 4, 5], 'n_start': None, 'n_end': None, 'singlet_injection': False, 'start_index_singlet': None, 'warm_start': True, 'warm_start_mode': 'standard', 'lasserre_level': 2, 'initial_solver_level_M': 2, 'sdp_seed': 42, 'sdp_solver_mode': 'scs', 'sdp_scs_eps': 1e-06, 'sdp_scs_max_iters': 100000, 'warm_start_corr_strength': None, 'warm_start_corr_repeats': None, 'compare_with_010101': False, 'init_QAOAparams_close_to_zero': False, 'use_correlations_as_initial_params': False, 'time_limit': None, 'failed_instance_termination_thrsh': None, 'graph_generation_type': 'hog', 'weighted': False, 'easiest_first': True, 'cpu_util_threshold': None, 'debug': False, 'save_circuit_svg': False, 'rerun_exclude_finished_instances': False, 'warm_start_cache_producer_only': False, 'qaoa_only_from_existing_warm_start_cache': True, 'optimiser_debug_iterations': None, 'num_repeats': 1, 'relative_graph_adjList_path': 'HOG_graphs/Exp5/list_454_graphs_adjacency_listhog_v04-12_bipartite.txt', 'persistent_warm_start_cache': True, 'warm_start_cache_dir': 'Results/warm_start_cache', 'warm_start_cache_max_file_mb': 512, 'warm_start_cache_max_total_gb': 60, 'sdp_max_parallel': 0, 'qaoa_max_parallel': 16, 'sdp_threads': 1, 'qaoa_threads': 1, 'sdp_memory_limit_total_gb': 0, 'sdp_memory_limit_single_gb': 0, 'sdp_memory_poll_seconds': 5, 'sdp_max_retries': 0, 'queue_poll_interval_seconds': 5, 'max_graph_vertices': 10, 'completed_result_csv_paths': [], 'qaoa_seed': 42, 'initialise_standard_warm_start_with_zero_angles': True, 'result_name_suffix': '_Exp8_standardZeroAngles_v2'}, Running QAOA with equal superposition
Benchmark run ID: de716d6a
Benchmark repeat index: 1
Configured SDP rounding seed: 42
QAOA seed used: 42
Processor: x86_64
Hostname: dacsgpu0003
Total RAM (GB): None
Physical cores: 64
Logical cores: 64
Python version: 3.11.15
Initialisation time: 0.00 seconds; started at stardate {'initialisation': 0.004272937774658203} and finished at stardate1787916989.33156
Loaded HOG graph index 243 with 11 edges.
Instance generation for n=243 took 0.01 seconds; started at stardate 1787916989.331566 and finished at stardate 1787916989.3407917
Running QAOA for n=10 nodes, m=11 edges...; Max iterations: 75
Warm-start cache: loading Results/warm_start_cache/list_454_graphs_adjacency_listhog_v04-12_bipartite__filehash_0815e7e8/hog_idx000243_73538882f4d8_seed42_L2_M2_amplified.npz
Warm-start cache: loaded in 0.0045 seconds; effective compute time=7632.644252538681
Edges: [(2, 7), (4, 7), (6, 9), (3, 5), (7, 9), (4, 6), (6, 8), (1, 8), (5, 9), (0, 9), (5, 8)], weights: [1.0, 1.0, 1.0, 1.0, 1.0, 1.0, 1.0, 1.0, 1.0, 1.0, 1.0], set of nodes: {0, 1, 2, 3, 4, 5, 6, 7, 8, 9}, n: 10 nodes, p: 2 layers, N_bayes: 75 iterations
Solving for uuid: 8750b5bf
Initial state injected as warm start
Running ADAM optimization with a single iteration (no debug loop)
8.735675245289919
QAOA optimisation for n=243 took 313.98 seconds; started at stardate 1787916989.340797 and finished at stardate 1787917303.3247273
Finished QAOA for n=10 nodes, m=11 edges at 2026-08-28 13:41:43 on x86_64. Time taken: 313.98 seconds. Hours: 0.09 hours. Peak RAM: 0.76 MB.
Unknown graph type for approximation ratio calculation; checking misc CSV.
Checking optimal_results_misc.csv for matching edges and weights...
Found matching exact result in misc CSV: 7.273066919426152
CSV writing for n=243 took 0.04 seconds; started at stardate 1787917303.3247368 and finished at stardate 1787917303.3646593
results: {243: 8.735675245289919}
durations: {10: 313.98393654823303}
Results saved to: Results/logs/adam/qaoa_results_adam_20260828_085422_pid2938011_Exp8_standardZeroAngles_v2.csv
Global end time: 1787917303.3646755
Finalisation time: 0.00 seconds; started at stardate 1787917303.3646648 and finished at stardate 1787917303.3646805
Sum of all section times: 314.04 seconds
run_id: de716d6a
