2026-04-14 14:15:31.965 system_profiler[97394:28416468] hw.cpufamily: 0x6f5129ac
Benchmark parameters: {'optimiser': 'ADAM', 'parameter_vector': [1, 1, 1], 'iterations_list': [100, 300, 500], 'depth_list': [1, 2, 3, 4, 5, 10, 15, 20], 'n_start': 2, 'n_end': 14, 'singlet_injection': False, 'start_index_singlet': 0, 'warm_start': True, 'compare_with_010101': False, 'warm_start_correlations': False, 'init_QAOAparams_close_to_zero': True, 'use_correlations_as_initial_params': False, 'time_limit': 10800, 'failed_instance_termination_thrsh': 10, 'graph_generation_type': 'complete', 'weighted': False, 'easiest_first': True, 'cpu_util_threshold': 90, 'debug': False, 'rerun_exclude_finished_instances': True}, Running QAOA with equal superposition
Benchmark run ID: 598dca49
Processor: Apple M4
Hostname: Mac-mini-som-tillhor-Julian.local
Total RAM (GB): 16.0
Physical cores: 10
Logical cores: 10
Python version: 3.13.1
Generating complete graph with 14 nodes...
Running QAOA for n=14 nodes, m=91 edges...; Max iterations: 100
Warm-start: using parameter_vector=[1, 1, 1]
Warm-start: starting SDP solve for n_vertices=14
Starting SDP solve (solver preference: MOSEK, fallback: SCS) for n_vertices=14, matrix_dim=42, edges=91
Finished SDP solve with MOSEK. status=optimal. elapsed_seconds=0.22
Rounding...
n_vertices: 14 for n = 42
Using seed None to generate random matrix for x.
r_0: [ 0.89707018 -0.2263959   0.37948649]
Product state qubit 0: [[0.68974325+0.j         0.44853509+0.11319795j]
 [0.44853509-0.11319795j 0.31025675+0.j        ]]
Diagonal entries of product state 0: [0.68974325 0.31025675]
r_1: [-0.58476314 -0.06673497 -0.8084544 ]
Product state qubit 1: [[ 0.0957728 +0.j         -0.29238157+0.03336748j]
 [-0.29238157-0.03336748j  0.9042272 +0.j        ]]
Diagonal entries of product state 1: [0.0957728 0.9042272]
r_2: [ 0.15716512  0.53558566 -0.82972714]
Product state qubit 2: [[0.08513643+0.j         0.07858256-0.26779283j]
 [0.07858256+0.26779283j 0.91486357+0.j        ]]
Diagonal entries of product state 2: [0.08513643 0.91486357]
r_3: [ 0.95493657 -0.08922192 -0.28308232]
Product state qubit 3: [[0.35845884+0.j         0.47746828+0.04461096j]
 [0.47746828-0.04461096j 0.64154116+0.j        ]]
Diagonal entries of product state 3: [0.35845884 0.64154116]
r_4: [-0.35526253 -0.92129329 -0.15813667]
Product state qubit 4: [[ 0.42093167+0.j         -0.17763126+0.46064665j]
 [-0.17763126-0.46064665j  0.57906833+0.j        ]]
Diagonal entries of product state 4: [0.42093167 0.57906833]
r_5: [ 0.17943578 -0.73801365  0.65049109]
Product state qubit 5: [[0.82524554+0.j         0.08971789+0.36900682j]
 [0.08971789-0.36900682j 0.17475446+0.j        ]]
Diagonal entries of product state 5: [0.82524554 0.17475446]
r_6: [-0.28030362  0.87077414  0.40395826]
Product state qubit 6: [[ 0.70197913+0.j         -0.14015181-0.43538707j]
 [-0.14015181+0.43538707j  0.29802087+0.j        ]]
Diagonal entries of product state 6: [0.70197913 0.29802087]
r_7: [-0.2427429  -0.88548     0.39623359]
Product state qubit 7: [[ 0.69811679+0.j      -0.12137145+0.44274j]
 [-0.12137145-0.44274j  0.30188321+0.j     ]]
Diagonal entries of product state 7: [0.69811679 0.30188321]
r_8: [ 0.94385619 -0.08851651 -0.3182771 ]
Product state qubit 8: [[0.34086145+0.j         0.4719281 +0.04425826j]
 [0.4719281 -0.04425826j 0.65913855+0.j        ]]
Diagonal entries of product state 8: [0.34086145 0.65913855]
r_9: [-0.24742599  0.96869341 -0.02033357]
Product state qubit 9: [[ 0.48983321+0.j         -0.123713  -0.48434671j]
 [-0.123713  +0.48434671j  0.51016679+0.j        ]]
Diagonal entries of product state 9: [0.48983321 0.51016679]
r_10: [0.69260968 0.63649599 0.33935922]
Product state qubit 10: [[0.66967961+0.j       0.34630484-0.318248j]
 [0.34630484+0.318248j 0.33032039+0.j      ]]
Diagonal entries of product state 10: [0.66967961 0.33032039]
r_11: [ 0.12123808 -0.99056311 -0.06392227]
Product state qubit 11: [[0.46803886+0.j         0.06061904+0.49528155j]
 [0.06061904-0.49528155j 0.53196114+0.j        ]]
Diagonal entries of product state 11: [0.46803886 0.53196114]
r_12: [-0.84402026 -0.29570432  0.44742457]
Product state qubit 12: [[ 0.72371229+0.j         -0.42201013+0.14785216j]
 [-0.42201013-0.14785216j  0.27628771+0.j        ]]
Diagonal entries of product state 12: [0.72371229 0.27628771]
r_13: [-0.98445303  0.15465149  0.08327751]
Product state qubit 13: [[ 0.54163876+0.j         -0.49222652-0.07732574j]
 [-0.49222652+0.07732574j  0.45836124+0.j        ]]
Diagonal entries of product state 13: [0.54163876 0.45836124]
y_scalar: False
[1, -1, -1, -1, -1, 1, 1, 1, -1, -1, 1, -1, 1, 1]
Check the cut: [1, -1, -1, -1, -1, 1, 1, 1, -1, -1, 1, -1, 1, 1]
49 in cut out of a total of 91 edges
Warm-start: SDP solve + rounding finished in 3.17 seconds
Warm-start: statevector build finished in 0.00 seconds
