2026-04-14 00:39:22.195 system_profiler[34269:26331132] hw.cpufamily: 0x6f5129ac
Benchmark parameters: {'optimiser': 'ADAM', 'parameter_vector': [1, 1, 1], 'iterations_list': [100, 300, 500], 'depth_list': [1, 2, 3, 4, 5, 10, 15, 20], 'n_start': 2, 'n_end': 14, 'singlet_injection': False, 'start_index_singlet': 0, 'warm_start': True, 'compare_with_010101': False, 'warm_start_correlations': False, 'init_QAOAparams_close_to_zero': True, 'use_correlations_as_initial_params': False, 'time_limit': 10800, 'failed_instance_termination_thrsh': 10, 'graph_generation_type': 'complete', 'weighted': False, 'easiest_first': True, 'cpu_util_threshold': 90, 'debug': False, 'rerun_exclude_finished_instances': True}, Running QAOA with equal superposition
Benchmark run ID: ffcbfe65
Processor: Apple M4
Hostname: Mac-mini-som-tillhor-Julian.local
Total RAM (GB): 16.0
Physical cores: 10
Logical cores: 10
Python version: 3.13.1
Generating complete graph with 8 nodes...
Running QAOA for n=8 nodes, m=28 edges...; Max iterations: 300
Warm-start: using parameter_vector=[1, 1, 1]
Warm-start: starting SDP solve for n_vertices=8
Starting SDP solve (solver preference: MOSEK, fallback: SCS) for n_vertices=8, matrix_dim=24, edges=28
Finished SDP solve with MOSEK. status=optimal. elapsed_seconds=0.08
Rounding...
n_vertices: 8 for n = 24
Using seed None to generate random matrix for x.
r_0: [-0.45125334  0.26266072 -0.85286562]
Product state qubit 0: [[ 0.07356719+0.j         -0.22562667-0.13133036j]
 [-0.22562667+0.13133036j  0.92643281+0.j        ]]
Diagonal entries of product state 0: [0.07356719 0.92643281]
r_1: [-0.95530959 -0.28907459 -0.06180186]
Product state qubit 1: [[ 0.46909907+0.j        -0.47765479+0.1445373j]
 [-0.47765479-0.1445373j  0.53090093+0.j       ]]
Diagonal entries of product state 1: [0.46909907 0.53090093]
r_2: [-0.87758004 -0.39580538 -0.27053904]
Product state qubit 2: [[ 0.36473048+0.j         -0.43879002+0.19790269j]
 [-0.43879002-0.19790269j  0.63526952+0.j        ]]
Diagonal entries of product state 2: [0.36473048 0.63526952]
r_3: [ 0.71998918 -0.19419706 -0.66626053]
Product state qubit 3: [[0.16686974+0.j         0.35999459+0.09709853j]
 [0.35999459-0.09709853j 0.83313026+0.j        ]]
Diagonal entries of product state 3: [0.16686974 0.83313026]
r_4: [-0.88277907 -0.1848412  -0.4318968 ]
Product state qubit 4: [[ 0.2840516 +0.j        -0.44138953+0.0924206j]
 [-0.44138953-0.0924206j  0.7159484 +0.j       ]]
Diagonal entries of product state 4: [0.2840516 0.7159484]
r_5: [ 0.52498116 -0.42217313  0.73902952]
Product state qubit 5: [[0.86951476+0.j         0.26249058+0.21108656j]
 [0.26249058-0.21108656j 0.13048524+0.j        ]]
Diagonal entries of product state 5: [0.86951476 0.13048524]
r_6: [0.8707502  0.31110328 0.38080026]
Product state qubit 6: [[0.69040013+0.j         0.4353751 -0.15555164j]
 [0.4353751 +0.15555164j 0.30959987+0.j        ]]
Diagonal entries of product state 6: [0.69040013 0.30959987]
r_7: [0.14302593 0.83311597 0.53428584]
Product state qubit 7: [[0.76714292+0.j         0.07151297-0.41655799j]
 [0.07151297+0.41655799j 0.23285708+0.j        ]]
Diagonal entries of product state 7: [0.76714292 0.23285708]
y_scalar: False
[-1, -1, -1, -1, -1, 1, 1, 1]
Check the cut: [-1, -1, -1, -1, -1, 1, 1, 1]
15 in cut out of a total of 28 edges
Warm-start: SDP solve + rounding finished in 0.09 seconds
Warm-start: statevector build finished in 0.00 seconds
warm_start_correlations: None
Edges: [(0, 1), (0, 2), (0, 3), (0, 4), (0, 5), (0, 6), (0, 7), (1, 2), (1, 3), (1, 4), (1, 5), (1, 6), (1, 7), (2, 3), (2, 4), (2, 5), (2, 6), (2, 7), (3, 4), (3, 5), (3, 6), (3, 7), (4, 5), (4, 6), (4, 7), (5, 6), (5, 7), (6, 7)], weights: [1.0, 1.0, 1.0, 1.0, 1.0, 1.0, 1.0, 1.0, 1.0, 1.0, 1.0, 1.0, 1.0, 1.0, 1.0, 1.0, 1.0, 1.0, 1.0, 1.0, 1.0, 1.0, 1.0, 1.0, 1.0, 1.0, 1.0, 1.0], set of nodes: {0, 1, 2, 3, 4, 5, 6, 7}, n: 8 nodes, p: 2 layers, N_bayes: 300 iterations
Initial state injected as warm start
Layer 0: Added Cost and Mixer unitaries with gamma=γ[0] and beta=β[0]
.rz and .ry mixer terms added in addition to classical .rx mixer
Layer 1: Added Cost and Mixer unitaries with gamma=γ[1] and beta=β[1]
.rz and .ry mixer terms added in addition to classical .rx mixer
Using random initial parameters with gamma [0.06121192 0.09225826] and beta [0.07524771 0.06023337]
7.846623668777409
Finished QAOA for n=8 nodes, m=28 edges at 2026-04-14 00:39:42 on Apple M4. Time taken: 19.85 seconds. Hours: 0.01 hours. Peak RAM: 258.77 MB.
Computing complete graph approximation ratio
results: {8: 7.846623668777409}
durations: {8: 19.853018760681152}
Results saved to: logs/ADAM/qaoa_results_ADAM_20260413_213043.csv
