2026-04-14 12:20:08.462 system_profiler[62256:28134222] hw.cpufamily: 0x6f5129ac
Benchmark parameters: {'optimiser': 'ADAM', 'parameter_vector': [1, 1, 1], 'iterations_list': [100, 300, 500], 'depth_list': [1, 2, 3, 4, 5, 10, 15, 20], 'n_start': 2, 'n_end': 14, 'singlet_injection': False, 'start_index_singlet': 0, 'warm_start': True, 'compare_with_010101': False, 'warm_start_correlations': False, 'init_QAOAparams_close_to_zero': True, 'use_correlations_as_initial_params': False, 'time_limit': 10800, 'failed_instance_termination_thrsh': 10, 'graph_generation_type': 'complete', 'weighted': False, 'easiest_first': True, 'cpu_util_threshold': 90, 'debug': False, 'rerun_exclude_finished_instances': True}, Running QAOA with equal superposition
Benchmark run ID: cb00051f
Processor: Apple M4
Hostname: Mac-mini-som-tillhor-Julian.local
Total RAM (GB): 16.0
Physical cores: 10
Logical cores: 10
Python version: 3.13.1
Generating complete graph with 8 nodes...
Running QAOA for n=8 nodes, m=28 edges...; Max iterations: 500
Warm-start: using parameter_vector=[1, 1, 1]
Warm-start: starting SDP solve for n_vertices=8
Starting SDP solve (solver preference: MOSEK, fallback: SCS) for n_vertices=8, matrix_dim=24, edges=28
Finished SDP solve with MOSEK. status=optimal. elapsed_seconds=0.08
Rounding...
n_vertices: 8 for n = 24
Using seed None to generate random matrix for x.
r_0: [-0.74268892  0.49084228 -0.45550744]
Product state qubit 0: [[ 0.27224628+0.j         -0.37134446-0.24542114j]
 [-0.37134446+0.24542114j  0.72775372+0.j        ]]
Diagonal entries of product state 0: [0.27224628 0.72775372]
r_1: [-0.39771398  0.90298637 -0.16260139]
Product state qubit 1: [[ 0.41869931+0.j         -0.19885699-0.45149318j]
 [-0.19885699+0.45149318j  0.58130069+0.j        ]]
Diagonal entries of product state 1: [0.41869931 0.58130069]
r_2: [ 0.0830548   0.70969595 -0.69959528]
Product state qubit 2: [[0.15020236+0.j         0.0415274 -0.35484798j]
 [0.0415274 +0.35484798j 0.84979764+0.j        ]]
Diagonal entries of product state 2: [0.15020236 0.84979764]
r_3: [ 0.07424651 -0.61705813 -0.78340712]
Product state qubit 3: [[0.10829644+0.j         0.03712326+0.30852906j]
 [0.03712326-0.30852906j 0.89170356+0.j        ]]
Diagonal entries of product state 3: [0.10829644 0.89170356]
r_4: [-0.27003941  0.13795058  0.95291571]
Product state qubit 4: [[ 0.97645786+0.j         -0.13501971-0.06897529j]
 [-0.13501971+0.06897529j  0.02354214+0.j        ]]
Diagonal entries of product state 4: [0.97645786 0.02354214]
r_5: [-0.39222044  0.22957863  0.89076191]
Product state qubit 5: [[ 0.94538096+0.j         -0.19611022-0.11478931j]
 [-0.19611022+0.11478931j  0.05461904+0.j        ]]
Diagonal entries of product state 5: [0.94538096 0.05461904]
r_6: [ 0.36442453 -0.42711683 -0.82750588]
Product state qubit 6: [[0.08624706+0.j         0.18221226+0.21355842j]
 [0.18221226-0.21355842j 0.91375294+0.j        ]]
Diagonal entries of product state 6: [0.08624706 0.91375294]
r_7: [ 0.71723879 -0.62615867 -0.30576763]
Product state qubit 7: [[0.34711619+0.j         0.35861939+0.31307934j]
 [0.35861939-0.31307934j 0.65288381+0.j        ]]
Diagonal entries of product state 7: [0.34711619 0.65288381]
y_scalar: False
[-1, -1, -1, -1, 1, 1, -1, -1]
Check the cut: [-1, -1, -1, -1, 1, 1, -1, -1]
12 in cut out of a total of 28 edges
Warm-start: SDP solve + rounding finished in 0.09 seconds
Warm-start: statevector build finished in 0.00 seconds
warm_start_correlations: None
Edges: [(0, 1), (0, 2), (0, 3), (0, 4), (0, 5), (0, 6), (0, 7), (1, 2), (1, 3), (1, 4), (1, 5), (1, 6), (1, 7), (2, 3), (2, 4), (2, 5), (2, 6), (2, 7), (3, 4), (3, 5), (3, 6), (3, 7), (4, 5), (4, 6), (4, 7), (5, 6), (5, 7), (6, 7)], weights: [1.0, 1.0, 1.0, 1.0, 1.0, 1.0, 1.0, 1.0, 1.0, 1.0, 1.0, 1.0, 1.0, 1.0, 1.0, 1.0, 1.0, 1.0, 1.0, 1.0, 1.0, 1.0, 1.0, 1.0, 1.0, 1.0, 1.0, 1.0], set of nodes: {0, 1, 2, 3, 4, 5, 6, 7}, n: 8 nodes, p: 5 layers, N_bayes: 500 iterations
Initial state injected as warm start
Layer 0: Added Cost and Mixer unitaries with gamma=γ[0] and beta=β[0]
.rz and .ry mixer terms added in addition to classical .rx mixer
Layer 1: Added Cost and Mixer unitaries with gamma=γ[1] and beta=β[1]
.rz and .ry mixer terms added in addition to classical .rx mixer
Layer 2: Added Cost and Mixer unitaries with gamma=γ[2] and beta=β[2]
.rz and .ry mixer terms added in addition to classical .rx mixer
Layer 3: Added Cost and Mixer unitaries with gamma=γ[3] and beta=β[3]
.rz and .ry mixer terms added in addition to classical .rx mixer
Layer 4: Added Cost and Mixer unitaries with gamma=γ[4] and beta=β[4]
.rz and .ry mixer terms added in addition to classical .rx mixer
Using random initial parameters with gamma [0.04293574 0.0809222  0.06770059 0.03968721 0.0951541 ] and beta [0.0971656  0.06616307 0.00549083 0.03226624 0.01201255]
7.638378169153468
Finished QAOA for n=8 nodes, m=28 edges at 2026-04-14 12:22:12 on Apple M4. Time taken: 124.51 seconds. Hours: 0.03 hours. Peak RAM: 257.45 MB.
Computing complete graph approximation ratio
results: {8: 7.638378169153468}
durations: {8: 124.5052580833435}
Results saved to: logs/ADAM/qaoa_results_ADAM_20260413_213043.csv
