2026-04-14 10:05:33.847 system_profiler[3300:27791624] hw.cpufamily: 0x6f5129ac
Benchmark parameters: {'optimiser': 'ADAM', 'parameter_vector': [1, 1, 1], 'iterations_list': [100, 300, 500], 'depth_list': [1, 2, 3, 4, 5, 10, 15, 20], 'n_start': 2, 'n_end': 14, 'singlet_injection': False, 'start_index_singlet': 0, 'warm_start': True, 'compare_with_010101': False, 'warm_start_correlations': False, 'init_QAOAparams_close_to_zero': True, 'use_correlations_as_initial_params': False, 'time_limit': 10800, 'failed_instance_termination_thrsh': 10, 'graph_generation_type': 'complete', 'weighted': False, 'easiest_first': True, 'cpu_util_threshold': 90, 'debug': False, 'rerun_exclude_finished_instances': True}, Running QAOA with equal superposition
Benchmark run ID: 678aef3f
Processor: Apple M4
Hostname: MinisomorJulian.tail6cc1a9.ts.net lan
Total RAM (GB): 16.0
Physical cores: 10
Logical cores: 10
Python version: 3.13.1
Generating complete graph with 6 nodes...
Running QAOA for n=6 nodes, m=15 edges...; Max iterations: 500
Warm-start: using parameter_vector=[1, 1, 1]
Warm-start: starting SDP solve for n_vertices=6
Starting SDP solve (solver preference: MOSEK, fallback: SCS) for n_vertices=6, matrix_dim=18, edges=15
Finished SDP solve with MOSEK. status=optimal. elapsed_seconds=0.05
Rounding...
n_vertices: 6 for n = 18
Using seed None to generate random matrix for x.
r_0: [-0.67402553 -0.7053862   0.21936247]
Product state qubit 0: [[ 0.60968123+0.j        -0.33701276+0.3526931j]
 [-0.33701276-0.3526931j  0.39031877+0.j       ]]
Diagonal entries of product state 0: [0.60968123 0.39031877]
r_1: [-0.28326387  0.81896563  0.49905598]
Product state qubit 1: [[ 0.74952799+0.j         -0.14163193-0.40948282j]
 [-0.14163193+0.40948282j  0.25047201+0.j        ]]
Diagonal entries of product state 1: [0.74952799 0.25047201]
r_2: [ 0.70690974  0.59130211 -0.38812424]
Product state qubit 2: [[0.30593788+0.j         0.35345487-0.29565106j]
 [0.35345487+0.29565106j 0.69406212+0.j        ]]
Diagonal entries of product state 2: [0.30593788 0.69406212]
r_3: [ 0.93194514  0.190948   -0.30824846]
Product state qubit 3: [[0.34587577+0.j       0.46597257-0.095474j]
 [0.46597257+0.095474j 0.65412423+0.j      ]]
Diagonal entries of product state 3: [0.34587577 0.65412423]
r_4: [-0.93159006 -0.19193523  0.30870832]
Product state qubit 4: [[ 0.65435416+0.j         -0.46579503+0.09596761j]
 [-0.46579503-0.09596761j  0.34564584+0.j        ]]
Diagonal entries of product state 4: [0.65435416 0.34564584]
r_5: [ 0.71022926 -0.29386206 -0.63970265]
Product state qubit 5: [[0.18014867+0.j         0.35511463+0.14693103j]
 [0.35511463-0.14693103j 0.81985133+0.j        ]]
Diagonal entries of product state 5: [0.18014867 0.81985133]
y_scalar: False
[1, 1, -1, -1, 1, -1]
Check the cut: [1, 1, -1, -1, 1, -1]
9 in cut out of a total of 15 edges
Warm-start: SDP solve + rounding finished in 0.06 seconds
Warm-start: statevector build finished in 0.00 seconds
warm_start_correlations: None
Edges: [(0, 1), (0, 2), (0, 3), (0, 4), (0, 5), (1, 2), (1, 3), (1, 4), (1, 5), (2, 3), (2, 4), (2, 5), (3, 4), (3, 5), (4, 5)], weights: [1.0, 1.0, 1.0, 1.0, 1.0, 1.0, 1.0, 1.0, 1.0, 1.0, 1.0, 1.0, 1.0, 1.0, 1.0], set of nodes: {0, 1, 2, 3, 4, 5}, n: 6 nodes, p: 5 layers, N_bayes: 500 iterations
Initial state injected as warm start
Layer 0: Added Cost and Mixer unitaries with gamma=γ[0] and beta=β[0]
.rz and .ry mixer terms added in addition to classical .rx mixer
Layer 1: Added Cost and Mixer unitaries with gamma=γ[1] and beta=β[1]
.rz and .ry mixer terms added in addition to classical .rx mixer
Layer 2: Added Cost and Mixer unitaries with gamma=γ[2] and beta=β[2]
.rz and .ry mixer terms added in addition to classical .rx mixer
Layer 3: Added Cost and Mixer unitaries with gamma=γ[3] and beta=β[3]
.rz and .ry mixer terms added in addition to classical .rx mixer
Layer 4: Added Cost and Mixer unitaries with gamma=γ[4] and beta=β[4]
.rz and .ry mixer terms added in addition to classical .rx mixer
Using random initial parameters with gamma [0.06274199 0.04378441 0.03432607 0.08774753 0.08050053] and beta [0.08398771 0.0057272  0.05894349 0.00303065 0.06348181]
4.440579495519199
Finished QAOA for n=6 nodes, m=15 edges at 2026-04-14 10:06:30 on Apple M4. Time taken: 56.23 seconds. Hours: 0.02 hours. Peak RAM: 219.0 MB.
Computing complete graph approximation ratio
results: {6: 4.440579495519199}
durations: {6: 56.22505712509155}
Results saved to: logs/ADAM/qaoa_results_ADAM_20260413_213043.csv
