2026-04-13 21:32:24.922 system_profiler[7500:25828794] hw.cpufamily: 0x6f5129ac
Benchmark parameters: {'optimiser': 'ADAM', 'parameter_vector': [1, 1, 1], 'iterations_list': [100, 300, 500], 'depth_list': [1, 2, 3, 4, 5, 10, 15, 20], 'n_start': 2, 'n_end': 14, 'singlet_injection': False, 'start_index_singlet': 0, 'warm_start': True, 'compare_with_010101': False, 'warm_start_correlations': False, 'init_QAOAparams_close_to_zero': True, 'use_correlations_as_initial_params': False, 'time_limit': 10800, 'failed_instance_termination_thrsh': 10, 'graph_generation_type': 'complete', 'weighted': False, 'easiest_first': True, 'cpu_util_threshold': 90, 'debug': False, 'rerun_exclude_finished_instances': True}, Running QAOA with equal superposition
Benchmark run ID: ab35bb1a
Processor: Apple M4
Hostname: Mac-mini-som-tillhor-Julian.local
Total RAM (GB): 16.0
Physical cores: 10
Logical cores: 10
Python version: 3.13.1
Generating complete graph with 13 nodes...
Running QAOA for n=13 nodes, m=78 edges...; Max iterations: 100
Warm-start: using parameter_vector=[1, 1, 1]
Warm-start: starting SDP solve for n_vertices=13
Starting SDP solve (solver preference: MOSEK, fallback: SCS) for n_vertices=13, matrix_dim=39, edges=78
Finished SDP solve with MOSEK. status=optimal. elapsed_seconds=0.13
Rounding...
n_vertices: 13 for n = 39
Using seed None to generate random matrix for x.
r_0: [ 0.25965318  0.5997116  -0.7569189 ]
Product state qubit 0: [[0.12154055+0.j        0.12982659-0.2998558j]
 [0.12982659+0.2998558j 0.87845945+0.j       ]]
Diagonal entries of product state 0: [0.12154055 0.87845945]
r_1: [-0.0199395   0.85337365  0.52091826]
Product state qubit 1: [[ 0.76045913+0.j         -0.00996975-0.42668683j]
 [-0.00996975+0.42668683j  0.23954087+0.j        ]]
Diagonal entries of product state 1: [0.76045913 0.23954087]
r_2: [-0.36676343 -0.82970424 -0.42080336]
Product state qubit 2: [[ 0.28959832+0.j         -0.18338171+0.41485212j]
 [-0.18338171-0.41485212j  0.71040168+0.j        ]]
Diagonal entries of product state 2: [0.28959832 0.71040168]
r_3: [ 0.05793907 -0.23103424  0.97121895]
Product state qubit 3: [[0.98560947+0.j         0.02896954+0.11551712j]
 [0.02896954-0.11551712j 0.01439053+0.j        ]]
Diagonal entries of product state 3: [0.98560947 0.01439053]
r_4: [-0.30314827 -0.53246095 -0.79030783]
Product state qubit 4: [[ 0.10484609+0.j         -0.15157414+0.26623048j]
 [-0.15157414-0.26623048j  0.89515391+0.j        ]]
Diagonal entries of product state 4: [0.10484609 0.89515391]
r_5: [-0.39027824 -0.8893904  -0.23804961]
Product state qubit 5: [[ 0.3809752 +0.j        -0.19513912+0.4446952j]
 [-0.19513912-0.4446952j  0.6190248 +0.j       ]]
Diagonal entries of product state 5: [0.3809752 0.6190248]
r_6: [ 0.57957025  0.71461546 -0.39169257]
Product state qubit 6: [[0.30415372+0.j         0.28978513-0.35730773j]
 [0.28978513+0.35730773j 0.69584628+0.j        ]]
Diagonal entries of product state 6: [0.30415372 0.69584628]
r_7: [0.7289353  0.30590563 0.61243373]
Product state qubit 7: [[0.80621687+0.j         0.36446765-0.15295282j]
 [0.36446765+0.15295282j 0.19378313+0.j        ]]
Diagonal entries of product state 7: [0.80621687 0.19378313]
r_8: [-0.24347388 -0.6514897   0.71852741]
Product state qubit 8: [[ 0.8592637 +0.j         -0.12173694+0.32574485j]
 [-0.12173694-0.32574485j  0.1407363 +0.j        ]]
Diagonal entries of product state 8: [0.8592637 0.1407363]
r_9: [-0.17407135 -0.67598693  0.71605924]
Product state qubit 9: [[ 0.85802962+0.j         -0.08703567+0.33799347j]
 [-0.08703567-0.33799347j  0.14197038+0.j        ]]
Diagonal entries of product state 9: [0.85802962 0.14197038]
r_10: [ 0.2993952   0.69010362 -0.65887746]
Product state qubit 10: [[0.17056127+0.j         0.1496976 -0.34505181j]
 [0.1496976 +0.34505181j 0.82943873+0.j        ]]
Diagonal entries of product state 10: [0.17056127 0.82943873]
r_11: [-0.85415523 -0.08260311  0.51341559]
Product state qubit 11: [[ 0.75670779+0.j         -0.42707762+0.04130156j]
 [-0.42707762-0.04130156j  0.24329221+0.j        ]]
Diagonal entries of product state 11: [0.75670779 0.24329221]
r_12: [0.7782604  0.41004561 0.47557686]
Product state qubit 12: [[0.73778843+0.j         0.3891302 -0.20502281j]
 [0.3891302 +0.20502281j 0.26221157+0.j        ]]
Diagonal entries of product state 12: [0.73778843 0.26221157]
y_scalar: False
[-1, 1, -1, 1, -1, -1, -1, 1, 1, 1, -1, 1, 1]
Check the cut: [-1, 1, -1, 1, -1, -1, -1, 1, 1, 1, -1, 1, 1]
42 in cut out of a total of 78 edges
Warm-start: SDP solve + rounding finished in 0.49 seconds
Warm-start: statevector build finished in 0.00 seconds
