2026-04-14 00:38:08.954 system_profiler[31841:26325797] hw.cpufamily: 0x6f5129ac
Benchmark parameters: {'optimiser': 'ADAM', 'parameter_vector': [1, 1, 1], 'iterations_list': [100, 300, 500], 'depth_list': [1, 2, 3, 4, 5, 10, 15, 20], 'n_start': 2, 'n_end': 14, 'singlet_injection': False, 'start_index_singlet': 0, 'warm_start': True, 'compare_with_010101': False, 'warm_start_correlations': False, 'init_QAOAparams_close_to_zero': True, 'use_correlations_as_initial_params': False, 'time_limit': 10800, 'failed_instance_termination_thrsh': 10, 'graph_generation_type': 'complete', 'weighted': False, 'easiest_first': True, 'cpu_util_threshold': 90, 'debug': False, 'rerun_exclude_finished_instances': True}, Running QAOA with equal superposition
Benchmark run ID: 18341057
Processor: Apple M4
Hostname: Mac-mini-som-tillhor-Julian.local
Total RAM (GB): 16.0
Physical cores: 10
Logical cores: 10
Python version: 3.13.1
Generating complete graph with 3 nodes...
Running QAOA for n=3 nodes, m=3 edges...; Max iterations: 100
Warm-start: using parameter_vector=[1, 1, 1]
Warm-start: starting SDP solve for n_vertices=3
Starting SDP solve (solver preference: MOSEK, fallback: SCS) for n_vertices=3, matrix_dim=9, edges=3
Finished SDP solve with MOSEK. status=optimal. elapsed_seconds=0.03
Rounding...
n_vertices: 3 for n = 9
Using seed None to generate random matrix for x.
r_0: [ 0.68883007 -0.55019282 -0.47201801]
Product state qubit 0: [[0.263991  +0.j         0.34441503+0.27509641j]
 [0.34441503-0.27509641j 0.736009  +0.j        ]]
Diagonal entries of product state 0: [0.263991 0.736009]
r_1: [-0.94632899 -0.17096516  0.27428516]
Product state qubit 1: [[ 0.63714258+0.j         -0.4731645 +0.08548258j]
 [-0.4731645 -0.08548258j  0.36285742+0.j        ]]
Diagonal entries of product state 1: [0.63714258 0.36285742]
r_2: [0.54952172 0.82472712 0.13360788]
Product state qubit 2: [[0.56680394+0.j         0.27476086-0.41236356j]
 [0.27476086+0.41236356j 0.43319606+0.j        ]]
Diagonal entries of product state 2: [0.56680394 0.43319606]
y_scalar: False
[-1, 1, 1]
Check the cut: [-1, 1, 1]
2 in cut out of a total of 3 edges
Warm-start: SDP solve + rounding finished in 0.03 seconds
Warm-start: statevector build finished in 0.00 seconds
warm_start_correlations: None
Edges: [(0, 1), (0, 2), (1, 2)], weights: [1.0, 1.0, 1.0], set of nodes: {0, 1, 2}, n: 3 nodes, p: 5 layers, N_bayes: 100 iterations
Initial state injected as warm start
Layer 0: Added Cost and Mixer unitaries with gamma=γ[0] and beta=β[0]
.rz and .ry mixer terms added in addition to classical .rx mixer
Layer 1: Added Cost and Mixer unitaries with gamma=γ[1] and beta=β[1]
.rz and .ry mixer terms added in addition to classical .rx mixer
Layer 2: Added Cost and Mixer unitaries with gamma=γ[2] and beta=β[2]
.rz and .ry mixer terms added in addition to classical .rx mixer
Layer 3: Added Cost and Mixer unitaries with gamma=γ[3] and beta=β[3]
.rz and .ry mixer terms added in addition to classical .rx mixer
Layer 4: Added Cost and Mixer unitaries with gamma=γ[4] and beta=β[4]
.rz and .ry mixer terms added in addition to classical .rx mixer
Using random initial parameters with gamma [0.0196375  0.00021814 0.04580814 0.07571402 0.09828221] and beta [0.05452201 0.00472408 0.02215325 0.00621613 0.05778493]
1.1124855137527463
Finished QAOA for n=3 nodes, m=3 edges at 2026-04-14 00:38:11 on Apple M4. Time taken: 2.78 seconds. Hours: 0.00 hours. Peak RAM: 212.16 MB.
Computing complete graph approximation ratio
results: {3: 1.1124855137527463}
durations: {3: 2.784292221069336}
Results saved to: logs/ADAM/qaoa_results_ADAM_20260413_213043.csv
