2026-04-14 00:38:34.297 system_profiler[32674:26327549] hw.cpufamily: 0x6f5129ac
Benchmark parameters: {'optimiser': 'ADAM', 'parameter_vector': [1, 1, 1], 'iterations_list': [100, 300, 500], 'depth_list': [1, 2, 3, 4, 5, 10, 15, 20], 'n_start': 2, 'n_end': 14, 'singlet_injection': False, 'start_index_singlet': 0, 'warm_start': True, 'compare_with_010101': False, 'warm_start_correlations': False, 'init_QAOAparams_close_to_zero': True, 'use_correlations_as_initial_params': False, 'time_limit': 10800, 'failed_instance_termination_thrsh': 10, 'graph_generation_type': 'complete', 'weighted': False, 'easiest_first': True, 'cpu_util_threshold': 90, 'debug': False, 'rerun_exclude_finished_instances': True}, Running QAOA with equal superposition
Benchmark run ID: 5f524584
Processor: Apple M4
Hostname: Mac-mini-som-tillhor-Julian.local
Total RAM (GB): 16.0
Physical cores: 10
Logical cores: 10
Python version: 3.13.1
Generating complete graph with 9 nodes...
Running QAOA for n=9 nodes, m=36 edges...; Max iterations: 100
Warm-start: using parameter_vector=[1, 1, 1]
Warm-start: starting SDP solve for n_vertices=9
Starting SDP solve (solver preference: MOSEK, fallback: SCS) for n_vertices=9, matrix_dim=27, edges=36
Finished SDP solve with MOSEK. status=optimal. elapsed_seconds=0.09
Rounding...
n_vertices: 9 for n = 27
Using seed None to generate random matrix for x.
r_0: [ 0.36844581 -0.9268028   0.07269293]
Product state qubit 0: [[0.53634647+0.j        0.18422291+0.4634014j]
 [0.18422291-0.4634014j 0.46365353+0.j       ]]
Diagonal entries of product state 0: [0.53634647 0.46365353]
r_1: [-0.92659221 -0.18154433 -0.32934562]
Product state qubit 1: [[ 0.33532719+0.j         -0.4632961 +0.09077217j]
 [-0.4632961 -0.09077217j  0.66467281+0.j        ]]
Diagonal entries of product state 1: [0.33532719 0.66467281]
r_2: [-0.13889424 -0.11065455  0.98410567]
Product state qubit 2: [[ 0.99205283+0.j         -0.06944712+0.05532728j]
 [-0.06944712-0.05532728j  0.00794717+0.j        ]]
Diagonal entries of product state 2: [0.99205283 0.00794717]
r_3: [ 0.19900127 -0.87539189  0.44055366]
Product state qubit 3: [[0.72027683+0.j         0.09950064+0.43769595j]
 [0.09950064-0.43769595j 0.27972317+0.j        ]]
Diagonal entries of product state 3: [0.72027683 0.27972317]
r_4: [ 0.69638872 -0.36660592 -0.61696261]
Product state qubit 4: [[0.1915187 +0.j         0.34819436+0.18330296j]
 [0.34819436-0.18330296j 0.8084813 +0.j        ]]
Diagonal entries of product state 4: [0.1915187 0.8084813]
r_5: [-0.2558675   0.7814881  -0.56904145]
Product state qubit 5: [[ 0.21547927+0.j         -0.12793375-0.39074405j]
 [-0.12793375+0.39074405j  0.78452073+0.j        ]]
Diagonal entries of product state 5: [0.21547927 0.78452073]
r_6: [-0.2493069   0.92627372  0.28260054]
Product state qubit 6: [[ 0.64130027+0.j         -0.12465345-0.46313686j]
 [-0.12465345+0.46313686j  0.35869973+0.j        ]]
Diagonal entries of product state 6: [0.64130027 0.35869973]
r_7: [ 0.09443001  0.17177892 -0.98059929]
Product state qubit 7: [[0.00970035+0.j         0.047215  -0.08588946j]
 [0.047215  +0.08588946j 0.99029965+0.j        ]]
Diagonal entries of product state 7: [0.00970035 0.99029965]
r_8: [0.62361892 0.09753191 0.77562038]
Product state qubit 8: [[0.88781019+0.j         0.31180946-0.04876596j]
 [0.31180946+0.04876596j 0.11218981+0.j        ]]
Diagonal entries of product state 8: [0.88781019 0.11218981]
y_scalar: False
[1, -1, 1, 1, -1, -1, 1, -1, 1]
Check the cut: [1, -1, 1, 1, -1, -1, 1, -1, 1]
20 in cut out of a total of 36 edges
Warm-start: SDP solve + rounding finished in 0.09 seconds
Warm-start: statevector build finished in 0.00 seconds
warm_start_correlations: None
Edges: [(0, 1), (0, 2), (0, 3), (0, 4), (0, 5), (0, 6), (0, 7), (0, 8), (1, 2), (1, 3), (1, 4), (1, 5), (1, 6), (1, 7), (1, 8), (2, 3), (2, 4), (2, 5), (2, 6), (2, 7), (2, 8), (3, 4), (3, 5), (3, 6), (3, 7), (3, 8), (4, 5), (4, 6), (4, 7), (4, 8), (5, 6), (5, 7), (5, 8), (6, 7), (6, 8), (7, 8)], weights: [1.0, 1.0, 1.0, 1.0, 1.0, 1.0, 1.0, 1.0, 1.0, 1.0, 1.0, 1.0, 1.0, 1.0, 1.0, 1.0, 1.0, 1.0, 1.0, 1.0, 1.0, 1.0, 1.0, 1.0, 1.0, 1.0, 1.0, 1.0, 1.0, 1.0, 1.0, 1.0, 1.0, 1.0, 1.0, 1.0], set of nodes: {0, 1, 2, 3, 4, 5, 6, 7, 8}, n: 9 nodes, p: 3 layers, N_bayes: 100 iterations
Initial state injected as warm start
Layer 0: Added Cost and Mixer unitaries with gamma=γ[0] and beta=β[0]
.rz and .ry mixer terms added in addition to classical .rx mixer
Layer 1: Added Cost and Mixer unitaries with gamma=γ[1] and beta=β[1]
.rz and .ry mixer terms added in addition to classical .rx mixer
Layer 2: Added Cost and Mixer unitaries with gamma=γ[2] and beta=β[2]
.rz and .ry mixer terms added in addition to classical .rx mixer
Using random initial parameters with gamma [0.09110509 0.08133857 0.06265231] and beta [0.08764056 0.07178961 0.08116383]
10.074144336547192
Finished QAOA for n=9 nodes, m=36 edges at 2026-04-14 00:39:09 on Apple M4. Time taken: 34.75 seconds. Hours: 0.01 hours. Peak RAM: 396.34 MB.
Computing complete graph approximation ratio
results: {9: 10.074144336547192}
durations: {9: 34.75303101539612}
Results saved to: logs/ADAM/qaoa_results_ADAM_20260413_213043.csv
