2026-04-14 16:32:13.545 system_profiler[58489:28751895] hw.cpufamily: 0x6f5129ac
Benchmark parameters: {'optimiser': 'ADAM', 'parameter_vector': [1, 1, 1], 'iterations_list': [100, 300, 500], 'depth_list': [1, 2, 3, 4, 5, 10, 15, 20], 'n_start': 2, 'n_end': 14, 'singlet_injection': False, 'start_index_singlet': 0, 'warm_start': True, 'compare_with_010101': False, 'warm_start_correlations': False, 'init_QAOAparams_close_to_zero': True, 'use_correlations_as_initial_params': False, 'time_limit': 10800, 'failed_instance_termination_thrsh': 10, 'graph_generation_type': 'complete', 'weighted': False, 'easiest_first': True, 'cpu_util_threshold': 90, 'debug': False, 'rerun_exclude_finished_instances': True}, Running QAOA with equal superposition
Benchmark run ID: 9063a862
Processor: Apple M4
Hostname: Mac-mini-som-tillhor-Julian.local
Total RAM (GB): 16.0
Physical cores: 10
Logical cores: 10
Python version: 3.13.1
Generating complete graph with 5 nodes...
Running QAOA for n=5 nodes, m=10 edges...; Max iterations: 500
Warm-start: using parameter_vector=[1, 1, 1]
Warm-start: starting SDP solve for n_vertices=5
Starting SDP solve (solver preference: MOSEK, fallback: SCS) for n_vertices=5, matrix_dim=15, edges=10
Finished SDP solve with MOSEK. status=optimal. elapsed_seconds=0.05
Rounding...
n_vertices: 5 for n = 15
Using seed None to generate random matrix for x.
r_0: [-0.42277279 -0.77319919 -0.47267979]
Product state qubit 0: [[ 0.26366011+0.j        -0.21138639+0.3865996j]
 [-0.21138639-0.3865996j  0.73633989+0.j       ]]
Diagonal entries of product state 0: [0.26366011 0.73633989]
r_1: [-0.19042049  0.58091578  0.79137658]
Product state qubit 1: [[ 0.89568829+0.j         -0.09521025-0.29045789j]
 [-0.09521025+0.29045789j  0.10431171+0.j        ]]
Diagonal entries of product state 1: [0.89568829 0.10431171]
r_2: [-0.03065823 -0.90978675  0.4139422 ]
Product state qubit 2: [[ 0.7069711 +0.j         -0.01532912+0.45489337j]
 [-0.01532912-0.45489337j  0.2930289 +0.j        ]]
Diagonal entries of product state 2: [0.7069711 0.2930289]
r_3: [ 0.50720372  0.64131007 -0.57573064]
Product state qubit 3: [[0.21213468+0.j         0.25360186-0.32065504j]
 [0.25360186+0.32065504j 0.78786532+0.j        ]]
Diagonal entries of product state 3: [0.21213468 0.78786532]
r_4: [-0.43759329  0.3820464  -0.81397338]
Product state qubit 4: [[ 0.09301331+0.j        -0.21879664-0.1910232j]
 [-0.21879664+0.1910232j  0.90698669+0.j       ]]
Diagonal entries of product state 4: [0.09301331 0.90698669]
y_scalar: False
[-1, 1, 1, -1, -1]
Check the cut: [-1, 1, 1, -1, -1]
6 in cut out of a total of 10 edges
Warm-start: SDP solve + rounding finished in 0.06 seconds
Warm-start: statevector build finished in 0.00 seconds
warm_start_correlations: None
Edges: [(0, 1), (0, 2), (0, 3), (0, 4), (1, 2), (1, 3), (1, 4), (2, 3), (2, 4), (3, 4)], weights: [1.0, 1.0, 1.0, 1.0, 1.0, 1.0, 1.0, 1.0, 1.0, 1.0], set of nodes: {0, 1, 2, 3, 4}, n: 5 nodes, p: 10 layers, N_bayes: 500 iterations
Initial state injected as warm start
Layer 0: Added Cost and Mixer unitaries with gamma=γ[0] and beta=β[0]
.rz and .ry mixer terms added in addition to classical .rx mixer
Layer 1: Added Cost and Mixer unitaries with gamma=γ[1] and beta=β[1]
.rz and .ry mixer terms added in addition to classical .rx mixer
Layer 2: Added Cost and Mixer unitaries with gamma=γ[2] and beta=β[2]
.rz and .ry mixer terms added in addition to classical .rx mixer
Layer 3: Added Cost and Mixer unitaries with gamma=γ[3] and beta=β[3]
.rz and .ry mixer terms added in addition to classical .rx mixer
Layer 4: Added Cost and Mixer unitaries with gamma=γ[4] and beta=β[4]
.rz and .ry mixer terms added in addition to classical .rx mixer
Layer 5: Added Cost and Mixer unitaries with gamma=γ[5] and beta=β[5]
.rz and .ry mixer terms added in addition to classical .rx mixer
Layer 6: Added Cost and Mixer unitaries with gamma=γ[6] and beta=β[6]
.rz and .ry mixer terms added in addition to classical .rx mixer
Layer 7: Added Cost and Mixer unitaries with gamma=γ[7] and beta=β[7]
.rz and .ry mixer terms added in addition to classical .rx mixer
Layer 8: Added Cost and Mixer unitaries with gamma=γ[8] and beta=β[8]
.rz and .ry mixer terms added in addition to classical .rx mixer
Layer 9: Added Cost and Mixer unitaries with gamma=γ[9] and beta=β[9]
.rz and .ry mixer terms added in addition to classical .rx mixer
Using random initial parameters with gamma [0.02645837 0.07851499 0.05762061 0.05789509 0.08285539 0.00050001
 0.02554574 0.07404966 0.06917314 0.06753197] and beta [0.03550077 0.00924187 0.06864605 0.03105815 0.0412142  0.09646677
 0.0490985  0.0146669  0.07410593 0.06586686]
3.0290396118512346
Finished QAOA for n=5 nodes, m=10 edges at 2026-04-14 16:34:30 on Apple M4. Time taken: 136.47 seconds. Hours: 0.04 hours. Peak RAM: 219.3 MB.
Computing complete graph approximation ratio
results: {5: 3.0290396118512346}
durations: {5: 136.4662299156189}
Results saved to: logs/ADAM/qaoa_results_ADAM_20260413_213043.csv
