2026-04-15 02:52:05.700 system_profiler[86650:30288411] hw.cpufamily: 0x6f5129ac
Benchmark parameters: {'optimiser': 'ADAM', 'parameter_vector': [1, 1, 1], 'iterations_list': [100, 300, 500], 'depth_list': [1, 2, 3, 4, 5, 10, 15, 20], 'n_start': 2, 'n_end': 14, 'singlet_injection': False, 'start_index_singlet': 0, 'warm_start': True, 'compare_with_010101': False, 'warm_start_correlations': False, 'init_QAOAparams_close_to_zero': True, 'use_correlations_as_initial_params': False, 'time_limit': 10800, 'failed_instance_termination_thrsh': 10, 'graph_generation_type': 'complete', 'weighted': False, 'easiest_first': True, 'cpu_util_threshold': 90, 'debug': False, 'rerun_exclude_finished_instances': True}, Running QAOA with equal superposition
Benchmark run ID: 7f80596b
Processor: Apple M4
Hostname: Mac-mini-som-tillhor-Julian.local
Total RAM (GB): 16.0
Physical cores: 10
Logical cores: 10
Python version: 3.13.1
Generating complete graph with 14 nodes...
Running QAOA for n=14 nodes, m=91 edges...; Max iterations: 300
Warm-start: using parameter_vector=[1, 1, 1]
Warm-start: starting SDP solve for n_vertices=14
Starting SDP solve (solver preference: MOSEK, fallback: SCS) for n_vertices=14, matrix_dim=42, edges=91
Finished SDP solve with MOSEK. status=optimal. elapsed_seconds=0.22
Rounding...
n_vertices: 14 for n = 42
Using seed None to generate random matrix for x.
r_0: [-0.53060693  0.74221725  0.40935295]
Product state qubit 0: [[ 0.70467648+0.j         -0.26530347-0.37110862j]
 [-0.26530347+0.37110862j  0.29532352+0.j        ]]
Diagonal entries of product state 0: [0.70467648 0.29532352]
r_1: [-0.46884272  0.70833027 -0.5276881 ]
Product state qubit 1: [[ 0.23615595+0.j         -0.23442136-0.35416514j]
 [-0.23442136+0.35416514j  0.76384405+0.j        ]]
Diagonal entries of product state 1: [0.23615595 0.76384405]
r_2: [ 0.61557368 -0.78555599 -0.06301443]
Product state qubit 2: [[0.46849278+0.j       0.30778684+0.392778j]
 [0.30778684-0.392778j 0.53150722+0.j      ]]
Diagonal entries of product state 2: [0.46849278 0.53150722]
r_3: [-0.09832527  0.63329184  0.76764157]
Product state qubit 3: [[ 0.88382079+0.j         -0.04916263-0.31664592j]
 [-0.04916263+0.31664592j  0.11617921+0.j        ]]
Diagonal entries of product state 3: [0.88382079 0.11617921]
r_4: [ 0.48049544  0.48392872 -0.73139396]
Product state qubit 4: [[0.13430302+0.j         0.24024772-0.24196436j]
 [0.24024772+0.24196436j 0.86569698+0.j        ]]
Diagonal entries of product state 4: [0.13430302 0.86569698]
r_5: [0.86047198 0.19744573 0.46968411]
Product state qubit 5: [[0.73484205+0.j         0.43023599-0.09872287j]
 [0.43023599+0.09872287j 0.26515795+0.j        ]]
Diagonal entries of product state 5: [0.73484205 0.26515795]
r_6: [ 0.27696846 -0.87478739  0.39753677]
Product state qubit 6: [[0.69876839+0.j        0.13848423+0.4373937j]
 [0.13848423-0.4373937j 0.30123161+0.j       ]]
Diagonal entries of product state 6: [0.69876839 0.30123161]
r_7: [-0.54345823 -0.66459833 -0.51279841]
Product state qubit 7: [[ 0.2436008 +0.j         -0.27172912+0.33229917j]
 [-0.27172912-0.33229917j  0.7563992 +0.j        ]]
Diagonal entries of product state 7: [0.2436008 0.7563992]
r_8: [-0.98330169  0.13367681 -0.12348401]
Product state qubit 8: [[ 0.43825799+0.j         -0.49165084-0.06683841j]
 [-0.49165084+0.06683841j  0.56174201+0.j        ]]
Diagonal entries of product state 8: [0.43825799 0.56174201]
r_9: [-0.16119018 -0.38007029 -0.9108042 ]
Product state qubit 9: [[ 0.0445979 +0.j         -0.08059509+0.19003515j]
 [-0.08059509-0.19003515j  0.9554021 +0.j        ]]
Diagonal entries of product state 9: [0.0445979 0.9554021]
r_10: [-0.06605747 -0.99617578  0.05718587]
Product state qubit 10: [[ 0.52859293+0.j         -0.03302873+0.49808789j]
 [-0.03302873-0.49808789j  0.47140707+0.j        ]]
Diagonal entries of product state 10: [0.52859293 0.47140707]
r_11: [0.66932638 0.54148546 0.50871966]
Product state qubit 11: [[0.75435983+0.j         0.33466319-0.27074273j]
 [0.33466319+0.27074273j 0.24564017+0.j        ]]
Diagonal entries of product state 11: [0.75435983 0.24564017]
r_12: [0.00580502 0.15406611 0.98804349]
Product state qubit 12: [[0.99402174+0.j         0.00290251-0.07703305j]
 [0.00290251+0.07703305j 0.00597826+0.j        ]]
Diagonal entries of product state 12: [0.99402174 0.00597826]
r_13: [-0.45477935 -0.47809365 -0.75140016]
Product state qubit 13: [[ 0.12429992+0.j         -0.22738968+0.23904683j]
 [-0.22738968-0.23904683j  0.87570008+0.j        ]]
Diagonal entries of product state 13: [0.12429992 0.87570008]
y_scalar: False
[1, -1, -1, 1, -1, 1, 1, -1, -1, -1, 1, 1, 1, -1]
Check the cut: [1, -1, -1, 1, -1, 1, 1, -1, -1, -1, 1, 1, 1, -1]
49 in cut out of a total of 91 edges
Warm-start: SDP solve + rounding finished in 2.72 seconds
Warm-start: statevector build finished in 0.00 seconds
