2026-04-14 00:37:46.948 system_profiler[31161:26324395] hw.cpufamily: 0x6f5129ac
Benchmark parameters: {'optimiser': 'ADAM', 'parameter_vector': [1, 1, 1], 'iterations_list': [100, 300, 500], 'depth_list': [1, 2, 3, 4, 5, 10, 15, 20], 'n_start': 2, 'n_end': 14, 'singlet_injection': False, 'start_index_singlet': 0, 'warm_start': True, 'compare_with_010101': False, 'warm_start_correlations': False, 'init_QAOAparams_close_to_zero': True, 'use_correlations_as_initial_params': False, 'time_limit': 10800, 'failed_instance_termination_thrsh': 10, 'graph_generation_type': 'complete', 'weighted': False, 'easiest_first': True, 'cpu_util_threshold': 90, 'debug': False, 'rerun_exclude_finished_instances': True}, Running QAOA with equal superposition
Benchmark run ID: aaadbb98
Processor: Apple M4
Hostname: Mac-mini-som-tillhor-Julian.local
Total RAM (GB): 16.0
Physical cores: 10
Logical cores: 10
Python version: 3.13.1
Generating complete graph with 8 nodes...
Running QAOA for n=8 nodes, m=28 edges...; Max iterations: 100
Warm-start: using parameter_vector=[1, 1, 1]
Warm-start: starting SDP solve for n_vertices=8
Starting SDP solve (solver preference: MOSEK, fallback: SCS) for n_vertices=8, matrix_dim=24, edges=28
Finished SDP solve with MOSEK. status=optimal. elapsed_seconds=0.09
Rounding...
n_vertices: 8 for n = 24
Using seed None to generate random matrix for x.
r_0: [-0.93140118  0.35671227  0.07244444]
Product state qubit 0: [[ 0.53622222+0.j         -0.46570059-0.17835613j]
 [-0.46570059+0.17835613j  0.46377778+0.j        ]]
Diagonal entries of product state 0: [0.53622222 0.46377778]
r_1: [ 0.57548606 -0.27991639 -0.76841565]
Product state qubit 1: [[0.11579217+0.j        0.28774303+0.1399582j]
 [0.28774303-0.1399582j 0.88420783+0.j       ]]
Diagonal entries of product state 1: [0.11579217 0.88420783]
r_2: [ 0.69124496 -0.01168339 -0.72252606]
Product state qubit 2: [[0.13873697+0.j         0.34562248+0.00584169j]
 [0.34562248-0.00584169j 0.86126303+0.j        ]]
Diagonal entries of product state 2: [0.13873697 0.86126303]
r_3: [-0.90425324 -0.26395964 -0.3356358 ]
Product state qubit 3: [[ 0.3321821 +0.j         -0.45212662+0.13197982j]
 [-0.45212662-0.13197982j  0.6678179 +0.j        ]]
Diagonal entries of product state 3: [0.3321821 0.6678179]
r_4: [0.89864164 0.35158436 0.26235784]
Product state qubit 4: [[0.63117892+0.j         0.44932082-0.17579218j]
 [0.44932082+0.17579218j 0.36882108+0.j        ]]
Diagonal entries of product state 4: [0.63117892 0.36882108]
r_5: [-0.62858773 -0.21130413  0.74848382]
Product state qubit 5: [[ 0.87424191+0.j         -0.31429387+0.10565206j]
 [-0.31429387-0.10565206j  0.12575809+0.j        ]]
Diagonal entries of product state 5: [0.87424191 0.12575809]
r_6: [ 0.97735761  0.04653273 -0.20641417]
Product state qubit 6: [[0.39679292+0.j         0.4886788 -0.02326636j]
 [0.4886788 +0.02326636j 0.60320708+0.j        ]]
Diagonal entries of product state 6: [0.39679292 0.60320708]
r_7: [-0.1788137   0.00232868  0.98388019]
Product state qubit 7: [[ 0.9919401 +0.j         -0.08940685-0.00116434j]
 [-0.08940685+0.00116434j  0.0080599 +0.j        ]]
Diagonal entries of product state 7: [0.9919401 0.0080599]
y_scalar: False
[1, -1, -1, -1, 1, 1, -1, 1]
Check the cut: [1, -1, -1, -1, 1, 1, -1, 1]
16 in cut out of a total of 28 edges
Warm-start: SDP solve + rounding finished in 0.10 seconds
Warm-start: statevector build finished in 0.00 seconds
warm_start_correlations: None
Edges: [(0, 1), (0, 2), (0, 3), (0, 4), (0, 5), (0, 6), (0, 7), (1, 2), (1, 3), (1, 4), (1, 5), (1, 6), (1, 7), (2, 3), (2, 4), (2, 5), (2, 6), (2, 7), (3, 4), (3, 5), (3, 6), (3, 7), (4, 5), (4, 6), (4, 7), (5, 6), (5, 7), (6, 7)], weights: [1.0, 1.0, 1.0, 1.0, 1.0, 1.0, 1.0, 1.0, 1.0, 1.0, 1.0, 1.0, 1.0, 1.0, 1.0, 1.0, 1.0, 1.0, 1.0, 1.0, 1.0, 1.0, 1.0, 1.0, 1.0, 1.0, 1.0, 1.0], set of nodes: {0, 1, 2, 3, 4, 5, 6, 7}, n: 8 nodes, p: 3 layers, N_bayes: 100 iterations
Initial state injected as warm start
Layer 0: Added Cost and Mixer unitaries with gamma=γ[0] and beta=β[0]
.rz and .ry mixer terms added in addition to classical .rx mixer
Layer 1: Added Cost and Mixer unitaries with gamma=γ[1] and beta=β[1]
.rz and .ry mixer terms added in addition to classical .rx mixer
Layer 2: Added Cost and Mixer unitaries with gamma=γ[2] and beta=β[2]
.rz and .ry mixer terms added in addition to classical .rx mixer
Using random initial parameters with gamma [0.09954179 0.00452602 0.02615162] and beta [0.08007528 0.04804076 0.04892724]
7.968632922940821
Finished QAOA for n=8 nodes, m=28 edges at 2026-04-14 00:37:57 on Apple M4. Time taken: 10.32 seconds. Hours: 0.00 hours. Peak RAM: 233.0 MB.
Computing complete graph approximation ratio
results: {8: 7.968632922940821}
durations: {8: 10.321925163269043}
Results saved to: logs/ADAM/qaoa_results_ADAM_20260413_213043.csv
