2026-04-14 01:30:37.845 system_profiler[95830:26465685] hw.cpufamily: 0x6f5129ac
Benchmark parameters: {'optimiser': 'ADAM', 'parameter_vector': [1, 1, 1], 'iterations_list': [100, 300, 500], 'depth_list': [1, 2, 3, 4, 5, 10, 15, 20], 'n_start': 2, 'n_end': 14, 'singlet_injection': False, 'start_index_singlet': 0, 'warm_start': True, 'compare_with_010101': False, 'warm_start_correlations': False, 'init_QAOAparams_close_to_zero': True, 'use_correlations_as_initial_params': False, 'time_limit': 10800, 'failed_instance_termination_thrsh': 10, 'graph_generation_type': 'complete', 'weighted': False, 'easiest_first': True, 'cpu_util_threshold': 90, 'debug': False, 'rerun_exclude_finished_instances': True}, Running QAOA with equal superposition
Benchmark run ID: 66d51e69
Processor: Apple M4
Hostname: Mac-mini-som-tillhor-Julian.local
Total RAM (GB): 16.0
Physical cores: 10
Logical cores: 10
Python version: 3.13.1
Generating complete graph with 3 nodes...
Running QAOA for n=3 nodes, m=3 edges...; Max iterations: 300
Warm-start: using parameter_vector=[1, 1, 1]
Warm-start: starting SDP solve for n_vertices=3
Starting SDP solve (solver preference: MOSEK, fallback: SCS) for n_vertices=3, matrix_dim=9, edges=3
Finished SDP solve with MOSEK. status=optimal. elapsed_seconds=0.03
Rounding...
n_vertices: 3 for n = 9
Using seed None to generate random matrix for x.
r_0: [-0.27797819  0.21633685  0.93590945]
Product state qubit 0: [[ 0.96795472+0.j         -0.13898909-0.10816842j]
 [-0.13898909+0.10816842j  0.03204528+0.j        ]]
Diagonal entries of product state 0: [0.96795472 0.03204528]
r_1: [ 0.12396168  0.43271233 -0.89296895]
Product state qubit 1: [[0.05351553+0.j         0.06198084-0.21635617j]
 [0.06198084+0.21635617j 0.94648447+0.j        ]]
Diagonal entries of product state 1: [0.05351553 0.94648447]
r_2: [ 0.3130105  -0.68985109 -0.65278626]
Product state qubit 2: [[0.17360687+0.j         0.15650525+0.34492554j]
 [0.15650525-0.34492554j 0.82639313+0.j        ]]
Diagonal entries of product state 2: [0.17360687 0.82639313]
y_scalar: False
[1, -1, -1]
Check the cut: [1, -1, -1]
2 in cut out of a total of 3 edges
Warm-start: SDP solve + rounding finished in 0.04 seconds
Warm-start: statevector build finished in 0.00 seconds
warm_start_correlations: None
Edges: [(0, 1), (0, 2), (1, 2)], weights: [1.0, 1.0, 1.0], set of nodes: {0, 1, 2}, n: 3 nodes, p: 4 layers, N_bayes: 300 iterations
Initial state injected as warm start
Layer 0: Added Cost and Mixer unitaries with gamma=γ[0] and beta=β[0]
.rz and .ry mixer terms added in addition to classical .rx mixer
Layer 1: Added Cost and Mixer unitaries with gamma=γ[1] and beta=β[1]
.rz and .ry mixer terms added in addition to classical .rx mixer
Layer 2: Added Cost and Mixer unitaries with gamma=γ[2] and beta=β[2]
.rz and .ry mixer terms added in addition to classical .rx mixer
Layer 3: Added Cost and Mixer unitaries with gamma=γ[3] and beta=β[3]
.rz and .ry mixer terms added in addition to classical .rx mixer
Using random initial parameters with gamma [0.05848368 0.09556577 0.0532067  0.00609561] and beta [0.06438713 0.09858694 0.08698328 0.01589372]
1.075143033150179
Finished QAOA for n=3 nodes, m=3 edges at 2026-04-14 01:30:44 on Apple M4. Time taken: 6.53 seconds. Hours: 0.00 hours. Peak RAM: 213.0 MB.
Computing complete graph approximation ratio
results: {3: 1.075143033150179}
durations: {3: 6.530074834823608}
Results saved to: logs/ADAM/qaoa_results_ADAM_20260413_213043.csv
