2026-04-14 14:31:36.552 system_profiler[16684:28456195] hw.cpufamily: 0x6f5129ac
Benchmark parameters: {'optimiser': 'ADAM', 'parameter_vector': [1, 1, 1], 'iterations_list': [100, 300, 500], 'depth_list': [1, 2, 3, 4, 5, 10, 15, 20], 'n_start': 2, 'n_end': 14, 'singlet_injection': False, 'start_index_singlet': 0, 'warm_start': True, 'compare_with_010101': False, 'warm_start_correlations': False, 'init_QAOAparams_close_to_zero': True, 'use_correlations_as_initial_params': False, 'time_limit': 10800, 'failed_instance_termination_thrsh': 10, 'graph_generation_type': 'complete', 'weighted': False, 'easiest_first': True, 'cpu_util_threshold': 90, 'debug': False, 'rerun_exclude_finished_instances': True}, Running QAOA with equal superposition
Benchmark run ID: bf5c67e5
Processor: Apple M4
Hostname: Mac-mini-som-tillhor-Julian.local
Total RAM (GB): 16.0
Physical cores: 10
Logical cores: 10
Python version: 3.13.1
Generating complete graph with 12 nodes...
Running QAOA for n=12 nodes, m=66 edges...; Max iterations: 500
Warm-start: using parameter_vector=[1, 1, 1]
Warm-start: starting SDP solve for n_vertices=12
Starting SDP solve (solver preference: MOSEK, fallback: SCS) for n_vertices=12, matrix_dim=36, edges=66
Finished SDP solve with MOSEK. status=optimal. elapsed_seconds=0.17
Rounding...
n_vertices: 12 for n = 36
Using seed None to generate random matrix for x.
r_0: [ 0.98238708 -0.16631992  0.08516639]
Product state qubit 0: [[0.5425832 +0.j         0.49119354+0.08315996j]
 [0.49119354-0.08315996j 0.4574168 +0.j        ]]
Diagonal entries of product state 0: [0.5425832 0.4574168]
r_1: [-0.71504068 -0.3514932  -0.60429244]
Product state qubit 1: [[ 0.19785378+0.j        -0.35752034+0.1757466j]
 [-0.35752034-0.1757466j  0.80214622+0.j       ]]
Diagonal entries of product state 1: [0.19785378 0.80214622]
r_2: [-0.05805562 -0.05471603  0.99681277]
Product state qubit 2: [[ 0.99840639+0.j         -0.02902781+0.02735801j]
 [-0.02902781-0.02735801j  0.00159361+0.j        ]]
Diagonal entries of product state 2: [0.99840639 0.00159361]
r_3: [-0.05436032  0.86277776  0.50265245]
Product state qubit 3: [[ 0.75132623+0.j         -0.02718016-0.43138888j]
 [-0.02718016+0.43138888j  0.24867377+0.j        ]]
Diagonal entries of product state 3: [0.75132623 0.24867377]
r_4: [ 0.13698129 -0.46038699 -0.87708606]
Product state qubit 4: [[0.06145697+0.j         0.06849065+0.23019349j]
 [0.06849065-0.23019349j 0.93854303+0.j        ]]
Diagonal entries of product state 4: [0.06145697 0.93854303]
r_5: [ 0.58867973 -0.62784734 -0.50917963]
Product state qubit 5: [[0.24541019+0.j         0.29433987+0.31392367j]
 [0.29433987-0.31392367j 0.75458981+0.j        ]]
Diagonal entries of product state 5: [0.24541019 0.75458981]
r_6: [ 0.91244672 -0.40785473  0.03309846]
Product state qubit 6: [[0.51654923+0.j         0.45622336+0.20392737j]
 [0.45622336-0.20392737j 0.48345077+0.j        ]]
Diagonal entries of product state 6: [0.51654923 0.48345077]
r_7: [-0.14074285  0.6127354   0.77765467]
Product state qubit 7: [[ 0.88882733+0.j        -0.07037142-0.3063677j]
 [-0.07037142+0.3063677j  0.11117267+0.j       ]]
Diagonal entries of product state 7: [0.88882733 0.11117267]
r_8: [-0.28572482 -0.80387919  0.52166998]
Product state qubit 8: [[ 0.76083499+0.j        -0.14286241+0.4019396j]
 [-0.14286241-0.4019396j  0.23916501+0.j       ]]
Diagonal entries of product state 8: [0.76083499 0.23916501]
r_9: [0.17212519 0.31450268 0.93352075]
Product state qubit 9: [[0.96676037+0.j         0.08606259-0.15725134j]
 [0.08606259+0.15725134j 0.03323963+0.j        ]]
Diagonal entries of product state 9: [0.96676037 0.03323963]
r_10: [-0.55770864  0.64641103 -0.52068594]
Product state qubit 10: [[ 0.23965703+0.j         -0.27885432-0.32320552j]
 [-0.27885432+0.32320552j  0.76034297+0.j        ]]
Diagonal entries of product state 10: [0.23965703 0.76034297]
r_11: [ 0.68962323  0.22209706 -0.68926968]
Product state qubit 11: [[0.15536516+0.j         0.34481162-0.11104853j]
 [0.34481162+0.11104853j 0.84463484+0.j        ]]
Diagonal entries of product state 11: [0.15536516 0.84463484]
y_scalar: False
[1, -1, 1, 1, -1, -1, 1, 1, 1, 1, -1, -1]
Check the cut: [1, -1, 1, 1, -1, -1, 1, 1, 1, 1, -1, -1]
35 in cut out of a total of 66 edges
Warm-start: SDP solve + rounding finished in 0.31 seconds
Warm-start: statevector build finished in 0.00 seconds
