2026-04-14 20:28:14.638 system_profiler[39216:29337219] hw.cpufamily: 0x6f5129ac
Benchmark parameters: {'optimiser': 'ADAM', 'parameter_vector': [1, 1, 1], 'iterations_list': [100, 300, 500], 'depth_list': [1, 2, 3, 4, 5, 10, 15, 20], 'n_start': 2, 'n_end': 14, 'singlet_injection': False, 'start_index_singlet': 0, 'warm_start': True, 'compare_with_010101': False, 'warm_start_correlations': False, 'init_QAOAparams_close_to_zero': True, 'use_correlations_as_initial_params': False, 'time_limit': 10800, 'failed_instance_termination_thrsh': 10, 'graph_generation_type': 'complete', 'weighted': False, 'easiest_first': True, 'cpu_util_threshold': 90, 'debug': False, 'rerun_exclude_finished_instances': True}, Running QAOA with equal superposition
Benchmark run ID: 3598d5fc
Processor: Apple M4
Hostname: MinisomorJulian.tail6cc1a9.ts.net lan
Total RAM (GB): 16.0
Physical cores: 10
Logical cores: 10
Python version: 3.13.1
Generating complete graph with 8 nodes...
Running QAOA for n=8 nodes, m=28 edges...; Max iterations: 300
Warm-start: using parameter_vector=[1, 1, 1]
Warm-start: starting SDP solve for n_vertices=8
Starting SDP solve (solver preference: MOSEK, fallback: SCS) for n_vertices=8, matrix_dim=24, edges=28
Finished SDP solve with MOSEK. status=optimal. elapsed_seconds=0.08
Rounding...
n_vertices: 8 for n = 24
Using seed None to generate random matrix for x.
r_0: [-0.30096554 -0.91198337 -0.27875811]
Product state qubit 0: [[ 0.36062095+0.j         -0.15048277+0.45599168j]
 [-0.15048277-0.45599168j  0.63937905+0.j        ]]
Diagonal entries of product state 0: [0.36062095 0.63937905]
r_1: [-0.85459055  0.16438482  0.49259783]
Product state qubit 1: [[ 0.74629892+0.j         -0.42729527-0.08219241j]
 [-0.42729527+0.08219241j  0.25370108+0.j        ]]
Diagonal entries of product state 1: [0.74629892 0.25370108]
r_2: [0.94607213 0.28232741 0.15886714]
Product state qubit 2: [[0.57943357+0.j         0.47303606-0.14116371j]
 [0.47303606+0.14116371j 0.42056643+0.j        ]]
Diagonal entries of product state 2: [0.57943357 0.42056643]
r_3: [ 0.12489457 -0.93336794  0.33649017]
Product state qubit 3: [[0.66824509+0.j         0.06244728+0.46668397j]
 [0.06244728-0.46668397j 0.33175491+0.j        ]]
Diagonal entries of product state 3: [0.66824509 0.33175491]
r_4: [ 0.79752082  0.40750303 -0.44486158]
Product state qubit 4: [[0.27756921+0.j         0.39876041-0.20375151j]
 [0.39876041+0.20375151j 0.72243079+0.j        ]]
Diagonal entries of product state 4: [0.27756921 0.72243079]
r_5: [ 0.37913259  0.82677042 -0.4155829 ]
Product state qubit 5: [[0.29220855+0.j         0.1895663 -0.41338521j]
 [0.1895663 +0.41338521j 0.70779145+0.j        ]]
Diagonal entries of product state 5: [0.29220855 0.70779145]
r_6: [ 0.30093953  0.88155004 -0.36373744]
Product state qubit 6: [[0.31813128+0.j         0.15046977-0.44077502j]
 [0.15046977+0.44077502j 0.68186872+0.j        ]]
Diagonal entries of product state 6: [0.31813128 0.68186872]
r_7: [ 0.2347816  -0.42763336  0.8729303 ]
Product state qubit 7: [[0.93646515+0.j         0.1173908 +0.21381668j]
 [0.1173908 -0.21381668j 0.06353485+0.j        ]]
Diagonal entries of product state 7: [0.93646515 0.06353485]
y_scalar: False
[-1, 1, 1, 1, -1, -1, -1, 1]
Check the cut: [-1, 1, 1, 1, -1, -1, -1, 1]
16 in cut out of a total of 28 edges
Warm-start: SDP solve + rounding finished in 0.09 seconds
Warm-start: statevector build finished in 0.00 seconds
warm_start_correlations: None
Edges: [(0, 1), (0, 2), (0, 3), (0, 4), (0, 5), (0, 6), (0, 7), (1, 2), (1, 3), (1, 4), (1, 5), (1, 6), (1, 7), (2, 3), (2, 4), (2, 5), (2, 6), (2, 7), (3, 4), (3, 5), (3, 6), (3, 7), (4, 5), (4, 6), (4, 7), (5, 6), (5, 7), (6, 7)], weights: [1.0, 1.0, 1.0, 1.0, 1.0, 1.0, 1.0, 1.0, 1.0, 1.0, 1.0, 1.0, 1.0, 1.0, 1.0, 1.0, 1.0, 1.0, 1.0, 1.0, 1.0, 1.0, 1.0, 1.0, 1.0, 1.0, 1.0, 1.0], set of nodes: {0, 1, 2, 3, 4, 5, 6, 7}, n: 8 nodes, p: 15 layers, N_bayes: 300 iterations
Initial state injected as warm start
Layer 0: Added Cost and Mixer unitaries with gamma=γ[0] and beta=β[0]
.rz and .ry mixer terms added in addition to classical .rx mixer
Layer 1: Added Cost and Mixer unitaries with gamma=γ[1] and beta=β[1]
.rz and .ry mixer terms added in addition to classical .rx mixer
Layer 2: Added Cost and Mixer unitaries with gamma=γ[2] and beta=β[2]
.rz and .ry mixer terms added in addition to classical .rx mixer
Layer 3: Added Cost and Mixer unitaries with gamma=γ[3] and beta=β[3]
.rz and .ry mixer terms added in addition to classical .rx mixer
Layer 4: Added Cost and Mixer unitaries with gamma=γ[4] and beta=β[4]
.rz and .ry mixer terms added in addition to classical .rx mixer
Layer 5: Added Cost and Mixer unitaries with gamma=γ[5] and beta=β[5]
.rz and .ry mixer terms added in addition to classical .rx mixer
Layer 6: Added Cost and Mixer unitaries with gamma=γ[6] and beta=β[6]
.rz and .ry mixer terms added in addition to classical .rx mixer
Layer 7: Added Cost and Mixer unitaries with gamma=γ[7] and beta=β[7]
.rz and .ry mixer terms added in addition to classical .rx mixer
Layer 8: Added Cost and Mixer unitaries with gamma=γ[8] and beta=β[8]
.rz and .ry mixer terms added in addition to classical .rx mixer
Layer 9: Added Cost and Mixer unitaries with gamma=γ[9] and beta=β[9]
.rz and .ry mixer terms added in addition to classical .rx mixer
Layer 10: Added Cost and Mixer unitaries with gamma=γ[10] and beta=β[10]
.rz and .ry mixer terms added in addition to classical .rx mixer
Layer 11: Added Cost and Mixer unitaries with gamma=γ[11] and beta=β[11]
.rz and .ry mixer terms added in addition to classical .rx mixer
Layer 12: Added Cost and Mixer unitaries with gamma=γ[12] and beta=β[12]
.rz and .ry mixer terms added in addition to classical .rx mixer
Layer 13: Added Cost and Mixer unitaries with gamma=γ[13] and beta=β[13]
.rz and .ry mixer terms added in addition to classical .rx mixer
Layer 14: Added Cost and Mixer unitaries with gamma=γ[14] and beta=β[14]
.rz and .ry mixer terms added in addition to classical .rx mixer
Using random initial parameters with gamma [0.03359624 0.00107995 0.05331424 0.01380577 0.00491125 0.05929956
 0.09565199 0.01054994 0.08432274 0.07743063 0.00998467 0.07183971
 0.07210644 0.07431975 0.08472972] and beta [0.05042085 0.0560389  0.00489338 0.09952467 0.0570045  0.09534012
 0.04025958 0.08395032 0.0411074  0.03275307 0.07919489 0.06651032
 0.01463954 0.02812395 0.09901048]
7.642293850434577
Finished QAOA for n=8 nodes, m=28 edges at 2026-04-14 20:36:48 on Apple M4. Time taken: 513.39 seconds. Hours: 0.14 hours. Peak RAM: 268.94 MB.
Computing complete graph approximation ratio
results: {8: 7.642293850434577}
durations: {8: 513.38525223732}
Results saved to: logs/ADAM/qaoa_results_ADAM_20260413_213043.csv
