2026-04-14 03:31:52.248 system_profiler[37623:26773524] hw.cpufamily: 0x6f5129ac
Benchmark parameters: {'optimiser': 'ADAM', 'parameter_vector': [1, 1, 1], 'iterations_list': [100, 300, 500], 'depth_list': [1, 2, 3, 4, 5, 10, 15, 20], 'n_start': 2, 'n_end': 14, 'singlet_injection': False, 'start_index_singlet': 0, 'warm_start': True, 'compare_with_010101': False, 'warm_start_correlations': False, 'init_QAOAparams_close_to_zero': True, 'use_correlations_as_initial_params': False, 'time_limit': 10800, 'failed_instance_termination_thrsh': 10, 'graph_generation_type': 'complete', 'weighted': False, 'easiest_first': True, 'cpu_util_threshold': 90, 'debug': False, 'rerun_exclude_finished_instances': True}, Running QAOA with equal superposition
Benchmark run ID: 64f0d1a8
Processor: Apple M4
Hostname: Mac-mini-som-tillhor-Julian.local
Total RAM (GB): 16.0
Physical cores: 10
Logical cores: 10
Python version: 3.13.1
Generating complete graph with 12 nodes...
Running QAOA for n=12 nodes, m=66 edges...; Max iterations: 100
Warm-start: using parameter_vector=[1, 1, 1]
Warm-start: starting SDP solve for n_vertices=12
Starting SDP solve (solver preference: MOSEK, fallback: SCS) for n_vertices=12, matrix_dim=36, edges=66
Finished SDP solve with MOSEK. status=optimal. elapsed_seconds=0.14
Rounding...
n_vertices: 12 for n = 36
Using seed None to generate random matrix for x.
r_0: [-0.68545698 -0.71384947  0.14341429]
Product state qubit 0: [[ 0.57170715+0.j         -0.34272849+0.35692474j]
 [-0.34272849-0.35692474j  0.42829285+0.j        ]]
Diagonal entries of product state 0: [0.57170715 0.42829285]
r_1: [0.48564434 0.42997223 0.76110016]
Product state qubit 1: [[0.88055008+0.j         0.24282217-0.21498611j]
 [0.24282217+0.21498611j 0.11944992+0.j        ]]
Diagonal entries of product state 1: [0.88055008 0.11944992]
r_2: [-0.04888509  0.63947857 -0.76725316]
Product state qubit 2: [[ 0.11637342+0.j         -0.02444254-0.31973929j]
 [-0.02444254+0.31973929j  0.88362658+0.j        ]]
Diagonal entries of product state 2: [0.11637342 0.88362658]
r_3: [-0.64787269  0.6470398  -0.40199561]
Product state qubit 3: [[ 0.29900219+0.j        -0.32393634-0.3235199j]
 [-0.32393634+0.3235199j  0.70099781+0.j       ]]
Diagonal entries of product state 3: [0.29900219 0.70099781]
r_4: [ 0.74061784 -0.31868179  0.59154639]
Product state qubit 4: [[0.79577319+0.j         0.37030892+0.15934089j]
 [0.37030892-0.15934089j 0.20422681+0.j        ]]
Diagonal entries of product state 4: [0.79577319 0.20422681]
r_5: [ 0.64372185 -0.06967157 -0.7620814 ]
Product state qubit 5: [[0.1189593 +0.j         0.32186092+0.03483579j]
 [0.32186092-0.03483579j 0.8810407 +0.j        ]]
Diagonal entries of product state 5: [0.1189593 0.8810407]
r_6: [ 0.49797453 -0.15152896  0.8538503 ]
Product state qubit 6: [[0.92692515+0.j         0.24898727+0.07576448j]
 [0.24898727-0.07576448j 0.07307485+0.j        ]]
Diagonal entries of product state 6: [0.92692515 0.07307485]
r_7: [-0.44733164 -0.86585305 -0.22403773]
Product state qubit 7: [[ 0.38798113+0.j         -0.22366582+0.43292652j]
 [-0.22366582-0.43292652j  0.61201887+0.j        ]]
Diagonal entries of product state 7: [0.38798113 0.61201887]
r_8: [-0.66654256 -0.113599   -0.73676066]
Product state qubit 8: [[ 0.13161967+0.j        -0.33327128+0.0567995j]
 [-0.33327128-0.0567995j  0.86838033+0.j       ]]
Diagonal entries of product state 8: [0.13161967 0.86838033]
r_9: [-0.40771747 -0.90985485 -0.07701048]
Product state qubit 9: [[ 0.46149476+0.j         -0.20385874+0.45492743j]
 [-0.20385874-0.45492743j  0.53850524+0.j        ]]
Diagonal entries of product state 9: [0.46149476 0.53850524]
r_10: [-0.29198448  0.92424457 -0.24600212]
Product state qubit 10: [[ 0.37699894+0.j         -0.14599224-0.46212228j]
 [-0.14599224+0.46212228j  0.62300106+0.j        ]]
Diagonal entries of product state 10: [0.37699894 0.62300106]
r_11: [ 0.89091012 -0.27008778 -0.36514621]
Product state qubit 11: [[0.3174269 +0.j         0.44545506+0.13504389j]
 [0.44545506-0.13504389j 0.6825731 +0.j        ]]
Diagonal entries of product state 11: [0.3174269 0.6825731]
y_scalar: False
[1, 1, -1, -1, 1, -1, 1, -1, -1, -1, -1, -1]
Check the cut: [1, 1, -1, -1, 1, -1, 1, -1, -1, -1, -1, -1]
32 in cut out of a total of 66 edges
Warm-start: SDP solve + rounding finished in 0.25 seconds
Warm-start: statevector build finished in 0.00 seconds
