2026-04-14 17:52:14.067 system_profiler[54693:28952769] hw.cpufamily: 0x6f5129ac
Benchmark parameters: {'optimiser': 'ADAM', 'parameter_vector': [1, 1, 1], 'iterations_list': [100, 300, 500], 'depth_list': [1, 2, 3, 4, 5, 10, 15, 20], 'n_start': 2, 'n_end': 14, 'singlet_injection': False, 'start_index_singlet': 0, 'warm_start': True, 'compare_with_010101': False, 'warm_start_correlations': False, 'init_QAOAparams_close_to_zero': True, 'use_correlations_as_initial_params': False, 'time_limit': 10800, 'failed_instance_termination_thrsh': 10, 'graph_generation_type': 'complete', 'weighted': False, 'easiest_first': True, 'cpu_util_threshold': 90, 'debug': False, 'rerun_exclude_finished_instances': True}, Running QAOA with equal superposition
Benchmark run ID: 7e16317f
Processor: Apple M4
Hostname: MinisomorJulian.tail6cc1a9.ts.net lan
Total RAM (GB): 16.0
Physical cores: 10
Logical cores: 10
Python version: 3.13.1
Generating complete graph with 3 nodes...
Running QAOA for n=3 nodes, m=3 edges...; Max iterations: 500
Warm-start: using parameter_vector=[1, 1, 1]
Warm-start: starting SDP solve for n_vertices=3
Starting SDP solve (solver preference: MOSEK, fallback: SCS) for n_vertices=3, matrix_dim=9, edges=3
Finished SDP solve with MOSEK. status=optimal. elapsed_seconds=0.03
Rounding...
n_vertices: 3 for n = 9
Using seed None to generate random matrix for x.
r_0: [ 0.82203446  0.33504994 -0.46043553]
Product state qubit 0: [[0.26978224+0.j         0.41101723-0.16752497j]
 [0.41101723+0.16752497j 0.73021776+0.j        ]]
Diagonal entries of product state 0: [0.26978224 0.73021776]
r_1: [-0.28442456  0.60410814 -0.74441656]
Product state qubit 1: [[ 0.12779172+0.j         -0.14221228-0.30205407j]
 [-0.14221228+0.30205407j  0.87220828+0.j        ]]
Diagonal entries of product state 1: [0.12779172 0.87220828]
r_2: [-0.66321796 -0.4505135   0.59764498]
Product state qubit 2: [[ 0.79882249+0.j         -0.33160898+0.22525675j]
 [-0.33160898-0.22525675j  0.20117751+0.j        ]]
Diagonal entries of product state 2: [0.79882249 0.20117751]
y_scalar: False
[-1, -1, 1]
Check the cut: [-1, -1, 1]
2 in cut out of a total of 3 edges
Warm-start: SDP solve + rounding finished in 0.03 seconds
Warm-start: statevector build finished in 0.00 seconds
warm_start_correlations: None
Edges: [(0, 1), (0, 2), (1, 2)], weights: [1.0, 1.0, 1.0], set of nodes: {0, 1, 2}, n: 3 nodes, p: 15 layers, N_bayes: 500 iterations
Initial state injected as warm start
Layer 0: Added Cost and Mixer unitaries with gamma=γ[0] and beta=β[0]
.rz and .ry mixer terms added in addition to classical .rx mixer
Layer 1: Added Cost and Mixer unitaries with gamma=γ[1] and beta=β[1]
.rz and .ry mixer terms added in addition to classical .rx mixer
Layer 2: Added Cost and Mixer unitaries with gamma=γ[2] and beta=β[2]
.rz and .ry mixer terms added in addition to classical .rx mixer
Layer 3: Added Cost and Mixer unitaries with gamma=γ[3] and beta=β[3]
.rz and .ry mixer terms added in addition to classical .rx mixer
Layer 4: Added Cost and Mixer unitaries with gamma=γ[4] and beta=β[4]
.rz and .ry mixer terms added in addition to classical .rx mixer
Layer 5: Added Cost and Mixer unitaries with gamma=γ[5] and beta=β[5]
.rz and .ry mixer terms added in addition to classical .rx mixer
Layer 6: Added Cost and Mixer unitaries with gamma=γ[6] and beta=β[6]
.rz and .ry mixer terms added in addition to classical .rx mixer
Layer 7: Added Cost and Mixer unitaries with gamma=γ[7] and beta=β[7]
.rz and .ry mixer terms added in addition to classical .rx mixer
Layer 8: Added Cost and Mixer unitaries with gamma=γ[8] and beta=β[8]
.rz and .ry mixer terms added in addition to classical .rx mixer
Layer 9: Added Cost and Mixer unitaries with gamma=γ[9] and beta=β[9]
.rz and .ry mixer terms added in addition to classical .rx mixer
Layer 10: Added Cost and Mixer unitaries with gamma=γ[10] and beta=β[10]
.rz and .ry mixer terms added in addition to classical .rx mixer
Layer 11: Added Cost and Mixer unitaries with gamma=γ[11] and beta=β[11]
.rz and .ry mixer terms added in addition to classical .rx mixer
Layer 12: Added Cost and Mixer unitaries with gamma=γ[12] and beta=β[12]
.rz and .ry mixer terms added in addition to classical .rx mixer
Layer 13: Added Cost and Mixer unitaries with gamma=γ[13] and beta=β[13]
.rz and .ry mixer terms added in addition to classical .rx mixer
Layer 14: Added Cost and Mixer unitaries with gamma=γ[14] and beta=β[14]
.rz and .ry mixer terms added in addition to classical .rx mixer
Using random initial parameters with gamma [0.06789521 0.02374511 0.01710123 0.0571995  0.02463799 0.04297729
 0.04460632 0.02291298 0.09715568 0.0098154  0.06487261 0.03304872
 0.02203827 0.01840381 0.05284031] and beta [0.02604584 0.00453019 0.05431441 0.08273498 0.00057915 0.0581549
 0.0414697  0.06465843 0.07425081 0.02760536 0.02315194 0.00391781
 0.00895487 0.06510884 0.03838488]
1.0470935754153894
Finished QAOA for n=3 nodes, m=3 edges at 2026-04-14 17:54:13 on Apple M4. Time taken: 119.46 seconds. Hours: 0.03 hours. Peak RAM: 216.22 MB.
Computing complete graph approximation ratio
results: {3: 1.0470935754153894}
durations: {3: 119.45626187324524}
Results saved to: logs/ADAM/qaoa_results_ADAM_20260413_213043.csv
