2026-04-14 07:23:32.101 system_profiler[12204:27374353] hw.cpufamily: 0x6f5129ac
Benchmark parameters: {'optimiser': 'ADAM', 'parameter_vector': [1, 1, 1], 'iterations_list': [100, 300, 500], 'depth_list': [1, 2, 3, 4, 5, 10, 15, 20], 'n_start': 2, 'n_end': 14, 'singlet_injection': False, 'start_index_singlet': 0, 'warm_start': True, 'compare_with_010101': False, 'warm_start_correlations': False, 'init_QAOAparams_close_to_zero': True, 'use_correlations_as_initial_params': False, 'time_limit': 10800, 'failed_instance_termination_thrsh': 10, 'graph_generation_type': 'complete', 'weighted': False, 'easiest_first': True, 'cpu_util_threshold': 90, 'debug': False, 'rerun_exclude_finished_instances': True}, Running QAOA with equal superposition
Benchmark run ID: bc03d4fd
Processor: Apple M4
Hostname: MinisomorJulian.tail6cc1a9.ts.net lan
Total RAM (GB): 16.0
Physical cores: 10
Logical cores: 10
Python version: 3.13.1
Generating complete graph with 5 nodes...
Running QAOA for n=5 nodes, m=10 edges...; Max iterations: 500
Warm-start: using parameter_vector=[1, 1, 1]
Warm-start: starting SDP solve for n_vertices=5
Starting SDP solve (solver preference: MOSEK, fallback: SCS) for n_vertices=5, matrix_dim=15, edges=10
Finished SDP solve with MOSEK. status=optimal. elapsed_seconds=0.04
Rounding...
n_vertices: 5 for n = 15
Using seed None to generate random matrix for x.
r_0: [-0.70972894  0.45666942 -0.53641203]
Product state qubit 0: [[ 0.23179398+0.j         -0.35486447-0.22833471j]
 [-0.35486447+0.22833471j  0.76820602+0.j        ]]
Diagonal entries of product state 0: [0.23179398 0.76820602]
r_1: [ 0.69372923 -0.22277773 -0.68491594]
Product state qubit 1: [[0.15754203+0.j         0.34686461+0.11138886j]
 [0.34686461-0.11138886j 0.84245797+0.j        ]]
Diagonal entries of product state 1: [0.15754203 0.84245797]
r_2: [ 0.58014632 -0.67447829 -0.45662816]
Product state qubit 2: [[0.27168592+0.j         0.29007316+0.33723915j]
 [0.29007316-0.33723915j 0.72831408+0.j        ]]
Diagonal entries of product state 2: [0.27168592 0.72831408]
r_3: [-0.5231165   0.4895635   0.69762218]
Product state qubit 3: [[ 0.84881109+0.j         -0.26155825-0.24478175j]
 [-0.26155825+0.24478175j  0.15118891+0.j        ]]
Diagonal entries of product state 3: [0.84881109 0.15118891]
r_4: [ 0.11254567 -0.00970943  0.99359911]
Product state qubit 4: [[0.99679956+0.j         0.05627284+0.00485472j]
 [0.05627284-0.00485472j 0.00320044+0.j        ]]
Diagonal entries of product state 4: [0.99679956 0.00320044]
y_scalar: False
[-1, -1, -1, 1, 1]
Check the cut: [-1, -1, -1, 1, 1]
6 in cut out of a total of 10 edges
Warm-start: SDP solve + rounding finished in 0.05 seconds
Warm-start: statevector build finished in 0.00 seconds
warm_start_correlations: None
Edges: [(0, 1), (0, 2), (0, 3), (0, 4), (1, 2), (1, 3), (1, 4), (2, 3), (2, 4), (3, 4)], weights: [1.0, 1.0, 1.0, 1.0, 1.0, 1.0, 1.0, 1.0, 1.0, 1.0], set of nodes: {0, 1, 2, 3, 4}, n: 5 nodes, p: 4 layers, N_bayes: 500 iterations
Initial state injected as warm start
Layer 0: Added Cost and Mixer unitaries with gamma=γ[0] and beta=β[0]
.rz and .ry mixer terms added in addition to classical .rx mixer
Layer 1: Added Cost and Mixer unitaries with gamma=γ[1] and beta=β[1]
.rz and .ry mixer terms added in addition to classical .rx mixer
Layer 2: Added Cost and Mixer unitaries with gamma=γ[2] and beta=β[2]
.rz and .ry mixer terms added in addition to classical .rx mixer
Layer 3: Added Cost and Mixer unitaries with gamma=γ[3] and beta=β[3]
.rz and .ry mixer terms added in addition to classical .rx mixer
Using random initial parameters with gamma [0.00977725 0.05995255 0.00680467 0.04126313] and beta [0.09358099 0.05401043 0.01350552 0.06723251]
3.121837072333472
Finished QAOA for n=5 nodes, m=10 edges at 2026-04-14 07:23:58 on Apple M4. Time taken: 26.36 seconds. Hours: 0.01 hours. Peak RAM: 213.36 MB.
Computing complete graph approximation ratio
results: {5: 3.121837072333472}
durations: {5: 26.364603281021118}
Results saved to: logs/ADAM/qaoa_results_ADAM_20260413_213043.csv
