2026-04-14 23:47:03.506 system_profiler[70421:29830313] hw.cpufamily: 0x6f5129ac
Benchmark parameters: {'optimiser': 'ADAM', 'parameter_vector': [1, 1, 1], 'iterations_list': [100, 300, 500], 'depth_list': [1, 2, 3, 4, 5, 10, 15, 20], 'n_start': 2, 'n_end': 14, 'singlet_injection': False, 'start_index_singlet': 0, 'warm_start': True, 'compare_with_010101': False, 'warm_start_correlations': False, 'init_QAOAparams_close_to_zero': True, 'use_correlations_as_initial_params': False, 'time_limit': 10800, 'failed_instance_termination_thrsh': 10, 'graph_generation_type': 'complete', 'weighted': False, 'easiest_first': True, 'cpu_util_threshold': 90, 'debug': False, 'rerun_exclude_finished_instances': True}, Running QAOA with equal superposition
Benchmark run ID: 2302f30d
Processor: Apple M4
Hostname: Mac-mini-som-tillhor-Julian.local
Total RAM (GB): 16.0
Physical cores: 10
Logical cores: 10
Python version: 3.13.1
Generating complete graph with 8 nodes...
Running QAOA for n=8 nodes, m=28 edges...; Max iterations: 300
Warm-start: using parameter_vector=[1, 1, 1]
Warm-start: starting SDP solve for n_vertices=8
Starting SDP solve (solver preference: MOSEK, fallback: SCS) for n_vertices=8, matrix_dim=24, edges=28
Finished SDP solve with MOSEK. status=optimal. elapsed_seconds=0.08
Rounding...
n_vertices: 8 for n = 24
Using seed None to generate random matrix for x.
r_0: [ 0.73745467 -0.51748238  0.43401912]
Product state qubit 0: [[0.71700956+0.j         0.36872734+0.25874119j]
 [0.36872734-0.25874119j 0.28299044+0.j        ]]
Diagonal entries of product state 0: [0.71700956 0.28299044]
r_1: [-0.1001354  -0.91882665 -0.38174662]
Product state qubit 1: [[ 0.30912669+0.j         -0.0500677 +0.45941333j]
 [-0.0500677 -0.45941333j  0.69087331+0.j        ]]
Diagonal entries of product state 1: [0.30912669 0.69087331]
r_2: [ 0.01684057 -0.39489023  0.91857395]
Product state qubit 2: [[0.95928698+0.j         0.00842028+0.19744511j]
 [0.00842028-0.19744511j 0.04071302+0.j        ]]
Diagonal entries of product state 2: [0.95928698 0.04071302]
r_3: [-0.47528295 -0.29201512 -0.82995981]
Product state qubit 3: [[ 0.08502009+0.j         -0.23764147+0.14600756j]
 [-0.23764147-0.14600756j  0.91497991+0.j        ]]
Diagonal entries of product state 3: [0.08502009 0.91497991]
r_4: [0.80614018 0.2920062  0.51465561]
Product state qubit 4: [[0.7573278 +0.j        0.40307009-0.1460031j]
 [0.40307009+0.1460031j 0.2426722 +0.j       ]]
Diagonal entries of product state 4: [0.7573278 0.2426722]
r_5: [-0.47381888  0.8787858  -0.05684354]
Product state qubit 5: [[ 0.47157823+0.j        -0.23690944-0.4393929j]
 [-0.23690944+0.4393929j  0.52842177+0.j       ]]
Diagonal entries of product state 5: [0.47157823 0.52842177]
r_6: [ 0.21246106  0.80604279 -0.55240865]
Product state qubit 6: [[0.22379567+0.j        0.10623053-0.4030214j]
 [0.10623053+0.4030214j 0.77620433+0.j       ]]
Diagonal entries of product state 6: [0.22379567 0.77620433]
r_7: [-0.66034829  0.70097655  0.26939195]
Product state qubit 7: [[ 0.63469598+0.j         -0.33017414-0.35048827j]
 [-0.33017414+0.35048827j  0.36530402+0.j        ]]
Diagonal entries of product state 7: [0.63469598 0.36530402]
y_scalar: False
[1, -1, 1, -1, 1, -1, -1, 1]
Check the cut: [1, -1, 1, -1, 1, -1, -1, 1]
16 in cut out of a total of 28 edges
Warm-start: SDP solve + rounding finished in 0.09 seconds
Warm-start: statevector build finished in 0.00 seconds
warm_start_correlations: None
Edges: [(0, 1), (0, 2), (0, 3), (0, 4), (0, 5), (0, 6), (0, 7), (1, 2), (1, 3), (1, 4), (1, 5), (1, 6), (1, 7), (2, 3), (2, 4), (2, 5), (2, 6), (2, 7), (3, 4), (3, 5), (3, 6), (3, 7), (4, 5), (4, 6), (4, 7), (5, 6), (5, 7), (6, 7)], weights: [1.0, 1.0, 1.0, 1.0, 1.0, 1.0, 1.0, 1.0, 1.0, 1.0, 1.0, 1.0, 1.0, 1.0, 1.0, 1.0, 1.0, 1.0, 1.0, 1.0, 1.0, 1.0, 1.0, 1.0, 1.0, 1.0, 1.0, 1.0], set of nodes: {0, 1, 2, 3, 4, 5, 6, 7}, n: 8 nodes, p: 20 layers, N_bayes: 300 iterations
Initial state injected as warm start
Layer 0: Added Cost and Mixer unitaries with gamma=γ[0] and beta=β[0]
.rz and .ry mixer terms added in addition to classical .rx mixer
Layer 1: Added Cost and Mixer unitaries with gamma=γ[1] and beta=β[1]
.rz and .ry mixer terms added in addition to classical .rx mixer
Layer 2: Added Cost and Mixer unitaries with gamma=γ[2] and beta=β[2]
.rz and .ry mixer terms added in addition to classical .rx mixer
Layer 3: Added Cost and Mixer unitaries with gamma=γ[3] and beta=β[3]
.rz and .ry mixer terms added in addition to classical .rx mixer
Layer 4: Added Cost and Mixer unitaries with gamma=γ[4] and beta=β[4]
.rz and .ry mixer terms added in addition to classical .rx mixer
Layer 5: Added Cost and Mixer unitaries with gamma=γ[5] and beta=β[5]
.rz and .ry mixer terms added in addition to classical .rx mixer
Layer 6: Added Cost and Mixer unitaries with gamma=γ[6] and beta=β[6]
.rz and .ry mixer terms added in addition to classical .rx mixer
Layer 7: Added Cost and Mixer unitaries with gamma=γ[7] and beta=β[7]
.rz and .ry mixer terms added in addition to classical .rx mixer
Layer 8: Added Cost and Mixer unitaries with gamma=γ[8] and beta=β[8]
.rz and .ry mixer terms added in addition to classical .rx mixer
Layer 9: Added Cost and Mixer unitaries with gamma=γ[9] and beta=β[9]
.rz and .ry mixer terms added in addition to classical .rx mixer
Layer 10: Added Cost and Mixer unitaries with gamma=γ[10] and beta=β[10]
.rz and .ry mixer terms added in addition to classical .rx mixer
Layer 11: Added Cost and Mixer unitaries with gamma=γ[11] and beta=β[11]
.rz and .ry mixer terms added in addition to classical .rx mixer
Layer 12: Added Cost and Mixer unitaries with gamma=γ[12] and beta=β[12]
.rz and .ry mixer terms added in addition to classical .rx mixer
Layer 13: Added Cost and Mixer unitaries with gamma=γ[13] and beta=β[13]
.rz and .ry mixer terms added in addition to classical .rx mixer
Layer 14: Added Cost and Mixer unitaries with gamma=γ[14] and beta=β[14]
.rz and .ry mixer terms added in addition to classical .rx mixer
Layer 15: Added Cost and Mixer unitaries with gamma=γ[15] and beta=β[15]
.rz and .ry mixer terms added in addition to classical .rx mixer
Layer 16: Added Cost and Mixer unitaries with gamma=γ[16] and beta=β[16]
.rz and .ry mixer terms added in addition to classical .rx mixer
Layer 17: Added Cost and Mixer unitaries with gamma=γ[17] and beta=β[17]
.rz and .ry mixer terms added in addition to classical .rx mixer
Layer 18: Added Cost and Mixer unitaries with gamma=γ[18] and beta=β[18]
.rz and .ry mixer terms added in addition to classical .rx mixer
Layer 19: Added Cost and Mixer unitaries with gamma=γ[19] and beta=β[19]
.rz and .ry mixer terms added in addition to classical .rx mixer
Using random initial parameters with gamma [0.00930172 0.07161052 0.03076551 0.00137503 0.060979   0.04209284
 0.03317763 0.05334676 0.06621271 0.05654483 0.02766421 0.02383959
 0.09046526 0.02205935 0.07051644 0.08412932 0.07607674 0.00757877
 0.02944008 0.02891362] and beta [0.01917133 0.04596255 0.08783016 0.01876386 0.02508936 0.07933309
 0.06765204 0.02217686 0.02650617 0.04829843 0.03524549 0.0313046
 0.08194699 0.05456569 0.09398787 0.02212465 0.07160938 0.06754823
 0.04812635 0.02239372]
7.948594851821486
Finished QAOA for n=8 nodes, m=28 edges at 2026-04-15 00:01:50 on Apple M4. Time taken: 887.03 seconds. Hours: 0.25 hours. Peak RAM: 261.8 MB.
Computing complete graph approximation ratio
results: {8: 7.948594851821486}
durations: {8: 887.0271482467651}
Results saved to: logs/ADAM/qaoa_results_ADAM_20260413_213043.csv
