Starting QAOA benchmark with global start time: 1787758340.2783647
Benchmark parameters: {'optimiser': 'adam', 'optimiser_use_heuristic': False, 'heuristic_optimiser_iterations': None, 'heuristic_optimiser_sampleSize': None, 'circuit_type': 'hamqaoa', 'parameter_vector': [1, 1, 1], 'iterations_list': [75], 'learning_rate_adam': 0.05, 'depth_list': [1, 2, 3, 4, 5], 'n_start': None, 'n_end': None, 'singlet_injection': False, 'start_index_singlet': None, 'warm_start': True, 'warm_start_mode': 'standard', 'lasserre_level': 2, 'initial_solver_level_M': 2, 'sdp_seed': 42, 'sdp_solver_mode': 'scs', 'sdp_scs_eps': 1e-06, 'sdp_scs_max_iters': 100000, 'warm_start_corr_strength': None, 'warm_start_corr_repeats': None, 'compare_with_010101': False, 'init_QAOAparams_close_to_zero': False, 'use_correlations_as_initial_params': False, 'time_limit': None, 'failed_instance_termination_thrsh': None, 'graph_generation_type': 'hog', 'weighted': False, 'easiest_first': False, 'cpu_util_threshold': None, 'debug': False, 'save_circuit_svg': False, 'rerun_exclude_finished_instances': False, 'warm_start_cache_producer_only': False, 'qaoa_only_from_existing_warm_start_cache': True, 'optimiser_debug_iterations': None, 'num_repeats': 1, 'relative_graph_adjList_path': 'HOG_graphs/Exp5/list_388_graphs_adjacency_list_hog_v04-12_regular.txt', 'persistent_warm_start_cache': True, 'warm_start_cache_dir': 'Results/warm_start_cache', 'warm_start_cache_max_file_mb': 512, 'warm_start_cache_max_total_gb': 60, 'sdp_max_parallel': 0, 'qaoa_max_parallel': 16, 'sdp_threads': 1, 'qaoa_threads': 1, 'sdp_memory_limit_total_gb': 0, 'sdp_memory_limit_single_gb': 0, 'sdp_memory_poll_seconds': 5, 'sdp_max_retries': 0, 'queue_poll_interval_seconds': 5, 'max_graph_vertices': 10, 'completed_result_csv_paths': [], 'qaoa_seed': 42, 'initialise_standard_warm_start_with_zero_angles': False, 'result_name_suffix': '_Exp5_subexp4_standardWithHeuristic_rerun2508_03'}, Running QAOA with equal superposition
Benchmark run ID: 8d2452e3
Benchmark repeat index: 1
SDP seed override: 42
QAOA seed used: 42
Processor: x86_64
Hostname: dacsvm-cpunode01
Total RAM (GB): None
Physical cores: 32
Logical cores: 32
Python version: 3.11.15
Initialisation time: 0.01 seconds; started at stardate {'initialisation': 0.007521629333496094} and finished at stardate1787758340.285901
Loaded HOG graph index 373 with 35 edges.
Instance generation for n=373 took 0.09 seconds; started at stardate 1787758340.2859113 and finished at stardate 1787758340.3782668
Running QAOA for n=10 nodes, m=35 edges...; Max iterations: 75
Warm-start cache: loading Results/warm_start_cache/list_388_graphs_adjacency_list_hog_v04-12_regular__filehash_5b7f8d46/hog_idx000373_4f2f13aae244_seed42_L2_M2_amplified.npz
Warm-start cache: loaded in 0.0098 seconds; effective compute time=7427.152265787125
Edges: [(2, 3), (3, 8), (2, 6), (3, 5), (2, 9), (4, 6), (4, 9), (7, 8), (0, 5), (1, 4), (0, 2), (6, 9), (5, 7), (2, 8), (3, 7), (4, 8), (1, 3), (0, 1), (0, 4), (1, 9), (0, 7), (6, 8), (5, 6), (5, 9), (2, 4), (3, 9), (4, 7), (7, 9), (0, 3), (1, 2), (1, 8), (0, 6), (1, 5), (5, 8), (6, 7)], weights: [1.0, 1.0, 1.0, 1.0, 1.0, 1.0, 1.0, 1.0, 1.0, 1.0, 1.0, 1.0, 1.0, 1.0, 1.0, 1.0, 1.0, 1.0, 1.0, 1.0, 1.0, 1.0, 1.0, 1.0, 1.0, 1.0, 1.0, 1.0, 1.0, 1.0, 1.0, 1.0, 1.0, 1.0, 1.0], set of nodes: {0, 1, 2, 3, 4, 5, 6, 7, 8, 9}, n: 10 nodes, p: 1 layers, N_bayes: 75 iterations
Solving for uuid: 484ec679
Initial state injected as warm start
Running ADAM optimization with a single iteration (no debug loop)
20.934218356310762
QAOA optimisation for n=373 took 151.96 seconds; started at stardate 1787758340.3782728 and finished at stardate 1787758492.3357313
Finished QAOA for n=10 nodes, m=35 edges at 2026-08-26 17:34:52 on x86_64. Time taken: 151.96 seconds. Hours: 0.04 hours. Peak RAM: 0.53 MB.
Unknown graph type for approximation ratio calculation; checking misc CSV.
Checking optimal_results_misc.csv for matching edges and weights...
Found matching exact result in misc CSV: 14.418333676661907
CSV writing for n=373 took 0.01 seconds; started at stardate 1787758492.335739 and finished at stardate 1787758492.3446655
results: {373: 20.934218356310762}
durations: {10: 151.95746397972107}
Results saved to: Results/logs/adam/qaoa_results_adam_20260826_101755_pid1511588_Exp5_subexp4_standardWithHeuristic_rerun2508_03.csv
Global end time: 1787758492.3446743
Finalisation time: 0.00 seconds; started at stardate 1787758492.3446686 and finished at stardate 1787758492.344678
Sum of all section times: 152.07 seconds
run_id: 8d2452e3
