Starting QAOA benchmark with global start time: 1787733088.4997702
Benchmark parameters: {'optimiser': 'adam', 'optimiser_use_heuristic': False, 'heuristic_optimiser_iterations': None, 'heuristic_optimiser_sampleSize': None, 'circuit_type': 'hamqaoa', 'parameter_vector': [1, 1, 1], 'iterations_list': [75], 'learning_rate_adam': 0.05, 'depth_list': [1, 2, 3, 4, 5], 'n_start': None, 'n_end': None, 'singlet_injection': False, 'start_index_singlet': None, 'warm_start': True, 'warm_start_mode': 'standard', 'lasserre_level': 2, 'initial_solver_level_M': 2, 'sdp_seed': 42, 'sdp_solver_mode': 'scs', 'sdp_scs_eps': 1e-06, 'sdp_scs_max_iters': 100000, 'warm_start_corr_strength': None, 'warm_start_corr_repeats': None, 'compare_with_010101': False, 'init_QAOAparams_close_to_zero': False, 'use_correlations_as_initial_params': False, 'time_limit': None, 'failed_instance_termination_thrsh': None, 'graph_generation_type': 'hog', 'weighted': False, 'easiest_first': False, 'cpu_util_threshold': None, 'debug': False, 'save_circuit_svg': False, 'rerun_exclude_finished_instances': False, 'warm_start_cache_producer_only': False, 'qaoa_only_from_existing_warm_start_cache': True, 'optimiser_debug_iterations': None, 'num_repeats': 1, 'relative_graph_adjList_path': 'HOG_graphs/Exp5/list_388_graphs_adjacency_list_hog_v04-12_regular.txt', 'persistent_warm_start_cache': True, 'warm_start_cache_dir': 'Results/warm_start_cache', 'warm_start_cache_max_file_mb': 512, 'warm_start_cache_max_total_gb': 60, 'sdp_max_parallel': 0, 'qaoa_max_parallel': 16, 'sdp_threads': 1, 'qaoa_threads': 1, 'sdp_memory_limit_total_gb': 0, 'sdp_memory_limit_single_gb': 0, 'sdp_memory_poll_seconds': 5, 'sdp_max_retries': 0, 'queue_poll_interval_seconds': 5, 'max_graph_vertices': 10, 'completed_result_csv_paths': [], 'qaoa_seed': 42, 'initialise_standard_warm_start_with_zero_angles': False, 'result_name_suffix': '_Exp5_subexp4_standardWithHeuristic_rerun2508_03'}, Running QAOA with equal superposition
Benchmark run ID: 532597e3
Benchmark repeat index: 1
SDP seed override: 42
QAOA seed used: 42
Processor: x86_64
Hostname: dacsvm-cpunode01
Total RAM (GB): None
Physical cores: 32
Logical cores: 32
Python version: 3.11.15
Initialisation time: 0.01 seconds; started at stardate {'initialisation': 0.005723237991333008} and finished at stardate1787733088.5054991
Loaded HOG graph index 127 with 20 edges.
Instance generation for n=127 took 0.12 seconds; started at stardate 1787733088.5055046 and finished at stardate 1787733088.623668
Running QAOA for n=8 nodes, m=20 edges...; Max iterations: 75
Warm-start cache: loading Results/warm_start_cache/list_388_graphs_adjacency_list_hog_v04-12_regular__filehash_5b7f8d46/hog_idx000127_00d1f48b666d_seed42_L2_M2_amplified.npz
Warm-start cache: loaded in 0.0037 seconds; effective compute time=1190.9232242107391
Edges: [(2, 3), (2, 6), (4, 6), (0, 5), (1, 4), (0, 2), (5, 7), (4, 5), (3, 7), (1, 3), (0, 1), (0, 4), (5, 6), (3, 6), (2, 7), (4, 7), (0, 3), (1, 2), (1, 5), (6, 7)], weights: [1.0, 1.0, 1.0, 1.0, 1.0, 1.0, 1.0, 1.0, 1.0, 1.0, 1.0, 1.0, 1.0, 1.0, 1.0, 1.0, 1.0, 1.0, 1.0, 1.0], set of nodes: {0, 1, 2, 3, 4, 5, 6, 7}, n: 8 nodes, p: 3 layers, N_bayes: 75 iterations
Solving for uuid: 7a65290c
Initial state injected as warm start
Running ADAM optimization with a single iteration (no debug loop)
14.165467203864246
QAOA optimisation for n=127 took 40.07 seconds; started at stardate 1787733088.6236727 and finished at stardate 1787733128.6978693
Finished QAOA for n=8 nodes, m=20 edges at 2026-08-26 10:32:08 on x86_64. Time taken: 40.07 seconds. Hours: 0.01 hours. Peak RAM: 0.28 MB.
Unknown graph type for approximation ratio calculation; checking misc CSV.
Checking optimal_results_misc.csv for matching edges and weights...
Found matching exact result in misc CSV: 9.999999999999979
CSV writing for n=127 took 0.05 seconds; started at stardate 1787733128.6978786 and finished at stardate 1787733128.7510352
results: {127: 14.165467203864246}
durations: {8: 40.07420301437378}
Results saved to: Results/logs/adam/qaoa_results_adam_20260826_101755_pid1511588_Exp5_subexp4_standardWithHeuristic_rerun2508_03.csv
Global end time: 1787733128.7510548
Finalisation time: 0.00 seconds; started at stardate 1787733128.7510428 and finished at stardate 1787733128.75106
Sum of all section times: 40.25 seconds
run_id: 532597e3
