Starting QAOA benchmark with global start time: 1787029001.7343392
Benchmark parameters: {'optimiser': 'adam', 'optimiser_use_heuristic': True, 'heuristic_optimiser_iterations': 1, 'heuristic_optimiser_sampleSize': 50, 'circuit_type': 'hamqaoa', 'parameter_vector': [1, 1, 1], 'iterations_list': [50], 'learning_rate_adam': 0.01, 'depth_list': [1, 2, 3, 5], 'n_start': None, 'n_end': None, 'singlet_injection': False, 'start_index_singlet': None, 'warm_start': True, 'warm_start_mode': 'standard', 'lasserre_level': 2, 'initial_solver_level_M': 2, 'sdp_seed': None, 'sdp_solver_mode': 'scs', 'sdp_scs_eps': 1e-06, 'sdp_scs_max_iters': 100000, 'warm_start_corr_strength': None, 'warm_start_corr_repeats': None, 'compare_with_010101': False, 'init_QAOAparams_close_to_zero': False, 'use_correlations_as_initial_params': False, 'time_limit': None, 'failed_instance_termination_thrsh': None, 'graph_generation_type': 'hog', 'weighted': False, 'easiest_first': True, 'cpu_util_threshold': None, 'debug': False, 'save_circuit_svg': False, 'rerun_exclude_finished_instances': True, 'warm_start_cache_producer_only': False, 'qaoa_only_from_existing_warm_start_cache': True, 'optimiser_debug_iterations': None, 'num_repeats': 1, 'relative_graph_adjList_path': 'HOG_graphs/Exp5/list_454_graphs_adjacency_listhog_v04-12_bipartite.txt', 'persistent_warm_start_cache': True, 'warm_start_cache_dir': 'Results/warm_start_cache', 'warm_start_cache_max_file_mb': 512, 'warm_start_cache_max_total_gb': 60, 'sdp_max_parallel': 0, 'qaoa_max_parallel': 16, 'sdp_threads': 1, 'qaoa_threads': 1, 'sdp_memory_limit_total_gb': 0, 'sdp_memory_limit_single_gb': 0, 'sdp_memory_poll_seconds': 5, 'sdp_max_retries': 0, 'queue_poll_interval_seconds': 5, 'max_graph_vertices': 11, 'completed_result_csv_paths': [], 'qaoa_seed': 1, 'initialise_standard_warm_start_with_zero_angles': False, 'result_name_suffix': '_Exp5_subexp4_standardWithHeuristic'}, Running QAOA with equal superposition
Benchmark run ID: e849286f
Benchmark repeat index: 1
SDP seed override: None
QAOA seed: 17400401
Processor: x86_64
Hostname: dacsgpu0002
Total RAM (GB): None
Physical cores: 64
Logical cores: 64
Python version: 3.11.15
Initialisation time: 0.05 seconds; started at stardate {'initialisation': 0.053125858306884766} and finished at stardate1787029001.787478
Loaded HOG graph index 174 with 16 edges.
Instance generation for n=174 took 0.04 seconds; started at stardate 1787029001.7874858 and finished at stardate 1787029001.830276
Running QAOA for n=10 nodes, m=16 edges...; Max iterations: 50
Warm-start cache: loading Results/warm_start_cache/list_454_graphs_adjacency_listhog_v04-12_bipartite__filehash_0815e7e8/hog_idx000174_deb5b7ffadfd_noseed_L2_M2_amplified.npz
Warm-start cache: loaded in 0.0310 seconds; effective compute time=7418.223348140717
Edges: [(3, 9), (3, 8), (6, 9), (1, 9), (7, 9), (2, 9), (6, 8), (1, 8), (4, 9), (7, 8), (2, 8), (5, 9), (0, 9), (4, 8), (5, 8), (0, 8)], weights: [1.0, 1.0, 1.0, 1.0, 1.0, 1.0, 1.0, 1.0, 1.0, 1.0, 1.0, 1.0, 1.0, 1.0, 1.0, 1.0], set of nodes: {0, 1, 2, 3, 4, 5, 6, 7, 8, 9}, n: 10 nodes, p: 5 layers, N_bayes: 50 iterations
Solving for uuid: a51d0d12
Initial state injected as warm start
Running ADAM optimization with a single iteration (no debug loop)
11.846776921359062
QAOA optimisation for n=174 took 483.55 seconds; started at stardate 1787029001.830282 and finished at stardate 1787029485.3778982
Finished QAOA for n=10 nodes, m=16 edges at 2026-08-18 07:04:45 on x86_64. Time taken: 483.55 seconds. Hours: 0.13 hours. Peak RAM: 1.48 MB.
Unknown graph type for approximation ratio calculation; checking misc CSV.
Checking optimal_results_misc.csv for matching edges and weights...
Found matching exact result in misc CSV: 8.999999999999982
CSV writing for n=174 took 0.01 seconds; started at stardate 1787029485.3779151 and finished at stardate 1787029485.391337
results: {174: 11.846776921359062}
durations: {10: 483.54762625694275}
Results saved to: Results/logs/adam/qaoa_results_adam_20260818_030807_pid3759169_Exp5_subexp4_standardWithHeuristic.csv
Global end time: 1787029485.3913522
Finalisation time: 0.00 seconds; started at stardate 1787029485.3913429 and finished at stardate 1787029485.3913574
Sum of all section times: 483.66 seconds
run_id: e849286f
