Starting QAOA benchmark with global start time: 1786635534.96106
Benchmark parameters: {'optimiser': 'adam', 'optimiser_use_heuristic': False, 'heuristic_optimiser_iterations': None, 'heuristic_optimiser_sampleSize': None, 'circuit_type': 'hamqaoa', 'parameter_vector': [1, 1, 1], 'iterations_list': [50], 'learning_rate_adam': 0.05, 'depth_list': [1, 2, 3, 5], 'n_start': None, 'n_end': None, 'singlet_injection': False, 'start_index_singlet': None, 'warm_start': True, 'warm_start_mode': 'standard', 'lasserre_level': 2, 'initial_solver_level_M': 2, 'sdp_seed': None, 'sdp_solver_mode': 'scs', 'sdp_scs_eps': 1e-06, 'sdp_scs_max_iters': 100000, 'warm_start_corr_strength': None, 'warm_start_corr_repeats': None, 'compare_with_010101': False, 'init_QAOAparams_close_to_zero': False, 'use_correlations_as_initial_params': False, 'time_limit': None, 'failed_instance_termination_thrsh': None, 'graph_generation_type': 'hog', 'weighted': False, 'easiest_first': True, 'cpu_util_threshold': None, 'debug': False, 'save_circuit_svg': False, 'rerun_exclude_finished_instances': True, 'warm_start_cache_producer_only': False, 'qaoa_only_from_existing_warm_start_cache': True, 'optimiser_debug_iterations': None, 'num_repeats': 1, 'relative_graph_adjList_path': 'HOG_graphs/Exp5/list_454_graphs_adjacency_listhog_v04-12_bipartite.txt', 'persistent_warm_start_cache': True, 'warm_start_cache_dir': 'Results/warm_start_cache', 'warm_start_cache_max_file_mb': 512, 'warm_start_cache_max_total_gb': 60, 'sdp_max_parallel': 0, 'qaoa_max_parallel': 16, 'sdp_threads': 1, 'qaoa_threads': 1, 'sdp_memory_limit_total_gb': 0, 'sdp_memory_limit_single_gb': 0, 'sdp_memory_poll_seconds': 5, 'sdp_max_retries': 0, 'queue_poll_interval_seconds': 5, 'max_graph_vertices': 11, 'completed_result_csv_paths': [], 'qaoa_seed': 1, 'initialise_standard_warm_start_with_zero_angles': False, 'result_name_suffix': '_Exp5_subexp4_standardWithHeuristic'}, Running QAOA with equal superposition
Benchmark run ID: 39c67a73
Benchmark repeat index: 1
SDP seed override: None
QAOA seed: 22800201
Processor: x86_64
Hostname: dacsgpu0002
Total RAM (GB): None
Physical cores: 64
Logical cores: 64
Python version: 3.11.15
Initialisation time: 0.02 seconds; started at stardate {'initialisation': 0.016611814498901367} and finished at stardate1786635534.9776857
Loaded HOG graph index 228 with 18 edges.
Instance generation for n=228 took 0.01 seconds; started at stardate 1786635534.9776945 and finished at stardate 1786635534.9887767
Running QAOA for n=10 nodes, m=18 edges...; Max iterations: 50
Warm-start cache: loading Results/warm_start_cache/list_454_graphs_adjacency_listhog_v04-12_bipartite__filehash_0815e7e8/hog_idx000228_dfbdaf631aa9_noseed_L2_M2_standard.npz
Warm-start cache: loaded in 0.0033 seconds; effective compute time=7015.5630984306335
Edges: [(8, 9), (2, 3), (3, 8), (2, 6), (5, 7), (2, 9), (4, 6), (1, 8), (0, 6), (4, 9), (4, 5), (0, 9), (3, 7), (0, 5), (1, 4), (5, 8), (6, 7), (1, 7)], weights: [1.0, 1.0, 1.0, 1.0, 1.0, 1.0, 1.0, 1.0, 1.0, 1.0, 1.0, 1.0, 1.0, 1.0, 1.0, 1.0, 1.0, 1.0], set of nodes: {0, 1, 2, 3, 4, 5, 6, 7, 8, 9}, n: 10 nodes, p: 3 layers, N_bayes: 50 iterations
Solving for uuid: 11cfcc16
Initial state injected as warm start
Running ADAM optimization with a single iteration (no debug loop)
13.225171028538346
QAOA optimisation for n=228 took 188.09 seconds; started at stardate 1786635534.988783 and finished at stardate 1786635723.082298
Finished QAOA for n=10 nodes, m=18 edges at 2026-08-13 17:42:03 on x86_64. Time taken: 188.09 seconds. Hours: 0.05 hours. Peak RAM: 1.0 MB.
Unknown graph type for approximation ratio calculation; checking misc CSV.
Checking optimal_results_misc.csv for matching edges and weights...
Found matching exact result in misc CSV: 11.204766698320377
CSV writing for n=228 took 0.01 seconds; started at stardate 1786635723.0823066 and finished at stardate 1786635723.095258
results: {228: 13.225171028538346}
durations: {10: 188.09352159500122}
Results saved to: Results/logs/adam/qaoa_results_adam_20260813_145243_pid2033413_Exp5_subexp4_standardWithHeuristic.csv
Global end time: 1786635723.0952735
Finalisation time: 0.00 seconds; started at stardate 1786635723.0952635 and finished at stardate 1786635723.0952787
Sum of all section times: 188.13 seconds
run_id: 39c67a73
