Starting QAOA benchmark with global start time: 1787326445.1292531
Benchmark parameters: {'optimiser': 'adam', 'optimiser_use_heuristic': False, 'heuristic_optimiser_iterations': None, 'heuristic_optimiser_sampleSize': None, 'circuit_type': 'hamqaoa', 'parameter_vector': [1, 1, 1], 'iterations_list': [50], 'learning_rate_adam': 0.001, 'depth_list': [1, 2, 3, 4, 5], 'n_start': None, 'n_end': None, 'singlet_injection': False, 'start_index_singlet': None, 'warm_start': True, 'warm_start_mode': 'amplified', 'lasserre_level': 1, 'initial_solver_level_M': 1, 'sdp_seed': None, 'sdp_solver_mode': 'scs', 'sdp_scs_eps': 1e-06, 'sdp_scs_max_iters': 100000, 'warm_start_corr_strength': None, 'warm_start_corr_repeats': None, 'compare_with_010101': False, 'init_QAOAparams_close_to_zero': False, 'use_correlations_as_initial_params': False, 'time_limit': None, 'failed_instance_termination_thrsh': None, 'graph_generation_type': 'hog', 'weighted': False, 'easiest_first': False, 'cpu_util_threshold': None, 'debug': False, 'save_circuit_svg': False, 'rerun_exclude_finished_instances': True, 'warm_start_cache_producer_only': False, 'qaoa_only_from_existing_warm_start_cache': True, 'optimiser_debug_iterations': None, 'num_repeats': 1, 'relative_graph_adjList_path': 'HOG_graphs/Exp5/list_388_graphs_adjacency_list_hog_v04-12_regular.txt', 'persistent_warm_start_cache': True, 'warm_start_cache_dir': 'Results/warm_start_cache', 'warm_start_cache_max_file_mb': 512, 'warm_start_cache_max_total_gb': 60, 'sdp_max_parallel': 0, 'qaoa_max_parallel': 16, 'sdp_threads': 1, 'qaoa_threads': 1, 'sdp_memory_limit_total_gb': 0, 'sdp_memory_limit_single_gb': 0, 'sdp_memory_poll_seconds': 5, 'sdp_max_retries': 0, 'queue_poll_interval_seconds': 5, 'max_graph_vertices': 11, 'completed_result_csv_paths': [], 'qaoa_seed': 1, 'initialise_standard_warm_start_with_zero_angles': False, 'result_name_suffix': '_Exp7_AmplifiedWithHeuristic'}, Running QAOA with equal superposition
Benchmark run ID: 099561c0
Benchmark repeat index: 1
SDP seed override: None
QAOA seed: 19000001
Processor: x86_64
Hostname: dacsgpu0002
Total RAM (GB): None
Physical cores: 64
Logical cores: 64
Python version: 3.11.15
Initialisation time: 0.00 seconds; started at stardate {'initialisation': 0.0030837059020996094} and finished at stardate1787326445.1323428
Loaded HOG graph index 190 with 11 edges.
Instance generation for n=190 took 0.11 seconds; started at stardate 1787326445.132348 and finished at stardate 1787326445.237746
Running QAOA for n=11 nodes, m=11 edges...; Max iterations: 50
Warm-start cache: loading Results/warm_start_cache/list_388_graphs_adjacency_list_hog_v04-12_regular__filehash_5b7f8d46/hog_idx000190_ec8cf8c7c32d_noseed_L1_M1_amplified.npz
Warm-start cache: loaded in 0.0015 seconds; effective compute time=0.3371562957763672
Edges: [(8, 9), (0, 1), (5, 7), (3, 5), (2, 9), (4, 6), (6, 8), (3, 4), (0, 2), (1, 10), (7, 10)], weights: [1.0, 1.0, 1.0, 1.0, 1.0, 1.0, 1.0, 1.0, 1.0, 1.0, 1.0], set of nodes: {0, 1, 2, 3, 4, 5, 6, 7, 8, 9, 10}, n: 11 nodes, p: 1 layers, N_bayes: 50 iterations
Solving for uuid: bb276e59
Initial state injected as warm start
Warm start correlations applied in the form of weak entanglement
Running ADAM optimization with a single iteration (no debug loop)
4.1019105733289765
QAOA optimisation for n=190 took 923.63 seconds; started at stardate 1787326445.237752 and finished at stardate 1787327368.8681684
Finished QAOA for n=11 nodes, m=11 edges at 2026-08-21 17:49:28 on x86_64. Time taken: 923.63 seconds. Hours: 0.26 hours. Peak RAM: 1.11 MB.
Computing cycle approximation ratio
CSV writing for n=190 took 0.06 seconds; started at stardate 1787327368.868178 and finished at stardate 1787327368.9274502
results: {190: 4.1019105733289765}
durations: {11: 923.6304233074188}
Results saved to: Results/logs/adam/qaoa_results_adam_20260821_100308_pid3294293_Exp7_AmplifiedWithHeuristic.csv
Global end time: 1787327368.9274733
Finalisation time: 0.00 seconds; started at stardate 1787327368.9274592 and finished at stardate 1787327368.9274783
Sum of all section times: 923.80 seconds
run_id: 099561c0
