Starting QAOA benchmark with global start time: 1787389708.6940823
Benchmark parameters: {'optimiser': 'adam', 'optimiser_use_heuristic': True, 'heuristic_optimiser_iterations': 1, 'heuristic_optimiser_sampleSize': 10, 'circuit_type': 'hamqaoa', 'parameter_vector': [1, 1, 1], 'iterations_list': [50], 'learning_rate_adam': 0.001, 'depth_list': [1, 2, 3, 4, 5], 'n_start': None, 'n_end': None, 'singlet_injection': False, 'start_index_singlet': None, 'warm_start': True, 'warm_start_mode': 'amplified', 'lasserre_level': 1, 'initial_solver_level_M': 1, 'sdp_seed': None, 'sdp_solver_mode': 'scs', 'sdp_scs_eps': 1e-06, 'sdp_scs_max_iters': 100000, 'warm_start_corr_strength': None, 'warm_start_corr_repeats': None, 'compare_with_010101': False, 'init_QAOAparams_close_to_zero': False, 'use_correlations_as_initial_params': False, 'time_limit': None, 'failed_instance_termination_thrsh': None, 'graph_generation_type': 'hog', 'weighted': False, 'easiest_first': False, 'cpu_util_threshold': None, 'debug': False, 'save_circuit_svg': False, 'rerun_exclude_finished_instances': True, 'warm_start_cache_producer_only': False, 'qaoa_only_from_existing_warm_start_cache': True, 'optimiser_debug_iterations': None, 'num_repeats': 1, 'relative_graph_adjList_path': 'HOG_graphs/Exp5/list_388_graphs_adjacency_list_hog_v04-12_regular.txt', 'persistent_warm_start_cache': True, 'warm_start_cache_dir': 'Results/warm_start_cache', 'warm_start_cache_max_file_mb': 512, 'warm_start_cache_max_total_gb': 60, 'sdp_max_parallel': 0, 'qaoa_max_parallel': 16, 'sdp_threads': 1, 'qaoa_threads': 1, 'sdp_memory_limit_total_gb': 0, 'sdp_memory_limit_single_gb': 0, 'sdp_memory_poll_seconds': 5, 'sdp_max_retries': 0, 'queue_poll_interval_seconds': 5, 'max_graph_vertices': 11, 'completed_result_csv_paths': [], 'qaoa_seed': 1, 'initialise_standard_warm_start_with_zero_angles': False, 'result_name_suffix': '_Exp7_AmplifiedWithHeuristic'}, Running QAOA with equal superposition
Benchmark run ID: 4f99d99b
Benchmark repeat index: 1
SDP seed override: None
QAOA seed: 18700001
Processor: x86_64
Hostname: dacsgpu0002
Total RAM (GB): None
Physical cores: 64
Logical cores: 64
Python version: 3.11.15
Initialisation time: 0.01 seconds; started at stardate {'initialisation': 0.0052165985107421875} and finished at stardate1787389708.6993043
Loaded HOG graph index 187 with 22 edges.
Instance generation for n=187 took 0.11 seconds; started at stardate 1787389708.6993096 and finished at stardate 1787389708.8055158
Running QAOA for n=11 nodes, m=22 edges...; Max iterations: 50
Warm-start cache: loading Results/warm_start_cache/list_388_graphs_adjacency_list_hog_v04-12_regular__filehash_5b7f8d46/hog_idx000187_420ba9f9d4b6_noseed_L1_M1_amplified.npz
Warm-start cache: loaded in 0.0017 seconds; effective compute time=0.17664217948913574
Edges: [(3, 8), (2, 6), (4, 9), (7, 8), (0, 2), (1, 7), (5, 10), (6, 9), (2, 8), (3, 10), (0, 1), (0, 4), (1, 9), (5, 6), (2, 10), (3, 9), (4, 10), (4, 7), (0, 3), (1, 5), (5, 8), (6, 7)], weights: [1.0, 1.0, 1.0, 1.0, 1.0, 1.0, 1.0, 1.0, 1.0, 1.0, 1.0, 1.0, 1.0, 1.0, 1.0, 1.0, 1.0, 1.0, 1.0, 1.0, 1.0, 1.0], set of nodes: {0, 1, 2, 3, 4, 5, 6, 7, 8, 9, 10}, n: 11 nodes, p: 1 layers, N_bayes: 50 iterations
Solving for uuid: 3f015cc5
Initial state injected as warm start
Warm start correlations applied in the form of weak entanglement
Running ADAM optimization with a single iteration (no debug loop)
Warm-start fallback: optimiser result was below the SDP warm-start energy; using the warm-start energy instead.
5.7403462841856525
QAOA optimisation for n=187 took 1319.92 seconds; started at stardate 1787389708.8055236 and finished at stardate 1787391028.7238886
Finished QAOA for n=11 nodes, m=22 edges at 2026-08-22 11:30:28 on x86_64. Time taken: 1319.92 seconds. Hours: 0.37 hours. Peak RAM: 1.11 MB.
Unknown graph type for approximation ratio calculation; checking misc CSV.
Checking optimal_results_misc.csv for matching edges and weights...
Found matching exact result in misc CSV: 12.235780860838767
CSV writing for n=187 took 0.05 seconds; started at stardate 1787391028.7238986 and finished at stardate 1787391028.7769496
results: {187: 5.7403462841856525}
durations: {11: 1319.9183719158173}
Results saved to: Results/logs/adam/qaoa_results_adam_20260822_093843_pid2715328_Exp7_AmplifiedWithHeuristic.csv
Global end time: 1787391028.7769651
Finalisation time: 0.00 seconds; started at stardate 1787391028.7769563 and finished at stardate 1787391028.7769694
Sum of all section times: 1320.08 seconds
run_id: 4f99d99b
