Starting QAOA benchmark with global start time: 1787486607.6143653
Benchmark parameters: {'optimiser': 'adam', 'optimiser_use_heuristic': True, 'heuristic_optimiser_iterations': 1, 'heuristic_optimiser_sampleSize': 50, 'circuit_type': 'hamqaoa', 'parameter_vector': [1, 1, 1], 'iterations_list': [50], 'learning_rate_adam': 0.05, 'depth_list': [1, 2, 3, 4, 5], 'n_start': None, 'n_end': None, 'singlet_injection': False, 'start_index_singlet': None, 'warm_start': True, 'warm_start_mode': 'amplified', 'lasserre_level': 1, 'initial_solver_level_M': 1, 'sdp_seed': None, 'sdp_solver_mode': 'scs', 'sdp_scs_eps': 1e-06, 'sdp_scs_max_iters': 100000, 'warm_start_corr_strength': None, 'warm_start_corr_repeats': None, 'compare_with_010101': False, 'init_QAOAparams_close_to_zero': False, 'use_correlations_as_initial_params': False, 'time_limit': None, 'failed_instance_termination_thrsh': None, 'graph_generation_type': 'hog', 'weighted': False, 'easiest_first': False, 'cpu_util_threshold': None, 'debug': False, 'save_circuit_svg': False, 'rerun_exclude_finished_instances': True, 'warm_start_cache_producer_only': False, 'qaoa_only_from_existing_warm_start_cache': True, 'optimiser_debug_iterations': None, 'num_repeats': 1, 'relative_graph_adjList_path': 'HOG_graphs/Exp5/path_graphs_2to12vertices_11instances_AdjacencyList.txt', 'persistent_warm_start_cache': True, 'warm_start_cache_dir': 'Results/warm_start_cache', 'warm_start_cache_max_file_mb': 512, 'warm_start_cache_max_total_gb': 60, 'sdp_max_parallel': 0, 'qaoa_max_parallel': 16, 'sdp_threads': 1, 'qaoa_threads': 1, 'sdp_memory_limit_total_gb': 0, 'sdp_memory_limit_single_gb': 0, 'sdp_memory_poll_seconds': 5, 'sdp_max_retries': 0, 'queue_poll_interval_seconds': 5, 'max_graph_vertices': 11, 'completed_result_csv_paths': [], 'qaoa_seed': 1, 'initialise_standard_warm_start_with_zero_angles': False, 'result_name_suffix': '_Exp7_AmplifiedWithHeuristic'}, Running QAOA with equal superposition
Benchmark run ID: 9a254e9c
Benchmark repeat index: 1
SDP seed override: None
QAOA seed: 500201
Processor: x86_64
Hostname: dacsgpu0002
Total RAM (GB): None
Physical cores: 64
Logical cores: 64
Python version: 3.11.15
Initialisation time: 0.01 seconds; started at stardate {'initialisation': 0.011870384216308594} and finished at stardate1787486607.6262493
Loaded HOG graph index 5 with 6 edges.
Instance generation for n=5 took 0.00 seconds; started at stardate 1787486607.6262572 and finished at stardate 1787486607.6268682
Running QAOA for n=7 nodes, m=6 edges...; Max iterations: 50
Warm-start cache: loading Results/warm_start_cache/path_graphs_2to12vertices_11instances_AdjacencyList__filehash_01292d61/hog_idx000005_800a0f5af338_noseed_L1_M1_amplified.npz
Warm-start cache: loaded in 0.0043 seconds; effective compute time=0.2184734344482422
Edges: [(0, 1), (2, 3), (1, 2), (5, 6), (3, 4), (4, 5)], weights: [1.0, 1.0, 1.0, 1.0, 1.0, 1.0], set of nodes: {0, 1, 2, 3, 4, 5, 6}, n: 7 nodes, p: 3 layers, N_bayes: 50 iterations
Solving for uuid: c9f46bd3
Initial state injected as warm start
Warm start correlations applied in the form of weak entanglement
Running ADAM optimization with a single iteration (no debug loop)
3.9722456446845276
QAOA optimisation for n=5 took 25.86 seconds; started at stardate 1787486607.6268725 and finished at stardate 1787486633.4861524
Finished QAOA for n=7 nodes, m=6 edges at 2026-08-23 14:03:53 on x86_64. Time taken: 25.86 seconds. Hours: 0.01 hours. Peak RAM: 0.26 MB.
Computing line approximation ratio
CSV writing for n=5 took 0.03 seconds; started at stardate 1787486633.4861622 and finished at stardate 1787486633.516087
results: {5: 3.9722456446845276}
durations: {7: 25.859285831451416}
Results saved to: Results/logs/adam/qaoa_results_adam_20260823_140239_pid1500930_Exp7_AmplifiedWithHeuristic.csv
Global end time: 1787486633.5161068
Finalisation time: 0.00 seconds; started at stardate 1787486633.5160944 and finished at stardate 1787486633.5161119
Sum of all section times: 25.90 seconds
run_id: 9a254e9c
